I/PackageManager( 1673): Adding preferred activity ComponentInfo{com.android.htcdialer/com.android.htcdialer.Dialer}:
I/PackageManager( 1673): Adding preferred activity ComponentInfo{com.android.htcdialer/com.android.htcdialer.Dialer}:
I/PackageManager( 1673): Adding preferred activity ComponentInfo{com.android.htcdialer/com.android.htcdialer.Dialer}:
I/PackageManager( 1673): Adding preferred activity ComponentInfo{com.android.htcdialer/com.android.htcdialer.Dialer}:
I/PackageManager( 1673): Adding preferred activity ComponentInfo{com.android.htcdialer/com.android.htcdialer.Dialer}:
D/StatusBarPolicy( 1816): hasService()=true ,mDataState=2 ,mPhone.htcModemLinkOn()=false ,mDataActivity=0
D/StatusBarPolicy( 1816): slotType[0]=RUIM
I/PackageManager( 1673): Adding preferred activity ComponentInfo{com.htc.android.mail/com.htc.android.mail.ComposeActivity}:
I/PackageManager( 1673): Adding preferred activity ComponentInfo{com.htc.android.mail/com.htc.android.mail.ComposeActivity}:
I/PackageManager( 1673): Adding preferred activity ComponentInfo{com.android.browser/com.android.browser.BrowserActivity}:
I/PackageManager( 1673): Adding preferred activity ComponentInfo{com.htc.streamplayer/com.htc.streamplayer.VideoPlayerActivity}:
I/PackageManager( 1673): Adding preferred activity ComponentInfo{com.htc.streamplayer/com.htc.streamplayer.VideoPlayerActivity}:
I/PackageManager( 1673): Adding preferred activity ComponentInfo{com.htc.streamplayer/com.htc.streamplayer.VideoPlayerActivity}:
I/PackageManager( 1673): Adding preferred activity ComponentInfo{com.htc.streamplayer/com.htc.streamplayer.VideoPlayerActivity}:
I/PackageManager( 1673): Adding preferred activity ComponentInfo{com.htc.streamplayer/com.htc.streamplayer.VideoPlayerActivity}:
I/PackageManager( 1673): Adding preferred activity ComponentInfo{com.htc.streamplayer/com.htc.streamplayer.VideoPlayerActivity}:
I/PackageManager( 1673): Adding preferred activity ComponentInfo{com.htc.streamplayer/com.htc.streamplayer.VideoPlayerActivity}:
I/PackageManager( 1673): Adding preferred activity ComponentInfo{com.htc.streamplayer/com.htc.streamplayer.VideoPlayerActivity}:
I/PackageManager( 1673): Adding preferred activity ComponentInfo{com.htc.streamplayer/com.htc.streamplayer.VideoPlayerActivity}:
I/PackageManager( 1673): Adding preferred activity ComponentInfo{com.htc.streamplayer/com.htc.streamplayer.VideoPlayerActivity}:
I/PackageManager( 1673): Adding preferred activity ComponentInfo{com.htc.streamplayer/com.htc.streamplayer.VideoPlayerActivity}:
I/PackageManager( 1673): Adding preferred activity ComponentInfo{com.htc.streamplayer/com.htc.streamplayer.VideoPlayerActivity}:
I/PackageManager( 1673): Adding preferred activity ComponentInfo{com.htc.streamplayer/com.htc.streamplayer.VideoPlayerActivity}:
I/PackageManager( 1673): Adding preferred activity ComponentInfo{com.htc.streamplayer/com.htc.streamplayer.VideoPlayerActivity}:
I/PackageManager( 1673): Adding preferred activity ComponentInfo{com.htc.streamplayer/com.htc.streamplayer.VideoPlayerActivity}:
I/PackageManager( 1673): Adding preferred activity ComponentInfo{com.htc.streamplayer/com.htc.streamplayer.VideoPlayerActivity}:
I/PackageManager( 1673): Adding preferred activity ComponentInfo{com.htc.streamplayer/com.htc.streamplayer.VideoPlayerActivity}:
I/ActivityManager( 1673): No longer want com.android.voicedialer (pid 2177): hidden #16
I/PackageManager( 1673): Adding preferred activity ComponentInfo{com.htc.streamplayer/com.htc.streamplayer.VideoPlayerActivity}:
I/PackageManager( 1673): Adding preferred activity ComponentInfo{com.google.android.apps.maps/com.google.android.maps.MapsActivity}:
I/PackageManager( 1673): Adding preferred activity ComponentInfo{com.google.android.apps.maps/com.google.android.maps.MapsActivity}:
I/PackageManager( 1673): Adding preferred activity ComponentInfo{com.google.android.apps.maps/com.google.android.maps.MapsActivity}:
I/PackageManager( 1673): Adding preferred activity ComponentInfo{com.google.android.apps.maps/com.google.android.maps.MapsActivity}:
I/ActivityManager( 1673): No longer want com.google.android.gm (pid 4025): hidden #16
I/WindowManager( 1673): WIN DEATH: Window{40d2e418 com.google.android.gm/com.google.android.gm.ConversationListActivity paused=false}
I/WindowManager( 1673): WIN DEATH: Window{4053eab0 com.google.android.gm/com.google.android.gm.HtmlConversationActivity paused=false}
I/WindowManager( 1673): WIN DEATH: Window{40acfcd8 com.google.android.gm/com.google.android.gm.ConversationListActivity paused=false}
I/PackageManager( 1673): Adding preferred activity ComponentInfo{com.google.android.apps.maps/com.google.android.maps.MapsActivity}:
I/PackageManager( 1673): Adding preferred activity ComponentInfo{com.google.android.apps.maps/com.google.android.maps.MapsActivity}:
I/PackageManager( 1673): Adding preferred activity ComponentInfo{com.google.android.apps.maps/com.google.android.maps.MapsActivity}:
I/PackageManager( 1673): Adding preferred activity ComponentInfo{com.google.android.apps.maps/com.google.android.maps.MapsActivity}:
I/PackageManager( 1673): Adding preferred activity ComponentInfo{com.android.htcdialer/com.android.htcdialer.Dialer}:
I/PackageManager( 1673): Adding preferred activity ComponentInfo{com.android.htcdialer/com.android.htcdialer.Dialer}:
I/PackageManager( 1673): Adding preferred activity ComponentInfo{com.android.htcdialer/com.android.htcdialer.Dialer}:
I/PackageManager( 1673): Adding preferred activity ComponentInfo{com.android.htcdialer/com.android.htcdialer.Dialer}:
I/PackageManager( 1673): Adding preferred activity ComponentInfo{com.android.htcdialer/com.android.htcdialer.Dialer}:
I/PackageManager( 1673): Adding preferred activity ComponentInfo{com.android.htcdialer/com.android.htcdialer.Dialer}:
I/PackageManager( 1673): Adding preferred activity ComponentInfo{com.htc.android.mail/com.htc.android.mail.ComposeActivity}:
I/PackageManager( 1673): Adding preferred activity ComponentInfo{com.htc.android.mail/com.htc.android.mail.ComposeActivity}:
I/PackageManager( 1673): Adding preferred activity ComponentInfo{com.android.browser/com.android.browser.BrowserActivity}:
D/StatusBarPolicy( 1816): hasService()=true ,mDataState=2 ,mPhone.htcModemLinkOn()=false ,mDataActivity=3
D/StatusBarPolicy( 1816): slotType[0]=RUIM
D/StatusBarPolicy( 1816): hasService()=true ,mDataState=2 ,mPhone.htcModemLinkOn()=false ,mDataActivity=0
D/StatusBarPolicy( 1816): slotType[0]=RUIM
D/StatusBarPolicy( 1816): hasService()=true ,mDataState=2 ,mPhone.htcModemLinkOn()=false ,mDataActivity=3
D/StatusBarPolicy( 1816): slotType[0]=RUIM
D/StatusBarPolicy( 1816): hasService()=true ,mDataState=2 ,mPhone.htcModemLinkOn()=false ,mDataActivity=0
D/StatusBarPolicy( 1816): slotType[0]=RUIM
D/StatusBarPolicy( 1816): hasService()=true ,mDataState=2 ,mPhone.htcModemLinkOn()=false ,mDataActivity=3
D/StatusBarPolicy( 1816): slotType[0]=RUIM
D/StatusBarPolicy( 1816): hasService()=true ,mDataState=2 ,mPhone.htcModemLinkOn()=false ,mDataActivity=1
D/StatusBarPolicy( 1816): slotType[0]=RUIM
D/StatusBarPolicy( 1816): hasService()=true ,mDataState=2 ,mPhone.htcModemLinkOn()=false ,mDataActivity=3
D/StatusBarPolicy( 1816): slotType[0]=RUIM
D/StatusBarPolicy( 1816): hasService()=true ,mDataState=2 ,mPhone.htcModemLinkOn()=false ,mDataActivity=1
D/StatusBarPolicy( 1816): slotType[0]=RUIM
V/DeviceStorageMonitorService( 1673): freeMemory=2098774016
D/DeviceStorageMonitorService( 1673): OoO SMS Memory available. SMS_AVAILABLE_THRESHOLD == 524288
I/DeviceStorageMonitorService( 1673): Posting Message again
V/DeviceStorageMonitorService( 1673): freeMemory=2098774016
D/DeviceStorageMonitorService( 1673): OoO SMS Memory available. SMS_AVAILABLE_THRESHOLD == 524288
I/DeviceStorageMonitorService( 1673): Posting Message again
D/Socket_Alarm( 6932): registerHTCSocketMonitorCallBack
D/Socket_Alarm( 6932): set mSocketMonitor
D/Socket_Alarm( 6932): HTCSocketMonitorImpl::HTCSocketMonitorImpl
--------- beginning of /dev/log/main
D/UDP-TIMING( 7443): 9328 0 -0.136176000
D/UDP-TIMING( 7443): 9329 0 -0.146303000
D/UDP-TIMING( 7443): 9330 0 -0.156462000
D/UDP-TIMING( 7443): 9331 0 -0.136962000
D/UDP-TIMING( 7443): 9332 0 -0.147103000
D/UDP-TIMING( 7443): 9333 0 -0.126958000
D/UDP-TIMING( 7443): 9334 0 -0.137117000
D/UDP-TIMING( 7443): 9335 0 -0.147274000
D/UDP-TIMING( 7443): 9336 0 -0.157362000
D/UDP-TIMING( 7443): 9337 0 -0.137822000
D/UDP-TIMING( 7443): 9338 0 -0.147980000
D/UDP-TIMING( 7443): 9339 0 -0.158109000
D/UDP-TIMING( 7443): 9340 0 -0.137848000
D/UDP-TIMING( 7443): 9341 0 -0.148020000
D/UDP-TIMING( 7443): 9342 0 -0.158178000
E/TrafficStats( 6963): [QCTMM]tryAll index=1
E/TrafficStats( 6963): [QCTMM]tryAll index=2
E/TrafficStats( 6963): [QCTMM]tryAll index=1
E/TrafficStats( 6963): [QCTMM]tryAll index=2
D/UDP-TIMING( 7443): 9343 0 -0.138707000
D/UDP-TIMING( 7443): 9344 0 -0.148866000
D/UDP-TIMING( 7443): 9345 0 -0.158990000
E/TrafficStats( 6963): [QCTMM]tryAll index=1
E/TrafficStats( 6963): [QCTMM]tryAll index=2
E/TrafficStats( 6963): [QCTMM]tryAll index=1
E/TrafficStats( 6963): [QCTMM]tryAll index=2
D/UDP-TIMING( 7443): 9346 0 -0.139623000
D/UDP-TIMING( 7443): 9347 0 -0.149790000
D/UDP-TIMING( 7443): 9348 0 -0.159949000
D/UDP-TIMING( 7443): 9349 0 -0.140246000
D/UDP-TIMING( 7443): 9350 0 -0.150361000
D/UDP-TIMING( 7443): 9351 0 -0.160493000
D/UDP-TIMING( 7443): 9352 0 -0.140604000
D/UDP-TIMING( 7443): 9353 0 -0.150764000
D/UDP-TIMING( 7443): 9354 0 -0.160887000
D/UDP-TIMING( 7443): 9355 0 -0.140933000
D/UDP-TIMING( 7443): 9356 0 -0.151102000
D/UDP-TIMING( 7443): 9357 0 -0.131138000
D/UDP-TIMING( 7443): 9358 0 -0.141246000
D/UDP-TIMING( 7443): 9359 0 -0.151405000
D/UDP-TIMING( 7443): 9360 0 -0.161543000
D/UDP-TIMING( 7443): 9361 0 -0.141290000
D/UDP-TIMING( 7443): 9362 0 -0.151425000
D/UDP-TIMING( 7443): 9363 0 -0.161587000
D/UDP-TIMING( 7443): 9364 0 -0.141963000
D/UDP-TIMING( 7443): 9365 0 -0.152150000
D/UDP-TIMING( 7443): 9366 0 -0.162287000
D/UDP-TIMING( 7443): 9367 0 -0.142060000
D/UDP-TIMING( 7443): 9368 0 -0.152189000
D/UDP-TIMING( 7443): 9369 0 -0.162329000
D/UDP-TIMING( 7443): 9370 0 -0.142913000
D/UDP-TIMING( 7443): 9371 0 -0.153035000
D/UDP-TIMING( 7443): 9372 0 -0.132723000
D/UDP-TIMING( 7443): 9373 0 -0.142866000
D/UDP-TIMING( 7443): 9374 0 -0.152961000
D/UDP-TIMING( 7443): 9375 0 -0.133485000
D/UDP-TIMING( 7443): 9376 0 -0.143603000
D/UDP-TIMING( 7443): 9377 0 -0.153726000
D/UDP-TIMING( 7443): 9378 0 -0.133477000
D/UDP-TIMING( 7443): 9379 0 -0.143590000
D/UDP-TIMING( 7443): 9380 0 -0.153703000
D/UDP-TIMING( 7443): 9381 0 -0.134197000
D/UDP-TIMING( 7443): 9382 0 -0.144350000
D/UDP-TIMING( 7443): 9383 0 -0.154470000
D/UDP-TIMING( 7443): 9384 0 -0.134275000
D/UDP-TIMING( 7443): 9385 0 -0.144435000
D/UDP-TIMING( 7443): 9386 0 -0.154570000
D/UDP-TIMING( 7443): 9387 0 -0.135150000
D/UDP-TIMING( 7443): 9388 0 -0.145340000
D/UDP-TIMING( 7443): 9389 0 -0.155432000
D/UDP-TIMING( 7443): 9390 0 -0.135230000
D/UDP-TIMING( 7443): 9391 0 -0.145400000
D/UDP-TIMING( 7443): 9392 0 -0.155511000
D/UDP-TIMING( 7443): 9393 0 -0.135734000
D/UDP-TIMING( 7443): 9394 0 -0.145900000
D/UDP-TIMING( 7443): 9395 0 -0.156025000
D/UDP-TIMING( 7443): 9396 0 -0.136465000
D/UDP-TIMING( 7443): 9397 0 -0.146631000
D/UDP-TIMING( 7443): 9398 0 -0.156738000
D/UDP-TIMING( 7443): 9399 0 -0.136679000
D/UDP-TIMING( 7443): 9400 0 -0.146840000
D/UDP-TIMING( 7443): 9401 0 -0.156996000
D/UDP-TIMING( 7443): 9402 0 -0.137366000
D/UDP-TIMING( 7443): 9403 0 -0.147529000
D/UDP-TIMING( 7443): 9404 0 -0.157633000
D/UDP-TIMING( 7443): 9405 0 -0.137592000
D/UDP-TIMING( 7443): 9406 0 -0.147813000
D/UDP-TIMING( 7443): 9407 0 -0.157929000
D/UDP-TIMING( 7443): 9408 0 -0.138366000
D/UDP-TIMING( 7443): 9409 0 -0.148540000
D/UDP-TIMING( 7443): 9410 0 -0.158711000
D/UDP-TIMING( 7443): 9411 0 -0.138602000
D/UDP-TIMING( 7443): 9412 0 -0.148769000
D/UDP-TIMING( 7443): 9413 0 -0.158928000
D/UDP-TIMING( 7443): 9414 0 -0.139207000
D/UDP-TIMING( 7443): 9415 0 -0.149297000
D/UDP-TIMING( 7443): 9416 0 -0.159438000
E/TrafficStats( 1673): [QCTMM]tryAll index=1
E/TrafficStats( 1673): [QCTMM]tryAll index=2
E/TrafficStats( 1673): [QCTMM]tryAll index=1
E/TrafficStats( 1673): [QCTMM]tryAll index=2
D/DATA    ( 1860): sentSinceLastRecv=0,watchdogTrigger=10,maxindex=0
D/UDP-TIMING( 7443): 9417 0 -0.139362000
D/UDP-TIMING( 7443): 9418 0 -0.149532000
D/UDP-TIMING( 7443): 9419 0 -0.159685000
D/UDP-TIMING( 7443): 9420 0 -0.140419000
D/UDP-TIMING( 7443): 9421 0 -0.150549000
D/UDP-TIMING( 7443): 9422 0 -0.160612000
D/UDP-TIMING( 7443): 9423 0 -0.140197000
D/UDP-TIMING( 7443): 9424 0 -0.150318000
D/UDP-TIMING( 7443): 9425 0 -0.160432000
D/dalvikvm( 1845): GC_EXPLICIT freed 41K, 51% free 3973K/8007K, external 19948K/21996K, paused 118ms
D/UDP-TIMING( 7443): 9426 0 -0.141441000
D/UDP-TIMING( 7443): 9427 0 -0.151608000
D/UDP-TIMING( 7443): 9428 0 -0.131532000
D/UDP-TIMING( 7443): 9429 0 -0.141671000
D/UDP-TIMING( 7443): 9430 0 -0.151829000
D/UDP-TIMING( 7443): 9431 0 -0.161998000
D/UDP-TIMING( 7443): 9432 0 -0.142282000
D/UDP-TIMING( 7443): 9433 0 -0.152431000
D/UDP-TIMING( 7443): 9434 0 -0.162586000
D/UDP-TIMING( 7443): 9435 0 -0.142579000
D/UDP-TIMING( 7443): 9436 0 -0.152811000
D/UDP-TIMING( 7443): 9437 0 -0.132497000
D/UDP-TIMING( 7443): 9438 0 -0.142718000
D/UDP-TIMING( 7443): 9439 0 -0.152849000
D/UDP-TIMING( 7443): 9440 0 -0.133448000
D/UDP-TIMING( 7443): 9441 0 -0.143615000
D/UDP-TIMING( 7443): 9442 0 -0.123395000
D/UDP-TIMING( 7443): 9443 0 -0.133498000
D/UDP-TIMING( 7443): 9444 0 -0.143662000
D/UDP-TIMING( 7443): 9445 0 -0.153832000
D/UDP-TIMING( 7443): 9446 0 -0.134301000
D/UDP-TIMING( 7443): 9447 0 -0.144426000
D/UDP-TIMING( 7443): 9448 0 -0.154497000
D/UDP-TIMING( 7443): 9449 0 -0.134373000
D/UDP-TIMING( 7443): 9450 0 -0.144507000
D/UDP-TIMING( 7443): 9451 0 -0.154621000
D/UDP-TIMING( 7443): 9452 0 -0.135082000
D/UDP-TIMING( 7443): 9453 0 -0.145247000
D/UDP-TIMING( 7443): 9454 0 -0.155417000
D/UDP-TIMING( 7443): 9455 0 -0.135215000
D/UDP-TIMING( 7443): 9456 0 -0.145341000
D/UDP-TIMING( 7443): 9457 0 -0.155509000
D/UDP-TIMING( 7443): 9458 0 -0.136074000
D/UDP-TIMING( 7443): 9459 0 -0.146289000
D/UDP-TIMING( 7443): 9460 0 -0.156445000
D/UDP-TIMING( 7443): 9461 0 -0.136294000
D/UDP-TIMING( 7443): 9462 0 -0.146422000
D/UDP-TIMING( 7443): 9463 0 -0.156579000
D/UDP-TIMING( 7443): 9464 0 -0.137201000
D/UDP-TIMING( 7443): 9465 0 -0.147342000
D/UDP-TIMING( 7443): 9466 0 -0.157523000
D/UDP-TIMING( 7443): 9467 0 -0.137292000
D/UDP-TIMING( 7443): 9468 0 -0.147446000
D/UDP-TIMING( 7443): 9469 0 -0.157578000
D/UDP-TIMING( 7443): 9470 0 -0.138165000
D/UDP-TIMING( 7443): 9471 0 -0.148328000
D/UDP-TIMING( 7443): 9472 0 -0.158420000
D/UDP-TIMING( 7443): 9473 0 -0.138493000
D/UDP-TIMING( 7443): 9474 0 -0.148628000
D/UDP-TIMING( 7443): 9475 0 -0.158777000
D/UDP-TIMING( 7443): 9476 0 -0.138762000
D/UDP-TIMING( 7443): 9477 0 -0.148856000
D/UDP-TIMING( 7443): 9478 0 -0.159018000
D/UDP-TIMING( 7443): 9479 0 -0.139357000
D/UDP-TIMING( 7443): 9480 0 -0.149477000
D/UDP-TIMING( 7443): 9481 0 -0.159580000
D/UDP-TIMING( 7443): 9482 0 -0.139553000
D/UDP-TIMING( 7443): 9483 0 -0.149680000
D/UDP-TIMING( 7443): 9484 0 -0.159790000
D/UDP-TIMING( 7443): 9485 0 -0.140139000
D/UDP-TIMING( 7443): 9486 0 -0.150247000
D/UDP-TIMING( 7443): 9487 0 -0.160399000
D/UDP-TIMING( 7443): 9488 0 -0.140371000
D/UDP-TIMING( 7443): 9489 0 -0.150574000
D/UDP-TIMING( 7443): 9490 0 -0.160731000
D/UDP-TIMING( 7443): 9491 0 -0.141078000
D/UDP-TIMING( 7443): 9492 0 -0.151203000
D/UDP-TIMING( 7443): 9493 0 -0.161314000
D/UDP-TIMING( 7443): 9494 0 -0.141157000
D/UDP-TIMING( 7443): 9495 0 -0.151324000
D/UDP-TIMING( 7443): 9496 0 -0.161486000
D/UDP-TIMING( 7443): 9497 0 -0.141961000
D/UDP-TIMING( 7443): 9498 0 -0.152132000
D/UDP-TIMING( 7443): 9499 0 -0.162290000
D/UDP-TIMING( 7443): 9500 0 -0.142245000
D/UDP-TIMING( 7443): 9501 0 -0.152404000
D/UDP-TIMING( 7443): 9502 0 -0.162581000
D/UDP-TIMING( 7443): 9503 0 -0.142922000
D/UDP-TIMING( 7443): 9504 0 -0.153077000
D/UDP-TIMING( 7443): 9505 0 -0.162539000
D/UDP-TIMING( 7443): 9506 0 -0.143218000
D/UDP-TIMING( 7443): 9507 0 -0.153396000
D/UDP-TIMING( 7443): 9508 0 -0.133742000
D/UDP-TIMING( 7443): 9509 0 -0.143914000
D/UDP-TIMING( 7443): 9510 0 -0.154067000
D/UDP-TIMING( 7443): 9511 0 -0.134213000
D/UDP-TIMING( 7443): 9512 0 -0.144384000
D/UDP-TIMING( 7443): 9513 0 -0.154481000
D/UDP-TIMING( 7443): 9514 0 -0.134367000
D/UDP-TIMING( 7443): 9515 0 -0.144466000
D/UDP-TIMING( 7443): 9516 0 -0.152984000
D/UDP-TIMING( 7443): 9517 0 -0.162594000
E/TrafficStats( 1673): [QCTMM]tryAll index=1
E/TrafficStats( 1673): [QCTMM]tryAll index=2
E/TrafficStats( 1673): [QCTMM]tryAll index=1
E/TrafficStats( 1673): [QCTMM]tryAll index=2
D/DATA    ( 1860): sentSinceLastRecv=0,watchdogTrigger=10,maxindex=0
D/UDP-TIMING( 7443): 9518 0 -0.144993000
D/UDP-TIMING( 7443): 9519 0 -0.155124000
D/UDP-TIMING( 7443): 9520 0 -0.135214000
D/UDP-TIMING( 7443): 9521 0 -0.145295000
D/UDP-TIMING( 7443): 9522 0 -0.155461000
D/UDP-TIMING( 7443): 9523 0 -0.136039000
D/UDP-TIMING( 7443): 9524 0 -0.146157000
D/UDP-TIMING( 7443): 9525 0 -0.156314000
D/UDP-TIMING( 7443): 9526 0 -0.136125000
D/UDP-TIMING( 7443): 9527 0 -0.146280000
D/UDP-TIMING( 7443): 9528 0 -0.156465000
D/UDP-TIMING( 7443): 9529 0 -0.137028000
D/UDP-TIMING( 7443): 9530 0 -0.147213000
D/UDP-TIMING( 7443): 9531 0 -0.157409000
D/UDP-TIMING( 7443): 9532 0 -0.137324000
D/UDP-TIMING( 7443): 9533 0 -0.147552000
D/UDP-TIMING( 7443): 9534 0 -0.128081000
D/UDP-TIMING( 7443): 9535 0 -0.138312000
D/UDP-TIMING( 7443): 9536 0 -0.148513000
D/UDP-TIMING( 7443): 9537 0 -0.158740000
D/UDP-TIMING( 7443): 9538 0 -0.138686000
D/UDP-TIMING( 7443): 9539 0 -0.148908000
D/UDP-TIMING( 7443): 9540 0 -0.129503000
D/UDP-TIMING( 7443): 9541 0 -0.139736000
D/UDP-TIMING( 7443): 9542 0 -0.149967000
D/UDP-TIMING( 7443): 9543 0 -0.160160000
D/UDP-TIMING( 7443): 9544 0 -0.140288000
D/UDP-TIMING( 7443): 9545 0 -0.150485000
D/UDP-TIMING( 7443): 9546 0 -0.160608000
D/UDP-TIMING( 7443): 9547 0 -0.140922000
D/UDP-TIMING( 7443): 9548 0 -0.151113000
D/UDP-TIMING( 7443): 9549 0 -0.161290000
D/UDP-TIMING( 7443): 9550 0 -0.141408000
D/UDP-TIMING( 7443): 9551 0 -0.151555000
D/UDP-TIMING( 7443): 9552 0 -0.131468000
D/UDP-TIMING( 7443): 9553 0 -0.141615000
D/UDP-TIMING( 7443): 9554 0 -0.151806000
D/UDP-TIMING( 7443): 9555 0 -0.162010000
D/UDP-TIMING( 7443): 9556 0 -0.142470000
D/UDP-TIMING( 7443): 9557 0 -0.152672000
D/UDP-TIMING( 7443): 9558 0 -0.162798000
D/UDP-TIMING( 7443): 9559 0 -0.142984000
D/UDP-TIMING( 7443): 9560 0 -0.153181000
D/UDP-TIMING( 7443): 9561 0 -0.133566000
D/UDP-TIMING( 7443): 9562 0 -0.143797000
D/UDP-TIMING( 7443): 9563 0 -0.154022000
D/UDP-TIMING( 7443): 9564 0 -0.134091000
D/UDP-TIMING( 7443): 9565 0 -0.144321000
D/UDP-TIMING( 7443): 9566 0 -0.154552000
D/UDP-TIMING( 7443): 9567 0 -0.134966000
D/UDP-TIMING( 7443): 9568 0 -0.145193000
D/UDP-TIMING( 7443): 9569 0 -0.155391000
D/UDP-TIMING( 7443): 9570 0 -0.135367000
D/UDP-TIMING( 7443): 9571 0 -0.145561000
D/UDP-TIMING( 7443): 9572 0 -0.155754000
D/UDP-TIMING( 7443): 9573 0 -0.136130000
D/UDP-TIMING( 7443): 9574 0 -0.146311000
D/UDP-TIMING( 7443): 9575 0 -0.156440000
D/UDP-TIMING( 7443): 9576 0 -0.136481000
D/UDP-TIMING( 7443): 9577 0 -0.146565000
D/UDP-TIMING( 7443): 9578 0 -0.156755000
D/UDP-TIMING( 7443): 9579 0 -0.137100000
D/UDP-TIMING( 7443): 9580 0 -0.147252000
D/UDP-TIMING( 7443): 9581 0 -0.157437000
D/UDP-TIMING( 7443): 9582 0 -0.137722000
D/UDP-TIMING( 7443): 9583 0 -0.147889000
D/UDP-TIMING( 7443): 9584 0 -0.158045000
D/UDP-TIMING( 7443): 9585 0 -0.137888000
D/UDP-TIMING( 7443): 9586 0 -0.148077000
D/UDP-TIMING( 7443): 9587 0 -0.158197000
D/UDP-TIMING( 7443): 9588 0 -0.138762000
D/UDP-TIMING( 7443): 9589 0 -0.148877000
D/UDP-TIMING( 7443): 9590 0 -0.159026000
D/UDP-TIMING( 7443): 9591 0 -0.138977000
D/UDP-TIMING( 7443): 9592 0 -0.149159000
D/UDP-TIMING( 7443): 9593 0 -0.159322000
D/UDP-TIMING( 7443): 9594 0 -0.139582000
D/UDP-TIMING( 7443): 9595 0 -0.149669000
D/UDP-TIMING( 7443): 9596 0 -0.159872000
D/UDP-TIMING( 7443): 9597 0 -0.140008000
D/UDP-TIMING( 7443): 9598 0 -0.150183000
D/UDP-TIMING( 7443): 9599 0 -0.160342000
D/UDP-TIMING( 7443): 9600 0 -0.140731000
D/UDP-TIMING( 7443): 9601 0 -0.150930000
D/UDP-TIMING( 7443): 9602 0 -0.161060000
D/UDP-TIMING( 7443): 9603 0 -0.141004000
D/UDP-TIMING( 7443): 9604 0 -0.151199000
D/UDP-TIMING( 7443): 9605 0 -0.161281000
D/UDP-TIMING( 7443): 9606 0 -0.141784000
D/UDP-TIMING( 7443): 9607 0 -0.151976000
D/UDP-TIMING( 7443): 9608 0 -0.131894000
D/UDP-TIMING( 7443): 9609 0 -0.142057000
D/UDP-TIMING( 7443): 9610 0 -0.152225000
D/UDP-TIMING( 7443): 9611 0 -0.162421000
D/UDP-TIMING( 7443): 9612 0 -0.142981000
D/UDP-TIMING( 7443): 9613 0 -0.153176000
D/UDP-TIMING( 7443): 9614 0 -0.133039000
D/UDP-TIMING( 7443): 9615 0 -0.143167000
D/UDP-TIMING( 7443): 9616 0 -0.153324000
E/TrafficStats( 1673): [QCTMM]tryAll index=1
E/TrafficStats( 1673): [QCTMM]tryAll index=2
E/TrafficStats( 1673): [QCTMM]tryAll index=1
E/TrafficStats( 1673): [QCTMM]tryAll index=2
D/DATA    ( 1860): sentSinceLastRecv=0,watchdogTrigger=10,maxindex=0
D/UDP-TIMING( 7443): 9617 0 -0.133794000
D/UDP-TIMING( 7443): 9618 0 -0.143891000
D/UDP-TIMING( 7443): 9619 0 -0.154012000
D/UDP-TIMING( 7443): 9620 0 -0.134244000
D/UDP-TIMING( 7443): 9621 0 -0.144411000
D/UDP-TIMING( 7443): 9622 0 -0.154540000
D/UDP-TIMING( 7443): 9623 0 -0.134368000
D/UDP-TIMING( 7443): 9624 0 -0.144490000
D/UDP-TIMING( 7443): 9625 0 -0.154617000
D/UDP-TIMING( 7443): 9626 0 -0.135100000
D/UDP-TIMING( 7443): 9627 0 -0.145229000
D/UDP-TIMING( 7443): 9628 0 -0.155307000
D/UDP-TIMING( 7443): 9629 0 -0.135280000
D/UDP-TIMING( 7443): 9630 0 -0.145427000
D/UDP-TIMING( 7443): 9631 0 -0.125715000
D/UDP-TIMING( 7443): 9632 0 -0.135828000
D/UDP-TIMING( 7443): 9633 0 -0.145989000
D/UDP-TIMING( 7443): 9634 0 -0.156077000
D/UDP-TIMING( 7443): 9635 0 -0.136025000
D/UDP-TIMING( 7443): 9636 0 -0.146157000
D/UDP-TIMING( 7443): 9637 0 -0.156231000
D/UDP-TIMING( 7443): 9638 0 -0.136606000
D/UDP-TIMING( 7443): 9639 0 -0.146766000
D/UDP-TIMING( 7443): 9640 0 -0.156858000
D/UDP-TIMING( 7443): 9641 0 -0.136908000
D/UDP-TIMING( 7443): 9642 0 -0.147003000
D/UDP-TIMING( 7443): 9643 0 -0.157082000
D/UDP-TIMING( 7443): 9644 0 -0.137389000
D/UDP-TIMING( 7443): 9645 0 -0.147464000
D/UDP-TIMING( 7443): 9646 0 -0.157550000
D/UDP-TIMING( 7443): 9647 0 -0.137421000
D/UDP-TIMING( 7443): 9648 0 -0.147522000
D/UDP-TIMING( 7443): 9649 0 -0.157585000
D/UDP-TIMING( 7443): 9650 0 -0.138108000
D/UDP-TIMING( 7443): 9651 0 -0.148207000
D/UDP-TIMING( 7443): 9652 0 -0.158324000
D/UDP-TIMING( 7443): 9653 0 -0.138110000
D/UDP-TIMING( 7443): 9654 0 -0.148222000
D/UDP-TIMING( 7443): 9655 0 -0.158351000
D/UDP-TIMING( 7443): 9656 0 -0.138859000
D/UDP-TIMING( 7443): 9657 0 -0.148995000
D/UDP-TIMING( 7443): 9658 0 -0.159123000
D/UDP-TIMING( 7443): 9659 0 -0.139223000
D/UDP-TIMING( 7443): 9660 0 -0.149391000
D/UDP-TIMING( 7443): 9661 0 -0.159533000
D/UDP-TIMING( 7443): 9662 0 -0.139549000
D/UDP-TIMING( 7443): 9663 0 -0.149712000
D/UDP-TIMING( 7443): 9664 0 -0.159882000
D/UDP-TIMING( 7443): 9665 0 -0.140239000
D/UDP-TIMING( 7443): 9666 0 -0.150412000
D/UDP-TIMING( 7443): 9667 0 -0.160565000
D/UDP-TIMING( 7443): 9668 0 -0.140542000
D/UDP-TIMING( 7443): 9669 0 -0.150640000
D/UDP-TIMING( 7443): 9670 0 -0.160782000
D/UDP-TIMING( 7443): 9671 0 -0.141151000
D/UDP-TIMING( 7443): 9672 0 -0.151314000
D/UDP-TIMING( 7443): 9673 0 -0.161383000
D/UDP-TIMING( 7443): 9674 0 -0.141363000
D/UDP-TIMING( 7443): 9675 0 -0.151526000
D/UDP-TIMING( 7443): 9676 0 -0.161655000
D/UDP-TIMING( 7443): 9677 0 -0.142031000
D/UDP-TIMING( 7443): 9678 0 -0.152205000
D/UDP-TIMING( 7443): 9679 0 -0.162345000
D/UDP-TIMING( 7443): 9680 0 -0.142360000
D/UDP-TIMING( 7443): 9681 0 -0.152518000
D/UDP-TIMING( 7443): 9682 0 -0.162591000
D/UDP-TIMING( 7443): 9683 0 -0.142979000
D/UDP-TIMING( 7443): 9684 0 -0.153096000
D/UDP-TIMING( 7443): 9685 0 -0.132934000
D/UDP-TIMING( 7443): 9686 0 -0.143022000
D/UDP-TIMING( 7443): 9687 0 -0.153151000
D/UDP-TIMING( 7443): 9688 0 -0.133526000
D/UDP-TIMING( 7443): 9689 0 -0.143642000
D/UDP-TIMING( 7443): 9690 0 -0.153759000
D/UDP-TIMING( 7443): 9691 0 -0.133722000
D/UDP-TIMING( 7443): 9692 0 -0.143841000
D/UDP-TIMING( 7443): 9693 0 -0.153961000
D/UDP-TIMING( 7443): 9694 0 -0.134322000
D/UDP-TIMING( 7443): 9695 0 -0.144428000
D/UDP-TIMING( 7443): 9696 0 -0.154507000
D/UDP-TIMING( 7443): 9697 0 -0.134630000
D/UDP-TIMING( 7443): 9698 0 -0.144721000
D/UDP-TIMING( 7443): 9699 0 -0.154836000
D/UDP-TIMING( 7443): 9700 0 -0.134644000
D/UDP-TIMING( 7443): 9701 0 -0.144761000
D/UDP-TIMING( 7443): 9702 0 -0.154863000
D/UDP-TIMING( 7443): 9703 0 -0.135385000
D/UDP-TIMING( 7443): 9704 0 -0.145567000
D/UDP-TIMING( 7443): 9705 0 -0.155729000
D/UDP-TIMING( 7443): 9706 0 -0.135493000
D/UDP-TIMING( 7443): 9707 0 -0.145604000
D/UDP-TIMING( 7443): 9708 0 -0.155716000
D/UDP-TIMING( 7443): 9709 0 -0.136240000
D/UDP-TIMING( 7443): 9710 0 -0.146423000
D/UDP-TIMING( 7443): 9711 0 -0.156577000
D/UDP-TIMING( 7443): 9712 0 -0.136292000
D/UDP-TIMING( 7443): 9713 0 -0.146424000
D/UDP-TIMING( 7443): 9714 0 -0.156497000
E/TrafficStats( 1673): [QCTMM]tryAll index=1
E/TrafficStats( 1673): [QCTMM]tryAll index=2
E/TrafficStats( 1673): [QCTMM]tryAll index=1
D/UDP-TIMING( 7443): 9715 0 -0.137113000
D/UDP-TIMING( 7443): 9716 0 -0.147239000
D/UDP-TIMING( 7443): 9717 0 -0.157390000
E/TrafficStats( 1673): [QCTMM]tryAll index=2
D/DATA    ( 1860): sentSinceLastRecv=0,watchdogTrigger=10,maxindex=0
D/UDP-TIMING( 7443): 9718 0 -0.137255000
D/UDP-TIMING( 7443): 9719 0 -0.147342000
D/UDP-TIMING( 7443): 9720 0 -0.157499000
D/UDP-TIMING( 7443): 9721 0 -0.138004000
D/UDP-TIMING( 7443): 9722 0 -0.148138000
D/UDP-TIMING( 7443): 9723 0 -0.158305000
D/UDP-TIMING( 7443): 9724 0 -0.138105000
D/UDP-TIMING( 7443): 9725 0 -0.148260000
D/UDP-TIMING( 7443): 9726 0 -0.158390000
D/UDP-TIMING( 7443): 9727 0 -0.138797000
D/UDP-TIMING( 7443): 9728 0 -0.148927000
D/UDP-TIMING( 7443): 9729 0 -0.159028000
D/UDP-TIMING( 7443): 9730 0 -0.138950000
D/UDP-TIMING( 7443): 9731 0 -0.149065000
D/UDP-TIMING( 7443): 9732 0 -0.129405000
D/UDP-TIMING( 7443): 9733 0 -0.139540000
D/UDP-TIMING( 7443): 9734 0 -0.149640000
D/UDP-TIMING( 7443): 9735 0 -0.129931000
D/UDP-TIMING( 7443): 9736 0 -0.140048000
D/UDP-TIMING( 7443): 9737 0 -0.150161000
D/UDP-TIMING( 7443): 9738 0 -0.129912000
D/UDP-TIMING( 7443): 9739 0 -0.140019000
D/UDP-TIMING( 7443): 9740 0 -0.150138000
D/UDP-TIMING( 7443): 9741 0 -0.160332000
D/UDP-TIMING( 7443): 9742 0 -0.140916000
D/UDP-TIMING( 7443): 9743 0 -0.151083000
D/UDP-TIMING( 7443): 9744 0 -0.130824000
D/UDP-TIMING( 7443): 9745 0 -0.141004000
D/UDP-TIMING( 7443): 9746 0 -0.151132000
D/UDP-TIMING( 7443): 9747 0 -0.161294000
D/UDP-TIMING( 7443): 9748 0 -0.141868000
D/UDP-TIMING( 7443): 9749 0 -0.152039000
D/UDP-TIMING( 7443): 9750 0 -0.162145000
D/UDP-TIMING( 7443): 9751 0 -0.141961000
D/UDP-TIMING( 7443): 9752 0 -0.152125000
D/UDP-TIMING( 7443): 9753 0 -0.162265000
D/UDP-TIMING( 7443): 9754 0 -0.142723000
D/UDP-TIMING( 7443): 9755 0 -0.152844000
D/UDP-TIMING( 7443): 9756 0 -0.132614000
D/UDP-TIMING( 7443): 9757 0 -0.142704000
D/UDP-TIMING( 7443): 9758 0 -0.152838000
D/UDP-TIMING( 7443): 9759 0 -0.162949000
D/UDP-TIMING( 7443): 9760 0 -0.143632000
D/UDP-TIMING( 7443): 9761 0 -0.153793000
D/UDP-TIMING( 7443): 9762 0 -0.133510000
D/UDP-TIMING( 7443): 9763 0 -0.143674000
D/UDP-TIMING( 7443): 9764 0 -0.153838000
D/UDP-TIMING( 7443): 9765 0 -0.134297000
D/UDP-TIMING( 7443): 9766 0 -0.144453000
D/UDP-TIMING( 7443): 9767 0 -0.154615000
D/UDP-TIMING( 7443): 9768 0 -0.134445000
D/UDP-TIMING( 7443): 9769 0 -0.144617000
D/UDP-TIMING( 7443): 9770 0 -0.154751000
D/UDP-TIMING( 7443): 9771 0 -0.135244000
D/UDP-TIMING( 7443): 9772 0 -0.145329000
D/UDP-TIMING( 7443): 9773 0 -0.155439000
D/UDP-TIMING( 7443): 9774 0 -0.135526000
D/UDP-TIMING( 7443): 9775 0 -0.145680000
D/UDP-TIMING( 7443): 9776 0 -0.155800000
D/UDP-TIMING( 7443): 9777 0 -0.135667000
D/UDP-TIMING( 7443): 9778 0 -0.145770000
D/UDP-TIMING( 7443): 9779 0 -0.155852000
D/UDP-TIMING( 7443): 9780 0 -0.136197000
D/UDP-TIMING( 7443): 9781 0 -0.146367000
D/UDP-TIMING( 7443): 9782 0 -0.156481000
D/UDP-TIMING( 7443): 9783 0 -0.136382000
D/UDP-TIMING( 7443): 9784 0 -0.146491000
D/UDP-TIMING( 7443): 9785 0 -0.126830000
D/UDP-TIMING( 7443): 9786 0 -0.136937000
D/UDP-TIMING( 7443): 9787 0 -0.147062000
D/UDP-TIMING( 7443): 9788 0 -0.126930000
D/UDP-TIMING( 7443): 9789 0 -0.137059000
D/UDP-TIMING( 7443): 9790 0 -0.147156000
D/UDP-TIMING( 7443): 9791 0 -0.127494000
D/UDP-TIMING( 7443): 9792 0 -0.137623000
D/UDP-TIMING( 7443): 9793 0 -0.147787000
D/UDP-TIMING( 7443): 9794 0 -0.157962000
D/UDP-TIMING( 7443): 9795 0 -0.138041000
D/UDP-TIMING( 7443): 9796 0 -0.148201000
D/UDP-TIMING( 7443): 9797 0 -0.158282000
D/UDP-TIMING( 7443): 9798 0 -0.138709000
D/UDP-TIMING( 7443): 9799 0 -0.148879000
D/UDP-TIMING( 7443): 9800 0 -0.158967000
D/UDP-TIMING( 7443): 9801 0 -0.138991000
D/UDP-TIMING( 7443): 9802 0 -0.149125000
D/UDP-TIMING( 7443): 9803 0 -0.159284000
D/UDP-TIMING( 7443): 9804 0 -0.139718000
D/UDP-TIMING( 7443): 9805 0 -0.149849000
D/UDP-TIMING( 7443): 9806 0 -0.129775000
D/UDP-TIMING( 7443): 9807 0 -0.139876000
D/UDP-TIMING( 7443): 9808 0 -0.150030000
D/UDP-TIMING( 7443): 9809 0 -0.160161000
D/UDP-TIMING( 7443): 9810 0 -0.140547000
D/UDP-TIMING( 7443): 9811 0 -0.150672000
D/UDP-TIMING( 7443): 9812 0 -0.160830000
D/UDP-TIMING( 7443): 9813 0 -0.141053000
D/UDP-TIMING( 7443): 9814 0 -0.151178000
D/UDP-TIMING( 7443): 9815 0 -0.161313000
E/TrafficStats( 1673): [QCTMM]tryAll index=1
E/TrafficStats( 1673): [QCTMM]tryAll index=2
E/TrafficStats( 1673): [QCTMM]tryAll index=1
E/TrafficStats( 1673): [QCTMM]tryAll index=2
D/UDP-TIMING( 7443): 9816 0 -0.141130000
D/UDP-TIMING( 7443): 9817 0 -0.151222000
D/UDP-TIMING( 7443): 9818 0 -0.161347000
D/DATA    ( 1860): sentSinceLastRecv=0,watchdogTrigger=10,maxindex=0
D/UDP-TIMING( 7443): 9819 0 -0.141775000
D/UDP-TIMING( 7443): 9820 0 -0.151933000
D/UDP-TIMING( 7443): 9821 0 -0.162077000
D/UDP-TIMING( 7443): 9822 0 -0.141961000
D/UDP-TIMING( 7443): 9823 0 -0.152073000
D/UDP-TIMING( 7443): 9824 0 -0.162162000
D/UDP-TIMING( 7443): 9825 0 -0.142723000
D/UDP-TIMING( 7443): 9826 0 -0.152833000
D/UDP-TIMING( 7443): 9827 0 -0.162919000
D/UDP-TIMING( 7443): 9828 0 -0.142710000
D/UDP-TIMING( 7443): 9829 0 -0.152860000
D/UDP-TIMING( 7443): 9830 0 -0.163023000
D/UDP-TIMING( 7443): 9831 0 -0.143555000
D/UDP-TIMING( 7443): 9832 0 -0.153724000
D/UDP-TIMING( 7443): 9833 0 -0.133426000
D/UDP-TIMING( 7443): 9834 0 -0.143549000
D/UDP-TIMING( 7443): 9835 0 -0.153669000
D/UDP-TIMING( 7443): 9836 0 -0.134233000
D/UDP-TIMING( 7443): 9837 0 -0.144482000
D/UDP-TIMING( 7443): 9838 0 -0.154602000
D/UDP-TIMING( 7443): 9839 0 -0.134385000
D/UDP-TIMING( 7443): 9840 0 -0.144549000
D/UDP-TIMING( 7443): 9841 0 -0.154706000
D/UDP-TIMING( 7443): 9842 0 -0.135247000
D/UDP-TIMING( 7443): 9843 0 -0.145366000
D/UDP-TIMING( 7443): 9844 0 -0.155452000
D/UDP-TIMING( 7443): 9845 0 -0.135230000
D/UDP-TIMING( 7443): 9846 0 -0.145344000
D/UDP-TIMING( 7443): 9847 0 -0.155466000
D/UDP-TIMING( 7443): 9848 0 -0.135957000
D/UDP-TIMING( 7443): 9849 0 -0.146043000
D/UDP-TIMING( 7443): 9850 0 -0.156168000
D/UDP-TIMING( 7443): 9851 0 -0.136218000
D/UDP-TIMING( 7443): 9852 0 -0.146339000
D/UDP-TIMING( 7443): 9853 0 -0.156499000
D/UDP-TIMING( 7443): 9854 0 -0.136451000
D/UDP-TIMING( 7443): 9855 0 -0.146616000
D/UDP-TIMING( 7443): 9856 0 -0.156743000
D/UDP-TIMING( 7443): 9857 0 -0.137160000
D/UDP-TIMING( 7443): 9858 0 -0.147331000
D/UDP-TIMING( 7443): 9859 0 -0.157490000
D/UDP-TIMING( 7443): 9860 0 -0.137407000
D/UDP-TIMING( 7443): 9861 0 -0.147562000
D/UDP-TIMING( 7443): 9862 0 -0.157705000
D/UDP-TIMING( 7443): 9863 0 -0.138079000
D/UDP-TIMING( 7443): 9864 0 -0.148244000
D/UDP-TIMING( 7443): 9865 0 -0.158363000
D/UDP-TIMING( 7443): 9866 0 -0.138313000
D/UDP-TIMING( 7443): 9867 0 -0.148446000
D/UDP-TIMING( 7443): 9868 0 -0.158518000
D/UDP-TIMING( 7443): 9869 0 -0.138842000
D/UDP-TIMING( 7443): 9870 0 -0.149011000
D/UDP-TIMING( 7443): 9871 0 -0.159146000
D/UDP-TIMING( 7443): 9872 0 -0.139277000
D/UDP-TIMING( 7443): 9873 0 -0.149443000
D/UDP-TIMING( 7443): 9874 0 -0.129773000
D/UDP-TIMING( 7443): 9875 0 -0.139943000
D/UDP-TIMING( 7443): 9876 0 -0.150069000
D/UDP-TIMING( 7443): 9877 0 -0.160315000
E/TrafficStats( 6963): [QCTMM]tryAll index=1
D/UDP-TIMING( 7443): 9878 0 -0.140333000
D/UDP-TIMING( 7443): 9879 0 -0.150498000
E/TrafficStats( 6963): [QCTMM]tryAll index=2
E/TrafficStats( 6963): [QCTMM]tryAll index=1
E/TrafficStats( 6963): [QCTMM]tryAll index=2
E/TrafficStats( 6963): [QCTMM]tryAll index=1
E/TrafficStats( 6963): [QCTMM]tryAll index=2
E/TrafficStats( 6963): [QCTMM]tryAll index=1
E/TrafficStats( 6963): [QCTMM]tryAll index=2
D/UDP-TIMING( 7443): 9880 0 -0.130854000
D/UDP-TIMING( 7443): 9881 0 -0.141022000
D/UDP-TIMING( 7443): 9882 0 -0.151181000
D/UDP-TIMING( 7443): 9883 0 -0.161281000
D/UDP-TIMING( 7443): 9884 0 -0.141146000
D/UDP-TIMING( 7443): 9885 0 -0.151264000
D/UDP-TIMING( 7443): 9886 0 -0.161351000
D/UDP-TIMING( 7443): 9887 0 -0.141802000
D/UDP-TIMING( 7443): 9888 0 -0.151961000
D/UDP-TIMING( 7443): 9889 0 -0.162026000
D/UDP-TIMING( 7443): 9890 0 -0.142196000
D/UDP-TIMING( 7443): 9891 0 -0.152315000
D/UDP-TIMING( 7443): 9892 0 -0.162431000
D/UDP-TIMING( 7443): 9893 0 -0.142339000
D/UDP-TIMING( 7443): 9894 0 -0.152472000
D/UDP-TIMING( 7443): 9895 0 -0.162593000
D/UDP-TIMING( 7443): 9896 0 -0.143030000
D/UDP-TIMING( 7443): 9897 0 -0.153119000
D/UDP-TIMING( 7443): 9898 0 -0.132971000
D/UDP-TIMING( 7443): 9899 0 -0.143086000
D/UDP-TIMING( 7443): 9900 0 -0.153197000
D/UDP-TIMING( 7443): 9901 0 -0.163361000
D/UDP-TIMING( 7443): 9902 0 -0.143860000
D/UDP-TIMING( 7443): 9903 0 -0.154013000
D/UDP-TIMING( 7443): 9904 0 -0.133703000
D/UDP-TIMING( 7443): 9905 0 -0.143860000
D/UDP-TIMING( 7443): 9906 0 -0.154017000
D/UDP-TIMING( 7443): 9907 0 -0.134507000
D/UDP-TIMING( 7443): 9908 0 -0.144670000
D/UDP-TIMING( 7443): 9909 0 -0.154828000
D/UDP-TIMING( 7443): 9910 0 -0.134655000
D/UDP-TIMING( 7443): 9911 0 -0.144794000
D/UDP-TIMING( 7443): 9912 0 -0.154965000
D/UDP-TIMING( 7443): 9913 0 -0.135386000
D/UDP-TIMING( 7443): 9914 0 -0.145515000
D/UDP-TIMING( 7443): 9915 0 -0.155680000
E/TrafficStats( 1673): [QCTMM]tryAll index=1
E/TrafficStats( 1673): [QCTMM]tryAll index=2
E/TrafficStats( 1673): [QCTMM]tryAll index=1
E/TrafficStats( 1673): [QCTMM]tryAll index=2
D/DATA    ( 1860): sentSinceLastRecv=0,watchdogTrigger=10,maxindex=0
D/UDP-TIMING( 7443): 9916 0 -0.136294000
D/UDP-TIMING( 7443): 9917 0 -0.146470000
D/UDP-TIMING( 7443): 9918 0 -0.156597000
D/dalvikvm( 7262): GC_EXPLICIT freed 206K, 43% free 3852K/6727K, external 0K/0K, paused 95ms
D/UDP-TIMING( 7443): 9919 0 -0.136817000
D/UDP-TIMING( 7443): 9920 0 -0.146978000
D/UDP-TIMING( 7443): 9921 0 -0.157101000
D/UDP-TIMING( 7443): 9922 0 -0.137343000
D/UDP-TIMING( 7443): 9923 0 -0.147502000
D/UDP-TIMING( 7443): 9924 0 -0.157605000
D/UDP-TIMING( 7443): 9925 0 -0.137412000
D/UDP-TIMING( 7443): 9926 0 -0.147519000
D/UDP-TIMING( 7443): 9927 0 -0.157577000
D/UDP-TIMING( 7443): 9928 0 -0.137726000
D/UDP-TIMING( 7443): 9929 0 -0.147846000
D/UDP-TIMING( 7443): 9930 0 -0.157937000
D/UDP-TIMING( 7443): 9931 0 -0.137433000
D/UDP-TIMING( 7443): 9932 0 -0.147557000
D/UDP-TIMING( 7443): 9933 0 -0.157682000
D/UDP-TIMING( 7443): 9934 0 -0.138057000
D/UDP-TIMING( 7443): 9935 0 -0.148167000
D/UDP-TIMING( 7443): 9936 0 -0.158308000
D/UDP-TIMING( 7443): 9937 0 -0.138073000
D/UDP-TIMING( 7443): 9938 0 -0.148187000
D/UDP-TIMING( 7443): 9939 0 -0.158382000
D/UDP-TIMING( 7443): 9940 0 -0.138961000
D/UDP-TIMING( 7443): 9941 0 -0.149084000
D/UDP-TIMING( 7443): 9942 0 -0.159249000
D/UDP-TIMING( 7443): 9943 0 -0.139100000
D/UDP-TIMING( 7443): 9944 0 -0.149158000
D/UDP-TIMING( 7443): 9945 0 -0.159340000
D/UDP-TIMING( 7443): 9946 0 -0.139797000
D/UDP-TIMING( 7443): 9947 0 -0.149898000
D/UDP-TIMING( 7443): 9948 0 -0.160068000
D/UDP-TIMING( 7443): 9949 0 -0.139860000
D/UDP-TIMING( 7443): 9950 0 -0.150018000
D/UDP-TIMING( 7443): 9951 0 -0.160157000
D/UDP-TIMING( 7443): 9952 0 -0.140652000
D/UDP-TIMING( 7443): 9953 0 -0.150746000
D/UDP-TIMING( 7443): 9954 0 -0.160833000
D/UDP-TIMING( 7443): 9955 0 -0.140601000
D/UDP-TIMING( 7443): 9956 0 -0.150765000
D/UDP-TIMING( 7443): 9957 0 -0.160888000
D/UDP-TIMING( 7443): 9958 0 -0.141383000
D/UDP-TIMING( 7443): 9959 0 -0.151550000
D/UDP-TIMING( 7443): 9960 0 -0.161713000
D/UDP-TIMING( 7443): 9961 0 -0.141771000
D/UDP-TIMING( 7443): 9962 0 -0.151938000
D/UDP-TIMING( 7443): 9963 0 -0.162115000
D/UDP-TIMING( 7443): 9964 0 -0.142031000
D/UDP-TIMING( 7443): 9965 0 -0.152121000
D/UDP-TIMING( 7443): 9966 0 -0.162236000
D/UDP-TIMING( 7443): 9967 0 -0.142593000
D/UDP-TIMING( 7443): 9968 0 -0.152723000
D/UDP-TIMING( 7443): 9969 0 -0.162814000
D/UDP-TIMING( 7443): 9970 0 -0.142758000
D/UDP-TIMING( 7443): 9971 0 -0.152871000
D/UDP-TIMING( 7443): 9972 0 -0.133166000
D/UDP-TIMING( 7443): 9973 0 -0.143267000
D/UDP-TIMING( 7443): 9974 0 -0.153364000
D/UDP-TIMING( 7443): 9975 0 -0.133255000
D/UDP-TIMING( 7443): 9976 0 -0.143338000
D/UDP-TIMING( 7443): 9977 0 -0.153449000
D/UDP-TIMING( 7443): 9978 0 -0.163570000
D/UDP-TIMING( 7443): 9979 0 -0.143991000
D/UDP-TIMING( 7443): 9980 0 -0.154170000
D/UDP-TIMING( 7443): 9981 0 -0.134003000
D/UDP-TIMING( 7443): 9982 0 -0.144080000
D/UDP-TIMING( 7443): 9983 0 -0.154202000
D/UDP-TIMING( 7443): 9984 0 -0.134388000
D/UDP-TIMING( 7443): 9985 0 -0.144498000
D/UDP-TIMING( 7443): 9986 0 -0.154600000
D/UDP-TIMING( 7443): 9987 0 -0.134678000
D/UDP-TIMING( 7443): 9988 0 -0.144766000
D/UDP-TIMING( 7443): 9989 0 -0.154887000
D/UDP-TIMING( 7443): 9990 0 -0.135230000
D/UDP-TIMING( 7443): 9991 0 -0.145304000
D/UDP-TIMING( 7443): 9992 0 -0.155379000
D/UDP-TIMING( 7443): 9993 0 -0.135323000
D/UDP-TIMING( 7443): 9994 0 -0.145426000
D/UDP-TIMING( 7443): 9995 0 -0.155520000
D/UDP-TIMING( 7443): 9996 0 -0.135849000
D/UDP-TIMING( 7443): 9997 0 -0.145956000
D/UDP-TIMING( 7443): 9998 0 -0.156077000
D/UDP-TIMING( 7443): 9999 0 -0.136356000
E/TrafficStats( 1673): [QCTMM]tryAll index=1
E/TrafficStats( 1673): [QCTMM]tryAll index=2
E/TrafficStats( 1673): [QCTMM]tryAll index=1
E/TrafficStats( 1673): [QCTMM]tryAll index=2
D/DATA    ( 1860): sentSinceLastRecv=0,watchdogTrigger=10,maxindex=0
E/TrafficStats( 1673): [QCTMM]tryAll index=1
E/TrafficStats( 1673): [QCTMM]tryAll index=2
E/TrafficStats( 1673): [QCTMM]tryAll index=1
E/TrafficStats( 1673): [QCTMM]tryAll index=2
D/DATA    ( 1860): sentSinceLastRecv=0,watchdogTrigger=10,maxindex=0
E/TrafficStats( 1673): [QCTMM]tryAll index=1
E/TrafficStats( 1673): [QCTMM]tryAll index=2
E/TrafficStats( 1673): [QCTMM]tryAll index=1
E/TrafficStats( 1673): [QCTMM]tryAll index=2
D/DATA    ( 1860): sentSinceLastRecv=0,watchdogTrigger=10,maxindex=0
E/TrafficStats( 1673): [QCTMM]tryAll index=1
E/TrafficStats( 1673): [QCTMM]tryAll index=2
E/TrafficStats( 1673): [QCTMM]tryAll index=1
E/TrafficStats( 1673): [QCTMM]tryAll index=2
D/DATA    ( 1860): sentSinceLastRecv=0,watchdogTrigger=10,maxindex=0
D/dalvikvm( 6932): GC_EXPLICIT freed 228K, 47% free 2954K/5511K, external 0K/0K, paused 77ms
E/TrafficStats( 1673): [QCTMM]tryAll index=1
E/TrafficStats( 1673): [QCTMM]tryAll index=2
E/TrafficStats( 1673): [QCTMM]tryAll index=1
E/TrafficStats( 1673): [QCTMM]tryAll index=2
D/DATA    ( 1860): sentSinceLastRecv=0,watchdogTrigger=10,maxindex=0
E/TrafficStats( 6963): [QCTMM]tryAll index=1
E/TrafficStats( 6963): [QCTMM]tryAll index=2
E/TrafficStats( 6963): [QCTMM]tryAll index=1
E/TrafficStats( 6963): [QCTMM]tryAll index=2
E/TrafficStats( 6963): [QCTMM]tryAll index=1
E/TrafficStats( 6963): [QCTMM]tryAll index=2
E/TrafficStats( 6963): [QCTMM]tryAll index=1
E/TrafficStats( 6963): [QCTMM]tryAll index=2
E/TrafficStats( 1673): [QCTMM]tryAll index=1
E/TrafficStats( 1673): [QCTMM]tryAll index=2
E/TrafficStats( 1673): [QCTMM]tryAll index=1
E/TrafficStats( 1673): [QCTMM]tryAll index=2
D/DATA    ( 1860): sentSinceLastRecv=0,watchdogTrigger=10,maxindex=0
D/dalvikvm( 6963): GC_CONCURRENT freed 390K, 51% free 3260K/6599K, external 0K/0K, paused 6ms+3ms
E/TrafficStats( 1673): [QCTMM]tryAll index=1
E/TrafficStats( 1673): [QCTMM]tryAll index=2
E/TrafficStats( 1673): [QCTMM]tryAll index=1
E/TrafficStats( 1673): [QCTMM]tryAll index=2
D/DATA    ( 1860): sentSinceLastRecv=0,watchdogTrigger=10,maxindex=0
E/TrafficStats( 1673): [QCTMM]tryAll index=1
E/TrafficStats( 1673): [QCTMM]tryAll index=2
E/TrafficStats( 1673): [QCTMM]tryAll index=1
E/TrafficStats( 1673): [QCTMM]tryAll index=2
D/DATA    ( 1860): sentSinceLastRecv=0,watchdogTrigger=10,maxindex=0
E/TrafficStats( 1673): [QCTMM]tryAll index=1
E/TrafficStats( 1673): [QCTMM]tryAll index=2
E/TrafficStats( 1673): [QCTMM]tryAll index=1
E/TrafficStats( 1673): [QCTMM]tryAll index=2
D/DATA    ( 1860): sentSinceLastRecv=0,watchdogTrigger=10,maxindex=0
E/TrafficStats( 1673): [QCTMM]tryAll index=1
E/TrafficStats( 1673): [QCTMM]tryAll index=2
E/TrafficStats( 1673): [QCTMM]tryAll index=1
E/TrafficStats( 1673): [QCTMM]tryAll index=2
D/DATA    ( 1860): sentSinceLastRecv=0,watchdogTrigger=10,maxindex=0
E/TrafficStats( 1673): [QCTMM]tryAll index=1
E/TrafficStats( 1673): [QCTMM]tryAll index=2
E/TrafficStats( 1673): [QCTMM]tryAll index=1
E/TrafficStats( 1673): [QCTMM]tryAll index=2
D/DATA    ( 1860): sentSinceLastRecv=0,watchdogTrigger=10,maxindex=0
E/TrafficStats( 6963): [QCTMM]tryAll index=1
E/TrafficStats( 6963): [QCTMM]tryAll index=2
E/TrafficStats( 6963): [QCTMM]tryAll index=1
E/TrafficStats( 6963): [QCTMM]tryAll index=2
E/TrafficStats( 6963): [QCTMM]tryAll index=1
E/TrafficStats( 6963): [QCTMM]tryAll index=2
E/TrafficStats( 6963): [QCTMM]tryAll index=1
E/TrafficStats( 6963): [QCTMM]tryAll index=2
E/TrafficStats( 1673): [QCTMM]tryAll index=1
E/TrafficStats( 1673): [QCTMM]tryAll index=2
E/TrafficStats( 1673): [QCTMM]tryAll index=1
E/TrafficStats( 1673): [QCTMM]tryAll index=2
D/DATA    ( 1860): sentSinceLastRecv=0,watchdogTrigger=10,maxindex=0
E/TrafficStats( 1673): [QCTMM]tryAll index=1
E/TrafficStats( 1673): [QCTMM]tryAll index=2
E/TrafficStats( 1673): [QCTMM]tryAll index=1
E/TrafficStats( 1673): [QCTMM]tryAll index=2
D/DATA    ( 1860): sentSinceLastRecv=0,watchdogTrigger=10,maxindex=0
D/PowerManagerService( 1673): New lightsensor value:160, lcdValue:94
D/PowerManagerService( 1673): lightSensorChangedLocked, buttonValue >= 0, mPowerState = 3
E/TrafficStats( 1673): [QCTMM]tryAll index=1
E/TrafficStats( 1673): [QCTMM]tryAll index=2
E/TrafficStats( 1673): [QCTMM]tryAll index=1
E/TrafficStats( 1673): [QCTMM]tryAll index=2
D/DATA    ( 1860): sentSinceLastRecv=0,watchdogTrigger=10,maxindex=0
E/TrafficStats( 1673): [QCTMM]tryAll index=1
E/TrafficStats( 1673): [QCTMM]tryAll index=2
E/TrafficStats( 1673): [QCTMM]tryAll index=1
E/TrafficStats( 1673): [QCTMM]tryAll index=2
D/DATA    ( 1860): sentSinceLastRecv=0,watchdogTrigger=10,maxindex=0
E/TrafficStats( 1673): [QCTMM]tryAll index=1
E/TrafficStats( 1673): [QCTMM]tryAll index=2
E/TrafficStats( 1673): [QCTMM]tryAll index=1
E/TrafficStats( 1673): [QCTMM]tryAll index=2
D/PowerManagerService( 1673): New lightsensor value:225, lcdValue:143
D/DATA    ( 1860): sentSinceLastRecv=0,watchdogTrigger=10,maxindex=0
E/TrafficStats( 1673): [QCTMM]tryAll index=1
E/TrafficStats( 1673): [QCTMM]tryAll index=2
E/TrafficStats( 1673): [QCTMM]tryAll index=1
E/TrafficStats( 1673): [QCTMM]tryAll index=2
D/DATA    ( 1860): sentSinceLastRecv=0,watchdogTrigger=10,maxindex=0
E/TrafficStats( 6963): [QCTMM]tryAll index=1
E/TrafficStats( 6963): [QCTMM]tryAll index=2
E/TrafficStats( 6963): [QCTMM]tryAll index=1
E/TrafficStats( 6963): [QCTMM]tryAll index=2
E/TrafficStats( 6963): [QCTMM]tryAll index=1
E/TrafficStats( 6963): [QCTMM]tryAll index=2
E/TrafficStats( 6963): [QCTMM]tryAll index=1
E/TrafficStats( 6963): [QCTMM]tryAll index=2
E/TrafficStats( 1673): [QCTMM]tryAll index=1
E/TrafficStats( 1673): [QCTMM]tryAll index=2
E/TrafficStats( 1673): [QCTMM]tryAll index=1
E/TrafficStats( 1673): [QCTMM]tryAll index=2
D/DATA    ( 1860): sentSinceLastRecv=0,watchdogTrigger=10,maxindex=0
D/PowerManagerService( 1673): New lightsensor value:160, lcdValue:94
D/PowerManagerService( 1673): lightSensorChangedLocked, buttonValue >= 0, mPowerState = 3
E/TrafficStats( 1673): [QCTMM]tryAll index=1
E/TrafficStats( 1673): [QCTMM]tryAll index=2
E/TrafficStats( 1673): [QCTMM]tryAll index=1
E/TrafficStats( 1673): [QCTMM]tryAll index=2
D/DATA    ( 1860): sentSinceLastRecv=0,watchdogTrigger=10,maxindex=0
E/TrafficStats( 1673): [QCTMM]tryAll index=1
E/TrafficStats( 1673): [QCTMM]tryAll index=2
E/TrafficStats( 1673): [QCTMM]tryAll index=1
E/TrafficStats( 1673): [QCTMM]tryAll index=2
D/DATA    ( 1860): sentSinceLastRecv=0,watchdogTrigger=10,maxindex=0
E/TrafficStats( 1673): [QCTMM]tryAll index=1
E/TrafficStats( 1673): [QCTMM]tryAll index=2
E/TrafficStats( 1673): [QCTMM]tryAll index=1
E/TrafficStats( 1673): [QCTMM]tryAll index=2
D/DATA    ( 1860): sentSinceLastRecv=0,watchdogTrigger=10,maxindex=0
E/TrafficStats( 1673): [QCTMM]tryAll index=1
E/TrafficStats( 1673): [QCTMM]tryAll index=2
E/TrafficStats( 1673): [QCTMM]tryAll index=1
E/TrafficStats( 1673): [QCTMM]tryAll index=2
D/DATA    ( 1860): sentSinceLastRecv=0,watchdogTrigger=10,maxindex=0
E/TrafficStats( 1673): [QCTMM]tryAll index=1
E/TrafficStats( 1673): [QCTMM]tryAll index=2
E/TrafficStats( 1673): [QCTMM]tryAll index=1
E/TrafficStats( 1673): [QCTMM]tryAll index=2
D/DATA    ( 1860): sentSinceLastRecv=0,watchdogTrigger=10,maxindex=0
E/TrafficStats( 6963): [QCTMM]tryAll index=1
E/TrafficStats( 6963): [QCTMM]tryAll index=2
E/TrafficStats( 6963): [QCTMM]tryAll index=1
E/TrafficStats( 6963): [QCTMM]tryAll index=2
E/TrafficStats( 6963): [QCTMM]tryAll index=1
E/TrafficStats( 6963): [QCTMM]tryAll index=2
E/TrafficStats( 6963): [QCTMM]tryAll index=1
E/TrafficStats( 6963): [QCTMM]tryAll index=2
I/rmt_storage( 1552): rmt_storage write event
E/TrafficStats( 1673): [QCTMM]tryAll index=1
E/TrafficStats( 1673): [QCTMM]tryAll index=2
E/TrafficStats( 1673): [QCTMM]tryAll index=1
E/TrafficStats( 1673): [QCTMM]tryAll index=2
I/rmt_storage( 1552): unblock rmt_storage client thread
I/rmt_storage( 1552): rmt_storage lseek...
I/rmt_storage( 1552): rmt_storage lseek ret = 1
I/rmt_storage( 1552): rmt_storage write buf = 0x40011000, num_sector = 6143
I/rmt_storage( 1552): rmt_storage events processing done
D/DATA    ( 1860): sentSinceLastRecv=0,watchdogTrigger=10,maxindex=0
I/rmt_storage( 1552): rmt_storage write: bytes written = 3145216
I/rmt_storage( 1552): rmt_storage lseek...
I/rmt_storage( 1552): rmt_storage lseek ret = 6143
I/rmt_storage( 1552): rmt_storage write buf = 0x40310e00, num_sector = 1
I/rmt_storage( 1552): rmt_storage write: bytes written = 512
I/rmt_storage( 1552): rmt_storage status handle = 2
E/TrafficStats( 1673): [QCTMM]tryAll index=1
E/TrafficStats( 1673): [QCTMM]tryAll index=2
E/TrafficStats( 1673): [QCTMM]tryAll index=1
E/TrafficStats( 1673): [QCTMM]tryAll index=2
D/DATA    ( 1860): sentSinceLastRecv=0,watchdogTrigger=10,maxindex=0
D/ContactMessageStore( 1860): MSG_CHECK_DELETION >>
D/ContactMessageStore( 1860): mDeleteTask = null, bDeleting = false
D/ContactMessageStore( 1860): start background delete task...
D/ContactMessageStore( 1860): MSG_CHECK_DELETION <<
D/ContactMessageStore( 1860): size: 0 , 0
D/ContactMessageStore( 1860): Background delete complete
E/TrafficStats( 1673): [QCTMM]tryAll index=1
E/TrafficStats( 1673): [QCTMM]tryAll index=2
E/TrafficStats( 1673): [QCTMM]tryAll index=1
E/TrafficStats( 1673): [QCTMM]tryAll index=2
D/DATA    ( 1860): sentSinceLastRecv=0,watchdogTrigger=10,maxindex=0
E/TrafficStats( 1673): [QCTMM]tryAll index=1
E/TrafficStats( 1673): [QCTMM]tryAll index=2
E/TrafficStats( 1673): [QCTMM]tryAll index=1
E/TrafficStats( 1673): [QCTMM]tryAll index=2
D/DATA    ( 1860): sentSinceLastRecv=0,watchdogTrigger=10,maxindex=0
D/PowerManagerService( 1673): New lightsensor value:225, lcdValue:143
E/TrafficStats( 1673): [QCTMM]tryAll index=1
E/TrafficStats( 1673): [QCTMM]tryAll index=2
E/TrafficStats( 1673): [QCTMM]tryAll index=1
E/TrafficStats( 1673): [QCTMM]tryAll index=2
D/DATA    ( 1860): sentSinceLastRecv=0,watchdogTrigger=10,maxindex=0
E/TrafficStats( 1673): [QCTMM]tryAll index=1
E/TrafficStats( 1673): [QCTMM]tryAll index=2
E/TrafficStats( 1673): [QCTMM]tryAll index=1
E/TrafficStats( 1673): [QCTMM]tryAll index=2
D/DATA    ( 1860): sentSinceLastRecv=0,watchdogTrigger=10,maxindex=0
E/TrafficStats( 6963): [QCTMM]tryAll index=1
E/TrafficStats( 6963): [QCTMM]tryAll index=2
E/TrafficStats( 6963): [QCTMM]tryAll index=1
E/TrafficStats( 6963): [QCTMM]tryAll index=2
E/TrafficStats( 6963): [QCTMM]tryAll index=1
E/TrafficStats( 6963): [QCTMM]tryAll index=2
E/TrafficStats( 6963): [QCTMM]tryAll index=1
E/TrafficStats( 6963): [QCTMM]tryAll index=2
E/TrafficStats( 1673): [QCTMM]tryAll index=1
E/TrafficStats( 1673): [QCTMM]tryAll index=2
E/TrafficStats( 1673): [QCTMM]tryAll index=1
E/TrafficStats( 1673): [QCTMM]tryAll index=2
D/DATA    ( 1860): sentSinceLastRecv=0,watchdogTrigger=10,maxindex=0
E/TrafficStats( 1673): [QCTMM]tryAll index=1
E/TrafficStats( 1673): [QCTMM]tryAll index=2
E/TrafficStats( 1673): [QCTMM]tryAll index=1
E/TrafficStats( 1673): [QCTMM]tryAll index=2
D/DATA    ( 1860): sentSinceLastRecv=0,watchdogTrigger=10,maxindex=0
E/TrafficStats( 1673): [QCTMM]tryAll index=1
E/TrafficStats( 1673): [QCTMM]tryAll index=2
E/TrafficStats( 1673): [QCTMM]tryAll index=1
E/TrafficStats( 1673): [QCTMM]tryAll index=2
D/DATA    ( 1860): sentSinceLastRecv=0,watchdogTrigger=10,maxindex=0
E/TrafficStats( 1673): [QCTMM]tryAll index=1
E/TrafficStats( 1673): [QCTMM]tryAll index=2
E/TrafficStats( 1673): [QCTMM]tryAll index=1
E/TrafficStats( 1673): [QCTMM]tryAll index=2
D/DATA    ( 1860): [PhoneNotifier] notifyDataActivityLTE
D/DATA    ( 1860): [QCTMM] DataNetStatistics mIsScreenOn newActivity=DATAINANDOUT
D/DATA    ( 1860): sentSinceLastRecv=0,watchdogTrigger=10,maxindex=0
D/StatusBarPolicy( 1816): hasService()=true ,mDataState=2 ,mPhone.htcModemLinkOn()=false ,mDataActivity=3
D/StatusBarPolicy( 1816): slotType[0]=RUIM
V/DeviceStorageMonitorService( 1673): freeMemory=2098774016
