D/DeviceStorageMonitorService( 1673): OoO SMS Memory available. SMS_AVAILABLE_THRESHOLD == 524288
I/DeviceStorageMonitorService( 1673): Posting Message again
E/TrafficStats( 1673): [QCTMM]tryAll index=1
E/TrafficStats( 1673): [QCTMM]tryAll index=2
E/TrafficStats( 1673): [QCTMM]tryAll index=1
E/TrafficStats( 1673): [QCTMM]tryAll index=2
D/DATA    ( 1860): [PhoneNotifier] notifyDataActivityLTE
D/DATA    ( 1860): [QCTMM] DataNetStatistics mIsScreenOn newActivity=DATAIN
D/DATA    ( 1860): sentSinceLastRecv=0,watchdogTrigger=10,maxindex=0
D/StatusBarPolicy( 1816): hasService()=true ,mDataState=2 ,mPhone.htcModemLinkOn()=false ,mDataActivity=1
D/StatusBarPolicy( 1816): slotType[0]=RUIM
E/TrafficStats( 6963): [QCTMM]tryAll index=1
E/TrafficStats( 6963): [QCTMM]tryAll index=2
E/TrafficStats( 6963): [QCTMM]tryAll index=1
E/TrafficStats( 6963): [QCTMM]tryAll index=2
E/TrafficStats( 6963): [QCTMM]tryAll index=1
E/TrafficStats( 6963): [QCTMM]tryAll index=2
E/TrafficStats( 6963): [QCTMM]tryAll index=1
E/TrafficStats( 6963): [QCTMM]tryAll index=2
E/TrafficStats( 1673): [QCTMM]tryAll index=1
E/TrafficStats( 1673): [QCTMM]tryAll index=2
E/TrafficStats( 1673): [QCTMM]tryAll index=1
E/TrafficStats( 1673): [QCTMM]tryAll index=2
D/DATA    ( 1860): sentSinceLastRecv=0,watchdogTrigger=10,maxindex=0
D/dalvikvm( 6963): GC_CONCURRENT freed 399K, 51% free 3278K/6599K, external 0K/0K, paused 7ms+3ms
D/PowerManagerService( 1673): New lightsensor value:160, lcdValue:94
D/PowerManagerService( 1673): lightSensorChangedLocked, buttonValue >= 0, mPowerState = 3
E/TrafficStats( 1673): [QCTMM]tryAll index=1
E/TrafficStats( 1673): [QCTMM]tryAll index=2
E/TrafficStats( 1673): [QCTMM]tryAll index=1
E/TrafficStats( 1673): [QCTMM]tryAll index=2
D/DATA    ( 1860): sentSinceLastRecv=0,watchdogTrigger=10,maxindex=0
E/TrafficStats( 1673): [QCTMM]tryAll index=1
E/TrafficStats( 1673): [QCTMM]tryAll index=2
E/TrafficStats( 1673): [QCTMM]tryAll index=1
E/TrafficStats( 1673): [QCTMM]tryAll index=2
D/DATA    ( 1860): sentSinceLastRecv=0,watchdogTrigger=10,maxindex=0
E/TrafficStats( 1673): [QCTMM]tryAll index=1
E/TrafficStats( 1673): [QCTMM]tryAll index=2
E/TrafficStats( 1673): [QCTMM]tryAll index=1
E/TrafficStats( 1673): [QCTMM]tryAll index=2
D/DATA    ( 1860): sentSinceLastRecv=0,watchdogTrigger=10,maxindex=0
E/TrafficStats( 1673): [QCTMM]tryAll index=1
E/TrafficStats( 1673): [QCTMM]tryAll index=2
E/TrafficStats( 1673): [QCTMM]tryAll index=1
E/TrafficStats( 1673): [QCTMM]tryAll index=2
D/DATA    ( 1860): sentSinceLastRecv=0,watchdogTrigger=10,maxindex=0
E/TrafficStats( 1673): [QCTMM]tryAll index=1
E/TrafficStats( 1673): [QCTMM]tryAll index=2
E/TrafficStats( 1673): [QCTMM]tryAll index=1
E/TrafficStats( 1673): [QCTMM]tryAll index=2
D/DATA    ( 1860): sentSinceLastRecv=0,watchdogTrigger=10,maxindex=0
E/TrafficStats( 6963): [QCTMM]tryAll index=1
E/TrafficStats( 6963): [QCTMM]tryAll index=2
E/TrafficStats( 6963): [QCTMM]tryAll index=1
E/TrafficStats( 6963): [QCTMM]tryAll index=2
E/TrafficStats( 6963): [QCTMM]tryAll index=1
E/TrafficStats( 6963): [QCTMM]tryAll index=2
E/TrafficStats( 6963): [QCTMM]tryAll index=1
E/TrafficStats( 6963): [QCTMM]tryAll index=2
E/TrafficStats( 1673): [QCTMM]tryAll index=1
E/TrafficStats( 1673): [QCTMM]tryAll index=2
E/TrafficStats( 1673): [QCTMM]tryAll index=1
E/TrafficStats( 1673): [QCTMM]tryAll index=2
D/DATA    ( 1860): sentSinceLastRecv=0,watchdogTrigger=10,maxindex=0
D/PowerManagerService( 1673): New lightsensor value:225, lcdValue:143
E/TrafficStats( 1673): [QCTMM]tryAll index=1
E/TrafficStats( 1673): [QCTMM]tryAll index=2
E/TrafficStats( 1673): [QCTMM]tryAll index=1
E/TrafficStats( 1673): [QCTMM]tryAll index=2
D/DATA    ( 1860): sentSinceLastRecv=0,watchdogTrigger=10,maxindex=0
E/TrafficStats( 1673): [QCTMM]tryAll index=1
E/TrafficStats( 1673): [QCTMM]tryAll index=2
E/TrafficStats( 1673): [QCTMM]tryAll index=1
E/TrafficStats( 1673): [QCTMM]tryAll index=2
D/DATA    ( 1860): sentSinceLastRecv=0,watchdogTrigger=10,maxindex=0
E/TrafficStats( 1673): [QCTMM]tryAll index=1
E/TrafficStats( 1673): [QCTMM]tryAll index=2
E/TrafficStats( 1673): [QCTMM]tryAll index=1
E/TrafficStats( 1673): [QCTMM]tryAll index=2
D/DATA    ( 1860): sentSinceLastRecv=0,watchdogTrigger=10,maxindex=0
E/TrafficStats( 1673): [QCTMM]tryAll index=1
E/TrafficStats( 1673): [QCTMM]tryAll index=2
E/TrafficStats( 1673): [QCTMM]tryAll index=1
E/TrafficStats( 1673): [QCTMM]tryAll index=2
D/DATA    ( 1860): sentSinceLastRecv=0,watchdogTrigger=10,maxindex=0
E/TrafficStats( 1673): [QCTMM]tryAll index=1
E/TrafficStats( 1673): [QCTMM]tryAll index=2
E/TrafficStats( 1673): [QCTMM]tryAll index=1
E/TrafficStats( 1673): [QCTMM]tryAll index=2
D/DATA    ( 1860): sentSinceLastRecv=0,watchdogTrigger=10,maxindex=0
E/TrafficStats( 6963): [QCTMM]tryAll index=1
E/TrafficStats( 6963): [QCTMM]tryAll index=2
E/TrafficStats( 6963): [QCTMM]tryAll index=1
E/TrafficStats( 6963): [QCTMM]tryAll index=2
E/TrafficStats( 6963): [QCTMM]tryAll index=1
E/TrafficStats( 6963): [QCTMM]tryAll index=2
E/TrafficStats( 6963): [QCTMM]tryAll index=1
E/TrafficStats( 6963): [QCTMM]tryAll index=2
E/TrafficStats( 1673): [QCTMM]tryAll index=1
E/TrafficStats( 1673): [QCTMM]tryAll index=2
E/TrafficStats( 1673): [QCTMM]tryAll index=1
E/TrafficStats( 1673): [QCTMM]tryAll index=2
D/DATA    ( 1860): sentSinceLastRecv=0,watchdogTrigger=10,maxindex=0
E/TrafficStats( 1673): [QCTMM]tryAll index=1
E/TrafficStats( 1673): [QCTMM]tryAll index=2
E/TrafficStats( 1673): [QCTMM]tryAll index=1
E/TrafficStats( 1673): [QCTMM]tryAll index=2
D/DATA    ( 1860): sentSinceLastRecv=0,watchdogTrigger=10,maxindex=0
E/TrafficStats( 1673): [QCTMM]tryAll index=1
E/TrafficStats( 1673): [QCTMM]tryAll index=2
E/TrafficStats( 1673): [QCTMM]tryAll index=1
E/TrafficStats( 1673): [QCTMM]tryAll index=2
D/DATA    ( 1860): sentSinceLastRecv=0,watchdogTrigger=10,maxindex=0
E/TrafficStats( 1673): [QCTMM]tryAll index=1
E/TrafficStats( 1673): [QCTMM]tryAll index=2
E/TrafficStats( 1673): [QCTMM]tryAll index=1
E/TrafficStats( 1673): [QCTMM]tryAll index=2
D/DATA    ( 1860): sentSinceLastRecv=0,watchdogTrigger=10,maxindex=0
E/TrafficStats( 1673): [QCTMM]tryAll index=1
E/TrafficStats( 1673): [QCTMM]tryAll index=2
E/TrafficStats( 1673): [QCTMM]tryAll index=1
E/TrafficStats( 1673): [QCTMM]tryAll index=2
D/DATA    ( 1860): [PhoneNotifier] notifyDataActivityLTE
D/DATA    ( 1860): [QCTMM] DataNetStatistics mIsScreenOn newActivity=DATAINANDOUT
D/DATA    ( 1860): sentSinceLastRecv=0,watchdogTrigger=10,maxindex=0
D/StatusBarPolicy( 1816): hasService()=true ,mDataState=2 ,mPhone.htcModemLinkOn()=false ,mDataActivity=3
D/StatusBarPolicy( 1816): slotType[0]=RUIM
E/TrafficStats( 6963): [QCTMM]tryAll index=1
E/TrafficStats( 6963): [QCTMM]tryAll index=2
E/TrafficStats( 6963): [QCTMM]tryAll index=1
E/TrafficStats( 6963): [QCTMM]tryAll index=2
E/TrafficStats( 6963): [QCTMM]tryAll index=1
E/TrafficStats( 6963): [QCTMM]tryAll index=2
E/TrafficStats( 6963): [QCTMM]tryAll index=1
E/TrafficStats( 6963): [QCTMM]tryAll index=2
E/TrafficStats( 1673): [QCTMM]tryAll index=1
E/TrafficStats( 1673): [QCTMM]tryAll index=2
E/TrafficStats( 1673): [QCTMM]tryAll index=1
E/TrafficStats( 1673): [QCTMM]tryAll index=2
D/DATA    ( 1860): [PhoneNotifier] notifyDataActivityLTE
D/DATA    ( 1860): [QCTMM] DataNetStatistics mIsScreenOn newActivity=DATAIN
D/DATA    ( 1860): sentSinceLastRecv=0,watchdogTrigger=10,maxindex=0
D/StatusBarPolicy( 1816): hasService()=true ,mDataState=2 ,mPhone.htcModemLinkOn()=false ,mDataActivity=1
D/StatusBarPolicy( 1816): slotType[0]=RUIM
E/TrafficStats( 1673): [QCTMM]tryAll index=1
E/TrafficStats( 1673): [QCTMM]tryAll index=2
E/TrafficStats( 1673): [QCTMM]tryAll index=1
E/TrafficStats( 1673): [QCTMM]tryAll index=2
D/DATA    ( 1860): sentSinceLastRecv=0,watchdogTrigger=10,maxindex=0
E/TrafficStats( 1673): [QCTMM]tryAll index=1
E/TrafficStats( 1673): [QCTMM]tryAll index=2
E/TrafficStats( 1673): [QCTMM]tryAll index=1
E/TrafficStats( 1673): [QCTMM]tryAll index=2
D/DATA    ( 1860): [QCTMM] DataNetStatistics sent == 0 && received == 0 newActivity=NONE
D/DATA    ( 1860): [PhoneNotifier] notifyDataActivityLTE
D/DATA    ( 1860): [QCTMM] DataNetStatistics mIsScreenOn newActivity=NONE
D/DATA    ( 1860): sentSinceLastRecv=0,watchdogTrigger=10,maxindex=0
D/StatusBarPolicy( 1816): hasService()=true ,mDataState=2 ,mPhone.htcModemLinkOn()=false ,mDataActivity=0
D/StatusBarPolicy( 1816): slotType[0]=RUIM
E/TrafficStats( 1673): [QCTMM]tryAll index=1
E/TrafficStats( 1673): [QCTMM]tryAll index=2
E/TrafficStats( 1673): [QCTMM]tryAll index=1
E/TrafficStats( 1673): [QCTMM]tryAll index=2
D/DATA    ( 1860): [QCTMM] DataNetStatistics sent == 0 && received == 0 newActivity=NONE
D/DATA    ( 1860): sentSinceLastRecv=0,watchdogTrigger=10,maxindex=0
E/TrafficStats( 1673): [QCTMM]tryAll index=1
E/TrafficStats( 1673): [QCTMM]tryAll index=2
E/TrafficStats( 1673): [QCTMM]tryAll index=1
E/TrafficStats( 1673): [QCTMM]tryAll index=2
D/DATA    ( 1860): [QCTMM] DataNetStatistics sent == 0 && received == 0 newActivity=NONE
D/DATA    ( 1860): sentSinceLastRecv=0,watchdogTrigger=10,maxindex=0
E/TrafficStats( 1673): [QCTMM]tryAll index=1
E/TrafficStats( 1673): [QCTMM]tryAll index=2
E/TrafficStats( 1673): [QCTMM]tryAll index=1
E/TrafficStats( 1673): [QCTMM]tryAll index=2
D/DATA    ( 1860): [QCTMM] DataNetStatistics sent == 0 && received == 0 newActivity=NONE
D/DATA    ( 1860): sentSinceLastRecv=0,watchdogTrigger=10,maxindex=0
E/TrafficStats( 6963): [QCTMM]tryAll index=1
E/TrafficStats( 6963): [QCTMM]tryAll index=2
E/TrafficStats( 6963): [QCTMM]tryAll index=1
E/TrafficStats( 6963): [QCTMM]tryAll index=2
E/TrafficStats( 6963): [QCTMM]tryAll index=1
E/TrafficStats( 6963): [QCTMM]tryAll index=2
E/TrafficStats( 6963): [QCTMM]tryAll index=1
E/TrafficStats( 6963): [QCTMM]tryAll index=2
E/TrafficStats( 1673): [QCTMM]tryAll index=1
E/TrafficStats( 1673): [QCTMM]tryAll index=2
E/TrafficStats( 1673): [QCTMM]tryAll index=1
E/TrafficStats( 1673): [QCTMM]tryAll index=2
D/DATA    ( 1860): [QCTMM] DataNetStatistics sent == 0 && received == 0 newActivity=NONE
D/DATA    ( 1860): sentSinceLastRecv=0,watchdogTrigger=10,maxindex=0
E/TrafficStats( 6963): [QCTMM]tryAll index=1
E/TrafficStats( 6963): [QCTMM]tryAll index=2
E/TrafficStats( 6963): [QCTMM]tryAll index=1
E/TrafficStats( 6963): [QCTMM]tryAll index=2
E/TrafficStats( 6963): [QCTMM]tryAll index=1
E/TrafficStats( 6963): [QCTMM]tryAll index=2
E/TrafficStats( 6963): [QCTMM]tryAll index=1
E/TrafficStats( 6963): [QCTMM]tryAll index=2
D/dalvikvm( 6963): GC_CONCURRENT freed 459K, 51% free 3285K/6599K, external 0K/0K, paused 2ms+2ms
E/TrafficStats( 1673): [QCTMM]tryAll index=1
E/TrafficStats( 1673): [QCTMM]tryAll index=2
E/TrafficStats( 1673): [QCTMM]tryAll index=1
E/TrafficStats( 1673): [QCTMM]tryAll index=2
D/DATA    ( 1860): [QCTMM] DataNetStatistics sent == 0 && received == 0 newActivity=NONE
D/DATA    ( 1860): sentSinceLastRecv=0,watchdogTrigger=10,maxindex=0
E/TrafficStats( 1673): [QCTMM]tryAll index=1
E/TrafficStats( 1673): [QCTMM]tryAll index=2
E/TrafficStats( 1673): [QCTMM]tryAll index=1
E/TrafficStats( 1673): [QCTMM]tryAll index=2
D/DATA    ( 1860): [PhoneNotifier] notifyDataActivityLTE
D/DATA    ( 1860): [QCTMM] DataNetStatistics mIsScreenOn newActivity=DATAINANDOUT
D/DATA    ( 1860): sentSinceLastRecv=0,watchdogTrigger=10,maxindex=0
D/StatusBarPolicy( 1816): hasService()=true ,mDataState=2 ,mPhone.htcModemLinkOn()=false ,mDataActivity=3
D/StatusBarPolicy( 1816): slotType[0]=RUIM
D/dalvikvm( 1860): GC_CONCURRENT freed 1350K, 49% free 4399K/8519K, external 2639K/3295K, paused 14ms+4ms
E/TrafficStats( 1673): [QCTMM]tryAll index=1
E/TrafficStats( 1673): [QCTMM]tryAll index=2
E/TrafficStats( 1673): [QCTMM]tryAll index=1
E/TrafficStats( 1673): [QCTMM]tryAll index=2
D/DATA    ( 1860): [QCTMM] DataNetStatistics sent == 0 && received == 0 newActivity=NONE
D/DATA    ( 1860): [PhoneNotifier] notifyDataActivityLTE
D/DATA    ( 1860): [QCTMM] DataNetStatistics mIsScreenOn newActivity=NONE
D/DATA    ( 1860): sentSinceLastRecv=0,watchdogTrigger=10,maxindex=0
D/StatusBarPolicy( 1816): hasService()=true ,mDataState=2 ,mPhone.htcModemLinkOn()=false ,mDataActivity=0
D/StatusBarPolicy( 1816): slotType[0]=RUIM
E/TrafficStats( 1673): [QCTMM]tryAll index=1
E/TrafficStats( 1673): [QCTMM]tryAll index=2
E/TrafficStats( 1673): [QCTMM]tryAll index=1
E/TrafficStats( 1673): [QCTMM]tryAll index=2
D/DATA    ( 1860): [QCTMM] DataNetStatistics sent == 0 && received == 0 newActivity=NONE
D/DATA    ( 1860): sentSinceLastRecv=0,watchdogTrigger=10,maxindex=0
D/UDP-TIMING( 7443): 0 0 -0.153161000
D/UDP-TIMING( 7443): 1 0 -0.162826000
D/UDP-TIMING( 7443): 2 0 -0.146475000
D/UDP-TIMING( 7443): 3 0 -0.156589000
D/UDP-TIMING( 7443): 4 0 -0.136939000
D/UDP-TIMING( 7443): 5 0 -0.147107000
D/UDP-TIMING( 7443): 6 0 -0.157252000
D/UDP-TIMING( 7443): 7 0 -0.137192000
D/UDP-TIMING( 7443): 8 0 -0.147344000
D/UDP-TIMING( 7443): 9 0 -0.157513000
D/UDP-TIMING( 7443): 10 0 -0.137981000
D/UDP-TIMING( 7443): 11 0 -0.148105000
D/UDP-TIMING( 7443): 12 0 -0.158240000
D/UDP-TIMING( 7443): 13 0 -0.138030000
D/UDP-TIMING( 7443): 14 0 -0.148191000
D/UDP-TIMING( 7443): 15 0 -0.158347000
D/UDP-TIMING( 7443): 16 0 -0.138857000
D/UDP-TIMING( 7443): 17 0 -0.148998000
D/UDP-TIMING( 7443): 18 0 -0.159172000
D/UDP-TIMING( 7443): 19 0 -0.138934000
D/UDP-TIMING( 7443): 20 0 -0.149095000
D/UDP-TIMING( 7443): 21 0 -0.159229000
D/UDP-TIMING( 7443): 22 0 -0.139816000
D/UDP-TIMING( 7443): 23 0 -0.149884000
D/UDP-TIMING( 7443): 24 0 -0.160044000
D/UDP-TIMING( 7443): 25 0 -0.139921000
D/UDP-TIMING( 7443): 26 0 -0.150037000
D/UDP-TIMING( 7443): 27 0 -0.160104000
D/UDP-TIMING( 7443): 28 0 -0.140552000
D/UDP-TIMING( 7443): 29 0 -0.150713000
D/UDP-TIMING( 7443): 30 0 -0.130778000
D/UDP-TIMING( 7443): 31 0 -0.140941000
D/UDP-TIMING( 7443): 32 0 -0.151079000
D/UDP-TIMING( 7443): 33 0 -0.161178000
D/UDP-TIMING( 7443): 34 0 -0.141059000
D/UDP-TIMING( 7443): 35 0 -0.151220000
D/UDP-TIMING( 7443): 36 0 -0.161377000
D/UDP-TIMING( 7443): 37 0 -0.141920000
D/UDP-TIMING( 7443): 38 0 -0.152014000
D/UDP-TIMING( 7443): 39 0 -0.162150000
D/UDP-TIMING( 7443): 40 0 -0.142105000
D/UDP-TIMING( 7443): 41 0 -0.152203000
D/UDP-TIMING( 7443): 42 0 -0.162342000
D/UDP-TIMING( 7443): 43 0 -0.142737000
D/UDP-TIMING( 7443): 44 0 -0.152854000
D/UDP-TIMING( 7443): 45 0 -0.162968000
D/UDP-TIMING( 7443): 46 0 -0.142799000
D/UDP-TIMING( 7443): 47 0 -0.152963000
D/UDP-TIMING( 7443): 48 0 -0.163085000
E/TrafficStats( 1673): [QCTMM]tryAll index=1
E/TrafficStats( 1673): [QCTMM]tryAll index=2
E/TrafficStats( 1673): [QCTMM]tryAll index=1
E/TrafficStats( 1673): [QCTMM]tryAll index=2
D/UDP-TIMING( 7443): 49 0 -0.142959000
D/UDP-TIMING( 7443): 50 0 -0.153056000
D/DATA    ( 1860): [PhoneNotifier] notifyDataActivityLTE
D/DATA    ( 1860): [QCTMM] DataNetStatistics mIsScreenOn newActivity=DATAINANDOUT
D/DATA    ( 1860): sentSinceLastRecv=0,watchdogTrigger=10,maxindex=0
D/StatusBarPolicy( 1816): hasService()=true ,mDataState=2 ,mPhone.htcModemLinkOn()=false ,mDataActivity=3
D/StatusBarPolicy( 1816): slotType[0]=RUIM
D/UDP-TIMING( 7443): 51 0 -0.132973000
D/UDP-TIMING( 7443): 52 0 -0.143071000
D/UDP-TIMING( 7443): 53 0 -0.153162000
D/UDP-TIMING( 7443): 54 0 -0.134706000
D/UDP-TIMING( 7443): 55 0 -0.144869000
D/UDP-TIMING( 7443): 56 0 -0.154983000
D/UDP-TIMING( 7443): 57 0 -0.134946000
D/UDP-TIMING( 7443): 58 0 -0.145066000
D/UDP-TIMING( 7443): 59 0 -0.155223000
D/UDP-TIMING( 7443): 60 0 -0.135051000
D/UDP-TIMING( 7443): 61 0 -0.145206000
D/UDP-TIMING( 7443): 62 0 -0.155361000
D/UDP-TIMING( 7443): 63 0 -0.135220000
D/UDP-TIMING( 7443): 64 0 -0.145341000
D/UDP-TIMING( 7443): 65 0 -0.155471000
D/UDP-TIMING( 7443): 66 0 -0.135841000
D/UDP-TIMING( 7443): 67 0 -0.145994000
D/UDP-TIMING( 7443): 68 0 -0.156167000
D/UDP-TIMING( 7443): 69 0 -0.136286000
D/UDP-TIMING( 7443): 70 0 -0.146448000
D/UDP-TIMING( 7443): 71 0 -0.156611000
D/UDP-TIMING( 7443): 72 0 -0.136504000
D/UDP-TIMING( 7443): 73 0 -0.146608000
D/UDP-TIMING( 7443): 74 0 -0.156760000
D/UDP-TIMING( 7443): 75 0 -0.137156000
D/UDP-TIMING( 7443): 76 0 -0.147310000
D/UDP-TIMING( 7443): 77 0 -0.157477000
E/TrafficStats( 6963): [QCTMM]tryAll index=1
E/TrafficStats( 6963): [QCTMM]tryAll index=2
E/TrafficStats( 6963): [QCTMM]tryAll index=1
E/TrafficStats( 6963): [QCTMM]tryAll index=2
E/TrafficStats( 6963): [QCTMM]tryAll index=1
E/TrafficStats( 6963): [QCTMM]tryAll index=2
E/TrafficStats( 6963): [QCTMM]tryAll index=1
E/TrafficStats( 6963): [QCTMM]tryAll index=2
D/UDP-TIMING( 7443): 78 0 -0.136855000
D/UDP-TIMING( 7443): 79 0 -0.146981000
D/UDP-TIMING( 7443): 80 0 -0.157104000
D/UDP-TIMING( 7443): 81 0 -0.138053000
D/UDP-TIMING( 7443): 82 0 -0.148181000
D/UDP-TIMING( 7443): 83 0 -0.158308000
D/UDP-TIMING( 7443): 84 0 -0.138204000
D/UDP-TIMING( 7443): 85 0 -0.148373000
D/UDP-TIMING( 7443): 86 0 -0.158537000
D/UDP-TIMING( 7443): 87 0 -0.139032000
D/UDP-TIMING( 7443): 88 0 -0.149207000
D/UDP-TIMING( 7443): 89 0 -0.129078000
D/UDP-TIMING( 7443): 90 0 -0.139205000
D/UDP-TIMING( 7443): 91 0 -0.149340000
D/UDP-TIMING( 7443): 92 0 -0.159472000
D/UDP-TIMING( 7443): 93 0 -0.139778000
D/UDP-TIMING( 7443): 94 0 -0.149933000
D/UDP-TIMING( 7443): 95 0 -0.160095000
D/UDP-TIMING( 7443): 96 0 -0.140046000
D/UDP-TIMING( 7443): 97 0 -0.150209000
D/UDP-TIMING( 7443): 98 0 -0.160371000
D/UDP-TIMING( 7443): 99 0 -0.140803000
D/UDP-TIMING( 7443): 100 0 -0.150971000
D/UDP-TIMING( 7443): 101 0 -0.161152000
D/UDP-TIMING( 7443): 102 0 -0.140856000
D/UDP-TIMING( 7443): 103 0 -0.150974000
D/UDP-TIMING( 7443): 104 0 -0.161086000
D/UDP-TIMING( 7443): 105 0 -0.141663000
D/UDP-TIMING( 7443): 106 0 -0.151786000
D/UDP-TIMING( 7443): 107 0 -0.161922000
D/UDP-TIMING( 7443): 108 0 -0.142022000
D/UDP-TIMING( 7443): 109 0 -0.152186000
D/UDP-TIMING( 7443): 110 0 -0.162351000
D/UDP-TIMING( 7443): 111 0 -0.142279000
D/UDP-TIMING( 7443): 112 0 -0.152408000
D/UDP-TIMING( 7443): 113 0 -0.162488000
D/UDP-TIMING( 7443): 114 0 -0.142992000
D/UDP-TIMING( 7443): 115 0 -0.153119000
D/UDP-TIMING( 7443): 116 0 -0.163243000
D/UDP-TIMING( 7443): 117 0 -0.143068000
D/UDP-TIMING( 7443): 118 0 -0.153147000
D/UDP-TIMING( 7443): 119 0 -0.133704000
D/UDP-TIMING( 7443): 120 0 -0.143813000
D/UDP-TIMING( 7443): 121 0 -0.153952000
D/UDP-TIMING( 7443): 122 0 -0.133766000
D/UDP-TIMING( 7443): 123 0 -0.143899000
D/UDP-TIMING( 7443): 124 0 -0.154052000
D/UDP-TIMING( 7443): 125 0 -0.134566000
D/UDP-TIMING( 7443): 126 0 -0.144733000
D/UDP-TIMING( 7443): 127 0 -0.154876000
D/UDP-TIMING( 7443): 128 0 -0.134716000
D/UDP-TIMING( 7443): 129 0 -0.144841000
D/UDP-TIMING( 7443): 130 0 -0.155001000
D/UDP-TIMING( 7443): 131 0 -0.135370000
D/UDP-TIMING( 7443): 132 0 -0.145478000
D/UDP-TIMING( 7443): 133 0 -0.155614000
D/UDP-TIMING( 7443): 134 0 -0.135505000
D/UDP-TIMING( 7443): 135 0 -0.145672000
D/UDP-TIMING( 7443): 136 0 -0.155787000
D/UDP-TIMING( 7443): 137 0 -0.136295000
D/UDP-TIMING( 7443): 138 0 -0.146381000
D/UDP-TIMING( 7443): 139 0 -0.156612000
D/UDP-TIMING( 7443): 140 0 -0.136539000
D/UDP-TIMING( 7443): 141 0 -0.146662000
D/UDP-TIMING( 7443): 142 0 -0.156834000
D/UDP-TIMING( 7443): 143 0 -0.137291000
D/UDP-TIMING( 7443): 144 0 -0.147422000
D/UDP-TIMING( 7443): 145 0 -0.157583000
D/UDP-TIMING( 7443): 146 0 -0.137723000
D/UDP-TIMING( 7443): 147 0 -0.147812000
D/UDP-TIMING( 7443): 148 0 -0.157944000
D/UDP-TIMING( 7443): 149 0 -0.137804000
D/UDP-TIMING( 7443): 150 0 -0.147931000
D/UDP-TIMING( 7443): 151 0 -0.158234000
E/TrafficStats( 1673): [QCTMM]tryAll index=1
E/TrafficStats( 1673): [QCTMM]tryAll index=2
E/TrafficStats( 1673): [QCTMM]tryAll index=1
E/TrafficStats( 1673): [QCTMM]tryAll index=2
D/DATA    ( 1860): [PhoneNotifier] notifyDataActivityLTE
D/DATA    ( 1860): [QCTMM] DataNetStatistics mIsScreenOn newActivity=DATAIN
D/DATA    ( 1860): sentSinceLastRecv=0,watchdogTrigger=10,maxindex=0
D/UDP-TIMING( 7443): 152 0 -0.138116000
D/UDP-TIMING( 7443): 153 0 -0.148219000
D/UDP-TIMING( 7443): 154 0 -0.158398000
D/StatusBarPolicy( 1816): hasService()=true ,mDataState=2 ,mPhone.htcModemLinkOn()=false ,mDataActivity=1
D/StatusBarPolicy( 1816): slotType[0]=RUIM
D/UDP-TIMING( 7443): 155 0 -0.138678000
D/UDP-TIMING( 7443): 156 0 -0.148791000
D/UDP-TIMING( 7443): 157 0 -0.158913000
D/UDP-TIMING( 7443): 158 0 -0.139936000
D/UDP-TIMING( 7443): 159 0 -0.150063000
D/UDP-TIMING( 7443): 160 0 -0.160168000
D/UDP-TIMING( 7443): 161 0 -0.140140000
D/UDP-TIMING( 7443): 162 0 -0.150304000
D/UDP-TIMING( 7443): 163 0 -0.160414000
D/UDP-TIMING( 7443): 164 0 -0.140093000
D/UDP-TIMING( 7443): 165 0 -0.150254000
D/UDP-TIMING( 7443): 166 0 -0.160417000
D/UDP-TIMING( 7443): 167 0 -0.140208000
D/UDP-TIMING( 7443): 168 0 -0.150382000
D/UDP-TIMING( 7443): 169 0 -0.160613000
D/UDP-TIMING( 7443): 170 0 -0.141175000
D/UDP-TIMING( 7443): 171 0 -0.151406000
D/UDP-TIMING( 7443): 172 0 -0.161639000
D/UDP-TIMING( 7443): 173 0 -0.141466000
D/UDP-TIMING( 7443): 174 0 -0.151605000
D/UDP-TIMING( 7443): 175 0 -0.161905000
D/UDP-TIMING( 7443): 176 0 -0.142408000
D/UDP-TIMING( 7443): 177 0 -0.152575000
D/UDP-TIMING( 7443): 178 0 -0.132501000
D/UDP-TIMING( 7443): 179 0 -0.142589000
D/UDP-TIMING( 7443): 180 0 -0.152705000
D/UDP-TIMING( 7443): 181 0 -0.162819000
D/UDP-TIMING( 7443): 182 0 -0.143282000
D/UDP-TIMING( 7443): 183 0 -0.153373000
D/UDP-TIMING( 7443): 184 0 -0.163483000
D/UDP-TIMING( 7443): 185 0 -0.143537000
D/UDP-TIMING( 7443): 186 0 -0.153649000
D/UDP-TIMING( 7443): 187 0 -0.163757000
D/UDP-TIMING( 7443): 188 0 -0.143610000
D/UDP-TIMING( 7443): 189 0 -0.153697000
D/UDP-TIMING( 7443): 190 0 -0.134152000
D/UDP-TIMING( 7443): 191 0 -0.144269000
D/UDP-TIMING( 7443): 192 0 -0.154366000
D/UDP-TIMING( 7443): 193 0 -0.134213000
D/UDP-TIMING( 7443): 194 0 -0.144300000
D/UDP-TIMING( 7443): 195 0 -0.154412000
D/UDP-TIMING( 7443): 196 0 -0.134799000
D/UDP-TIMING( 7443): 197 0 -0.144882000
D/UDP-TIMING( 7443): 198 0 -0.155009000
D/UDP-TIMING( 7443): 199 0 -0.134801000
D/UDP-TIMING( 7443): 200 0 -0.144916000
D/UDP-TIMING( 7443): 201 0 -0.155032000
D/UDP-TIMING( 7443): 202 0 -0.135450000
D/UDP-TIMING( 7443): 203 0 -0.145575000
D/UDP-TIMING( 7443): 204 0 -0.155669000
D/UDP-TIMING( 7443): 205 0 -0.135619000
D/UDP-TIMING( 7443): 206 0 -0.145791000
D/UDP-TIMING( 7443): 207 0 -0.155958000
D/UDP-TIMING( 7443): 208 0 -0.136427000
D/UDP-TIMING( 7443): 209 0 -0.146551000
D/UDP-TIMING( 7443): 210 0 -0.156638000
D/UDP-TIMING( 7443): 211 0 -0.136524000
D/UDP-TIMING( 7443): 212 0 -0.146634000
D/UDP-TIMING( 7443): 213 0 -0.156799000
D/UDP-TIMING( 7443): 214 0 -0.137228000
D/UDP-TIMING( 7443): 215 0 -0.147383000
D/UDP-TIMING( 7443): 216 0 -0.157545000
D/UDP-TIMING( 7443): 217 0 -0.137340000
D/UDP-TIMING( 7443): 218 0 -0.147507000
D/UDP-TIMING( 7443): 219 0 -0.157685000
D/UDP-TIMING( 7443): 220 0 -0.138157000
D/UDP-TIMING( 7443): 221 0 -0.148316000
D/UDP-TIMING( 7443): 222 0 -0.158480000
D/UDP-TIMING( 7443): 223 0 -0.138648000
D/UDP-TIMING( 7443): 224 0 -0.148812000
D/UDP-TIMING( 7443): 225 0 -0.158923000
D/UDP-TIMING( 7443): 226 0 -0.138798000
D/UDP-TIMING( 7443): 227 0 -0.148941000
D/UDP-TIMING( 7443): 228 0 -0.159028000
D/UDP-TIMING( 7443): 229 0 -0.139506000
D/UDP-TIMING( 7443): 230 0 -0.149633000
D/UDP-TIMING( 7443): 231 0 -0.159794000
D/UDP-TIMING( 7443): 232 0 -0.139553000
D/UDP-TIMING( 7443): 233 0 -0.149712000
D/UDP-TIMING( 7443): 234 0 -0.159878000
D/UDP-TIMING( 7443): 235 0 -0.140509000
D/UDP-TIMING( 7443): 236 0 -0.150675000
D/UDP-TIMING( 7443): 237 0 -0.160805000
D/UDP-TIMING( 7443): 238 0 -0.140703000
D/UDP-TIMING( 7443): 239 0 -0.150860000
D/UDP-TIMING( 7443): 240 0 -0.161030000
D/UDP-TIMING( 7443): 241 0 -0.141413000
D/UDP-TIMING( 7443): 242 0 -0.151545000
D/UDP-TIMING( 7443): 243 0 -0.161659000
D/UDP-TIMING( 7443): 244 0 -0.141523000
D/UDP-TIMING( 7443): 245 0 -0.151734000
D/UDP-TIMING( 7443): 246 0 -0.161825000
D/UDP-TIMING( 7443): 247 0 -0.142397000
D/UDP-TIMING( 7443): 248 0 -0.152506000
D/UDP-TIMING( 7443): 249 0 -0.162687000
D/UDP-TIMING( 7443): 250 0 -0.142611000
D/UDP-TIMING( 7443): 251 0 -0.152721000
D/UDP-TIMING( 7443): 252 0 -0.162853000
E/TrafficStats( 1673): [QCTMM]tryAll index=1
E/TrafficStats( 1673): [QCTMM]tryAll index=2
D/UDP-TIMING( 7443): 253 0 -0.143167000
D/UDP-TIMING( 7443): 254 0 -0.153285000
D/UDP-TIMING( 7443): 255 0 -0.163456000
E/TrafficStats( 1673): [QCTMM]tryAll index=1
E/TrafficStats( 1673): [QCTMM]tryAll index=2
D/UDP-TIMING( 7443): 256 0 -0.142851000
D/UDP-TIMING( 7443): 257 0 -0.152966000
D/UDP-TIMING( 7443): 258 0 -0.163080000
D/DATA    ( 1860): sentSinceLastRecv=0,watchdogTrigger=10,maxindex=0
D/UDP-TIMING( 7443): 259 0 -0.143899000
D/UDP-TIMING( 7443): 260 0 -0.154071000
D/UDP-TIMING( 7443): 261 0 -0.164300000
D/UDP-TIMING( 7443): 262 0 -0.144583000
D/UDP-TIMING( 7443): 263 0 -0.154723000
D/UDP-TIMING( 7443): 264 0 -0.134590000
D/UDP-TIMING( 7443): 265 0 -0.144756000
D/UDP-TIMING( 7443): 266 0 -0.154878000
D/UDP-TIMING( 7443): 267 0 -0.135321000
D/UDP-TIMING( 7443): 268 0 -0.145402000
D/UDP-TIMING( 7443): 269 0 -0.155559000
D/UDP-TIMING( 7443): 270 0 -0.135411000
D/UDP-TIMING( 7443): 271 0 -0.145532000
D/UDP-TIMING( 7443): 272 0 -0.155680000
D/UDP-TIMING( 7443): 273 0 -0.136206000
D/UDP-TIMING( 7443): 274 0 -0.146287000
D/UDP-TIMING( 7443): 275 0 -0.126072000
D/UDP-TIMING( 7443): 276 0 -0.136245000
D/UDP-TIMING( 7443): 277 0 -0.146338000
D/UDP-TIMING( 7443): 278 0 -0.156466000
D/UDP-TIMING( 7443): 279 0 -0.137021000
D/UDP-TIMING( 7443): 280 0 -0.147182000
D/UDP-TIMING( 7443): 281 0 -0.157351000
D/UDP-TIMING( 7443): 282 0 -0.137182000
D/UDP-TIMING( 7443): 283 0 -0.147303000
D/UDP-TIMING( 7443): 284 0 -0.157428000
D/UDP-TIMING( 7443): 285 0 -0.137823000
D/UDP-TIMING( 7443): 286 0 -0.147923000
D/UDP-TIMING( 7443): 287 0 -0.158013000
D/UDP-TIMING( 7443): 288 0 -0.137869000
D/UDP-TIMING( 7443): 289 0 -0.147985000
D/UDP-TIMING( 7443): 290 0 -0.158177000
D/UDP-TIMING( 7443): 291 0 -0.138518000
D/UDP-TIMING( 7443): 292 0 -0.148647000
D/UDP-TIMING( 7443): 293 0 -0.158765000
D/UDP-TIMING( 7443): 294 0 -0.138642000
D/UDP-TIMING( 7443): 295 0 -0.148729000
D/UDP-TIMING( 7443): 296 0 -0.158888000
D/UDP-TIMING( 7443): 297 0 -0.139381000
D/UDP-TIMING( 7443): 298 0 -0.149555000
D/UDP-TIMING( 7443): 299 0 -0.159647000
D/UDP-TIMING( 7443): 300 0 -0.139802000
D/UDP-TIMING( 7443): 301 0 -0.149968000
D/UDP-TIMING( 7443): 302 0 -0.160152000
D/UDP-TIMING( 7443): 303 0 -0.140042000
D/UDP-TIMING( 7443): 304 0 -0.150156000
D/UDP-TIMING( 7443): 305 0 -0.160317000
D/UDP-TIMING( 7443): 306 0 -0.140701000
D/UDP-TIMING( 7443): 307 0 -0.150894000
D/UDP-TIMING( 7443): 308 0 -0.161059000
D/UDP-TIMING( 7443): 309 0 -0.141072000
D/UDP-TIMING( 7443): 310 0 -0.151229000
D/UDP-TIMING( 7443): 311 0 -0.161401000
D/UDP-TIMING( 7443): 312 0 -0.141831000
D/UDP-TIMING( 7443): 313 0 -0.151979000
D/UDP-TIMING( 7443): 314 0 -0.162093000
D/UDP-TIMING( 7443): 315 0 -0.141920000
D/UDP-TIMING( 7443): 316 0 -0.152048000
D/UDP-TIMING( 7443): 317 0 -0.132469000
D/UDP-TIMING( 7443): 318 0 -0.142600000
D/UDP-TIMING( 7443): 319 0 -0.152756000
D/UDP-TIMING( 7443): 320 0 -0.162911000
D/UDP-TIMING( 7443): 321 0 -0.142667000
D/UDP-TIMING( 7443): 322 0 -0.152835000
D/UDP-TIMING( 7443): 323 0 -0.163001000
D/UDP-TIMING( 7443): 324 0 -0.143523000
D/UDP-TIMING( 7443): 325 0 -0.153683000
D/UDP-TIMING( 7443): 326 0 -0.163810000
D/UDP-TIMING( 7443): 327 0 -0.143720000
D/UDP-TIMING( 7443): 328 0 -0.153802000
D/UDP-TIMING( 7443): 329 0 -0.134215000
D/UDP-TIMING( 7443): 330 0 -0.144375000
D/UDP-TIMING( 7443): 331 0 -0.154536000
D/UDP-TIMING( 7443): 332 0 -0.134371000
D/UDP-TIMING( 7443): 333 0 -0.144476000
D/UDP-TIMING( 7443): 334 0 -0.154604000
D/UDP-TIMING( 7443): 335 0 -0.134994000
D/UDP-TIMING( 7443): 336 0 -0.145149000
D/UDP-TIMING( 7443): 337 0 -0.155318000
D/UDP-TIMING( 7443): 338 0 -0.135538000
D/UDP-TIMING( 7443): 339 0 -0.145655000
D/UDP-TIMING( 7443): 340 0 -0.155822000
D/UDP-TIMING( 7443): 341 0 -0.135695000
D/UDP-TIMING( 7443): 342 0 -0.145859000
D/UDP-TIMING( 7443): 343 0 -0.155951000
D/UDP-TIMING( 7443): 344 0 -0.136400000
D/UDP-TIMING( 7443): 345 0 -0.146526000
D/UDP-TIMING( 7443): 346 0 -0.156690000
D/UDP-TIMING( 7443): 347 0 -0.136616000
D/UDP-TIMING( 7443): 348 0 -0.146719000
D/UDP-TIMING( 7443): 349 0 -0.156844000
D/UDP-TIMING( 7443): 350 0 -0.137197000
D/UDP-TIMING( 7443): 351 0 -0.147325000
D/UDP-TIMING( 7443): 352 0 -0.157497000
D/UDP-TIMING( 7443): 353 0 -0.138059000
D/UDP-TIMING( 7443): 354 0 -0.148222000
D/UDP-TIMING( 7443): 355 0 -0.158352000
D/UDP-TIMING( 7443): 356 0 -0.138101000
D/UDP-TIMING( 7443): 357 0 -0.148203000
D/UDP-TIMING( 7443): 358 0 -0.158298000
E/TrafficStats( 1673): [QCTMM]tryAll index=1
E/TrafficStats( 1673): [QCTMM]tryAll index=2
E/TrafficStats( 1673): [QCTMM]tryAll index=1
E/TrafficStats( 1673): [QCTMM]tryAll index=2
D/DATA    ( 1860): sentSinceLastRecv=0,watchdogTrigger=10,maxindex=0
D/UDP-TIMING( 7443): 359 0 -0.138109000
D/UDP-TIMING( 7443): 360 0 -0.148186000
D/UDP-TIMING( 7443): 361 0 -0.158307000
D/UDP-TIMING( 7443): 362 0 -0.138808000
D/UDP-TIMING( 7443): 363 0 -0.149008000
D/UDP-TIMING( 7443): 364 0 -0.159095000
D/UDP-TIMING( 7443): 365 0 -0.138996000
D/UDP-TIMING( 7443): 366 0 -0.149158000
D/UDP-TIMING( 7443): 367 0 -0.159280000
D/UDP-TIMING( 7443): 368 0 -0.139739000
D/UDP-TIMING( 7443): 369 0 -0.149902000
D/UDP-TIMING( 7443): 370 0 -0.160037000
D/UDP-TIMING( 7443): 371 0 -0.140203000
D/UDP-TIMING( 7443): 372 0 -0.150373000
D/UDP-TIMING( 7443): 373 0 -0.160546000
D/UDP-TIMING( 7443): 374 0 -0.140742000
D/UDP-TIMING( 7443): 375 0 -0.150925000
D/UDP-TIMING( 7443): 376 0 -0.161083000
D/UDP-TIMING( 7443): 377 0 -0.141129000
D/UDP-TIMING( 7443): 378 0 -0.151289000
D/UDP-TIMING( 7443): 379 0 -0.161451000
D/UDP-TIMING( 7443): 380 0 -0.141357000
D/UDP-TIMING( 7443): 381 0 -0.151521000
D/UDP-TIMING( 7443): 382 0 -0.161644000
D/UDP-TIMING( 7443): 383 0 -0.142100000
D/UDP-TIMING( 7443): 384 0 -0.152277000
D/UDP-TIMING( 7443): 385 0 -0.162436000
D/UDP-TIMING( 7443): 386 0 -0.142288000
D/UDP-TIMING( 7443): 387 0 -0.152446000
D/UDP-TIMING( 7443): 388 0 -0.162638000
D/UDP-TIMING( 7443): 389 0 -0.143082000
D/UDP-TIMING( 7443): 390 0 -0.153171000
D/UDP-TIMING( 7443): 391 0 -0.132772000
D/UDP-TIMING( 7443): 392 0 -0.142839000
D/UDP-TIMING( 7443): 393 0 -0.153106000
D/UDP-TIMING( 7443): 394 0 -0.163298000
D/UDP-TIMING( 7443): 395 0 -0.144027000
D/UDP-TIMING( 7443): 396 0 -0.154139000
D/UDP-TIMING( 7443): 397 0 -0.133932000
D/UDP-TIMING( 7443): 398 0 -0.144097000
D/UDP-TIMING( 7443): 399 0 -0.154275000
D/UDP-TIMING( 7443): 400 0 -0.163152000
D/UDP-TIMING( 7443): 401 0 -0.144822000
D/UDP-TIMING( 7443): 402 0 -0.154915000
D/UDP-TIMING( 7443): 403 0 -0.134701000
D/UDP-TIMING( 7443): 404 0 -0.144824000
D/UDP-TIMING( 7443): 405 0 -0.154984000
D/UDP-TIMING( 7443): 406 0 -0.135296000
D/UDP-TIMING( 7443): 407 0 -0.145414000
D/UDP-TIMING( 7443): 408 0 -0.155497000
D/UDP-TIMING( 7443): 409 0 -0.135685000
D/UDP-TIMING( 7443): 410 0 -0.145798000
D/UDP-TIMING( 7443): 411 0 -0.155925000
D/UDP-TIMING( 7443): 412 0 -0.135789000
D/UDP-TIMING( 7443): 413 0 -0.145911000
D/UDP-TIMING( 7443): 414 0 -0.155986000
D/UDP-TIMING( 7443): 415 0 -0.136403000
D/UDP-TIMING( 7443): 416 0 -0.146512000
D/UDP-TIMING( 7443): 417 0 -0.156671000
D/UDP-TIMING( 7443): 418 0 -0.136516000
D/UDP-TIMING( 7443): 419 0 -0.146636000
D/UDP-TIMING( 7443): 420 0 -0.156723000
D/UDP-TIMING( 7443): 421 0 -0.137210000
D/UDP-TIMING( 7443): 422 0 -0.147326000
D/UDP-TIMING( 7443): 423 0 -0.157446000
D/UDP-TIMING( 7443): 424 0 -0.137365000
D/UDP-TIMING( 7443): 425 0 -0.147472000
D/UDP-TIMING( 7443): 426 0 -0.157615000
D/UDP-TIMING( 7443): 427 0 -0.138089000
D/UDP-TIMING( 7443): 428 0 -0.148248000
D/UDP-TIMING( 7443): 429 0 -0.158371000
D/UDP-TIMING( 7443): 430 0 -0.138270000
D/UDP-TIMING( 7443): 431 0 -0.148394000
D/UDP-TIMING( 7443): 432 0 -0.158506000
D/UDP-TIMING( 7443): 433 0 -0.138972000
D/UDP-TIMING( 7443): 434 0 -0.149095000
D/UDP-TIMING( 7443): 435 0 -0.159162000
D/UDP-TIMING( 7443): 436 0 -0.138987000
D/UDP-TIMING( 7443): 437 0 -0.149154000
D/UDP-TIMING( 7443): 438 0 -0.159315000
D/UDP-TIMING( 7443): 439 0 -0.139778000
D/UDP-TIMING( 7443): 440 0 -0.149855000
D/UDP-TIMING( 7443): 441 0 -0.159982000
D/UDP-TIMING( 7443): 442 0 -0.139831000
D/UDP-TIMING( 7443): 443 0 -0.149941000
D/UDP-TIMING( 7443): 444 0 -0.160063000
D/UDP-TIMING( 7443): 445 0 -0.140492000
D/UDP-TIMING( 7443): 446 0 -0.150614000
D/UDP-TIMING( 7443): 447 0 -0.160724000
D/UDP-TIMING( 7443): 448 0 -0.140807000
D/UDP-TIMING( 7443): 449 0 -0.150919000
D/UDP-TIMING( 7443): 450 0 -0.161025000
D/UDP-TIMING( 7443): 451 0 -0.140713000
D/UDP-TIMING( 7443): 452 0 -0.150784000
D/UDP-TIMING( 7443): 453 0 -0.160898000
D/UDP-TIMING( 7443): 454 0 -0.141554000
D/UDP-TIMING( 7443): 455 0 -0.151722000
D/UDP-TIMING( 7443): 456 0 -0.131437000
D/UDP-TIMING( 7443): 457 0 -0.141544000
D/UDP-TIMING( 7443): 458 0 -0.151700000
D/UDP-TIMING( 7443): 459 0 -0.161880000
E/TrafficStats( 1673): [QCTMM]tryAll index=1
E/TrafficStats( 1673): [QCTMM]tryAll index=2
E/TrafficStats( 1673): [QCTMM]tryAll index=1
E/TrafficStats( 1673): [QCTMM]tryAll index=2
D/DATA    ( 1860): sentSinceLastRecv=0,watchdogTrigger=10,maxindex=0
D/UDP-TIMING( 7443): 460 0 -0.142241000
D/UDP-TIMING( 7443): 461 0 -0.152336000
D/UDP-TIMING( 7443): 462 0 -0.162511000
D/UDP-TIMING( 7443): 463 0 -0.142293000
D/UDP-TIMING( 7443): 464 0 -0.152449000
D/UDP-TIMING( 7443): 465 0 -0.162537000
D/UDP-TIMING( 7443): 466 0 -0.143016000
D/UDP-TIMING( 7443): 467 0 -0.153180000
D/UDP-TIMING( 7443): 468 0 -0.163295000
D/UDP-TIMING( 7443): 469 0 -0.143141000
D/UDP-TIMING( 7443): 470 0 -0.153321000
D/UDP-TIMING( 7443): 471 0 -0.163440000
D/UDP-TIMING( 7443): 472 0 -0.143832000
D/UDP-TIMING( 7443): 473 0 -0.153924000
D/UDP-TIMING( 7443): 474 0 -0.164049000
D/UDP-TIMING( 7443): 475 0 -0.143996000
D/UDP-TIMING( 7443): 476 0 -0.154072000
D/UDP-TIMING( 7443): 477 0 -0.134379000
D/UDP-TIMING( 7443): 478 0 -0.144467000
D/UDP-TIMING( 7443): 479 0 -0.154663000
D/UDP-TIMING( 7443): 480 0 -0.134588000
D/UDP-TIMING( 7443): 481 0 -0.144755000
D/UDP-TIMING( 7443): 482 0 -0.154883000
D/UDP-TIMING( 7443): 483 0 -0.135323000
D/UDP-TIMING( 7443): 484 0 -0.145504000
D/UDP-TIMING( 7443): 485 0 -0.155613000
D/UDP-TIMING( 7443): 486 0 -0.135700000
D/UDP-TIMING( 7443): 487 0 -0.145858000
D/UDP-TIMING( 7443): 488 0 -0.156015000
D/UDP-TIMING( 7443): 489 0 -0.135859000
D/UDP-TIMING( 7443): 490 0 -0.145956000
D/UDP-TIMING( 7443): 491 0 -0.156111000
D/UDP-TIMING( 7443): 492 0 -0.136454000
D/UDP-TIMING( 7443): 493 0 -0.146606000
D/UDP-TIMING( 7443): 494 0 -0.156733000
D/UDP-TIMING( 7443): 495 0 -0.136583000
D/UDP-TIMING( 7443): 496 0 -0.146697000
D/UDP-TIMING( 7443): 497 0 -0.156878000
D/UDP-TIMING( 7443): 498 0 -0.137317000
D/UDP-TIMING( 7443): 499 0 -0.147442000
D/UDP-TIMING( 7443): 500 0 -0.157552000
D/UDP-TIMING( 7443): 501 0 -0.137430000
D/UDP-TIMING( 7443): 502 0 -0.147565000
D/UDP-TIMING( 7443): 503 0 -0.157707000
D/UDP-TIMING( 7443): 504 0 -0.138138000
D/UDP-TIMING( 7443): 505 0 -0.148347000
D/UDP-TIMING( 7443): 506 0 -0.158541000
D/UDP-TIMING( 7443): 507 0 -0.138339000
D/UDP-TIMING( 7443): 508 0 -0.148520000
D/UDP-TIMING( 7443): 509 0 -0.158655000
D/UDP-TIMING( 7443): 510 0 -0.139097000
D/UDP-TIMING( 7443): 511 0 -0.149279000
D/UDP-TIMING( 7443): 512 0 -0.159367000
D/UDP-TIMING( 7443): 513 0 -0.139150000
D/UDP-TIMING( 7443): 514 0 -0.149252000
D/UDP-TIMING( 7443): 515 0 -0.159364000
D/UDP-TIMING( 7443): 516 0 -0.139608000
D/UDP-TIMING( 7443): 517 0 -0.149759000
D/UDP-TIMING( 7443): 518 0 -0.159837000
D/UDP-TIMING( 7443): 519 0 -0.140052000
D/UDP-TIMING( 7443): 520 0 -0.150216000
D/UDP-TIMING( 7443): 521 0 -0.160391000
D/UDP-TIMING( 7443): 522 0 -0.140447000
D/UDP-TIMING( 7443): 523 0 -0.150631000
D/UDP-TIMING( 7443): 524 0 -0.160810000
D/UDP-TIMING( 7443): 525 0 -0.141279000
D/UDP-TIMING( 7443): 526 0 -0.151367000
D/UDP-TIMING( 7443): 527 0 -0.161565000
D/UDP-TIMING( 7443): 528 0 -0.141409000
D/UDP-TIMING( 7443): 529 0 -0.151631000
D/UDP-TIMING( 7443): 530 0 -0.161725000
D/UDP-TIMING( 7443): 531 0 -0.142809000
D/UDP-TIMING( 7443): 532 0 -0.152896000
D/UDP-TIMING( 7443): 533 0 -0.163054000
D/UDP-TIMING( 7443): 534 0 -0.143093000
D/UDP-TIMING( 7443): 535 0 -0.153220000
D/UDP-TIMING( 7443): 536 0 -0.163396000
D/UDP-TIMING( 7443): 537 0 -0.143755000
D/UDP-TIMING( 7443): 538 0 -0.153904000
D/UDP-TIMING( 7443): 539 0 -0.163962000
D/UDP-TIMING( 7443): 540 0 -0.143470000
D/UDP-TIMING( 7443): 541 0 -0.153650000
D/UDP-TIMING( 7443): 542 0 -0.134018000
D/UDP-TIMING( 7443): 543 0 -0.084045000
D/UDP-TIMING( 7443): 544 0 -0.094162000
D/UDP-TIMING( 7443): 545 0 -0.104255000
D/UDP-TIMING( 7443): 546 0 -0.114436000
D/UDP-TIMING( 7443): 547 0 -0.124627000
D/UDP-TIMING( 7443): 548 0 -0.134744000
D/UDP-TIMING( 7443): 549 0 -0.144853000
D/UDP-TIMING( 7443): 550 0 -0.155048000
D/UDP-TIMING( 7443): 551 0 -0.135353000
D/UDP-TIMING( 7443): 552 0 -0.145527000
D/UDP-TIMING( 7443): 553 0 -0.155592000
D/UDP-TIMING( 7443): 554 0 -0.135510000
D/UDP-TIMING( 7443): 555 0 -0.145630000
D/UDP-TIMING( 7443): 556 0 -0.155716000
E/TrafficStats( 1673): [QCTMM]tryAll index=1
E/TrafficStats( 1673): [QCTMM]tryAll index=2
D/UDP-TIMING( 7443): 557 0 -0.136029000
D/UDP-TIMING( 7443): 558 0 -0.146159000
D/UDP-TIMING( 7443): 559 0 -0.156299000
E/TrafficStats( 1673): [QCTMM]tryAll index=1
E/TrafficStats( 1673): [QCTMM]tryAll index=2
D/DATA    ( 1860): sentSinceLastRecv=0,watchdogTrigger=10,maxindex=0
D/UDP-TIMING( 7443): 560 0 -0.137020000
D/UDP-TIMING( 7443): 561 0 -0.147128000
D/UDP-TIMING( 7443): 562 0 -0.157286000
D/UDP-TIMING( 7443): 563 0 -0.137123000
D/UDP-TIMING( 7443): 564 0 -0.147227000
D/UDP-TIMING( 7443): 565 0 -0.157338000
D/UDP-TIMING( 7443): 566 0 -0.137044000
D/UDP-TIMING( 7443): 567 0 -0.147169000
D/UDP-TIMING( 7443): 568 0 -0.157314000
D/UDP-TIMING( 7443): 569 0 -0.137788000
D/UDP-TIMING( 7443): 570 0 -0.147900000
D/UDP-TIMING( 7443): 571 0 -0.158006000
D/UDP-TIMING( 7443): 572 0 -0.137824000
D/UDP-TIMING( 7443): 573 0 -0.147931000
D/UDP-TIMING( 7443): 574 0 -0.158017000
D/UDP-TIMING( 7443): 575 0 -0.138444000
D/UDP-TIMING( 7443): 576 0 -0.148535000
D/UDP-TIMING( 7443): 577 0 -0.158633000
D/UDP-TIMING( 7443): 578 0 -0.138387000
D/UDP-TIMING( 7443): 579 0 -0.148499000
D/UDP-TIMING( 7443): 580 0 -0.158638000
D/UDP-TIMING( 7443): 581 0 -0.139084000
D/UDP-TIMING( 7443): 582 0 -0.149168000
D/UDP-TIMING( 7443): 583 0 -0.159251000
D/UDP-TIMING( 7443): 584 0 -0.138939000
D/UDP-TIMING( 7443): 585 0 -0.149021000
D/UDP-TIMING( 7443): 586 0 -0.159122000
D/UDP-TIMING( 7443): 587 0 -0.139580000
D/UDP-TIMING( 7443): 588 0 -0.149747000
D/UDP-TIMING( 7443): 589 0 -0.159885000
D/UDP-TIMING( 7443): 590 0 -0.139995000
D/UDP-TIMING( 7443): 591 0 -0.150080000
D/UDP-TIMING( 7443): 592 0 -0.160281000
D/UDP-TIMING( 7443): 593 0 -0.140172000
D/UDP-TIMING( 7443): 594 0 -0.150261000
D/UDP-TIMING( 7443): 595 0 -0.160386000
D/UDP-TIMING( 7443): 596 0 -0.140808000
D/UDP-TIMING( 7443): 597 0 -0.150925000
D/UDP-TIMING( 7443): 598 0 -0.161161000
D/UDP-TIMING( 7443): 599 0 -0.140939000
D/UDP-TIMING( 7443): 600 0 -0.151111000
D/UDP-TIMING( 7443): 601 0 -0.161418000
D/UDP-TIMING( 7443): 602 0 -0.141902000
D/UDP-TIMING( 7443): 603 0 -0.152014000
D/UDP-TIMING( 7443): 604 0 -0.162148000
D/UDP-TIMING( 7443): 605 0 -0.141997000
D/UDP-TIMING( 7443): 606 0 -0.152103000
D/UDP-TIMING( 7443): 607 0 -0.162193000
D/UDP-TIMING( 7443): 608 0 -0.142554000
D/UDP-TIMING( 7443): 609 0 -0.152644000
D/UDP-TIMING( 7443): 610 0 -0.162811000
D/UDP-TIMING( 7443): 611 0 -0.142651000
D/UDP-TIMING( 7443): 612 0 -0.152719000
D/UDP-TIMING( 7443): 613 0 -0.133072000
D/UDP-TIMING( 7443): 614 0 -0.143245000
D/UDP-TIMING( 7443): 615 0 -0.153335000
D/UDP-TIMING( 7443): 616 0 -0.163386000
D/UDP-TIMING( 7443): 617 0 -0.143439000
D/UDP-TIMING( 7443): 618 0 -0.153576000
D/UDP-TIMING( 7443): 619 0 -0.134014000
D/UDP-TIMING( 7443): 620 0 -0.144065000
D/UDP-TIMING( 7443): 621 0 -0.154314000
D/UDP-TIMING( 7443): 622 0 -0.134173000
D/UDP-TIMING( 7443): 623 0 -0.144301000
D/UDP-TIMING( 7443): 624 0 -0.154422000
D/UDP-TIMING( 7443): 625 0 -0.134884000
D/UDP-TIMING( 7443): 626 0 -0.145035000
D/UDP-TIMING( 7443): 627 0 -0.155229000
D/UDP-TIMING( 7443): 628 0 -0.135313000
D/UDP-TIMING( 7443): 629 0 -0.145511000
D/UDP-TIMING( 7443): 630 0 -0.155681000
E/TrafficStats( 6963): [QCTMM]tryAll index=1
E/TrafficStats( 6963): [QCTMM]tryAll index=2
E/TrafficStats( 6963): [QCTMM]tryAll index=1
E/TrafficStats( 6963): [QCTMM]tryAll index=2
D/UDP-TIMING( 7443): 631 0 -0.135138000
D/UDP-TIMING( 7443): 632 0 -0.145348000
D/UDP-TIMING( 7443): 633 0 -0.155623000
E/TrafficStats( 6963): [QCTMM]tryAll index=1
E/TrafficStats( 6963): [QCTMM]tryAll index=2
E/TrafficStats( 6963): [QCTMM]tryAll index=1
E/TrafficStats( 6963): [QCTMM]tryAll index=2
D/UDP-TIMING( 7443): 634 0 -0.135768000
D/UDP-TIMING( 7443): 635 0 -0.145892000
D/UDP-TIMING( 7443): 636 0 -0.156043000
D/UDP-TIMING( 7443): 637 0 -0.136687000
D/UDP-TIMING( 7443): 638 0 -0.146751000
D/UDP-TIMING( 7443): 639 0 -0.156844000
D/UDP-TIMING( 7443): 640 0 -0.137193000
D/UDP-TIMING( 7443): 641 0 -0.147263000
D/UDP-TIMING( 7443): 642 0 -0.157434000
D/UDP-TIMING( 7443): 643 0 -0.137335000
D/UDP-TIMING( 7443): 644 0 -0.147489000
D/UDP-TIMING( 7443): 645 0 -0.157681000
D/UDP-TIMING( 7443): 646 0 -0.138199000
D/UDP-TIMING( 7443): 647 0 -0.148289000
D/UDP-TIMING( 7443): 648 0 -0.158531000
D/UDP-TIMING( 7443): 649 0 -0.138946000
D/UDP-TIMING( 7443): 650 0 -0.149040000
D/UDP-TIMING( 7443): 651 0 -0.159197000
D/UDP-TIMING( 7443): 652 0 -0.139111000
D/UDP-TIMING( 7443): 653 0 -0.149235000
D/UDP-TIMING( 7443): 654 0 -0.128989000
D/UDP-TIMING( 7443): 655 0 -0.139085000
D/UDP-TIMING( 7443): 656 0 -0.149248000
D/UDP-TIMING( 7443): 657 0 -0.159336000
E/TrafficStats( 1673): [QCTMM]tryAll index=1
E/TrafficStats( 1673): [QCTMM]tryAll index=2
D/UDP-TIMING( 7443): 658 0 -0.139374000
D/UDP-TIMING( 7443): 659 0 -0.149524000
D/UDP-TIMING( 7443): 660 0 -0.159630000
E/TrafficStats( 1673): [QCTMM]tryAll index=1
E/TrafficStats( 1673): [QCTMM]tryAll index=2
D/DATA    ( 1860): sentSinceLastRecv=0,watchdogTrigger=10,maxindex=0
D/UDP-TIMING( 7443): 661 0 -0.139944000
D/UDP-TIMING( 7443): 662 0 -0.150117000
D/UDP-TIMING( 7443): 663 0 -0.160285000
D/UDP-TIMING( 7443): 664 0 -0.140717000
D/UDP-TIMING( 7443): 665 0 -0.150879000
D/UDP-TIMING( 7443): 666 0 -0.160987000
D/UDP-TIMING( 7443): 667 0 -0.141136000
D/UDP-TIMING( 7443): 668 0 -0.151265000
D/UDP-TIMING( 7443): 669 0 -0.161340000
D/UDP-TIMING( 7443): 670 0 -0.141189000
D/UDP-TIMING( 7443): 671 0 -0.151286000
D/UDP-TIMING( 7443): 672 0 -0.161379000
D/UDP-TIMING( 7443): 673 0 -0.141732000
D/UDP-TIMING( 7443): 674 0 -0.151904000
D/UDP-TIMING( 7443): 675 0 -0.162029000
D/UDP-TIMING( 7443): 676 0 -0.141949000
D/UDP-TIMING( 7443): 677 0 -0.152154000
D/UDP-TIMING( 7443): 678 0 -0.132623000
D/UDP-TIMING( 7443): 679 0 -0.142795000
D/UDP-TIMING( 7443): 680 0 -0.153118000
D/UDP-TIMING( 7443): 681 0 -0.163243000
D/UDP-TIMING( 7443): 682 0 -0.143238000
D/UDP-TIMING( 7443): 683 0 -0.153321000
D/UDP-TIMING( 7443): 684 0 -0.133763000
D/UDP-TIMING( 7443): 685 0 -0.143878000
D/UDP-TIMING( 7443): 686 0 -0.153996000
D/UDP-TIMING( 7443): 687 0 -0.133721000
D/UDP-TIMING( 7443): 688 0 -0.143909000
D/UDP-TIMING( 7443): 689 0 -0.154032000
D/UDP-TIMING( 7443): 690 0 -0.162391000
D/UDP-TIMING( 7443): 691 0 -0.144835000
D/UDP-TIMING( 7443): 692 0 -0.154965000
D/UDP-TIMING( 7443): 693 0 -0.135619000
D/UDP-TIMING( 7443): 694 0 -0.145731000
D/UDP-TIMING( 7443): 695 0 -0.155807000
D/UDP-TIMING( 7443): 696 0 -0.136023000
D/UDP-TIMING( 7443): 697 0 -0.146136000
D/UDP-TIMING( 7443): 698 0 -0.156243000
D/UDP-TIMING( 7443): 699 0 -0.135554000
D/UDP-TIMING( 7443): 700 0 -0.145666000
D/UDP-TIMING( 7443): 701 0 -0.155783000
D/UDP-TIMING( 7443): 702 0 -0.136145000
D/UDP-TIMING( 7443): 703 0 -0.146217000
D/UDP-TIMING( 7443): 704 0 -0.156330000
D/UDP-TIMING( 7443): 705 0 -0.136508000
D/UDP-TIMING( 7443): 706 0 -0.146621000
D/UDP-TIMING( 7443): 707 0 -0.156710000
D/UDP-TIMING( 7443): 708 0 -0.136460000
D/UDP-TIMING( 7443): 709 0 -0.146575000
D/UDP-TIMING( 7443): 710 0 -0.156689000
D/UDP-TIMING( 7443): 711 0 -0.137176000
D/UDP-TIMING( 7443): 712 0 -0.147282000
D/UDP-TIMING( 7443): 713 0 -0.157453000
D/UDP-TIMING( 7443): 714 0 -0.137382000
D/UDP-TIMING( 7443): 715 0 -0.147510000
D/UDP-TIMING( 7443): 716 0 -0.157667000
D/UDP-TIMING( 7443): 717 0 -0.138131000
D/UDP-TIMING( 7443): 718 0 -0.148211000
D/UDP-TIMING( 7443): 719 0 -0.158369000
D/UDP-TIMING( 7443): 720 0 -0.138258000
D/UDP-TIMING( 7443): 721 0 -0.148418000
D/UDP-TIMING( 7443): 722 0 -0.158560000
D/UDP-TIMING( 7443): 723 0 -0.138897000
D/UDP-TIMING( 7443): 724 0 -0.149008000
D/UDP-TIMING( 7443): 725 0 -0.159120000
D/UDP-TIMING( 7443): 726 0 -0.138992000
D/UDP-TIMING( 7443): 727 0 -0.149115000
D/UDP-TIMING( 7443): 728 0 -0.159218000
D/UDP-TIMING( 7443): 729 0 -0.139667000
D/UDP-TIMING( 7443): 730 0 -0.149781000
D/UDP-TIMING( 7443): 731 0 -0.159893000
D/UDP-TIMING( 7443): 732 0 -0.139713000
D/UDP-TIMING( 7443): 733 0 -0.149804000
D/UDP-TIMING( 7443): 734 0 -0.159918000
D/UDP-TIMING( 7443): 735 0 -0.140368000
D/UDP-TIMING( 7443): 736 0 -0.150483000
D/UDP-TIMING( 7443): 737 0 -0.160610000
D/UDP-TIMING( 7443): 738 0 -0.140264000
D/UDP-TIMING( 7443): 739 0 -0.150364000
D/UDP-TIMING( 7443): 740 0 -0.160479000
D/UDP-TIMING( 7443): 741 0 -0.141020000
D/UDP-TIMING( 7443): 742 0 -0.151146000
D/UDP-TIMING( 7443): 743 0 -0.161261000
D/UDP-TIMING( 7443): 744 0 -0.141401000
D/UDP-TIMING( 7443): 745 0 -0.151516000
D/UDP-TIMING( 7443): 746 0 -0.161675000
D/UDP-TIMING( 7443): 747 0 -0.140594000
D/UDP-TIMING( 7443): 748 0 -0.150705000
D/UDP-TIMING( 7443): 749 0 -0.160819000
D/UDP-TIMING( 7443): 750 0 -0.142184000
D/UDP-TIMING( 7443): 751 0 -0.152372000
D/UDP-TIMING( 7443): 752 0 -0.162511000
D/UDP-TIMING( 7443): 753 0 -0.142339000
D/UDP-TIMING( 7443): 754 0 -0.152515000
D/UDP-TIMING( 7443): 755 0 -0.162673000
D/UDP-TIMING( 7443): 756 0 -0.143119000
D/UDP-TIMING( 7443): 757 0 -0.153287000
D/UDP-TIMING( 7443): 758 0 -0.163412000
E/TrafficStats( 1673): [QCTMM]tryAll index=1
E/TrafficStats( 1673): [QCTMM]tryAll index=2
E/TrafficStats( 1673): [QCTMM]tryAll index=1
E/TrafficStats( 1673): [QCTMM]tryAll index=2
D/DATA    ( 1860): sentSinceLastRecv=0,watchdogTrigger=10,maxindex=0
D/UDP-TIMING( 7443): 759 0 -0.143221000
D/UDP-TIMING( 7443): 760 0 -0.153382000
D/UDP-TIMING( 7443): 761 0 -0.163462000
D/UDP-TIMING( 7443): 762 0 -0.144041000
D/UDP-TIMING( 7443): 763 0 -0.154111000
D/UDP-TIMING( 7443): 764 0 -0.133886000
D/UDP-TIMING( 7443): 765 0 -0.144001000
D/UDP-TIMING( 7443): 766 0 -0.154168000
D/UDP-TIMING( 7443): 767 0 -0.134570000
D/UDP-TIMING( 7443): 768 0 -0.144670000
D/UDP-TIMING( 7443): 769 0 -0.154752000
D/UDP-TIMING( 7443): 770 0 -0.134663000
D/UDP-TIMING( 7443): 771 0 -0.144829000
D/UDP-TIMING( 7443): 772 0 -0.154947000
D/UDP-TIMING( 7443): 773 0 -0.135421000
D/UDP-TIMING( 7443): 774 0 -0.145536000
D/UDP-TIMING( 7443): 775 0 -0.155673000
D/UDP-TIMING( 7443): 776 0 -0.135558000
D/UDP-TIMING( 7443): 777 0 -0.145715000
D/UDP-TIMING( 7443): 778 0 -0.155831000
D/UDP-TIMING( 7443): 779 0 -0.136255000
D/UDP-TIMING( 7443): 780 0 -0.146512000
D/UDP-TIMING( 7443): 781 0 -0.156575000
D/UDP-TIMING( 7443): 782 0 -0.136622000
D/UDP-TIMING( 7443): 783 0 -0.146766000
D/UDP-TIMING( 7443): 784 0 -0.156919000
D/UDP-TIMING( 7443): 785 0 -0.136820000
D/UDP-TIMING( 7443): 786 0 -0.146927000
D/UDP-TIMING( 7443): 787 0 -0.157014000
D/UDP-TIMING( 7443): 788 0 -0.137537000
D/UDP-TIMING( 7443): 789 0 -0.147633000
D/UDP-TIMING( 7443): 790 0 -0.157708000
D/UDP-TIMING( 7443): 791 0 -0.137553000
D/UDP-TIMING( 7443): 792 0 -0.147659000
D/UDP-TIMING( 7443): 793 0 -0.157750000
D/UDP-TIMING( 7443): 794 0 -0.138205000
D/UDP-TIMING( 7443): 795 0 -0.148293000
D/UDP-TIMING( 7443): 796 0 -0.158381000
D/UDP-TIMING( 7443): 797 0 -0.138129000
D/UDP-TIMING( 7443): 798 0 -0.148251000
D/UDP-TIMING( 7443): 799 0 -0.158377000
D/UDP-TIMING( 7443): 800 0 -0.138848000
D/UDP-TIMING( 7443): 801 0 -0.148956000
D/UDP-TIMING( 7443): 802 0 -0.159081000
D/UDP-TIMING( 7443): 803 0 -0.138933000
D/UDP-TIMING( 7443): 804 0 -0.149057000
D/UDP-TIMING( 7443): 805 0 -0.159152000
D/UDP-TIMING( 7443): 806 0 -0.139572000
D/UDP-TIMING( 7443): 807 0 -0.149683000
D/UDP-TIMING( 7443): 808 0 -0.159798000
D/UDP-TIMING( 7443): 809 0 -0.139674000
D/UDP-TIMING( 7443): 810 0 -0.149767000
D/UDP-TIMING( 7443): 811 0 -0.159893000
D/UDP-TIMING( 7443): 812 0 -0.140256000
D/UDP-TIMING( 7443): 813 0 -0.150419000
D/UDP-TIMING( 7443): 814 0 -0.160505000
D/UDP-TIMING( 7443): 815 0 -0.140237000
D/UDP-TIMING( 7443): 816 0 -0.150357000
D/UDP-TIMING( 7443): 817 0 -0.160487000
D/UDP-TIMING( 7443): 818 0 -0.141019000
D/UDP-TIMING( 7443): 819 0 -0.151130000
D/UDP-TIMING( 7443): 820 0 -0.161225000
D/UDP-TIMING( 7443): 821 0 -0.141473000
D/UDP-TIMING( 7443): 822 0 -0.151547000
D/UDP-TIMING( 7443): 823 0 -0.131239000
D/UDP-TIMING( 7443): 824 0 -0.141353000
D/UDP-TIMING( 7443): 825 0 -0.151475000
D/UDP-TIMING( 7443): 826 0 -0.161543000
D/UDP-TIMING( 7443): 827 0 -0.142044000
D/UDP-TIMING( 7443): 828 0 -0.152164000
D/UDP-TIMING( 7443): 829 0 -0.162325000
D/UDP-TIMING( 7443): 830 0 -0.142211000
D/UDP-TIMING( 7443): 831 0 -0.152341000
D/UDP-TIMING( 7443): 832 0 -0.162478000
D/UDP-TIMING( 7443): 833 0 -0.142908000
D/UDP-TIMING( 7443): 834 0 -0.153036000
D/UDP-TIMING( 7443): 835 0 -0.163194000
D/UDP-TIMING( 7443): 836 0 -0.143048000
D/UDP-TIMING( 7443): 837 0 -0.153222000
D/UDP-TIMING( 7443): 838 0 -0.163351000
D/UDP-TIMING( 7443): 839 0 -0.143786000
D/UDP-TIMING( 7443): 840 0 -0.153948000
D/UDP-TIMING( 7443): 841 0 -0.133880000
D/UDP-TIMING( 7443): 842 0 -0.144002000
D/UDP-TIMING( 7443): 843 0 -0.154180000
D/UDP-TIMING( 7443): 844 0 -0.134572000
D/UDP-TIMING( 7443): 845 0 -0.144731000
D/UDP-TIMING( 7443): 846 0 -0.154901000
D/UDP-TIMING( 7443): 847 0 -0.134752000
D/UDP-TIMING( 7443): 848 0 -0.144875000
D/UDP-TIMING( 7443): 849 0 -0.155046000
D/UDP-TIMING( 7443): 850 0 -0.135388000
D/UDP-TIMING( 7443): 851 0 -0.145519000
D/UDP-TIMING( 7443): 852 0 -0.155692000
D/UDP-TIMING( 7443): 853 0 -0.135890000
D/UDP-TIMING( 7443): 854 0 -0.146044000
D/UDP-TIMING( 7443): 855 0 -0.156165000
D/UDP-TIMING( 7443): 856 0 -0.136118000
D/UDP-TIMING( 7443): 857 0 -0.146304000
