D/UDP-TIMING(17001): 1727 0 -0.104229000
D/UDP-TIMING(17001): 1728 0 -0.114387000
D/UDP-TIMING(17001): 1729 0 -0.094546000
D/UDP-TIMING(17001): 1730 0 -0.104734000
D/UDP-TIMING(17001): 1731 0 -0.114902000
D/UDP-TIMING(17001): 1732 0 -0.095029000
D/UDP-TIMING(17001): 1733 0 -0.105220000
D/UDP-TIMING(17001): 1734 0 -0.115411000
D/UDP-TIMING(17001): 1735 0 -0.095388000
D/UDP-TIMING(17001): 1736 0 -0.105575000
D/UDP-TIMING(17001): 1737 0 -0.115732000
D/UDP-TIMING(17001): 1738 0 -0.096254000
D/UDP-TIMING(17001): 1739 0 -0.106448000
D/UDP-TIMING(17001): 1740 0 -0.116609000
D/UDP-TIMING(17001): 1741 0 -0.096501000
D/UDP-TIMING(17001): 1742 0 -0.106690000
D/UDP-TIMING(17001): 1743 0 -0.116852000
D/UDP-TIMING(17001): 1744 0 -0.097385000
D/UDP-TIMING(17001): 1745 0 -0.107574000
D/UDP-TIMING(17001): 1746 0 -0.117737000
D/UDP-TIMING(17001): 1747 0 -0.097560000
D/UDP-TIMING(17001): 1748 0 -0.107749000
D/UDP-TIMING(17001): 1749 0 -0.117943000
E/TrafficStats(16531): [QCTMM]tryAll index=0
E/TrafficStats(16531): [QCTMM]tryAll index=1
E/TrafficStats(16531): [QCTMM]tryAll index=2
E/TrafficStats(16531): [QCTMM]tryAll index=0
E/TrafficStats(16531): [QCTMM]tryAll index=1
E/TrafficStats(16531): [QCTMM]tryAll index=2
E/TrafficStats(16531): [QCTMM]tryAll index=0
E/TrafficStats(16531): [QCTMM]tryAll index=1
E/TrafficStats(16531): [QCTMM]tryAll index=2
D/UDP-TIMING(17001): 1750 0 -0.097925000
D/UDP-TIMING(17001): 1751 0 -0.108081000
D/UDP-TIMING(17001): 1752 0 -0.118271000
E/TrafficStats(16531): [QCTMM]tryAll index=0
E/TrafficStats(16531): [QCTMM]tryAll index=1
E/TrafficStats(16531): [QCTMM]tryAll index=2
D/UDP-TIMING(17001): 1753 0 -0.098246000
D/UDP-TIMING(17001): 1754 0 -0.108456000
D/UDP-TIMING(17001): 1755 0 -0.118645000
D/UDP-TIMING(17001): 1756 0 -0.099351000
D/UDP-TIMING(17001): 1757 0 -0.109504000
D/UDP-TIMING(17001): 1758 0 -0.119691000
D/UDP-TIMING(17001): 1759 0 -0.099847000
D/UDP-TIMING(17001): 1760 0 -0.110031000
D/UDP-TIMING(17001): 1761 0 -0.120171000
D/UDP-TIMING(17001): 1762 0 -0.100522000
D/UDP-TIMING(17001): 1763 0 -0.110636000
D/UDP-TIMING(17001): 1764 0 -0.120819000
D/UDP-TIMING(17001): 1765 0 -0.101129000
D/UDP-TIMING(17001): 1766 0 -0.111337000
D/UDP-TIMING(17001): 1767 0 -0.121582000
D/UDP-TIMING(17001): 1768 0 -0.101593000
D/UDP-TIMING(17001): 1769 0 -0.111779000
D/UDP-TIMING(17001): 1770 0 -0.092133000
D/UDP-TIMING(17001): 1771 0 -0.102272000
D/UDP-TIMING(17001): 1772 0 -0.112381000
D/UDP-TIMING(17001): 1773 0 -0.122573000
D/UDP-TIMING(17001): 1774 0 -0.102515000
D/UDP-TIMING(17001): 1775 0 -0.112673000
D/UDP-TIMING(17001): 1776 0 -0.122860000
D/UDP-TIMING(17001): 1777 0 -0.102625000
D/UDP-TIMING(17001): 1778 0 -0.112733000
D/UDP-TIMING(17001): 1779 0 -0.093419000
D/UDP-TIMING(17001): 1780 0 -0.103561000
D/UDP-TIMING(17001): 1781 0 -0.113664000
D/UDP-TIMING(17001): 1782 0 -0.123795000
D/UDP-TIMING(17001): 1783 0 -0.104315000
D/UDP-TIMING(17001): 1784 0 -0.114500000
D/UDP-TIMING(17001): 1785 0 -0.094385000
D/UDP-TIMING(17001): 1786 0 -0.104573000
D/UDP-TIMING(17001): 1787 0 -0.114761000
D/UDP-TIMING(17001): 1788 0 -0.095119000
D/UDP-TIMING(17001): 1789 0 -0.105256000
D/UDP-TIMING(17001): 1790 0 -0.115390000
E/TrafficStats( 1673): [QCTMM]tryAll index=0
E/TrafficStats( 1673): [QCTMM]tryAll index=1
E/TrafficStats( 1673): [QCTMM]tryAll index=2
E/TrafficStats( 1673): [QCTMM]tryAll index=0
E/TrafficStats( 1673): [QCTMM]tryAll index=1
E/TrafficStats( 1673): [QCTMM]tryAll index=2
D/DATA    ( 1860): sentSinceLastRecv=0,watchdogTrigger=10,maxindex=0
D/UDP-TIMING(17001): 1791 0 -0.094822000
D/UDP-TIMING(17001): 1792 0 -0.104955000
D/UDP-TIMING(17001): 1793 0 -0.115133000
D/UDP-TIMING(17001): 1794 0 -0.096085000
D/UDP-TIMING(17001): 1795 0 -0.106270000
D/PowerManagerService( 1673): New lightsensor value:160, lcdValue:94
D/PowerManagerService( 1673): lightSensorChangedLocked, buttonValue >= 0, mPowerState = 3
D/UDP-TIMING(17001): 1796 0 -0.085665000
D/UDP-TIMING(17001): 1797 0 -0.095852000
D/UDP-TIMING(17001): 1798 0 -0.106041000
D/UDP-TIMING(17001): 1799 0 -0.116197000
D/UDP-TIMING(17001): 1800 0 -0.097181000
D/UDP-TIMING(17001): 1801 0 -0.107398000
D/UDP-TIMING(17001): 1802 0 -0.117591000
D/UDP-TIMING(17001): 1803 0 -0.097783000
D/UDP-TIMING(17001): 1804 0 -0.107938000
D/UDP-TIMING(17001): 1805 0 -0.118124000
D/UDP-TIMING(17001): 1806 0 -0.097915000
D/UDP-TIMING(17001): 1807 0 -0.108101000
D/UDP-TIMING(17001): 1808 0 -0.118256000
D/Database(16531): dbopen(): path = /data/data/com.onavo.android.onavoid/databases/ui_events, flag = 6, file size = 14043136
D/Database(16531): dbopen(): path = /data/data/com.onavo.android.onavoid/databases/ui_events, mode: wal, disk free size: 2000 M, handle: 0x378018
D/Database(16531): dbclose(): path = /data/data/com.onavo.android.onavoid/databases/ui_events, handle = 0x378018
D/UDP-TIMING(17001): 1809 0 -0.099023000
D/UDP-TIMING(17001): 1810 0 -0.109178000
D/UDP-TIMING(17001): 1811 0 -0.119363000
D/UDP-TIMING(17001): 1812 0 -0.099767000
D/UDP-TIMING(17001): 1813 0 -0.109957000
D/UDP-TIMING(17001): 1814 0 -0.120102000
D/UDP-TIMING(17001): 1815 0 -0.100463000
D/UDP-TIMING(17001): 1816 0 -0.110617000
D/UDP-TIMING(17001): 1817 0 -0.120805000
D/UDP-TIMING(17001): 1818 0 -0.100592000
D/UDP-TIMING(17001): 1819 0 -0.110749000
D/UDP-TIMING(17001): 1820 0 -0.120934000
D/UDP-TIMING(17001): 1821 0 -0.101059000
D/UDP-TIMING(17001): 1822 0 -0.111245000
D/UDP-TIMING(17001): 1823 0 -0.121430000
D/UDP-TIMING(17001): 1824 0 -0.101387000
D/UDP-TIMING(17001): 1825 0 -0.111586000
D/UDP-TIMING(17001): 1826 0 -0.121741000
D/UDP-TIMING(17001): 1827 0 -0.102294000
D/UDP-TIMING(17001): 1828 0 -0.112483000
D/UDP-TIMING(17001): 1829 0 -0.092339000
D/UDP-TIMING(17001): 1830 0 -0.102533000
D/UDP-TIMING(17001): 1831 0 -0.112722000
D/UDP-TIMING(17001): 1832 0 -0.093132000
D/UDP-TIMING(17001): 1833 0 -0.103319000
D/UDP-TIMING(17001): 1834 0 -0.113510000
D/UDP-TIMING(17001): 1835 0 -0.093360000
D/UDP-TIMING(17001): 1836 0 -0.103552000
D/UDP-TIMING(17001): 1837 0 -0.113707000
D/UDP-TIMING(17001): 1838 0 -0.094297000
D/UDP-TIMING(17001): 1839 0 -0.104453000
D/UDP-TIMING(17001): 1840 0 -0.114639000
D/UDP-TIMING(17001): 1841 0 -0.094858000
D/UDP-TIMING(17001): 1842 0 -0.105015000
D/UDP-TIMING(17001): 1843 0 -0.115205000
D/UDP-TIMING(17001): 1844 0 -0.095179000
D/UDP-TIMING(17001): 1845 0 -0.105331000
D/UDP-TIMING(17001): 1846 0 -0.085669000
D/UDP-TIMING(17001): 1847 0 -0.095825000
D/UDP-TIMING(17001): 1848 0 -0.106010000
D/UDP-TIMING(17001): 1849 0 -0.116203000
D/UDP-TIMING(17001): 1850 0 -0.096207000
D/UDP-TIMING(17001): 1851 0 -0.106398000
D/UDP-TIMING(17001): 1852 0 -0.116551000
D/UDP-TIMING(17001): 1853 0 -0.096952000
D/UDP-TIMING(17001): 1854 0 -0.107139000
D/UDP-TIMING(17001): 1855 0 -0.117295000
D/UDP-TIMING(17001): 1856 0 -0.097392000
D/UDP-TIMING(17001): 1857 0 -0.107548000
D/UDP-TIMING(17001): 1858 0 -0.088013000
D/UDP-TIMING(17001): 1859 0 -0.098199000
D/UDP-TIMING(17001): 1860 0 -0.108396000
D/UDP-TIMING(17001): 1861 0 -0.118582000
D/UDP-TIMING(17001): 1862 0 -0.098439000
D/UDP-TIMING(17001): 1863 0 -0.108624000
D/UDP-TIMING(17001): 1864 0 -0.118778000
D/UDP-TIMING(17001): 1865 0 -0.099331000
D/UDP-TIMING(17001): 1866 0 -0.109517000
D/UDP-TIMING(17001): 1867 0 -0.119703000
D/UDP-TIMING(17001): 1868 0 -0.099339000
D/UDP-TIMING(17001): 1869 0 -0.109447000
D/UDP-TIMING(17001): 1870 0 -0.119628000
D/UDP-TIMING(17001): 1871 0 -0.100365000
D/UDP-TIMING(17001): 1872 0 -0.110551000
D/UDP-TIMING(17001): 1873 0 -0.120704000
D/UDP-TIMING(17001): 1874 0 -0.100648000
D/UDP-TIMING(17001): 1875 0 -0.110756000
D/UDP-TIMING(17001): 1876 0 -0.120952000
D/UDP-TIMING(17001): 1877 0 -0.101335000
D/UDP-TIMING(17001): 1878 0 -0.111531000
D/UDP-TIMING(17001): 1879 0 -0.121637000
D/UDP-TIMING(17001): 1880 0 -0.101925000
D/UDP-TIMING(17001): 1881 0 -0.112120000
D/UDP-TIMING(17001): 1882 0 -0.122319000
D/UDP-TIMING(17001): 1883 0 -0.101845000
D/UDP-TIMING(17001): 1884 0 -0.112008000
D/UDP-TIMING(17001): 1885 0 -0.122205000
D/UDP-TIMING(17001): 1886 0 -0.102774000
D/UDP-TIMING(17001): 1887 0 -0.112944000
D/UDP-TIMING(17001): 1888 0 -0.123145000
D/UDP-TIMING(17001): 1889 0 -0.103681000
D/UDP-TIMING(17001): 1890 0 -0.113882000
E/TrafficStats( 1673): [QCTMM]tryAll index=0
E/TrafficStats( 1673): [QCTMM]tryAll index=1
E/TrafficStats( 1673): [QCTMM]tryAll index=2
E/TrafficStats( 1673): [QCTMM]tryAll index=0
E/TrafficStats( 1673): [QCTMM]tryAll index=1
E/TrafficStats( 1673): [QCTMM]tryAll index=2
D/DATA    ( 1860): sentSinceLastRecv=0,watchdogTrigger=10,maxindex=0
D/UDP-TIMING(17001): 1891 0 -0.093257000
D/UDP-TIMING(17001): 1892 0 -0.103434000
D/UDP-TIMING(17001): 1893 0 -0.113634000
D/UDP-TIMING(17001): 1894 0 -0.094631000
D/UDP-TIMING(17001): 1895 0 -0.104815000
D/UDP-TIMING(17001): 1896 0 -0.114313000
D/UDP-TIMING(17001): 1897 0 -0.094884000
D/UDP-TIMING(17001): 1898 0 -0.105080000
D/UDP-TIMING(17001): 1899 0 -0.115279000
D/UDP-TIMING(17001): 1900 0 -0.095821000
D/UDP-TIMING(17001): 1901 0 -0.106021000
D/UDP-TIMING(17001): 1902 0 -0.085848000
D/UDP-TIMING(17001): 1903 0 -0.096046000
D/UDP-TIMING(17001): 1904 0 -0.106217000
D/UDP-TIMING(17001): 1905 0 -0.116417000
D/UDP-TIMING(17001): 1906 0 -0.096886000
D/UDP-TIMING(17001): 1907 0 -0.107083000
D/UDP-TIMING(17001): 1908 0 -0.117279000
D/UDP-TIMING(17001): 1909 0 -0.097300000
D/UDP-TIMING(17001): 1910 0 -0.107500000
D/UDP-TIMING(17001): 1911 0 -0.087970000
D/UDP-TIMING(17001): 1912 0 -0.098138000
D/UDP-TIMING(17001): 1913 0 -0.108332000
D/UDP-TIMING(17001): 1914 0 -0.088530000
D/UDP-TIMING(17001): 1915 0 -0.098697000
D/UDP-TIMING(17001): 1916 0 -0.108892000
D/UDP-TIMING(17001): 1917 0 -0.119091000
D/UDP-TIMING(17001): 1918 0 -0.098986000
D/UDP-TIMING(17001): 1919 0 -0.109174000
D/UDP-TIMING(17001): 1920 0 -0.119373000
D/UDP-TIMING(17001): 1921 0 -0.099820000
D/UDP-TIMING(17001): 1922 0 -0.109985000
D/UDP-TIMING(17001): 1923 0 -0.120181000
D/UDP-TIMING(17001): 1924 0 -0.100227000
D/UDP-TIMING(17001): 1925 0 -0.110395000
D/UDP-TIMING(17001): 1926 0 -0.120587000
D/UDP-TIMING(17001): 1927 0 -0.101091000
D/UDP-TIMING(17001): 1928 0 -0.111290000
D/UDP-TIMING(17001): 1929 0 -0.121441000
D/UDP-TIMING(17001): 1930 0 -0.101380000
D/UDP-TIMING(17001): 1931 0 -0.111579000
D/UDP-TIMING(17001): 1932 0 -0.092021000
D/UDP-TIMING(17001): 1933 0 -0.102178000
D/UDP-TIMING(17001): 1934 0 -0.112376000
D/UDP-TIMING(17001): 1935 0 -0.122561000
D/UDP-TIMING(17001): 1936 0 -0.102461000
D/UDP-TIMING(17001): 1937 0 -0.112657000
D/UDP-TIMING(17001): 1938 0 -0.122827000
D/UDP-TIMING(17001): 1939 0 -0.103396000
D/UDP-TIMING(17001): 1940 0 -0.113593000
D/UDP-TIMING(17001): 1941 0 -0.122032000
D/UDP-TIMING(17001): 1942 0 -0.103705000
D/UDP-TIMING(17001): 1943 0 -0.113902000
D/UDP-TIMING(17001): 1944 0 -0.094347000
D/UDP-TIMING(17001): 1945 0 -0.104543000
D/UDP-TIMING(17001): 1946 0 -0.114715000
D/UDP-TIMING(17001): 1947 0 -0.094916000
D/UDP-TIMING(17001): 1948 0 -0.105105000
D/UDP-TIMING(17001): 1949 0 -0.115346000
D/UDP-TIMING(17001): 1950 0 -0.095510000
D/UDP-TIMING(17001): 1951 0 -0.105714000
D/UDP-TIMING(17001): 1952 0 -0.115911000
D/UDP-TIMING(17001): 1953 0 -0.096142000
D/UDP-TIMING(17001): 1954 0 -0.106340000
D/UDP-TIMING(17001): 1955 0 -0.116535000
D/UDP-TIMING(17001): 1956 0 -0.096479000
D/UDP-TIMING(17001): 1957 0 -0.106668000
D/UDP-TIMING(17001): 1958 0 -0.116826000
D/UDP-TIMING(17001): 1959 0 -0.097383000
D/UDP-TIMING(17001): 1960 0 -0.107573000
D/UDP-TIMING(17001): 1961 0 -0.087392000
D/UDP-TIMING(17001): 1962 0 -0.097578000
D/UDP-TIMING(17001): 1963 0 -0.107764000
D/UDP-TIMING(17001): 1964 0 -0.117953000
D/UDP-TIMING(17001): 1965 0 -0.098385000
D/UDP-TIMING(17001): 1966 0 -0.108587000
D/UDP-TIMING(17001): 1967 0 -0.118785000
D/UDP-TIMING(17001): 1968 0 -0.099378000
D/UDP-TIMING(17001): 1969 0 -0.109578000
D/UDP-TIMING(17001): 1970 0 -0.119774000
D/UDP-TIMING(17001): 1971 0 -0.099419000
D/UDP-TIMING(17001): 1972 0 -0.109617000
D/UDP-TIMING(17001): 1973 0 -0.119815000
D/UDP-TIMING(17001): 1974 0 -0.099921000
D/UDP-TIMING(17001): 1975 0 -0.110115000
D/UDP-TIMING(17001): 1976 0 -0.120313000
D/UDP-TIMING(17001): 1977 0 -0.100477000
D/UDP-TIMING(17001): 1978 0 -0.110612000
D/UDP-TIMING(17001): 1979 0 -0.120808000
D/UDP-TIMING(17001): 1980 0 -0.101005000
D/UDP-TIMING(17001): 1981 0 -0.111143000
D/UDP-TIMING(17001): 1982 0 -0.121316000
D/UDP-TIMING(17001): 1983 0 -0.101793000
D/UDP-TIMING(17001): 1984 0 -0.111989000
D/UDP-TIMING(17001): 1985 0 -0.122154000
D/UDP-TIMING(17001): 1986 0 -0.102356000
D/UDP-TIMING(17001): 1987 0 -0.112555000
D/UDP-TIMING(17001): 1988 0 -0.122752000
E/TrafficStats( 1673): [QCTMM]tryAll index=0
E/TrafficStats( 1673): [QCTMM]tryAll index=1
E/TrafficStats( 1673): [QCTMM]tryAll index=2
D/UDP-TIMING(17001): 1989 0 -0.102740000
D/UDP-TIMING(17001): 1990 0 -0.112939000
D/UDP-TIMING(17001): 1991 0 -0.123128000
E/TrafficStats( 1673): [QCTMM]tryAll index=0
E/TrafficStats( 1673): [QCTMM]tryAll index=1
E/TrafficStats( 1673): [QCTMM]tryAll index=2
D/DATA    ( 1860): sentSinceLastRecv=0,watchdogTrigger=10,maxindex=0
D/UDP-TIMING(17001): 1992 0 -0.103267000
D/UDP-TIMING(17001): 1993 0 -0.113436000
D/UDP-TIMING(17001): 1994 0 -0.093725000
D/UDP-TIMING(17001): 1995 0 -0.103925000
D/UDP-TIMING(17001): 1996 0 -0.114121000
D/UDP-TIMING(17001): 1997 0 -0.094688000
D/UDP-TIMING(17001): 1998 0 -0.104888000
D/UDP-TIMING(17001): 1999 0 -0.114347000
D/UDP-TIMING(17001): 2000 0 -0.094890000
D/UDP-TIMING(17001): 2001 0 -0.105084000
D/UDP-TIMING(17001): 2002 0 -0.115285000
D/UDP-TIMING(17001): 2003 0 -0.095818000
D/UDP-TIMING(17001): 2004 0 -0.106020000
D/UDP-TIMING(17001): 2005 0 -0.116214000
D/UDP-TIMING(17001): 2006 0 -0.096045000
D/UDP-TIMING(17001): 2007 0 -0.106245000
D/UDP-TIMING(17001): 2008 0 -0.116434000
D/UDP-TIMING(17001): 2009 0 -0.096999000
D/UDP-TIMING(17001): 2010 0 -0.107135000
D/UDP-TIMING(17001): 2011 0 -0.117327000
D/UDP-TIMING(17001): 2012 0 -0.097251000
D/UDP-TIMING(17001): 2013 0 -0.107447000
D/UDP-TIMING(17001): 2014 0 -0.117615000
D/UDP-TIMING(17001): 2015 0 -0.098123000
D/UDP-TIMING(17001): 2016 0 -0.108316000
D/UDP-TIMING(17001): 2017 0 -0.118479000
D/UDP-TIMING(17001): 2018 0 -0.098400000
D/UDP-TIMING(17001): 2019 0 -0.108594000
D/UDP-TIMING(17001): 2020 0 -0.118791000
D/UDP-TIMING(17001): 2021 0 -0.099264000
D/UDP-TIMING(17001): 2022 0 -0.109457000
D/UDP-TIMING(17001): 2023 0 -0.119651000
D/UDP-TIMING(17001): 2024 0 -0.099906000
D/UDP-TIMING(17001): 2025 0 -0.110072000
D/UDP-TIMING(17001): 2026 0 -0.120270000
D/UDP-TIMING(17001): 2027 0 -0.100193000
D/UDP-TIMING(17001): 2028 0 -0.110400000
D/UDP-TIMING(17001): 2029 0 -0.090878000
D/UDP-TIMING(17001): 2030 0 -0.101074000
D/UDP-TIMING(17001): 2031 0 -0.111273000
D/UDP-TIMING(17001): 2032 0 -0.121450000
D/UDP-TIMING(17001): 2033 0 -0.101341000
D/UDP-TIMING(17001): 2034 0 -0.111539000
D/UDP-TIMING(17001): 2035 0 -0.092040000
D/UDP-TIMING(17001): 2036 0 -0.102227000
D/UDP-TIMING(17001): 2037 0 -0.112426000
D/UDP-TIMING(17001): 2038 0 -0.092337000
D/UDP-TIMING(17001): 2039 0 -0.102531000
D/UDP-TIMING(17001): 2040 0 -0.112671000
D/UDP-TIMING(17001): 2041 0 -0.093211000
D/UDP-TIMING(17001): 2042 0 -0.103439000
D/UDP-TIMING(17001): 2043 0 -0.113603000
D/UDP-TIMING(17001): 2044 0 -0.093547000
D/UDP-TIMING(17001): 2045 0 -0.103737000
D/UDP-TIMING(17001): 2046 0 -0.113896000
D/UDP-TIMING(17001): 2047 0 -0.094357000
D/UDP-TIMING(17001): 2048 0 -0.104513000
D/UDP-TIMING(17001): 2049 0 -0.114700000
D/UDP-TIMING(17001): 2050 0 -0.094674000
D/UDP-TIMING(17001): 2051 0 -0.104860000
D/UDP-TIMING(17001): 2052 0 -0.115043000
D/UDP-TIMING(17001): 2053 0 -0.095482000
D/UDP-TIMING(17001): 2054 0 -0.105616000
D/UDP-TIMING(17001): 2055 0 -0.115797000
D/UDP-TIMING(17001): 2056 0 -0.095800000
D/UDP-TIMING(17001): 2057 0 -0.105960000
D/UDP-TIMING(17001): 2058 0 -0.086394000
D/UDP-TIMING(17001): 2059 0 -0.096580000
D/UDP-TIMING(17001): 2060 0 -0.106766000
D/UDP-TIMING(17001): 2061 0 -0.116922000
D/UDP-TIMING(17001): 2062 0 -0.097136000
D/UDP-TIMING(17001): 2063 0 -0.107318000
D/UDP-TIMING(17001): 2064 0 -0.086975000
D/UDP-TIMING(17001): 2065 0 -0.097130000
D/UDP-TIMING(17001): 2066 0 -0.107321000
D/UDP-TIMING(17001): 2067 0 -0.117499000
D/StatusBarPolicy( 1816): iconIndex=1
V/StatusBarPolicy( 1816): cdmaLevel:3;max:4
D/StatusBarPolicy( 1816): iconLevel:3
D/UDP-TIMING(17001): 2068 0 -0.097754000
D/UDP-TIMING(17001): 2069 0 -0.107909000
D/UDP-TIMING(17001): 2070 0 -0.118095000
I/PhoneInfo( 2188): getCdmaLevel - cdmaDbm: -72 cdmaEcio:-90
D/UDP-TIMING(17001): 2071 0 -0.098433000
D/UDP-TIMING(17001): 2072 0 -0.108619000
D/UDP-TIMING(17001): 2073 0 -0.118805000
I/PhoneInfo( 2188): getEvdoLevel - evdoDbm: -120 evdoSnr:-1 evdoEcio:-1
I/PhoneInfo( 2188): getLteLevel - lteRsrp: -1 lteCqi:-1
D/UDP-TIMING(17001): 2074 0 -0.099722000
D/UDP-TIMING(17001): 2075 0 -0.109909000
D/UDP-TIMING(17001): 2076 0 -0.089791000
D/UDP-TIMING(17001): 2077 0 -0.099945000
D/UDP-TIMING(17001): 2078 0 -0.110086000
D/UDP-TIMING(17001): 2079 0 -0.120231000
D/PowerManagerService( 1673): New lightsensor value:225, lcdValue:143
D/UDP-TIMING(17001): 2080 0 -0.100288000
D/UDP-TIMING(17001): 2081 0 -0.110471000
D/UDP-TIMING(17001): 2082 0 -0.120658000
D/UDP-TIMING(17001): 2083 0 -0.100601000
D/UDP-TIMING(17001): 2084 0 -0.110746000
D/UDP-TIMING(17001): 2085 0 -0.120898000
D/UDP-TIMING(17001): 2086 0 -0.101373000
D/UDP-TIMING(17001): 2087 0 -0.111583000
D/UDP-TIMING(17001): 2088 0 -0.121752000
E/TrafficStats( 1673): [QCTMM]tryAll index=0
E/TrafficStats( 1673): [QCTMM]tryAll index=1
E/TrafficStats( 1673): [QCTMM]tryAll index=2
D/UDP-TIMING(17001): 2089 0 -0.101167000
D/UDP-TIMING(17001): 2090 0 -0.111353000
D/UDP-TIMING(17001): 2091 0 -0.121539000
E/TrafficStats( 1673): [QCTMM]tryAll index=0
E/TrafficStats( 1673): [QCTMM]tryAll index=1
E/TrafficStats( 1673): [QCTMM]tryAll index=2
D/DATA    ( 1860): sentSinceLastRecv=0,watchdogTrigger=10,maxindex=0
D/UDP-TIMING(17001): 2092 0 -0.102429000
D/UDP-TIMING(17001): 2093 0 -0.112534000
D/UDP-TIMING(17001): 2094 0 -0.122724000
D/UDP-TIMING(17001): 2095 0 -0.102790000
D/UDP-TIMING(17001): 2096 0 -0.112983000
D/UDP-TIMING(17001): 2097 0 -0.093488000
D/UDP-TIMING(17001): 2098 0 -0.103652000
D/UDP-TIMING(17001): 2099 0 -0.113849000
D/UDP-TIMING(17001): 2100 0 -0.094049000
D/UDP-TIMING(17001): 2101 0 -0.104252000
D/UDP-TIMING(17001): 2102 0 -0.114428000
D/UDP-TIMING(17001): 2103 0 -0.094352000
D/UDP-TIMING(17001): 2104 0 -0.104548000
D/UDP-TIMING(17001): 2105 0 -0.114749000
D/UDP-TIMING(17001): 2106 0 -0.095252000
D/UDP-TIMING(17001): 2107 0 -0.105444000
D/UDP-TIMING(17001): 2108 0 -0.085366000
D/UDP-TIMING(17001): 2109 0 -0.095564000
D/UDP-TIMING(17001): 2110 0 -0.105730000
D/UDP-TIMING(17001): 2111 0 -0.115928000
D/UDP-TIMING(17001): 2112 0 -0.096463000
D/UDP-TIMING(17001): 2113 0 -0.106602000
D/UDP-TIMING(17001): 2114 0 -0.116771000
D/UDP-TIMING(17001): 2115 0 -0.096697000
D/UDP-TIMING(17001): 2116 0 -0.106896000
D/UDP-TIMING(17001): 2117 0 -0.117071000
D/UDP-TIMING(17001): 2118 0 -0.097579000
D/UDP-TIMING(17001): 2119 0 -0.107726000
D/UDP-TIMING(17001): 2120 0 -0.117921000
D/UDP-TIMING(17001): 2121 0 -0.097483000
D/UDP-TIMING(17001): 2122 0 -0.107651000
D/UDP-TIMING(17001): 2123 0 -0.117851000
D/UDP-TIMING(17001): 2124 0 -0.098751000
D/UDP-TIMING(17001): 2125 0 -0.108945000
D/UDP-TIMING(17001): 2126 0 -0.119137000
D/UDP-TIMING(17001): 2127 0 -0.099037000
D/UDP-TIMING(17001): 2128 0 -0.109235000
D/UDP-TIMING(17001): 2129 0 -0.119400000
D/UDP-TIMING(17001): 2130 0 -0.099933000
D/UDP-TIMING(17001): 2131 0 -0.110132000
D/UDP-TIMING(17001): 2132 0 -0.120324000
D/UDP-TIMING(17001): 2133 0 -0.100277000
D/UDP-TIMING(17001): 2134 0 -0.110473000
D/UDP-TIMING(17001): 2135 0 -0.090854000
D/UDP-TIMING(17001): 2136 0 -0.101046000
D/UDP-TIMING(17001): 2137 0 -0.111240000
D/UDP-TIMING(17001): 2138 0 -0.091500000
D/UDP-TIMING(17001): 2139 0 -0.101636000
D/UDP-TIMING(17001): 2140 0 -0.111834000
D/UDP-TIMING(17001): 2141 0 -0.122000000
D/UDP-TIMING(17001): 2142 0 -0.101988000
D/UDP-TIMING(17001): 2143 0 -0.112153000
D/UDP-TIMING(17001): 2144 0 -0.092611000
D/UDP-TIMING(17001): 2145 0 -0.102808000
D/UDP-TIMING(17001): 2146 0 -0.113014000
D/UDP-TIMING(17001): 2147 0 -0.092937000
D/UDP-TIMING(17001): 2148 0 -0.103136000
D/UDP-TIMING(17001): 2149 0 -0.113302000
D/UDP-TIMING(17001): 2150 0 -0.093683000
D/UDP-TIMING(17001): 2151 0 -0.103849000
D/UDP-TIMING(17001): 2152 0 -0.114053000
D/UDP-TIMING(17001): 2153 0 -0.094102000
D/UDP-TIMING(17001): 2154 0 -0.104297000
D/UDP-TIMING(17001): 2155 0 -0.114500000
D/UDP-TIMING(17001): 2156 0 -0.094944000
D/UDP-TIMING(17001): 2157 0 -0.105130000
D/UDP-TIMING(17001): 2158 0 -0.115316000
D/UDP-TIMING(17001): 2159 0 -0.095193000
D/UDP-TIMING(17001): 2160 0 -0.105378000
D/UDP-TIMING(17001): 2161 0 -0.115541000
D/UDP-TIMING(17001): 2162 0 -0.096002000
D/UDP-TIMING(17001): 2163 0 -0.106191000
D/UDP-TIMING(17001): 2164 0 -0.116348000
D/UDP-TIMING(17001): 2165 0 -0.096260000
D/UDP-TIMING(17001): 2166 0 -0.106414000
D/UDP-TIMING(17001): 2167 0 -0.116608000
D/UDP-TIMING(17001): 2168 0 -0.097067000
D/UDP-TIMING(17001): 2169 0 -0.107252000
D/UDP-TIMING(17001): 2170 0 -0.117438000
D/UDP-TIMING(17001): 2171 0 -0.097443000
D/UDP-TIMING(17001): 2172 0 -0.107634000
D/UDP-TIMING(17001): 2173 0 -0.117818000
D/UDP-TIMING(17001): 2174 0 -0.098281000
D/UDP-TIMING(17001): 2175 0 -0.108464000
D/UDP-TIMING(17001): 2176 0 -0.118627000
D/UDP-TIMING(17001): 2177 0 -0.098906000
D/UDP-TIMING(17001): 2178 0 -0.109056000
D/UDP-TIMING(17001): 2179 0 -0.088872000
D/UDP-TIMING(17001): 2180 0 -0.099030000
D/UDP-TIMING(17001): 2181 0 -0.109216000
D/UDP-TIMING(17001): 2182 0 -0.119404000
D/UDP-TIMING(17001): 2183 0 -0.099988000
D/UDP-TIMING(17001): 2184 0 -0.110143000
D/UDP-TIMING(17001): 2185 0 -0.120323000
D/UDP-TIMING(17001): 2186 0 -0.100269000
D/UDP-TIMING(17001): 2187 0 -0.110455000
E/TrafficStats( 1673): [QCTMM]tryAll index=0
E/TrafficStats( 1673): [QCTMM]tryAll index=1
E/TrafficStats( 1673): [QCTMM]tryAll index=2
E/TrafficStats( 1673): [QCTMM]tryAll index=0
E/TrafficStats( 1673): [QCTMM]tryAll index=1
E/TrafficStats( 1673): [QCTMM]tryAll index=2
D/DATA    ( 1860): sentSinceLastRecv=0,watchdogTrigger=10,maxindex=0
D/UDP-TIMING(17001): 2188 0 -0.090306000
D/UDP-TIMING(17001): 2189 0 -0.100476000
D/UDP-TIMING(17001): 2190 0 -0.110662000
D/UDP-TIMING(17001): 2191 0 -0.120804000
D/UDP-TIMING(17001): 2192 0 -0.101298000
D/UDP-TIMING(17001): 2193 0 -0.111456000
D/UDP-TIMING(17001): 2194 0 -0.121644000
D/UDP-TIMING(17001): 2195 0 -0.102137000
D/UDP-TIMING(17001): 2196 0 -0.112321000
D/UDP-TIMING(17001): 2197 0 -0.092236000
D/UDP-TIMING(17001): 2198 0 -0.102424000
D/UDP-TIMING(17001): 2199 0 -0.112581000
D/UDP-TIMING(17001): 2200 0 -0.122769000
D/UDP-TIMING(17001): 2201 0 -0.103356000
D/UDP-TIMING(17001): 2202 0 -0.113513000
D/UDP-TIMING(17001): 2203 0 -0.093393000
D/UDP-TIMING(17001): 2204 0 -0.103579000
D/UDP-TIMING(17001): 2205 0 -0.113771000
D/UDP-TIMING(17001): 2206 0 -0.094268000
D/UDP-TIMING(17001): 2207 0 -0.104457000
D/UDP-TIMING(17001): 2208 0 -0.114612000
D/UDP-TIMING(17001): 2209 0 -0.094465000
D/UDP-TIMING(17001): 2210 0 -0.104651000
D/UDP-TIMING(17001): 2211 0 -0.114809000
D/UDP-TIMING(17001): 2212 0 -0.095426000
D/UDP-TIMING(17001): 2213 0 -0.105609000
D/UDP-TIMING(17001): 2214 0 -0.085672000
D/UDP-TIMING(17001): 2215 0 -0.095828000
D/UDP-TIMING(17001): 2216 0 -0.106015000
D/UDP-TIMING(17001): 2217 0 -0.116202000
D/UDP-TIMING(17001): 2218 0 -0.096209000
D/UDP-TIMING(17001): 2219 0 -0.106396000
D/UDP-TIMING(17001): 2220 0 -0.116549000
D/UDP-TIMING(17001): 2221 0 -0.097013000
D/UDP-TIMING(17001): 2222 0 -0.107200000
D/UDP-TIMING(17001): 2223 0 -0.117430000
D/UDP-TIMING(17001): 2224 0 -0.097342000
D/UDP-TIMING(17001): 2225 0 -0.107527000
D/UDP-TIMING(17001): 2226 0 -0.117709000
D/UDP-TIMING(17001): 2227 0 -0.098234000
D/UDP-TIMING(17001): 2228 0 -0.108395000
D/UDP-TIMING(17001): 2229 0 -0.118581000
D/UDP-TIMING(17001): 2230 0 -0.098434000
D/UDP-TIMING(17001): 2231 0 -0.108625000
D/UDP-TIMING(17001): 2232 0 -0.118784000
D/UDP-TIMING(17001): 2233 0 -0.099337000
D/UDP-TIMING(17001): 2234 0 -0.109524000
D/UDP-TIMING(17001): 2235 0 -0.119711000
D/UDP-TIMING(17001): 2236 0 -0.099471000
D/UDP-TIMING(17001): 2237 0 -0.109656000
D/UDP-TIMING(17001): 2238 0 -0.119839000
D/UDP-TIMING(17001): 2239 0 -0.100454000
D/UDP-TIMING(17001): 2240 0 -0.110619000
D/UDP-TIMING(17001): 2241 0 -0.120806000
D/UDP-TIMING(17001): 2242 0 -0.100781000
D/UDP-TIMING(17001): 2243 0 -0.110938000
D/UDP-TIMING(17001): 2244 0 -0.091354000
D/UDP-TIMING(17001): 2245 0 -0.101454000
D/UDP-TIMING(17001): 2246 0 -0.111652000
D/UDP-TIMING(17001): 2247 0 -0.121839000
D/UDP-TIMING(17001): 2248 0 -0.101755000
D/UDP-TIMING(17001): 2249 0 -0.111951000
D/UDP-TIMING(17001): 2250 0 -0.122139000
D/UDP-TIMING(17001): 2251 0 -0.102570000
D/UDP-TIMING(17001): 2252 0 -0.112757000
D/UDP-TIMING(17001): 2253 0 -0.122945000
D/UDP-TIMING(17001): 2254 0 -0.103256000
D/UDP-TIMING(17001): 2255 0 -0.113418000
D/UDP-TIMING(17001): 2256 0 -0.123179000
D/UDP-TIMING(17001): 2257 0 -0.103401000
D/UDP-TIMING(17001): 2258 0 -0.113593000
D/UDP-TIMING(17001): 2259 0 -0.094123000
D/UDP-TIMING(17001): 2260 0 -0.104317000
D/UDP-TIMING(17001): 2261 0 -0.114504000
D/UDP-TIMING(17001): 2262 0 -0.094327000
D/UDP-TIMING(17001): 2263 0 -0.104489000
D/UDP-TIMING(17001): 2264 0 -0.114677000
D/UDP-TIMING(17001): 2265 0 -0.094967000
D/UDP-TIMING(17001): 2266 0 -0.105152000
D/UDP-TIMING(17001): 2267 0 -0.115357000
D/UDP-TIMING(17001): 2268 0 -0.095554000
D/UDP-TIMING(17001): 2269 0 -0.105718000
D/UDP-TIMING(17001): 2270 0 -0.115916000
D/UDP-TIMING(17001): 2271 0 -0.096021000
D/UDP-TIMING(17001): 2272 0 -0.106217000
D/UDP-TIMING(17001): 2273 0 -0.116416000
D/UDP-TIMING(17001): 2274 0 -0.096495000
D/UDP-TIMING(17001): 2275 0 -0.106639000
D/UDP-TIMING(17001): 2276 0 -0.116840000
D/UDP-TIMING(17001): 2277 0 -0.097474000
D/UDP-TIMING(17001): 2278 0 -0.107617000
D/UDP-TIMING(17001): 2279 0 -0.117812000
D/UDP-TIMING(17001): 2280 0 -0.097766000
D/UDP-TIMING(17001): 2281 0 -0.107943000
D/UDP-TIMING(17001): 2282 0 -0.118138000
D/UDP-TIMING(17001): 2283 0 -0.098641000
D/UDP-TIMING(17001): 2284 0 -0.108836000
D/UDP-TIMING(17001): 2285 0 -0.118976000
D/UDP-TIMING(17001): 2286 0 -0.098899000
D/UDP-TIMING(17001): 2287 0 -0.109095000
D/UDP-TIMING(17001): 2288 0 -0.119293000
E/TrafficStats( 1673): [QCTMM]tryAll index=0
E/TrafficStats( 1673): [QCTMM]tryAll index=1
E/TrafficStats( 1673): [QCTMM]tryAll index=2
E/TrafficStats( 1673): [QCTMM]tryAll index=0
E/TrafficStats( 1673): [QCTMM]tryAll index=1
E/TrafficStats( 1673): [QCTMM]tryAll index=2
D/DATA    ( 1860): sentSinceLastRecv=0,watchdogTrigger=10,maxindex=0
D/UDP-TIMING(17001): 2289 0 -0.099308000
D/UDP-TIMING(17001): 2290 0 -0.109463000
D/UDP-TIMING(17001): 2291 0 -0.119659000
D/UDP-TIMING(17001): 2292 0 -0.100256000
D/UDP-TIMING(17001): 2293 0 -0.110460000
D/UDP-TIMING(17001): 2294 0 -0.120660000
D/UDP-TIMING(17001): 2295 0 -0.100591000
D/UDP-TIMING(17001): 2296 0 -0.110789000
D/UDP-TIMING(17001): 2297 0 -0.121062000
D/UDP-TIMING(17001): 2298 0 -0.101562000
D/UDP-TIMING(17001): 2299 0 -0.111731000
D/UDP-TIMING(17001): 2300 0 -0.121928000
D/UDP-TIMING(17001): 2301 0 -0.101903000
D/UDP-TIMING(17001): 2302 0 -0.112103000
D/UDP-TIMING(17001): 2303 0 -0.092575000
D/UDP-TIMING(17001): 2304 0 -0.102774000
D/UDP-TIMING(17001): 2305 0 -0.112940000
D/UDP-TIMING(17001): 2306 0 -0.092812000
D/UDP-TIMING(17001): 2307 0 -0.102982000
D/UDP-TIMING(17001): 2308 0 -0.113122000
D/UDP-TIMING(17001): 2309 0 -0.123317000
D/UDP-TIMING(17001): 2310 0 -0.103880000
D/UDP-TIMING(17001): 2311 0 -0.114084000
D/UDP-TIMING(17001): 2312 0 -0.093976000
D/UDP-TIMING(17001): 2313 0 -0.104144000
D/UDP-TIMING(17001): 2314 0 -0.114347000
D/UDP-TIMING(17001): 2315 0 -0.094849000
D/UDP-TIMING(17001): 2316 0 -0.105046000
D/UDP-TIMING(17001): 2317 0 -0.115227000
D/UDP-TIMING(17001): 2318 0 -0.095124000
D/UDP-TIMING(17001): 2319 0 -0.105318000
D/UDP-TIMING(17001): 2320 0 -0.115495000
D/UDP-TIMING(17001): 2321 0 -0.096001000
D/UDP-TIMING(17001): 2322 0 -0.106201000
D/UDP-TIMING(17001): 2323 0 -0.086401000
D/UDP-TIMING(17001): 2324 0 -0.096594000
D/UDP-TIMING(17001): 2325 0 -0.106792000
D/UDP-TIMING(17001): 2326 0 -0.117000000
D/UDP-TIMING(17001): 2327 0 -0.097129000
D/UDP-TIMING(17001): 2328 0 -0.107323000
D/UDP-TIMING(17001): 2329 0 -0.117522000
D/UDP-TIMING(17001): 2330 0 -0.097780000
D/UDP-TIMING(17001): 2331 0 -0.107976000
D/UDP-TIMING(17001): 2332 0 -0.118228000
D/UDP-TIMING(17001): 2333 0 -0.098233000
D/UDP-TIMING(17001): 2334 0 -0.108399000
D/UDP-TIMING(17001): 2335 0 -0.118598000
D/UDP-TIMING(17001): 2336 0 -0.099072000
D/UDP-TIMING(17001): 2337 0 -0.109258000
D/UDP-TIMING(17001): 2338 0 -0.119446000
D/UDP-TIMING(17001): 2339 0 -0.099389000
D/UDP-TIMING(17001): 2340 0 -0.109575000
D/UDP-TIMING(17001): 2341 0 -0.119741000
D/UDP-TIMING(17001): 2342 0 -0.100213000
D/UDP-TIMING(17001): 2343 0 -0.110373000
D/UDP-TIMING(17001): 2344 0 -0.120542000
D/UDP-TIMING(17001): 2345 0 -0.100530000
D/UDP-TIMING(17001): 2346 0 -0.110726000
D/UDP-TIMING(17001): 2347 0 -0.120922000
D/UDP-TIMING(17001): 2348 0 -0.101406000
D/UDP-TIMING(17001): 2349 0 -0.111591000
D/UDP-TIMING(17001): 2350 0 -0.121759000
D/UDP-TIMING(17001): 2351 0 -0.101665000
D/UDP-TIMING(17001): 2352 0 -0.111849000
D/UDP-TIMING(17001): 2353 0 -0.122050000
D/UDP-TIMING(17001): 2354 0 -0.102523000
D/UDP-TIMING(17001): 2355 0 -0.112686000
D/UDP-TIMING(17001): 2356 0 -0.122868000
D/UDP-TIMING(17001): 2357 0 -0.102775000
D/UDP-TIMING(17001): 2358 0 -0.112959000
D/UDP-TIMING(17001): 2359 0 -0.123122000
D/UDP-TIMING(17001): 2360 0 -0.103705000
D/UDP-TIMING(17001): 2361 0 -0.113890000
D/UDP-TIMING(17001): 2362 0 -0.094067000
D/UDP-TIMING(17001): 2363 0 -0.104257000
D/UDP-TIMING(17001): 2364 0 -0.114415000
D/UDP-TIMING(17001): 2365 0 -0.093626000
D/UDP-TIMING(17001): 2366 0 -0.103816000
D/UDP-TIMING(17001): 2367 0 -0.114005000
E/TrafficStats(16531): [QCTMM]tryAll index=0
E/TrafficStats(16531): [QCTMM]tryAll index=1
E/TrafficStats(16531): [QCTMM]tryAll index=2
E/TrafficStats(16531): [QCTMM]tryAll index=0
E/TrafficStats(16531): [QCTMM]tryAll index=1
E/TrafficStats(16531): [QCTMM]tryAll index=2
D/UDP-TIMING(17001): 2368 0 -0.094374000
D/UDP-TIMING(17001): 2369 0 -0.104558000
D/UDP-TIMING(17001): 2370 0 -0.114742000
E/TrafficStats(16531): [QCTMM]tryAll index=0
E/TrafficStats(16531): [QCTMM]tryAll index=1
E/TrafficStats(16531): [QCTMM]tryAll index=2
E/TrafficStats(16531): [QCTMM]tryAll index=0
E/TrafficStats(16531): [QCTMM]tryAll index=1
E/TrafficStats(16531): [QCTMM]tryAll index=2
D/UDP-TIMING(17001): 2371 0 -0.094533000
D/UDP-TIMING(17001): 2372 0 -0.104691000
D/UDP-TIMING(17001): 2373 0 -0.114878000
D/UDP-TIMING(17001): 2374 0 -0.096285000
D/UDP-TIMING(17001): 2375 0 -0.106470000
D/UDP-TIMING(17001): 2376 0 -0.116632000
D/UDP-TIMING(17001): 2377 0 -0.096544000
D/UDP-TIMING(17001): 2378 0 -0.106729000
D/UDP-TIMING(17001): 2379 0 -0.116888000
D/UDP-TIMING(17001): 2380 0 -0.097408000
D/UDP-TIMING(17001): 2381 0 -0.107591000
D/UDP-TIMING(17001): 2382 0 -0.117746000
D/UDP-TIMING(17001): 2383 0 -0.097648000
D/UDP-TIMING(17001): 2384 0 -0.107846000
D/UDP-TIMING(17001): 2385 0 -0.118013000
D/UDP-TIMING(17001): 2386 0 -0.098447000
D/UDP-TIMING(17001): 2387 0 -0.108633000
D/UDP-TIMING(17001): 2388 0 -0.118819000
E/TrafficStats( 1673): [QCTMM]tryAll index=0
E/TrafficStats( 1673): [QCTMM]tryAll index=1
E/TrafficStats( 1673): [QCTMM]tryAll index=2
E/TrafficStats( 1673): [QCTMM]tryAll index=0
E/TrafficStats( 1673): [QCTMM]tryAll index=1
E/TrafficStats( 1673): [QCTMM]tryAll index=2
D/DATA    ( 1860): sentSinceLastRecv=0,watchdogTrigger=10,maxindex=0
D/UDP-TIMING(17001): 2389 0 -0.098335000
D/UDP-TIMING(17001): 2390 0 -0.107237000
D/UDP-TIMING(17001): 2391 0 -0.117430000
D/UDP-TIMING(17001): 2392 0 -0.099599000
D/UDP-TIMING(17001): 2393 0 -0.109788000
D/UDP-TIMING(17001): 2394 0 -0.119969000
D/UDP-TIMING(17001): 2395 0 -0.099911000
D/UDP-TIMING(17001): 2396 0 -0.110097000
D/UDP-TIMING(17001): 2397 0 -0.120291000
D/UDP-TIMING(17001): 2398 0 -0.100813000
D/UDP-TIMING(17001): 2399 0 -0.110966000
D/UDP-TIMING(17001): 2400 0 -0.121157000
D/UDP-TIMING(17001): 2401 0 -0.101282000
D/UDP-TIMING(17001): 2402 0 -0.111350000
D/UDP-TIMING(17001): 2403 0 -0.121535000
D/UDP-TIMING(17001): 2404 0 -0.101509000
D/UDP-TIMING(17001): 2405 0 -0.111696000
D/UDP-TIMING(17001): 2406 0 -0.121808000
D/UDP-TIMING(17001): 2407 0 -0.102335000
D/UDP-TIMING(17001): 2408 0 -0.112593000
D/UDP-TIMING(17001): 2409 0 -0.122790000
D/UDP-TIMING(17001): 2410 0 -0.102715000
D/UDP-TIMING(17001): 2411 0 -0.112889000
D/UDP-TIMING(17001): 2412 0 -0.123083000
D/UDP-TIMING(17001): 2413 0 -0.103526000
D/UDP-TIMING(17001): 2414 0 -0.113724000
D/UDP-TIMING(17001): 2415 0 -0.123914000
D/UDP-TIMING(17001): 2416 0 -0.103836000
D/UDP-TIMING(17001): 2417 0 -0.114033000
D/UDP-TIMING(17001): 2418 0 -0.094474000
D/UDP-TIMING(17001): 2419 0 -0.104673000
D/UDP-TIMING(17001): 2420 0 -0.114870000
E/TrafficStats(16531): [QCTMM]tryAll index=0
D/UDP-TIMING(17001): 2421 0 -0.094846000
D/UDP-TIMING(17001): 2422 0 -0.105080000
D/UDP-TIMING(17001): 2423 0 -0.115276000
E/TrafficStats(16531): [QCTMM]tryAll index=1
E/TrafficStats(16531): [QCTMM]tryAll index=2
E/TrafficStats(16531): [QCTMM]tryAll index=0
E/TrafficStats(16531): [QCTMM]tryAll index=1
E/TrafficStats(16531): [QCTMM]tryAll index=2
E/TrafficStats(16531): [QCTMM]tryAll index=0
E/TrafficStats(16531): [QCTMM]tryAll index=1
E/TrafficStats(16531): [QCTMM]tryAll index=2
D/UDP-TIMING(17001): 2424 0 -0.095322000
D/UDP-TIMING(17001): 2425 0 -0.105523000
D/UDP-TIMING(17001): 2426 0 -0.115722000
E/TrafficStats(16531): [QCTMM]tryAll index=0
E/TrafficStats(16531): [QCTMM]tryAll index=1
E/TrafficStats(16531): [QCTMM]tryAll index=2
D/UDP-TIMING(17001): 2427 0 -0.096832000
D/UDP-TIMING(17001): 2428 0 -0.107028000
D/UDP-TIMING(17001): 2429 0 -0.117169000
D/UDP-TIMING(17001): 2430 0 -0.097406000
D/UDP-TIMING(17001): 2431 0 -0.107558000
D/UDP-TIMING(17001): 2432 0 -0.117744000
D/Database(16531): dbopen(): path = /data/data/com.onavo.android.onavoid/databases/ui_events, flag = 6, file size = 14043136
D/Database(16531): dbopen(): path = /data/data/com.onavo.android.onavoid/databases/ui_events, mode: wal, disk free size: 2000 M, handle: 0x378018
D/UDP-TIMING(17001): 2433 0 -0.097321000
D/UDP-TIMING(17001): 2434 0 -0.107506000
D/UDP-TIMING(17001): 2435 0 -0.117694000
D/Database(16531): dbclose(): path = /data/data/com.onavo.android.onavoid/databases/ui_events, handle = 0x378018
D/UDP-TIMING(17001): 2436 0 -0.098492000
D/UDP-TIMING(17001): 2437 0 -0.108680000
D/UDP-TIMING(17001): 2438 0 -0.118866000
D/dalvikvm(16531): GC_CONCURRENT freed 411K, 51% free 3285K/6599K, external 0K/0K, paused 2ms+3ms
D/UDP-TIMING(17001): 2439 0 -0.099131000
D/UDP-TIMING(17001): 2440 0 -0.109314000
D/UDP-TIMING(17001): 2441 0 -0.088958000
D/UDP-TIMING(17001): 2442 0 -0.099141000
D/UDP-TIMING(17001): 2443 0 -0.109297000
D/UDP-TIMING(17001): 2444 0 -0.119483000
D/UDP-TIMING(17001): 2445 0 -0.099669000
D/UDP-TIMING(17001): 2446 0 -0.109826000
D/UDP-TIMING(17001): 2447 0 -0.120013000
D/UDP-TIMING(17001): 2448 0 -0.099925000
D/UDP-TIMING(17001): 2449 0 -0.110112000
D/UDP-TIMING(17001): 2450 0 -0.120295000
D/UDP-TIMING(17001): 2451 0 -0.100816000
D/UDP-TIMING(17001): 2452 0 -0.110971000
D/UDP-TIMING(17001): 2453 0 -0.121157000
D/UDP-TIMING(17001): 2454 0 -0.101069000
D/UDP-TIMING(17001): 2455 0 -0.111225000
D/UDP-TIMING(17001): 2456 0 -0.121337000
D/UDP-TIMING(17001): 2457 0 -0.101784000
D/UDP-TIMING(17001): 2458 0 -0.111942000
D/UDP-TIMING(17001): 2459 0 -0.122128000
D/UDP-TIMING(17001): 2460 0 -0.102013000
D/UDP-TIMING(17001): 2461 0 -0.112081000
D/UDP-TIMING(17001): 2462 0 -0.122279000
D/UDP-TIMING(17001): 2463 0 -0.102802000
D/UDP-TIMING(17001): 2464 0 -0.112959000
D/UDP-TIMING(17001): 2465 0 -0.092933000
D/UDP-TIMING(17001): 2466 0 -0.103157000
D/UDP-TIMING(17001): 2467 0 -0.113313000
D/UDP-TIMING(17001): 2468 0 -0.093806000
D/UDP-TIMING(17001): 2469 0 -0.104002000
D/UDP-TIMING(17001): 2470 0 -0.114190000
D/UDP-TIMING(17001): 2471 0 -0.094103000
D/UDP-TIMING(17001): 2472 0 -0.104292000
D/UDP-TIMING(17001): 2473 0 -0.114447000
D/UDP-TIMING(17001): 2474 0 -0.094882000
D/UDP-TIMING(17001): 2475 0 -0.105071000
D/UDP-TIMING(17001): 2476 0 -0.115230000
D/UDP-TIMING(17001): 2477 0 -0.095539000
D/UDP-TIMING(17001): 2478 0 -0.105691000
D/UDP-TIMING(17001): 2479 0 -0.085604000
D/UDP-TIMING(17001): 2480 0 -0.095787000
D/UDP-TIMING(17001): 2481 0 -0.105948000
D/UDP-TIMING(17001): 2482 0 -0.116134000
D/UDP-TIMING(17001): 2483 0 -0.096666000
D/UDP-TIMING(17001): 2484 0 -0.106851000
D/UDP-TIMING(17001): 2485 0 -0.117013000
E/TrafficStats( 1673): [QCTMM]tryAll index=0
E/TrafficStats( 1673): [QCTMM]tryAll index=1
E/TrafficStats( 1673): [QCTMM]tryAll index=2
D/UDP-TIMING(17001): 2486 0 -0.096921000
D/UDP-TIMING(17001): 2487 0 -0.107107000
D/UDP-TIMING(17001): 2488 0 -0.117292000
E/TrafficStats( 1673): [QCTMM]tryAll index=0
E/TrafficStats( 1673): [QCTMM]tryAll index=1
E/TrafficStats( 1673): [QCTMM]tryAll index=2
D/DATA    ( 1860): sentSinceLastRecv=0,watchdogTrigger=10,maxindex=0
D/UDP-TIMING(17001): 2489 0 -0.097298000
D/UDP-TIMING(17001): 2490 0 -0.107489000
D/UDP-TIMING(17001): 2491 0 -0.117655000
D/UDP-TIMING(17001): 2492 0 -0.098006000
D/UDP-TIMING(17001): 2493 0 -0.108189000
D/UDP-TIMING(17001): 2494 0 -0.118376000
D/UDP-TIMING(17001): 2495 0 -0.098899000
D/UDP-TIMING(17001): 2496 0 -0.109081000
D/UDP-TIMING(17001): 2497 0 -0.119243000
D/UDP-TIMING(17001): 2498 0 -0.099191000
D/UDP-TIMING(17001): 2499 0 -0.109377000
D/UDP-TIMING(17001): 2500 0 -0.119572000
D/UDP-TIMING(17001): 2501 0 -0.100040000
D/UDP-TIMING(17001): 2502 0 -0.110226000
D/UDP-TIMING(17001): 2503 0 -0.120414000
D/UDP-TIMING(17001): 2504 0 -0.100237000
D/UDP-TIMING(17001): 2505 0 -0.110422000
D/UDP-TIMING(17001): 2506 0 -0.120611000
D/UDP-TIMING(17001): 2507 0 -0.101205000
D/UDP-TIMING(17001): 2508 0 -0.111477000
D/UDP-TIMING(17001): 2509 0 -0.121679000
D/UDP-TIMING(17001): 2510 0 -0.101586000
D/UDP-TIMING(17001): 2511 0 -0.111741000
D/UDP-TIMING(17001): 2512 0 -0.121928000
D/UDP-TIMING(17001): 2513 0 -0.102452000
D/UDP-TIMING(17001): 2514 0 -0.112640000
D/UDP-TIMING(17001): 2515 0 -0.122827000
D/UDP-TIMING(17001): 2516 0 -0.103007000
D/UDP-TIMING(17001): 2517 0 -0.113205000
D/UDP-TIMING(17001): 2518 0 -0.123363000
D/UDP-TIMING(17001): 2519 0 -0.103279000
D/UDP-TIMING(17001): 2520 0 -0.113444000
D/UDP-TIMING(17001): 2521 0 -0.093940000
D/UDP-TIMING(17001): 2522 0 -0.104134000
D/UDP-TIMING(17001): 2523 0 -0.114293000
D/UDP-TIMING(17001): 2524 0 -0.094270000
D/UDP-TIMING(17001): 2525 0 -0.104429000
D/UDP-TIMING(17001): 2526 0 -0.114617000
D/UDP-TIMING(17001): 2527 0 -0.095109000
D/UDP-TIMING(17001): 2528 0 -0.105306000
D/UDP-TIMING(17001): 2529 0 -0.115487000
D/UDP-TIMING(17001): 2530 0 -0.095383000
D/UDP-TIMING(17001): 2531 0 -0.105576000
D/UDP-TIMING(17001): 2532 0 -0.115750000
D/UDP-TIMING(17001): 2533 0 -0.096191000
D/UDP-TIMING(17001): 2534 0 -0.106397000
D/UDP-TIMING(17001): 2535 0 -0.116593000
D/UDP-TIMING(17001): 2536 0 -0.096581000
D/UDP-TIMING(17001): 2537 0 -0.106747000
D/UDP-TIMING(17001): 2538 0 -0.116943000
D/UDP-TIMING(17001): 2539 0 -0.097437000
D/UDP-TIMING(17001): 2540 0 -0.107634000
D/UDP-TIMING(17001): 2541 0 -0.117830000
D/UDP-TIMING(17001): 2542 0 -0.097755000
D/UDP-TIMING(17001): 2543 0 -0.107913000
D/UDP-TIMING(17001): 2544 0 -0.118109000
D/UDP-TIMING(17001): 2545 0 -0.098615000
D/UDP-TIMING(17001): 2546 0 -0.108809000
D/UDP-TIMING(17001): 2547 0 -0.119002000
D/UDP-TIMING(17001): 2548 0 -0.098831000
D/UDP-TIMING(17001): 2549 0 -0.109027000
D/UDP-TIMING(17001): 2550 0 -0.119228000
D/UDP-TIMING(17001): 2551 0 -0.099791000
D/UDP-TIMING(17001): 2552 0 -0.109984000
D/UDP-TIMING(17001): 2553 0 -0.120191000
D/UDP-TIMING(17001): 2554 0 -0.100389000
D/UDP-TIMING(17001): 2555 0 -0.110586000
D/UDP-TIMING(17001): 2556 0 -0.120754000
D/UDP-TIMING(17001): 2557 0 -0.101313000
D/UDP-TIMING(17001): 2558 0 -0.111465000
D/UDP-TIMING(17001): 2559 0 -0.121646000
D/UDP-TIMING(17001): 2560 0 -0.101528000
D/UDP-TIMING(17001): 2561 0 -0.111712000
D/UDP-TIMING(17001): 2562 0 -0.121897000
D/UDP-TIMING(17001): 2563 0 -0.101384000
D/UDP-TIMING(17001): 2564 0 -0.111558000
D/UDP-TIMING(17001): 2565 0 -0.121745000
D/UDP-TIMING(17001): 2566 0 -0.102638000
D/UDP-TIMING(17001): 2567 0 -0.112827000
D/UDP-TIMING(17001): 2568 0 -0.123014000
D/UDP-TIMING(17001): 2569 0 -0.102955000
D/UDP-TIMING(17001): 2570 0 -0.113144000
D/UDP-TIMING(17001): 2571 0 -0.093643000
D/UDP-TIMING(17001): 2572 0 -0.103800000
D/UDP-TIMING(17001): 2573 0 -0.113985000
D/UDP-TIMING(17001): 2574 0 -0.093565000
D/UDP-TIMING(17001): 2575 0 -0.103753000
D/UDP-TIMING(17001): 2576 0 -0.113908000
D/UDP-TIMING(17001): 2577 0 -0.094765000
D/UDP-TIMING(17001): 2578 0 -0.104954000
D/UDP-TIMING(17001): 2579 0 -0.115149000
D/UDP-TIMING(17001): 2580 0 -0.095064000
D/UDP-TIMING(17001): 2581 0 -0.105246000
D/UDP-TIMING(17001): 2582 0 -0.115428000
D/UDP-TIMING(17001): 2583 0 -0.095859000
D/UDP-TIMING(17001): 2584 0 -0.106042000
D/UDP-TIMING(17001): 2585 0 -0.116239000
D/UDP-TIMING(17001): 2586 0 -0.096187000
D/UDP-TIMING(17001): 2587 0 -0.106375000
D/UDP-TIMING(17001): 2588 0 -0.116531000
E/TrafficStats( 1673): [QCTMM]tryAll index=0
E/TrafficStats( 1673): [QCTMM]tryAll index=1
E/TrafficStats( 1673): [QCTMM]tryAll index=2
E/TrafficStats( 1673): [QCTMM]tryAll index=0
E/TrafficStats( 1673): [QCTMM]tryAll index=1
E/TrafficStats( 1673): [QCTMM]tryAll index=2
D/DATA    ( 1860): sentSinceLastRecv=0,watchdogTrigger=10,maxindex=0
D/UDP-TIMING(17001): 2589 0 -0.096965000
D/UDP-TIMING(17001): 2590 0 -0.107150000
D/UDP-TIMING(17001): 2591 0 -0.117303000
D/UDP-TIMING(17001): 2592 0 -0.097580000
D/UDP-TIMING(17001): 2593 0 -0.107738000
D/UDP-TIMING(17001): 2594 0 -0.117924000
D/UDP-TIMING(17001): 2595 0 -0.097777000
D/UDP-TIMING(17001): 2596 0 -0.107963000
D/UDP-TIMING(17001): 2597 0 -0.118150000
D/UDP-TIMING(17001): 2598 0 -0.098702000
D/UDP-TIMING(17001): 2599 0 -0.108886000
D/UDP-TIMING(17001): 2600 0 -0.119075000
D/UDP-TIMING(17001): 2601 0 -0.098953000
D/UDP-TIMING(17001): 2602 0 -0.109138000
D/UDP-TIMING(17001): 2603 0 -0.119293000
D/UDP-TIMING(17001): 2604 0 -0.099813000
D/UDP-TIMING(17001): 2605 0 -0.109967000
D/UDP-TIMING(17001): 2606 0 -0.120152000
D/UDP-TIMING(17001): 2607 0 -0.100100000
D/UDP-TIMING(17001): 2608 0 -0.110288000
D/UDP-TIMING(17001): 2609 0 -0.120473000
D/UDP-TIMING(17001): 2610 0 -0.100902000
D/UDP-TIMING(17001): 2611 0 -0.111081000
D/UDP-TIMING(17001): 2612 0 -0.121236000
D/UDP-TIMING(17001): 2613 0 -0.101165000
D/UDP-TIMING(17001): 2614 0 -0.111353000
D/UDP-TIMING(17001): 2615 0 -0.121545000
D/UDP-TIMING(17001): 2616 0 -0.102067000
D/UDP-TIMING(17001): 2617 0 -0.112215000
D/UDP-TIMING(17001): 2618 0 -0.122406000
D/UDP-TIMING(17001): 2619 0 -0.102319000
D/UDP-TIMING(17001): 2620 0 -0.112460000
D/UDP-TIMING(17001): 2621 0 -0.122611000
D/UDP-TIMING(17001): 2622 0 -0.103160000
D/UDP-TIMING(17001): 2623 0 -0.113350000
D/UDP-TIMING(17001): 2624 0 -0.093082000
D/UDP-TIMING(17001): 2625 0 -0.103271000
D/UDP-TIMING(17001): 2626 0 -0.113450000
D/UDP-TIMING(17001): 2627 0 -0.094003000
D/UDP-TIMING(17001): 2628 0 -0.104191000
D/UDP-TIMING(17001): 2629 0 -0.114354000
D/UDP-TIMING(17001): 2630 0 -0.094632000
D/UDP-TIMING(17001): 2631 0 -0.104793000
D/UDP-TIMING(17001): 2632 0 -0.114980000
D/UDP-TIMING(17001): 2633 0 -0.094888000
D/UDP-TIMING(17001): 2634 0 -0.105071000
D/UDP-TIMING(17001): 2635 0 -0.115251000
D/UDP-TIMING(17001): 2636 0 -0.095713000
D/UDP-TIMING(17001): 2637 0 -0.105895000
D/UDP-TIMING(17001): 2638 0 -0.116081000
D/UDP-TIMING(17001): 2639 0 -0.095932000
D/UDP-TIMING(17001): 2640 0 -0.106086000
D/UDP-TIMING(17001): 2641 0 -0.116272000
D/UDP-TIMING(17001): 2642 0 -0.096729000
D/UDP-TIMING(17001): 2643 0 -0.106925000
D/UDP-TIMING(17001): 2644 0 -0.117114000
D/UDP-TIMING(17001): 2645 0 -0.097118000
D/UDP-TIMING(17001): 2646 0 -0.107273000
D/UDP-TIMING(17001): 2647 0 -0.117458000
D/UDP-TIMING(17001): 2648 0 -0.097953000
D/UDP-TIMING(17001): 2649 0 -0.108138000
D/UDP-TIMING(17001): 2650 0 -0.118294000
D/UDP-TIMING(17001): 2651 0 -0.098244000
D/UDP-TIMING(17001): 2652 0 -0.108398000
D/UDP-TIMING(17001): 2653 0 -0.118591000
D/UDP-TIMING(17001): 2654 0 -0.099020000
D/UDP-TIMING(17001): 2655 0 -0.109207000
D/UDP-TIMING(17001): 2656 0 -0.119392000
D/UDP-TIMING(17001): 2657 0 -0.099332000
D/UDP-TIMING(17001): 2658 0 -0.109515000
D/UDP-TIMING(17001): 2659 0 -0.119703000
D/UDP-TIMING(17001): 2660 0 -0.100086000
D/UDP-TIMING(17001): 2661 0 -0.110251000
D/UDP-TIMING(17001): 2662 0 -0.120449000
D/UDP-TIMING(17001): 2663 0 -0.100495000
D/UDP-TIMING(17001): 2664 0 -0.110691000
D/UDP-TIMING(17001): 2665 0 -0.120888000
D/UDP-TIMING(17001): 2666 0 -0.101359000
D/UDP-TIMING(17001): 2667 0 -0.111526000
D/UDP-TIMING(17001): 2668 0 -0.121698000
D/UDP-TIMING(17001): 2669 0 -0.101930000
D/UDP-TIMING(17001): 2670 0 -0.112095000
D/UDP-TIMING(17001): 2671 0 -0.122279000
D/UDP-TIMING(17001): 2672 0 -0.102265000
D/UDP-TIMING(17001): 2673 0 -0.112469000
D/UDP-TIMING(17001): 2674 0 -0.122665000
D/UDP-TIMING(17001): 2675 0 -0.103229000
D/UDP-TIMING(17001): 2676 0 -0.113396000
D/UDP-TIMING(17001): 2677 0 -0.093224000
D/UDP-TIMING(17001): 2678 0 -0.103425000
D/UDP-TIMING(17001): 2679 0 -0.113627000
D/UDP-TIMING(17001): 2680 0 -0.094164000
D/UDP-TIMING(17001): 2681 0 -0.104360000
D/UDP-TIMING(17001): 2682 0 -0.114527000
D/UDP-TIMING(17001): 2683 0 -0.094389000
D/UDP-TIMING(17001): 2684 0 -0.104590000
D/UDP-TIMING(17001): 2685 0 -0.114762000
E/TrafficStats( 1673): [QCTMM]tryAll index=0
E/TrafficStats( 1673): [QCTMM]tryAll index=1
E/TrafficStats( 1673): [QCTMM]tryAll index=2
E/TrafficStats( 1673): [QCTMM]tryAll index=0
E/TrafficStats( 1673): [QCTMM]tryAll index=1
E/TrafficStats( 1673): [QCTMM]tryAll index=2
D/DATA    ( 1860): sentSinceLastRecv=0,watchdogTrigger=10,maxindex=0
D/UDP-TIMING(17001): 2686 0 -0.095235000
D/UDP-TIMING(17001): 2687 0 -0.105432000
D/UDP-TIMING(17001): 2688 0 -0.115594000
D/UDP-TIMING(17001): 2689 0 -0.095608000
D/UDP-TIMING(17001): 2690 0 -0.105775000
D/UDP-TIMING(17001): 2691 0 -0.115979000
D/UDP-TIMING(17001): 2692 0 -0.096482000
D/UDP-TIMING(17001): 2693 0 -0.106681000
D/UDP-TIMING(17001): 2694 0 -0.116875000
D/UDP-TIMING(17001): 2695 0 -0.096826000
D/UDP-TIMING(17001): 2696 0 -0.106992000
D/UDP-TIMING(17001): 2697 0 -0.117198000
D/UDP-TIMING(17001): 2698 0 -0.097639000
D/UDP-TIMING(17001): 2699 0 -0.107836000
D/UDP-TIMING(17001): 2700 0 -0.118033000
D/UDP-TIMING(17001): 2701 0 -0.097988000
D/UDP-TIMING(17001): 2702 0 -0.108188000
D/UDP-TIMING(17001): 2703 0 -0.118384000
D/UDP-TIMING(17001): 2704 0 -0.098888000
D/UDP-TIMING(17001): 2705 0 -0.109092000
D/UDP-TIMING(17001): 2706 0 -0.119296000
D/UDP-TIMING(17001): 2707 0 -0.099491000
D/UDP-TIMING(17001): 2708 0 -0.109686000
D/UDP-TIMING(17001): 2709 0 -0.119852000
D/UDP-TIMING(17001): 2710 0 -0.099834000
D/UDP-TIMING(17001): 2711 0 -0.109996000
D/UDP-TIMING(17001): 2712 0 -0.120193000
D/UDP-TIMING(17001): 2713 0 -0.100605000
D/UDP-TIMING(17001): 2714 0 -0.110802000
D/UDP-TIMING(17001): 2715 0 -0.120997000
D/UDP-TIMING(17001): 2716 0 -0.100933000
D/UDP-TIMING(17001): 2717 0 -0.111130000
D/UDP-TIMING(17001): 2718 0 -0.121328000
D/UDP-TIMING(17001): 2719 0 -0.101897000
D/UDP-TIMING(17001): 2720 0 -0.112066000
D/UDP-TIMING(17001): 2721 0 -0.122165000
D/UDP-TIMING(17001): 2722 0 -0.102064000
D/UDP-TIMING(17001): 2723 0 -0.112262000
D/UDP-TIMING(17001): 2724 0 -0.122438000
D/UDP-TIMING(17001): 2725 0 -0.103063000
D/UDP-TIMING(17001): 2726 0 -0.113233000
D/UDP-TIMING(17001): 2727 0 -0.093062000
D/UDP-TIMING(17001): 2728 0 -0.103259000
D/UDP-TIMING(17001): 2729 0 -0.113462000
D/UDP-TIMING(17001): 2730 0 -0.094026000
D/UDP-TIMING(17001): 2731 0 -0.104195000
D/UDP-TIMING(17001): 2732 0 -0.114399000
D/UDP-TIMING(17001): 2733 0 -0.094208000
D/UDP-TIMING(17001): 2734 0 -0.104405000
D/UDP-TIMING(17001): 2735 0 -0.114604000
D/UDP-TIMING(17001): 2736 0 -0.095197000
D/UDP-TIMING(17001): 2737 0 -0.105393000
D/UDP-TIMING(17001): 2738 0 -0.115593000
D/UDP-TIMING(17001): 2739 0 -0.095481000
D/UDP-TIMING(17001): 2740 0 -0.105679000
D/UDP-TIMING(17001): 2741 0 -0.115845000
D/UDP-TIMING(17001): 2742 0 -0.096380000
D/UDP-TIMING(17001): 2743 0 -0.106576000
D/UDP-TIMING(17001): 2744 0 -0.116714000
D/UDP-TIMING(17001): 2745 0 -0.096944000
D/UDP-TIMING(17001): 2746 0 -0.107139000
D/UDP-TIMING(17001): 2747 0 -0.117342000
D/UDP-TIMING(17001): 2748 0 -0.097173000
D/UDP-TIMING(17001): 2749 0 -0.107370000
D/UDP-TIMING(17001): 2750 0 -0.117533000
D/UDP-TIMING(17001): 2751 0 -0.098129000
D/UDP-TIMING(17001): 2752 0 -0.108292000
D/UDP-TIMING(17001): 2753 0 -0.118487000
D/UDP-TIMING(17001): 2754 0 -0.098411000
D/UDP-TIMING(17001): 2755 0 -0.108608000
D/UDP-TIMING(17001): 2756 0 -0.118807000
D/UDP-TIMING(17001): 2757 0 -0.099250000
D/UDP-TIMING(17001): 2758 0 -0.109446000
D/UDP-TIMING(17001): 2759 0 -0.119578000
D/UDP-TIMING(17001): 2760 0 -0.099489000
D/UDP-TIMING(17001): 2761 0 -0.109674000
D/UDP-TIMING(17001): 2762 0 -0.119829000
D/UDP-TIMING(17001): 2763 0 -0.100247000
D/UDP-TIMING(17001): 2764 0 -0.110402000
D/UDP-TIMING(17001): 2765 0 -0.120588000
D/UDP-TIMING(17001): 2766 0 -0.100599000
D/UDP-TIMING(17001): 2767 0 -0.110785000
D/UDP-TIMING(17001): 2768 0 -0.120940000
D/UDP-TIMING(17001): 2769 0 -0.101432000
D/UDP-TIMING(17001): 2770 0 -0.111618000
D/UDP-TIMING(17001): 2771 0 -0.121761000
D/UDP-TIMING(17001): 2772 0 -0.101568000
D/UDP-TIMING(17001): 2773 0 -0.111756000
D/UDP-TIMING(17001): 2774 0 -0.121912000
D/UDP-TIMING(17001): 2775 0 -0.102387000
D/UDP-TIMING(17001): 2776 0 -0.112580000
D/UDP-TIMING(17001): 2777 0 -0.122767000
D/UDP-TIMING(17001): 2778 0 -0.102955000
D/UDP-TIMING(17001): 2779 0 -0.113111000
D/UDP-TIMING(17001): 2780 0 -0.123296000
D/UDP-TIMING(17001): 2781 0 -0.103543000
D/UDP-TIMING(17001): 2782 0 -0.113739000
D/UDP-TIMING(17001): 2783 0 -0.123893000
D/UDP-TIMING(17001): 2784 0 -0.104085000
D/UDP-TIMING(17001): 2785 0 -0.114239000
E/TrafficStats( 1673): [QCTMM]tryAll index=0
E/TrafficStats( 1673): [QCTMM]tryAll index=1
E/TrafficStats( 1673): [QCTMM]tryAll index=2
