E/TrafficStats( 1673): [QCTMM]tryAll index=0
E/TrafficStats( 1673): [QCTMM]tryAll index=1
E/TrafficStats( 1673): [QCTMM]tryAll index=2
D/DATA    ( 1860): sentSinceLastRecv=0,watchdogTrigger=10,maxindex=0
D/UDP-TIMING(17001): 2786 0 -0.093696000
D/UDP-TIMING(17001): 2787 0 -0.103853000
D/UDP-TIMING(17001): 2788 0 -0.114039000
D/UDP-TIMING(17001): 2789 0 -0.094901000
D/UDP-TIMING(17001): 2790 0 -0.105091000
D/UDP-TIMING(17001): 2791 0 -0.115277000
D/UDP-TIMING(17001): 2792 0 -0.095310000
D/UDP-TIMING(17001): 2793 0 -0.105500000
D/UDP-TIMING(17001): 2794 0 -0.115686000
D/UDP-TIMING(17001): 2795 0 -0.096206000
D/UDP-TIMING(17001): 2796 0 -0.106394000
D/UDP-TIMING(17001): 2797 0 -0.116548000
D/UDP-TIMING(17001): 2798 0 -0.096432000
D/UDP-TIMING(17001): 2799 0 -0.106587000
D/UDP-TIMING(17001): 2800 0 -0.116783000
D/UDP-TIMING(17001): 2801 0 -0.097316000
D/UDP-TIMING(17001): 2802 0 -0.107513000
D/UDP-TIMING(17001): 2803 0 -0.117713000
D/UDP-TIMING(17001): 2804 0 -0.097510000
D/UDP-TIMING(17001): 2805 0 -0.107706000
D/UDP-TIMING(17001): 2806 0 -0.117871000
D/UDP-TIMING(17001): 2807 0 -0.098494000
D/UDP-TIMING(17001): 2808 0 -0.108656000
D/UDP-TIMING(17001): 2809 0 -0.118853000
D/UDP-TIMING(17001): 2810 0 -0.098562000
D/UDP-TIMING(17001): 2811 0 -0.108758000
D/UDP-TIMING(17001): 2812 0 -0.118925000
D/UDP-TIMING(17001): 2813 0 -0.099546000
D/UDP-TIMING(17001): 2814 0 -0.109744000
D/UDP-TIMING(17001): 2815 0 -0.119943000
D/UDP-TIMING(17001): 2816 0 -0.100189000
D/UDP-TIMING(17001): 2817 0 -0.110358000
D/UDP-TIMING(17001): 2818 0 -0.120555000
D/UDP-TIMING(17001): 2819 0 -0.100539000
D/UDP-TIMING(17001): 2820 0 -0.110703000
D/UDP-TIMING(17001): 2821 0 -0.120899000
D/UDP-TIMING(17001): 2822 0 -0.101471000
D/UDP-TIMING(17001): 2823 0 -0.111663000
D/UDP-TIMING(17001): 2824 0 -0.121860000
D/UDP-TIMING(17001): 2825 0 -0.101624000
D/UDP-TIMING(17001): 2826 0 -0.111825000
D/UDP-TIMING(17001): 2827 0 -0.121903000
D/UDP-TIMING(17001): 2828 0 -0.102437000
D/UDP-TIMING(17001): 2829 0 -0.112635000
D/UDP-TIMING(17001): 2830 0 -0.122832000
D/UDP-TIMING(17001): 2831 0 -0.102699000
D/UDP-TIMING(17001): 2832 0 -0.112895000
D/UDP-TIMING(17001): 2833 0 -0.123093000
D/UDP-TIMING(17001): 2834 0 -0.103021000
D/UDP-TIMING(17001): 2835 0 -0.113222000
D/UDP-TIMING(17001): 2836 0 -0.093664000
D/UDP-TIMING(17001): 2837 0 -0.103864000
D/UDP-TIMING(17001): 2838 0 -0.114033000
D/UDP-TIMING(17001): 2839 0 -0.094600000
D/UDP-TIMING(17001): 2840 0 -0.104767000
D/UDP-TIMING(17001): 2841 0 -0.114965000
D/UDP-TIMING(17001): 2842 0 -0.094767000
D/UDP-TIMING(17001): 2843 0 -0.104966000
D/UDP-TIMING(17001): 2844 0 -0.115164000
D/UDP-TIMING(17001): 2845 0 -0.095816000
D/UDP-TIMING(17001): 2846 0 -0.105984000
D/UDP-TIMING(17001): 2847 0 -0.116188000
D/UDP-TIMING(17001): 2848 0 -0.096024000
D/UDP-TIMING(17001): 2849 0 -0.106166000
D/UDP-TIMING(17001): 2850 0 -0.116364000
D/UDP-TIMING(17001): 2851 0 -0.096686000
D/UDP-TIMING(17001): 2852 0 -0.106888000
D/UDP-TIMING(17001): 2853 0 -0.117084000
D/UDP-TIMING(17001): 2854 0 -0.097188000
D/UDP-TIMING(17001): 2855 0 -0.107387000
D/UDP-TIMING(17001): 2856 0 -0.117553000
D/UDP-TIMING(17001): 2857 0 -0.097750000
D/UDP-TIMING(17001): 2858 0 -0.107918000
D/UDP-TIMING(17001): 2859 0 -0.088450000
D/UDP-TIMING(17001): 2860 0 -0.098646000
D/UDP-TIMING(17001): 2861 0 -0.108842000
D/UDP-TIMING(17001): 2862 0 -0.088674000
D/UDP-TIMING(17001): 2863 0 -0.098875000
D/UDP-TIMING(17001): 2864 0 -0.109051000
D/UDP-TIMING(17001): 2865 0 -0.119247000
D/UDP-TIMING(17001): 2866 0 -0.099838000
D/UDP-TIMING(17001): 2867 0 -0.110035000
D/UDP-TIMING(17001): 2868 0 -0.120203000
D/UDP-TIMING(17001): 2869 0 -0.100097000
D/UDP-TIMING(17001): 2870 0 -0.110262000
D/UDP-TIMING(17001): 2871 0 -0.120458000
D/UDP-TIMING(17001): 2872 0 -0.101048000
D/UDP-TIMING(17001): 2873 0 -0.111243000
D/UDP-TIMING(17001): 2874 0 -0.121503000
D/UDP-TIMING(17001): 2875 0 -0.101455000
D/UDP-TIMING(17001): 2876 0 -0.111652000
D/UDP-TIMING(17001): 2877 0 -0.121849000
D/UDP-TIMING(17001): 2878 0 -0.102294000
D/UDP-TIMING(17001): 2879 0 -0.112491000
D/UDP-TIMING(17001): 2880 0 -0.122655000
D/UDP-TIMING(17001): 2881 0 -0.102639000
D/UDP-TIMING(17001): 2882 0 -0.112804000
D/UDP-TIMING(17001): 2883 0 -0.123049000
D/UDP-TIMING(17001): 2884 0 -0.103524000
D/UDP-TIMING(17001): 2885 0 -0.113680000
E/TrafficStats( 1673): [QCTMM]tryAll index=0
E/TrafficStats( 1673): [QCTMM]tryAll index=1
E/TrafficStats( 1673): [QCTMM]tryAll index=2
E/TrafficStats( 1673): [QCTMM]tryAll index=0
E/TrafficStats( 1673): [QCTMM]tryAll index=1
E/TrafficStats( 1673): [QCTMM]tryAll index=2
D/DATA    ( 1860): sentSinceLastRecv=0,watchdogTrigger=10,maxindex=0
D/UDP-TIMING(17001): 2886 0 -0.093179000
D/UDP-TIMING(17001): 2887 0 -0.103363000
D/UDP-TIMING(17001): 2888 0 -0.113561000
D/UDP-TIMING(17001): 2889 0 -0.094438000
D/UDP-TIMING(17001): 2890 0 -0.104638000
D/UDP-TIMING(17001): 2891 0 -0.114835000
D/UDP-TIMING(17001): 2892 0 -0.095037000
D/UDP-TIMING(17001): 2893 0 -0.105218000
D/UDP-TIMING(17001): 2894 0 -0.115416000
D/UDP-TIMING(17001): 2895 0 -0.095371000
D/UDP-TIMING(17001): 2896 0 -0.105535000
D/UDP-TIMING(17001): 2897 0 -0.115731000
D/UDP-TIMING(17001): 2898 0 -0.096205000
D/UDP-TIMING(17001): 2899 0 -0.106370000
D/UDP-TIMING(17001): 2900 0 -0.086232000
D/UDP-TIMING(17001): 2901 0 -0.096431000
D/UDP-TIMING(17001): 2902 0 -0.106630000
D/UDP-TIMING(17001): 2903 0 -0.116798000
D/UDP-TIMING(17001): 2904 0 -0.097270000
D/UDP-TIMING(17001): 2905 0 -0.107464000
D/UDP-TIMING(17001): 2906 0 -0.117660000
D/UDP-TIMING(17001): 2907 0 -0.097644000
D/UDP-TIMING(17001): 2908 0 -0.107812000
D/UDP-TIMING(17001): 2909 0 -0.118008000
D/UDP-TIMING(17001): 2910 0 -0.098514000
D/UDP-TIMING(17001): 2911 0 -0.108709000
D/UDP-TIMING(17001): 2912 0 -0.118906000
D/UDP-TIMING(17001): 2913 0 -0.098796000
D/UDP-TIMING(17001): 2914 0 -0.108989000
D/UDP-TIMING(17001): 2915 0 -0.119161000
D/UDP-TIMING(17001): 2916 0 -0.099694000
D/UDP-TIMING(17001): 2917 0 -0.109890000
D/UDP-TIMING(17001): 2918 0 -0.120087000
D/UDP-TIMING(17001): 2919 0 -0.099949000
D/UDP-TIMING(17001): 2920 0 -0.110145000
D/UDP-TIMING(17001): 2921 0 -0.120343000
D/UDP-TIMING(17001): 2922 0 -0.100852000
D/UDP-TIMING(17001): 2923 0 -0.111050000
D/UDP-TIMING(17001): 2924 0 -0.121226000
D/UDP-TIMING(17001): 2925 0 -0.101162000
D/UDP-TIMING(17001): 2926 0 -0.111358000
D/UDP-TIMING(17001): 2927 0 -0.121531000
E/TrafficStats(16531): [QCTMM]tryAll index=0
E/TrafficStats(16531): [QCTMM]tryAll index=1
E/TrafficStats(16531): [QCTMM]tryAll index=2
E/TrafficStats(16531): [QCTMM]tryAll index=0
E/TrafficStats(16531): [QCTMM]tryAll index=1
E/TrafficStats(16531): [QCTMM]tryAll index=2
D/UDP-TIMING(17001): 2928 0 -0.101579000
D/UDP-TIMING(17001): 2929 0 -0.111771000
E/TrafficStats(16531): [QCTMM]tryAll index=0
E/TrafficStats(16531): [QCTMM]tryAll index=1
E/TrafficStats(16531): [QCTMM]tryAll index=2
D/UDP-TIMING(17001): 2930 0 -0.092340000
D/UDP-TIMING(17001): 2931 0 -0.102533000
D/UDP-TIMING(17001): 2932 0 -0.112733000
E/TrafficStats(16531): [QCTMM]tryAll index=0
E/TrafficStats(16531): [QCTMM]tryAll index=1
E/TrafficStats(16531): [QCTMM]tryAll index=2
D/UDP-TIMING(17001): 2933 0 -0.092314000
D/UDP-TIMING(17001): 2934 0 -0.102510000
D/UDP-TIMING(17001): 2935 0 -0.112708000
D/UDP-TIMING(17001): 2936 0 -0.122957000
D/UDP-TIMING(17001): 2937 0 -0.104378000
D/UDP-TIMING(17001): 2938 0 -0.114630000
D/UDP-TIMING(17001): 2939 0 -0.093935000
D/UDP-TIMING(17001): 2940 0 -0.104123000
D/UDP-TIMING(17001): 2941 0 -0.114278000
D/UDP-TIMING(17001): 2942 0 -0.094801000
D/UDP-TIMING(17001): 2943 0 -0.104991000
D/UDP-TIMING(17001): 2944 0 -0.115176000
D/UDP-TIMING(17001): 2945 0 -0.095086000
D/UDP-TIMING(17001): 2946 0 -0.105269000
D/UDP-TIMING(17001): 2947 0 -0.115430000
D/UDP-TIMING(17001): 2948 0 -0.095895000
D/UDP-TIMING(17001): 2949 0 -0.106079000
D/UDP-TIMING(17001): 2950 0 -0.085991000
D/UDP-TIMING(17001): 2951 0 -0.096177000
D/UDP-TIMING(17001): 2952 0 -0.106360000
D/UDP-TIMING(17001): 2953 0 -0.116519000
D/UDP-TIMING(17001): 2954 0 -0.096069000
D/UDP-TIMING(17001): 2955 0 -0.106262000
D/UDP-TIMING(17001): 2956 0 -0.116419000
D/UDP-TIMING(17001): 2957 0 -0.097341000
D/UDP-TIMING(17001): 2958 0 -0.107526000
D/UDP-TIMING(17001): 2959 0 -0.117712000
D/UDP-TIMING(17001): 2960 0 -0.097821000
D/UDP-TIMING(17001): 2961 0 -0.107979000
D/UDP-TIMING(17001): 2962 0 -0.118165000
D/UDP-TIMING(17001): 2963 0 -0.098322000
D/UDP-TIMING(17001): 2964 0 -0.108507000
D/UDP-TIMING(17001): 2965 0 -0.118659000
D/UDP-TIMING(17001): 2966 0 -0.099275000
D/UDP-TIMING(17001): 2967 0 -0.109430000
D/UDP-TIMING(17001): 2968 0 -0.119624000
D/UDP-TIMING(17001): 2969 0 -0.099840000
D/UDP-TIMING(17001): 2970 0 -0.110026000
D/UDP-TIMING(17001): 2971 0 -0.120182000
D/UDP-TIMING(17001): 2972 0 -0.100059000
D/UDP-TIMING(17001): 2973 0 -0.110246000
D/UDP-TIMING(17001): 2974 0 -0.120442000
D/UDP-TIMING(17001): 2975 0 -0.100900000
D/UDP-TIMING(17001): 2976 0 -0.111054000
D/UDP-TIMING(17001): 2977 0 -0.121241000
D/UDP-TIMING(17001): 2978 0 -0.101120000
D/UDP-TIMING(17001): 2979 0 -0.111305000
D/UDP-TIMING(17001): 2980 0 -0.091654000
D/UDP-TIMING(17001): 2981 0 -0.101838000
D/UDP-TIMING(17001): 2982 0 -0.112034000
D/UDP-TIMING(17001): 2983 0 -0.091950000
D/UDP-TIMING(17001): 2984 0 -0.102140000
D/UDP-TIMING(17001): 2985 0 -0.112323000
D/UDP-TIMING(17001): 2986 0 -0.122510000
E/TrafficStats( 1673): [QCTMM]tryAll index=0
E/TrafficStats( 1673): [QCTMM]tryAll index=1
E/TrafficStats( 1673): [QCTMM]tryAll index=2
E/TrafficStats( 1673): [QCTMM]tryAll index=0
E/TrafficStats( 1673): [QCTMM]tryAll index=1
E/TrafficStats( 1673): [QCTMM]tryAll index=2
D/DATA    ( 1860): sentSinceLastRecv=0,watchdogTrigger=10,maxindex=0
D/UDP-TIMING(17001): 2987 0 -0.102578000
D/UDP-TIMING(17001): 2988 0 -0.112771000
D/UDP-TIMING(17001): 2989 0 -0.122960000
D/UDP-TIMING(17001): 2990 0 -0.104095000
D/UDP-TIMING(17001): 2991 0 -0.114285000
D/UDP-TIMING(17001): 2992 0 -0.094262000
D/UDP-TIMING(17001): 2993 0 -0.104416000
D/UDP-TIMING(17001): 2994 0 -0.114601000
D/UDP-TIMING(17001): 2995 0 -0.094335000
D/UDP-TIMING(17001): 2996 0 -0.104523000
D/UDP-TIMING(17001): 2997 0 -0.114710000
D/UDP-TIMING(17001): 2998 0 -0.095171000
D/UDP-TIMING(17001): 2999 0 -0.105360000
D/UDP-TIMING(17001): 3000 0 -0.115542000
D/UDP-TIMING(17001): 3001 0 -0.095433000
D/UDP-TIMING(17001): 3002 0 -0.105615000
D/UDP-TIMING(17001): 3003 0 -0.115808000
D/UDP-TIMING(17001): 3004 0 -0.096296000
D/UDP-TIMING(17001): 3005 0 -0.106460000
D/UDP-TIMING(17001): 3006 0 -0.116645000
D/UDP-TIMING(17001): 3007 0 -0.096780000
D/UDP-TIMING(17001): 3008 0 -0.106965000
D/UDP-TIMING(17001): 3009 0 -0.117123000
D/UDP-TIMING(17001): 3010 0 -0.097188000
D/UDP-TIMING(17001): 3011 0 -0.107371000
D/UDP-TIMING(17001): 3012 0 -0.087806000
D/UDP-TIMING(17001): 3013 0 -0.097959000
D/UDP-TIMING(17001): 3014 0 -0.108144000
D/UDP-TIMING(17001): 3015 0 -0.118333000
D/UDP-TIMING(17001): 3016 0 -0.098278000
D/UDP-TIMING(17001): 3017 0 -0.108461000
D/UDP-TIMING(17001): 3018 0 -0.118615000
D/UDP-TIMING(17001): 3019 0 -0.099103000
D/UDP-TIMING(17001): 3020 0 -0.109288000
D/UDP-TIMING(17001): 3021 0 -0.119443000
D/UDP-TIMING(17001): 3022 0 -0.099209000
D/UDP-TIMING(17001): 3023 0 -0.109364000
D/UDP-TIMING(17001): 3024 0 -0.119548000
D/UDP-TIMING(17001): 3025 0 -0.100138000
D/UDP-TIMING(17001): 3026 0 -0.110295000
D/UDP-TIMING(17001): 3027 0 -0.120482000
D/UDP-TIMING(17001): 3028 0 -0.100279000
D/UDP-TIMING(17001): 3029 0 -0.110467000
D/UDP-TIMING(17001): 3030 0 -0.120652000
D/UDP-TIMING(17001): 3031 0 -0.101344000
D/UDP-TIMING(17001): 3032 0 -0.111531000
D/UDP-TIMING(17001): 3033 0 -0.091382000
D/UDP-TIMING(17001): 3034 0 -0.101565000
D/UDP-TIMING(17001): 3035 0 -0.111729000
D/UDP-TIMING(17001): 3036 0 -0.121917000
D/UDP-TIMING(17001): 3037 0 -0.102411000
D/UDP-TIMING(17001): 3038 0 -0.112599000
D/UDP-TIMING(17001): 3039 0 -0.122786000
D/UDP-TIMING(17001): 3040 0 -0.102728000
D/UDP-TIMING(17001): 3041 0 -0.112886000
D/UDP-TIMING(17001): 3042 0 -0.093318000
D/UDP-TIMING(17001): 3043 0 -0.103475000
D/UDP-TIMING(17001): 3044 0 -0.113713000
D/UDP-TIMING(17001): 3045 0 -0.093960000
D/UDP-TIMING(17001): 3046 0 -0.104117000
D/UDP-TIMING(17001): 3047 0 -0.114310000
D/UDP-TIMING(17001): 3048 0 -0.094835000
D/UDP-TIMING(17001): 3049 0 -0.104992000
D/UDP-TIMING(17001): 3050 0 -0.115179000
D/UDP-TIMING(17001): 3051 0 -0.095095000
D/UDP-TIMING(17001): 3052 0 -0.105294000
D/UDP-TIMING(17001): 3053 0 -0.085123000
D/UDP-TIMING(17001): 3054 0 -0.095321000
D/UDP-TIMING(17001): 3055 0 -0.105510000
D/UDP-TIMING(17001): 3056 0 -0.115709000
D/UDP-TIMING(17001): 3057 0 -0.096161000
D/UDP-TIMING(17001): 3058 0 -0.106359000
D/UDP-TIMING(17001): 3059 0 -0.116527000
D/UDP-TIMING(17001): 3060 0 -0.096544000
D/UDP-TIMING(17001): 3061 0 -0.106743000
D/UDP-TIMING(17001): 3062 0 -0.087217000
D/UDP-TIMING(17001): 3063 0 -0.097458000
D/UDP-TIMING(17001): 3064 0 -0.107655000
D/UDP-TIMING(17001): 3065 0 -0.087579000
D/UDP-TIMING(17001): 3066 0 -0.097744000
D/UDP-TIMING(17001): 3067 0 -0.107921000
D/UDP-TIMING(17001): 3068 0 -0.118118000
D/UDP-TIMING(17001): 3069 0 -0.098621000
D/UDP-TIMING(17001): 3070 0 -0.108757000
D/UDP-TIMING(17001): 3071 0 -0.118929000
D/UDP-TIMING(17001): 3072 0 -0.098803000
D/UDP-TIMING(17001): 3073 0 -0.108996000
D/UDP-TIMING(17001): 3074 0 -0.119193000
D/UDP-TIMING(17001): 3075 0 -0.099754000
D/UDP-TIMING(17001): 3076 0 -0.109950000
D/UDP-TIMING(17001): 3077 0 -0.120115000
D/UDP-TIMING(17001): 3078 0 -0.099948000
D/UDP-TIMING(17001): 3079 0 -0.110141000
D/UDP-TIMING(17001): 3080 0 -0.120347000
D/UDP-TIMING(17001): 3081 0 -0.100912000
D/UDP-TIMING(17001): 3082 0 -0.111106000
D/UDP-TIMING(17001): 3083 0 -0.121303000
D/UDP-TIMING(17001): 3084 0 -0.101507000
D/UDP-TIMING(17001): 3085 0 -0.111704000
D/UDP-TIMING(17001): 3086 0 -0.121900000
E/TrafficStats( 1673): [QCTMM]tryAll index=0
E/TrafficStats( 1673): [QCTMM]tryAll index=1
E/TrafficStats( 1673): [QCTMM]tryAll index=2
E/TrafficStats( 1673): [QCTMM]tryAll index=0
E/TrafficStats( 1673): [QCTMM]tryAll index=1
E/TrafficStats( 1673): [QCTMM]tryAll index=2
D/DATA    ( 1860): sentSinceLastRecv=0,watchdogTrigger=10,maxindex=0
D/UDP-TIMING(17001): 3087 0 -0.101031000
D/UDP-TIMING(17001): 3088 0 -0.111235000
D/UDP-TIMING(17001): 3089 0 -0.121419000
D/UDP-TIMING(17001): 3090 0 -0.102682000
D/UDP-TIMING(17001): 3091 0 -0.112828000
D/UDP-TIMING(17001): 3092 0 -0.092598000
D/UDP-TIMING(17001): 3093 0 -0.102786000
D/UDP-TIMING(17001): 3094 0 -0.112982000
D/UDP-TIMING(17001): 3095 0 -0.123181000
D/UDP-TIMING(17001): 3096 0 -0.103777000
D/UDP-TIMING(17001): 3097 0 -0.113976000
D/UDP-TIMING(17001): 3098 0 -0.093816000
D/UDP-TIMING(17001): 3099 0 -0.103983000
D/UDP-TIMING(17001): 3100 0 -0.114188000
D/UDP-TIMING(17001): 3101 0 -0.094751000
D/UDP-TIMING(17001): 3102 0 -0.104954000
D/UDP-TIMING(17001): 3103 0 -0.115115000
D/UDP-TIMING(17001): 3104 0 -0.095038000
D/UDP-TIMING(17001): 3105 0 -0.105206000
D/UDP-TIMING(17001): 3106 0 -0.085741000
D/UDP-TIMING(17001): 3107 0 -0.095937000
D/UDP-TIMING(17001): 3108 0 -0.106117000
D/UDP-TIMING(17001): 3109 0 -0.085980000
D/UDP-TIMING(17001): 3110 0 -0.096183000
D/UDP-TIMING(17001): 3111 0 -0.106349000
D/UDP-TIMING(17001): 3112 0 -0.086882000
D/UDP-TIMING(17001): 3113 0 -0.097081000
D/UDP-TIMING(17001): 3114 0 -0.107281000
D/UDP-TIMING(17001): 3115 0 -0.117477000
D/UDP-TIMING(17001): 3116 0 -0.097433000
D/UDP-TIMING(17001): 3117 0 -0.107630000
D/UDP-TIMING(17001): 3118 0 -0.117828000
D/UDP-TIMING(17001): 3119 0 -0.098272000
D/UDP-TIMING(17001): 3120 0 -0.108438000
D/UDP-TIMING(17001): 3121 0 -0.118633000
D/UDP-TIMING(17001): 3122 0 -0.098837000
D/UDP-TIMING(17001): 3123 0 -0.108978000
D/UDP-TIMING(17001): 3124 0 -0.119172000
D/UDP-TIMING(17001): 3125 0 -0.099159000
D/UDP-TIMING(17001): 3126 0 -0.109321000
D/UDP-TIMING(17001): 3127 0 -0.089824000
D/UDP-TIMING(17001): 3128 0 -0.100010000
D/UDP-TIMING(17001): 3129 0 -0.110196000
D/UDP-TIMING(17001): 3130 0 -0.120358000
D/UDP-TIMING(17001): 3131 0 -0.100220000
D/UDP-TIMING(17001): 3132 0 -0.110413000
D/UDP-TIMING(17001): 3133 0 -0.120608000
D/UDP-TIMING(17001): 3134 0 -0.101078000
D/UDP-TIMING(17001): 3135 0 -0.111275000
D/UDP-TIMING(17001): 3136 0 -0.121450000
D/UDP-TIMING(17001): 3137 0 -0.101448000
D/UDP-TIMING(17001): 3138 0 -0.111644000
D/UDP-TIMING(17001): 3139 0 -0.121838000
D/UDP-TIMING(17001): 3140 0 -0.102279000
D/UDP-TIMING(17001): 3141 0 -0.112482000
D/UDP-TIMING(17001): 3142 0 -0.122649000
D/UDP-TIMING(17001): 3143 0 -0.102602000
D/UDP-TIMING(17001): 3144 0 -0.112796000
D/UDP-TIMING(17001): 3145 0 -0.122965000
D/UDP-TIMING(17001): 3146 0 -0.103409000
D/UDP-TIMING(17001): 3147 0 -0.113609000
D/UDP-TIMING(17001): 3148 0 -0.123808000
D/UDP-TIMING(17001): 3149 0 -0.103793000
D/UDP-TIMING(17001): 3150 0 -0.113989000
D/UDP-TIMING(17001): 3151 0 -0.094392000
D/UDP-TIMING(17001): 3152 0 -0.104590000
D/UDP-TIMING(17001): 3153 0 -0.114788000
D/UDP-TIMING(17001): 3154 0 -0.095076000
D/UDP-TIMING(17001): 3155 0 -0.105272000
D/UDP-TIMING(17001): 3156 0 -0.115469000
D/UDP-TIMING(17001): 3157 0 -0.095671000
D/UDP-TIMING(17001): 3158 0 -0.105840000
D/UDP-TIMING(17001): 3159 0 -0.116046000
D/UDP-TIMING(17001): 3160 0 -0.096199000
D/UDP-TIMING(17001): 3161 0 -0.106343000
D/UDP-TIMING(17001): 3162 0 -0.116540000
D/UDP-TIMING(17001): 3163 0 -0.096489000
D/UDP-TIMING(17001): 3164 0 -0.106685000
D/UDP-TIMING(17001): 3165 0 -0.116882000
D/StatusBarPolicy( 1816): iconIndex=1
V/StatusBarPolicy( 1816): cdmaLevel:4;max:4
D/UDP-TIMING(17001): 3166 0 -0.097327000
D/UDP-TIMING(17001): 3167 0 -0.107525000
D/StatusBarPolicy( 1816): iconLevel:4
I/PhoneInfo( 2188): getCdmaLevel - cdmaDbm: -72 cdmaEcio:-70
D/UDP-TIMING(17001): 3168 0 -0.087417000
D/UDP-TIMING(17001): 3169 0 -0.097561000
D/UDP-TIMING(17001): 3170 0 -0.107757000
D/UDP-TIMING(17001): 3171 0 -0.117954000
I/PhoneInfo( 2188): getEvdoLevel - evdoDbm: -120 evdoSnr:-1 evdoEcio:-1
I/PhoneInfo( 2188): getLteLevel - lteRsrp: -1 lteCqi:-1
D/UDP-TIMING(17001): 3172 0 -0.098912000
D/UDP-TIMING(17001): 3173 0 -0.109105000
D/UDP-TIMING(17001): 3174 0 -0.119303000
D/UDP-TIMING(17001): 3175 0 -0.099376000
D/UDP-TIMING(17001): 3176 0 -0.109543000
D/UDP-TIMING(17001): 3177 0 -0.119740000
D/UDP-TIMING(17001): 3178 0 -0.100242000
D/UDP-TIMING(17001): 3179 0 -0.110439000
D/UDP-TIMING(17001): 3180 0 -0.089843000
D/UDP-TIMING(17001): 3181 0 -0.100038000
D/UDP-TIMING(17001): 3182 0 -0.110231000
D/UDP-TIMING(17001): 3183 0 -0.120430000
D/UDP-TIMING(17001): 3184 0 -0.100933000
D/UDP-TIMING(17001): 3185 0 -0.111131000
D/UDP-TIMING(17001): 3186 0 -0.121330000
E/TrafficStats( 1673): [QCTMM]tryAll index=0
E/TrafficStats( 1673): [QCTMM]tryAll index=1
E/TrafficStats( 1673): [QCTMM]tryAll index=2
E/TrafficStats( 1673): [QCTMM]tryAll index=0
E/TrafficStats( 1673): [QCTMM]tryAll index=1
E/TrafficStats( 1673): [QCTMM]tryAll index=2
D/DATA    ( 1860): sentSinceLastRecv=0,watchdogTrigger=10,maxindex=0
D/UDP-TIMING(17001): 3187 0 -0.101142000
D/UDP-TIMING(17001): 3188 0 -0.111349000
D/UDP-TIMING(17001): 3189 0 -0.121456000
D/UDP-TIMING(17001): 3190 0 -0.101968000
D/UDP-TIMING(17001): 3191 0 -0.112136000
D/UDP-TIMING(17001): 3192 0 -0.122335000
D/UDP-TIMING(17001): 3193 0 -0.102621000
D/UDP-TIMING(17001): 3194 0 -0.112816000
D/UDP-TIMING(17001): 3195 0 -0.092574000
D/UDP-TIMING(17001): 3196 0 -0.102773000
D/UDP-TIMING(17001): 3197 0 -0.112938000
D/UDP-TIMING(17001): 3198 0 -0.123136000
D/UDP-TIMING(17001): 3199 0 -0.103759000
D/UDP-TIMING(17001): 3200 0 -0.113954000
D/UDP-TIMING(17001): 3201 0 -0.093881000
D/UDP-TIMING(17001): 3202 0 -0.104080000
D/UDP-TIMING(17001): 3203 0 -0.084522000
D/UDP-TIMING(17001): 3204 0 -0.094720000
D/UDP-TIMING(17001): 3205 0 -0.104916000
D/UDP-TIMING(17001): 3206 0 -0.115119000
D/UDP-TIMING(17001): 3207 0 -0.095071000
D/UDP-TIMING(17001): 3208 0 -0.105265000
D/UDP-TIMING(17001): 3209 0 -0.115433000
D/UDP-TIMING(17001): 3210 0 -0.095873000
D/UDP-TIMING(17001): 3211 0 -0.106068000
D/UDP-TIMING(17001): 3212 0 -0.116233000
D/UDP-TIMING(17001): 3213 0 -0.096274000
D/UDP-TIMING(17001): 3214 0 -0.106439000
D/UDP-TIMING(17001): 3215 0 -0.086887000
D/UDP-TIMING(17001): 3216 0 -0.097080000
D/UDP-TIMING(17001): 3217 0 -0.107274000
D/UDP-TIMING(17001): 3218 0 -0.117473000
D/UDP-TIMING(17001): 3219 0 -0.097395000
D/UDP-TIMING(17001): 3220 0 -0.107594000
D/UDP-TIMING(17001): 3221 0 -0.117790000
D/UDP-TIMING(17001): 3222 0 -0.098323000
D/UDP-TIMING(17001): 3223 0 -0.108488000
D/UDP-TIMING(17001): 3224 0 -0.118686000
D/UDP-TIMING(17001): 3225 0 -0.098550000
D/UDP-TIMING(17001): 3226 0 -0.108744000
D/UDP-TIMING(17001): 3227 0 -0.118938000
D/UDP-TIMING(17001): 3228 0 -0.099438000
D/UDP-TIMING(17001): 3229 0 -0.109635000
D/UDP-TIMING(17001): 3230 0 -0.119834000
D/UDP-TIMING(17001): 3231 0 -0.100060000
D/UDP-TIMING(17001): 3232 0 -0.110256000
D/UDP-TIMING(17001): 3233 0 -0.120452000
D/UDP-TIMING(17001): 3234 0 -0.100341000
D/UDP-TIMING(17001): 3235 0 -0.110536000
D/UDP-TIMING(17001): 3236 0 -0.120704000
D/UDP-TIMING(17001): 3237 0 -0.101278000
D/UDP-TIMING(17001): 3238 0 -0.111451000
D/UDP-TIMING(17001): 3239 0 -0.121647000
D/UDP-TIMING(17001): 3240 0 -0.101441000
D/UDP-TIMING(17001): 3241 0 -0.111621000
D/UDP-TIMING(17001): 3242 0 -0.121757000
D/UDP-TIMING(17001): 3243 0 -0.102386000
D/UDP-TIMING(17001): 3244 0 -0.112552000
D/UDP-TIMING(17001): 3245 0 -0.122748000
D/UDP-TIMING(17001): 3246 0 -0.102702000
D/UDP-TIMING(17001): 3247 0 -0.112852000
D/UDP-TIMING(17001): 3248 0 -0.123052000
D/UDP-TIMING(17001): 3249 0 -0.103497000
D/UDP-TIMING(17001): 3250 0 -0.113700000
D/UDP-TIMING(17001): 3251 0 -0.123898000
D/UDP-TIMING(17001): 3252 0 -0.103873000
D/UDP-TIMING(17001): 3253 0 -0.114070000
D/UDP-TIMING(17001): 3254 0 -0.094452000
D/UDP-TIMING(17001): 3255 0 -0.104652000
D/UDP-TIMING(17001): 3256 0 -0.114821000
D/UDP-TIMING(17001): 3257 0 -0.094805000
D/UDP-TIMING(17001): 3258 0 -0.105008000
D/UDP-TIMING(17001): 3259 0 -0.115205000
D/UDP-TIMING(17001): 3260 0 -0.095652000
D/UDP-TIMING(17001): 3261 0 -0.105845000
D/UDP-TIMING(17001): 3262 0 -0.116043000
D/UDP-TIMING(17001): 3263 0 -0.096003000
D/UDP-TIMING(17001): 3264 0 -0.106203000
D/UDP-TIMING(17001): 3265 0 -0.116398000
D/UDP-TIMING(17001): 3266 0 -0.096900000
D/UDP-TIMING(17001): 3267 0 -0.107070000
D/UDP-TIMING(17001): 3268 0 -0.117267000
D/UDP-TIMING(17001): 3269 0 -0.097524000
D/UDP-TIMING(17001): 3270 0 -0.107719000
D/UDP-TIMING(17001): 3271 0 -0.087550000
D/UDP-TIMING(17001): 3272 0 -0.097713000
D/UDP-TIMING(17001): 3273 0 -0.107891000
D/UDP-TIMING(17001): 3274 0 -0.118089000
D/UDP-TIMING(17001): 3275 0 -0.098590000
D/UDP-TIMING(17001): 3276 0 -0.108758000
D/UDP-TIMING(17001): 3277 0 -0.118958000
D/UDP-TIMING(17001): 3278 0 -0.098942000
D/UDP-TIMING(17001): 3279 0 -0.109138000
D/UDP-TIMING(17001): 3280 0 -0.119338000
D/UDP-TIMING(17001): 3281 0 -0.099812000
D/UDP-TIMING(17001): 3282 0 -0.110009000
D/UDP-TIMING(17001): 3283 0 -0.120208000
D/UDP-TIMING(17001): 3284 0 -0.100194000
D/UDP-TIMING(17001): 3285 0 -0.110363000
E/TrafficStats( 1673): [QCTMM]tryAll index=0
E/TrafficStats( 1673): [QCTMM]tryAll index=1
E/TrafficStats( 1673): [QCTMM]tryAll index=2
E/TrafficStats( 1673): [QCTMM]tryAll index=0
E/TrafficStats( 1673): [QCTMM]tryAll index=1
E/TrafficStats( 1673): [QCTMM]tryAll index=2
D/DATA    ( 1860): sentSinceLastRecv=0,watchdogTrigger=10,maxindex=0
D/UDP-TIMING(17001): 3286 0 -0.090710000
D/UDP-TIMING(17001): 3287 0 -0.100878000
D/UDP-TIMING(17001): 3288 0 -0.111070000
D/UDP-TIMING(17001): 3289 0 -0.121268000
D/UDP-TIMING(17001): 3290 0 -0.101204000
D/UDP-TIMING(17001): 3291 0 -0.111400000
D/UDP-TIMING(17001): 3292 0 -0.091944000
D/UDP-TIMING(17001): 3293 0 -0.102131000
D/UDP-TIMING(17001): 3294 0 -0.112327000
D/UDP-TIMING(17001): 3295 0 -0.092249000
D/UDP-TIMING(17001): 3296 0 -0.102423000
D/UDP-TIMING(17001): 3297 0 -0.112623000
D/UDP-TIMING(17001): 3298 0 -0.122821000
D/UDP-TIMING(17001): 3299 0 -0.103385000
D/UDP-TIMING(17001): 3300 0 -0.113583000
D/UDP-TIMING(17001): 3301 0 -0.093446000
D/UDP-TIMING(17001): 3302 0 -0.103646000
D/UDP-TIMING(17001): 3303 0 -0.113808000
D/UDP-TIMING(17001): 3304 0 -0.094289000
D/UDP-TIMING(17001): 3305 0 -0.104490000
D/UDP-TIMING(17001): 3306 0 -0.114690000
D/UDP-TIMING(17001): 3307 0 -0.094948000
D/UDP-TIMING(17001): 3308 0 -0.105117000
D/UDP-TIMING(17001): 3309 0 -0.115315000
D/UDP-TIMING(17001): 3310 0 -0.095268000
D/UDP-TIMING(17001): 3311 0 -0.105475000
D/UDP-TIMING(17001): 3312 0 -0.115643000
D/UDP-TIMING(17001): 3313 0 -0.096206000
D/UDP-TIMING(17001): 3314 0 -0.106404000
D/UDP-TIMING(17001): 3315 0 -0.086246000
D/UDP-TIMING(17001): 3316 0 -0.096345000
D/UDP-TIMING(17001): 3317 0 -0.106520000
D/UDP-TIMING(17001): 3318 0 -0.116717000
D/UDP-TIMING(17001): 3319 0 -0.097251000
D/UDP-TIMING(17001): 3320 0 -0.107418000
D/UDP-TIMING(17001): 3321 0 -0.087342000
D/UDP-TIMING(17001): 3322 0 -0.097540000
D/UDP-TIMING(17001): 3323 0 -0.107735000
D/UDP-TIMING(17001): 3324 0 -0.088206000
D/UDP-TIMING(17001): 3325 0 -0.098370000
D/UDP-TIMING(17001): 3326 0 -0.108569000
D/UDP-TIMING(17001): 3327 0 -0.118767000
D/UDP-TIMING(17001): 3328 0 -0.098751000
D/UDP-TIMING(17001): 3329 0 -0.108946000
D/UDP-TIMING(17001): 3330 0 -0.089418000
D/UDP-TIMING(17001): 3331 0 -0.099581000
D/UDP-TIMING(17001): 3332 0 -0.109778000
D/UDP-TIMING(17001): 3333 0 -0.119973000
D/UDP-TIMING(17001): 3334 0 -0.099840000
D/UDP-TIMING(17001): 3335 0 -0.110006000
D/UDP-TIMING(17001): 3336 0 -0.120204000
D/UDP-TIMING(17001): 3337 0 -0.100798000
D/UDP-TIMING(17001): 3338 0 -0.110996000
D/UDP-TIMING(17001): 3339 0 -0.121159000
D/UDP-TIMING(17001): 3340 0 -0.100970000
D/UDP-TIMING(17001): 3341 0 -0.111145000
D/UDP-TIMING(17001): 3342 0 -0.121365000
D/UDP-TIMING(17001): 3343 0 -0.101772000
D/UDP-TIMING(17001): 3344 0 -0.111970000
D/UDP-TIMING(17001): 3345 0 -0.122087000
D/UDP-TIMING(17001): 3346 0 -0.102468000
D/UDP-TIMING(17001): 3347 0 -0.112633000
D/UDP-TIMING(17001): 3348 0 -0.122832000
D/UDP-TIMING(17001): 3349 0 -0.102698000
D/UDP-TIMING(17001): 3350 0 -0.112894000
D/UDP-TIMING(17001): 3351 0 -0.123055000
D/UDP-TIMING(17001): 3352 0 -0.103588000
D/UDP-TIMING(17001): 3353 0 -0.113789000
D/UDP-TIMING(17001): 3354 0 -0.093319000
D/UDP-TIMING(17001): 3355 0 -0.103518000
D/UDP-TIMING(17001): 3356 0 -0.113680000
D/UDP-TIMING(17001): 3357 0 -0.094366000
D/UDP-TIMING(17001): 3358 0 -0.104563000
D/UDP-TIMING(17001): 3359 0 -0.114765000
D/UDP-TIMING(17001): 3360 0 -0.094844000
D/UDP-TIMING(17001): 3361 0 -0.105006000
D/UDP-TIMING(17001): 3362 0 -0.115142000
D/UDP-TIMING(17001): 3363 0 -0.095697000
D/UDP-TIMING(17001): 3364 0 -0.105885000
D/UDP-TIMING(17001): 3365 0 -0.116070000
D/UDP-TIMING(17001): 3366 0 -0.096013000
D/UDP-TIMING(17001): 3367 0 -0.106171000
D/UDP-TIMING(17001): 3368 0 -0.116358000
D/UDP-TIMING(17001): 3369 0 -0.096880000
D/UDP-TIMING(17001): 3370 0 -0.107035000
D/UDP-TIMING(17001): 3371 0 -0.117221000
D/UDP-TIMING(17001): 3372 0 -0.097125000
D/UDP-TIMING(17001): 3373 0 -0.107324000
D/UDP-TIMING(17001): 3374 0 -0.117518000
D/UDP-TIMING(17001): 3375 0 -0.097954000
D/UDP-TIMING(17001): 3376 0 -0.108118000
D/UDP-TIMING(17001): 3377 0 -0.118311000
D/UDP-TIMING(17001): 3378 0 -0.098296000
D/UDP-TIMING(17001): 3379 0 -0.108490000
D/UDP-TIMING(17001): 3380 0 -0.118688000
D/UDP-TIMING(17001): 3381 0 -0.098944000
D/UDP-TIMING(17001): 3382 0 -0.109140000
D/UDP-TIMING(17001): 3383 0 -0.119335000
D/UDP-TIMING(17001): 3384 0 -0.099746000
E/TrafficStats( 1673): [QCTMM]tryAll index=0
D/UDP-TIMING(17001): 3385 0 -0.109945000
D/UDP-TIMING(17001): 3386 0 -0.120142000
E/TrafficStats( 1673): [QCTMM]tryAll index=1
E/TrafficStats( 1673): [QCTMM]tryAll index=2
E/TrafficStats( 1673): [QCTMM]tryAll index=0
E/TrafficStats( 1673): [QCTMM]tryAll index=1
E/TrafficStats( 1673): [QCTMM]tryAll index=2
D/DATA    ( 1860): sentSinceLastRecv=0,watchdogTrigger=10,maxindex=0
D/UDP-TIMING(17001): 3387 0 -0.099610000
D/UDP-TIMING(17001): 3388 0 -0.109805000
D/UDP-TIMING(17001): 3389 0 -0.120000000
D/UDP-TIMING(17001): 3390 0 -0.100869000
D/UDP-TIMING(17001): 3391 0 -0.111064000
D/UDP-TIMING(17001): 3392 0 -0.121309000
D/UDP-TIMING(17001): 3393 0 -0.101292000
D/UDP-TIMING(17001): 3394 0 -0.111489000
D/UDP-TIMING(17001): 3395 0 -0.121659000
D/UDP-TIMING(17001): 3396 0 -0.102214000
D/UDP-TIMING(17001): 3397 0 -0.112380000
D/UDP-TIMING(17001): 3398 0 -0.092245000
D/UDP-TIMING(17001): 3399 0 -0.102444000
D/UDP-TIMING(17001): 3400 0 -0.112610000
D/UDP-TIMING(17001): 3401 0 -0.122793000
D/UDP-TIMING(17001): 3402 0 -0.103333000
D/UDP-TIMING(17001): 3403 0 -0.113498000
D/UDP-TIMING(17001): 3404 0 -0.123698000
D/UDP-TIMING(17001): 3405 0 -0.103593000
D/UDP-TIMING(17001): 3406 0 -0.113768000
D/UDP-TIMING(17001): 3407 0 -0.094333000
D/UDP-TIMING(17001): 3408 0 -0.104534000
D/UDP-TIMING(17001): 3409 0 -0.114701000
D/UDP-TIMING(17001): 3410 0 -0.094595000
D/UDP-TIMING(17001): 3411 0 -0.104770000
D/UDP-TIMING(17001): 3412 0 -0.114968000
D/UDP-TIMING(17001): 3413 0 -0.095501000
D/UDP-TIMING(17001): 3414 0 -0.105693000
D/UDP-TIMING(17001): 3415 0 -0.115855000
D/UDP-TIMING(17001): 3416 0 -0.095594000
D/UDP-TIMING(17001): 3417 0 -0.105790000
D/UDP-TIMING(17001): 3418 0 -0.115988000
D/UDP-TIMING(17001): 3419 0 -0.096670000
D/UDP-TIMING(17001): 3420 0 -0.106867000
D/UDP-TIMING(17001): 3421 0 -0.117034000
D/UDP-TIMING(17001): 3422 0 -0.097200000
D/UDP-TIMING(17001): 3423 0 -0.107366000
D/UDP-TIMING(17001): 3424 0 -0.117568000
D/UDP-TIMING(17001): 3425 0 -0.097550000
D/UDP-TIMING(17001): 3426 0 -0.107744000
D/UDP-TIMING(17001): 3427 0 -0.117942000
D/UDP-TIMING(17001): 3428 0 -0.098445000
D/UDP-TIMING(17001): 3429 0 -0.108638000
D/UDP-TIMING(17001): 3430 0 -0.118833000
D/UDP-TIMING(17001): 3431 0 -0.098727000
D/UDP-TIMING(17001): 3432 0 -0.108924000
D/UDP-TIMING(17001): 3433 0 -0.119119000
D/UDP-TIMING(17001): 3434 0 -0.099627000
D/UDP-TIMING(17001): 3435 0 -0.109823000
D/UDP-TIMING(17001): 3436 0 -0.120019000
D/UDP-TIMING(17001): 3437 0 -0.099825000
D/UDP-TIMING(17001): 3438 0 -0.110021000
D/UDP-TIMING(17001): 3439 0 -0.120216000
D/UDP-TIMING(17001): 3440 0 -0.100782000
D/UDP-TIMING(17001): 3441 0 -0.110978000
D/UDP-TIMING(17001): 3442 0 -0.121143000
D/UDP-TIMING(17001): 3443 0 -0.100807000
D/UDP-TIMING(17001): 3444 0 -0.111007000
D/UDP-TIMING(17001): 3445 0 -0.121206000
D/UDP-TIMING(17001): 3446 0 -0.101851000
D/UDP-TIMING(17001): 3447 0 -0.112038000
D/UDP-TIMING(17001): 3448 0 -0.122234000
D/UDP-TIMING(17001): 3449 0 -0.102214000
D/UDP-TIMING(17001): 3450 0 -0.112410000
D/UDP-TIMING(17001): 3451 0 -0.122584000
D/UDP-TIMING(17001): 3452 0 -0.103060000
D/UDP-TIMING(17001): 3453 0 -0.113232000
D/UDP-TIMING(17001): 3454 0 -0.123431000
D/UDP-TIMING(17001): 3455 0 -0.103455000
D/UDP-TIMING(17001): 3456 0 -0.113651000
D/UDP-TIMING(17001): 3457 0 -0.094036000
D/UDP-TIMING(17001): 3458 0 -0.104237000
D/UDP-TIMING(17001): 3459 0 -0.114433000
D/UDP-TIMING(17001): 3460 0 -0.094693000
D/UDP-TIMING(17001): 3461 0 -0.104889000
D/UDP-TIMING(17001): 3462 0 -0.115086000
D/UDP-TIMING(17001): 3463 0 -0.095100000
D/UDP-TIMING(17001): 3464 0 -0.105275000
D/UDP-TIMING(17001): 3465 0 -0.085713000
D/UDP-TIMING(17001): 3466 0 -0.095911000
D/UDP-TIMING(17001): 3467 0 -0.106108000
D/UDP-TIMING(17001): 3468 0 -0.116309000
D/UDP-TIMING(17001): 3469 0 -0.096231000
D/UDP-TIMING(17001): 3470 0 -0.106401000
D/UDP-TIMING(17001): 3471 0 -0.116597000
D/UDP-TIMING(17001): 3472 0 -0.097048000
D/UDP-TIMING(17001): 3473 0 -0.107244000
D/UDP-TIMING(17001): 3474 0 -0.117436000
D/UDP-TIMING(17001): 3475 0 -0.097389000
D/UDP-TIMING(17001): 3476 0 -0.107574000
D/UDP-TIMING(17001): 3477 0 -0.117769000
D/UDP-TIMING(17001): 3478 0 -0.098247000
D/UDP-TIMING(17001): 3479 0 -0.108438000
D/UDP-TIMING(17001): 3480 0 -0.118601000
E/TrafficStats(16531): [QCTMM]tryAll index=0
E/TrafficStats(16531): [QCTMM]tryAll index=1
E/TrafficStats(16531): [QCTMM]tryAll index=2
E/TrafficStats(16531): [QCTMM]tryAll index=0
E/TrafficStats(16531): [QCTMM]tryAll index=1
D/UDP-TIMING(17001): 3481 0 -0.098068000
D/UDP-TIMING(17001): 3482 0 -0.108244000
D/UDP-TIMING(17001): 3483 0 -0.118450000
E/TrafficStats(16531): [QCTMM]tryAll index=2
E/TrafficStats(16531): [QCTMM]tryAll index=0
E/TrafficStats(16531): [QCTMM]tryAll index=1
E/TrafficStats(16531): [QCTMM]tryAll index=2
E/TrafficStats( 1673): [QCTMM]tryAll index=0
E/TrafficStats( 1673): [QCTMM]tryAll index=1
D/UDP-TIMING(17001): 3484 0 -0.098890000
D/UDP-TIMING(17001): 3485 0 -0.109089000
D/UDP-TIMING(17001): 3486 0 -0.119283000
E/TrafficStats( 1673): [QCTMM]tryAll index=2
E/TrafficStats( 1673): [QCTMM]tryAll index=0
E/TrafficStats( 1673): [QCTMM]tryAll index=1
E/TrafficStats( 1673): [QCTMM]tryAll index=2
D/DATA    ( 1860): sentSinceLastRecv=0,watchdogTrigger=10,maxindex=0
E/TrafficStats(16531): [QCTMM]tryAll index=0
E/TrafficStats(16531): [QCTMM]tryAll index=1
E/TrafficStats(16531): [QCTMM]tryAll index=2
D/UDP-TIMING(17001): 3487 0 -0.099355000
D/UDP-TIMING(17001): 3488 0 -0.109550000
D/UDP-TIMING(17001): 3489 0 -0.119746000
D/UDP-TIMING(17001): 3490 0 -0.101161000
D/UDP-TIMING(17001): 3491 0 -0.111304000
D/UDP-TIMING(17001): 3492 0 -0.121419000
D/UDP-TIMING(17001): 3493 0 -0.100812000
D/UDP-TIMING(17001): 3494 0 -0.111000000
D/UDP-TIMING(17001): 3495 0 -0.091342000
D/UDP-TIMING(17001): 3496 0 -0.101531000
D/UDP-TIMING(17001): 3497 0 -0.111719000
D/UDP-TIMING(17001): 3498 0 -0.121861000
D/UDP-TIMING(17001): 3499 0 -0.102018000
D/UDP-TIMING(17001): 3500 0 -0.112203000
D/UDP-TIMING(17001): 3501 0 -0.122393000
D/UDP-TIMING(17001): 3502 0 -0.102309000
D/UDP-TIMING(17001): 3503 0 -0.112467000
D/UDP-TIMING(17001): 3504 0 -0.122654000
D/UDP-TIMING(17001): 3505 0 -0.103181000
D/UDP-TIMING(17001): 3506 0 -0.113375000
D/UDP-TIMING(17001): 3507 0 -0.123567000
D/UDP-TIMING(17001): 3508 0 -0.103549000
D/UDP-TIMING(17001): 3509 0 -0.113704000
D/UDP-TIMING(17001): 3510 0 -0.094167000
D/UDP-TIMING(17001): 3511 0 -0.104359000
D/UDP-TIMING(17001): 3512 0 -0.114611000
D/UDP-TIMING(17001): 3513 0 -0.094495000
D/UDP-TIMING(17001): 3514 0 -0.104681000
D/UDP-TIMING(17001): 3515 0 -0.114877000
D/UDP-TIMING(17001): 3516 0 -0.095318000
D/UDP-TIMING(17001): 3517 0 -0.105518000
D/UDP-TIMING(17001): 3518 0 -0.115714000
D/UDP-TIMING(17001): 3519 0 -0.095701000
D/UDP-TIMING(17001): 3520 0 -0.105893000
D/UDP-TIMING(17001): 3521 0 -0.116089000
D/UDP-TIMING(17001): 3522 0 -0.096592000
D/UDP-TIMING(17001): 3523 0 -0.106769000
D/UDP-TIMING(17001): 3524 0 -0.116965000
D/UDP-TIMING(17001): 3525 0 -0.096860000
D/UDP-TIMING(17001): 3526 0 -0.107063000
D/UDP-TIMING(17001): 3527 0 -0.117260000
D/UDP-TIMING(17001): 3528 0 -0.097793000
D/UDP-TIMING(17001): 3529 0 -0.107956000
D/UDP-TIMING(17001): 3530 0 -0.118152000
D/UDP-TIMING(17001): 3531 0 -0.098248000
D/UDP-TIMING(17001): 3532 0 -0.108434000
D/UDP-TIMING(17001): 3533 0 -0.088683000
D/UDP-TIMING(17001): 3534 0 -0.098871000
D/UDP-TIMING(17001): 3535 0 -0.109058000
D/UDP-TIMING(17001): 3536 0 -0.119221000
D/Database(16531): dbopen(): path = /data/data/com.onavo.android.onavoid/databases/ui_events, flag = 6, file size = 14043136
D/Database(16531): dbopen(): path = /data/data/com.onavo.android.onavoid/databases/ui_events, mode: wal, disk free size: 2000 M, handle: 0x347818
D/UDP-TIMING(17001): 3537 0 -0.099785000
D/UDP-TIMING(17001): 3538 0 -0.109978000
D/UDP-TIMING(17001): 3539 0 -0.120173000
D/UDP-TIMING(17001): 3540 0 -0.100678000
D/UDP-TIMING(17001): 3541 0 -0.110875000
D/UDP-TIMING(17001): 3542 0 -0.120982000
D/UDP-TIMING(17001): 3543 0 -0.101106000
D/UDP-TIMING(17001): 3544 0 -0.111302000
D/UDP-TIMING(17001): 3545 0 -0.121498000
D/Database(16531): dbclose(): path = /data/data/com.onavo.android.onavoid/databases/ui_events, handle = 0x347818
D/UDP-TIMING(17001): 3546 0 -0.101387000
D/UDP-TIMING(17001): 3547 0 -0.111585000
D/UDP-TIMING(17001): 3548 0 -0.121682000
D/UDP-TIMING(17001): 3549 0 -0.102176000
D/UDP-TIMING(17001): 3550 0 -0.112390000
D/UDP-TIMING(17001): 3551 0 -0.122587000
D/UDP-TIMING(17001): 3552 0 -0.102453000
D/UDP-TIMING(17001): 3553 0 -0.112620000
D/UDP-TIMING(17001): 3554 0 -0.092638000
D/UDP-TIMING(17001): 3555 0 -0.102834000
D/UDP-TIMING(17001): 3556 0 -0.113030000
D/UDP-TIMING(17001): 3557 0 -0.123220000
D/UDP-TIMING(17001): 3558 0 -0.103084000
D/UDP-TIMING(17001): 3559 0 -0.113251000
D/UDP-TIMING(17001): 3560 0 -0.121743000
D/UDP-TIMING(17001): 3561 0 -0.104053000
D/UDP-TIMING(17001): 3562 0 -0.114255000
D/UDP-TIMING(17001): 3563 0 -0.094056000
D/UDP-TIMING(17001): 3564 0 -0.104251000
D/UDP-TIMING(17001): 3565 0 -0.114438000
D/UDP-TIMING(17001): 3566 0 -0.094882000
D/UDP-TIMING(17001): 3567 0 -0.105079000
D/UDP-TIMING(17001): 3568 0 -0.115283000
D/UDP-TIMING(17001): 3569 0 -0.095513000
D/UDP-TIMING(17001): 3570 0 -0.105712000
D/UDP-TIMING(17001): 3571 0 -0.115909000
D/UDP-TIMING(17001): 3572 0 -0.095770000
D/UDP-TIMING(17001): 3573 0 -0.105966000
D/UDP-TIMING(17001): 3574 0 -0.116143000
D/UDP-TIMING(17001): 3575 0 -0.096717000
D/UDP-TIMING(17001): 3576 0 -0.106880000
D/UDP-TIMING(17001): 3577 0 -0.117076000
D/UDP-TIMING(17001): 3578 0 -0.096938000
D/UDP-TIMING(17001): 3579 0 -0.107137000
D/UDP-TIMING(17001): 3580 0 -0.117329000
D/UDP-TIMING(17001): 3581 0 -0.097892000
D/UDP-TIMING(17001): 3582 0 -0.108088000
D/UDP-TIMING(17001): 3583 0 -0.118255000
D/UDP-TIMING(17001): 3584 0 -0.097902000
D/UDP-TIMING(17001): 3585 0 -0.108101000
D/UDP-TIMING(17001): 3586 0 -0.118267000
E/TrafficStats( 1673): [QCTMM]tryAll index=0
E/TrafficStats( 1673): [QCTMM]tryAll index=1
E/TrafficStats( 1673): [QCTMM]tryAll index=2
E/TrafficStats( 1673): [QCTMM]tryAll index=0
E/TrafficStats( 1673): [QCTMM]tryAll index=1
E/TrafficStats( 1673): [QCTMM]tryAll index=2
D/DATA    ( 1860): sentSinceLastRecv=0,watchdogTrigger=10,maxindex=0
D/UDP-TIMING(17001): 3587 0 -0.098982000
D/UDP-TIMING(17001): 3588 0 -0.109173000
D/UDP-TIMING(17001): 3589 0 -0.119371000
D/UDP-TIMING(17001): 3590 0 -0.099351000
D/UDP-TIMING(17001): 3591 0 -0.109545000
D/UDP-TIMING(17001): 3592 0 -0.119737000
D/UDP-TIMING(17001): 3593 0 -0.100178000
D/UDP-TIMING(17001): 3594 0 -0.110369000
D/UDP-TIMING(17001): 3595 0 -0.120567000
D/UDP-TIMING(17001): 3596 0 -0.100521000
D/UDP-TIMING(17001): 3597 0 -0.110718000
D/UDP-TIMING(17001): 3598 0 -0.120882000
D/UDP-TIMING(17001): 3599 0 -0.101121000
D/UDP-TIMING(17001): 3600 0 -0.111311000
D/UDP-TIMING(17001): 3601 0 -0.121508000
D/UDP-TIMING(17001): 3602 0 -0.101665000
D/UDP-TIMING(17001): 3603 0 -0.111864000
D/UDP-TIMING(17001): 3604 0 -0.122030000
D/UDP-TIMING(17001): 3605 0 -0.102520000
D/UDP-TIMING(17001): 3606 0 -0.112716000
D/UDP-TIMING(17001): 3607 0 -0.122882000
D/UDP-TIMING(17001): 3608 0 -0.103052000
D/UDP-TIMING(17001): 3609 0 -0.113284000
D/UDP-TIMING(17001): 3610 0 -0.123482000
D/UDP-TIMING(17001): 3611 0 -0.103465000
D/UDP-TIMING(17001): 3612 0 -0.113630000
D/UDP-TIMING(17001): 3613 0 -0.094136000
D/UDP-TIMING(17001): 3614 0 -0.104338000
D/UDP-TIMING(17001): 3615 0 -0.114533000
D/UDP-TIMING(17001): 3616 0 -0.094455000
D/UDP-TIMING(17001): 3617 0 -0.104655000
D/UDP-TIMING(17001): 3618 0 -0.114854000
D/UDP-TIMING(17001): 3619 0 -0.095327000
D/UDP-TIMING(17001): 3620 0 -0.105467000
D/UDP-TIMING(17001): 3621 0 -0.115663000
D/UDP-TIMING(17001): 3622 0 -0.095464000
D/UDP-TIMING(17001): 3623 0 -0.105666000
D/UDP-TIMING(17001): 3624 0 -0.115832000
D/UDP-TIMING(17001): 3625 0 -0.096461000
D/UDP-TIMING(17001): 3626 0 -0.106599000
D/UDP-TIMING(17001): 3627 0 -0.116756000
D/UDP-TIMING(17001): 3628 0 -0.096711000
D/UDP-TIMING(17001): 3629 0 -0.106915000
D/UDP-TIMING(17001): 3630 0 -0.117112000
D/UDP-TIMING(17001): 3631 0 -0.097616000
D/UDP-TIMING(17001): 3632 0 -0.107786000
D/UDP-TIMING(17001): 3633 0 -0.117982000
D/UDP-TIMING(17001): 3634 0 -0.097821000
D/UDP-TIMING(17001): 3635 0 -0.107988000
D/UDP-TIMING(17001): 3636 0 -0.118181000
D/UDP-TIMING(17001): 3637 0 -0.098649000
D/UDP-TIMING(17001): 3638 0 -0.108761000
D/UDP-TIMING(17001): 3639 0 -0.118957000
D/UDP-TIMING(17001): 3640 0 -0.098977000
D/UDP-TIMING(17001): 3641 0 -0.109139000
D/UDP-TIMING(17001): 3642 0 -0.119335000
D/UDP-TIMING(17001): 3643 0 -0.099650000
D/UDP-TIMING(17001): 3644 0 -0.109848000
D/UDP-TIMING(17001): 3645 0 -0.120045000
D/UDP-TIMING(17001): 3646 0 -0.100307000
D/UDP-TIMING(17001): 3647 0 -0.110474000
D/UDP-TIMING(17001): 3648 0 -0.120671000
D/UDP-TIMING(17001): 3649 0 -0.100748000
D/UDP-TIMING(17001): 3650 0 -0.110943000
D/UDP-TIMING(17001): 3651 0 -0.119613000
D/UDP-TIMING(17001): 3652 0 -0.101551000
D/UDP-TIMING(17001): 3653 0 -0.111749000
D/UDP-TIMING(17001): 3654 0 -0.121962000
D/UDP-TIMING(17001): 3655 0 -0.101947000
D/UDP-TIMING(17001): 3656 0 -0.112104000
D/UDP-TIMING(17001): 3657 0 -0.122289000
D/UDP-TIMING(17001): 3658 0 -0.102824000
D/UDP-TIMING(17001): 3659 0 -0.113020000
D/UDP-TIMING(17001): 3660 0 -0.123257000
D/UDP-TIMING(17001): 3661 0 -0.103214000
D/UDP-TIMING(17001): 3662 0 -0.113396000
D/UDP-TIMING(17001): 3663 0 -0.093838000
D/UDP-TIMING(17001): 3664 0 -0.104038000
D/UDP-TIMING(17001): 3665 0 -0.114244000
D/UDP-TIMING(17001): 3666 0 -0.094108000
D/UDP-TIMING(17001): 3667 0 -0.104312000
D/UDP-TIMING(17001): 3668 0 -0.114487000
D/UDP-TIMING(17001): 3669 0 -0.095049000
D/UDP-TIMING(17001): 3670 0 -0.105245000
D/UDP-TIMING(17001): 3671 0 -0.115439000
D/UDP-TIMING(17001): 3672 0 -0.095241000
D/UDP-TIMING(17001): 3673 0 -0.105437000
D/UDP-TIMING(17001): 3674 0 -0.115637000
D/UDP-TIMING(17001): 3675 0 -0.096235000
D/UDP-TIMING(17001): 3676 0 -0.106435000
D/UDP-TIMING(17001): 3677 0 -0.116602000
D/UDP-TIMING(17001): 3678 0 -0.096465000
D/UDP-TIMING(17001): 3679 0 -0.106661000
D/UDP-TIMING(17001): 3680 0 -0.116856000
D/UDP-TIMING(17001): 3681 0 -0.097459000
D/UDP-TIMING(17001): 3682 0 -0.107653000
D/UDP-TIMING(17001): 3683 0 -0.117826000
E/TrafficStats( 1673): [QCTMM]tryAll index=0
E/TrafficStats( 1673): [QCTMM]tryAll index=1
E/TrafficStats( 1673): [QCTMM]tryAll index=2
E/TrafficStats( 1673): [QCTMM]tryAll index=0
E/TrafficStats( 1673): [QCTMM]tryAll index=1
D/UDP-TIMING(17001): 3684 0 -0.096679000
D/UDP-TIMING(17001): 3685 0 -0.106875000
D/UDP-TIMING(17001): 3686 0 -0.117073000
E/TrafficStats( 1673): [QCTMM]tryAll index=2
D/DATA    ( 1860): sentSinceLastRecv=0,watchdogTrigger=10,maxindex=0
D/UDP-TIMING(17001): 3687 0 -0.097888000
D/UDP-TIMING(17001): 3688 0 -0.108087000
D/UDP-TIMING(17001): 3689 0 -0.118284000
D/UDP-TIMING(17001): 3690 0 -0.099156000
D/UDP-TIMING(17001): 3691 0 -0.109348000
D/UDP-TIMING(17001): 3692 0 -0.119541000
D/UDP-TIMING(17001): 3693 0 -0.099525000
D/UDP-TIMING(17001): 3694 0 -0.109722000
D/UDP-TIMING(17001): 3695 0 -0.119918000
D/UDP-TIMING(17001): 3696 0 -0.100419000
D/UDP-TIMING(17001): 3697 0 -0.110616000
D/UDP-TIMING(17001): 3698 0 -0.120812000
D/UDP-TIMING(17001): 3699 0 -0.100693000
D/UDP-TIMING(17001): 3700 0 -0.110888000
D/UDP-TIMING(17001): 3701 0 -0.121091000
D/UDP-TIMING(17001): 3702 0 -0.101538000
D/UDP-TIMING(17001): 3703 0 -0.111792000
D/UDP-TIMING(17001): 3704 0 -0.121989000
D/UDP-TIMING(17001): 3705 0 -0.101760000
D/UDP-TIMING(17001): 3706 0 -0.111958000
D/UDP-TIMING(17001): 3707 0 -0.122123000
D/UDP-TIMING(17001): 3708 0 -0.102755000
D/UDP-TIMING(17001): 3709 0 -0.112930000
D/UDP-TIMING(17001): 3710 0 -0.123141000
D/UDP-TIMING(17001): 3711 0 -0.103015000
D/UDP-TIMING(17001): 3712 0 -0.113190000
D/UDP-TIMING(17001): 3713 0 -0.123391000
D/UDP-TIMING(17001): 3714 0 -0.104048000
D/UDP-TIMING(17001): 3715 0 -0.114215000
D/UDP-TIMING(17001): 3716 0 -0.094022000
D/UDP-TIMING(17001): 3717 0 -0.104220000
D/UDP-TIMING(17001): 3718 0 -0.114418000
D/UDP-TIMING(17001): 3719 0 -0.094983000
D/UDP-TIMING(17001): 3720 0 -0.105153000
D/UDP-TIMING(17001): 3721 0 -0.115351000
D/UDP-TIMING(17001): 3722 0 -0.095518000
D/UDP-TIMING(17001): 3723 0 -0.105684000
D/UDP-TIMING(17001): 3724 0 -0.115876000
D/UDP-TIMING(17001): 3725 0 -0.095891000
D/UDP-TIMING(17001): 3726 0 -0.106086000
D/UDP-TIMING(17001): 3727 0 -0.116284000
D/UDP-TIMING(17001): 3728 0 -0.096757000
D/UDP-TIMING(17001): 3729 0 -0.106956000
D/UDP-TIMING(17001): 3730 0 -0.117124000
D/UDP-TIMING(17001): 3731 0 -0.097029000
D/UDP-TIMING(17001): 3732 0 -0.107228000
D/UDP-TIMING(17001): 3733 0 -0.117391000
D/UDP-TIMING(17001): 3734 0 -0.097894000
D/UDP-TIMING(17001): 3735 0 -0.108086000
D/UDP-TIMING(17001): 3736 0 -0.118282000
D/UDP-TIMING(17001): 3737 0 -0.098205000
D/UDP-TIMING(17001): 3738 0 -0.108400000
D/UDP-TIMING(17001): 3739 0 -0.118566000
D/UDP-TIMING(17001): 3740 0 -0.099130000
D/UDP-TIMING(17001): 3741 0 -0.109324000
D/UDP-TIMING(17001): 3742 0 -0.119520000
D/UDP-TIMING(17001): 3743 0 -0.099414000
D/UDP-TIMING(17001): 3744 0 -0.109608000
D/UDP-TIMING(17001): 3745 0 -0.119804000
D/UDP-TIMING(17001): 3746 0 -0.100308000
D/UDP-TIMING(17001): 3747 0 -0.110504000
D/UDP-TIMING(17001): 3748 0 -0.120671000
D/UDP-TIMING(17001): 3749 0 -0.100561000
D/UDP-TIMING(17001): 3750 0 -0.110728000
D/UDP-TIMING(17001): 3751 0 -0.120925000
D/UDP-TIMING(17001): 3752 0 -0.101427000
D/UDP-TIMING(17001): 3753 0 -0.111623000
D/UDP-TIMING(17001): 3754 0 -0.121825000
D/UDP-TIMING(17001): 3755 0 -0.101807000
D/UDP-TIMING(17001): 3756 0 -0.111974000
D/UDP-TIMING(17001): 3757 0 -0.122139000
D/UDP-TIMING(17001): 3758 0 -0.102733000
D/UDP-TIMING(17001): 3759 0 -0.112932000
D/UDP-TIMING(17001): 3760 0 -0.093099000
D/UDP-TIMING(17001): 3761 0 -0.103307000
D/UDP-TIMING(17001): 3762 0 -0.113472000
D/UDP-TIMING(17001): 3763 0 -0.093367000
D/UDP-TIMING(17001): 3764 0 -0.103552000
D/UDP-TIMING(17001): 3765 0 -0.113711000
D/UDP-TIMING(17001): 3766 0 -0.094142000
D/UDP-TIMING(17001): 3767 0 -0.104335000
D/UDP-TIMING(17001): 3768 0 -0.114525000
D/UDP-TIMING(17001): 3769 0 -0.094470000
D/UDP-TIMING(17001): 3770 0 -0.104656000
D/UDP-TIMING(17001): 3771 0 -0.114818000
D/UDP-TIMING(17001): 3772 0 -0.095371000
D/UDP-TIMING(17001): 3773 0 -0.105557000
D/UDP-TIMING(17001): 3774 0 -0.115718000
D/UDP-TIMING(17001): 3775 0 -0.095630000
D/UDP-TIMING(17001): 3776 0 -0.105815000
D/UDP-TIMING(17001): 3777 0 -0.116007000
D/UDP-TIMING(17001): 3778 0 -0.096471000
D/UDP-TIMING(17001): 3779 0 -0.106663000
D/UDP-TIMING(17001): 3780 0 -0.116852000
D/UDP-TIMING(17001): 3781 0 -0.096644000
D/UDP-TIMING(17001): 3782 0 -0.106831000
D/UDP-TIMING(17001): 3783 0 -0.117047000
D/UDP-TIMING(17001): 3784 0 -0.097601000
D/UDP-TIMING(17001): 3785 0 -0.107786000
D/UDP-TIMING(17001): 3786 0 -0.117968000
E/TrafficStats( 1673): [QCTMM]tryAll index=0
E/TrafficStats( 1673): [QCTMM]tryAll index=1
E/TrafficStats( 1673): [QCTMM]tryAll index=2
E/TrafficStats( 1673): [QCTMM]tryAll index=0
E/TrafficStats( 1673): [QCTMM]tryAll index=1
E/TrafficStats( 1673): [QCTMM]tryAll index=2
D/DATA    ( 1860): sentSinceLastRecv=0,watchdogTrigger=10,maxindex=0
D/UDP-TIMING(17001): 3787 0 -0.097453000
D/UDP-TIMING(17001): 3788 0 -0.107635000
D/UDP-TIMING(17001): 3789 0 -0.117819000
D/UDP-TIMING(17001): 3790 0 -0.098634000
D/UDP-TIMING(17001): 3791 0 -0.108822000
D/UDP-TIMING(17001): 3792 0 -0.119004000
D/UDP-TIMING(17001): 3793 0 -0.098873000
D/UDP-TIMING(17001): 3794 0 -0.109028000
D/UDP-TIMING(17001): 3795 0 -0.119214000
D/UDP-TIMING(17001): 3796 0 -0.099674000
D/UDP-TIMING(17001): 3797 0 -0.109829000
D/UDP-TIMING(17001): 3798 0 -0.120075000
D/UDP-TIMING(17001): 3799 0 -0.100364000
D/UDP-TIMING(17001): 3800 0 -0.110522000
D/UDP-TIMING(17001): 3801 0 -0.120710000
D/UDP-TIMING(17001): 3802 0 -0.100563000
D/UDP-TIMING(17001): 3803 0 -0.110719000
D/UDP-TIMING(17001): 3804 0 -0.120909000
D/UDP-TIMING(17001): 3805 0 -0.101524000
D/UDP-TIMING(17001): 3806 0 -0.111679000
D/UDP-TIMING(17001): 3807 0 -0.121777000
D/UDP-TIMING(17001): 3808 0 -0.101699000
D/UDP-TIMING(17001): 3809 0 -0.111886000
D/UDP-TIMING(17001): 3810 0 -0.122044000
D/UDP-TIMING(17001): 3811 0 -0.102535000
D/UDP-TIMING(17001): 3812 0 -0.112723000
D/UDP-TIMING(17001): 3813 0 -0.122909000
D/UDP-TIMING(17001): 3814 0 -0.102760000
D/UDP-TIMING(17001): 3815 0 -0.112916000
D/UDP-TIMING(17001): 3816 0 -0.123101000
D/UDP-TIMING(17001): 3817 0 -0.103589000
D/UDP-TIMING(17001): 3818 0 -0.113779000
D/UDP-TIMING(17001): 3819 0 -0.093635000
D/UDP-TIMING(17001): 3820 0 -0.103824000
D/UDP-TIMING(17001): 3821 0 -0.114012000
D/UDP-TIMING(17001): 3822 0 -0.094568000
D/UDP-TIMING(17001): 3823 0 -0.104756000
D/UDP-TIMING(17001): 3824 0 -0.114943000
D/UDP-TIMING(17001): 3825 0 -0.094882000
D/UDP-TIMING(17001): 3826 0 -0.105034000
D/UDP-TIMING(17001): 3827 0 -0.085499000
D/UDP-TIMING(17001): 3828 0 -0.095732000
D/UDP-TIMING(17001): 3829 0 -0.105893000
D/UDP-TIMING(17001): 3830 0 -0.085704000
D/UDP-TIMING(17001): 3831 0 -0.095859000
D/UDP-TIMING(17001): 3832 0 -0.106045000
D/UDP-TIMING(17001): 3833 0 -0.116233000
D/UDP-TIMING(17001): 3834 0 -0.096173000
D/UDP-TIMING(17001): 3835 0 -0.106330000
D/UDP-TIMING(17001): 3836 0 -0.116518000
D/UDP-TIMING(17001): 3837 0 -0.097447000
D/UDP-TIMING(17001): 3838 0 -0.107645000
D/UDP-TIMING(17001): 3839 0 -0.117841000
D/UDP-TIMING(17001): 3840 0 -0.097794000
D/UDP-TIMING(17001): 3841 0 -0.107989000
D/UDP-TIMING(17001): 3842 0 -0.088431000
D/UDP-TIMING(17001): 3843 0 -0.098597000
D/UDP-TIMING(17001): 3844 0 -0.108793000
D/UDP-TIMING(17001): 3845 0 -0.118990000
D/UDP-TIMING(17001): 3846 0 -0.098852000
D/UDP-TIMING(17001): 3847 0 -0.109045000
D/UDP-TIMING(17001): 3848 0 -0.119153000
D/UDP-TIMING(17001): 3849 0 -0.099717000
D/UDP-TIMING(17001): 3850 0 -0.109911000
D/UDP-TIMING(17001): 3851 0 -0.089650000
D/UDP-TIMING(17001): 3852 0 -0.099848000
D/UDP-TIMING(17001): 3853 0 -0.110042000
D/UDP-TIMING(17001): 3854 0 -0.120237000
D/UDP-TIMING(17001): 3855 0 -0.100867000
D/UDP-TIMING(17001): 3856 0 -0.111066000
D/UDP-TIMING(17001): 3857 0 -0.090898000
D/UDP-TIMING(17001): 3858 0 -0.101060000
D/UDP-TIMING(17001): 3859 0 -0.111257000
D/UDP-TIMING(17001): 3860 0 -0.121454000
D/UDP-TIMING(17001): 3861 0 -0.101954000
D/UDP-TIMING(17001): 3862 0 -0.112155000
D/UDP-TIMING(17001): 3863 0 -0.122319000
D/UDP-TIMING(17001): 3864 0 -0.102239000
D/UDP-TIMING(17001): 3865 0 -0.112447000
D/UDP-TIMING(17001): 3866 0 -0.122644000
D/UDP-TIMING(17001): 3867 0 -0.103024000
D/UDP-TIMING(17001): 3868 0 -0.113258000
D/UDP-TIMING(17001): 3869 0 -0.123456000
D/UDP-TIMING(17001): 3870 0 -0.103453000
D/UDP-TIMING(17001): 3871 0 -0.113619000
D/UDP-TIMING(17001): 3872 0 -0.094159000
D/UDP-TIMING(17001): 3873 0 -0.104328000
