D/UDP-TIMING(17001): 4976 0 -0.094304000
D/UDP-TIMING(17001): 4977 0 -0.104502000
D/UDP-TIMING(17001): 4978 0 -0.114696000
D/UDP-TIMING(17001): 4979 0 -0.095170000
D/UDP-TIMING(17001): 4980 0 -0.105365000
D/UDP-TIMING(17001): 4981 0 -0.115533000
D/UDP-TIMING(17001): 4982 0 -0.095519000
D/UDP-TIMING(17001): 4983 0 -0.105720000
E/TrafficStats( 1673): [QCTMM]tryAll index=0
E/TrafficStats( 1673): [QCTMM]tryAll index=1
E/TrafficStats( 1673): [QCTMM]tryAll index=2
D/UDP-TIMING(17001): 4984 0 -0.085633000
D/UDP-TIMING(17001): 4985 0 -0.095832000
D/UDP-TIMING(17001): 4986 0 -0.106029000
D/UDP-TIMING(17001): 4987 0 -0.116206000
E/TrafficStats( 1673): [QCTMM]tryAll index=0
E/TrafficStats( 1673): [QCTMM]tryAll index=1
E/TrafficStats( 1673): [QCTMM]tryAll index=2
D/DATA    ( 1860): sentSinceLastRecv=0,watchdogTrigger=10,maxindex=0
D/UDP-TIMING(17001): 4988 0 -0.096095000
D/UDP-TIMING(17001): 4989 0 -0.106263000
D/UDP-TIMING(17001): 4990 0 -0.116463000
D/UDP-TIMING(17001): 4991 0 -0.097545000
D/UDP-TIMING(17001): 4992 0 -0.107741000
D/UDP-TIMING(17001): 4993 0 -0.117934000
D/UDP-TIMING(17001): 4994 0 -0.097830000
D/UDP-TIMING(17001): 4995 0 -0.108027000
D/UDP-TIMING(17001): 4996 0 -0.118192000
D/UDP-TIMING(17001): 4997 0 -0.098724000
D/UDP-TIMING(17001): 4998 0 -0.108867000
D/UDP-TIMING(17001): 4999 0 -0.119032000
D/UDP-TIMING(17001): 5000 0 -0.098955000
D/UDP-TIMING(17001): 5001 0 -0.109149000
D/UDP-TIMING(17001): 5002 0 -0.119346000
D/UDP-TIMING(17001): 5003 0 -0.099786000
D/UDP-TIMING(17001): 5004 0 -0.109965000
D/UDP-TIMING(17001): 5005 0 -0.120131000
D/UDP-TIMING(17001): 5006 0 -0.100390000
D/UDP-TIMING(17001): 5007 0 -0.110586000
D/UDP-TIMING(17001): 5008 0 -0.120756000
D/UDP-TIMING(17001): 5009 0 -0.100740000
D/UDP-TIMING(17001): 5010 0 -0.110908000
D/UDP-TIMING(17001): 5011 0 -0.121103000
D/UDP-TIMING(17001): 5012 0 -0.101589000
D/UDP-TIMING(17001): 5013 0 -0.111741000
D/UDP-TIMING(17001): 5014 0 -0.121971000
D/UDP-TIMING(17001): 5015 0 -0.101856000
D/UDP-TIMING(17001): 5016 0 -0.112023000
D/UDP-TIMING(17001): 5017 0 -0.092004000
D/UDP-TIMING(17001): 5018 0 -0.102117000
D/UDP-TIMING(17001): 5019 0 -0.112314000
D/UDP-TIMING(17001): 5020 0 -0.122512000
D/UDP-TIMING(17001): 5021 0 -0.102954000
D/UDP-TIMING(17001): 5022 0 -0.113153000
D/UDP-TIMING(17001): 5023 0 -0.093627000
D/UDP-TIMING(17001): 5024 0 -0.103827000
D/UDP-TIMING(17001): 5025 0 -0.114025000
D/UDP-TIMING(17001): 5026 0 -0.093921000
D/UDP-TIMING(17001): 5027 0 -0.104124000
D/UDP-TIMING(17001): 5028 0 -0.114322000
D/UDP-TIMING(17001): 5029 0 -0.094826000
D/UDP-TIMING(17001): 5030 0 -0.105024000
D/UDP-TIMING(17001): 5031 0 -0.115227000
D/UDP-TIMING(17001): 5032 0 -0.095099000
D/UDP-TIMING(17001): 5033 0 -0.105277000
D/UDP-TIMING(17001): 5034 0 -0.115383000
D/UDP-TIMING(17001): 5035 0 -0.095976000
D/UDP-TIMING(17001): 5036 0 -0.106144000
D/UDP-TIMING(17001): 5037 0 -0.116285000
D/UDP-TIMING(17001): 5038 0 -0.096484000
D/UDP-TIMING(17001): 5039 0 -0.106680000
D/UDP-TIMING(17001): 5040 0 -0.116857000
D/UDP-TIMING(17001): 5041 0 -0.097023000
D/UDP-TIMING(17001): 5042 0 -0.107250000
D/UDP-TIMING(17001): 5043 0 -0.117448000
D/UDP-TIMING(17001): 5044 0 -0.097706000
D/UDP-TIMING(17001): 5045 0 -0.107900000
D/UDP-TIMING(17001): 5046 0 -0.118070000
D/UDP-TIMING(17001): 5047 0 -0.097901000
D/UDP-TIMING(17001): 5048 0 -0.108097000
D/UDP-TIMING(17001): 5049 0 -0.118293000
D/UDP-TIMING(17001): 5050 0 -0.098896000
D/UDP-TIMING(17001): 5051 0 -0.109090000
D/UDP-TIMING(17001): 5052 0 -0.119256000
D/UDP-TIMING(17001): 5053 0 -0.099114000
D/UDP-TIMING(17001): 5054 0 -0.109280000
D/UDP-TIMING(17001): 5055 0 -0.119475000
D/UDP-TIMING(17001): 5056 0 -0.100069000
D/UDP-TIMING(17001): 5057 0 -0.110211000
D/UDP-TIMING(17001): 5058 0 -0.120372000
D/UDP-TIMING(17001): 5059 0 -0.100264000
D/UDP-TIMING(17001): 5060 0 -0.110460000
D/UDP-TIMING(17001): 5061 0 -0.120667000
D/UDP-TIMING(17001): 5062 0 -0.101201000
D/UDP-TIMING(17001): 5063 0 -0.111398000
D/UDP-TIMING(17001): 5064 0 -0.121596000
D/UDP-TIMING(17001): 5065 0 -0.101416000
D/UDP-TIMING(17001): 5066 0 -0.111667000
D/UDP-TIMING(17001): 5067 0 -0.121840000
D/UDP-TIMING(17001): 5068 0 -0.102437000
D/UDP-TIMING(17001): 5069 0 -0.112604000
D/UDP-TIMING(17001): 5070 0 -0.122770000
D/UDP-TIMING(17001): 5071 0 -0.102727000
D/UDP-TIMING(17001): 5072 0 -0.112926000
D/UDP-TIMING(17001): 5073 0 -0.123124000
D/UDP-TIMING(17001): 5074 0 -0.103661000
D/UDP-TIMING(17001): 5075 0 -0.113814000
D/UDP-TIMING(17001): 5076 0 -0.093651000
D/UDP-TIMING(17001): 5077 0 -0.103850000
D/UDP-TIMING(17001): 5078 0 -0.114050000
D/UDP-TIMING(17001): 5079 0 -0.094248000
D/UDP-TIMING(17001): 5080 0 -0.104420000
D/UDP-TIMING(17001): 5081 0 -0.114617000
D/UDP-TIMING(17001): 5082 0 -0.095183000
D/UDP-TIMING(17001): 5083 0 -0.105351000
D/UDP-TIMING(17001): 5084 0 -0.115544000
E/TrafficStats( 1673): [QCTMM]tryAll index=0
E/TrafficStats( 1673): [QCTMM]tryAll index=1
D/UDP-TIMING(17001): 5085 0 -0.095395000
D/UDP-TIMING(17001): 5086 0 -0.105593000
D/UDP-TIMING(17001): 5087 0 -0.115791000
E/TrafficStats( 1673): [QCTMM]tryAll index=2
E/TrafficStats( 1673): [QCTMM]tryAll index=0
E/TrafficStats( 1673): [QCTMM]tryAll index=1
E/TrafficStats( 1673): [QCTMM]tryAll index=2
D/DATA    ( 1860): sentSinceLastRecv=0,watchdogTrigger=10,maxindex=0
D/UDP-TIMING(17001): 5088 0 -0.095846000
D/UDP-TIMING(17001): 5089 0 -0.106017000
D/UDP-TIMING(17001): 5090 0 -0.116215000
D/UDP-TIMING(17001): 5091 0 -0.096659000
D/UDP-TIMING(17001): 5092 0 -0.106825000
D/UDP-TIMING(17001): 5093 0 -0.117060000
D/UDP-TIMING(17001): 5094 0 -0.097502000
D/UDP-TIMING(17001): 5095 0 -0.107694000
D/UDP-TIMING(17001): 5096 0 -0.117890000
D/UDP-TIMING(17001): 5097 0 -0.097844000
D/UDP-TIMING(17001): 5098 0 -0.108041000
D/UDP-TIMING(17001): 5099 0 -0.118239000
D/UDP-TIMING(17001): 5100 0 -0.098682000
D/UDP-TIMING(17001): 5101 0 -0.108880000
D/UDP-TIMING(17001): 5102 0 -0.119048000
D/UDP-TIMING(17001): 5103 0 -0.099062000
D/UDP-TIMING(17001): 5104 0 -0.109237000
D/UDP-TIMING(17001): 5105 0 -0.119429000
D/UDP-TIMING(17001): 5106 0 -0.099867000
D/UDP-TIMING(17001): 5107 0 -0.110063000
D/UDP-TIMING(17001): 5108 0 -0.120260000
D/UDP-TIMING(17001): 5109 0 -0.100128000
D/UDP-TIMING(17001): 5110 0 -0.110322000
D/UDP-TIMING(17001): 5111 0 -0.120516000
D/UDP-TIMING(17001): 5112 0 -0.101415000
D/UDP-TIMING(17001): 5113 0 -0.111630000
D/UDP-TIMING(17001): 5114 0 -0.121824000
D/UDP-TIMING(17001): 5115 0 -0.101632000
D/UDP-TIMING(17001): 5116 0 -0.111830000
D/UDP-TIMING(17001): 5117 0 -0.122070000
D/UDP-TIMING(17001): 5118 0 -0.101996000
D/UDP-TIMING(17001): 5119 0 -0.112197000
D/UDP-TIMING(17001): 5120 0 -0.122301000
D/UDP-TIMING(17001): 5121 0 -0.102805000
D/UDP-TIMING(17001): 5122 0 -0.113004000
D/UDP-TIMING(17001): 5123 0 -0.123201000
D/UDP-TIMING(17001): 5124 0 -0.103152000
D/UDP-TIMING(17001): 5125 0 -0.113359000
D/UDP-TIMING(17001): 5126 0 -0.093801000
D/UDP-TIMING(17001): 5127 0 -0.104000000
D/UDP-TIMING(17001): 5128 0 -0.114173000
D/UDP-TIMING(17001): 5129 0 -0.094039000
D/UDP-TIMING(17001): 5130 0 -0.104208000
D/UDP-TIMING(17001): 5131 0 -0.114405000
D/UDP-TIMING(17001): 5132 0 -0.095030000
D/UDP-TIMING(17001): 5133 0 -0.105237000
D/UDP-TIMING(17001): 5134 0 -0.115476000
D/UDP-TIMING(17001): 5135 0 -0.095371000
D/UDP-TIMING(17001): 5136 0 -0.105573000
D/UDP-TIMING(17001): 5137 0 -0.115751000
D/UDP-TIMING(17001): 5138 0 -0.096223000
D/UDP-TIMING(17001): 5139 0 -0.106417000
D/UDP-TIMING(17001): 5140 0 -0.116620000
D/UDP-TIMING(17001): 5141 0 -0.096571000
D/UDP-TIMING(17001): 5142 0 -0.106770000
D/UDP-TIMING(17001): 5143 0 -0.116933000
D/StatusBarPolicy( 1816): iconIndex=1
V/StatusBarPolicy( 1816): cdmaLevel:3;max:4
D/UDP-TIMING(17001): 5144 0 -0.097318000
D/UDP-TIMING(17001): 5145 0 -0.107518000
D/UDP-TIMING(17001): 5146 0 -0.117682000
D/StatusBarPolicy( 1816): iconLevel:3
I/PhoneInfo( 2188): getCdmaLevel - cdmaDbm: -73 cdmaEcio:-90
D/UDP-TIMING(17001): 5147 0 -0.097667000
D/UDP-TIMING(17001): 5148 0 -0.107860000
D/UDP-TIMING(17001): 5149 0 -0.118053000
I/PhoneInfo( 2188): getEvdoLevel - evdoDbm: -120 evdoSnr:-1 evdoEcio:-1
I/PhoneInfo( 2188): getLteLevel - lteRsrp: -1 lteCqi:-1
D/UDP-TIMING(17001): 5150 0 -0.098909000
D/UDP-TIMING(17001): 5151 0 -0.109105000
D/UDP-TIMING(17001): 5152 0 -0.119304000
D/UDP-TIMING(17001): 5153 0 -0.099712000
D/UDP-TIMING(17001): 5154 0 -0.109856000
D/UDP-TIMING(17001): 5155 0 -0.089875000
D/UDP-TIMING(17001): 5156 0 -0.100070000
D/UDP-TIMING(17001): 5157 0 -0.110266000
D/UDP-TIMING(17001): 5158 0 -0.120463000
D/UDP-TIMING(17001): 5159 0 -0.100448000
D/UDP-TIMING(17001): 5160 0 -0.110643000
D/UDP-TIMING(17001): 5161 0 -0.120809000
D/UDP-TIMING(17001): 5162 0 -0.100613000
D/UDP-TIMING(17001): 5163 0 -0.110809000
D/UDP-TIMING(17001): 5164 0 -0.091252000
D/UDP-TIMING(17001): 5165 0 -0.101461000
D/UDP-TIMING(17001): 5166 0 -0.111609000
D/UDP-TIMING(17001): 5167 0 -0.121815000
D/UDP-TIMING(17001): 5168 0 -0.101752000
D/UDP-TIMING(17001): 5169 0 -0.111921000
D/UDP-TIMING(17001): 5170 0 -0.122058000
D/UDP-TIMING(17001): 5171 0 -0.102652000
D/UDP-TIMING(17001): 5172 0 -0.112857000
D/UDP-TIMING(17001): 5173 0 -0.092659000
D/UDP-TIMING(17001): 5174 0 -0.102824000
D/UDP-TIMING(17001): 5175 0 -0.113058000
D/UDP-TIMING(17001): 5176 0 -0.123259000
D/UDP-TIMING(17001): 5177 0 -0.103917000
D/UDP-TIMING(17001): 5178 0 -0.114085000
D/UDP-TIMING(17001): 5179 0 -0.093704000
D/UDP-TIMING(17001): 5180 0 -0.103906000
D/UDP-TIMING(17001): 5181 0 -0.114074000
D/UDP-TIMING(17001): 5182 0 -0.094792000
D/UDP-TIMING(17001): 5183 0 -0.104989000
D/UDP-TIMING(17001): 5184 0 -0.115187000
E/TrafficStats( 1673): [QCTMM]tryAll index=0
E/TrafficStats( 1673): [QCTMM]tryAll index=1
D/UDP-TIMING(17001): 5185 0 -0.094960000
D/UDP-TIMING(17001): 5186 0 -0.105156000
D/UDP-TIMING(17001): 5187 0 -0.115354000
E/TrafficStats( 1673): [QCTMM]tryAll index=2
E/TrafficStats( 1673): [QCTMM]tryAll index=0
E/TrafficStats( 1673): [QCTMM]tryAll index=1
E/TrafficStats( 1673): [QCTMM]tryAll index=2
D/DATA    ( 1860): sentSinceLastRecv=0,watchdogTrigger=10,maxindex=0
D/UDP-TIMING(17001): 5188 0 -0.095519000
D/UDP-TIMING(17001): 5189 0 -0.105681000
D/UDP-TIMING(17001): 5190 0 -0.115873000
D/UDP-TIMING(17001): 5191 0 -0.096547000
D/UDP-TIMING(17001): 5192 0 -0.106702000
D/UDP-TIMING(17001): 5193 0 -0.116882000
D/UDP-TIMING(17001): 5194 0 -0.096703000
D/UDP-TIMING(17001): 5195 0 -0.106897000
D/UDP-TIMING(17001): 5196 0 -0.117050000
D/UDP-TIMING(17001): 5197 0 -0.097634000
D/UDP-TIMING(17001): 5198 0 -0.107819000
D/UDP-TIMING(17001): 5199 0 -0.118013000
D/UDP-TIMING(17001): 5200 0 -0.097953000
D/UDP-TIMING(17001): 5201 0 -0.108138000
D/UDP-TIMING(17001): 5202 0 -0.118378000
D/UDP-TIMING(17001): 5203 0 -0.098837000
D/UDP-TIMING(17001): 5204 0 -0.109030000
D/UDP-TIMING(17001): 5205 0 -0.119216000
D/UDP-TIMING(17001): 5206 0 -0.099125000
D/UDP-TIMING(17001): 5207 0 -0.109282000
D/UDP-TIMING(17001): 5208 0 -0.119468000
D/UDP-TIMING(17001): 5209 0 -0.099683000
D/UDP-TIMING(17001): 5210 0 -0.109841000
D/UDP-TIMING(17001): 5211 0 -0.120027000
D/UDP-TIMING(17001): 5212 0 -0.100247000
D/UDP-TIMING(17001): 5213 0 -0.110441000
D/UDP-TIMING(17001): 5214 0 -0.120627000
D/UDP-TIMING(17001): 5215 0 -0.101028000
D/UDP-TIMING(17001): 5216 0 -0.111214000
D/UDP-TIMING(17001): 5217 0 -0.121381000
D/UDP-TIMING(17001): 5218 0 -0.101325000
D/UDP-TIMING(17001): 5219 0 -0.111511000
D/UDP-TIMING(17001): 5220 0 -0.121683000
D/UDP-TIMING(17001): 5221 0 -0.102156000
D/UDP-TIMING(17001): 5222 0 -0.112343000
D/UDP-TIMING(17001): 5223 0 -0.122509000
D/UDP-TIMING(17001): 5224 0 -0.102402000
D/UDP-TIMING(17001): 5225 0 -0.112557000
D/UDP-TIMING(17001): 5226 0 -0.122752000
D/UDP-TIMING(17001): 5227 0 -0.103278000
D/UDP-TIMING(17001): 5228 0 -0.113467000
D/UDP-TIMING(17001): 5229 0 -0.123625000
D/UDP-TIMING(17001): 5230 0 -0.103969000
D/UDP-TIMING(17001): 5231 0 -0.114156000
D/UDP-TIMING(17001): 5232 0 -0.094039000
D/UDP-TIMING(17001): 5233 0 -0.104224000
D/UDP-TIMING(17001): 5234 0 -0.114413000
D/UDP-TIMING(17001): 5235 0 -0.094914000
D/UDP-TIMING(17001): 5236 0 -0.105081000
D/UDP-TIMING(17001): 5237 0 -0.115266000
D/UDP-TIMING(17001): 5238 0 -0.095197000
D/UDP-TIMING(17001): 5239 0 -0.105394000
D/UDP-TIMING(17001): 5240 0 -0.115601000
D/UDP-TIMING(17001): 5241 0 -0.096007000
D/UDP-TIMING(17001): 5242 0 -0.106201000
D/UDP-TIMING(17001): 5243 0 -0.116397000
E/TrafficStats(16531): [QCTMM]tryAll index=0
E/TrafficStats(16531): [QCTMM]tryAll index=1
E/TrafficStats(16531): [QCTMM]tryAll index=2
D/UDP-TIMING(17001): 5244 0 -0.095895000
D/UDP-TIMING(17001): 5245 0 -0.106089000
D/UDP-TIMING(17001): 5246 0 -0.116290000
E/TrafficStats(16531): [QCTMM]tryAll index=0
E/TrafficStats(16531): [QCTMM]tryAll index=1
E/TrafficStats(16531): [QCTMM]tryAll index=2
E/TrafficStats(16531): [QCTMM]tryAll index=0
E/TrafficStats(16531): [QCTMM]tryAll index=1
E/TrafficStats(16531): [QCTMM]tryAll index=2
D/UDP-TIMING(17001): 5247 0 -0.096729000
D/UDP-TIMING(17001): 5248 0 -0.106924000
D/UDP-TIMING(17001): 5249 0 -0.117117000
E/TrafficStats(16531): [QCTMM]tryAll index=0
E/TrafficStats(16531): [QCTMM]tryAll index=1
E/TrafficStats(16531): [QCTMM]tryAll index=2
D/UDP-TIMING(17001): 5250 0 -0.097436000
D/UDP-TIMING(17001): 5251 0 -0.107588000
D/UDP-TIMING(17001): 5252 0 -0.117787000
D/UDP-TIMING(17001): 5253 0 -0.098261000
D/UDP-TIMING(17001): 5254 0 -0.108458000
D/UDP-TIMING(17001): 5255 0 -0.118622000
D/UDP-TIMING(17001): 5256 0 -0.098486000
D/UDP-TIMING(17001): 5257 0 -0.108682000
D/UDP-TIMING(17001): 5258 0 -0.118847000
D/UDP-TIMING(17001): 5259 0 -0.099993000
D/UDP-TIMING(17001): 5260 0 -0.110187000
D/UDP-TIMING(17001): 5261 0 -0.120366000
D/UDP-TIMING(17001): 5262 0 -0.100476000
D/UDP-TIMING(17001): 5263 0 -0.110672000
D/UDP-TIMING(17001): 5264 0 -0.120868000
D/UDP-TIMING(17001): 5265 0 -0.101157000
D/UDP-TIMING(17001): 5266 0 -0.111352000
D/UDP-TIMING(17001): 5267 0 -0.121548000
D/dalvikvm( 1673): GC_CONCURRENT freed 1921K, 33% free 10177K/15047K, external 2541K/3173K, paused 12ms+7ms
D/UDP-TIMING(17001): 5268 0 -0.101825000
D/UDP-TIMING(17001): 5269 0 -0.112020000
D/UDP-TIMING(17001): 5270 0 -0.122218000
D/UDP-TIMING(17001): 5271 0 -0.102203000
D/UDP-TIMING(17001): 5272 0 -0.112373000
D/UDP-TIMING(17001): 5273 0 -0.122558000
D/UDP-TIMING(17001): 5274 0 -0.102975000
D/UDP-TIMING(17001): 5275 0 -0.113171000
D/UDP-TIMING(17001): 5276 0 -0.092532000
D/UDP-TIMING(17001): 5277 0 -0.101995000
D/UDP-TIMING(17001): 5278 0 -0.112164000
D/UDP-TIMING(17001): 5279 0 -0.122364000
D/UDP-TIMING(17001): 5280 0 -0.103358000
D/UDP-TIMING(17001): 5281 0 -0.113555000
D/UDP-TIMING(17001): 5282 0 -0.093547000
D/UDP-TIMING(17001): 5283 0 -0.103730000
D/UDP-TIMING(17001): 5284 0 -0.113903000
E/TrafficStats( 1673): [QCTMM]tryAll index=0
D/UDP-TIMING(17001): 5285 0 -0.094171000
D/UDP-TIMING(17001): 5286 0 -0.104392000
D/UDP-TIMING(17001): 5287 0 -0.114560000
E/TrafficStats( 1673): [QCTMM]tryAll index=1
E/TrafficStats( 1673): [QCTMM]tryAll index=2
E/TrafficStats( 1673): [QCTMM]tryAll index=0
E/TrafficStats( 1673): [QCTMM]tryAll index=1
E/TrafficStats( 1673): [QCTMM]tryAll index=2
D/DATA    ( 1860): sentSinceLastRecv=0,watchdogTrigger=10,maxindex=0
D/UDP-TIMING(17001): 5288 0 -0.094529000
D/UDP-TIMING(17001): 5289 0 -0.104732000
D/UDP-TIMING(17001): 5290 0 -0.114928000
D/UDP-TIMING(17001): 5291 0 -0.095813000
D/UDP-TIMING(17001): 5292 0 -0.105974000
D/UDP-TIMING(17001): 5293 0 -0.116155000
D/UDP-TIMING(17001): 5294 0 -0.096069000
D/UDP-TIMING(17001): 5295 0 -0.106254000
D/UDP-TIMING(17001): 5296 0 -0.116442000
D/UDP-TIMING(17001): 5297 0 -0.096936000
D/UDP-TIMING(17001): 5298 0 -0.107125000
D/UDP-TIMING(17001): 5299 0 -0.117310000
D/UDP-TIMING(17001): 5300 0 -0.097195000
D/UDP-TIMING(17001): 5301 0 -0.107375000
D/UDP-TIMING(17001): 5302 0 -0.087695000
D/UDP-TIMING(17001): 5303 0 -0.097881000
D/UDP-TIMING(17001): 5304 0 -0.108043000
D/UDP-TIMING(17001): 5305 0 -0.088413000
D/UDP-TIMING(17001): 5306 0 -0.098599000
D/UDP-TIMING(17001): 5307 0 -0.108784000
D/UDP-TIMING(17001): 5308 0 -0.118972000
D/UDP-TIMING(17001): 5309 0 -0.098884000
D/UDP-TIMING(17001): 5310 0 -0.109042000
D/UDP-TIMING(17001): 5311 0 -0.119234000
D/UDP-TIMING(17001): 5312 0 -0.099726000
D/UDP-TIMING(17001): 5313 0 -0.109880000
D/UDP-TIMING(17001): 5314 0 -0.120066000
D/UDP-TIMING(17001): 5315 0 -0.099948000
D/UDP-TIMING(17001): 5316 0 -0.110136000
D/UDP-TIMING(17001): 5317 0 -0.120289000
D/UDP-TIMING(17001): 5318 0 -0.100845000
D/UDP-TIMING(17001): 5319 0 -0.111032000
D/UDP-TIMING(17001): 5320 0 -0.121220000
D/Database(16531): dbopen(): path = /data/data/com.onavo.android.onavoid/databases/ui_events, flag = 6, file size = 14043136
D/Database(16531): dbopen(): path = /data/data/com.onavo.android.onavoid/databases/ui_events, mode: wal, disk free size: 2000 M, handle: 0x378018
D/UDP-TIMING(17001): 5321 0 -0.101700000
D/UDP-TIMING(17001): 5322 0 -0.111887000
D/Database(16531): dbclose(): path = /data/data/com.onavo.android.onavoid/databases/ui_events, handle = 0x378018
D/UDP-TIMING(17001): 5323 0 -0.092166000
D/UDP-TIMING(17001): 5324 0 -0.102270000
D/UDP-TIMING(17001): 5325 0 -0.112367000
D/UDP-TIMING(17001): 5326 0 -0.122599000
D/dalvikvm(16531): GC_CONCURRENT freed 398K, 51% free 3297K/6599K, external 0K/0K, paused 8ms+2ms
D/UDP-TIMING(17001): 5327 0 -0.102883000
D/UDP-TIMING(17001): 5328 0 -0.113066000
D/UDP-TIMING(17001): 5329 0 -0.123251000
D/UDP-TIMING(17001): 5330 0 -0.103307000
D/UDP-TIMING(17001): 5331 0 -0.113493000
D/UDP-TIMING(17001): 5332 0 -0.093410000
D/UDP-TIMING(17001): 5333 0 -0.103603000
D/UDP-TIMING(17001): 5334 0 -0.113791000
D/UDP-TIMING(17001): 5335 0 -0.093949000
D/UDP-TIMING(17001): 5336 0 -0.104100000
D/UDP-TIMING(17001): 5337 0 -0.114293000
D/UDP-TIMING(17001): 5338 0 -0.094244000
D/UDP-TIMING(17001): 5339 0 -0.104432000
D/UDP-TIMING(17001): 5340 0 -0.114599000
D/UDP-TIMING(17001): 5341 0 -0.095034000
D/UDP-TIMING(17001): 5342 0 -0.105221000
D/UDP-TIMING(17001): 5343 0 -0.115403000
D/UDP-TIMING(17001): 5344 0 -0.095625000
D/UDP-TIMING(17001): 5345 0 -0.105809000
D/UDP-TIMING(17001): 5346 0 -0.115571000
D/UDP-TIMING(17001): 5347 0 -0.095880000
D/UDP-TIMING(17001): 5348 0 -0.106033000
D/UDP-TIMING(17001): 5349 0 -0.116219000
D/UDP-TIMING(17001): 5350 0 -0.096743000
D/UDP-TIMING(17001): 5351 0 -0.106902000
D/UDP-TIMING(17001): 5352 0 -0.117089000
D/UDP-TIMING(17001): 5353 0 -0.097002000
D/UDP-TIMING(17001): 5354 0 -0.107188000
D/UDP-TIMING(17001): 5355 0 -0.117343000
D/UDP-TIMING(17001): 5356 0 -0.097894000
D/UDP-TIMING(17001): 5357 0 -0.108051000
D/UDP-TIMING(17001): 5358 0 -0.118235000
D/UDP-TIMING(17001): 5359 0 -0.098150000
D/UDP-TIMING(17001): 5360 0 -0.108335000
D/UDP-TIMING(17001): 5361 0 -0.088795000
D/UDP-TIMING(17001): 5362 0 -0.098982000
D/UDP-TIMING(17001): 5363 0 -0.109165000
D/UDP-TIMING(17001): 5364 0 -0.119353000
D/UDP-TIMING(17001): 5365 0 -0.099232000
D/UDP-TIMING(17001): 5366 0 -0.109420000
D/UDP-TIMING(17001): 5367 0 -0.119576000
D/UDP-TIMING(17001): 5368 0 -0.100129000
D/UDP-TIMING(17001): 5369 0 -0.110315000
D/UDP-TIMING(17001): 5370 0 -0.120501000
D/UDP-TIMING(17001): 5371 0 -0.100287000
D/UDP-TIMING(17001): 5372 0 -0.110481000
D/UDP-TIMING(17001): 5373 0 -0.120666000
D/UDP-TIMING(17001): 5374 0 -0.101129000
D/UDP-TIMING(17001): 5375 0 -0.111283000
D/UDP-TIMING(17001): 5376 0 -0.121470000
D/UDP-TIMING(17001): 5377 0 -0.101401000
D/UDP-TIMING(17001): 5378 0 -0.111561000
D/UDP-TIMING(17001): 5379 0 -0.121726000
D/UDP-TIMING(17001): 5380 0 -0.102224000
D/UDP-TIMING(17001): 5381 0 -0.112410000
D/UDP-TIMING(17001): 5382 0 -0.122595000
D/UDP-TIMING(17001): 5383 0 -0.102849000
D/UDP-TIMING(17001): 5384 0 -0.113006000
E/TrafficStats( 1673): [QCTMM]tryAll index=0
E/TrafficStats( 1673): [QCTMM]tryAll index=1
E/TrafficStats( 1673): [QCTMM]tryAll index=2
E/TrafficStats( 1673): [QCTMM]tryAll index=0
E/TrafficStats( 1673): [QCTMM]tryAll index=1
D/UDP-TIMING(17001): 5385 0 -0.092410000
D/UDP-TIMING(17001): 5386 0 -0.102578000
D/UDP-TIMING(17001): 5387 0 -0.112766000
D/UDP-TIMING(17001): 5388 0 -0.122956000
E/TrafficStats( 1673): [QCTMM]tryAll index=2
D/DATA    ( 1860): sentSinceLastRecv=0,watchdogTrigger=10,maxindex=0
D/UDP-TIMING(17001): 5389 0 -0.103544000
D/UDP-TIMING(17001): 5390 0 -0.113685000
D/UDP-TIMING(17001): 5391 0 -0.093901000
D/UDP-TIMING(17001): 5392 0 -0.104087000
D/UDP-TIMING(17001): 5393 0 -0.114279000
D/UDP-TIMING(17001): 5394 0 -0.094836000
D/UDP-TIMING(17001): 5395 0 -0.104990000
D/UDP-TIMING(17001): 5396 0 -0.115175000
D/UDP-TIMING(17001): 5397 0 -0.095118000
D/UDP-TIMING(17001): 5398 0 -0.105274000
D/UDP-TIMING(17001): 5399 0 -0.115468000
D/UDP-TIMING(17001): 5400 0 -0.095899000
D/UDP-TIMING(17001): 5401 0 -0.106088000
D/UDP-TIMING(17001): 5402 0 -0.116274000
D/UDP-TIMING(17001): 5403 0 -0.096127000
D/UDP-TIMING(17001): 5404 0 -0.106310000
D/UDP-TIMING(17001): 5405 0 -0.116473000
D/UDP-TIMING(17001): 5406 0 -0.096904000
D/UDP-TIMING(17001): 5407 0 -0.107087000
D/UDP-TIMING(17001): 5408 0 -0.117282000
D/UDP-TIMING(17001): 5409 0 -0.097267000
D/UDP-TIMING(17001): 5410 0 -0.107467000
D/UDP-TIMING(17001): 5411 0 -0.117632000
D/UDP-TIMING(17001): 5412 0 -0.098223000
D/UDP-TIMING(17001): 5413 0 -0.108422000
D/UDP-TIMING(17001): 5414 0 -0.118617000
D/UDP-TIMING(17001): 5415 0 -0.098815000
D/UDP-TIMING(17001): 5416 0 -0.109017000
D/UDP-TIMING(17001): 5417 0 -0.119181000
D/UDP-TIMING(17001): 5418 0 -0.099411000
D/UDP-TIMING(17001): 5419 0 -0.109603000
D/UDP-TIMING(17001): 5420 0 -0.119800000
D/UDP-TIMING(17001): 5421 0 -0.099998000
D/UDP-TIMING(17001): 5422 0 -0.110194000
D/UDP-TIMING(17001): 5423 0 -0.120359000
D/UDP-TIMING(17001): 5424 0 -0.100140000
D/UDP-TIMING(17001): 5425 0 -0.110348000
D/UDP-TIMING(17001): 5426 0 -0.120548000
D/UDP-TIMING(17001): 5427 0 -0.101209000
D/UDP-TIMING(17001): 5428 0 -0.111406000
D/UDP-TIMING(17001): 5429 0 -0.121603000
D/UDP-TIMING(17001): 5430 0 -0.101532000
D/UDP-TIMING(17001): 5431 0 -0.111699000
D/UDP-TIMING(17001): 5432 0 -0.121896000
D/UDP-TIMING(17001): 5433 0 -0.102378000
D/UDP-TIMING(17001): 5434 0 -0.112573000
D/UDP-TIMING(17001): 5435 0 -0.092455000
D/UDP-TIMING(17001): 5436 0 -0.102648000
D/UDP-TIMING(17001): 5437 0 -0.112846000
D/UDP-TIMING(17001): 5438 0 -0.093260000
D/UDP-TIMING(17001): 5439 0 -0.103460000
D/UDP-TIMING(17001): 5440 0 -0.113658000
D/UDP-TIMING(17001): 5441 0 -0.123030000
D/UDP-TIMING(17001): 5442 0 -0.103900000
D/UDP-TIMING(17001): 5443 0 -0.114104000
D/UDP-TIMING(17001): 5444 0 -0.094519000
D/UDP-TIMING(17001): 5445 0 -0.104718000
D/UDP-TIMING(17001): 5446 0 -0.114917000
D/UDP-TIMING(17001): 5447 0 -0.094842000
D/UDP-TIMING(17001): 5448 0 -0.105011000
D/UDP-TIMING(17001): 5449 0 -0.115107000
D/UDP-TIMING(17001): 5450 0 -0.095553000
D/UDP-TIMING(17001): 5451 0 -0.105749000
D/UDP-TIMING(17001): 5452 0 -0.115957000
D/UDP-TIMING(17001): 5453 0 -0.096187000
D/UDP-TIMING(17001): 5454 0 -0.106355000
D/UDP-TIMING(17001): 5455 0 -0.116554000
D/UDP-TIMING(17001): 5456 0 -0.096539000
D/UDP-TIMING(17001): 5457 0 -0.106736000
D/UDP-TIMING(17001): 5458 0 -0.116904000
D/UDP-TIMING(17001): 5459 0 -0.097415000
D/UDP-TIMING(17001): 5460 0 -0.107613000
D/UDP-TIMING(17001): 5461 0 -0.117780000
D/UDP-TIMING(17001): 5462 0 -0.097674000
D/UDP-TIMING(17001): 5463 0 -0.107869000
D/UDP-TIMING(17001): 5464 0 -0.118067000
D/UDP-TIMING(17001): 5465 0 -0.098599000
D/UDP-TIMING(17001): 5466 0 -0.108795000
D/UDP-TIMING(17001): 5467 0 -0.118962000
D/UDP-TIMING(17001): 5468 0 -0.098793000
D/UDP-TIMING(17001): 5469 0 -0.108997000
D/UDP-TIMING(17001): 5470 0 -0.119196000
D/UDP-TIMING(17001): 5471 0 -0.099789000
D/UDP-TIMING(17001): 5472 0 -0.109984000
D/UDP-TIMING(17001): 5473 0 -0.120150000
D/UDP-TIMING(17001): 5474 0 -0.100012000
D/UDP-TIMING(17001): 5475 0 -0.110204000
D/UDP-TIMING(17001): 5476 0 -0.120368000
D/UDP-TIMING(17001): 5477 0 -0.100931000
D/UDP-TIMING(17001): 5478 0 -0.111094000
D/UDP-TIMING(17001): 5479 0 -0.121287000
D/UDP-TIMING(17001): 5480 0 -0.101229000
D/UDP-TIMING(17001): 5481 0 -0.111427000
D/UDP-TIMING(17001): 5482 0 -0.121621000
D/UDP-TIMING(17001): 5483 0 -0.102012000
D/UDP-TIMING(17001): 5484 0 -0.112206000
D/UDP-TIMING(17001): 5485 0 -0.122408000
V/DeviceStorageMonitorService( 1673): freeMemory=2097885184
D/DeviceStorageMonitorService( 1673): OoO SMS Memory available. SMS_AVAILABLE_THRESHOLD == 524288
I/DeviceStorageMonitorService( 1673): Posting Message again
D/UDP-TIMING(17001): 5486 0 -0.101419000
D/UDP-TIMING(17001): 5487 0 -0.111615000
D/UDP-TIMING(17001): 5488 0 -0.121805000
E/TrafficStats( 1673): [QCTMM]tryAll index=0
E/TrafficStats( 1673): [QCTMM]tryAll index=1
E/TrafficStats( 1673): [QCTMM]tryAll index=2
E/TrafficStats( 1673): [QCTMM]tryAll index=0
E/TrafficStats( 1673): [QCTMM]tryAll index=1
E/TrafficStats( 1673): [QCTMM]tryAll index=2
D/DATA    ( 1860): sentSinceLastRecv=0,watchdogTrigger=10,maxindex=0
D/UDP-TIMING(17001): 5489 0 -0.102939000
D/UDP-TIMING(17001): 5490 0 -0.113046000
D/UDP-TIMING(17001): 5491 0 -0.093660000
D/UDP-TIMING(17001): 5492 0 -0.103849000
D/UDP-TIMING(17001): 5493 0 -0.114035000
D/UDP-TIMING(17001): 5494 0 -0.093890000
D/UDP-TIMING(17001): 5495 0 -0.104077000
D/UDP-TIMING(17001): 5496 0 -0.114264000
D/UDP-TIMING(17001): 5497 0 -0.124453000
D/UDP-TIMING(17001): 5498 0 -0.104981000
D/UDP-TIMING(17001): 5499 0 -0.115152000
D/UDP-TIMING(17001): 5500 0 -0.095080000
D/UDP-TIMING(17001): 5501 0 -0.105276000
D/UDP-TIMING(17001): 5502 0 -0.115473000
D/UDP-TIMING(17001): 5503 0 -0.095886000
D/UDP-TIMING(17001): 5504 0 -0.106080000
D/UDP-TIMING(17001): 5505 0 -0.116278000
D/UDP-TIMING(17001): 5506 0 -0.096262000
D/UDP-TIMING(17001): 5507 0 -0.106463000
D/UDP-TIMING(17001): 5508 0 -0.116659000
D/UDP-TIMING(17001): 5509 0 -0.097041000
D/UDP-TIMING(17001): 5510 0 -0.107240000
D/UDP-TIMING(17001): 5511 0 -0.117436000
D/UDP-TIMING(17001): 5512 0 -0.097451000
D/UDP-TIMING(17001): 5513 0 -0.107647000
D/UDP-TIMING(17001): 5514 0 -0.117846000
D/UDP-TIMING(17001): 5515 0 -0.098350000
D/UDP-TIMING(17001): 5516 0 -0.108551000
D/UDP-TIMING(17001): 5517 0 -0.118717000
D/UDP-TIMING(17001): 5518 0 -0.098519000
D/UDP-TIMING(17001): 5519 0 -0.108712000
D/UDP-TIMING(17001): 5520 0 -0.118879000
D/UDP-TIMING(17001): 5521 0 -0.099534000
D/UDP-TIMING(17001): 5522 0 -0.109732000
D/UDP-TIMING(17001): 5523 0 -0.119931000
D/UDP-TIMING(17001): 5524 0 -0.099852000
D/UDP-TIMING(17001): 5525 0 -0.110046000
D/UDP-TIMING(17001): 5526 0 -0.120242000
D/UDP-TIMING(17001): 5527 0 -0.100684000
D/UDP-TIMING(17001): 5528 0 -0.110887000
D/UDP-TIMING(17001): 5529 0 -0.121083000
D/UDP-TIMING(17001): 5530 0 -0.101342000
D/UDP-TIMING(17001): 5531 0 -0.111538000
D/UDP-TIMING(17001): 5532 0 -0.121704000
D/UDP-TIMING(17001): 5533 0 -0.101574000
D/UDP-TIMING(17001): 5534 0 -0.111770000
D/UDP-TIMING(17001): 5535 0 -0.121967000
D/UDP-TIMING(17001): 5536 0 -0.102562000
D/UDP-TIMING(17001): 5537 0 -0.112734000
D/UDP-TIMING(17001): 5538 0 -0.092632000
D/UDP-TIMING(17001): 5539 0 -0.102841000
D/UDP-TIMING(17001): 5540 0 -0.083333000
D/UDP-TIMING(17001): 5541 0 -0.093497000
D/UDP-TIMING(17001): 5542 0 -0.103698000
D/UDP-TIMING(17001): 5543 0 -0.113898000
D/UDP-TIMING(17001): 5544 0 -0.093856000
D/UDP-TIMING(17001): 5545 0 -0.104026000
D/UDP-TIMING(17001): 5546 0 -0.114222000
D/UDP-TIMING(17001): 5547 0 -0.094606000
D/UDP-TIMING(17001): 5548 0 -0.104802000
D/UDP-TIMING(17001): 5549 0 -0.115009000
D/UDP-TIMING(17001): 5550 0 -0.094967000
D/UDP-TIMING(17001): 5551 0 -0.105160000
D/UDP-TIMING(17001): 5552 0 -0.115365000
D/UDP-TIMING(17001): 5553 0 -0.095935000
D/UDP-TIMING(17001): 5554 0 -0.106103000
D/UDP-TIMING(17001): 5555 0 -0.116300000
D/UDP-TIMING(17001): 5556 0 -0.096224000
D/UDP-TIMING(17001): 5557 0 -0.106417000
D/UDP-TIMING(17001): 5558 0 -0.116591000
D/UDP-TIMING(17001): 5559 0 -0.097096000
D/UDP-TIMING(17001): 5560 0 -0.107301000
D/UDP-TIMING(17001): 5561 0 -0.117497000
D/UDP-TIMING(17001): 5562 0 -0.097330000
D/UDP-TIMING(17001): 5563 0 -0.107527000
D/UDP-TIMING(17001): 5564 0 -0.117725000
D/UDP-TIMING(17001): 5565 0 -0.098351000
D/UDP-TIMING(17001): 5566 0 -0.108549000
D/UDP-TIMING(17001): 5567 0 -0.088593000
D/UDP-TIMING(17001): 5568 0 -0.098791000
D/UDP-TIMING(17001): 5569 0 -0.108954000
D/UDP-TIMING(17001): 5570 0 -0.119151000
D/UDP-TIMING(17001): 5571 0 -0.099187000
D/UDP-TIMING(17001): 5572 0 -0.109324000
D/UDP-TIMING(17001): 5573 0 -0.119519000
D/UDP-TIMING(17001): 5574 0 -0.099989000
D/UDP-TIMING(17001): 5575 0 -0.110185000
D/UDP-TIMING(17001): 5576 0 -0.120346000
D/UDP-TIMING(17001): 5577 0 -0.100266000
D/UDP-TIMING(17001): 5578 0 -0.110462000
D/UDP-TIMING(17001): 5579 0 -0.090961000
D/UDP-TIMING(17001): 5580 0 -0.101157000
D/UDP-TIMING(17001): 5581 0 -0.111355000
D/UDP-TIMING(17001): 5582 0 -0.121553000
D/UDP-TIMING(17001): 5583 0 -0.101476000
D/UDP-TIMING(17001): 5584 0 -0.111672000
D/UDP-TIMING(17001): 5585 0 -0.121855000
D/UDP-TIMING(17001): 5586 0 -0.101997000
D/UDP-TIMING(17001): 5587 0 -0.112167000
D/UDP-TIMING(17001): 5588 0 -0.122266000
E/TrafficStats( 1673): [QCTMM]tryAll index=0
E/TrafficStats( 1673): [QCTMM]tryAll index=1
E/TrafficStats( 1673): [QCTMM]tryAll index=2
E/TrafficStats( 1673): [QCTMM]tryAll index=0
E/TrafficStats( 1673): [QCTMM]tryAll index=1
E/TrafficStats( 1673): [QCTMM]tryAll index=2
D/DATA    ( 1860): sentSinceLastRecv=0,watchdogTrigger=10,maxindex=0
D/UDP-TIMING(17001): 5589 0 -0.102416000
D/UDP-TIMING(17001): 5590 0 -0.112583000
D/UDP-TIMING(17001): 5591 0 -0.122777000
D/UDP-TIMING(17001): 5592 0 -0.103288000
D/UDP-TIMING(17001): 5593 0 -0.113494000
D/UDP-TIMING(17001): 5594 0 -0.093528000
D/UDP-TIMING(17001): 5595 0 -0.103719000
D/UDP-TIMING(17001): 5596 0 -0.113921000
D/UDP-TIMING(17001): 5597 0 -0.094385000
D/UDP-TIMING(17001): 5598 0 -0.104574000
D/UDP-TIMING(17001): 5599 0 -0.114738000
D/UDP-TIMING(17001): 5600 0 -0.094616000
D/UDP-TIMING(17001): 5601 0 -0.104803000
D/UDP-TIMING(17001): 5602 0 -0.114985000
D/UDP-TIMING(17001): 5603 0 -0.095813000
D/UDP-TIMING(17001): 5604 0 -0.105997000
D/UDP-TIMING(17001): 5605 0 -0.116183000
D/UDP-TIMING(17001): 5606 0 -0.096012000
D/UDP-TIMING(17001): 5607 0 -0.106203000
D/UDP-TIMING(17001): 5608 0 -0.116392000
D/UDP-TIMING(17001): 5609 0 -0.096276000
D/UDP-TIMING(17001): 5610 0 -0.106462000
D/UDP-TIMING(17001): 5611 0 -0.116647000
D/UDP-TIMING(17001): 5612 0 -0.097201000
D/UDP-TIMING(17001): 5613 0 -0.107388000
D/UDP-TIMING(17001): 5614 0 -0.117574000
D/UDP-TIMING(17001): 5615 0 -0.097483000
D/UDP-TIMING(17001): 5616 0 -0.107640000
D/UDP-TIMING(17001): 5617 0 -0.088099000
D/UDP-TIMING(17001): 5618 0 -0.098288000
D/UDP-TIMING(17001): 5619 0 -0.108475000
D/UDP-TIMING(17001): 5620 0 -0.118672000
D/UDP-TIMING(17001): 5621 0 -0.098464000
D/UDP-TIMING(17001): 5622 0 -0.108647000
D/UDP-TIMING(17001): 5623 0 -0.118833000
D/UDP-TIMING(17001): 5624 0 -0.099445000
D/UDP-TIMING(17001): 5625 0 -0.109631000
D/UDP-TIMING(17001): 5626 0 -0.119816000
D/UDP-TIMING(17001): 5627 0 -0.099757000
D/UDP-TIMING(17001): 5628 0 -0.109944000
D/UDP-TIMING(17001): 5629 0 -0.090350000
D/UDP-TIMING(17001): 5630 0 -0.100543000
D/UDP-TIMING(17001): 5631 0 -0.110732000
D/UDP-TIMING(17001): 5632 0 -0.120922000
D/UDP-TIMING(17001): 5633 0 -0.100835000
D/UDP-TIMING(17001): 5634 0 -0.111021000
D/UDP-TIMING(17001): 5635 0 -0.121207000
D/UDP-TIMING(17001): 5636 0 -0.101619000
D/UDP-TIMING(17001): 5637 0 -0.111807000
D/UDP-TIMING(17001): 5638 0 -0.121992000
D/UDP-TIMING(17001): 5639 0 -0.101997000
D/UDP-TIMING(17001): 5640 0 -0.112154000
D/UDP-TIMING(17001): 5641 0 -0.092494000
D/UDP-TIMING(17001): 5642 0 -0.102658000
D/UDP-TIMING(17001): 5643 0 -0.112846000
D/UDP-TIMING(17001): 5644 0 -0.123042000
D/UDP-TIMING(17001): 5645 0 -0.103409000
D/UDP-TIMING(17001): 5646 0 -0.113600000
D/UDP-TIMING(17001): 5647 0 -0.093424000
D/UDP-TIMING(17001): 5648 0 -0.103623000
D/UDP-TIMING(17001): 5649 0 -0.113811000
D/UDP-TIMING(17001): 5650 0 -0.123998000
D/UDP-TIMING(17001): 5651 0 -0.104524000
D/UDP-TIMING(17001): 5652 0 -0.114717000
D/UDP-TIMING(17001): 5653 0 -0.094664000
D/UDP-TIMING(17001): 5654 0 -0.104851000
D/UDP-TIMING(17001): 5655 0 -0.085220000
D/UDP-TIMING(17001): 5656 0 -0.095376000
D/UDP-TIMING(17001): 5657 0 -0.105562000
D/UDP-TIMING(17001): 5658 0 -0.115755000
D/UDP-TIMING(17001): 5659 0 -0.095731000
D/UDP-TIMING(17001): 5660 0 -0.105911000
D/UDP-TIMING(17001): 5661 0 -0.116066000
D/UDP-TIMING(17001): 5662 0 -0.096561000
D/UDP-TIMING(17001): 5663 0 -0.106748000
D/UDP-TIMING(17001): 5664 0 -0.116941000
D/UDP-TIMING(17001): 5665 0 -0.096832000
D/UDP-TIMING(17001): 5666 0 -0.107018000
D/UDP-TIMING(17001): 5667 0 -0.117170000
D/UDP-TIMING(17001): 5668 0 -0.097725000
D/UDP-TIMING(17001): 5669 0 -0.107881000
D/UDP-TIMING(17001): 5670 0 -0.118067000
D/UDP-TIMING(17001): 5671 0 -0.097940000
D/UDP-TIMING(17001): 5672 0 -0.108124000
D/UDP-TIMING(17001): 5673 0 -0.088583000
D/UDP-TIMING(17001): 5674 0 -0.098739000
D/UDP-TIMING(17001): 5675 0 -0.108923000
D/UDP-TIMING(17001): 5676 0 -0.119106000
D/UDP-TIMING(17001): 5677 0 -0.099076000
D/UDP-TIMING(17001): 5678 0 -0.109267000
D/UDP-TIMING(17001): 5679 0 -0.119436000
D/UDP-TIMING(17001): 5680 0 -0.099910000
D/UDP-TIMING(17001): 5681 0 -0.110071000
D/UDP-TIMING(17001): 5682 0 -0.120264000
D/UDP-TIMING(17001): 5683 0 -0.100522000
D/UDP-TIMING(17001): 5684 0 -0.110719000
D/UDP-TIMING(17001): 5685 0 -0.120915000
E/TrafficStats( 1673): [QCTMM]tryAll index=0
E/TrafficStats( 1673): [QCTMM]tryAll index=1
E/TrafficStats( 1673): [QCTMM]tryAll index=2
E/TrafficStats( 1673): [QCTMM]tryAll index=0
E/TrafficStats( 1673): [QCTMM]tryAll index=1
E/TrafficStats( 1673): [QCTMM]tryAll index=2
D/UDP-TIMING(17001): 5686 0 -0.100748000
D/UDP-TIMING(17001): 5687 0 -0.110944000
D/UDP-TIMING(17001): 5688 0 -0.121112000
D/DATA    ( 1860): sentSinceLastRecv=0,watchdogTrigger=10,maxindex=0
D/UDP-TIMING(17001): 5689 0 -0.101615000
D/UDP-TIMING(17001): 5690 0 -0.111782000
D/UDP-TIMING(17001): 5691 0 -0.121980000
D/UDP-TIMING(17001): 5692 0 -0.101883000
D/UDP-TIMING(17001): 5693 0 -0.112051000
D/UDP-TIMING(17001): 5694 0 -0.122213000
D/UDP-TIMING(17001): 5695 0 -0.102686000
D/UDP-TIMING(17001): 5696 0 -0.112883000
D/UDP-TIMING(17001): 5697 0 -0.123082000
D/UDP-TIMING(17001): 5698 0 -0.103066000
D/UDP-TIMING(17001): 5699 0 -0.113210000
D/UDP-TIMING(17001): 5700 0 -0.093653000
D/UDP-TIMING(17001): 5701 0 -0.103856000
D/UDP-TIMING(17001): 5702 0 -0.114056000
D/UDP-TIMING(17001): 5703 0 -0.094009000
D/UDP-TIMING(17001): 5704 0 -0.104206000
D/UDP-TIMING(17001): 5705 0 -0.114403000
D/UDP-TIMING(17001): 5706 0 -0.094814000
D/UDP-TIMING(17001): 5707 0 -0.105011000
D/UDP-TIMING(17001): 5708 0 -0.115162000
D/UDP-TIMING(17001): 5709 0 -0.095148000
D/UDP-TIMING(17001): 5710 0 -0.105345000
D/UDP-TIMING(17001): 5711 0 -0.115554000
D/UDP-TIMING(17001): 5712 0 -0.096058000
D/UDP-TIMING(17001): 5713 0 -0.106256000
D/UDP-TIMING(17001): 5714 0 -0.116458000
D/UDP-TIMING(17001): 5715 0 -0.096351000
D/UDP-TIMING(17001): 5716 0 -0.106544000
D/UDP-TIMING(17001): 5717 0 -0.116751000
D/UDP-TIMING(17001): 5718 0 -0.097254000
D/UDP-TIMING(17001): 5719 0 -0.107451000
D/UDP-TIMING(17001): 5720 0 -0.117649000
D/UDP-TIMING(17001): 5721 0 -0.097785000
D/UDP-TIMING(17001): 5722 0 -0.107953000
D/UDP-TIMING(17001): 5723 0 -0.118146000
D/UDP-TIMING(17001): 5724 0 -0.098165000
D/UDP-TIMING(17001): 5725 0 -0.108364000
D/UDP-TIMING(17001): 5726 0 -0.118562000
D/UDP-TIMING(17001): 5727 0 -0.099004000
D/UDP-TIMING(17001): 5728 0 -0.109198000
D/UDP-TIMING(17001): 5729 0 -0.119367000
D/UDP-TIMING(17001): 5730 0 -0.099229000
D/UDP-TIMING(17001): 5731 0 -0.109427000
D/UDP-TIMING(17001): 5732 0 -0.119623000
D/UDP-TIMING(17001): 5733 0 -0.100184000
D/UDP-TIMING(17001): 5734 0 -0.110349000
D/UDP-TIMING(17001): 5735 0 -0.120516000
D/UDP-TIMING(17001): 5736 0 -0.100350000
D/UDP-TIMING(17001): 5737 0 -0.110544000
D/UDP-TIMING(17001): 5738 0 -0.120741000
D/UDP-TIMING(17001): 5739 0 -0.101449000
D/UDP-TIMING(17001): 5740 0 -0.111625000
D/UDP-TIMING(17001): 5741 0 -0.091441000
D/UDP-TIMING(17001): 5742 0 -0.101639000
D/UDP-TIMING(17001): 5743 0 -0.111835000
D/UDP-TIMING(17001): 5744 0 -0.122030000
D/UDP-TIMING(17001): 5745 0 -0.102694000
D/UDP-TIMING(17001): 5746 0 -0.112894000
D/UDP-TIMING(17001): 5747 0 -0.092741000
D/UDP-TIMING(17001): 5748 0 -0.102928000
D/UDP-TIMING(17001): 5749 0 -0.113135000
D/UDP-TIMING(17001): 5750 0 -0.123331000
D/UDP-TIMING(17001): 5751 0 -0.103864000
D/UDP-TIMING(17001): 5752 0 -0.114061000
D/UDP-TIMING(17001): 5753 0 -0.093925000
D/UDP-TIMING(17001): 5754 0 -0.104125000
D/UDP-TIMING(17001): 5755 0 -0.114330000
D/UDP-TIMING(17001): 5756 0 -0.094710000
D/UDP-TIMING(17001): 5757 0 -0.104911000
D/UDP-TIMING(17001): 5758 0 -0.115113000
D/UDP-TIMING(17001): 5759 0 -0.095340000
D/UDP-TIMING(17001): 5760 0 -0.105540000
D/UDP-TIMING(17001): 5761 0 -0.115781000
D/UDP-TIMING(17001): 5762 0 -0.095704000
D/UDP-TIMING(17001): 5763 0 -0.105897000
D/UDP-TIMING(17001): 5764 0 -0.116097000
D/UDP-TIMING(17001): 5765 0 -0.096631000
D/UDP-TIMING(17001): 5766 0 -0.106825000
D/UDP-TIMING(17001): 5767 0 -0.117021000
D/UDP-TIMING(17001): 5768 0 -0.096915000
D/UDP-TIMING(17001): 5769 0 -0.107083000
D/UDP-TIMING(17001): 5770 0 -0.117276000
D/UDP-TIMING(17001): 5771 0 -0.097686000
D/UDP-TIMING(17001): 5772 0 -0.107882000
D/UDP-TIMING(17001): 5773 0 -0.118032000
D/UDP-TIMING(17001): 5774 0 -0.098006000
D/UDP-TIMING(17001): 5775 0 -0.108159000
D/UDP-TIMING(17001): 5776 0 -0.118345000
D/UDP-TIMING(17001): 5777 0 -0.098142000
D/UDP-TIMING(17001): 5778 0 -0.108325000
D/UDP-TIMING(17001): 5779 0 -0.118513000
D/UDP-TIMING(17001): 5780 0 -0.099127000
D/UDP-TIMING(17001): 5781 0 -0.109309000
D/UDP-TIMING(17001): 5782 0 -0.119495000
D/UDP-TIMING(17001): 5783 0 -0.099991000
D/UDP-TIMING(17001): 5784 0 -0.110177000
D/UDP-TIMING(17001): 5785 0 -0.120332000
D/UDP-TIMING(17001): 5786 0 -0.100155000
D/UDP-TIMING(17001): 5787 0 -0.110341000
D/UDP-TIMING(17001): 5788 0 -0.120528000
E/TrafficStats( 1673): [QCTMM]tryAll index=0
E/TrafficStats( 1673): [QCTMM]tryAll index=1
E/TrafficStats( 1673): [QCTMM]tryAll index=2
E/TrafficStats( 1673): [QCTMM]tryAll index=0
E/TrafficStats( 1673): [QCTMM]tryAll index=1
E/TrafficStats( 1673): [QCTMM]tryAll index=2
D/DATA    ( 1860): sentSinceLastRecv=0,watchdogTrigger=10,maxindex=0
D/UDP-TIMING(17001): 5789 0 -0.101020000
D/UDP-TIMING(17001): 5790 0 -0.111260000
D/UDP-TIMING(17001): 5791 0 -0.121446000
D/UDP-TIMING(17001): 5792 0 -0.101593000
D/UDP-TIMING(17001): 5793 0 -0.111813000
D/UDP-TIMING(17001): 5794 0 -0.121948000
D/UDP-TIMING(17001): 5795 0 -0.102256000
D/UDP-TIMING(17001): 5796 0 -0.112442000
D/UDP-TIMING(17001): 5797 0 -0.122589000
D/UDP-TIMING(17001): 5798 0 -0.102478000
D/UDP-TIMING(17001): 5799 0 -0.112666000
D/UDP-TIMING(17001): 5800 0 -0.122862000
D/UDP-TIMING(17001): 5801 0 -0.103101000
D/UDP-TIMING(17001): 5802 0 -0.113307000
D/UDP-TIMING(17001): 5803 0 -0.123503000
D/UDP-TIMING(17001): 5804 0 -0.103945000
D/UDP-TIMING(17001): 5805 0 -0.114111000
D/UDP-TIMING(17001): 5806 0 -0.094035000
D/UDP-TIMING(17001): 5807 0 -0.104238000
D/UDP-TIMING(17001): 5808 0 -0.114410000
D/UDP-TIMING(17001): 5809 0 -0.095009000
D/UDP-TIMING(17001): 5810 0 -0.105177000
D/UDP-TIMING(17001): 5811 0 -0.115376000
D/UDP-TIMING(17001): 5812 0 -0.095299000
D/UDP-TIMING(17001): 5813 0 -0.105467000
D/UDP-TIMING(17001): 5814 0 -0.115663000
D/UDP-TIMING(17001): 5815 0 -0.096109000
D/UDP-TIMING(17001): 5816 0 -0.106303000
D/UDP-TIMING(17001): 5817 0 -0.116452000
D/UDP-TIMING(17001): 5818 0 -0.096505000
D/UDP-TIMING(17001): 5819 0 -0.106704000
D/UDP-TIMING(17001): 5820 0 -0.116866000
D/UDP-TIMING(17001): 5821 0 -0.097339000
D/UDP-TIMING(17001): 5822 0 -0.107515000
D/UDP-TIMING(17001): 5823 0 -0.117696000
D/UDP-TIMING(17001): 5824 0 -0.097680000
D/UDP-TIMING(17001): 5825 0 -0.107860000
D/UDP-TIMING(17001): 5826 0 -0.118053000
D/UDP-TIMING(17001): 5827 0 -0.098530000
D/UDP-TIMING(17001): 5828 0 -0.108727000
D/UDP-TIMING(17001): 5829 0 -0.118922000
D/UDP-TIMING(17001): 5830 0 -0.099059000
D/UDP-TIMING(17001): 5831 0 -0.109261000
D/UDP-TIMING(17001): 5832 0 -0.119461000
D/UDP-TIMING(17001): 5833 0 -0.099442000
D/UDP-TIMING(17001): 5834 0 -0.109640000
D/UDP-TIMING(17001): 5835 0 -0.119804000
D/UDP-TIMING(17001): 5836 0 -0.100264000
D/UDP-TIMING(17001): 5837 0 -0.110442000
D/UDP-TIMING(17001): 5838 0 -0.120610000
D/UDP-TIMING(17001): 5839 0 -0.100565000
D/UDP-TIMING(17001): 5840 0 -0.110760000
D/UDP-TIMING(17001): 5841 0 -0.120955000
D/UDP-TIMING(17001): 5842 0 -0.101324000
D/UDP-TIMING(17001): 5843 0 -0.111526000
D/UDP-TIMING(17001): 5844 0 -0.121728000
D/UDP-TIMING(17001): 5845 0 -0.101749000
D/UDP-TIMING(17001): 5846 0 -0.111948000
D/UDP-TIMING(17001): 5847 0 -0.122070000
D/UDP-TIMING(17001): 5848 0 -0.102630000
D/UDP-TIMING(17001): 5849 0 -0.112797000
D/UDP-TIMING(17001): 5850 0 -0.122994000
D/UDP-TIMING(17001): 5851 0 -0.102918000
D/UDP-TIMING(17001): 5852 0 -0.113128000
D/UDP-TIMING(17001): 5853 0 -0.123325000
D/UDP-TIMING(17001): 5854 0 -0.103861000
D/UDP-TIMING(17001): 5855 0 -0.114060000
D/UDP-TIMING(17001): 5856 0 -0.093832000
D/UDP-TIMING(17001): 5857 0 -0.104035000
D/UDP-TIMING(17001): 5858 0 -0.114212000
D/UDP-TIMING(17001): 5859 0 -0.094841000
D/UDP-TIMING(17001): 5860 0 -0.105008000
D/UDP-TIMING(17001): 5861 0 -0.115205000
D/UDP-TIMING(17001): 5862 0 -0.095169000
D/UDP-TIMING(17001): 5863 0 -0.105363000
D/UDP-TIMING(17001): 5864 0 -0.115529000
D/UDP-TIMING(17001): 5865 0 -0.096032000
D/UDP-TIMING(17001): 5866 0 -0.106229000
D/UDP-TIMING(17001): 5867 0 -0.116427000
D/UDP-TIMING(17001): 5868 0 -0.096626000
D/UDP-TIMING(17001): 5869 0 -0.106788000
D/UDP-TIMING(17001): 5870 0 -0.116994000
D/UDP-TIMING(17001): 5871 0 -0.096855000
D/UDP-TIMING(17001): 5872 0 -0.107048000
D/UDP-TIMING(17001): 5873 0 -0.117244000
D/UDP-TIMING(17001): 5874 0 -0.097807000
D/UDP-TIMING(17001): 5875 0 -0.107976000
D/UDP-TIMING(17001): 5876 0 -0.118170000
D/UDP-TIMING(17001): 5877 0 -0.098125000
D/UDP-TIMING(17001): 5878 0 -0.108290000
D/UDP-TIMING(17001): 5879 0 -0.118486000
E/TrafficStats(16531): [QCTMM]tryAll index=0
E/TrafficStats(16531): [QCTMM]tryAll index=1
E/TrafficStats(16531): [QCTMM]tryAll index=2
E/TrafficStats(16531): [QCTMM]tryAll index=0
E/TrafficStats(16531): [QCTMM]tryAll index=1
E/TrafficStats(16531): [QCTMM]tryAll index=2
D/UDP-TIMING(17001): 5880 0 -0.098501000
D/UDP-TIMING(17001): 5881 0 -0.108706000
D/UDP-TIMING(17001): 5882 0 -0.118873000
E/TrafficStats(16531): [QCTMM]tryAll index=0
E/TrafficStats(16531): [QCTMM]tryAll index=1
E/TrafficStats(16531): [QCTMM]tryAll index=2
E/TrafficStats(16531): [QCTMM]tryAll index=0
E/TrafficStats(16531): [QCTMM]tryAll index=1
E/TrafficStats(16531): [QCTMM]tryAll index=2
D/UDP-TIMING(17001): 5883 0 -0.098743000
D/UDP-TIMING(17001): 5884 0 -0.108887000
D/UDP-TIMING(17001): 5885 0 -0.119036000
E/TrafficStats( 1673): [QCTMM]tryAll index=0
E/TrafficStats( 1673): [QCTMM]tryAll index=1
E/TrafficStats( 1673): [QCTMM]tryAll index=2
E/TrafficStats( 1673): [QCTMM]tryAll index=0
E/TrafficStats( 1673): [QCTMM]tryAll index=1
E/TrafficStats( 1673): [QCTMM]tryAll index=2
D/UDP-TIMING(17001): 5886 0 -0.099372000
D/UDP-TIMING(17001): 5887 0 -0.109487000
D/UDP-TIMING(17001): 5888 0 -0.119671000
D/DATA    ( 1860): sentSinceLastRecv=0,watchdogTrigger=10,maxindex=0
D/UDP-TIMING(17001): 5889 0 -0.099802000
D/UDP-TIMING(17001): 5890 0 -0.109954000
D/UDP-TIMING(17001): 5891 0 -0.120150000
D/UDP-TIMING(17001): 5892 0 -0.100958000
D/UDP-TIMING(17001): 5893 0 -0.111072000
D/UDP-TIMING(17001): 5894 0 -0.121234000
D/UDP-TIMING(17001): 5895 0 -0.101342000
D/UDP-TIMING(17001): 5896 0 -0.111509000
D/UDP-TIMING(17001): 5897 0 -0.121694000
D/UDP-TIMING(17001): 5898 0 -0.101496000
D/UDP-TIMING(17001): 5899 0 -0.111660000
D/UDP-TIMING(17001): 5900 0 -0.121889000
D/UDP-TIMING(17001): 5901 0 -0.102357000
D/UDP-TIMING(17001): 5902 0 -0.112526000
D/UDP-TIMING(17001): 5903 0 -0.122663000
D/UDP-TIMING(17001): 5904 0 -0.103295000
D/UDP-TIMING(17001): 5905 0 -0.113449000
D/UDP-TIMING(17001): 5906 0 -0.123627000
D/UDP-TIMING(17001): 5907 0 -0.103799000
D/UDP-TIMING(17001): 5908 0 -0.113998000
D/UDP-TIMING(17001): 5909 0 -0.093476000
D/UDP-TIMING(17001): 5910 0 -0.103678000
D/UDP-TIMING(17001): 5911 0 -0.113873000
D/UDP-TIMING(17001): 5912 0 -0.094747000
D/UDP-TIMING(17001): 5913 0 -0.104912000
D/UDP-TIMING(17001): 5914 0 -0.115055000
D/UDP-TIMING(17001): 5915 0 -0.094892000
D/UDP-TIMING(17001): 5916 0 -0.105059000
D/UDP-TIMING(17001): 5917 0 -0.115255000
D/UDP-TIMING(17001): 5918 0 -0.095832000
D/UDP-TIMING(17001): 5919 0 -0.105937000
D/UDP-TIMING(17001): 5920 0 -0.116131000
D/UDP-TIMING(17001): 5921 0 -0.096083000
D/UDP-TIMING(17001): 5922 0 -0.106279000
D/UDP-TIMING(17001): 5923 0 -0.116476000
D/UDP-TIMING(17001): 5924 0 -0.096977000
D/UDP-TIMING(17001): 5925 0 -0.107180000
D/UDP-TIMING(17001): 5926 0 -0.117376000
D/UDP-TIMING(17001): 5927 0 -0.097239000
D/UDP-TIMING(17001): 5928 0 -0.107436000
D/UDP-TIMING(17001): 5929 0 -0.117604000
D/UDP-TIMING(17001): 5930 0 -0.098078000
D/UDP-TIMING(17001): 5931 0 -0.108276000
D/UDP-TIMING(17001): 5932 0 -0.118447000
D/UDP-TIMING(17001): 5933 0 -0.098410000
D/UDP-TIMING(17001): 5934 0 -0.108604000
D/UDP-TIMING(17001): 5935 0 -0.118801000
D/UDP-TIMING(17001): 5936 0 -0.099304000
D/UDP-TIMING(17001): 5937 0 -0.109470000
D/UDP-TIMING(17001): 5938 0 -0.119666000
D/UDP-TIMING(17001): 5939 0 -0.099622000
D/UDP-TIMING(17001): 5940 0 -0.109773000
D/UDP-TIMING(17001): 5941 0 -0.119974000
D/UDP-TIMING(17001): 5942 0 -0.100508000
D/UDP-TIMING(17001): 5943 0 -0.110704000
D/UDP-TIMING(17001): 5944 0 -0.120902000
D/UDP-TIMING(17001): 5945 0 -0.101100000
D/UDP-TIMING(17001): 5946 0 -0.111277000
D/UDP-TIMING(17001): 5947 0 -0.121474000
D/UDP-TIMING(17001): 5948 0 -0.101503000
D/UDP-TIMING(17001): 5949 0 -0.111638000
D/UDP-TIMING(17001): 5950 0 -0.121843000
D/UDP-TIMING(17001): 5951 0 -0.102218000
D/UDP-TIMING(17001): 5952 0 -0.112420000
D/UDP-TIMING(17001): 5953 0 -0.122586000
D/UDP-TIMING(17001): 5954 0 -0.102549000
D/UDP-TIMING(17001): 5955 0 -0.112721000
D/UDP-TIMING(17001): 5956 0 -0.122918000
D/UDP-TIMING(17001): 5957 0 -0.103533000
D/UDP-TIMING(17001): 5958 0 -0.113636000
D/UDP-TIMING(17001): 5959 0 -0.122061000
D/UDP-TIMING(17001): 5960 0 -0.103627000
D/UDP-TIMING(17001): 5961 0 -0.113834000
D/UDP-TIMING(17001): 5962 0 -0.094338000
D/UDP-TIMING(17001): 5963 0 -0.104543000
D/UDP-TIMING(17001): 5964 0 -0.114742000
D/UDP-TIMING(17001): 5965 0 -0.094608000
D/UDP-TIMING(17001): 5966 0 -0.104807000
D/UDP-TIMING(17001): 5967 0 -0.115004000
D/UDP-TIMING(17001): 5968 0 -0.095483000
D/UDP-TIMING(17001): 5969 0 -0.105678000
D/UDP-TIMING(17001): 5970 0 -0.115876000
D/UDP-TIMING(17001): 5971 0 -0.095800000
D/UDP-TIMING(17001): 5972 0 -0.105999000
D/UDP-TIMING(17001): 5973 0 -0.116168000
D/UDP-TIMING(17001): 5974 0 -0.096558000
D/UDP-TIMING(17001): 5975 0 -0.106756000
D/UDP-TIMING(17001): 5976 0 -0.116944000
D/UDP-TIMING(17001): 5977 0 -0.096840000
D/UDP-TIMING(17001): 5978 0 -0.106946000
D/UDP-TIMING(17001): 5979 0 -0.117080000
D/UDP-TIMING(17001): 5980 0 -0.097445000
D/UDP-TIMING(17001): 5981 0 -0.107633000
D/UDP-TIMING(17001): 5982 0 -0.117819000
D/UDP-TIMING(17001): 5983 0 -0.098232000
D/UDP-TIMING(17001): 5984 0 -0.108387000
E/TrafficStats( 1673): [QCTMM]tryAll index=0
E/TrafficStats( 1673): [QCTMM]tryAll index=1
E/TrafficStats( 1673): [QCTMM]tryAll index=2
E/TrafficStats( 1673): [QCTMM]tryAll index=0
E/TrafficStats( 1673): [QCTMM]tryAll index=1
D/UDP-TIMING(17001): 5985 0 -0.088215000
D/UDP-TIMING(17001): 5986 0 -0.098403000
D/UDP-TIMING(17001): 5987 0 -0.108586000
E/TrafficStats( 1673): [QCTMM]tryAll index=2
D/DATA    ( 1860): sentSinceLastRecv=0,watchdogTrigger=10,maxindex=0
D/UDP-TIMING(17001): 5988 0 -0.088527000
D/UDP-TIMING(17001): 5989 0 -0.098760000
D/UDP-TIMING(17001): 5990 0 -0.108942000
D/UDP-TIMING(17001): 5991 0 -0.119098000
D/UDP-TIMING(17001): 5992 0 -0.099559000
D/UDP-TIMING(17001): 5993 0 -0.109745000
D/UDP-TIMING(17001): 5994 0 -0.119901000
D/UDP-TIMING(17001): 5995 0 -0.100349000
D/UDP-TIMING(17001): 5996 0 -0.110457000
D/UDP-TIMING(17001): 5997 0 -0.120596000
D/UDP-TIMING(17001): 5998 0 -0.100491000
D/UDP-TIMING(17001): 5999 0 -0.110675000
D/UDP-TIMING(17001): 6000 0 -0.091049000
D/UDP-TIMING(17001): 6001 0 -0.101205000
D/UDP-TIMING(17001): 6002 0 -0.111392000
D/UDP-TIMING(17001): 6003 0 -0.121579000
D/UDP-TIMING(17001): 6004 0 -0.101488000
D/UDP-TIMING(17001): 6005 0 -0.111674000
D/UDP-TIMING(17001): 6006 0 -0.092197000
D/UDP-TIMING(17001): 6007 0 -0.102394000
D/UDP-TIMING(17001): 6008 0 -0.112533000
D/UDP-TIMING(17001): 6009 0 -0.092359000
D/UDP-TIMING(17001): 6010 0 -0.102546000
D/UDP-TIMING(17001): 6011 0 -0.112733000
D/UDP-TIMING(17001): 6012 0 -0.093287000
D/UDP-TIMING(17001): 6013 0 -0.103447000
D/UDP-TIMING(17001): 6014 0 -0.113636000
D/UDP-TIMING(17001): 6015 0 -0.093584000
D/UDP-TIMING(17001): 6016 0 -0.103723000
D/UDP-TIMING(17001): 6017 0 -0.113904000
D/UDP-TIMING(17001): 6018 0 -0.124046000
D/UDP-TIMING(17001): 6019 0 -0.104594000
D/UDP-TIMING(17001): 6020 0 -0.114782000
D/UDP-TIMING(17001): 6021 0 -0.094908000
D/UDP-TIMING(17001): 6022 0 -0.105098000
D/UDP-TIMING(17001): 6023 0 -0.115287000
D/UDP-TIMING(17001): 6024 0 -0.095108000
D/UDP-TIMING(17001): 6025 0 -0.105294000
D/UDP-TIMING(17001): 6026 0 -0.115447000
D/UDP-TIMING(17001): 6027 0 -0.095956000
D/UDP-TIMING(17001): 6028 0 -0.106095000
D/UDP-TIMING(17001): 6029 0 -0.116285000
D/UDP-TIMING(17001): 6030 0 -0.096226000
D/UDP-TIMING(17001): 6031 0 -0.106377000
D/UDP-TIMING(17001): 6032 0 -0.116567000
D/UDP-TIMING(17001): 6033 0 -0.097062000
D/UDP-TIMING(17001): 6034 0 -0.107217000
D/UDP-TIMING(17001): 6035 0 -0.117402000
D/UDP-TIMING(17001): 6036 0 -0.097317000
D/UDP-TIMING(17001): 6037 0 -0.107501000
D/UDP-TIMING(17001): 6038 0 -0.117696000
D/UDP-TIMING(17001): 6039 0 -0.098127000
D/UDP-TIMING(17001): 6040 0 -0.108317000
D/UDP-TIMING(17001): 6041 0 -0.118474000
D/UDP-TIMING(17001): 6042 0 -0.098450000
D/UDP-TIMING(17001): 6043 0 -0.108638000
D/UDP-TIMING(17001): 6044 0 -0.118792000
D/UDP-TIMING(17001): 6045 0 -0.099317000
D/UDP-TIMING(17001): 6046 0 -0.109470000
D/UDP-TIMING(17001): 6047 0 -0.119654000
D/UDP-TIMING(17001): 6048 0 -0.099520000
D/UDP-TIMING(17001): 6049 0 -0.109699000
