I/PackageManager( 1673): Adding preferred activity ComponentInfo{com.htc.streamplayer/com.htc.streamplayer.VideoPlayerActivity}:
I/PackageManager( 1673): Adding preferred activity ComponentInfo{com.htc.streamplayer/com.htc.streamplayer.VideoPlayerActivity}:
I/PackageManager( 1673): Adding preferred activity ComponentInfo{com.google.android.apps.maps/com.google.android.maps.MapsActivity}:
I/PackageManager( 1673): Adding preferred activity ComponentInfo{com.google.android.apps.maps/com.google.android.maps.MapsActivity}:
I/PackageManager( 1673): Adding preferred activity ComponentInfo{com.google.android.apps.maps/com.google.android.maps.MapsActivity}:
I/PackageManager( 1673): Adding preferred activity ComponentInfo{com.google.android.apps.maps/com.google.android.maps.MapsActivity}:
I/PackageManager( 1673): Adding preferred activity ComponentInfo{com.google.android.apps.maps/com.google.android.maps.MapsActivity}:
I/PackageManager( 1673): Adding preferred activity ComponentInfo{com.google.android.apps.maps/com.google.android.maps.MapsActivity}:
I/PackageManager( 1673): Adding preferred activity ComponentInfo{com.google.android.apps.maps/com.google.android.maps.MapsActivity}:
I/PackageManager( 1673): Adding preferred activity ComponentInfo{com.google.android.apps.maps/com.google.android.maps.MapsActivity}:
I/PackageManager( 1673): Adding preferred activity ComponentInfo{com.android.htcdialer/com.android.htcdialer.Dialer}:
I/PackageManager( 1673): Adding preferred activity ComponentInfo{com.android.htcdialer/com.android.htcdialer.Dialer}:
I/PackageManager( 1673): Adding preferred activity ComponentInfo{com.android.htcdialer/com.android.htcdialer.Dialer}:
I/PackageManager( 1673): Adding preferred activity ComponentInfo{com.android.htcdialer/com.android.htcdialer.Dialer}:
I/PackageManager( 1673): Adding preferred activity ComponentInfo{com.android.htcdialer/com.android.htcdialer.Dialer}:
I/PackageManager( 1673): Adding preferred activity ComponentInfo{com.android.htcdialer/com.android.htcdialer.Dialer}:
I/PackageManager( 1673): Adding preferred activity ComponentInfo{com.htc.android.mail/com.htc.android.mail.ComposeActivity}:
I/PackageManager( 1673): Adding preferred activity ComponentInfo{com.htc.android.mail/com.htc.android.mail.ComposeActivity}:
I/PackageManager( 1673): Adding preferred activity ComponentInfo{com.android.browser/com.android.browser.BrowserActivity}:
D/StatusBarPolicy( 1816): hasService()=true ,mDataState=2 ,mPhone.htcModemLinkOn()=false ,mDataActivity=1
D/StatusBarPolicy( 1816): slotType[0]=RUIM
D/StatusBarPolicy( 1816): hasService()=true ,mDataState=2 ,mPhone.htcModemLinkOn()=false ,mDataActivity=2
D/StatusBarPolicy( 1816): slotType[0]=RUIM
D/StatusBarPolicy( 1816): hasService()=true ,mDataState=2 ,mPhone.htcModemLinkOn()=false ,mDataActivity=0
D/StatusBarPolicy( 1816): slotType[0]=RUIM
I/ActivityManager( 1673): Starting activity: Intent { act=android.intent.action.MAIN cat=[android.intent.category.LAUNCHER] flg=0x10100000 cmp=com.example.hellojni/.HelloJni } from pid 1816
I/ActivityManager( 1673): Start proc com.example.hellojni for activity com.example.hellojni/.HelloJni: pid=17001 uid=10167 gids={1015, 3003}
V/NotificationService( 1673): Charging...
W/InputManagerService( 1673): [unbindCurrentClientLocked] Disable input method client.
W/InputManagerService( 1673): [startInputLocked] Enable input method client.
D/StatusBarPolicy( 1816): hasService()=true ,mDataState=2 ,mPhone.htcModemLinkOn()=false ,mDataActivity=3
D/StatusBarPolicy( 1816): slotType[0]=RUIM
D/StatusBarPolicy( 1816): hasService()=true ,mDataState=2 ,mPhone.htcModemLinkOn()=false ,mDataActivity=1
D/StatusBarPolicy( 1816): slotType[0]=RUIM
D/StatusBarPolicy( 1816): hasService()=true ,mDataState=2 ,mPhone.htcModemLinkOn()=false ,mDataActivity=3
D/StatusBarPolicy( 1816): slotType[0]=RUIM
D/StatusBarPolicy( 1816): hasService()=true ,mDataState=2 ,mPhone.htcModemLinkOn()=false ,mDataActivity=1
D/StatusBarPolicy( 1816): slotType[0]=RUIM
D/StatusBarPolicy( 1816): iconIndex=1
V/StatusBarPolicy( 1816): cdmaLevel:4;max:4
D/StatusBarPolicy( 1816): iconLevel:4
D/StatusBarPolicy( 1816): iconIndex=1
V/StatusBarPolicy( 1816): cdmaLevel:3;max:4
D/StatusBarPolicy( 1816): iconLevel:3
V/DeviceStorageMonitorService( 1673): freeMemory=2097885184
D/DeviceStorageMonitorService( 1673): OoO SMS Memory available. SMS_AVAILABLE_THRESHOLD == 524288
I/DeviceStorageMonitorService( 1673): Posting Message again
I/ActivityManager( 1673): Start proc com.htc.android.Stock for broadcast com.htc.android.Stock/.StockSyncReceiver: pid=17009 uid=10008 gids={3003, 1006, 1015, 2001}
D/StatusBarPolicy( 1816): iconIndex=1
V/StatusBarPolicy( 1816): cdmaLevel:4;max:4
D/StatusBarPolicy( 1816): iconLevel:4
D/StatusBarPolicy( 1816): iconIndex=1
V/StatusBarPolicy( 1816): cdmaLevel:4;max:4
D/StatusBarPolicy( 1816): iconLevel:4
V/DeviceStorageMonitorService( 1673): freeMemory=2097885184
D/DeviceStorageMonitorService( 1673): OoO SMS Memory available. SMS_AVAILABLE_THRESHOLD == 524288
I/DeviceStorageMonitorService( 1673): Posting Message again
D/StatusBarPolicy( 1816): hasService()=true ,mDataState=2 ,mPhone.htcModemLinkOn()=false ,mDataActivity=0
D/StatusBarPolicy( 1816): slotType[0]=RUIM
D/StatusBarPolicy( 1816): iconIndex=1
V/StatusBarPolicy( 1816): cdmaLevel:3;max:4
D/StatusBarPolicy( 1816): iconLevel:3
D/StatusBarPolicy( 1816): hasService()=true ,mDataState=2 ,mPhone.htcModemLinkOn()=false ,mDataActivity=0
D/StatusBarPolicy( 1816): slotType[0]=RUIM
I/ActivityManager( 1673): Start proc edu.mit.mitmobile2 for broadcast edu.mit.mitmobile2/.alerts.NotificationsAlarmReceiver: pid=17018 uid=10124 gids={1006, 3003, 1015}
D/StatusBarPolicy( 1816): hasService()=true ,mDataState=2 ,mPhone.htcModemLinkOn()=false ,mDataActivity=0
D/StatusBarPolicy( 1816): slotType[0]=RUIM
D/StatusBarPolicy( 1816): hasService()=true ,mDataState=2 ,mPhone.htcModemLinkOn()=false ,mDataActivity=3
D/StatusBarPolicy( 1816): slotType[0]=RUIM
D/StatusBarPolicy( 1816): hasService()=true ,mDataState=2 ,mPhone.htcModemLinkOn()=false ,mDataActivity=0
D/StatusBarPolicy( 1816): slotType[0]=RUIM
D/StatusBarPolicy( 1816): hasService()=true ,mDataState=2 ,mPhone.htcModemLinkOn()=false ,mDataActivity=0
D/StatusBarPolicy( 1816): slotType[0]=RUIM
D/StatusBarPolicy( 1816): iconIndex=1
V/StatusBarPolicy( 1816): cdmaLevel:4;max:4
D/StatusBarPolicy( 1816): iconLevel:4
V/DeviceStorageMonitorService( 1673): freeMemory=2097885184
D/DeviceStorageMonitorService( 1673): OoO SMS Memory available. SMS_AVAILABLE_THRESHOLD == 524288
I/DeviceStorageMonitorService( 1673): Posting Message again
D/StatusBarPolicy( 1816): iconIndex=1
V/StatusBarPolicy( 1816): cdmaLevel:3;max:4
D/StatusBarPolicy( 1816): iconLevel:3
D/StatusBarPolicy( 1816): hasService()=true ,mDataState=2 ,mPhone.htcModemLinkOn()=false ,mDataActivity=2
D/StatusBarPolicy( 1816): slotType[0]=RUIM
D/StatusBarPolicy( 1816): hasService()=true ,mDataState=2 ,mPhone.htcModemLinkOn()=false ,mDataActivity=0
D/StatusBarPolicy( 1816): slotType[0]=RUIM
D/StatusBarPolicy( 1816): hasService()=true ,mDataState=2 ,mPhone.htcModemLinkOn()=false ,mDataActivity=1
D/StatusBarPolicy( 1816): slotType[0]=RUIM
D/StatusBarPolicy( 1816): iconIndex=1
V/StatusBarPolicy( 1816): cdmaLevel:4;max:4
D/StatusBarPolicy( 1816): iconLevel:4
D/StatusBarPolicy( 1816): iconIndex=1
V/StatusBarPolicy( 1816): cdmaLevel:2;max:4
D/StatusBarPolicy( 1816): iconLevel:2
D/StatusBarPolicy( 1816): iconIndex=1
V/StatusBarPolicy( 1816): cdmaLevel:4;max:4
D/StatusBarPolicy( 1816): iconLevel:4
D/StatusBarPolicy( 1816): iconIndex=1
V/StatusBarPolicy( 1816): cdmaLevel:3;max:4
D/StatusBarPolicy( 1816): iconLevel:3
D/StatusBarPolicy( 1816): iconIndex=1
V/StatusBarPolicy( 1816): cdmaLevel:4;max:4
D/StatusBarPolicy( 1816): iconLevel:4
D/StatusBarPolicy( 1816): iconIndex=1
V/StatusBarPolicy( 1816): cdmaLevel:3;max:4
D/StatusBarPolicy( 1816): iconLevel:3
V/DeviceStorageMonitorService( 1673): freeMemory=2097885184
D/DeviceStorageMonitorService( 1673): OoO SMS Memory available. SMS_AVAILABLE_THRESHOLD == 524288
I/DeviceStorageMonitorService( 1673): Posting Message again
--------- beginning of /dev/log/main
D/UDP-TIMING(17001): 9266 0 -0.098329000
D/UDP-TIMING(17001): 9267 0 -0.108519000
D/UDP-TIMING(17001): 9268 0 -0.118710000
D/UDP-TIMING(17001): 9269 0 -0.099145000
D/UDP-TIMING(17001): 9270 0 -0.109335000
D/UDP-TIMING(17001): 9271 0 -0.119498000
D/UDP-TIMING(17001): 9272 0 -0.099507000
D/UDP-TIMING(17001): 9273 0 -0.109670000
D/UDP-TIMING(17001): 9274 0 -0.119860000
D/UDP-TIMING(17001): 9275 0 -0.100356000
D/UDP-TIMING(17001): 9276 0 -0.110515000
D/UDP-TIMING(17001): 9277 0 -0.120701000
D/UDP-TIMING(17001): 9278 0 -0.100616000
D/UDP-TIMING(17001): 9279 0 -0.110804000
D/UDP-TIMING(17001): 9280 0 -0.120993000
D/UDP-TIMING(17001): 9281 0 -0.101080000
D/UDP-TIMING(17001): 9282 0 -0.111275000
D/UDP-TIMING(17001): 9283 0 -0.121464000
D/UDP-TIMING(17001): 9284 0 -0.101733000
D/UDP-TIMING(17001): 9285 0 -0.111908000
D/UDP-TIMING(17001): 9286 0 -0.122096000
D/UDP-TIMING(17001): 9287 0 -0.102527000
D/UDP-TIMING(17001): 9288 0 -0.112711000
D/UDP-TIMING(17001): 9289 0 -0.122936000
D/UDP-TIMING(17001): 9290 0 -0.103189000
D/UDP-TIMING(17001): 9291 0 -0.113383000
D/UDP-TIMING(17001): 9292 0 -0.123547000
D/UDP-TIMING(17001): 9293 0 -0.103405000
D/UDP-TIMING(17001): 9294 0 -0.113538000
D/UDP-TIMING(17001): 9295 0 -0.123664000
D/UDP-TIMING(17001): 9296 0 -0.103882000
D/UDP-TIMING(17001): 9297 0 -0.114081000
E/TrafficStats( 1673): [QCTMM]tryAll index=0
E/TrafficStats( 1673): [QCTMM]tryAll index=1
E/TrafficStats( 1673): [QCTMM]tryAll index=2
E/TrafficStats( 1673): [QCTMM]tryAll index=0
E/TrafficStats( 1673): [QCTMM]tryAll index=1
E/TrafficStats( 1673): [QCTMM]tryAll index=2
D/DATA    ( 1860): sentSinceLastRecv=0,watchdogTrigger=10,maxindex=0
D/UDP-TIMING(17001): 9298 0 -0.093575000
D/UDP-TIMING(17001): 9299 0 -0.103763000
D/UDP-TIMING(17001): 9300 0 -0.113955000
D/UDP-TIMING(17001): 9301 0 -0.124014000
D/UDP-TIMING(17001): 9302 0 -0.105058000
D/UDP-TIMING(17001): 9303 0 -0.115166000
D/UDP-TIMING(17001): 9304 0 -0.095023000
D/UDP-TIMING(17001): 9305 0 -0.105182000
D/UDP-TIMING(17001): 9306 0 -0.115378000
D/UDP-TIMING(17001): 9307 0 -0.095824000
D/UDP-TIMING(17001): 9308 0 -0.105983000
D/UDP-TIMING(17001): 9309 0 -0.116183000
D/UDP-TIMING(17001): 9310 0 -0.096131000
D/UDP-TIMING(17001): 9311 0 -0.106232000
D/UDP-TIMING(17001): 9312 0 -0.116432000
D/UDP-TIMING(17001): 9313 0 -0.096807000
D/UDP-TIMING(17001): 9314 0 -0.106994000
D/UDP-TIMING(17001): 9315 0 -0.117188000
D/UDP-TIMING(17001): 9316 0 -0.097233000
D/UDP-TIMING(17001): 9317 0 -0.107424000
D/UDP-TIMING(17001): 9318 0 -0.117586000
D/UDP-TIMING(17001): 9319 0 -0.098089000
D/UDP-TIMING(17001): 9320 0 -0.108284000
D/UDP-TIMING(17001): 9321 0 -0.118442000
D/UDP-TIMING(17001): 9322 0 -0.098391000
D/UDP-TIMING(17001): 9323 0 -0.108581000
D/UDP-TIMING(17001): 9324 0 -0.118751000
D/UDP-TIMING(17001): 9325 0 -0.099218000
D/UDP-TIMING(17001): 9326 0 -0.109412000
D/UDP-TIMING(17001): 9327 0 -0.119613000
D/UDP-TIMING(17001): 9328 0 -0.099658000
D/UDP-TIMING(17001): 9329 0 -0.109801000
D/UDP-TIMING(17001): 9330 0 -0.119997000
D/UDP-TIMING(17001): 9331 0 -0.100135000
D/UDP-TIMING(17001): 9332 0 -0.110296000
D/UDP-TIMING(17001): 9333 0 -0.120488000
D/UDP-TIMING(17001): 9334 0 -0.100737000
D/UDP-TIMING(17001): 9335 0 -0.110895000
D/UDP-TIMING(17001): 9336 0 -0.091012000
D/UDP-TIMING(17001): 9337 0 -0.101120000
D/UDP-TIMING(17001): 9338 0 -0.111207000
D/UDP-TIMING(17001): 9339 0 -0.121335000
D/UDP-TIMING(17001): 9340 0 -0.101696000
D/UDP-TIMING(17001): 9341 0 -0.111823000
D/UDP-TIMING(17001): 9342 0 -0.121951000
D/UDP-TIMING(17001): 9343 0 -0.101846000
D/UDP-TIMING(17001): 9344 0 -0.111971000
D/UDP-TIMING(17001): 9345 0 -0.122113000
D/UDP-TIMING(17001): 9346 0 -0.102239000
D/UDP-TIMING(17001): 9347 0 -0.112366000
D/UDP-TIMING(17001): 9348 0 -0.122468000
D/UDP-TIMING(17001): 9349 0 -0.102732000
D/UDP-TIMING(17001): 9350 0 -0.112815000
D/UDP-TIMING(17001): 9351 0 -0.093212000
D/UDP-TIMING(17001): 9352 0 -0.103309000
D/UDP-TIMING(17001): 9353 0 -0.113446000
D/UDP-TIMING(17001): 9354 0 -0.119759000
D/UDP-TIMING(17001): 9355 0 -0.103393000
D/UDP-TIMING(17001): 9356 0 -0.113521000
D/UDP-TIMING(17001): 9357 0 -0.123608000
D/UDP-TIMING(17001): 9358 0 -0.103769000
D/UDP-TIMING(17001): 9359 0 -0.113897000
D/UDP-TIMING(17001): 9360 0 -0.094083000
D/UDP-TIMING(17001): 9361 0 -0.104217000
D/UDP-TIMING(17001): 9362 0 -0.114319000
D/UDP-TIMING(17001): 9363 0 -0.094874000
D/UDP-TIMING(17001): 9364 0 -0.105030000
D/UDP-TIMING(17001): 9365 0 -0.115230000
D/UDP-TIMING(17001): 9366 0 -0.095361000
D/UDP-TIMING(17001): 9367 0 -0.105524000
D/UDP-TIMING(17001): 9368 0 -0.115719000
D/UDP-TIMING(17001): 9369 0 -0.095674000
D/UDP-TIMING(17001): 9370 0 -0.105864000
D/UDP-TIMING(17001): 9371 0 -0.116028000
D/UDP-TIMING(17001): 9372 0 -0.096460000
D/UDP-TIMING(17001): 9373 0 -0.106652000
D/UDP-TIMING(17001): 9374 0 -0.086561000
D/UDP-TIMING(17001): 9375 0 -0.096752000
D/UDP-TIMING(17001): 9376 0 -0.106942000
D/UDP-TIMING(17001): 9377 0 -0.117131000
D/UDP-TIMING(17001): 9378 0 -0.097594000
D/UDP-TIMING(17001): 9379 0 -0.107782000
D/UDP-TIMING(17001): 9380 0 -0.117974000
D/UDP-TIMING(17001): 9381 0 -0.097857000
D/UDP-TIMING(17001): 9382 0 -0.108044000
D/UDP-TIMING(17001): 9383 0 -0.118244000
D/UDP-TIMING(17001): 9384 0 -0.098801000
D/UDP-TIMING(17001): 9385 0 -0.108996000
D/UDP-TIMING(17001): 9386 0 -0.119157000
D/UDP-TIMING(17001): 9387 0 -0.099015000
D/UDP-TIMING(17001): 9388 0 -0.109173000
D/UDP-TIMING(17001): 9389 0 -0.119370000
D/UDP-TIMING(17001): 9390 0 -0.099960000
D/UDP-TIMING(17001): 9391 0 -0.110155000
D/UDP-TIMING(17001): 9392 0 -0.089921000
D/UDP-TIMING(17001): 9393 0 -0.100109000
D/UDP-TIMING(17001): 9394 0 -0.110335000
D/UDP-TIMING(17001): 9395 0 -0.120527000
D/UDP-TIMING(17001): 9396 0 -0.101116000
D/UDP-TIMING(17001): 9397 0 -0.111276000
D/UDP-TIMING(17001): 9398 0 -0.121472000
E/TrafficStats( 1673): [QCTMM]tryAll index=0
E/TrafficStats( 1673): [QCTMM]tryAll index=1
E/TrafficStats( 1673): [QCTMM]tryAll index=2
E/TrafficStats( 1673): [QCTMM]tryAll index=0
E/TrafficStats( 1673): [QCTMM]tryAll index=1
E/TrafficStats( 1673): [QCTMM]tryAll index=2
D/DATA    ( 1860): sentSinceLastRecv=0,watchdogTrigger=10,maxindex=0
D/UDP-TIMING(17001): 9399 0 -0.100715000
D/UDP-TIMING(17001): 9400 0 -0.110907000
D/UDP-TIMING(17001): 9401 0 -0.121072000
D/UDP-TIMING(17001): 9402 0 -0.102276000
D/UDP-TIMING(17001): 9403 0 -0.112436000
D/UDP-TIMING(17001): 9404 0 -0.122526000
D/UDP-TIMING(17001): 9405 0 -0.102773000
D/UDP-TIMING(17001): 9406 0 -0.112850000
D/UDP-TIMING(17001): 9407 0 -0.123038000
D/UDP-TIMING(17001): 9408 0 -0.102912000
D/UDP-TIMING(17001): 9409 0 -0.113100000
D/UDP-TIMING(17001): 9410 0 -0.093585000
D/UDP-TIMING(17001): 9411 0 -0.103764000
D/UDP-TIMING(17001): 9412 0 -0.113915000
D/UDP-TIMING(17001): 9413 0 -0.093798000
D/UDP-TIMING(17001): 9414 0 -0.103981000
D/UDP-TIMING(17001): 9415 0 -0.114172000
D/UDP-TIMING(17001): 9416 0 -0.094538000
D/UDP-TIMING(17001): 9417 0 -0.104684000
D/UDP-TIMING(17001): 9418 0 -0.114865000
D/UDP-TIMING(17001): 9419 0 -0.094896000
D/UDP-TIMING(17001): 9420 0 -0.105077000
D/UDP-TIMING(17001): 9421 0 -0.115264000
D/UDP-TIMING(17001): 9422 0 -0.095701000
D/UDP-TIMING(17001): 9423 0 -0.105893000
D/UDP-TIMING(17001): 9424 0 -0.116056000
D/UDP-TIMING(17001): 9425 0 -0.096004000
D/UDP-TIMING(17001): 9426 0 -0.106192000
D/UDP-TIMING(17001): 9427 0 -0.116362000
D/UDP-TIMING(17001): 9428 0 -0.096834000
D/UDP-TIMING(17001): 9429 0 -0.107022000
D/UDP-TIMING(17001): 9430 0 -0.117222000
D/UDP-TIMING(17001): 9431 0 -0.097202000
D/UDP-TIMING(17001): 9432 0 -0.107368000
D/UDP-TIMING(17001): 9433 0 -0.117590000
D/UDP-TIMING(17001): 9434 0 -0.097993000
D/UDP-TIMING(17001): 9435 0 -0.108186000
D/UDP-TIMING(17001): 9436 0 -0.118337000
D/UDP-TIMING(17001): 9437 0 -0.098346000
D/UDP-TIMING(17001): 9438 0 -0.108540000
D/UDP-TIMING(17001): 9439 0 -0.118723000
D/UDP-TIMING(17001): 9440 0 -0.099220000
D/UDP-TIMING(17001): 9441 0 -0.109389000
D/UDP-TIMING(17001): 9442 0 -0.119581000
D/UDP-TIMING(17001): 9443 0 -0.099713000
D/UDP-TIMING(17001): 9444 0 -0.109869000
D/UDP-TIMING(17001): 9445 0 -0.120058000
D/UDP-TIMING(17001): 9446 0 -0.100157000
D/UDP-TIMING(17001): 9447 0 -0.080501000
D/UDP-TIMING(17001): 9448 0 -0.090664000
D/UDP-TIMING(17001): 9449 0 -0.100851000
D/UDP-TIMING(17001): 9450 0 -0.111040000
D/UDP-TIMING(17001): 9451 0 -0.090991000
D/UDP-TIMING(17001): 9452 0 -0.101138000
D/UDP-TIMING(17001): 9453 0 -0.111327000
D/UDP-TIMING(17001): 9454 0 -0.121521000
D/UDP-TIMING(17001): 9455 0 -0.101964000
D/UDP-TIMING(17001): 9456 0 -0.112124000
D/UDP-TIMING(17001): 9457 0 -0.122318000
D/UDP-TIMING(17001): 9458 0 -0.102287000
D/UDP-TIMING(17001): 9459 0 -0.112476000
D/UDP-TIMING(17001): 9460 0 -0.122568000
D/UDP-TIMING(17001): 9461 0 -0.103018000
D/UDP-TIMING(17001): 9462 0 -0.113209000
D/UDP-TIMING(17001): 9463 0 -0.123403000
D/UDP-TIMING(17001): 9464 0 -0.103171000
D/UDP-TIMING(17001): 9465 0 -0.113356000
D/UDP-TIMING(17001): 9466 0 -0.123548000
D/UDP-TIMING(17001): 9467 0 -0.104051000
D/UDP-TIMING(17001): 9468 0 -0.114211000
D/UDP-TIMING(17001): 9469 0 -0.124343000
D/UDP-TIMING(17001): 9470 0 -0.104322000
D/UDP-TIMING(17001): 9471 0 -0.114515000
D/UDP-TIMING(17001): 9472 0 -0.094924000
D/UDP-TIMING(17001): 9473 0 -0.105117000
D/UDP-TIMING(17001): 9474 0 -0.115277000
D/UDP-TIMING(17001): 9475 0 -0.095229000
D/UDP-TIMING(17001): 9476 0 -0.105329000
D/UDP-TIMING(17001): 9477 0 -0.115516000
D/UDP-TIMING(17001): 9478 0 -0.095980000
D/UDP-TIMING(17001): 9479 0 -0.106168000
D/UDP-TIMING(17001): 9480 0 -0.116359000
D/UDP-TIMING(17001): 9481 0 -0.096587000
D/UDP-TIMING(17001): 9482 0 -0.106738000
D/UDP-TIMING(17001): 9483 0 -0.086659000
D/UDP-TIMING(17001): 9484 0 -0.096813000
D/UDP-TIMING(17001): 9485 0 -0.107007000
D/UDP-TIMING(17001): 9486 0 -0.117196000
D/UDP-TIMING(17001): 9487 0 -0.097666000
D/UDP-TIMING(17001): 9488 0 -0.107855000
D/UDP-TIMING(17001): 9489 0 -0.118043000
E/TrafficStats(16531): [QCTMM]tryAll index=0
E/TrafficStats(16531): [QCTMM]tryAll index=1
E/TrafficStats(16531): [QCTMM]tryAll index=2
D/UDP-TIMING(17001): 9490 0 -0.095277000
D/UDP-TIMING(17001): 9491 0 -0.105466000
D/UDP-TIMING(17001): 9492 0 -0.115655000
E/TrafficStats(16531): [QCTMM]tryAll index=0
E/TrafficStats(16531): [QCTMM]tryAll index=1
D/UDP-TIMING(17001): 9493 0 -0.098139000
D/UDP-TIMING(17001): 9494 0 -0.108337000
D/UDP-TIMING(17001): 9495 0 -0.118526000
E/TrafficStats(16531): [QCTMM]tryAll index=2
E/TrafficStats(16531): [QCTMM]tryAll index=0
E/TrafficStats(16531): [QCTMM]tryAll index=1
D/UDP-TIMING(17001): 9496 0 -0.098627000
D/UDP-TIMING(17001): 9497 0 -0.108813000
D/UDP-TIMING(17001): 9498 0 -0.119003000
E/TrafficStats( 1673): [QCTMM]tryAll index=0
E/TrafficStats( 1673): [QCTMM]tryAll index=1
E/TrafficStats( 1673): [QCTMM]tryAll index=2
E/TrafficStats( 1673): [QCTMM]tryAll index=0
E/TrafficStats( 1673): [QCTMM]tryAll index=1
E/TrafficStats( 1673): [QCTMM]tryAll index=2
D/DATA    ( 1860): sentSinceLastRecv=0,watchdogTrigger=10,maxindex=0
E/TrafficStats(16531): [QCTMM]tryAll index=2
E/TrafficStats(16531): [QCTMM]tryAll index=0
D/UDP-TIMING(17001): 9499 0 -0.100227000
D/UDP-TIMING(17001): 9500 0 -0.110353000
D/UDP-TIMING(17001): 9501 0 -0.120488000
E/TrafficStats(16531): [QCTMM]tryAll index=1
E/TrafficStats(16531): [QCTMM]tryAll index=2
D/UDP-TIMING(17001): 9502 0 -0.100472000
D/UDP-TIMING(17001): 9503 0 -0.110662000
D/UDP-TIMING(17001): 9504 0 -0.120855000
D/UDP-TIMING(17001): 9505 0 -0.101503000
D/UDP-TIMING(17001): 9506 0 -0.111694000
D/UDP-TIMING(17001): 9507 0 -0.121826000
D/UDP-TIMING(17001): 9508 0 -0.101578000
D/UDP-TIMING(17001): 9509 0 -0.111763000
D/UDP-TIMING(17001): 9510 0 -0.121926000
D/UDP-TIMING(17001): 9511 0 -0.102043000
D/UDP-TIMING(17001): 9512 0 -0.112225000
D/UDP-TIMING(17001): 9513 0 -0.092041000
D/UDP-TIMING(17001): 9514 0 -0.102220000
D/UDP-TIMING(17001): 9515 0 -0.112369000
D/UDP-TIMING(17001): 9516 0 -0.122478000
D/UDP-TIMING(17001): 9517 0 -0.102577000
D/UDP-TIMING(17001): 9518 0 -0.112753000
D/UDP-TIMING(17001): 9519 0 -0.122841000
D/UDP-TIMING(17001): 9520 0 -0.103341000
D/UDP-TIMING(17001): 9521 0 -0.113523000
D/UDP-TIMING(17001): 9522 0 -0.123702000
D/UDP-TIMING(17001): 9523 0 -0.103559000
D/UDP-TIMING(17001): 9524 0 -0.113718000
D/UDP-TIMING(17001): 9525 0 -0.094125000
D/UDP-TIMING(17001): 9526 0 -0.104302000
D/UDP-TIMING(17001): 9527 0 -0.114483000
D/UDP-TIMING(17001): 9528 0 -0.094304000
D/UDP-TIMING(17001): 9529 0 -0.104481000
D/UDP-TIMING(17001): 9530 0 -0.114629000
D/UDP-TIMING(17001): 9531 0 -0.095203000
D/UDP-TIMING(17001): 9532 0 -0.105380000
D/UDP-TIMING(17001): 9533 0 -0.115564000
D/UDP-TIMING(17001): 9534 0 -0.095225000
D/UDP-TIMING(17001): 9535 0 -0.105438000
D/UDP-TIMING(17001): 9536 0 -0.115619000
D/UDP-TIMING(17001): 9537 0 -0.096453000
D/UDP-TIMING(17001): 9538 0 -0.106630000
D/UDP-TIMING(17001): 9539 0 -0.116780000
D/UDP-TIMING(17001): 9540 0 -0.096567000
D/UDP-TIMING(17001): 9541 0 -0.106742000
D/UDP-TIMING(17001): 9542 0 -0.116889000
D/UDP-TIMING(17001): 9543 0 -0.097431000
D/UDP-TIMING(17001): 9544 0 -0.107564000
D/UDP-TIMING(17001): 9545 0 -0.117713000
D/UDP-TIMING(17001): 9546 0 -0.097614000
D/UDP-TIMING(17001): 9547 0 -0.107792000
D/UDP-TIMING(17001): 9548 0 -0.117945000
D/UDP-TIMING(17001): 9549 0 -0.098425000
D/UDP-TIMING(17001): 9550 0 -0.108608000
D/UDP-TIMING(17001): 9551 0 -0.118788000
D/UDP-TIMING(17001): 9552 0 -0.098541000
D/UDP-TIMING(17001): 9553 0 -0.108719000
D/UDP-TIMING(17001): 9554 0 -0.118898000
D/UDP-TIMING(17001): 9555 0 -0.099508000
D/UDP-TIMING(17001): 9556 0 -0.109684000
D/UDP-TIMING(17001): 9557 0 -0.119833000
D/UDP-TIMING(17001): 9558 0 -0.100560000
D/UDP-TIMING(17001): 9559 0 -0.110736000
D/UDP-TIMING(17001): 9560 0 -0.120913000
D/UDP-TIMING(17001): 9561 0 -0.100983000
D/UDP-TIMING(17001): 9562 0 -0.111158000
D/UDP-TIMING(17001): 9563 0 -0.121342000
D/UDP-TIMING(17001): 9564 0 -0.101641000
D/UDP-TIMING(17001): 9565 0 -0.111779000
D/UDP-TIMING(17001): 9566 0 -0.121976000
D/UDP-TIMING(17001): 9567 0 -0.101759000
D/UDP-TIMING(17001): 9568 0 -0.111943000
D/UDP-TIMING(17001): 9569 0 -0.122125000
D/UDP-TIMING(17001): 9570 0 -0.102223000
D/UDP-TIMING(17001): 9571 0 -0.112405000
D/UDP-TIMING(17001): 9572 0 -0.092063000
D/UDP-TIMING(17001): 9573 0 -0.102151000
D/UDP-TIMING(17001): 9574 0 -0.112328000
D/UDP-TIMING(17001): 9575 0 -0.122438000
D/UDP-TIMING(17001): 9576 0 -0.102679000
D/UDP-TIMING(17001): 9577 0 -0.112832000
D/UDP-TIMING(17001): 9578 0 -0.122957000
D/UDP-TIMING(17001): 9579 0 -0.103276000
D/UDP-TIMING(17001): 9580 0 -0.113427000
D/UDP-TIMING(17001): 9581 0 -0.123613000
D/UDP-TIMING(17001): 9582 0 -0.104083000
D/UDP-TIMING(17001): 9583 0 -0.114232000
D/UDP-TIMING(17001): 9584 0 -0.124412000
D/UDP-TIMING(17001): 9585 0 -0.104338000
D/UDP-TIMING(17001): 9586 0 -0.114489000
D/UDP-TIMING(17001): 9587 0 -0.094831000
D/UDP-TIMING(17001): 9588 0 -0.104965000
D/UDP-TIMING(17001): 9589 0 -0.115146000
D/UDP-TIMING(17001): 9590 0 -0.095119000
D/UDP-TIMING(17001): 9591 0 -0.105254000
D/UDP-TIMING(17001): 9592 0 -0.115433000
D/UDP-TIMING(17001): 9593 0 -0.095874000
D/UDP-TIMING(17001): 9594 0 -0.106023000
D/UDP-TIMING(17001): 9595 0 -0.116206000
D/UDP-TIMING(17001): 9596 0 -0.096010000
D/UDP-TIMING(17001): 9597 0 -0.106140000
D/UDP-TIMING(17001): 9598 0 -0.116287000
E/TrafficStats( 1673): [QCTMM]tryAll index=0
E/TrafficStats( 1673): [QCTMM]tryAll index=1
E/TrafficStats( 1673): [QCTMM]tryAll index=2
E/TrafficStats( 1673): [QCTMM]tryAll index=0
E/TrafficStats( 1673): [QCTMM]tryAll index=1
E/TrafficStats( 1673): [QCTMM]tryAll index=2
D/DATA    ( 1860): sentSinceLastRecv=0,watchdogTrigger=10,maxindex=0
D/UDP-TIMING(17001): 9599 0 -0.096484000
D/UDP-TIMING(17001): 9600 0 -0.106628000
D/UDP-TIMING(17001): 9601 0 -0.087026000
D/UDP-TIMING(17001): 9602 0 -0.097156000
D/UDP-TIMING(17001): 9603 0 -0.107290000
D/UDP-TIMING(17001): 9604 0 -0.117468000
D/UDP-TIMING(17001): 9605 0 -0.097421000
D/UDP-TIMING(17001): 9606 0 -0.107601000
D/UDP-TIMING(17001): 9607 0 -0.117784000
D/UDP-TIMING(17001): 9608 0 -0.098225000
D/UDP-TIMING(17001): 9609 0 -0.108407000
D/UDP-TIMING(17001): 9610 0 -0.118560000
D/UDP-TIMING(17001): 9611 0 -0.098472000
D/UDP-TIMING(17001): 9612 0 -0.108650000
D/UDP-TIMING(17001): 9613 0 -0.118831000
D/UDP-TIMING(17001): 9614 0 -0.099102000
D/UDP-TIMING(17001): 9615 0 -0.109281000
D/UDP-TIMING(17001): 9616 0 -0.119464000
D/UDP-TIMING(17001): 9617 0 -0.099466000
D/UDP-TIMING(17001): 9618 0 -0.109642000
D/UDP-TIMING(17001): 9619 0 -0.119811000
D/UDP-TIMING(17001): 9620 0 -0.100459000
D/UDP-TIMING(17001): 9621 0 -0.110618000
D/UDP-TIMING(17001): 9622 0 -0.090447000
D/UDP-TIMING(17001): 9623 0 -0.100578000
D/UDP-TIMING(17001): 9624 0 -0.110763000
D/UDP-TIMING(17001): 9625 0 -0.120953000
D/UDP-TIMING(17001): 9626 0 -0.101447000
D/UDP-TIMING(17001): 9627 0 -0.111620000
D/UDP-TIMING(17001): 9628 0 -0.121814000
D/UDP-TIMING(17001): 9629 0 -0.102040000
D/UDP-TIMING(17001): 9630 0 -0.112136000
D/UDP-TIMING(17001): 9631 0 -0.122329000
D/UDP-TIMING(17001): 9632 0 -0.102486000
D/UDP-TIMING(17001): 9633 0 -0.112594000
D/UDP-TIMING(17001): 9634 0 -0.122787000
D/UDP-TIMING(17001): 9635 0 -0.102967000
D/UDP-TIMING(17001): 9636 0 -0.113129000
D/UDP-TIMING(17001): 9637 0 -0.123217000
D/UDP-TIMING(17001): 9638 0 -0.103111000
D/UDP-TIMING(17001): 9639 0 -0.113301000
D/UDP-TIMING(17001): 9640 0 -0.122147000
D/UDP-TIMING(17001): 9641 0 -0.103975000
D/UDP-TIMING(17001): 9642 0 -0.114169000
D/UDP-TIMING(17001): 9643 0 -0.093937000
D/UDP-TIMING(17001): 9644 0 -0.104074000
D/UDP-TIMING(17001): 9645 0 -0.114237000
D/UDP-TIMING(17001): 9646 0 -0.094736000
D/UDP-TIMING(17001): 9647 0 -0.104924000
D/UDP-TIMING(17001): 9648 0 -0.115120000
D/UDP-TIMING(17001): 9649 0 -0.095042000
D/UDP-TIMING(17001): 9650 0 -0.105144000
D/UDP-TIMING(17001): 9651 0 -0.115329000
D/UDP-TIMING(17001): 9652 0 -0.095831000
D/UDP-TIMING(17001): 9653 0 -0.105964000
D/UDP-TIMING(17001): 9654 0 -0.116154000
D/UDP-TIMING(17001): 9655 0 -0.095984000
D/UDP-TIMING(17001): 9656 0 -0.106083000
D/UDP-TIMING(17001): 9657 0 -0.116278000
D/UDP-TIMING(17001): 9658 0 -0.096746000
D/UDP-TIMING(17001): 9659 0 -0.106931000
D/UDP-TIMING(17001): 9660 0 -0.117090000
D/UDP-TIMING(17001): 9661 0 -0.097103000
D/UDP-TIMING(17001): 9662 0 -0.107292000
D/UDP-TIMING(17001): 9663 0 -0.087731000
D/UDP-TIMING(17001): 9664 0 -0.097917000
D/UDP-TIMING(17001): 9665 0 -0.108109000
D/UDP-TIMING(17001): 9666 0 -0.118292000
D/UDP-TIMING(17001): 9667 0 -0.098454000
D/UDP-TIMING(17001): 9668 0 -0.108631000
D/UDP-TIMING(17001): 9669 0 -0.118809000
D/UDP-TIMING(17001): 9670 0 -0.098438000
D/UDP-TIMING(17001): 9671 0 -0.108626000
D/UDP-TIMING(17001): 9672 0 -0.118780000
D/UDP-TIMING(17001): 9673 0 -0.099446000
D/UDP-TIMING(17001): 9674 0 -0.109621000
D/UDP-TIMING(17001): 9675 0 -0.119769000
D/UDP-TIMING(17001): 9676 0 -0.099766000
D/UDP-TIMING(17001): 9677 0 -0.109912000
D/UDP-TIMING(17001): 9678 0 -0.120046000
D/UDP-TIMING(17001): 9679 0 -0.100530000
D/UDP-TIMING(17001): 9680 0 -0.110710000
D/UDP-TIMING(17001): 9681 0 -0.090560000
D/UDP-TIMING(17001): 9682 0 -0.100695000
D/UDP-TIMING(17001): 9683 0 -0.110873000
D/UDP-TIMING(17001): 9684 0 -0.121057000
D/UDP-TIMING(17001): 9685 0 -0.101541000
D/UDP-TIMING(17001): 9686 0 -0.111725000
D/UDP-TIMING(17001): 9687 0 -0.121879000
D/UDP-TIMING(17001): 9688 0 -0.101818000
D/UDP-TIMING(17001): 9689 0 -0.111904000
D/UDP-TIMING(17001): 9690 0 -0.092360000
D/UDP-TIMING(17001): 9691 0 -0.102498000
D/UDP-TIMING(17001): 9692 0 -0.112675000
D/UDP-TIMING(17001): 9693 0 -0.122854000
D/UDP-TIMING(17001): 9694 0 -0.102746000
D/UDP-TIMING(17001): 9695 0 -0.112960000
D/UDP-TIMING(17001): 9696 0 -0.123103000
E/TrafficStats( 1673): [QCTMM]tryAll index=0
E/TrafficStats( 1673): [QCTMM]tryAll index=1
E/TrafficStats( 1673): [QCTMM]tryAll index=2
D/UDP-TIMING(17001): 9697 0 -0.103099000
D/UDP-TIMING(17001): 9698 0 -0.113255000
D/UDP-TIMING(17001): 9699 0 -0.123428000
E/TrafficStats( 1673): [QCTMM]tryAll index=0
E/TrafficStats( 1673): [QCTMM]tryAll index=1
E/TrafficStats( 1673): [QCTMM]tryAll index=2
D/DATA    ( 1860): sentSinceLastRecv=0,watchdogTrigger=10,maxindex=0
D/UDP-TIMING(17001): 9700 0 -0.103304000
D/UDP-TIMING(17001): 9701 0 -0.113480000
D/UDP-TIMING(17001): 9702 0 -0.123627000
D/UDP-TIMING(17001): 9703 0 -0.104635000
D/UDP-TIMING(17001): 9704 0 -0.114780000
D/UDP-TIMING(17001): 9705 0 -0.095021000
D/UDP-TIMING(17001): 9706 0 -0.105201000
D/UDP-TIMING(17001): 9707 0 -0.115357000
D/UDP-TIMING(17001): 9708 0 -0.095322000
D/UDP-TIMING(17001): 9709 0 -0.105502000
D/UDP-TIMING(17001): 9710 0 -0.115648000
D/UDP-TIMING(17001): 9711 0 -0.095858000
D/UDP-TIMING(17001): 9712 0 -0.106048000
D/UDP-TIMING(17001): 9713 0 -0.116233000
D/UDP-TIMING(17001): 9714 0 -0.096391000
D/UDP-TIMING(17001): 9715 0 -0.106537000
D/UDP-TIMING(17001): 9716 0 -0.116725000
D/UDP-TIMING(17001): 9717 0 -0.097146000
D/UDP-TIMING(17001): 9718 0 -0.107330000
D/UDP-TIMING(17001): 9719 0 -0.117511000
D/UDP-TIMING(17001): 9720 0 -0.097452000
D/UDP-TIMING(17001): 9721 0 -0.107574000
D/UDP-TIMING(17001): 9722 0 -0.117704000
D/UDP-TIMING(17001): 9723 0 -0.097988000
D/UDP-TIMING(17001): 9724 0 -0.108083000
D/UDP-TIMING(17001): 9725 0 -0.118207000
D/UDP-TIMING(17001): 9726 0 -0.098213000
D/UDP-TIMING(17001): 9727 0 -0.108309000
D/UDP-TIMING(17001): 9728 0 -0.118440000
D/UDP-TIMING(17001): 9729 0 -0.098962000
D/UDP-TIMING(17001): 9730 0 -0.109123000
D/UDP-TIMING(17001): 9731 0 -0.119317000
D/UDP-TIMING(17001): 9732 0 -0.099196000
D/UDP-TIMING(17001): 9733 0 -0.109384000
D/UDP-TIMING(17001): 9734 0 -0.119549000
D/UDP-TIMING(17001): 9735 0 -0.100107000
D/UDP-TIMING(17001): 9736 0 -0.110271000
D/UDP-TIMING(17001): 9737 0 -0.120462000
D/UDP-TIMING(17001): 9738 0 -0.100193000
D/UDP-TIMING(17001): 9739 0 -0.110383000
D/UDP-TIMING(17001): 9740 0 -0.120543000
D/UDP-TIMING(17001): 9741 0 -0.101265000
D/UDP-TIMING(17001): 9742 0 -0.111458000
D/UDP-TIMING(17001): 9743 0 -0.121653000
D/UDP-TIMING(17001): 9744 0 -0.101722000
D/UDP-TIMING(17001): 9745 0 -0.111855000
D/UDP-TIMING(17001): 9746 0 -0.122083000
D/UDP-TIMING(17001): 9747 0 -0.102036000
D/UDP-TIMING(17001): 9748 0 -0.112224000
D/UDP-TIMING(17001): 9749 0 -0.122318000
D/UDP-TIMING(17001): 9750 0 -0.102750000
D/UDP-TIMING(17001): 9751 0 -0.112941000
D/UDP-TIMING(17001): 9752 0 -0.123034000
D/UDP-TIMING(17001): 9753 0 -0.103072000
D/UDP-TIMING(17001): 9754 0 -0.113264000
D/UDP-TIMING(17001): 9755 0 -0.093739000
D/UDP-TIMING(17001): 9756 0 -0.103872000
D/UDP-TIMING(17001): 9757 0 -0.114034000
D/UDP-TIMING(17001): 9758 0 -0.094014000
D/UDP-TIMING(17001): 9759 0 -0.104157000
D/UDP-TIMING(17001): 9760 0 -0.084535000
D/UDP-TIMING(17001): 9761 0 -0.094668000
D/UDP-TIMING(17001): 9762 0 -0.104834000
D/UDP-TIMING(17001): 9763 0 -0.114990000
D/UDP-TIMING(17001): 9764 0 -0.094812000
D/UDP-TIMING(17001): 9765 0 -0.105039000
D/UDP-TIMING(17001): 9766 0 -0.115192000
D/UDP-TIMING(17001): 9767 0 -0.095789000
D/UDP-TIMING(17001): 9768 0 -0.105966000
D/UDP-TIMING(17001): 9769 0 -0.116139000
D/UDP-TIMING(17001): 9770 0 -0.096042000
D/UDP-TIMING(17001): 9771 0 -0.106193000
D/UDP-TIMING(17001): 9772 0 -0.116369000
D/UDP-TIMING(17001): 9773 0 -0.096855000
D/UDP-TIMING(17001): 9774 0 -0.107005000
D/UDP-TIMING(17001): 9775 0 -0.117187000
D/UDP-TIMING(17001): 9776 0 -0.097096000
D/UDP-TIMING(17001): 9777 0 -0.107244000
D/UDP-TIMING(17001): 9778 0 -0.117424000
D/UDP-TIMING(17001): 9779 0 -0.097876000
D/UDP-TIMING(17001): 9780 0 -0.108028000
D/UDP-TIMING(17001): 9781 0 -0.118208000
D/UDP-TIMING(17001): 9782 0 -0.098449000
D/UDP-TIMING(17001): 9783 0 -0.108633000
D/UDP-TIMING(17001): 9784 0 -0.118786000
D/UDP-TIMING(17001): 9785 0 -0.098727000
D/UDP-TIMING(17001): 9786 0 -0.108881000
D/UDP-TIMING(17001): 9787 0 -0.119063000
D/UDP-TIMING(17001): 9788 0 -0.099579000
D/UDP-TIMING(17001): 9789 0 -0.109756000
D/UDP-TIMING(17001): 9790 0 -0.119938000
D/UDP-TIMING(17001): 9791 0 -0.099810000
D/UDP-TIMING(17001): 9792 0 -0.109994000
D/UDP-TIMING(17001): 9793 0 -0.120176000
D/UDP-TIMING(17001): 9794 0 -0.100639000
D/UDP-TIMING(17001): 9795 0 -0.110818000
E/TrafficStats( 1673): [QCTMM]tryAll index=0
E/TrafficStats( 1673): [QCTMM]tryAll index=1
E/TrafficStats( 1673): [QCTMM]tryAll index=2
D/UDP-TIMING(17001): 9796 0 -0.090541000
D/UDP-TIMING(17001): 9797 0 -0.100716000
D/UDP-TIMING(17001): 9798 0 -0.110945000
D/UDP-TIMING(17001): 9799 0 -0.121122000
E/TrafficStats( 1673): [QCTMM]tryAll index=0
E/TrafficStats( 1673): [QCTMM]tryAll index=1
E/TrafficStats( 1673): [QCTMM]tryAll index=2
D/DATA    ( 1860): sentSinceLastRecv=0,watchdogTrigger=10,maxindex=0
D/UDP-TIMING(17001): 9800 0 -0.101274000
D/UDP-TIMING(17001): 9801 0 -0.111460000
D/UDP-TIMING(17001): 9802 0 -0.121643000
D/UDP-TIMING(17001): 9803 0 -0.102042000
D/UDP-TIMING(17001): 9804 0 -0.112250000
D/UDP-TIMING(17001): 9805 0 -0.122352000
D/UDP-TIMING(17001): 9806 0 -0.102835000
D/UDP-TIMING(17001): 9807 0 -0.113019000
D/UDP-TIMING(17001): 9808 0 -0.123204000
D/UDP-TIMING(17001): 9809 0 -0.102940000
D/UDP-TIMING(17001): 9810 0 -0.113123000
D/UDP-TIMING(17001): 9811 0 -0.123276000
D/UDP-TIMING(17001): 9812 0 -0.103870000
D/UDP-TIMING(17001): 9813 0 -0.114054000
D/UDP-TIMING(17001): 9814 0 -0.124189000
D/UDP-TIMING(17001): 9815 0 -0.103940000
D/UDP-TIMING(17001): 9816 0 -0.114126000
D/UDP-TIMING(17001): 9817 0 -0.094710000
D/UDP-TIMING(17001): 9818 0 -0.104871000
D/UDP-TIMING(17001): 9819 0 -0.115056000
D/UDP-TIMING(17001): 9820 0 -0.095321000
D/UDP-TIMING(17001): 9821 0 -0.105450000
D/UDP-TIMING(17001): 9822 0 -0.115641000
D/UDP-TIMING(17001): 9823 0 -0.095463000
D/UDP-TIMING(17001): 9824 0 -0.105647000
D/UDP-TIMING(17001): 9825 0 -0.115808000
D/UDP-TIMING(17001): 9826 0 -0.096461000
D/UDP-TIMING(17001): 9827 0 -0.106620000
D/UDP-TIMING(17001): 9828 0 -0.086476000
D/UDP-TIMING(17001): 9829 0 -0.096664000
D/UDP-TIMING(17001): 9830 0 -0.106854000
D/UDP-TIMING(17001): 9831 0 -0.117049000
D/UDP-TIMING(17001): 9832 0 -0.097856000
D/UDP-TIMING(17001): 9833 0 -0.108044000
D/UDP-TIMING(17001): 9834 0 -0.118240000
D/UDP-TIMING(17001): 9835 0 -0.097827000
D/UDP-TIMING(17001): 9836 0 -0.108022000
D/UDP-TIMING(17001): 9837 0 -0.118183000
D/UDP-TIMING(17001): 9838 0 -0.098625000
D/UDP-TIMING(17001): 9839 0 -0.108819000
D/UDP-TIMING(17001): 9840 0 -0.119009000
D/UDP-TIMING(17001): 9841 0 -0.098620000
D/UDP-TIMING(17001): 9842 0 -0.108806000
D/UDP-TIMING(17001): 9843 0 -0.118995000
D/UDP-TIMING(17001): 9844 0 -0.099801000
D/UDP-TIMING(17001): 9845 0 -0.109956000
D/UDP-TIMING(17001): 9846 0 -0.120143000
D/UDP-TIMING(17001): 9847 0 -0.100182000
D/UDP-TIMING(17001): 9848 0 -0.110372000
D/UDP-TIMING(17001): 9849 0 -0.090811000
D/UDP-TIMING(17001): 9850 0 -0.101003000
D/UDP-TIMING(17001): 9851 0 -0.111161000
D/UDP-TIMING(17001): 9852 0 -0.121357000
D/UDP-TIMING(17001): 9853 0 -0.101302000
D/UDP-TIMING(17001): 9854 0 -0.111460000
D/UDP-TIMING(17001): 9855 0 -0.121646000
D/UDP-TIMING(17001): 9856 0 -0.102142000
D/UDP-TIMING(17001): 9857 0 -0.112341000
D/UDP-TIMING(17001): 9858 0 -0.122507000
D/UDP-TIMING(17001): 9859 0 -0.102587000
D/UDP-TIMING(17001): 9860 0 -0.112776000
D/UDP-TIMING(17001): 9861 0 -0.123016000
D/UDP-TIMING(17001): 9862 0 -0.103045000
D/UDP-TIMING(17001): 9863 0 -0.113202000
D/UDP-TIMING(17001): 9864 0 -0.123287000
D/UDP-TIMING(17001): 9865 0 -0.103790000
D/UDP-TIMING(17001): 9866 0 -0.113983000
D/UDP-TIMING(17001): 9867 0 -0.124176000
D/UDP-TIMING(17001): 9868 0 -0.104067000
D/UDP-TIMING(17001): 9869 0 -0.114262000
D/UDP-TIMING(17001): 9870 0 -0.094672000
D/UDP-TIMING(17001): 9871 0 -0.104864000
D/UDP-TIMING(17001): 9872 0 -0.084634000
D/UDP-TIMING(17001): 9873 0 -0.094800000
D/UDP-TIMING(17001): 9874 0 -0.104956000
D/UDP-TIMING(17001): 9875 0 -0.115149000
D/UDP-TIMING(17001): 9876 0 -0.095733000
D/UDP-TIMING(17001): 9877 0 -0.105892000
D/UDP-TIMING(17001): 9878 0 -0.116088000
D/UDP-TIMING(17001): 9879 0 -0.096015000
D/UDP-TIMING(17001): 9880 0 -0.106178000
D/UDP-TIMING(17001): 9881 0 -0.116375000
D/UDP-TIMING(17001): 9882 0 -0.096877000
D/UDP-TIMING(17001): 9883 0 -0.107065000
D/UDP-TIMING(17001): 9884 0 -0.117232000
D/UDP-TIMING(17001): 9885 0 -0.097182000
D/UDP-TIMING(17001): 9886 0 -0.107370000
D/UDP-TIMING(17001): 9887 0 -0.087810000
D/UDP-TIMING(17001): 9888 0 -0.097982000
D/UDP-TIMING(17001): 9889 0 -0.108150000
D/UDP-TIMING(17001): 9890 0 -0.088101000
D/UDP-TIMING(17001): 9891 0 -0.098291000
D/UDP-TIMING(17001): 9892 0 -0.108481000
D/UDP-TIMING(17001): 9893 0 -0.088889000
D/UDP-TIMING(17001): 9894 0 -0.099089000
D/UDP-TIMING(17001): 9895 0 -0.109280000
D/UDP-TIMING(17001): 9896 0 -0.119441000
E/TrafficStats( 1673): [QCTMM]tryAll index=0
E/TrafficStats( 1673): [QCTMM]tryAll index=1
E/TrafficStats( 1673): [QCTMM]tryAll index=2
D/UDP-TIMING(17001): 9897 0 -0.099690000
D/UDP-TIMING(17001): 9898 0 -0.109878000
D/UDP-TIMING(17001): 9899 0 -0.120048000
E/TrafficStats( 1673): [QCTMM]tryAll index=0
E/TrafficStats( 1673): [QCTMM]tryAll index=1
E/TrafficStats( 1673): [QCTMM]tryAll index=2
D/DATA    ( 1860): sentSinceLastRecv=0,watchdogTrigger=10,maxindex=0
D/UDP-TIMING(17001): 9900 0 -0.099506000
D/UDP-TIMING(17001): 9901 0 -0.109693000
D/UDP-TIMING(17001): 9902 0 -0.119859000
D/UDP-TIMING(17001): 9903 0 -0.100780000
D/UDP-TIMING(17001): 9904 0 -0.110940000
D/UDP-TIMING(17001): 9905 0 -0.121128000
D/UDP-TIMING(17001): 9906 0 -0.101096000
D/UDP-TIMING(17001): 9907 0 -0.111290000
D/UDP-TIMING(17001): 9908 0 -0.091671000
D/UDP-TIMING(17001): 9909 0 -0.101926000
D/UDP-TIMING(17001): 9910 0 -0.112117000
D/UDP-TIMING(17001): 9911 0 -0.122308000
D/UDP-TIMING(17001): 9912 0 -0.102281000
D/UDP-TIMING(17001): 9913 0 -0.112472000
D/UDP-TIMING(17001): 9914 0 -0.122640000
D/UDP-TIMING(17001): 9915 0 -0.102768000
D/UDP-TIMING(17001): 9916 0 -0.112924000
D/UDP-TIMING(17001): 9917 0 -0.123114000
D/UDP-TIMING(17001): 9918 0 -0.103425000
D/UDP-TIMING(17001): 9919 0 -0.113556000
D/UDP-TIMING(17001): 9920 0 -0.123745000
D/UDP-TIMING(17001): 9921 0 -0.104302000
D/UDP-TIMING(17001): 9922 0 -0.114465000
D/UDP-TIMING(17001): 9923 0 -0.094075000
D/UDP-TIMING(17001): 9924 0 -0.104236000
D/UDP-TIMING(17001): 9925 0 -0.114428000
D/UDP-TIMING(17001): 9926 0 -0.124576000
D/UDP-TIMING(17001): 9927 0 -0.105409000
D/UDP-TIMING(17001): 9928 0 -0.115570000
D/UDP-TIMING(17001): 9929 0 -0.095452000
D/UDP-TIMING(17001): 9930 0 -0.105623000
D/UDP-TIMING(17001): 9931 0 -0.115817000
D/UDP-TIMING(17001): 9932 0 -0.096322000
D/UDP-TIMING(17001): 9933 0 -0.106508000
D/UDP-TIMING(17001): 9934 0 -0.086518000
D/UDP-TIMING(17001): 9935 0 -0.096645000
D/UDP-TIMING(17001): 9936 0 -0.106831000
D/UDP-TIMING(17001): 9937 0 -0.117021000
D/UDP-TIMING(17001): 9938 0 -0.096721000
D/UDP-TIMING(17001): 9939 0 -0.106911000
D/UDP-TIMING(17001): 9940 0 -0.117105000
D/UDP-TIMING(17001): 9941 0 -0.097933000
D/UDP-TIMING(17001): 9942 0 -0.108131000
D/UDP-TIMING(17001): 9943 0 -0.118325000
D/UDP-TIMING(17001): 9944 0 -0.098210000
D/UDP-TIMING(17001): 9945 0 -0.108372000
D/UDP-TIMING(17001): 9946 0 -0.088872000
D/UDP-TIMING(17001): 9947 0 -0.099061000
D/UDP-TIMING(17001): 9948 0 -0.109254000
D/UDP-TIMING(17001): 9949 0 -0.119445000
D/UDP-TIMING(17001): 9950 0 -0.099396000
D/UDP-TIMING(17001): 9951 0 -0.109559000
D/UDP-TIMING(17001): 9952 0 -0.119750000
D/UDP-TIMING(17001): 9953 0 -0.100244000
D/UDP-TIMING(17001): 9954 0 -0.110433000
D/UDP-TIMING(17001): 9955 0 -0.120620000
D/UDP-TIMING(17001): 9956 0 -0.100505000
D/UDP-TIMING(17001): 9957 0 -0.110694000
D/UDP-TIMING(17001): 9958 0 -0.120885000
D/UDP-TIMING(17001): 9959 0 -0.101275000
D/UDP-TIMING(17001): 9960 0 -0.111463000
D/UDP-TIMING(17001): 9961 0 -0.121656000
D/UDP-TIMING(17001): 9962 0 -0.101740000
D/UDP-TIMING(17001): 9963 0 -0.111928000
D/UDP-TIMING(17001): 9964 0 -0.122154000
D/UDP-TIMING(17001): 9965 0 -0.102652000
D/UDP-TIMING(17001): 9966 0 -0.112841000
D/UDP-TIMING(17001): 9967 0 -0.123035000
D/UDP-TIMING(17001): 9968 0 -0.102876000
D/UDP-TIMING(17001): 9969 0 -0.113064000
D/UDP-TIMING(17001): 9970 0 -0.123165000
D/UDP-TIMING(17001): 9971 0 -0.103659000
D/UDP-TIMING(17001): 9972 0 -0.113844000
D/UDP-TIMING(17001): 9973 0 -0.124018000
D/UDP-TIMING(17001): 9974 0 -0.104175000
D/UDP-TIMING(17001): 9975 0 -0.114369000
D/UDP-TIMING(17001): 9976 0 -0.123310000
D/UDP-TIMING(17001): 9977 0 -0.104572000
D/UDP-TIMING(17001): 9978 0 -0.114729000
D/UDP-TIMING(17001): 9979 0 -0.095163000
D/UDP-TIMING(17001): 9980 0 -0.105353000
D/UDP-TIMING(17001): 9981 0 -0.115540000
D/UDP-TIMING(17001): 9982 0 -0.095399000
D/UDP-TIMING(17001): 9983 0 -0.105588000
D/UDP-TIMING(17001): 9984 0 -0.115751000
D/UDP-TIMING(17001): 9985 0 -0.095972000
D/UDP-TIMING(17001): 9986 0 -0.106134000
D/UDP-TIMING(17001): 9987 0 -0.116328000
D/UDP-TIMING(17001): 9988 0 -0.096494000
D/UDP-TIMING(17001): 9989 0 -0.106649000
D/UDP-TIMING(17001): 9990 0 -0.116838000
D/UDP-TIMING(17001): 9991 0 -0.097209000
D/UDP-TIMING(17001): 9992 0 -0.107403000
D/UDP-TIMING(17001): 9993 0 -0.117599000
D/UDP-TIMING(17001): 9994 0 -0.097631000
D/UDP-TIMING(17001): 9995 0 -0.107826000
D/UDP-TIMING(17001): 9996 0 -0.117986000
E/TrafficStats( 1673): [QCTMM]tryAll index=0
E/TrafficStats( 1673): [QCTMM]tryAll index=1
D/UDP-TIMING(17001): 9997 0 -0.098113000
D/UDP-TIMING(17001): 9998 0 -0.108333000
D/UDP-TIMING(17001): 9999 0 -0.118483000
E/TrafficStats( 1673): [QCTMM]tryAll index=2
E/TrafficStats( 1673): [QCTMM]tryAll index=0
E/TrafficStats( 1673): [QCTMM]tryAll index=1
E/TrafficStats( 1673): [QCTMM]tryAll index=2
D/DATA    ( 1860): sentSinceLastRecv=0,watchdogTrigger=10,maxindex=0
E/TrafficStats(16531): [QCTMM]tryAll index=0
E/TrafficStats(16531): [QCTMM]tryAll index=1
E/TrafficStats(16531): [QCTMM]tryAll index=2
E/TrafficStats(16531): [QCTMM]tryAll index=0
E/TrafficStats(16531): [QCTMM]tryAll index=1
E/TrafficStats(16531): [QCTMM]tryAll index=2
E/TrafficStats(16531): [QCTMM]tryAll index=0
E/TrafficStats(16531): [QCTMM]tryAll index=1
E/TrafficStats(16531): [QCTMM]tryAll index=2
E/TrafficStats(16531): [QCTMM]tryAll index=0
E/TrafficStats(16531): [QCTMM]tryAll index=1
E/TrafficStats(16531): [QCTMM]tryAll index=2
E/TrafficStats( 1673): [QCTMM]tryAll index=0
E/TrafficStats( 1673): [QCTMM]tryAll index=1
E/TrafficStats( 1673): [QCTMM]tryAll index=2
E/TrafficStats( 1673): [QCTMM]tryAll index=0
E/TrafficStats( 1673): [QCTMM]tryAll index=1
E/TrafficStats( 1673): [QCTMM]tryAll index=2
D/DATA    ( 1860): sentSinceLastRecv=0,watchdogTrigger=10,maxindex=0
E/TrafficStats( 1673): [QCTMM]tryAll index=0
E/TrafficStats( 1673): [QCTMM]tryAll index=1
E/TrafficStats( 1673): [QCTMM]tryAll index=2
E/TrafficStats( 1673): [QCTMM]tryAll index=0
E/TrafficStats( 1673): [QCTMM]tryAll index=1
E/TrafficStats( 1673): [QCTMM]tryAll index=2
D/DATA    ( 1860): sentSinceLastRecv=0,watchdogTrigger=10,maxindex=0
D/StatusBarPolicy( 1816): iconIndex=1
V/StatusBarPolicy( 1816): cdmaLevel:4;max:4
D/StatusBarPolicy( 1816): iconLevel:4
I/PhoneInfo( 2188): getCdmaLevel - cdmaDbm: -72 cdmaEcio:-70
I/PhoneInfo( 2188): getEvdoLevel - evdoDbm: -120 evdoSnr:-1 evdoEcio:-1
I/PhoneInfo( 2188): getLteLevel - lteRsrp: -1 lteCqi:-1
E/TrafficStats( 1673): [QCTMM]tryAll index=0
E/TrafficStats( 1673): [QCTMM]tryAll index=1
E/TrafficStats( 1673): [QCTMM]tryAll index=2
E/TrafficStats( 1673): [QCTMM]tryAll index=0
E/TrafficStats( 1673): [QCTMM]tryAll index=1
E/TrafficStats( 1673): [QCTMM]tryAll index=2
D/DATA    ( 1860): sentSinceLastRecv=0,watchdogTrigger=10,maxindex=0
E/TrafficStats( 1673): [QCTMM]tryAll index=0
E/TrafficStats( 1673): [QCTMM]tryAll index=1
E/TrafficStats( 1673): [QCTMM]tryAll index=2
E/TrafficStats( 1673): [QCTMM]tryAll index=0
E/TrafficStats( 1673): [QCTMM]tryAll index=1
E/TrafficStats( 1673): [QCTMM]tryAll index=2
D/DATA    ( 1860): sentSinceLastRecv=0,watchdogTrigger=10,maxindex=0
E/TrafficStats( 1673): [QCTMM]tryAll index=0
E/TrafficStats( 1673): [QCTMM]tryAll index=1
E/TrafficStats( 1673): [QCTMM]tryAll index=2
E/TrafficStats( 1673): [QCTMM]tryAll index=0
E/TrafficStats( 1673): [QCTMM]tryAll index=1
E/TrafficStats( 1673): [QCTMM]tryAll index=2
D/DATA    ( 1860): sentSinceLastRecv=0,watchdogTrigger=10,maxindex=0
E/TrafficStats( 1673): [QCTMM]tryAll index=0
E/TrafficStats( 1673): [QCTMM]tryAll index=1
E/TrafficStats( 1673): [QCTMM]tryAll index=2
E/TrafficStats( 1673): [QCTMM]tryAll index=0
E/TrafficStats( 1673): [QCTMM]tryAll index=1
E/TrafficStats( 1673): [QCTMM]tryAll index=2
D/DATA    ( 1860): sentSinceLastRecv=0,watchdogTrigger=10,maxindex=0
E/TrafficStats(16531): [QCTMM]tryAll index=0
E/TrafficStats(16531): [QCTMM]tryAll index=1
E/TrafficStats(16531): [QCTMM]tryAll index=2
E/TrafficStats(16531): [QCTMM]tryAll index=0
E/TrafficStats(16531): [QCTMM]tryAll index=1
E/TrafficStats(16531): [QCTMM]tryAll index=2
E/TrafficStats(16531): [QCTMM]tryAll index=0
E/TrafficStats(16531): [QCTMM]tryAll index=1
E/TrafficStats(16531): [QCTMM]tryAll index=2
E/TrafficStats(16531): [QCTMM]tryAll index=0
E/TrafficStats(16531): [QCTMM]tryAll index=1
E/TrafficStats(16531): [QCTMM]tryAll index=2
D/Database(16531): dbopen(): path = /data/data/com.onavo.android.onavoid/databases/ui_events, flag = 6, file size = 14043136
D/Database(16531): dbopen(): path = /data/data/com.onavo.android.onavoid/databases/ui_events, mode: wal, disk free size: 2000 M, handle: 0x378018
D/dalvikvm(16531): GC_CONCURRENT freed 424K, 51% free 3295K/6599K, external 0K/0K, paused 6ms+2ms
D/Database(16531): dbclose(): path = /data/data/com.onavo.android.onavoid/databases/ui_events, handle = 0x378018
E/TrafficStats( 1673): [QCTMM]tryAll index=0
E/TrafficStats( 1673): [QCTMM]tryAll index=1
E/TrafficStats( 1673): [QCTMM]tryAll index=2
E/TrafficStats( 1673): [QCTMM]tryAll index=0
E/TrafficStats( 1673): [QCTMM]tryAll index=1
E/TrafficStats( 1673): [QCTMM]tryAll index=2
D/DATA    ( 1860): sentSinceLastRecv=0,watchdogTrigger=10,maxindex=0
E/TrafficStats( 1673): [QCTMM]tryAll index=0
E/TrafficStats( 1673): [QCTMM]tryAll index=1
E/TrafficStats( 1673): [QCTMM]tryAll index=2
E/TrafficStats( 1673): [QCTMM]tryAll index=0
E/TrafficStats( 1673): [QCTMM]tryAll index=1
E/TrafficStats( 1673): [QCTMM]tryAll index=2
D/DATA    ( 1860): sentSinceLastRecv=0,watchdogTrigger=10,maxindex=0
E/TrafficStats( 1673): [QCTMM]tryAll index=0
E/TrafficStats( 1673): [QCTMM]tryAll index=1
E/TrafficStats( 1673): [QCTMM]tryAll index=2
E/TrafficStats( 1673): [QCTMM]tryAll index=0
E/TrafficStats( 1673): [QCTMM]tryAll index=1
E/TrafficStats( 1673): [QCTMM]tryAll index=2
D/DATA    ( 1860): sentSinceLastRecv=0,watchdogTrigger=10,maxindex=0
E/TrafficStats( 1673): [QCTMM]tryAll index=0
E/TrafficStats( 1673): [QCTMM]tryAll index=1
E/TrafficStats( 1673): [QCTMM]tryAll index=2
E/TrafficStats( 1673): [QCTMM]tryAll index=0
E/TrafficStats( 1673): [QCTMM]tryAll index=1
E/TrafficStats( 1673): [QCTMM]tryAll index=2
D/DATA    ( 1860): sentSinceLastRecv=0,watchdogTrigger=10,maxindex=0
D/StatusBarPolicy( 1816): iconIndex=1
V/StatusBarPolicy( 1816): cdmaLevel:3;max:4
D/StatusBarPolicy( 1816): iconLevel:3
I/PhoneInfo( 2188): getCdmaLevel - cdmaDbm: -73 cdmaEcio:-100
I/PhoneInfo( 2188): getEvdoLevel - evdoDbm: -120 evdoSnr:-1 evdoEcio:-1
I/PhoneInfo( 2188): getLteLevel - lteRsrp: -1 lteCqi:-1
E/TrafficStats( 1673): [QCTMM]tryAll index=0
E/TrafficStats( 1673): [QCTMM]tryAll index=1
E/TrafficStats( 1673): [QCTMM]tryAll index=2
E/TrafficStats( 1673): [QCTMM]tryAll index=0
E/TrafficStats( 1673): [QCTMM]tryAll index=1
E/TrafficStats( 1673): [QCTMM]tryAll index=2
D/DATA    ( 1860): [QCTMM] DataNetStatistics sent == 0 && received == 0 newActivity=NONE
D/DATA    ( 1860): [PhoneNotifier] notifyDataActivityLTE
D/DATA    ( 1860): [QCTMM] DataNetStatistics mIsScreenOn newActivity=NONE
D/DATA    ( 1860): sentSinceLastRecv=0,watchdogTrigger=10,maxindex=0
D/StatusBarPolicy( 1816): hasService()=true ,mDataState=2 ,mPhone.htcModemLinkOn()=false ,mDataActivity=0
D/StatusBarPolicy( 1816): slotType[0]=RUIM
E/TrafficStats(16531): [QCTMM]tryAll index=0
E/TrafficStats(16531): [QCTMM]tryAll index=1
E/TrafficStats(16531): [QCTMM]tryAll index=2
E/TrafficStats(16531): [QCTMM]tryAll index=0
E/TrafficStats(16531): [QCTMM]tryAll index=1
E/TrafficStats(16531): [QCTMM]tryAll index=2
E/TrafficStats(16531): [QCTMM]tryAll index=0
E/TrafficStats(16531): [QCTMM]tryAll index=1
E/TrafficStats(16531): [QCTMM]tryAll index=2
E/TrafficStats(16531): [QCTMM]tryAll index=0
E/TrafficStats(16531): [QCTMM]tryAll index=1
E/TrafficStats(16531): [QCTMM]tryAll index=2
E/TrafficStats( 1673): [QCTMM]tryAll index=0
E/TrafficStats( 1673): [QCTMM]tryAll index=1
E/TrafficStats( 1673): [QCTMM]tryAll index=2
E/TrafficStats( 1673): [QCTMM]tryAll index=0
E/TrafficStats( 1673): [QCTMM]tryAll index=1
E/TrafficStats( 1673): [QCTMM]tryAll index=2
D/DATA    ( 1860): [QCTMM] DataNetStatistics sent == 0 && received == 0 newActivity=NONE
D/DATA    ( 1860): sentSinceLastRecv=0,watchdogTrigger=10,maxindex=0
D/Database(16531): dbopen(): path = /data/data/com.onavo.android.onavoid/databases/ui_events, flag = 6, file size = 14043136
D/Database(16531): dbopen(): path = /data/data/com.onavo.android.onavoid/databases/ui_events, mode: wal, disk free size: 2000 M, handle: 0x378018
D/Database(16531): dbclose(): path = /data/data/com.onavo.android.onavoid/databases/ui_events, handle = 0x378018
E/TrafficStats( 1673): [QCTMM]tryAll index=0
E/TrafficStats( 1673): [QCTMM]tryAll index=1
E/TrafficStats( 1673): [QCTMM]tryAll index=2
E/TrafficStats( 1673): [QCTMM]tryAll index=0
E/TrafficStats( 1673): [QCTMM]tryAll index=1
E/TrafficStats( 1673): [QCTMM]tryAll index=2
D/DATA    ( 1860): [QCTMM] DataNetStatistics sent == 0 && received == 0 newActivity=NONE
D/DATA    ( 1860): sentSinceLastRecv=0,watchdogTrigger=10,maxindex=0
V/DeviceStorageMonitorService( 1673): freeMemory=2097885184
D/DeviceStorageMonitorService( 1673): OoO SMS Memory available. SMS_AVAILABLE_THRESHOLD == 524288
I/DeviceStorageMonitorService( 1673): Posting Message again
E/TrafficStats( 1673): [QCTMM]tryAll index=0
E/TrafficStats( 1673): [QCTMM]tryAll index=1
E/TrafficStats( 1673): [QCTMM]tryAll index=2
E/TrafficStats( 1673): [QCTMM]tryAll index=0
E/TrafficStats( 1673): [QCTMM]tryAll index=1
