D/UDP-TIMING(17001): 6186 0 -0.099272000
D/UDP-TIMING(17001): 6187 0 -0.118932000
D/UDP-TIMING(17001): 6188 0 -0.099657000
D/UDP-TIMING(17001): 6189 0 -0.096052000
D/UDP-TIMING(17001): 6190 0 -0.107715000
D/UDP-TIMING(17001): 6191 0 -0.097070000
D/UDP-TIMING(17001): 6192 0 -0.103312000
D/UDP-TIMING(17001): 6193 0 -0.106928000
D/UDP-TIMING(17001): 6194 0 -0.120024000
D/UDP-TIMING(17001): 6195 0 -0.120118000
D/UDP-TIMING(17001): 6196 0 -0.102095000
D/UDP-TIMING(17001): 6197 0 -0.105701000
D/UDP-TIMING(17001): 6198 0 -0.107442000
D/UDP-TIMING(17001): 6199 0 -0.118070000
D/UDP-TIMING(17001): 6200 0 -0.123982000
D/UDP-TIMING(17001): 6201 0 -0.100603000
D/UDP-TIMING(17001): 6202 0 -0.108578000
D/UDP-TIMING(17001): 6203 0 -0.109954000
D/UDP-TIMING(17001): 6204 0 -0.123944000
D/UDP-TIMING(17001): 6205 0 -0.124615000
D/UDP-TIMING(17001): 6206 0 -0.112504000
D/UDP-TIMING(17001): 6207 0 -0.118959000
E/TrafficStats(16531): [QCTMM]tryAll index=0
E/TrafficStats(16531): [QCTMM]tryAll index=1
E/TrafficStats(16531): [QCTMM]tryAll index=2
D/UDP-TIMING(17001): 6208 0 -0.101009000
D/UDP-TIMING(17001): 6209 0 -0.106459000
D/UDP-TIMING(17001): 6210 0 -0.112810000
D/UDP-TIMING(17001): 6211 0 -0.114692000
E/TrafficStats(16531): [QCTMM]tryAll index=0
E/TrafficStats(16531): [QCTMM]tryAll index=1
E/TrafficStats(16531): [QCTMM]tryAll index=2
E/TrafficStats(16531): [QCTMM]tryAll index=0
D/UDP-TIMING(17001): 6212 0 -0.106570000
D/UDP-TIMING(17001): 6213 0 -0.117844000
E/TrafficStats(16531): [QCTMM]tryAll index=1
E/TrafficStats(16531): [QCTMM]tryAll index=2
E/TrafficStats(16531): [QCTMM]tryAll index=0
E/TrafficStats(16531): [QCTMM]tryAll index=1
E/TrafficStats(16531): [QCTMM]tryAll index=2
D/UDP-TIMING(17001): 6214 0 -0.104210000
D/UDP-TIMING(17001): 6215 0 -0.112662000
D/UDP-TIMING(17001): 6216 0 -0.115357000
D/UDP-TIMING(17001): 6217 0 -0.090744000
D/UDP-TIMING(17001): 6218 0 -0.096352000
D/UDP-TIMING(17001): 6219 0 -0.116054000
D/UDP-TIMING(17001): 6220 0 -0.119121000
D/UDP-TIMING(17001): 6221 0 -0.120361000
D/UDP-TIMING(17001): 6222 0 -0.102570000
D/UDP-TIMING(17001): 6223 0 -0.114849000
D/UDP-TIMING(17001): 6224 0 -0.119918000
D/UDP-TIMING(17001): 6225 0 -0.123502000
D/UDP-TIMING(17001): 6226 0 -0.108102000
D/UDP-TIMING(17001): 6227 0 -0.109165000
D/UDP-TIMING(17001): 6228 0 -0.121917000
D/UDP-TIMING(17001): 6229 0 -0.109855000
D/UDP-TIMING(17001): 6230 0 -0.123122000
D/UDP-TIMING(17001): 6231 0 -0.124916000
D/UDP-TIMING(17001): 6232 0 -0.112181000
D/UDP-TIMING(17001): 6233 0 -0.115526000
D/UDP-TIMING(17001): 6234 0 -0.118728000
D/UDP-TIMING(17001): 6235 0 -0.104899000
D/UDP-TIMING(17001): 6236 0 -0.108933000
D/UDP-TIMING(17001): 6237 0 -0.110142000
D/UDP-TIMING(17001): 6238 0 -0.113439000
D/UDP-TIMING(17001): 6239 0 -0.113771000
D/UDP-TIMING(17001): 6240 0 -0.120890000
D/UDP-TIMING(17001): 6241 0 -0.104123000
D/UDP-TIMING(17001): 6242 0 -0.106132000
D/UDP-TIMING(17001): 6243 0 -0.111178000
D/UDP-TIMING(17001): 6244 0 -0.116324000
D/UDP-TIMING(17001): 6245 0 -0.122102000
D/UDP-TIMING(17001): 6246 0 -0.121006000
D/UDP-TIMING(17001): 6247 0 -0.100425000
D/UDP-TIMING(17001): 6248 0 -0.104129000
D/UDP-TIMING(17001): 6249 0 -0.108818000
D/UDP-TIMING(17001): 6250 0 -0.115228000
D/UDP-TIMING(17001): 6251 0 -0.093053000
D/UDP-TIMING(17001): 6252 0 -0.099413000
D/UDP-TIMING(17001): 6253 0 -0.101505000
D/UDP-TIMING(17001): 6254 0 -0.104515000
D/UDP-TIMING(17001): 6255 0 -0.123154000
D/UDP-TIMING(17001): 6256 0 -0.102771000
D/UDP-TIMING(17001): 6257 0 -0.101238000
E/TrafficStats( 1673): [QCTMM]tryAll index=0
E/TrafficStats( 1673): [QCTMM]tryAll index=1
E/TrafficStats( 1673): [QCTMM]tryAll index=2
D/UDP-TIMING(17001): 6258 0 -0.097154000
D/UDP-TIMING(17001): 6259 0 -0.101156000
D/UDP-TIMING(17001): 6260 0 -0.116607000
E/TrafficStats( 1673): [QCTMM]tryAll index=0
E/TrafficStats( 1673): [QCTMM]tryAll index=1
E/TrafficStats( 1673): [QCTMM]tryAll index=2
D/DATA    ( 1860): sentSinceLastRecv=0,watchdogTrigger=10,maxindex=0
D/UDP-TIMING(17001): 6261 0 -0.096783000
D/UDP-TIMING(17001): 6262 0 -0.103055000
D/UDP-TIMING(17001): 6263 0 -0.112299000
D/UDP-TIMING(17001): 6264 0 -0.108457000
D/UDP-TIMING(17001): 6265 0 -0.121098000
D/UDP-TIMING(17001): 6266 0 -0.095939000
D/UDP-TIMING(17001): 6267 0 -0.098819000
D/UDP-TIMING(17001): 6268 0 -0.115331000
D/UDP-TIMING(17001): 6269 0 -0.096674000
D/UDP-TIMING(17001): 6270 0 -0.099749000
D/UDP-TIMING(17001): 6271 0 -0.073208000
D/UDP-TIMING(17001): 6272 0 -0.078165000
D/UDP-TIMING(17001): 6273 0 -0.083693000
D/UDP-TIMING(17001): 6274 0 -0.095372000
D/UDP-TIMING(17001): 6275 0 -0.109940000
D/UDP-TIMING(17001): 6276 0 -0.114999000
D/UDP-TIMING(17001): 6277 0 -0.124985000
D/UDP-TIMING(17001): 6278 0 -0.100217000
D/UDP-TIMING(17001): 6279 0 -0.111653000
D/UDP-TIMING(17001): 6280 0 -0.120814000
D/UDP-TIMING(17001): 6281 0 -0.108975000
D/UDP-TIMING(17001): 6282 0 -0.111618000
D/UDP-TIMING(17001): 6283 0 -0.117619000
D/UDP-TIMING(17001): 6284 0 -0.110448000
D/UDP-TIMING(17001): 6285 0 -0.116730000
D/UDP-TIMING(17001): 6286 0 -0.120222000
D/UDP-TIMING(17001): 6287 0 -0.099928000
D/UDP-TIMING(17001): 6288 0 -0.105197000
D/UDP-TIMING(17001): 6289 0 -0.107698000
D/UDP-TIMING(17001): 6290 0 -0.101263000
D/UDP-TIMING(17001): 6291 0 -0.103372000
D/UDP-TIMING(17001): 6292 0 -0.122702000
D/UDP-TIMING(17001): 6293 0 -0.097867000
D/UDP-TIMING(17001): 6294 0 -0.112812000
D/UDP-TIMING(17001): 6295 0 -0.097432000
D/UDP-TIMING(17001): 6296 0 -0.098450000
D/UDP-TIMING(17001): 6297 0 -0.100498000
D/UDP-TIMING(17001): 6298 0 -0.100615000
D/UDP-TIMING(17001): 6299 0 -0.092252000
D/UDP-TIMING(17001): 6300 0 -0.109681000
D/UDP-TIMING(17001): 6301 0 -0.112815000
D/UDP-TIMING(17001): 6302 0 -0.115039000
D/UDP-TIMING(17001): 6303 0 -0.087297000
D/UDP-TIMING(17001): 6304 0 -0.098335000
D/UDP-TIMING(17001): 6305 0 -0.088580000
D/UDP-TIMING(17001): 6306 0 -0.120508000
D/UDP-TIMING(17001): 6307 0 -0.121103000
D/UDP-TIMING(17001): 6308 0 -0.097638000
D/UDP-TIMING(17001): 6309 0 -0.101792000
D/UDP-TIMING(17001): 6310 0 -0.114582000
D/UDP-TIMING(17001): 6311 0 -0.121058000
D/UDP-TIMING(17001): 6312 0 -0.122919000
D/UDP-TIMING(17001): 6313 0 -0.089367000
D/UDP-TIMING(17001): 6314 0 -0.112732000
D/UDP-TIMING(17001): 6315 0 -0.114548000
D/UDP-TIMING(17001): 6316 0 -0.119586000
D/UDP-TIMING(17001): 6317 0 -0.121802000
D/UDP-TIMING(17001): 6318 0 -0.105524000
D/UDP-TIMING(17001): 6319 0 -0.090944000
D/UDP-TIMING(17001): 6320 0 -0.095988000
D/UDP-TIMING(17001): 6321 0 -0.106575000
D/UDP-TIMING(17001): 6322 0 -0.106242000
D/UDP-TIMING(17001): 6323 0 -0.109150000
D/UDP-TIMING(17001): 6324 0 -0.109421000
D/UDP-TIMING(17001): 6325 0 -0.122380000
D/UDP-TIMING(17001): 6326 0 -0.122487000
D/UDP-TIMING(17001): 6327 0 -0.123626000
D/StatusBarPolicy( 1816): iconIndex=1
V/StatusBarPolicy( 1816): cdmaLevel:4;max:4
D/StatusBarPolicy( 1816): iconLevel:4
I/PhoneInfo( 2188): getCdmaLevel - cdmaDbm: -71 cdmaEcio:-70
D/UDP-TIMING(17001): 6328 0 -0.115904000
D/UDP-TIMING(17001): 6329 0 -0.116174000
D/UDP-TIMING(17001): 6330 0 -0.119105000
I/PhoneInfo( 2188): getEvdoLevel - evdoDbm: -120 evdoSnr:-1 evdoEcio:-1
I/PhoneInfo( 2188): getLteLevel - lteRsrp: -1 lteCqi:-1
D/UDP-TIMING(17001): 6331 0 -0.102300000
D/UDP-TIMING(17001): 6332 0 -0.105454000
D/UDP-TIMING(17001): 6333 0 -0.107223000
D/UDP-TIMING(17001): 6334 0 -0.100541000
D/UDP-TIMING(17001): 6335 0 -0.095561000
D/UDP-TIMING(17001): 6336 0 -0.095762000
D/UDP-TIMING(17001): 6337 0 -0.115541000
D/UDP-TIMING(17001): 6338 0 -0.116764000
D/UDP-TIMING(17001): 6339 0 -0.123643000
D/UDP-TIMING(17001): 6340 0 -0.124725000
D/UDP-TIMING(17001): 6341 0 -0.107195000
D/UDP-TIMING(17001): 6342 0 -0.106803000
D/UDP-TIMING(17001): 6343 0 -0.111045000
D/UDP-TIMING(17001): 6344 0 -0.120351000
D/UDP-TIMING(17001): 6345 0 -0.110226000
D/UDP-TIMING(17001): 6346 0 -0.116936000
D/UDP-TIMING(17001): 6347 0 -0.125499000
D/UDP-TIMING(17001): 6348 0 -0.125954000
E/TrafficStats( 1673): [QCTMM]tryAll index=0
E/TrafficStats( 1673): [QCTMM]tryAll index=1
E/TrafficStats( 1673): [QCTMM]tryAll index=2
D/UDP-TIMING(17001): 6349 0 -0.098676000
D/UDP-TIMING(17001): 6350 0 -0.112830000
D/UDP-TIMING(17001): 6351 0 -0.118350000
E/TrafficStats( 1673): [QCTMM]tryAll index=0
E/TrafficStats( 1673): [QCTMM]tryAll index=1
E/TrafficStats( 1673): [QCTMM]tryAll index=2
D/DATA    ( 1860): sentSinceLastRecv=0,watchdogTrigger=10,maxindex=0
D/UDP-TIMING(17001): 6352 0 -0.108447000
D/UDP-TIMING(17001): 6353 0 -0.120799000
D/UDP-TIMING(17001): 6354 0 -0.101096000
D/UDP-TIMING(17001): 6355 0 -0.121493000
D/UDP-TIMING(17001): 6356 0 -0.097398000
D/UDP-TIMING(17001): 6357 0 -0.107980000
D/UDP-TIMING(17001): 6358 0 -0.108188000
D/UDP-TIMING(17001): 6359 0 -0.112061000
D/UDP-TIMING(17001): 6360 0 -0.122850000
D/UDP-TIMING(17001): 6361 0 -0.117962000
D/UDP-TIMING(17001): 6362 0 -0.118221000
D/UDP-TIMING(17001): 6363 0 -0.112161000
D/UDP-TIMING(17001): 6364 0 -0.112915000
D/UDP-TIMING(17001): 6365 0 -0.107726000
D/UDP-TIMING(17001): 6366 0 -0.124359000
D/UDP-TIMING(17001): 6367 0 -0.125209000
D/UDP-TIMING(17001): 6368 0 -0.110844000
D/UDP-TIMING(17001): 6369 0 -0.096510000
D/UDP-TIMING(17001): 6370 0 -0.104652000
D/UDP-TIMING(17001): 6371 0 -0.105077000
D/UDP-TIMING(17001): 6372 0 -0.111286000
D/UDP-TIMING(17001): 6373 0 -0.118434000
D/UDP-TIMING(17001): 6374 0 -0.121995000
D/UDP-TIMING(17001): 6375 0 -0.122684000
D/UDP-TIMING(17001): 6376 0 -0.097543000
D/UDP-TIMING(17001): 6377 0 -0.112118000
D/UDP-TIMING(17001): 6378 0 -0.112599000
D/UDP-TIMING(17001): 6379 0 -0.117613000
D/UDP-TIMING(17001): 6380 0 -0.096759000
D/UDP-TIMING(17001): 6381 0 -0.112287000
D/UDP-TIMING(17001): 6382 0 -0.098210000
D/UDP-TIMING(17001): 6383 0 -0.116771000
D/UDP-TIMING(17001): 6384 0 -0.123745000
D/UDP-TIMING(17001): 6385 0 -0.099463000
D/UDP-TIMING(17001): 6386 0 -0.111979000
D/UDP-TIMING(17001): 6387 0 -0.106398000
D/UDP-TIMING(17001): 6388 0 -0.107541000
D/UDP-TIMING(17001): 6389 0 -0.118541000
D/UDP-TIMING(17001): 6390 0 -0.121221000
D/UDP-TIMING(17001): 6391 0 -0.104813000
D/UDP-TIMING(17001): 6392 0 -0.113564000
D/UDP-TIMING(17001): 6393 0 -0.116384000
D/UDP-TIMING(17001): 6394 0 -0.097346000
D/UDP-TIMING(17001): 6395 0 -0.107586000
D/UDP-TIMING(17001): 6396 0 -0.109319000
D/UDP-TIMING(17001): 6397 0 -0.115968000
D/UDP-TIMING(17001): 6398 0 -0.097881000
D/UDP-TIMING(17001): 6399 0 -0.092184000
D/UDP-TIMING(17001): 6400 0 -0.095350000
D/UDP-TIMING(17001): 6401 0 -0.098361000
D/UDP-TIMING(17001): 6402 0 -0.118481000
D/UDP-TIMING(17001): 6403 0 -0.100924000
D/UDP-TIMING(17001): 6404 0 -0.114791000
D/UDP-TIMING(17001): 6405 0 -0.116641000
D/UDP-TIMING(17001): 6406 0 -0.099523000
D/UDP-TIMING(17001): 6407 0 -0.100795000
D/UDP-TIMING(17001): 6408 0 -0.096997000
D/UDP-TIMING(17001): 6409 0 -0.112835000
D/UDP-TIMING(17001): 6410 0 -0.119573000
D/UDP-TIMING(17001): 6411 0 -0.112310000
D/UDP-TIMING(17001): 6412 0 -0.121089000
D/UDP-TIMING(17001): 6413 0 -0.094158000
D/UDP-TIMING(17001): 6414 0 -0.107492000
D/UDP-TIMING(17001): 6415 0 -0.108327000
D/UDP-TIMING(17001): 6416 0 -0.120964000
D/UDP-TIMING(17001): 6417 0 -0.097450000
D/UDP-TIMING(17001): 6418 0 -0.102786000
D/UDP-TIMING(17001): 6419 0 -0.118914000
D/UDP-TIMING(17001): 6420 0 -0.120172000
D/UDP-TIMING(17001): 6421 0 -0.122480000
D/UDP-TIMING(17001): 6422 0 -0.100126000
D/UDP-TIMING(17001): 6423 0 -0.111441000
D/UDP-TIMING(17001): 6424 0 -0.117031000
D/UDP-TIMING(17001): 6425 0 -0.119308000
D/UDP-TIMING(17001): 6426 0 -0.123160000
D/UDP-TIMING(17001): 6427 0 -0.101825000
D/UDP-TIMING(17001): 6428 0 -0.112716000
D/UDP-TIMING(17001): 6429 0 -0.108210000
D/UDP-TIMING(17001): 6430 0 -0.114631000
D/UDP-TIMING(17001): 6431 0 -0.108485000
D/UDP-TIMING(17001): 6432 0 -0.111483000
D/UDP-TIMING(17001): 6433 0 -0.115664000
D/UDP-TIMING(17001): 6434 0 -0.125473000
E/TrafficStats( 1673): [QCTMM]tryAll index=0
E/TrafficStats( 1673): [QCTMM]tryAll index=1
E/TrafficStats( 1673): [QCTMM]tryAll index=2
D/UDP-TIMING(17001): 6435 0 -0.106335000
D/UDP-TIMING(17001): 6436 0 -0.112968000
D/UDP-TIMING(17001): 6437 0 -0.117908000
D/UDP-TIMING(17001): 6438 0 -0.118986000
D/UDP-TIMING(17001): 6439 0 -0.124094000
E/TrafficStats( 1673): [QCTMM]tryAll index=0
E/TrafficStats( 1673): [QCTMM]tryAll index=1
E/TrafficStats( 1673): [QCTMM]tryAll index=2
D/DATA    ( 1860): sentSinceLastRecv=0,watchdogTrigger=10,maxindex=0
D/UDP-TIMING(17001): 6440 0 -0.096924000
D/UDP-TIMING(17001): 6441 0 -0.105294000
D/UDP-TIMING(17001): 6442 0 -0.108737000
D/UDP-TIMING(17001): 6443 0 -0.122424000
D/UDP-TIMING(17001): 6444 0 -0.110105000
D/UDP-TIMING(17001): 6445 0 -0.110357000
D/UDP-TIMING(17001): 6446 0 -0.096927000
D/UDP-TIMING(17001): 6447 0 -0.104863000
D/UDP-TIMING(17001): 6448 0 -0.110974000
D/UDP-TIMING(17001): 6449 0 -0.095527000
D/UDP-TIMING(17001): 6450 0 -0.099852000
D/UDP-TIMING(17001): 6451 0 -0.107878000
D/UDP-TIMING(17001): 6452 0 -0.109800000
D/UDP-TIMING(17001): 6453 0 -0.100504000
D/UDP-TIMING(17001): 6454 0 -0.103120000
D/UDP-TIMING(17001): 6455 0 -0.107995000
D/UDP-TIMING(17001): 6456 0 -0.108749000
D/UDP-TIMING(17001): 6457 0 -0.116167000
D/UDP-TIMING(17001): 6458 0 -0.111730000
D/UDP-TIMING(17001): 6459 0 -0.124216000
D/UDP-TIMING(17001): 6460 0 -0.101572000
D/UDP-TIMING(17001): 6461 0 -0.106668000
D/UDP-TIMING(17001): 6462 0 -0.116502000
D/UDP-TIMING(17001): 6463 0 -0.100445000
D/UDP-TIMING(17001): 6464 0 -0.113051000
D/UDP-TIMING(17001): 6465 0 -0.115953000
D/UDP-TIMING(17001): 6466 0 -0.099719000
D/UDP-TIMING(17001): 6467 0 -0.101987000
D/UDP-TIMING(17001): 6468 0 -0.111585000
D/UDP-TIMING(17001): 6469 0 -0.098126000
D/UDP-TIMING(17001): 6470 0 -0.106747000
D/UDP-TIMING(17001): 6471 0 -0.121772000
D/UDP-TIMING(17001): 6472 0 -0.096926000
D/UDP-TIMING(17001): 6473 0 -0.115727000
D/UDP-TIMING(17001): 6474 0 -0.123130000
D/UDP-TIMING(17001): 6475 0 -0.095256000
D/UDP-TIMING(17001): 6476 0 -0.114465000
D/UDP-TIMING(17001): 6477 0 -0.118409000
D/UDP-TIMING(17001): 6478 0 -0.102086000
D/UDP-TIMING(17001): 6479 0 -0.105820000
D/UDP-TIMING(17001): 6480 0 -0.106886000
D/UDP-TIMING(17001): 6481 0 -0.107796000
D/UDP-TIMING(17001): 6482 0 -0.095742000
D/UDP-TIMING(17001): 6483 0 -0.096275000
D/UDP-TIMING(17001): 6484 0 -0.124169000
D/UDP-TIMING(17001): 6485 0 -0.124816000
D/UDP-TIMING(17001): 6486 0 -0.100683000
D/UDP-TIMING(17001): 6487 0 -0.116300000
D/UDP-TIMING(17001): 6488 0 -0.124662000
D/UDP-TIMING(17001): 6489 0 -0.099319000
D/UDP-TIMING(17001): 6490 0 -0.111542000
D/UDP-TIMING(17001): 6491 0 -0.112395000
D/UDP-TIMING(17001): 6492 0 -0.125105000
D/UDP-TIMING(17001): 6493 0 -0.099077000
D/UDP-TIMING(17001): 6494 0 -0.116015000
D/UDP-TIMING(17001): 6495 0 -0.121751000
D/UDP-TIMING(17001): 6496 0 -0.099698000
D/UDP-TIMING(17001): 6497 0 -0.107775000
D/UDP-TIMING(17001): 6498 0 -0.117320000
D/UDP-TIMING(17001): 6499 0 -0.119204000
D/UDP-TIMING(17001): 6500 0 -0.123814000
D/UDP-TIMING(17001): 6501 0 -0.096361000
D/UDP-TIMING(17001): 6502 0 -0.122520000
D/UDP-TIMING(17001): 6503 0 -0.105048000
D/UDP-TIMING(17001): 6504 0 -0.105415000
D/UDP-TIMING(17001): 6505 0 -0.111381000
D/UDP-TIMING(17001): 6506 0 -0.106231000
D/UDP-TIMING(17001): 6507 0 -0.096310000
D/UDP-TIMING(17001): 6508 0 -0.110217000
D/UDP-TIMING(17001): 6509 0 -0.120806000
D/UDP-TIMING(17001): 6510 0 -0.122781000
D/UDP-TIMING(17001): 6511 0 -0.110938000
D/UDP-TIMING(17001): 6512 0 -0.123595000
D/UDP-TIMING(17001): 6513 0 -0.114035000
D/UDP-TIMING(17001): 6514 0 -0.103769000
D/UDP-TIMING(17001): 6515 0 -0.114453000
D/UDP-TIMING(17001): 6516 0 -0.115022000
D/UDP-TIMING(17001): 6517 0 -0.118397000
D/UDP-TIMING(17001): 6518 0 -0.099069000
D/UDP-TIMING(17001): 6519 0 -0.108287000
D/UDP-TIMING(17001): 6520 0 -0.117646000
D/UDP-TIMING(17001): 6521 0 -0.122010000
D/UDP-TIMING(17001): 6522 0 -0.102415000
D/UDP-TIMING(17001): 6523 0 -0.106353000
D/UDP-TIMING(17001): 6524 0 -0.117132000
D/UDP-TIMING(17001): 6525 0 -0.123576000
D/UDP-TIMING(17001): 6526 0 -0.107662000
D/UDP-TIMING(17001): 6527 0 -0.110108000
D/UDP-TIMING(17001): 6528 0 -0.110421000
D/UDP-TIMING(17001): 6529 0 -0.114793000
D/UDP-TIMING(17001): 6530 0 -0.119358000
D/UDP-TIMING(17001): 6531 0 -0.124091000
D/UDP-TIMING(17001): 6532 0 -0.101498000
D/UDP-TIMING(17001): 6533 0 -0.104970000
D/UDP-TIMING(17001): 6534 0 -0.106070000
D/UDP-TIMING(17001): 6535 0 -0.113818000
D/UDP-TIMING(17001): 6536 0 -0.096319000
E/TrafficStats( 1673): [QCTMM]tryAll index=0
E/TrafficStats( 1673): [QCTMM]tryAll index=1
E/TrafficStats( 1673): [QCTMM]tryAll index=2
D/UDP-TIMING(17001): 6537 0 -0.117603000
D/UDP-TIMING(17001): 6538 0 -0.122849000
E/TrafficStats( 1673): [QCTMM]tryAll index=0
E/TrafficStats( 1673): [QCTMM]tryAll index=1
E/TrafficStats( 1673): [QCTMM]tryAll index=2
D/DATA    ( 1860): sentSinceLastRecv=0,watchdogTrigger=10,maxindex=0
D/UDP-TIMING(17001): 6539 0 -0.098902000
D/UDP-TIMING(17001): 6540 0 -0.109322000
D/UDP-TIMING(17001): 6541 0 -0.117627000
D/UDP-TIMING(17001): 6542 0 -0.121204000
D/UDP-TIMING(17001): 6543 0 -0.096020000
D/UDP-TIMING(17001): 6544 0 -0.104181000
D/UDP-TIMING(17001): 6545 0 -0.105957000
D/UDP-TIMING(17001): 6546 0 -0.114937000
D/UDP-TIMING(17001): 6547 0 -0.123951000
D/UDP-TIMING(17001): 6548 0 -0.099249000
D/UDP-TIMING(17001): 6549 0 -0.109654000
D/UDP-TIMING(17001): 6550 0 -0.111848000
D/UDP-TIMING(17001): 6551 0 -0.112170000
D/UDP-TIMING(17001): 6552 0 -0.119295000
D/UDP-TIMING(17001): 6553 0 -0.107171000
D/UDP-TIMING(17001): 6554 0 -0.111309000
D/UDP-TIMING(17001): 6555 0 -0.121371000
D/UDP-TIMING(17001): 6556 0 -0.125212000
D/UDP-TIMING(17001): 6557 0 -0.096295000
D/UDP-TIMING(17001): 6558 0 -0.113822000
D/UDP-TIMING(17001): 6559 0 -0.117823000
D/UDP-TIMING(17001): 6560 0 -0.092769000
D/UDP-TIMING(17001): 6561 0 -0.094916000
D/UDP-TIMING(17001): 6562 0 -0.106438000
D/UDP-TIMING(17001): 6563 0 -0.100212000
D/UDP-TIMING(17001): 6564 0 -0.106426000
D/UDP-TIMING(17001): 6565 0 -0.120851000
D/UDP-TIMING(17001): 6566 0 -0.096621000
D/UDP-TIMING(17001): 6567 0 -0.098616000
D/UDP-TIMING(17001): 6568 0 -0.112793000
D/UDP-TIMING(17001): 6569 0 -0.100140000
D/UDP-TIMING(17001): 6570 0 -0.109956000
D/UDP-TIMING(17001): 6571 0 -0.115149000
D/UDP-TIMING(17001): 6572 0 -0.120113000
D/UDP-TIMING(17001): 6573 0 -0.113770000
D/UDP-TIMING(17001): 6574 0 -0.097136000
D/UDP-TIMING(17001): 6575 0 -0.122990000
D/UDP-TIMING(17001): 6576 0 -0.123654000
D/UDP-TIMING(17001): 6577 0 -0.107619000
D/UDP-TIMING(17001): 6578 0 -0.114911000
D/UDP-TIMING(17001): 6579 0 -0.121328000
D/UDP-TIMING(17001): 6580 0 -0.126316000
D/UDP-TIMING(17001): 6581 0 -0.107734000
D/UDP-TIMING(17001): 6582 0 -0.114341000
D/UDP-TIMING(17001): 6583 0 -0.118892000
D/UDP-TIMING(17001): 6584 0 -0.096835000
D/UDP-TIMING(17001): 6585 0 -0.112851000
D/UDP-TIMING(17001): 6586 0 -0.120126000
D/UDP-TIMING(17001): 6587 0 -0.107696000
D/UDP-TIMING(17001): 6588 0 -0.096371000
D/UDP-TIMING(17001): 6589 0 -0.112629000
D/UDP-TIMING(17001): 6590 0 -0.114275000
D/UDP-TIMING(17001): 6591 0 -0.117270000
D/UDP-TIMING(17001): 6592 0 -0.123435000
D/UDP-TIMING(17001): 6593 0 -0.110133000
D/UDP-TIMING(17001): 6594 0 -0.111901000
D/UDP-TIMING(17001): 6595 0 -0.117599000
D/UDP-TIMING(17001): 6596 0 -0.096139000
D/UDP-TIMING(17001): 6597 0 -0.104851000
D/UDP-TIMING(17001): 6598 0 -0.113767000
D/UDP-TIMING(17001): 6599 0 -0.117826000
D/UDP-TIMING(17001): 6600 0 -0.093085000
D/UDP-TIMING(17001): 6601 0 -0.095544000
D/UDP-TIMING(17001): 6602 0 -0.108042000
D/UDP-TIMING(17001): 6603 0 -0.122979000
D/UDP-TIMING(17001): 6604 0 -0.124300000
D/UDP-TIMING(17001): 6605 0 -0.100181000
D/UDP-TIMING(17001): 6606 0 -0.112210000
D/UDP-TIMING(17001): 6607 0 -0.113992000
D/UDP-TIMING(17001): 6608 0 -0.116282000
D/UDP-TIMING(17001): 6609 0 -0.118726000
D/UDP-TIMING(17001): 6610 0 -0.098506000
D/UDP-TIMING(17001): 6611 0 -0.107005000
D/UDP-TIMING(17001): 6612 0 -0.098284000
D/UDP-TIMING(17001): 6613 0 -0.099299000
D/UDP-TIMING(17001): 6614 0 -0.123846000
D/UDP-TIMING(17001): 6615 0 -0.099597000
D/UDP-TIMING(17001): 6616 0 -0.119982000
D/UDP-TIMING(17001): 6617 0 -0.111915000
D/UDP-TIMING(17001): 6618 0 -0.114583000
D/UDP-TIMING(17001): 6619 0 -0.097642000
D/UDP-TIMING(17001): 6620 0 -0.109511000
D/UDP-TIMING(17001): 6621 0 -0.114004000
D/UDP-TIMING(17001): 6622 0 -0.114339000
D/UDP-TIMING(17001): 6623 0 -0.125322000
D/UDP-TIMING(17001): 6624 0 -0.097883000
D/UDP-TIMING(17001): 6625 0 -0.099185000
D/UDP-TIMING(17001): 6626 0 -0.100251000
D/UDP-TIMING(17001): 6627 0 -0.113179000
D/UDP-TIMING(17001): 6628 0 -0.124437000
D/UDP-TIMING(17001): 6629 0 -0.105217000
D/UDP-TIMING(17001): 6630 0 -0.105747000
D/UDP-TIMING(17001): 6631 0 -0.106554000
E/TrafficStats( 1673): [QCTMM]tryAll index=0
E/TrafficStats( 1673): [QCTMM]tryAll index=1
E/TrafficStats( 1673): [QCTMM]tryAll index=2
E/TrafficStats( 1673): [QCTMM]tryAll index=0
E/TrafficStats( 1673): [QCTMM]tryAll index=1
E/TrafficStats( 1673): [QCTMM]tryAll index=2
D/UDP-TIMING(17001): 6632 0 -0.096536000
D/UDP-TIMING(17001): 6633 0 -0.110275000
D/DATA    ( 1860): sentSinceLastRecv=0,watchdogTrigger=10,maxindex=0
D/UDP-TIMING(17001): 6634 0 -0.098097000
D/UDP-TIMING(17001): 6635 0 -0.098773000
D/UDP-TIMING(17001): 6636 0 -0.101076000
D/UDP-TIMING(17001): 6637 0 -0.108677000
D/UDP-TIMING(17001): 6638 0 -0.110003000
D/UDP-TIMING(17001): 6639 0 -0.114869000
D/UDP-TIMING(17001): 6640 0 -0.098268000
D/UDP-TIMING(17001): 6641 0 -0.110489000
D/UDP-TIMING(17001): 6642 0 -0.107491000
D/UDP-TIMING(17001): 6643 0 -0.116945000
D/UDP-TIMING(17001): 6644 0 -0.102299000
D/UDP-TIMING(17001): 6645 0 -0.121209000
D/UDP-TIMING(17001): 6646 0 -0.106786000
D/UDP-TIMING(17001): 6647 0 -0.117237000
D/UDP-TIMING(17001): 6648 0 -0.100918000
D/UDP-TIMING(17001): 6649 0 -0.103599000
D/UDP-TIMING(17001): 6650 0 -0.108224000
D/UDP-TIMING(17001): 6651 0 -0.113948000
D/UDP-TIMING(17001): 6652 0 -0.122485000
D/UDP-TIMING(17001): 6653 0 -0.126374000
D/UDP-TIMING(17001): 6654 0 -0.097144000
D/UDP-TIMING(17001): 6655 0 -0.110013000
D/UDP-TIMING(17001): 6656 0 -0.115407000
D/UDP-TIMING(17001): 6657 0 -0.117371000
D/UDP-TIMING(17001): 6658 0 -0.123302000
D/UDP-TIMING(17001): 6659 0 -0.124260000
D/UDP-TIMING(17001): 6660 0 -0.111893000
D/UDP-TIMING(17001): 6661 0 -0.118462000
D/UDP-TIMING(17001): 6662 0 -0.120062000
D/UDP-TIMING(17001): 6663 0 -0.101221000
D/UDP-TIMING(17001): 6664 0 -0.103810000
D/UDP-TIMING(17001): 6665 0 -0.105455000
D/UDP-TIMING(17001): 6666 0 -0.115581000
D/UDP-TIMING(17001): 6667 0 -0.120881000
D/UDP-TIMING(17001): 6668 0 -0.097655000
D/UDP-TIMING(17001): 6669 0 -0.110788000
D/UDP-TIMING(17001): 6670 0 -0.124912000
D/UDP-TIMING(17001): 6671 0 -0.097716000
D/UDP-TIMING(17001): 6672 0 -0.103475000
D/UDP-TIMING(17001): 6673 0 -0.115713000
D/UDP-TIMING(17001): 6674 0 -0.101933000
D/UDP-TIMING(17001): 6675 0 -0.104342000
D/UDP-TIMING(17001): 6676 0 -0.112487000
D/UDP-TIMING(17001): 6677 0 -0.098497000
D/UDP-TIMING(17001): 6678 0 -0.116687000
D/UDP-TIMING(17001): 6679 0 -0.120226000
D/UDP-TIMING(17001): 6680 0 -0.120550000
D/UDP-TIMING(17001): 6681 0 -0.122867000
D/UDP-TIMING(17001): 6682 0 -0.105541000
D/UDP-TIMING(17001): 6683 0 -0.114350000
D/UDP-TIMING(17001): 6684 0 -0.121403000
D/UDP-TIMING(17001): 6685 0 -0.106647000
D/UDP-TIMING(17001): 6686 0 -0.110272000
D/UDP-TIMING(17001): 6687 0 -0.103513000
D/UDP-TIMING(17001): 6688 0 -0.101234000
D/UDP-TIMING(17001): 6689 0 -0.114484000
D/UDP-TIMING(17001): 6690 0 -0.118297000
D/UDP-TIMING(17001): 6691 0 -0.102382000
D/UDP-TIMING(17001): 6692 0 -0.104821000
D/UDP-TIMING(17001): 6693 0 -0.106072000
D/UDP-TIMING(17001): 6694 0 -0.111891000
D/UDP-TIMING(17001): 6695 0 -0.117361000
D/UDP-TIMING(17001): 6696 0 -0.118057000
D/UDP-TIMING(17001): 6697 0 -0.118831000
D/UDP-TIMING(17001): 6698 0 -0.105679000
D/UDP-TIMING(17001): 6699 0 -0.113297000
D/UDP-TIMING(17001): 6700 0 -0.098371000
D/UDP-TIMING(17001): 6701 0 -0.107045000
D/UDP-TIMING(17001): 6702 0 -0.119958000
D/UDP-TIMING(17001): 6703 0 -0.122451000
D/UDP-TIMING(17001): 6704 0 -0.125837000
D/UDP-TIMING(17001): 6705 0 -0.103722000
D/UDP-TIMING(17001): 6706 0 -0.109009000
D/UDP-TIMING(17001): 6707 0 -0.124793000
D/UDP-TIMING(17001): 6708 0 -0.099961000
D/UDP-TIMING(17001): 6709 0 -0.102810000
D/UDP-TIMING(17001): 6710 0 -0.103921000
D/UDP-TIMING(17001): 6711 0 -0.108107000
D/UDP-TIMING(17001): 6712 0 -0.113777000
D/UDP-TIMING(17001): 6713 0 -0.099735000
D/UDP-TIMING(17001): 6714 0 -0.122826000
D/UDP-TIMING(17001): 6715 0 -0.117774000
D/UDP-TIMING(17001): 6716 0 -0.096153000
D/UDP-TIMING(17001): 6717 0 -0.098492000
D/UDP-TIMING(17001): 6718 0 -0.115337000
D/UDP-TIMING(17001): 6719 0 -0.122781000
D/UDP-TIMING(17001): 6720 0 -0.118438000
D/UDP-TIMING(17001): 6721 0 -0.103214000
D/UDP-TIMING(17001): 6722 0 -0.106576000
D/UDP-TIMING(17001): 6723 0 -0.107987000
D/UDP-TIMING(17001): 6724 0 -0.098724000
D/UDP-TIMING(17001): 6725 0 -0.110898000
D/UDP-TIMING(17001): 6726 0 -0.118497000
E/TrafficStats( 1673): [QCTMM]tryAll index=0
D/UDP-TIMING(17001): 6727 0 -0.112756000
E/TrafficStats( 1673): [QCTMM]tryAll index=1
E/TrafficStats( 1673): [QCTMM]tryAll index=2
E/TrafficStats( 1673): [QCTMM]tryAll index=0
E/TrafficStats( 1673): [QCTMM]tryAll index=1
E/TrafficStats( 1673): [QCTMM]tryAll index=2
D/DATA    ( 1860): sentSinceLastRecv=0,watchdogTrigger=10,maxindex=0
D/UDP-TIMING(17001): 6728 0 -0.097214000
D/UDP-TIMING(17001): 6729 0 -0.101371000
D/UDP-TIMING(17001): 6730 0 -0.107286000
D/UDP-TIMING(17001): 6731 0 -0.115157000
D/UDP-TIMING(17001): 6732 0 -0.107366000
D/UDP-TIMING(17001): 6733 0 -0.109273000
D/UDP-TIMING(17001): 6734 0 -0.122817000
D/UDP-TIMING(17001): 6735 0 -0.124823000
D/UDP-TIMING(17001): 6736 0 -0.106594000
D/UDP-TIMING(17001): 6737 0 -0.108238000
D/UDP-TIMING(17001): 6738 0 -0.115223000
D/UDP-TIMING(17001): 6739 0 -0.124449000
D/UDP-TIMING(17001): 6740 0 -0.099108000
D/UDP-TIMING(17001): 6741 0 -0.100051000
D/UDP-TIMING(17001): 6742 0 -0.103906000
D/UDP-TIMING(17001): 6743 0 -0.119416000
D/UDP-TIMING(17001): 6744 0 -0.109493000
D/UDP-TIMING(17001): 6745 0 -0.111950000
D/UDP-TIMING(17001): 6746 0 -0.094171000
D/UDP-TIMING(17001): 6747 0 -0.100161000
D/UDP-TIMING(17001): 6748 0 -0.105338000
D/UDP-TIMING(17001): 6749 0 -0.112632000
D/UDP-TIMING(17001): 6750 0 -0.112859000
D/UDP-TIMING(17001): 6751 0 -0.116759000
D/UDP-TIMING(17001): 6752 0 -0.120292000
D/UDP-TIMING(17001): 6753 0 -0.123004000
D/UDP-TIMING(17001): 6754 0 -0.099100000
D/UDP-TIMING(17001): 6755 0 -0.100923000
D/UDP-TIMING(17001): 6756 0 -0.125030000
D/UDP-TIMING(17001): 6757 0 -0.124240000
D/UDP-TIMING(17001): 6758 0 -0.125010000
D/UDP-TIMING(17001): 6759 0 -0.106497000
D/UDP-TIMING(17001): 6760 0 -0.109800000
D/UDP-TIMING(17001): 6761 0 -0.116844000
D/UDP-TIMING(17001): 6762 0 -0.119319000
D/UDP-TIMING(17001): 6763 0 -0.121287000
D/UDP-TIMING(17001): 6764 0 -0.101614000
E/TrafficStats(16531): [QCTMM]tryAll index=0
E/TrafficStats(16531): [QCTMM]tryAll index=1
E/TrafficStats(16531): [QCTMM]tryAll index=2
E/TrafficStats(16531): [QCTMM]tryAll index=0
D/UDP-TIMING(17001): 6765 0 -0.099038000
D/UDP-TIMING(17001): 6766 0 -0.103120000
D/UDP-TIMING(17001): 6767 0 -0.107142000
D/UDP-TIMING(17001): 6768 0 -0.108060000
D/UDP-TIMING(17001): 6769 0 -0.111751000
D/UDP-TIMING(17001): 6770 0 -0.115474000
D/UDP-TIMING(17001): 6771 0 -0.121381000
E/TrafficStats(16531): [QCTMM]tryAll index=1
E/TrafficStats(16531): [QCTMM]tryAll index=2
E/TrafficStats(16531): [QCTMM]tryAll index=0
E/TrafficStats(16531): [QCTMM]tryAll index=1
E/TrafficStats(16531): [QCTMM]tryAll index=2
D/UDP-TIMING(17001): 6772 0 -0.095836000
D/UDP-TIMING(17001): 6773 0 -0.105132000
D/UDP-TIMING(17001): 6774 0 -0.107770000
D/UDP-TIMING(17001): 6775 0 -0.110594000
E/TrafficStats(16531): [QCTMM]tryAll index=0
E/TrafficStats(16531): [QCTMM]tryAll index=1
E/TrafficStats(16531): [QCTMM]tryAll index=2
D/UDP-TIMING(17001): 6776 0 -0.097564000
D/UDP-TIMING(17001): 6777 0 -0.121906000
D/UDP-TIMING(17001): 6778 0 -0.102794000
D/UDP-TIMING(17001): 6779 0 -0.105092000
D/UDP-TIMING(17001): 6780 0 -0.110712000
D/UDP-TIMING(17001): 6781 0 -0.120503000
D/UDP-TIMING(17001): 6782 0 -0.097555000
D/UDP-TIMING(17001): 6783 0 -0.109655000
D/UDP-TIMING(17001): 6784 0 -0.098273000
D/UDP-TIMING(17001): 6785 0 -0.123177000
D/UDP-TIMING(17001): 6786 0 -0.112134000
D/UDP-TIMING(17001): 6787 0 -0.095895000
D/UDP-TIMING(17001): 6788 0 -0.115625000
D/UDP-TIMING(17001): 6789 0 -0.108362000
D/UDP-TIMING(17001): 6790 0 -0.113984000
D/UDP-TIMING(17001): 6791 0 -0.115542000
D/UDP-TIMING(17001): 6792 0 -0.120760000
D/UDP-TIMING(17001): 6793 0 -0.100777000
D/UDP-TIMING(17001): 6794 0 -0.104319000
D/UDP-TIMING(17001): 6795 0 -0.104915000
D/UDP-TIMING(17001): 6796 0 -0.113154000
D/UDP-TIMING(17001): 6797 0 -0.122515000
D/UDP-TIMING(17001): 6798 0 -0.096985000
D/UDP-TIMING(17001): 6799 0 -0.106868000
D/UDP-TIMING(17001): 6800 0 -0.099559000
D/UDP-TIMING(17001): 6801 0 -0.110126000
D/UDP-TIMING(17001): 6802 0 -0.110846000
D/UDP-TIMING(17001): 6803 0 -0.113966000
D/UDP-TIMING(17001): 6804 0 -0.116894000
D/UDP-TIMING(17001): 6805 0 -0.120201000
D/UDP-TIMING(17001): 6806 0 -0.096700000
D/UDP-TIMING(17001): 6807 0 -0.097258000
D/UDP-TIMING(17001): 6808 0 -0.099378000
D/UDP-TIMING(17001): 6809 0 -0.101110000
D/UDP-TIMING(17001): 6810 0 -0.103789000
D/UDP-TIMING(17001): 6811 0 -0.112883000
D/UDP-TIMING(17001): 6812 0 -0.097662000
D/UDP-TIMING(17001): 6813 0 -0.110393000
D/UDP-TIMING(17001): 6814 0 -0.114006000
D/UDP-TIMING(17001): 6815 0 -0.093181000
D/UDP-TIMING(17001): 6816 0 -0.103374000
D/UDP-TIMING(17001): 6817 0 -0.104933000
D/UDP-TIMING(17001): 6818 0 -0.109397000
D/UDP-TIMING(17001): 6819 0 -0.116278000
D/UDP-TIMING(17001): 6820 0 -0.116734000
D/UDP-TIMING(17001): 6821 0 -0.101668000
D/UDP-TIMING(17001): 6822 0 -0.111322000
D/UDP-TIMING(17001): 6823 0 -0.116952000
D/UDP-TIMING(17001): 6824 0 -0.121921000
D/UDP-TIMING(17001): 6825 0 -0.113867000
D/UDP-TIMING(17001): 6826 0 -0.120164000
D/UDP-TIMING(17001): 6827 0 -0.116733000
D/UDP-TIMING(17001): 6828 0 -0.123652000
D/UDP-TIMING(17001): 6829 0 -0.110206000
D/UDP-TIMING(17001): 6830 0 -0.118324000
D/UDP-TIMING(17001): 6831 0 -0.123306000
D/UDP-TIMING(17001): 6832 0 -0.099200000
D/UDP-TIMING(17001): 6833 0 -0.108459000
D/UDP-TIMING(17001): 6834 0 -0.118725000
D/Database(16531): dbopen(): path = /data/data/com.onavo.android.onavoid/databases/ui_events, flag = 6, file size = 14044160
D/Database(16531): dbopen(): path = /data/data/com.onavo.android.onavoid/databases/ui_events, mode: wal, disk free size: 2000 M, handle: 0x378018
E/TrafficStats( 1673): [QCTMM]tryAll index=0
E/TrafficStats( 1673): [QCTMM]tryAll index=1
E/TrafficStats( 1673): [QCTMM]tryAll index=2
D/UDP-TIMING(17001): 6835 0 -0.101703000
D/UDP-TIMING(17001): 6836 0 -0.121571000
E/TrafficStats( 1673): [QCTMM]tryAll index=0
E/TrafficStats( 1673): [QCTMM]tryAll index=1
E/TrafficStats( 1673): [QCTMM]tryAll index=2
D/DATA    ( 1860): sentSinceLastRecv=0,watchdogTrigger=10,maxindex=0
D/UDP-TIMING(17001): 6837 0 -0.092885000
D/UDP-TIMING(17001): 6838 0 -0.106045000
D/UDP-TIMING(17001): 6839 0 -0.106602000
D/UDP-TIMING(17001): 6840 0 -0.109849000
D/Database(16531): dbclose(): path = /data/data/com.onavo.android.onavoid/databases/ui_events, handle = 0x378018
D/UDP-TIMING(17001): 6841 0 -0.109347000
D/UDP-TIMING(17001): 6842 0 -0.119405000
D/UDP-TIMING(17001): 6843 0 -0.119823000
D/UDP-TIMING(17001): 6844 0 -0.100398000
D/UDP-TIMING(17001): 6845 0 -0.094689000
D/UDP-TIMING(17001): 6846 0 -0.104547000
D/UDP-TIMING(17001): 6847 0 -0.108210000
D/UDP-TIMING(17001): 6848 0 -0.108791000
D/UDP-TIMING(17001): 6849 0 -0.111492000
D/UDP-TIMING(17001): 6850 0 -0.096922000
D/UDP-TIMING(17001): 6851 0 -0.097766000
D/UDP-TIMING(17001): 6852 0 -0.110827000
D/UDP-TIMING(17001): 6853 0 -0.115890000
D/UDP-TIMING(17001): 6854 0 -0.122649000
D/UDP-TIMING(17001): 6855 0 -0.123920000
D/UDP-TIMING(17001): 6856 0 -0.097122000
D/UDP-TIMING(17001): 6857 0 -0.124286000
D/UDP-TIMING(17001): 6858 0 -0.124736000
D/UDP-TIMING(17001): 6859 0 -0.109626000
D/UDP-TIMING(17001): 6860 0 -0.123273000
D/UDP-TIMING(17001): 6861 0 -0.101459000
D/UDP-TIMING(17001): 6862 0 -0.103114000
D/UDP-TIMING(17001): 6863 0 -0.105394000
D/UDP-TIMING(17001): 6864 0 -0.107349000
D/UDP-TIMING(17001): 6865 0 -0.122300000
D/UDP-TIMING(17001): 6866 0 -0.114040000
D/UDP-TIMING(17001): 6867 0 -0.114418000
D/UDP-TIMING(17001): 6868 0 -0.106147000
D/UDP-TIMING(17001): 6869 0 -0.115633000
D/UDP-TIMING(17001): 6870 0 -0.116417000
D/UDP-TIMING(17001): 6871 0 -0.118125000
D/UDP-TIMING(17001): 6872 0 -0.096024000
D/UDP-TIMING(17001): 6873 0 -0.107715000
D/UDP-TIMING(17001): 6874 0 -0.109711000
D/UDP-TIMING(17001): 6875 0 -0.112293000
D/UDP-TIMING(17001): 6876 0 -0.121499000
D/UDP-TIMING(17001): 6877 0 -0.107264000
D/UDP-TIMING(17001): 6878 0 -0.114404000
D/UDP-TIMING(17001): 6879 0 -0.124582000
D/UDP-TIMING(17001): 6880 0 -0.108048000
D/UDP-TIMING(17001): 6881 0 -0.111479000
D/UDP-TIMING(17001): 6882 0 -0.123508000
D/UDP-TIMING(17001): 6883 0 -0.100388000
D/UDP-TIMING(17001): 6884 0 -0.111329000
D/UDP-TIMING(17001): 6885 0 -0.113357000
D/UDP-TIMING(17001): 6886 0 -0.121832000
D/UDP-TIMING(17001): 6887 0 -0.118364000
D/UDP-TIMING(17001): 6888 0 -0.119598000
D/UDP-TIMING(17001): 6889 0 -0.098928000
D/UDP-TIMING(17001): 6890 0 -0.110848000
D/UDP-TIMING(17001): 6891 0 -0.098996000
D/UDP-TIMING(17001): 6892 0 -0.100788000
D/UDP-TIMING(17001): 6893 0 -0.118586000
D/UDP-TIMING(17001): 6894 0 -0.119048000
D/UDP-TIMING(17001): 6895 0 -0.123037000
D/UDP-TIMING(17001): 6896 0 -0.102523000
D/UDP-TIMING(17001): 6897 0 -0.096236000
D/UDP-TIMING(17001): 6898 0 -0.100613000
D/UDP-TIMING(17001): 6899 0 -0.107438000
D/UDP-TIMING(17001): 6900 0 -0.114800000
D/UDP-TIMING(17001): 6901 0 -0.120020000
D/UDP-TIMING(17001): 6902 0 -0.100409000
D/UDP-TIMING(17001): 6903 0 -0.101174000
D/UDP-TIMING(17001): 6904 0 -0.102134000
D/UDP-TIMING(17001): 6905 0 -0.117901000
D/UDP-TIMING(17001): 6906 0 -0.121193000
D/UDP-TIMING(17001): 6907 0 -0.102269000
D/UDP-TIMING(17001): 6908 0 -0.110931000
D/UDP-TIMING(17001): 6909 0 -0.095826000
D/UDP-TIMING(17001): 6910 0 -0.099564000
D/UDP-TIMING(17001): 6911 0 -0.103556000
D/UDP-TIMING(17001): 6912 0 -0.104128000
D/UDP-TIMING(17001): 6913 0 -0.117822000
D/UDP-TIMING(17001): 6914 0 -0.102775000
D/UDP-TIMING(17001): 6915 0 -0.114809000
D/UDP-TIMING(17001): 6916 0 -0.116714000
D/UDP-TIMING(17001): 6917 0 -0.121107000
D/UDP-TIMING(17001): 6918 0 -0.101408000
D/UDP-TIMING(17001): 6919 0 -0.104669000
D/UDP-TIMING(17001): 6920 0 -0.100520000
D/UDP-TIMING(17001): 6921 0 -0.104516000
D/UDP-TIMING(17001): 6922 0 -0.105741000
D/UDP-TIMING(17001): 6923 0 -0.106738000
D/UDP-TIMING(17001): 6924 0 -0.108451000
D/UDP-TIMING(17001): 6925 0 -0.109987000
D/UDP-TIMING(17001): 6926 0 -0.115163000
D/UDP-TIMING(17001): 6927 0 -0.099171000
D/UDP-TIMING(17001): 6928 0 -0.099687000
D/UDP-TIMING(17001): 6929 0 -0.113093000
D/UDP-TIMING(17001): 6930 0 -0.115790000
D/UDP-TIMING(17001): 6931 0 -0.123786000
D/UDP-TIMING(17001): 6932 0 -0.125328000
D/UDP-TIMING(17001): 6933 0 -0.113974000
D/UDP-TIMING(17001): 6934 0 -0.123354000
D/UDP-TIMING(17001): 6935 0 -0.125763000
D/UDP-TIMING(17001): 6936 0 -0.106431000
D/UDP-TIMING(17001): 6937 0 -0.096323000
D/UDP-TIMING(17001): 6938 0 -0.116695000
D/UDP-TIMING(17001): 6939 0 -0.119141000
D/UDP-TIMING(17001): 6940 0 -0.099679000
D/UDP-TIMING(17001): 6941 0 -0.101651000
D/UDP-TIMING(17001): 6942 0 -0.109112000
D/UDP-TIMING(17001): 6943 0 -0.120267000
D/UDP-TIMING(17001): 6944 0 -0.122071000
D/UDP-TIMING(17001): 6945 0 -0.125749000
D/UDP-TIMING(17001): 6946 0 -0.100201000
D/UDP-TIMING(17001): 6947 0 -0.104073000
D/UDP-TIMING(17001): 6948 0 -0.114242000
E/TrafficStats( 1673): [QCTMM]tryAll index=0
E/TrafficStats( 1673): [QCTMM]tryAll index=1
E/TrafficStats( 1673): [QCTMM]tryAll index=2
E/TrafficStats( 1673): [QCTMM]tryAll index=0
E/TrafficStats( 1673): [QCTMM]tryAll index=1
E/TrafficStats( 1673): [QCTMM]tryAll index=2
D/DATA    ( 1860): sentSinceLastRecv=0,watchdogTrigger=10,maxindex=0
D/UDP-TIMING(17001): 6949 0 -0.124325000
D/UDP-TIMING(17001): 6950 0 -0.103059000
D/UDP-TIMING(17001): 6951 0 -0.111372000
D/UDP-TIMING(17001): 6952 0 -0.115104000
D/UDP-TIMING(17001): 6953 0 -0.096438000
D/UDP-TIMING(17001): 6954 0 -0.106681000
D/UDP-TIMING(17001): 6955 0 -0.112621000
D/UDP-TIMING(17001): 6956 0 -0.098540000
D/UDP-TIMING(17001): 6957 0 -0.098996000
D/UDP-TIMING(17001): 6958 0 -0.101093000
D/UDP-TIMING(17001): 6959 0 -0.118590000
D/UDP-TIMING(17001): 6960 0 -0.102681000
D/UDP-TIMING(17001): 6961 0 -0.107957000
D/UDP-TIMING(17001): 6962 0 -0.112695000
D/UDP-TIMING(17001): 6963 0 -0.104854000
D/UDP-TIMING(17001): 6964 0 -0.107758000
D/UDP-TIMING(17001): 6965 0 -0.110266000
D/UDP-TIMING(17001): 6966 0 -0.111337000
D/UDP-TIMING(17001): 6967 0 -0.102525000
D/UDP-TIMING(17001): 6968 0 -0.120283000
D/UDP-TIMING(17001): 6969 0 -0.120036000
D/UDP-TIMING(17001): 6970 0 -0.120973000
D/UDP-TIMING(17001): 6971 0 -0.097680000
D/UDP-TIMING(17001): 6972 0 -0.099032000
D/UDP-TIMING(17001): 6973 0 -0.108112000
D/UDP-TIMING(17001): 6974 0 -0.109588000
D/UDP-TIMING(17001): 6975 0 -0.112860000
D/UDP-TIMING(17001): 6976 0 -0.103808000
D/UDP-TIMING(17001): 6977 0 -0.110588000
D/UDP-TIMING(17001): 6978 0 -0.119223000
D/UDP-TIMING(17001): 6979 0 -0.096780000
D/UDP-TIMING(17001): 6980 0 -0.103262000
D/UDP-TIMING(17001): 6981 0 -0.104893000
D/UDP-TIMING(17001): 6982 0 -0.105694000
D/UDP-TIMING(17001): 6983 0 -0.120049000
D/UDP-TIMING(17001): 6984 0 -0.105607000
D/UDP-TIMING(17001): 6985 0 -0.117627000
D/UDP-TIMING(17001): 6986 0 -0.119905000
D/UDP-TIMING(17001): 6987 0 -0.099543000
D/UDP-TIMING(17001): 6988 0 -0.112452000
D/UDP-TIMING(17001): 6989 0 -0.117223000
D/UDP-TIMING(17001): 6990 0 -0.122698000
D/UDP-TIMING(17001): 6991 0 -0.099552000
D/UDP-TIMING(17001): 6992 0 -0.114009000
D/UDP-TIMING(17001): 6993 0 -0.098969000
D/UDP-TIMING(17001): 6994 0 -0.103635000
D/UDP-TIMING(17001): 6995 0 -0.109355000
D/UDP-TIMING(17001): 6996 0 -0.122741000
D/UDP-TIMING(17001): 6997 0 -0.099085000
D/UDP-TIMING(17001): 6998 0 -0.119802000
D/UDP-TIMING(17001): 6999 0 -0.097963000
D/UDP-TIMING(17001): 7000 0 -0.103196000
D/UDP-TIMING(17001): 7001 0 -0.102632000
D/UDP-TIMING(17001): 7002 0 -0.102828000
D/UDP-TIMING(17001): 7003 0 -0.110040000
D/UDP-TIMING(17001): 7004 0 -0.117891000
D/UDP-TIMING(17001): 7005 0 -0.119559000
D/UDP-TIMING(17001): 7006 0 -0.103944000
D/UDP-TIMING(17001): 7007 0 -0.109482000
D/UDP-TIMING(17001): 7008 0 -0.119294000
D/UDP-TIMING(17001): 7009 0 -0.123564000
D/UDP-TIMING(17001): 7010 0 -0.119016000
D/UDP-TIMING(17001): 7011 0 -0.119991000
D/UDP-TIMING(17001): 7012 0 -0.096063000
D/UDP-TIMING(17001): 7013 0 -0.103904000
D/UDP-TIMING(17001): 7014 0 -0.122041000
D/UDP-TIMING(17001): 7015 0 -0.125270000
D/UDP-TIMING(17001): 7016 0 -0.106197000
D/UDP-TIMING(17001): 7017 0 -0.106645000
D/UDP-TIMING(17001): 7018 0 -0.125464000
D/UDP-TIMING(17001): 7019 0 -0.100924000
D/UDP-TIMING(17001): 7020 0 -0.106092000
D/UDP-TIMING(17001): 7021 0 -0.109162000
D/UDP-TIMING(17001): 7022 0 -0.099082000
D/UDP-TIMING(17001): 7023 0 -0.100886000
D/UDP-TIMING(17001): 7024 0 -0.101300000
D/UDP-TIMING(17001): 7025 0 -0.103963000
D/UDP-TIMING(17001): 7026 0 -0.105722000
D/UDP-TIMING(17001): 7027 0 -0.119965000
D/UDP-TIMING(17001): 7028 0 -0.100629000
D/UDP-TIMING(17001): 7029 0 -0.101007000
D/UDP-TIMING(17001): 7030 0 -0.104997000
D/UDP-TIMING(17001): 7031 0 -0.105726000
D/UDP-TIMING(17001): 7032 0 -0.109273000
D/UDP-TIMING(17001): 7033 0 -0.113448000
D/UDP-TIMING(17001): 7034 0 -0.121784000
D/UDP-TIMING(17001): 7035 0 -0.098589000
D/UDP-TIMING(17001): 7036 0 -0.105055000
D/UDP-TIMING(17001): 7037 0 -0.109132000
D/UDP-TIMING(17001): 7038 0 -0.103233000
D/UDP-TIMING(17001): 7039 0 -0.104175000
D/UDP-TIMING(17001): 7040 0 -0.114882000
D/UDP-TIMING(17001): 7041 0 -0.102091000
D/UDP-TIMING(17001): 7042 0 -0.103843000
D/UDP-TIMING(17001): 7043 0 -0.105241000
D/UDP-TIMING(17001): 7044 0 -0.121452000
E/TrafficStats( 1673): [QCTMM]tryAll index=0
E/TrafficStats( 1673): [QCTMM]tryAll index=1
E/TrafficStats( 1673): [QCTMM]tryAll index=2
E/TrafficStats( 1673): [QCTMM]tryAll index=0
E/TrafficStats( 1673): [QCTMM]tryAll index=1
E/TrafficStats( 1673): [QCTMM]tryAll index=2
D/UDP-TIMING(17001): 7045 0 -0.104072000
D/UDP-TIMING(17001): 7046 0 -0.108979000
D/UDP-TIMING(17001): 7047 0 -0.115476000
D/UDP-TIMING(17001): 7048 0 -0.115660000
D/UDP-TIMING(17001): 7049 0 -0.118346000
D/DATA    ( 1860): sentSinceLastRecv=0,watchdogTrigger=10,maxindex=0
D/UDP-TIMING(17001): 7050 0 -0.108566000
D/UDP-TIMING(17001): 7051 0 -0.113905000
D/UDP-TIMING(17001): 7052 0 -0.120424000
D/UDP-TIMING(17001): 7053 0 -0.102831000
D/UDP-TIMING(17001): 7054 0 -0.110970000
D/UDP-TIMING(17001): 7055 0 -0.117933000
D/UDP-TIMING(17001): 7056 0 -0.115060000
D/UDP-TIMING(17001): 7057 0 -0.096738000
D/UDP-TIMING(17001): 7058 0 -0.099712000
D/UDP-TIMING(17001): 7059 0 -0.108845000
D/UDP-TIMING(17001): 7060 0 -0.121501000
D/UDP-TIMING(17001): 7061 0 -0.100192000
D/UDP-TIMING(17001): 7062 0 -0.110693000
D/UDP-TIMING(17001): 7063 0 -0.122128000
D/UDP-TIMING(17001): 7064 0 -0.113599000
D/UDP-TIMING(17001): 7065 0 -0.115977000
D/UDP-TIMING(17001): 7066 0 -0.117986000
D/UDP-TIMING(17001): 7067 0 -0.122411000
D/UDP-TIMING(17001): 7068 0 -0.099596000
D/UDP-TIMING(17001): 7069 0 -0.100562000
D/UDP-TIMING(17001): 7070 0 -0.106227000
D/UDP-TIMING(17001): 7071 0 -0.108177000
D/UDP-TIMING(17001): 7072 0 -0.101266000
D/UDP-TIMING(17001): 7073 0 -0.110009000
D/UDP-TIMING(17001): 7074 0 -0.113467000
D/UDP-TIMING(17001): 7075 0 -0.125493000
D/UDP-TIMING(17001): 7076 0 -0.103406000
D/UDP-TIMING(17001): 7077 0 -0.114055000
D/UDP-TIMING(17001): 7078 0 -0.115948000
D/UDP-TIMING(17001): 7079 0 -0.124614000
D/UDP-TIMING(17001): 7080 0 -0.115286000
D/UDP-TIMING(17001): 7081 0 -0.115433000
D/UDP-TIMING(17001): 7082 0 -0.119702000
D/UDP-TIMING(17001): 7083 0 -0.123953000
D/UDP-TIMING(17001): 7084 0 -0.107113000
D/UDP-TIMING(17001): 7085 0 -0.114585000
D/UDP-TIMING(17001): 7086 0 -0.101650000
D/UDP-TIMING(17001): 7087 0 -0.112314000
D/UDP-TIMING(17001): 7088 0 -0.114849000
D/UDP-TIMING(17001): 7089 0 -0.115679000
D/UDP-TIMING(17001): 7090 0 -0.118565000
D/UDP-TIMING(17001): 7091 0 -0.114161000
D/UDP-TIMING(17001): 7092 0 -0.123964000
D/UDP-TIMING(17001): 7093 0 -0.115054000
D/UDP-TIMING(17001): 7094 0 -0.094345000
D/UDP-TIMING(17001): 7095 0 -0.101461000
D/UDP-TIMING(17001): 7096 0 -0.102386000
D/UDP-TIMING(17001): 7097 0 -0.116916000
D/UDP-TIMING(17001): 7098 0 -0.105159000
D/UDP-TIMING(17001): 7099 0 -0.114252000
D/UDP-TIMING(17001): 7100 0 -0.102652000
D/UDP-TIMING(17001): 7101 0 -0.105829000
D/UDP-TIMING(17001): 7102 0 -0.119919000
D/UDP-TIMING(17001): 7103 0 -0.103237000
D/UDP-TIMING(17001): 7104 0 -0.090806000
D/UDP-TIMING(17001): 7105 0 -0.091252000
D/UDP-TIMING(17001): 7106 0 -0.096955000
D/UDP-TIMING(17001): 7107 0 -0.102050000
D/UDP-TIMING(17001): 7108 0 -0.113451000
D/UDP-TIMING(17001): 7109 0 -0.122306000
D/UDP-TIMING(17001): 7110 0 -0.123909000
D/UDP-TIMING(17001): 7111 0 -0.101526000
D/UDP-TIMING(17001): 7112 0 -0.110524000
D/UDP-TIMING(17001): 7113 0 -0.106678000
D/UDP-TIMING(17001): 7114 0 -0.096741000
D/UDP-TIMING(17001): 7115 0 -0.100541000
D/UDP-TIMING(17001): 7116 0 -0.106530000
D/UDP-TIMING(17001): 7117 0 -0.118289000
D/UDP-TIMING(17001): 7118 0 -0.118350000
D/UDP-TIMING(17001): 7119 0 -0.098501000
D/UDP-TIMING(17001): 7120 0 -0.112581000
D/UDP-TIMING(17001): 7121 0 -0.114768000
D/UDP-TIMING(17001): 7122 0 -0.123305000
D/UDP-TIMING(17001): 7123 0 -0.098508000
D/UDP-TIMING(17001): 7124 0 -0.099299000
D/UDP-TIMING(17001): 7125 0 -0.101185000
D/UDP-TIMING(17001): 7126 0 -0.121144000
D/UDP-TIMING(17001): 7127 0 -0.122778000
D/UDP-TIMING(17001): 7128 0 -0.117442000
D/UDP-TIMING(17001): 7129 0 -0.100013000
D/UDP-TIMING(17001): 7130 0 -0.113011000
D/UDP-TIMING(17001): 7131 0 -0.096721000
D/UDP-TIMING(17001): 7132 0 -0.097828000
D/UDP-TIMING(17001): 7133 0 -0.104444000
D/UDP-TIMING(17001): 7134 0 -0.111185000
D/UDP-TIMING(17001): 7135 0 -0.096725000
D/UDP-TIMING(17001): 7136 0 -0.103820000
D/UDP-TIMING(17001): 7137 0 -0.096430000
D/UDP-TIMING(17001): 7138 0 -0.098419000
D/UDP-TIMING(17001): 7139 0 -0.100462000
D/UDP-TIMING(17001): 7140 0 -0.107133000
D/UDP-TIMING(17001): 7141 0 -0.108623000
D/UDP-TIMING(17001): 7142 0 -0.121078000
D/UDP-TIMING(17001): 7143 0 -0.121822000
D/UDP-TIMING(17001): 7144 0 -0.122441000
E/TrafficStats( 1673): [QCTMM]tryAll index=0
E/TrafficStats( 1673): [QCTMM]tryAll index=1
E/TrafficStats( 1673): [QCTMM]tryAll index=2
E/TrafficStats( 1673): [QCTMM]tryAll index=0
E/TrafficStats( 1673): [QCTMM]tryAll index=1
E/TrafficStats( 1673): [QCTMM]tryAll index=2
D/DATA    ( 1860): sentSinceLastRecv=0,watchdogTrigger=10,maxindex=0
D/UDP-TIMING(17001): 7145 0 -0.101460000
D/UDP-TIMING(17001): 7146 0 -0.106135000
D/UDP-TIMING(17001): 7147 0 -0.112892000
D/UDP-TIMING(17001): 7148 0 -0.116163000
D/UDP-TIMING(17001): 7149 0 -0.120030000
D/UDP-TIMING(17001): 7150 0 -0.121564000
D/UDP-TIMING(17001): 7151 0 -0.121733000
D/UDP-TIMING(17001): 7152 0 -0.098377000
D/UDP-TIMING(17001): 7153 0 -0.110224000
D/UDP-TIMING(17001): 7154 0 -0.115111000
D/UDP-TIMING(17001): 7155 0 -0.123307000
D/UDP-TIMING(17001): 7156 0 -0.112509000
D/UDP-TIMING(17001): 7157 0 -0.115406000
D/UDP-TIMING(17001): 7158 0 -0.096840000
D/UDP-TIMING(17001): 7159 0 -0.111299000
D/UDP-TIMING(17001): 7160 0 -0.108569000
D/UDP-TIMING(17001): 7161 0 -0.113958000
D/UDP-TIMING(17001): 7162 0 -0.121289000
D/UDP-TIMING(17001): 7163 0 -0.113167000
D/UDP-TIMING(17001): 7164 0 -0.104391000
D/UDP-TIMING(17001): 7165 0 -0.115873000
D/UDP-TIMING(17001): 7166 0 -0.097199000
D/UDP-TIMING(17001): 7167 0 -0.102073000
D/UDP-TIMING(17001): 7168 0 -0.123564000
D/UDP-TIMING(17001): 7169 0 -0.111455000
D/UDP-TIMING(17001): 7170 0 -0.119417000
D/UDP-TIMING(17001): 7171 0 -0.124069000
D/UDP-TIMING(17001): 7172 0 -0.125095000
D/UDP-TIMING(17001): 7173 0 -0.098207000
D/UDP-TIMING(17001): 7174 0 -0.103765000
D/UDP-TIMING(17001): 7175 0 -0.098560000
D/UDP-TIMING(17001): 7176 0 -0.115756000
D/UDP-TIMING(17001): 7177 0 -0.100232000
D/UDP-TIMING(17001): 7178 0 -0.106942000
D/UDP-TIMING(17001): 7179 0 -0.108003000
D/UDP-TIMING(17001): 7180 0 -0.109005000
D/UDP-TIMING(17001): 7181 0 -0.118431000
D/UDP-TIMING(17001): 7182 0 -0.119552000
D/UDP-TIMING(17001): 7183 0 -0.098269000
D/UDP-TIMING(17001): 7184 0 -0.101925000
D/UDP-TIMING(17001): 7185 0 -0.108343000
D/UDP-TIMING(17001): 7186 0 -0.109731000
D/UDP-TIMING(17001): 7187 0 -0.111393000
D/UDP-TIMING(17001): 7188 0 -0.093377000
D/UDP-TIMING(17001): 7189 0 -0.109225000
D/UDP-TIMING(17001): 7190 0 -0.100442000
D/UDP-TIMING(17001): 7191 0 -0.110578000
D/UDP-TIMING(17001): 7192 0 -0.112962000
D/UDP-TIMING(17001): 7193 0 -0.118271000
D/UDP-TIMING(17001): 7194 0 -0.125720000
D/UDP-TIMING(17001): 7195 0 -0.126648000
D/UDP-TIMING(17001): 7196 0 -0.102791000
D/UDP-TIMING(17001): 7197 0 -0.105045000
D/UDP-TIMING(17001): 7198 0 -0.111082000
D/UDP-TIMING(17001): 7199 0 -0.114346000
D/UDP-TIMING(17001): 7200 0 -0.114650000
D/UDP-TIMING(17001): 7201 0 -0.123328000
D/UDP-TIMING(17001): 7202 0 -0.103062000
D/UDP-TIMING(17001): 7203 0 -0.106437000
D/UDP-TIMING(17001): 7204 0 -0.109198000
D/UDP-TIMING(17001): 7205 0 -0.109657000
D/UDP-TIMING(17001): 7206 0 -0.111444000
D/UDP-TIMING(17001): 7207 0 -0.112000000
D/UDP-TIMING(17001): 7208 0 -0.098493000
D/UDP-TIMING(17001): 7209 0 -0.104403000
D/UDP-TIMING(17001): 7210 0 -0.105866000
D/UDP-TIMING(17001): 7211 0 -0.096404000
D/UDP-TIMING(17001): 7212 0 -0.096941000
D/UDP-TIMING(17001): 7213 0 -0.099444000
D/UDP-TIMING(17001): 7214 0 -0.105246000
D/UDP-TIMING(17001): 7215 0 -0.109395000
D/UDP-TIMING(17001): 7216 0 -0.120482000
D/UDP-TIMING(17001): 7217 0 -0.098097000
D/UDP-TIMING(17001): 7218 0 -0.104403000
D/UDP-TIMING(17001): 7219 0 -0.109080000
D/UDP-TIMING(17001): 7220 0 -0.113276000
D/UDP-TIMING(17001): 7221 0 -0.117728000
D/UDP-TIMING(17001): 7222 0 -0.099892000
D/UDP-TIMING(17001): 7223 0 -0.107486000
D/UDP-TIMING(17001): 7224 0 -0.121233000
D/UDP-TIMING(17001): 7225 0 -0.098645000
D/UDP-TIMING(17001): 7226 0 -0.107785000
D/UDP-TIMING(17001): 7227 0 -0.109339000
D/UDP-TIMING(17001): 7228 0 -0.120883000
D/UDP-TIMING(17001): 7229 0 -0.121370000
D/UDP-TIMING(17001): 7230 0 -0.096179000
D/UDP-TIMING(17001): 7231 0 -0.108017000
D/UDP-TIMING(17001): 7232 0 -0.108278000
D/UDP-TIMING(17001): 7233 0 -0.108372000
D/UDP-TIMING(17001): 7234 0 -0.119099000
D/UDP-TIMING(17001): 7235 0 -0.121946000
D/UDP-TIMING(17001): 7236 0 -0.122451000
D/UDP-TIMING(17001): 7237 0 -0.102410000
D/UDP-TIMING(17001): 7238 0 -0.105771000
D/UDP-TIMING(17001): 7239 0 -0.123513000
D/UDP-TIMING(17001): 7240 0 -0.124148000
D/UDP-TIMING(17001): 7241 0 -0.098950000
D/UDP-TIMING(17001): 7242 0 -0.111031000
D/UDP-TIMING(17001): 7243 0 -0.112073000
D/UDP-TIMING(17001): 7244 0 -0.121084000
D/UDP-TIMING(17001): 7245 0 -0.122647000
D/UDP-TIMING(17001): 7246 0 -0.098276000
D/UDP-TIMING(17001): 7247 0 -0.101355000
D/UDP-TIMING(17001): 7248 0 -0.112287000
D/UDP-TIMING(17001): 7249 0 -0.101662000
D/UDP-TIMING(17001): 7250 0 -0.111146000
E/TrafficStats( 1673): [QCTMM]tryAll index=0
E/TrafficStats( 1673): [QCTMM]tryAll index=1
E/TrafficStats( 1673): [QCTMM]tryAll index=2
E/TrafficStats( 1673): [QCTMM]tryAll index=0
E/TrafficStats( 1673): [QCTMM]tryAll index=1
E/TrafficStats( 1673): [QCTMM]tryAll index=2
D/DATA    ( 1860): sentSinceLastRecv=0,watchdogTrigger=10,maxindex=0
D/UDP-TIMING(17001): 7251 0 -0.091703000
D/UDP-TIMING(17001): 7252 0 -0.094058000
D/UDP-TIMING(17001): 7253 0 -0.103154000
D/UDP-TIMING(17001): 7254 0 -0.110379000
D/UDP-TIMING(17001): 7255 0 -0.109116000
D/UDP-TIMING(17001): 7256 0 -0.110300000
D/UDP-TIMING(17001): 7257 0 -0.111556000
D/UDP-TIMING(17001): 7258 0 -0.112415000
D/UDP-TIMING(17001): 7259 0 -0.096906000
D/UDP-TIMING(17001): 7260 0 -0.098411000
D/UDP-TIMING(17001): 7261 0 -0.104613000
D/UDP-TIMING(17001): 7262 0 -0.110776000
D/UDP-TIMING(17001): 7263 0 -0.112366000
D/UDP-TIMING(17001): 7264 0 -0.118603000
D/UDP-TIMING(17001): 7265 0 -0.119868000
D/UDP-TIMING(17001): 7266 0 -0.094310000
D/UDP-TIMING(17001): 7267 0 -0.101110000
D/UDP-TIMING(17001): 7268 0 -0.113570000
D/UDP-TIMING(17001): 7269 0 -0.093786000
D/UDP-TIMING(17001): 7270 0 -0.097661000
