E/TrafficStats( 1673): [QCTMM]tryAll index=2
D/DATA    ( 1860): [QCTMM] DataNetStatistics sent == 0 && received == 0 newActivity=NONE
D/DATA    ( 1860): sentSinceLastRecv=0,watchdogTrigger=10,maxindex=0
E/TrafficStats( 1673): [QCTMM]tryAll index=0
E/TrafficStats( 1673): [QCTMM]tryAll index=1
E/TrafficStats( 1673): [QCTMM]tryAll index=2
E/TrafficStats( 1673): [QCTMM]tryAll index=0
E/TrafficStats( 1673): [QCTMM]tryAll index=1
E/TrafficStats( 1673): [QCTMM]tryAll index=2
D/DATA    ( 1860): [QCTMM] DataNetStatistics sent == 0 && received == 0 newActivity=NONE
D/DATA    ( 1860): sentSinceLastRecv=0,watchdogTrigger=10,maxindex=0
E/TrafficStats( 1673): [QCTMM]tryAll index=0
E/TrafficStats( 1673): [QCTMM]tryAll index=1
E/TrafficStats( 1673): [QCTMM]tryAll index=2
E/TrafficStats( 1673): [QCTMM]tryAll index=0
E/TrafficStats( 1673): [QCTMM]tryAll index=1
E/TrafficStats( 1673): [QCTMM]tryAll index=2
D/DATA    ( 1860): [QCTMM] DataNetStatistics sent == 0 && received == 0 newActivity=NONE
D/DATA    ( 1860): sentSinceLastRecv=0,watchdogTrigger=10,maxindex=0
E/TrafficStats( 1673): [QCTMM]tryAll index=0
E/TrafficStats( 1673): [QCTMM]tryAll index=1
E/TrafficStats( 1673): [QCTMM]tryAll index=2
E/TrafficStats( 1673): [QCTMM]tryAll index=0
E/TrafficStats( 1673): [QCTMM]tryAll index=1
E/TrafficStats( 1673): [QCTMM]tryAll index=2
D/DATA    ( 1860): [QCTMM] DataNetStatistics sent == 0 && received == 0 newActivity=NONE
D/DATA    ( 1860): sentSinceLastRecv=0,watchdogTrigger=10,maxindex=0
D/StatusBarPolicy( 1816): iconIndex=1
V/StatusBarPolicy( 1816): cdmaLevel:4;max:4
D/StatusBarPolicy( 1816): iconLevel:4
I/PhoneInfo( 2188): getCdmaLevel - cdmaDbm: -72 cdmaEcio:-80
I/PhoneInfo( 2188): getEvdoLevel - evdoDbm: -120 evdoSnr:-1 evdoEcio:-1
I/PhoneInfo( 2188): getLteLevel - lteRsrp: -1 lteCqi:-1
E/TrafficStats(16531): [QCTMM]tryAll index=0
E/TrafficStats(16531): [QCTMM]tryAll index=1
E/TrafficStats(16531): [QCTMM]tryAll index=2
E/TrafficStats(16531): [QCTMM]tryAll index=0
E/TrafficStats(16531): [QCTMM]tryAll index=1
E/TrafficStats(16531): [QCTMM]tryAll index=2
E/TrafficStats(16531): [QCTMM]tryAll index=0
E/TrafficStats(16531): [QCTMM]tryAll index=1
E/TrafficStats(16531): [QCTMM]tryAll index=2
E/TrafficStats(16531): [QCTMM]tryAll index=0
E/TrafficStats(16531): [QCTMM]tryAll index=1
E/TrafficStats(16531): [QCTMM]tryAll index=2
E/TrafficStats( 1673): [QCTMM]tryAll index=0
E/TrafficStats( 1673): [QCTMM]tryAll index=1
E/TrafficStats( 1673): [QCTMM]tryAll index=2
E/TrafficStats( 1673): [QCTMM]tryAll index=0
E/TrafficStats( 1673): [QCTMM]tryAll index=1
E/TrafficStats( 1673): [QCTMM]tryAll index=2
D/DATA    ( 1860): [QCTMM] DataNetStatistics sent == 0 && received == 0 newActivity=NONE
D/DATA    ( 1860): sentSinceLastRecv=0,watchdogTrigger=10,maxindex=0
D/Database(16531): dbopen(): path = /data/data/com.onavo.android.onavoid/databases/ui_events, flag = 6, file size = 14044160
D/Database(16531): dbopen(): path = /data/data/com.onavo.android.onavoid/databases/ui_events, mode: wal, disk free size: 2000 M, handle: 0x378018
D/Database(16531): dbclose(): path = /data/data/com.onavo.android.onavoid/databases/ui_events, handle = 0x378018
E/TrafficStats( 1673): [QCTMM]tryAll index=0
E/TrafficStats( 1673): [QCTMM]tryAll index=1
E/TrafficStats( 1673): [QCTMM]tryAll index=2
E/TrafficStats( 1673): [QCTMM]tryAll index=0
E/TrafficStats( 1673): [QCTMM]tryAll index=1
E/TrafficStats( 1673): [QCTMM]tryAll index=2
D/DATA    ( 1860): [QCTMM] DataNetStatistics sent == 0 && received == 0 newActivity=NONE
D/DATA    ( 1860): sentSinceLastRecv=0,watchdogTrigger=10,maxindex=0
D/MMDCT   ( 1860): onDCLChanged dcs=DataCallState: { cid: 0, active: 1, type: IP, apn: vzwinternet, address: 10.174.234.255 }
D/MMDCT   ( 1860): onDCLChanged dcs=DataCallState: { cid: 1, active: 2, type: IPV6, apn: vzwinternet, address: 2600:1000:b022:700a:f3ca:40ba:6903:3d04 }
D/MMDCT   ( 1860): onDCLChanged dcs=DataCallState: { cid: 2, active: 0, type: null, apn: null, address: null }
D/MMDCT   ( 1860): onDCLChanged dcs=DataCallState: { cid: 3, active: 0, type: null, apn: null, address: null }
D/MMDCT   ( 1860): onDCLChanged dcs=DataCallState: { cid: 4, active: 0, type: null, apn: null, address: null }
D/MMDCT   ( 1860): onDCLChanged dcs=DataCallState: { cid: 5, active: 0, type: null, apn: null, address: null }
D/MMDCT   ( 1860): onDCLChanged dcs=DataCallState: { cid: 6, active: 0, type: null, apn: null, address: null }
D/MMDCT   ( 1860): onDCLChanged dcs=DataCallState: { cid: 7, active: 0, type: null, apn: null, address: null }
D/MMDCT   ( 1860): onDCLChanged dcs=DataCallState: { cid: 8, active: 0, type: null, apn: null, address: null }
D/MMDCT   ( 1860): onDCLChanged dcs=DataCallState: { cid: 9, active: 0, type: null, apn: null, address: null }
D/MMDCT   ( 1860): onDCLChanged dcs=DataCallState: { cid: 10, active: 0, type: null, apn: null, address: null }
D/MMDCT   ( 1860): onDCLChanged dcs=DataCallState: { cid: 11, active: 0, type: null, apn: null, address: null }
D/MMDCT   ( 1860): onDCLChanged dcs=DataCallState: { cid: 12, active: 0, type: null, apn: null, address: null }
D/MMDCT   ( 1860): onDCLChanged dcs=DataCallState: { cid: 13, active: 0, type: null, apn: null, address: null }
D/MMDCT   ( 1860): onDCLChanged dcs=DataCallState: { cid: 14, active: 0, type: null, apn: null, address: null }
D/MMDCT   ( 1860): onDCLChanged dcs=DataCallState: { cid: 15, active: 0, type: null, apn: null, address: null }
D/MMDCT   ( 1860): onDCLChanged dcs=DataCallState: { cid: 16, active: 0, type: null, apn: null, address: null }
D/MMDCT   ( 1860): onDCLChanged dcs=DataCallState: { cid: 17, active: 0, type: null, apn: null, address: null }
D/MMDCT   ( 1860): onDCLChanged dcs=DataCallState: { cid: 18, active: 0, type: null, apn: null, address: null }
D/MMDCT   ( 1860): onDCLChanged dcs=DataCallState: { cid: 19, active: 0, type: null, apn: null, address: null }
D/MMDCT   ( 1860): onDCLChanged() DC is active : activeDC.active=1
D/MMDCT   ( 1860): onDCLChanged() DC is active : activeDC.active=2
D/MMDCT   ( 1860):  ======= check all DC disconnected ======= 
D/MMDCT   ( 1860): DC-0: state=DcActiveState if=rmnet_sdio0 ip=10.174.234.255 ipv=IPV4
D/MMDCT   ( 1860): DC-1: state=DcActiveState if=rmnet_sdio1 ip=2600:1000:b022:700a:f3ca:40ba:6903:3d04 ipv=IPV6
D/MMDCT   ( 1860): DC-2: state=DcInactiveState if=null ip=null ipv=null
D/MMDCT   ( 1860): DC-3: state=DcInactiveState if=null ip=null ipv=null
D/MMDCT   ( 1860): DC-4: state=DcInactiveState if=null ip=null ipv=null
D/MMDCT   ( 1860): DC-5: state=DcInactiveState if=null ip=null ipv=null
D/MMDCT   ( 1860): DC-6: state=DcInactiveState if=null ip=null ipv=null
D/MMDCT   ( 1860): DC-7: state=DcInactiveState if=null ip=null ipv=null
D/MMDCT   ( 1860): ifAllDataDisconnected ret=false
D/DATA    ( 1860): [QCTMM]isEnablePoll   enablePoll=true
D/MMDCT   ( 1860): onDCLChanged() DA=NONE
D/MMDCT   ( 1860): onDCLChanged() notifyDA() now
D/DATA    ( 1860): [PhoneNotifier] notifyDataActivityLTE
D/StatusBarPolicy( 1816): hasService()=true ,mDataState=2 ,mPhone.htcModemLinkOn()=false ,mDataActivity=0
D/StatusBarPolicy( 1816): slotType[0]=RUIM
E/TrafficStats( 1673): [QCTMM]tryAll index=0
E/TrafficStats( 1673): [QCTMM]tryAll index=1
E/TrafficStats( 1673): [QCTMM]tryAll index=2
E/TrafficStats( 1673): [QCTMM]tryAll index=0
E/TrafficStats( 1673): [QCTMM]tryAll index=1
E/TrafficStats( 1673): [QCTMM]tryAll index=2
D/DATA    ( 1860): [QCTMM] DataNetStatistics sent == 0 && received == 0 newActivity=NONE
D/DATA    ( 1860): sentSinceLastRecv=0,watchdogTrigger=10,maxindex=0
E/TrafficStats( 1673): [QCTMM]tryAll index=0
E/TrafficStats( 1673): [QCTMM]tryAll index=1
E/TrafficStats( 1673): [QCTMM]tryAll index=2
E/TrafficStats( 1673): [QCTMM]tryAll index=0
E/TrafficStats( 1673): [QCTMM]tryAll index=1
E/TrafficStats( 1673): [QCTMM]tryAll index=2
D/DATA    ( 1860): [QCTMM] DataNetStatistics sent == 0 && received == 0 newActivity=NONE
D/DATA    ( 1860): sentSinceLastRecv=0,watchdogTrigger=10,maxindex=0
E/TrafficStats( 1673): [QCTMM]tryAll index=0
E/TrafficStats( 1673): [QCTMM]tryAll index=1
E/TrafficStats( 1673): [QCTMM]tryAll index=2
E/TrafficStats( 1673): [QCTMM]tryAll index=0
E/TrafficStats( 1673): [QCTMM]tryAll index=1
E/TrafficStats( 1673): [QCTMM]tryAll index=2
D/DATA    ( 1860): [QCTMM] DataNetStatistics sent == 0 && received == 0 newActivity=NONE
D/DATA    ( 1860): sentSinceLastRecv=0,watchdogTrigger=10,maxindex=0
E/TrafficStats( 1673): [QCTMM]tryAll index=0
E/TrafficStats( 1673): [QCTMM]tryAll index=1
E/TrafficStats( 1673): [QCTMM]tryAll index=2
E/TrafficStats( 1673): [QCTMM]tryAll index=0
E/TrafficStats( 1673): [QCTMM]tryAll index=1
E/TrafficStats( 1673): [QCTMM]tryAll index=2
D/DATA    ( 1860): [QCTMM] DataNetStatistics sent == 0 && received == 0 newActivity=NONE
D/DATA    ( 1860): sentSinceLastRecv=0,watchdogTrigger=10,maxindex=0
E/TrafficStats(16531): [QCTMM]tryAll index=0
E/TrafficStats(16531): [QCTMM]tryAll index=1
E/TrafficStats(16531): [QCTMM]tryAll index=2
E/TrafficStats(16531): [QCTMM]tryAll index=0
E/TrafficStats(16531): [QCTMM]tryAll index=1
E/TrafficStats(16531): [QCTMM]tryAll index=2
E/TrafficStats(16531): [QCTMM]tryAll index=0
E/TrafficStats(16531): [QCTMM]tryAll index=1
E/TrafficStats(16531): [QCTMM]tryAll index=2
E/TrafficStats(16531): [QCTMM]tryAll index=0
E/TrafficStats(16531): [QCTMM]tryAll index=1
E/TrafficStats(16531): [QCTMM]tryAll index=2
D/Database(16531): dbopen(): path = /data/data/com.onavo.android.onavoid/databases/ui_events, flag = 6, file size = 14044160
D/Database(16531): dbopen(): path = /data/data/com.onavo.android.onavoid/databases/ui_events, mode: wal, disk free size: 2000 M, handle: 0x378018
D/Database(16531): dbclose(): path = /data/data/com.onavo.android.onavoid/databases/ui_events, handle = 0x378018
E/TrafficStats( 1673): [QCTMM]tryAll index=0
E/TrafficStats( 1673): [QCTMM]tryAll index=1
E/TrafficStats( 1673): [QCTMM]tryAll index=2
E/TrafficStats( 1673): [QCTMM]tryAll index=0
E/TrafficStats( 1673): [QCTMM]tryAll index=1
E/TrafficStats( 1673): [QCTMM]tryAll index=2
D/DATA    ( 1860): [QCTMM] DataNetStatistics sent == 0 && received == 0 newActivity=NONE
D/DATA    ( 1860): sentSinceLastRecv=0,watchdogTrigger=10,maxindex=0
E/TrafficStats( 1673): [QCTMM]tryAll index=0
E/TrafficStats( 1673): [QCTMM]tryAll index=1
E/TrafficStats( 1673): [QCTMM]tryAll index=2
E/TrafficStats( 1673): [QCTMM]tryAll index=0
E/TrafficStats( 1673): [QCTMM]tryAll index=1
E/TrafficStats( 1673): [QCTMM]tryAll index=2
D/DATA    ( 1860): [QCTMM] DataNetStatistics sent == 0 && received == 0 newActivity=NONE
D/DATA    ( 1860): sentSinceLastRecv=0,watchdogTrigger=10,maxindex=0
E/TrafficStats( 1673): [QCTMM]tryAll index=0
E/TrafficStats( 1673): [QCTMM]tryAll index=1
E/TrafficStats( 1673): [QCTMM]tryAll index=2
E/TrafficStats( 1673): [QCTMM]tryAll index=0
E/TrafficStats( 1673): [QCTMM]tryAll index=1
E/TrafficStats( 1673): [QCTMM]tryAll index=2
D/DATA    ( 1860): [QCTMM] DataNetStatistics sent == 0 && received == 0 newActivity=NONE
D/DATA    ( 1860): sentSinceLastRecv=0,watchdogTrigger=10,maxindex=0
D/StatusBarPolicy( 1816): iconIndex=1
V/StatusBarPolicy( 1816): cdmaLevel:2;max:4
D/StatusBarPolicy( 1816): iconLevel:2
I/PhoneInfo( 2188): getCdmaLevel - cdmaDbm: -73 cdmaEcio:-120
I/PhoneInfo( 2188): getEvdoLevel - evdoDbm: -120 evdoSnr:-1 evdoEcio:-1
I/PhoneInfo( 2188): getLteLevel - lteRsrp: -1 lteCqi:-1
E/TrafficStats( 1673): [QCTMM]tryAll index=0
E/TrafficStats( 1673): [QCTMM]tryAll index=1
E/TrafficStats( 1673): [QCTMM]tryAll index=2
E/TrafficStats( 1673): [QCTMM]tryAll index=0
E/TrafficStats( 1673): [QCTMM]tryAll index=1
E/TrafficStats( 1673): [QCTMM]tryAll index=2
D/DATA    ( 1860): [QCTMM] DataNetStatistics sent == 0 && received == 0 newActivity=NONE
D/DATA    ( 1860): sentSinceLastRecv=0,watchdogTrigger=10,maxindex=0
E/TrafficStats( 1673): [QCTMM]tryAll index=0
E/TrafficStats( 1673): [QCTMM]tryAll index=1
E/TrafficStats( 1673): [QCTMM]tryAll index=2
E/TrafficStats( 1673): [QCTMM]tryAll index=0
E/TrafficStats( 1673): [QCTMM]tryAll index=1
E/TrafficStats( 1673): [QCTMM]tryAll index=2
D/DATA    ( 1860): [QCTMM] DataNetStatistics sent == 0 && received == 0 newActivity=NONE
D/DATA    ( 1860): sentSinceLastRecv=0,watchdogTrigger=10,maxindex=0
E/TrafficStats( 1673): [QCTMM]tryAll index=0
E/TrafficStats( 1673): [QCTMM]tryAll index=1
E/TrafficStats( 1673): [QCTMM]tryAll index=2
E/TrafficStats( 1673): [QCTMM]tryAll index=0
E/TrafficStats( 1673): [QCTMM]tryAll index=1
E/TrafficStats( 1673): [QCTMM]tryAll index=2
D/DATA    ( 1860): [QCTMM] DataNetStatistics sent == 0 && received == 0 newActivity=NONE
D/DATA    ( 1860): sentSinceLastRecv=0,watchdogTrigger=10,maxindex=0
E/TrafficStats(16531): [QCTMM]tryAll index=0
E/TrafficStats(16531): [QCTMM]tryAll index=1
E/TrafficStats(16531): [QCTMM]tryAll index=2
E/TrafficStats(16531): [QCTMM]tryAll index=0
E/TrafficStats(16531): [QCTMM]tryAll index=1
E/TrafficStats(16531): [QCTMM]tryAll index=2
E/TrafficStats(16531): [QCTMM]tryAll index=0
E/TrafficStats(16531): [QCTMM]tryAll index=1
E/TrafficStats(16531): [QCTMM]tryAll index=2
E/TrafficStats(16531): [QCTMM]tryAll index=0
E/TrafficStats(16531): [QCTMM]tryAll index=1
E/TrafficStats(16531): [QCTMM]tryAll index=2
D/Database(16531): dbopen(): path = /data/data/com.onavo.android.onavoid/databases/ui_events, flag = 6, file size = 14044160
D/Database(16531): dbopen(): path = /data/data/com.onavo.android.onavoid/databases/ui_events, mode: wal, disk free size: 2000 M, handle: 0x378018
D/Database(16531): dbclose(): path = /data/data/com.onavo.android.onavoid/databases/ui_events, handle = 0x378018
E/TrafficStats( 1673): [QCTMM]tryAll index=0
E/TrafficStats( 1673): [QCTMM]tryAll index=1
E/TrafficStats( 1673): [QCTMM]tryAll index=2
E/TrafficStats( 1673): [QCTMM]tryAll index=0
E/TrafficStats( 1673): [QCTMM]tryAll index=1
E/TrafficStats( 1673): [QCTMM]tryAll index=2
D/DATA    ( 1860): [QCTMM] DataNetStatistics sent == 0 && received == 0 newActivity=NONE
D/DATA    ( 1860): sentSinceLastRecv=0,watchdogTrigger=10,maxindex=0
D/StatusBarPolicy( 1816): iconIndex=1
V/StatusBarPolicy( 1816): cdmaLevel:3;max:4
D/StatusBarPolicy( 1816): iconLevel:3
I/PhoneInfo( 2188): getCdmaLevel - cdmaDbm: -72 cdmaEcio:-90
I/PhoneInfo( 2188): getEvdoLevel - evdoDbm: -120 evdoSnr:-1 evdoEcio:-1
I/PhoneInfo( 2188): getLteLevel - lteRsrp: -1 lteCqi:-1
E/TrafficStats( 1673): [QCTMM]tryAll index=0
E/TrafficStats( 1673): [QCTMM]tryAll index=1
E/TrafficStats( 1673): [QCTMM]tryAll index=2
E/TrafficStats( 1673): [QCTMM]tryAll index=0
E/TrafficStats( 1673): [QCTMM]tryAll index=1
E/TrafficStats( 1673): [QCTMM]tryAll index=2
D/DATA    ( 1860): [QCTMM] DataNetStatistics sent == 0 && received == 0 newActivity=NONE
D/DATA    ( 1860): sentSinceLastRecv=0,watchdogTrigger=10,maxindex=0
E/TrafficStats( 1673): [QCTMM]tryAll index=0
E/TrafficStats( 1673): [QCTMM]tryAll index=1
E/TrafficStats( 1673): [QCTMM]tryAll index=2
E/TrafficStats( 1673): [QCTMM]tryAll index=0
E/TrafficStats( 1673): [QCTMM]tryAll index=1
E/TrafficStats( 1673): [QCTMM]tryAll index=2
D/DATA    ( 1860): [QCTMM] DataNetStatistics sent == 0 && received == 0 newActivity=NONE
D/DATA    ( 1860): sentSinceLastRecv=0,watchdogTrigger=10,maxindex=0
E/TrafficStats( 1673): [QCTMM]tryAll index=0
E/TrafficStats( 1673): [QCTMM]tryAll index=1
E/TrafficStats( 1673): [QCTMM]tryAll index=2
E/TrafficStats( 1673): [QCTMM]tryAll index=0
E/TrafficStats( 1673): [QCTMM]tryAll index=1
E/TrafficStats( 1673): [QCTMM]tryAll index=2
D/DATA    ( 1860): [PhoneNotifier] notifyDataActivityLTE
D/DATA    ( 1860): [QCTMM] DataNetStatistics mIsScreenOn newActivity=DATAOUT
D/DATA    ( 1860): sentSinceLastRecv=1,watchdogTrigger=10,maxindex=0
D/StatusBarPolicy( 1816): hasService()=true ,mDataState=2 ,mPhone.htcModemLinkOn()=false ,mDataActivity=2
D/StatusBarPolicy( 1816): slotType[0]=RUIM
D/MMDCT   ( 1860): onDCLChanged dcs=DataCallState: { cid: 0, active: 2, type: IP, apn: vzwinternet, address: 10.174.234.255 }
D/MMDCT   ( 1860): onDCLChanged dcs=DataCallState: { cid: 1, active: 2, type: IPV6, apn: vzwinternet, address: 2600:1000:b022:700a:f3ca:40ba:6903:3d04 }
D/MMDCT   ( 1860): onDCLChanged dcs=DataCallState: { cid: 2, active: 0, type: null, apn: null, address: null }
D/MMDCT   ( 1860): onDCLChanged dcs=DataCallState: { cid: 3, active: 0, type: null, apn: null, address: null }
D/MMDCT   ( 1860): onDCLChanged dcs=DataCallState: { cid: 4, active: 0, type: null, apn: null, address: null }
D/MMDCT   ( 1860): onDCLChanged dcs=DataCallState: { cid: 5, active: 0, type: null, apn: null, address: null }
D/MMDCT   ( 1860): onDCLChanged dcs=DataCallState: { cid: 6, active: 0, type: null, apn: null, address: null }
D/MMDCT   ( 1860): onDCLChanged dcs=DataCallState: { cid: 7, active: 0, type: null, apn: null, address: null }
D/MMDCT   ( 1860): onDCLChanged dcs=DataCallState: { cid: 8, active: 0, type: null, apn: null, address: null }
D/MMDCT   ( 1860): onDCLChanged dcs=DataCallState: { cid: 9, active: 0, type: null, apn: null, address: null }
D/MMDCT   ( 1860): onDCLChanged dcs=DataCallState: { cid: 10, active: 0, type: null, apn: null, address: null }
D/MMDCT   ( 1860): onDCLChanged dcs=DataCallState: { cid: 11, active: 0, type: null, apn: null, address: null }
D/MMDCT   ( 1860): onDCLChanged dcs=DataCallState: { cid: 12, active: 0, type: null, apn: null, address: null }
D/MMDCT   ( 1860): onDCLChanged dcs=DataCallState: { cid: 13, active: 0, type: null, apn: null, address: null }
D/MMDCT   ( 1860): onDCLChanged dcs=DataCallState: { cid: 14, active: 0, type: null, apn: null, address: null }
D/MMDCT   ( 1860): onDCLChanged dcs=DataCallState: { cid: 15, active: 0, type: null, apn: null, address: null }
D/MMDCT   ( 1860): onDCLChanged dcs=DataCallState: { cid: 16, active: 0, type: null, apn: null, address: null }
D/MMDCT   ( 1860): onDCLChanged dcs=DataCallState: { cid: 17, active: 0, type: null, apn: null, address: null }
D/MMDCT   ( 1860): onDCLChanged dcs=DataCallState: { cid: 18, active: 0, type: null, apn: null, address: null }
D/MMDCT   ( 1860): onDCLChanged dcs=DataCallState: { cid: 19, active: 0, type: null, apn: null, address: null }
D/MMDCT   ( 1860): onDCLChanged() DC is active : activeDC.active=2
D/MMDCT   ( 1860): onDCLChanged() DC is active : activeDC.active=2
D/MMDCT   ( 1860):  ======= check all DC disconnected ======= 
D/MMDCT   ( 1860): DC-0: state=DcActiveState if=rmnet_sdio0 ip=10.174.234.255 ipv=IPV4
D/MMDCT   ( 1860): DC-1: state=DcActiveState if=rmnet_sdio1 ip=2600:1000:b022:700a:f3ca:40ba:6903:3d04 ipv=IPV6
D/MMDCT   ( 1860): DC-2: state=DcInactiveState if=null ip=null ipv=null
D/MMDCT   ( 1860): DC-3: state=DcInactiveState if=null ip=null ipv=null
D/MMDCT   ( 1860): DC-4: state=DcInactiveState if=null ip=null ipv=null
D/MMDCT   ( 1860): DC-5: state=DcInactiveState if=null ip=null ipv=null
D/MMDCT   ( 1860): DC-6: state=DcInactiveState if=null ip=null ipv=null
D/MMDCT   ( 1860): DC-7: state=DcInactiveState if=null ip=null ipv=null
D/MMDCT   ( 1860): ifAllDataDisconnected ret=false
D/DATA    ( 1860): [QCTMM]isEnablePoll   enablePoll=true
D/MMDCT   ( 1860): onDCLChanged() DA=NONE
D/MMDCT   ( 1860): onDCLChanged() notifyDA() now
D/DATA    ( 1860): [PhoneNotifier] notifyDataActivityLTE
D/StatusBarPolicy( 1816): hasService()=true ,mDataState=2 ,mPhone.htcModemLinkOn()=false ,mDataActivity=0
D/StatusBarPolicy( 1816): slotType[0]=RUIM
D/UDP-TIMING(17001): 0 0 -0.025561000
D/UDP-TIMING(17001): 1 0 -0.027460000
D/UDP-TIMING(17001): 2 0 -0.036954000
D/UDP-TIMING(17001): 3 0 -0.039506000
D/UDP-TIMING(17001): 4 0 -0.041883000
D/UDP-TIMING(17001): 6 0 -0.056177000
D/UDP-TIMING(17001): 7 0 -0.067275000
D/UDP-TIMING(17001): 8 0 -0.070148000
D/UDP-TIMING(17001): 9 0 -0.083114000
D/UDP-TIMING(17001): 10 0 -0.089191000
D/UDP-TIMING(17001): 11 0 -0.096782000
D/UDP-TIMING(17001): 12 0 -0.101586000
D/UDP-TIMING(17001): 13 0 -0.111799000
D/UDP-TIMING(17001): 14 0 -0.100098000
D/UDP-TIMING(17001): 15 0 -0.100723000
D/UDP-TIMING(17001): 16 0 -0.101725000
D/UDP-TIMING(17001): 17 0 -0.106445000
D/UDP-TIMING(17001): 18 0 -0.109959000
D/UDP-TIMING(17001): 19 0 -0.100341000
D/UDP-TIMING(17001): 20 0 -0.105436000
D/UDP-TIMING(17001): 21 0 -0.116677000
D/UDP-TIMING(17001): 22 0 -0.101298000
D/UDP-TIMING(17001): 23 0 -0.121368000
D/UDP-TIMING(17001): 24 0 -0.123741000
D/UDP-TIMING(17001): 25 0 -0.112224000
D/UDP-TIMING(17001): 26 0 -0.121561000
D/UDP-TIMING(17001): 27 0 -0.112425000
D/UDP-TIMING(17001): 28 0 -0.104503000
D/UDP-TIMING(17001): 29 0 -0.104601000
D/UDP-TIMING(17001): 30 0 -0.120031000
D/UDP-TIMING(17001): 31 0 -0.097208000
D/UDP-TIMING(17001): 32 0 -0.099152000
D/UDP-TIMING(17001): 33 0 -0.104187000
D/UDP-TIMING(17001): 34 0 -0.116560000
D/UDP-TIMING(17001): 35 0 -0.121252000
D/UDP-TIMING(17001): 36 0 -0.097902000
D/UDP-TIMING(17001): 37 0 -0.105121000
D/UDP-TIMING(17001): 38 0 -0.105531000
D/UDP-TIMING(17001): 39 0 -0.118010000
D/UDP-TIMING(17001): 40 0 -0.120801000
D/UDP-TIMING(17001): 41 0 -0.097134000
D/UDP-TIMING(17001): 42 0 -0.099912000
D/UDP-TIMING(17001): 43 0 -0.109260000
D/UDP-TIMING(17001): 44 0 -0.110518000
D/UDP-TIMING(17001): 45 0 -0.123246000
D/UDP-TIMING(17001): 46 0 -0.104170000
D/UDP-TIMING(17001): 47 0 -0.106500000
D/UDP-TIMING(17001): 48 0 -0.107447000
D/UDP-TIMING(17001): 49 0 -0.103992000
D/UDP-TIMING(17001): 50 0 -0.104650000
D/UDP-TIMING(17001): 51 0 -0.111293000
D/UDP-TIMING(17001): 52 0 -0.106377000
D/UDP-TIMING(17001): 53 0 -0.092701000
D/UDP-TIMING(17001): 54 0 -0.096977000
D/UDP-TIMING(17001): 55 0 -0.098233000
D/UDP-TIMING(17001): 56 0 -0.108947000
D/UDP-TIMING(17001): 57 0 -0.106965000
D/UDP-TIMING(17001): 58 0 -0.115899000
D/UDP-TIMING(17001): 59 0 -0.123814000
D/UDP-TIMING(17001): 60 0 -0.122016000
D/UDP-TIMING(17001): 61 0 -0.106154000
D/UDP-TIMING(17001): 62 0 -0.106579000
D/UDP-TIMING(17001): 63 0 -0.107737000
D/UDP-TIMING(17001): 64 0 -0.109486000
D/UDP-TIMING(17001): 65 0 -0.093200000
D/UDP-TIMING(17001): 66 0 -0.099583000
D/UDP-TIMING(17001): 67 0 -0.109576000
D/UDP-TIMING(17001): 68 0 -0.112508000
D/UDP-TIMING(17001): 69 0 -0.119364000
D/UDP-TIMING(17001): 70 0 -0.123501000
D/UDP-TIMING(17001): 71 0 -0.099034000
D/UDP-TIMING(17001): 72 0 -0.102483000
D/UDP-TIMING(17001): 73 0 -0.110909000
D/UDP-TIMING(17001): 74 0 -0.111742000
D/UDP-TIMING(17001): 75 0 -0.112594000
D/UDP-TIMING(17001): 76 0 -0.116048000
D/UDP-TIMING(17001): 77 0 -0.098915000
D/UDP-TIMING(17001): 78 0 -0.102139000
D/UDP-TIMING(17001): 79 0 -0.106793000
D/UDP-TIMING(17001): 80 0 -0.117365000
D/UDP-TIMING(17001): 81 0 -0.121302000
D/UDP-TIMING(17001): 82 0 -0.108966000
D/UDP-TIMING(17001): 83 0 -0.117350000
D/UDP-TIMING(17001): 84 0 -0.118766000
D/UDP-TIMING(17001): 85 0 -0.120758000
E/TrafficStats( 1673): [QCTMM]tryAll index=0
D/UDP-TIMING(17001): 86 0 -0.102244000
D/UDP-TIMING(17001): 87 0 -0.117120000
D/UDP-TIMING(17001): 88 0 -0.118368000
E/TrafficStats( 1673): [QCTMM]tryAll index=1
E/TrafficStats( 1673): [QCTMM]tryAll index=2
E/TrafficStats( 1673): [QCTMM]tryAll index=0
E/TrafficStats( 1673): [QCTMM]tryAll index=1
E/TrafficStats( 1673): [QCTMM]tryAll index=2
D/DATA    ( 1860): [PhoneNotifier] notifyDataActivityLTE
D/DATA    ( 1860): [QCTMM] DataNetStatistics mIsScreenOn newActivity=DATAIN
D/DATA    ( 1860): sentSinceLastRecv=0,watchdogTrigger=10,maxindex=0
D/StatusBarPolicy( 1816): hasService()=true ,mDataState=2 ,mPhone.htcModemLinkOn()=false ,mDataActivity=1
D/UDP-TIMING(17001): 89 0 -0.098363000
D/UDP-TIMING(17001): 90 0 -0.102249000
D/UDP-TIMING(17001): 91 0 -0.102771000
D/UDP-TIMING(17001): 92 0 -0.108190000
D/UDP-TIMING(17001): 93 0 -0.112641000
D/UDP-TIMING(17001): 94 0 -0.114349000
D/UDP-TIMING(17001): 95 0 -0.122704000
D/UDP-TIMING(17001): 96 0 -0.123617000
D/StatusBarPolicy( 1816): slotType[0]=RUIM
D/UDP-TIMING(17001): 97 0 -0.103646000
D/UDP-TIMING(17001): 98 0 -0.105841000
D/UDP-TIMING(17001): 99 0 -0.109816000
D/UDP-TIMING(17001): 100 0 -0.110975000
D/UDP-TIMING(17001): 101 0 -0.118398000
D/UDP-TIMING(17001): 102 0 -0.104417000
D/UDP-TIMING(17001): 103 0 -0.105052000
D/UDP-TIMING(17001): 104 0 -0.106009000
D/UDP-TIMING(17001): 105 0 -0.125263000
D/UDP-TIMING(17001): 106 0 -0.096294000
D/UDP-TIMING(17001): 107 0 -0.100913000
D/UDP-TIMING(17001): 108 0 -0.109494000
D/UDP-TIMING(17001): 109 0 -0.114460000
D/UDP-TIMING(17001): 110 0 -0.096963000
D/UDP-TIMING(17001): 111 0 -0.099478000
D/UDP-TIMING(17001): 112 0 -0.111413000
D/UDP-TIMING(17001): 113 0 -0.119645000
D/UDP-TIMING(17001): 114 0 -0.105157000
D/UDP-TIMING(17001): 115 0 -0.122133000
D/UDP-TIMING(17001): 116 0 -0.104809000
D/UDP-TIMING(17001): 117 0 -0.110792000
D/UDP-TIMING(17001): 118 0 -0.119738000
D/UDP-TIMING(17001): 119 0 -0.107965000
D/UDP-TIMING(17001): 120 0 -0.109042000
D/UDP-TIMING(17001): 121 0 -0.101600000
D/UDP-TIMING(17001): 122 0 -0.121677000
D/UDP-TIMING(17001): 123 0 -0.099930000
D/UDP-TIMING(17001): 124 0 -0.102793000
D/UDP-TIMING(17001): 125 0 -0.103055000
D/UDP-TIMING(17001): 126 0 -0.103830000
D/UDP-TIMING(17001): 127 0 -0.107746000
D/UDP-TIMING(17001): 128 0 -0.117528000
D/UDP-TIMING(17001): 129 0 -0.120571000
D/UDP-TIMING(17001): 130 0 -0.100864000
D/UDP-TIMING(17001): 131 0 -0.113302000
D/UDP-TIMING(17001): 132 0 -0.097832000
D/UDP-TIMING(17001): 133 0 -0.103377000
D/UDP-TIMING(17001): 134 0 -0.117646000
D/UDP-TIMING(17001): 135 0 -0.106973000
D/UDP-TIMING(17001): 136 0 -0.110240000
D/UDP-TIMING(17001): 137 0 -0.100848000
D/UDP-TIMING(17001): 138 0 -0.103344000
D/UDP-TIMING(17001): 139 0 -0.121599000
D/UDP-TIMING(17001): 140 0 -0.095070000
D/UDP-TIMING(17001): 141 0 -0.121186000
D/UDP-TIMING(17001): 142 0 -0.121828000
D/UDP-TIMING(17001): 143 0 -0.121200000
D/UDP-TIMING(17001): 144 0 -0.098233000
D/UDP-TIMING(17001): 145 0 -0.115772000
D/UDP-TIMING(17001): 146 0 -0.099855000
D/UDP-TIMING(17001): 147 0 -0.102291000
D/UDP-TIMING(17001): 148 0 -0.105551000
D/UDP-TIMING(17001): 149 0 -0.109931000
D/UDP-TIMING(17001): 150 0 -0.110393000
D/UDP-TIMING(17001): 151 0 -0.115042000
D/UDP-TIMING(17001): 152 0 -0.117976000
D/UDP-TIMING(17001): 153 0 -0.111954000
D/UDP-TIMING(17001): 154 0 -0.102209000
D/UDP-TIMING(17001): 155 0 -0.108894000
D/UDP-TIMING(17001): 156 0 -0.104757000
D/UDP-TIMING(17001): 157 0 -0.101298000
D/UDP-TIMING(17001): 158 0 -0.117343000
D/UDP-TIMING(17001): 159 0 -0.095471000
D/UDP-TIMING(17001): 160 0 -0.097637000
D/UDP-TIMING(17001): 161 0 -0.103383000
D/UDP-TIMING(17001): 162 0 -0.106366000
D/UDP-TIMING(17001): 163 0 -0.106153000
D/UDP-TIMING(17001): 164 0 -0.124678000
D/UDP-TIMING(17001): 165 0 -0.124768000
D/UDP-TIMING(17001): 166 0 -0.110580000
D/UDP-TIMING(17001): 167 0 -0.111876000
D/UDP-TIMING(17001): 168 0 -0.102963000
D/UDP-TIMING(17001): 169 0 -0.103066000
D/UDP-TIMING(17001): 170 0 -0.102204000
D/UDP-TIMING(17001): 171 0 -0.103689000
D/UDP-TIMING(17001): 172 0 -0.100197000
D/UDP-TIMING(17001): 173 0 -0.095407000
D/UDP-TIMING(17001): 174 0 -0.096341000
D/UDP-TIMING(17001): 175 0 -0.101734000
D/UDP-TIMING(17001): 176 0 -0.119039000
D/UDP-TIMING(17001): 177 0 -0.106869000
D/UDP-TIMING(17001): 178 0 -0.116390000
D/UDP-TIMING(17001): 179 0 -0.117432000
D/UDP-TIMING(17001): 180 0 -0.119551000
D/UDP-TIMING(17001): 181 0 -0.100425000
D/UDP-TIMING(17001): 182 0 -0.106534000
D/UDP-TIMING(17001): 183 0 -0.112174000
D/UDP-TIMING(17001): 184 0 -0.120281000
D/UDP-TIMING(17001): 185 0 -0.124163000
D/UDP-TIMING(17001): 186 0 -0.117193000
D/UDP-TIMING(17001): 187 0 -0.093988000
D/UDP-TIMING(17001): 188 0 -0.096904000
D/UDP-TIMING(17001): 189 0 -0.108900000
D/UDP-TIMING(17001): 190 0 -0.109063000
D/UDP-TIMING(17001): 191 0 -0.114751000
D/UDP-TIMING(17001): 192 0 -0.116182000
D/UDP-TIMING(17001): 193 0 -0.119281000
D/UDP-TIMING(17001): 194 0 -0.124080000
E/TrafficStats( 1673): [QCTMM]tryAll index=0
E/TrafficStats( 1673): [QCTMM]tryAll index=1
E/TrafficStats( 1673): [QCTMM]tryAll index=2
E/TrafficStats( 1673): [QCTMM]tryAll index=0
E/TrafficStats( 1673): [QCTMM]tryAll index=1
E/TrafficStats( 1673): [QCTMM]tryAll index=2
D/DATA    ( 1860): sentSinceLastRecv=0,watchdogTrigger=10,maxindex=0
D/UDP-TIMING(17001): 195 0 -0.097589000
D/UDP-TIMING(17001): 196 0 -0.100626000
D/UDP-TIMING(17001): 197 0 -0.102572000
D/UDP-TIMING(17001): 198 0 -0.103468000
D/UDP-TIMING(17001): 199 0 -0.104944000
D/UDP-TIMING(17001): 200 0 -0.106894000
D/UDP-TIMING(17001): 201 0 -0.107217000
D/UDP-TIMING(17001): 202 0 -0.110365000
D/UDP-TIMING(17001): 203 0 -0.111588000
D/UDP-TIMING(17001): 204 0 -0.111840000
D/UDP-TIMING(17001): 205 0 -0.116074000
D/UDP-TIMING(17001): 206 0 -0.123319000
D/UDP-TIMING(17001): 207 0 -0.111745000
D/UDP-TIMING(17001): 208 0 -0.113737000
D/UDP-TIMING(17001): 209 0 -0.115035000
D/UDP-TIMING(17001): 210 0 -0.110646000
D/UDP-TIMING(17001): 211 0 -0.115157000
D/UDP-TIMING(17001): 212 0 -0.099509000
D/UDP-TIMING(17001): 213 0 -0.104288000
D/UDP-TIMING(17001): 214 0 -0.119220000
D/UDP-TIMING(17001): 215 0 -0.122973000
D/UDP-TIMING(17001): 216 0 -0.104388000
D/UDP-TIMING(17001): 217 0 -0.115662000
D/UDP-TIMING(17001): 218 0 -0.100734000
D/UDP-TIMING(17001): 219 0 -0.096701000
D/UDP-TIMING(17001): 220 0 -0.101464000
D/UDP-TIMING(17001): 221 0 -0.116547000
D/UDP-TIMING(17001): 222 0 -0.121029000
D/UDP-TIMING(17001): 223 0 -0.098152000
D/UDP-TIMING(17001): 224 0 -0.098552000
D/UDP-TIMING(17001): 225 0 -0.111465000
D/UDP-TIMING(17001): 226 0 -0.117707000
D/UDP-TIMING(17001): 227 0 -0.121201000
D/UDP-TIMING(17001): 228 0 -0.113054000
D/UDP-TIMING(17001): 229 0 -0.120768000
D/UDP-TIMING(17001): 230 0 -0.096346000
D/UDP-TIMING(17001): 231 0 -0.097023000
D/UDP-TIMING(17001): 232 0 -0.105117000
D/UDP-TIMING(17001): 233 0 -0.116204000
D/UDP-TIMING(17001): 234 0 -0.117954000
D/UDP-TIMING(17001): 235 0 -0.096265000
D/UDP-TIMING(17001): 236 0 -0.124115000
D/UDP-TIMING(17001): 237 0 -0.104773000
D/UDP-TIMING(17001): 238 0 -0.110093000
D/UDP-TIMING(17001): 239 0 -0.112049000
D/UDP-TIMING(17001): 240 0 -0.096488000
D/UDP-TIMING(17001): 241 0 -0.100600000
D/UDP-TIMING(17001): 242 0 -0.108043000
D/UDP-TIMING(17001): 243 0 -0.115533000
D/UDP-TIMING(17001): 244 0 -0.097933000
D/UDP-TIMING(17001): 245 0 -0.101519000
D/UDP-TIMING(17001): 246 0 -0.118683000
D/UDP-TIMING(17001): 247 0 -0.093415000
D/UDP-TIMING(17001): 248 0 -0.095764000
D/UDP-TIMING(17001): 249 0 -0.104747000
D/UDP-TIMING(17001): 250 0 -0.108568000
D/UDP-TIMING(17001): 251 0 -0.112709000
D/UDP-TIMING(17001): 252 0 -0.117400000
D/UDP-TIMING(17001): 253 0 -0.097896000
D/UDP-TIMING(17001): 254 0 -0.114979000
D/UDP-TIMING(17001): 255 0 -0.120127000
D/UDP-TIMING(17001): 256 0 -0.095347000
D/UDP-TIMING(17001): 257 0 -0.098650000
D/UDP-TIMING(17001): 258 0 -0.109974000
D/UDP-TIMING(17001): 259 0 -0.113173000
E/TrafficStats(16531): [QCTMM]tryAll index=0
E/TrafficStats(16531): [QCTMM]tryAll index=1
E/TrafficStats(16531): [QCTMM]tryAll index=2
E/TrafficStats(16531): [QCTMM]tryAll index=0
E/TrafficStats(16531): [QCTMM]tryAll index=1
E/TrafficStats(16531): [QCTMM]tryAll index=2
D/UDP-TIMING(17001): 260 0 -0.099014000
D/UDP-TIMING(17001): 261 0 -0.099965000
D/UDP-TIMING(17001): 262 0 -0.103935000
D/UDP-TIMING(17001): 263 0 -0.108353000
D/UDP-TIMING(17001): 264 0 -0.122122000
E/TrafficStats(16531): [QCTMM]tryAll index=0
E/TrafficStats(16531): [QCTMM]tryAll index=1
E/TrafficStats(16531): [QCTMM]tryAll index=2
D/UDP-TIMING(17001): 265 0 -0.098403000
D/UDP-TIMING(17001): 266 0 -0.122947000
E/TrafficStats(16531): [QCTMM]tryAll index=0
E/TrafficStats(16531): [QCTMM]tryAll index=1
E/TrafficStats(16531): [QCTMM]tryAll index=2
D/UDP-TIMING(17001): 267 0 -0.106831000
D/UDP-TIMING(17001): 268 0 -0.108319000
D/UDP-TIMING(17001): 269 0 -0.112275000
D/UDP-TIMING(17001): 270 0 -0.106444000
D/UDP-TIMING(17001): 271 0 -0.098314000
D/UDP-TIMING(17001): 272 0 -0.108682000
D/UDP-TIMING(17001): 273 0 -0.114379000
D/UDP-TIMING(17001): 274 0 -0.119790000
D/UDP-TIMING(17001): 275 0 -0.124003000
D/UDP-TIMING(17001): 276 0 -0.106950000
D/UDP-TIMING(17001): 277 0 -0.109683000
D/UDP-TIMING(17001): 278 0 -0.122292000
D/UDP-TIMING(17001): 279 0 -0.103577000
D/UDP-TIMING(17001): 280 0 -0.120391000
D/UDP-TIMING(17001): 281 0 -0.120681000
D/UDP-TIMING(17001): 282 0 -0.117197000
D/UDP-TIMING(17001): 283 0 -0.119260000
D/UDP-TIMING(17001): 284 0 -0.100216000
D/UDP-TIMING(17001): 285 0 -0.117110000
D/UDP-TIMING(17001): 286 0 -0.095813000
D/UDP-TIMING(17001): 287 0 -0.096344000
D/UDP-TIMING(17001): 288 0 -0.097316000
D/UDP-TIMING(17001): 289 0 -0.100097000
D/UDP-TIMING(17001): 290 0 -0.103828000
D/UDP-TIMING(17001): 291 0 -0.094826000
D/UDP-TIMING(17001): 292 0 -0.098755000
D/UDP-TIMING(17001): 293 0 -0.108521000
D/UDP-TIMING(17001): 294 0 -0.111205000
D/UDP-TIMING(17001): 295 0 -0.111926000
D/UDP-TIMING(17001): 296 0 -0.112938000
D/UDP-TIMING(17001): 297 0 -0.114553000
D/UDP-TIMING(17001): 298 0 -0.100962000
D/UDP-TIMING(17001): 299 0 -0.103360000
D/UDP-TIMING(17001): 300 0 -0.109557000
D/UDP-TIMING(17001): 301 0 -0.121886000
D/UDP-TIMING(17001): 302 0 -0.123104000
D/UDP-TIMING(17001): 303 0 -0.093533000
D/UDP-TIMING(17001): 304 0 -0.095001000
D/UDP-TIMING(17001): 305 0 -0.102147000
D/UDP-TIMING(17001): 306 0 -0.107841000
E/TrafficStats( 1673): [QCTMM]tryAll index=0
E/TrafficStats( 1673): [QCTMM]tryAll index=1
E/TrafficStats( 1673): [QCTMM]tryAll index=2
E/TrafficStats( 1673): [QCTMM]tryAll index=0
E/TrafficStats( 1673): [QCTMM]tryAll index=1
E/TrafficStats( 1673): [QCTMM]tryAll index=2
D/DATA    ( 1860): sentSinceLastRecv=0,watchdogTrigger=10,maxindex=0
D/UDP-TIMING(17001): 307 0 -0.096347000
D/UDP-TIMING(17001): 308 0 -0.109446000
D/UDP-TIMING(17001): 309 0 -0.111031000
D/UDP-TIMING(17001): 310 0 -0.118291000
D/UDP-TIMING(17001): 311 0 -0.096357000
D/UDP-TIMING(17001): 312 0 -0.098093000
D/UDP-TIMING(17001): 313 0 -0.105241000
D/UDP-TIMING(17001): 314 0 -0.117759000
D/UDP-TIMING(17001): 315 0 -0.105387000
D/UDP-TIMING(17001): 316 0 -0.109363000
D/UDP-TIMING(17001): 317 0 -0.112646000
D/UDP-TIMING(17001): 318 0 -0.102306000
D/UDP-TIMING(17001): 319 0 -0.107514000
D/UDP-TIMING(17001): 320 0 -0.114746000
D/UDP-TIMING(17001): 321 0 -0.116646000
D/UDP-TIMING(17001): 322 0 -0.120051000
D/UDP-TIMING(17001): 323 0 -0.107760000
D/UDP-TIMING(17001): 324 0 -0.122995000
D/UDP-TIMING(17001): 325 0 -0.100170000
D/UDP-TIMING(17001): 326 0 -0.091851000
D/UDP-TIMING(17001): 327 0 -0.111825000
D/UDP-TIMING(17001): 328 0 -0.122229000
D/Database(16531): dbopen(): path = /data/data/com.onavo.android.onavoid/databases/ui_events, flag = 6, file size = 14044160
D/Database(16531): dbopen(): path = /data/data/com.onavo.android.onavoid/databases/ui_events, mode: wal, disk free size: 2000 M, handle: 0x378018
D/UDP-TIMING(17001): 329 0 -0.103718000
D/UDP-TIMING(17001): 330 0 -0.104549000
D/UDP-TIMING(17001): 331 0 -0.105633000
D/UDP-TIMING(17001): 332 0 -0.110565000
D/UDP-TIMING(17001): 333 0 -0.112483000
D/UDP-TIMING(17001): 334 0 -0.114612000
D/UDP-TIMING(17001): 335 0 -0.121812000
D/dalvikvm(16531): GC_CONCURRENT freed 449K, 51% free 3277K/6599K, external 0K/0K, paused 7ms+2ms
D/Database(16531): dbclose(): path = /data/data/com.onavo.android.onavoid/databases/ui_events, handle = 0x378018
D/UDP-TIMING(17001): 336 0 -0.102599000
D/UDP-TIMING(17001): 337 0 -0.112095000
D/UDP-TIMING(17001): 338 0 -0.116460000
D/UDP-TIMING(17001): 339 0 -0.121614000
D/UDP-TIMING(17001): 340 0 -0.105590000
D/UDP-TIMING(17001): 341 0 -0.124611000
D/UDP-TIMING(17001): 342 0 -0.121046000
D/UDP-TIMING(17001): 343 0 -0.113283000
D/UDP-TIMING(17001): 344 0 -0.117814000
D/UDP-TIMING(17001): 345 0 -0.097590000
D/UDP-TIMING(17001): 346 0 -0.110213000
D/UDP-TIMING(17001): 347 0 -0.121443000
D/UDP-TIMING(17001): 348 0 -0.116008000
D/UDP-TIMING(17001): 349 0 -0.094293000
D/UDP-TIMING(17001): 350 0 -0.095100000
D/UDP-TIMING(17001): 351 0 -0.100661000
D/UDP-TIMING(17001): 352 0 -0.114104000
D/UDP-TIMING(17001): 353 0 -0.118465000
D/UDP-TIMING(17001): 354 0 -0.121324000
D/UDP-TIMING(17001): 355 0 -0.098996000
D/UDP-TIMING(17001): 356 0 -0.117678000
D/UDP-TIMING(17001): 357 0 -0.119061000
D/UDP-TIMING(17001): 358 0 -0.093596000
D/UDP-TIMING(17001): 359 0 -0.100354000
D/UDP-TIMING(17001): 360 0 -0.116243000
D/UDP-TIMING(17001): 361 0 -0.092601000
D/UDP-TIMING(17001): 362 0 -0.101285000
D/UDP-TIMING(17001): 363 0 -0.103238000
D/UDP-TIMING(17001): 364 0 -0.112720000
D/UDP-TIMING(17001): 365 0 -0.096937000
D/UDP-TIMING(17001): 366 0 -0.108325000
D/UDP-TIMING(17001): 367 0 -0.111630000
D/UDP-TIMING(17001): 368 0 -0.116297000
D/UDP-TIMING(17001): 369 0 -0.116536000
D/UDP-TIMING(17001): 370 0 -0.097362000
D/UDP-TIMING(17001): 371 0 -0.098563000
D/UDP-TIMING(17001): 372 0 -0.118687000
D/UDP-TIMING(17001): 373 0 -0.098166000
D/UDP-TIMING(17001): 374 0 -0.120118000
D/UDP-TIMING(17001): 375 0 -0.122657000
D/UDP-TIMING(17001): 376 0 -0.095723000
D/UDP-TIMING(17001): 377 0 -0.108161000
D/UDP-TIMING(17001): 378 0 -0.099555000
D/UDP-TIMING(17001): 379 0 -0.101177000
D/UDP-TIMING(17001): 380 0 -0.104628000
D/UDP-TIMING(17001): 381 0 -0.105146000
D/UDP-TIMING(17001): 382 0 -0.113338000
D/UDP-TIMING(17001): 383 0 -0.113609000
D/UDP-TIMING(17001): 384 0 -0.117248000
D/UDP-TIMING(17001): 385 0 -0.103034000
D/UDP-TIMING(17001): 386 0 -0.110689000
D/UDP-TIMING(17001): 387 0 -0.112276000
D/UDP-TIMING(17001): 388 0 -0.106457000
D/UDP-TIMING(17001): 389 0 -0.097428000
D/UDP-TIMING(17001): 390 0 -0.106187000
D/UDP-TIMING(17001): 391 0 -0.118367000
D/UDP-TIMING(17001): 392 0 -0.122760000
D/UDP-TIMING(17001): 393 0 -0.098340000
D/UDP-TIMING(17001): 394 0 -0.118804000
D/UDP-TIMING(17001): 395 0 -0.118479000
D/UDP-TIMING(17001): 396 0 -0.118274000
D/UDP-TIMING(17001): 397 0 -0.096219000
D/UDP-TIMING(17001): 398 0 -0.098857000
D/UDP-TIMING(17001): 399 0 -0.102766000
D/UDP-TIMING(17001): 400 0 -0.111106000
D/UDP-TIMING(17001): 401 0 -0.102298000
D/UDP-TIMING(17001): 402 0 -0.107775000
D/UDP-TIMING(17001): 403 0 -0.113437000
D/UDP-TIMING(17001): 404 0 -0.119979000
D/UDP-TIMING(17001): 405 0 -0.095634000
D/UDP-TIMING(17001): 406 0 -0.105955000
D/UDP-TIMING(17001): 407 0 -0.118050000
D/UDP-TIMING(17001): 408 0 -0.119356000
E/TrafficStats( 1673): [QCTMM]tryAll index=0
E/TrafficStats( 1673): [QCTMM]tryAll index=1
E/TrafficStats( 1673): [QCTMM]tryAll index=2
E/TrafficStats( 1673): [QCTMM]tryAll index=0
E/TrafficStats( 1673): [QCTMM]tryAll index=1
E/TrafficStats( 1673): [QCTMM]tryAll index=2
D/DATA    ( 1860): sentSinceLastRecv=0,watchdogTrigger=10,maxindex=0
D/UDP-TIMING(17001): 409 0 -0.096225000
D/UDP-TIMING(17001): 410 0 -0.114143000
D/UDP-TIMING(17001): 411 0 -0.119304000
D/UDP-TIMING(17001): 412 0 -0.096657000
D/UDP-TIMING(17001): 413 0 -0.101644000
D/UDP-TIMING(17001): 414 0 -0.107006000
D/UDP-TIMING(17001): 415 0 -0.121734000
D/UDP-TIMING(17001): 416 0 -0.123734000
D/UDP-TIMING(17001): 417 0 -0.090569000
D/UDP-TIMING(17001): 418 0 -0.113877000
D/UDP-TIMING(17001): 419 0 -0.114801000
D/UDP-TIMING(17001): 420 0 -0.102555000
D/UDP-TIMING(17001): 421 0 -0.110048000
D/UDP-TIMING(17001): 422 0 -0.095378000
D/UDP-TIMING(17001): 423 0 -0.097464000
D/UDP-TIMING(17001): 424 0 -0.110005000
D/UDP-TIMING(17001): 425 0 -0.120495000
D/UDP-TIMING(17001): 426 0 -0.121945000
D/UDP-TIMING(17001): 427 0 -0.102568000
D/UDP-TIMING(17001): 428 0 -0.104788000
D/UDP-TIMING(17001): 429 0 -0.109058000
D/UDP-TIMING(17001): 430 0 -0.112739000
D/UDP-TIMING(17001): 431 0 -0.096132000
D/UDP-TIMING(17001): 432 0 -0.098828000
D/UDP-TIMING(17001): 433 0 -0.103703000
D/UDP-TIMING(17001): 434 0 -0.105653000
D/UDP-TIMING(17001): 435 0 -0.117612000
D/UDP-TIMING(17001): 436 0 -0.103191000
D/UDP-TIMING(17001): 437 0 -0.119574000
D/UDP-TIMING(17001): 438 0 -0.124671000
D/UDP-TIMING(17001): 439 0 -0.116869000
D/UDP-TIMING(17001): 440 0 -0.121000000
D/UDP-TIMING(17001): 441 0 -0.123570000
D/UDP-TIMING(17001): 442 0 -0.096931000
D/UDP-TIMING(17001): 443 0 -0.113200000
D/UDP-TIMING(17001): 444 0 -0.092747000
D/UDP-TIMING(17001): 445 0 -0.104468000
D/UDP-TIMING(17001): 446 0 -0.112972000
D/UDP-TIMING(17001): 447 0 -0.097600000
D/UDP-TIMING(17001): 448 0 -0.107317000
D/UDP-TIMING(17001): 449 0 -0.113772000
D/UDP-TIMING(17001): 450 0 -0.103053000
D/UDP-TIMING(17001): 451 0 -0.109096000
D/UDP-TIMING(17001): 452 0 -0.121323000
D/UDP-TIMING(17001): 453 0 -0.101338000
D/UDP-TIMING(17001): 454 0 -0.111147000
D/UDP-TIMING(17001): 455 0 -0.123201000
D/UDP-TIMING(17001): 456 0 -0.096108000
D/UDP-TIMING(17001): 457 0 -0.109720000
D/UDP-TIMING(17001): 458 0 -0.114228000
D/UDP-TIMING(17001): 459 0 -0.120360000
D/UDP-TIMING(17001): 460 0 -0.091725000
D/UDP-TIMING(17001): 461 0 -0.095613000
D/UDP-TIMING(17001): 462 0 -0.097915000
D/UDP-TIMING(17001): 463 0 -0.101703000
D/UDP-TIMING(17001): 464 0 -0.113517000
D/UDP-TIMING(17001): 465 0 -0.118081000
D/UDP-TIMING(17001): 466 0 -0.109487000
D/UDP-TIMING(17001): 467 0 -0.115939000
D/UDP-TIMING(17001): 468 0 -0.117806000
D/UDP-TIMING(17001): 469 0 -0.122804000
D/UDP-TIMING(17001): 470 0 -0.097116000
D/UDP-TIMING(17001): 471 0 -0.103864000
D/UDP-TIMING(17001): 472 0 -0.113204000
D/UDP-TIMING(17001): 473 0 -0.123523000
D/UDP-TIMING(17001): 474 0 -0.097378000
D/UDP-TIMING(17001): 475 0 -0.099725000
D/UDP-TIMING(17001): 476 0 -0.103740000
D/UDP-TIMING(17001): 477 0 -0.122711000
D/UDP-TIMING(17001): 478 0 -0.096777000
D/UDP-TIMING(17001): 479 0 -0.094803000
D/UDP-TIMING(17001): 480 0 -0.098741000
D/UDP-TIMING(17001): 481 0 -0.115611000
D/UDP-TIMING(17001): 482 0 -0.120543000
D/UDP-TIMING(17001): 483 0 -0.124245000
D/UDP-TIMING(17001): 484 0 -0.099941000
D/UDP-TIMING(17001): 485 0 -0.107843000
D/UDP-TIMING(17001): 486 0 -0.099874000
D/UDP-TIMING(17001): 487 0 -0.111932000
D/UDP-TIMING(17001): 488 0 -0.123828000
D/UDP-TIMING(17001): 489 0 -0.100109000
D/UDP-TIMING(17001): 490 0 -0.101837000
D/UDP-TIMING(17001): 491 0 -0.119117000
D/UDP-TIMING(17001): 492 0 -0.099782000
D/UDP-TIMING(17001): 493 0 -0.104016000
D/UDP-TIMING(17001): 494 0 -0.105480000
D/UDP-TIMING(17001): 495 0 -0.109933000
D/UDP-TIMING(17001): 496 0 -0.121702000
D/UDP-TIMING(17001): 497 0 -0.123187000
E/TrafficStats( 1673): [QCTMM]tryAll index=0
E/TrafficStats( 1673): [QCTMM]tryAll index=1
E/TrafficStats( 1673): [QCTMM]tryAll index=2
E/TrafficStats( 1673): [QCTMM]tryAll index=0
E/TrafficStats( 1673): [QCTMM]tryAll index=1
E/TrafficStats( 1673): [QCTMM]tryAll index=2
D/DATA    ( 1860): sentSinceLastRecv=0,watchdogTrigger=10,maxindex=0
D/UDP-TIMING(17001): 498 0 -0.110614000
D/UDP-TIMING(17001): 499 0 -0.098920000
D/UDP-TIMING(17001): 500 0 -0.105984000
D/UDP-TIMING(17001): 501 0 -0.108048000
D/UDP-TIMING(17001): 502 0 -0.112160000
D/UDP-TIMING(17001): 503 0 -0.113377000
D/UDP-TIMING(17001): 504 0 -0.100419000
D/UDP-TIMING(17001): 505 0 -0.109915000
D/UDP-TIMING(17001): 506 0 -0.113588000
D/UDP-TIMING(17001): 507 0 -0.115093000
D/UDP-TIMING(17001): 508 0 -0.121310000
D/UDP-TIMING(17001): 509 0 -0.124467000
D/UDP-TIMING(17001): 510 0 -0.125295000
D/UDP-TIMING(17001): 511 0 -0.110015000
D/UDP-TIMING(17001): 512 0 -0.110908000
D/UDP-TIMING(17001): 513 0 -0.117046000
D/UDP-TIMING(17001): 514 0 -0.117865000
D/UDP-TIMING(17001): 515 0 -0.123334000
D/UDP-TIMING(17001): 516 0 -0.100957000
D/UDP-TIMING(17001): 517 0 -0.101713000
D/UDP-TIMING(17001): 518 0 -0.104081000
D/UDP-TIMING(17001): 519 0 -0.106333000
D/UDP-TIMING(17001): 520 0 -0.111723000
D/UDP-TIMING(17001): 521 0 -0.116054000
D/UDP-TIMING(17001): 522 0 -0.116204000
D/UDP-TIMING(17001): 523 0 -0.116989000
D/UDP-TIMING(17001): 524 0 -0.098552000
D/UDP-TIMING(17001): 525 0 -0.100032000
D/UDP-TIMING(17001): 526 0 -0.105422000
D/UDP-TIMING(17001): 527 0 -0.110108000
D/UDP-TIMING(17001): 528 0 -0.113053000
D/UDP-TIMING(17001): 529 0 -0.115792000
D/UDP-TIMING(17001): 530 0 -0.118275000
D/UDP-TIMING(17001): 531 0 -0.101833000
D/UDP-TIMING(17001): 532 0 -0.107027000
D/UDP-TIMING(17001): 533 0 -0.114758000
D/UDP-TIMING(17001): 534 0 -0.103153000
D/UDP-TIMING(17001): 535 0 -0.105534000
D/UDP-TIMING(17001): 536 0 -0.107108000
D/UDP-TIMING(17001): 537 0 -0.108594000
D/UDP-TIMING(17001): 538 0 -0.112871000
D/UDP-TIMING(17001): 539 0 -0.121881000
D/UDP-TIMING(17001): 540 0 -0.096642000
D/UDP-TIMING(17001): 541 0 -0.101984000
D/UDP-TIMING(17001): 542 0 -0.106555000
D/UDP-TIMING(17001): 543 0 -0.112935000
D/UDP-TIMING(17001): 544 0 -0.102635000
D/UDP-TIMING(17001): 545 0 -0.108239000
D/UDP-TIMING(17001): 546 0 -0.112101000
D/UDP-TIMING(17001): 547 0 -0.115846000
D/UDP-TIMING(17001): 548 0 -0.122670000
D/UDP-TIMING(17001): 549 0 -0.122831000
D/UDP-TIMING(17001): 550 0 -0.101891000
D/UDP-TIMING(17001): 551 0 -0.123843000
D/UDP-TIMING(17001): 552 0 -0.100831000
D/UDP-TIMING(17001): 553 0 -0.107712000
D/UDP-TIMING(17001): 554 0 -0.108368000
D/UDP-TIMING(17001): 555 0 -0.110524000
D/UDP-TIMING(17001): 556 0 -0.120248000
D/UDP-TIMING(17001): 557 0 -0.094644000
D/UDP-TIMING(17001): 558 0 -0.102651000
D/UDP-TIMING(17001): 559 0 -0.122212000
D/UDP-TIMING(17001): 560 0 -0.101544000
D/UDP-TIMING(17001): 561 0 -0.115707000
D/UDP-TIMING(17001): 562 0 -0.094921000
D/UDP-TIMING(17001): 563 0 -0.105248000
D/UDP-TIMING(17001): 564 0 -0.108751000
D/UDP-TIMING(17001): 565 0 -0.114491000
D/UDP-TIMING(17001): 566 0 -0.116743000
D/UDP-TIMING(17001): 567 0 -0.122321000
D/UDP-TIMING(17001): 568 0 -0.100837000
D/UDP-TIMING(17001): 570 0 -0.108545000
D/UDP-TIMING(17001): 569 0 -0.108411000
D/UDP-TIMING(17001): 571 0 -0.106810000
D/UDP-TIMING(17001): 572 0 -0.103156000
D/UDP-TIMING(17001): 573 0 -0.107786000
D/UDP-TIMING(17001): 574 0 -0.113120000
D/UDP-TIMING(17001): 575 0 -0.098050000
D/UDP-TIMING(17001): 576 0 -0.113384000
D/UDP-TIMING(17001): 577 0 -0.118186000
D/UDP-TIMING(17001): 578 0 -0.119116000
D/UDP-TIMING(17001): 579 0 -0.122304000
D/UDP-TIMING(17001): 580 0 -0.100464000
D/UDP-TIMING(17001): 581 0 -0.108887000
D/UDP-TIMING(17001): 582 0 -0.110635000
D/UDP-TIMING(17001): 583 0 -0.111248000
D/UDP-TIMING(17001): 584 0 -0.111886000
D/UDP-TIMING(17001): 585 0 -0.113110000
D/UDP-TIMING(17001): 586 0 -0.115908000
D/UDP-TIMING(17001): 587 0 -0.086815000
D/UDP-TIMING(17001): 588 0 -0.093168000
D/UDP-TIMING(17001): 589 0 -0.108533000
D/UDP-TIMING(17001): 590 0 -0.116103000
D/UDP-TIMING(17001): 591 0 -0.116716000
D/UDP-TIMING(17001): 592 0 -0.104445000
D/UDP-TIMING(17001): 593 0 -0.105807000
D/UDP-TIMING(17001): 594 0 -0.106263000
D/UDP-TIMING(17001): 595 0 -0.123380000
D/UDP-TIMING(17001): 596 0 -0.101433000
D/UDP-TIMING(17001): 597 0 -0.104049000
D/UDP-TIMING(17001): 598 0 -0.106892000
D/UDP-TIMING(17001): 599 0 -0.108113000
D/UDP-TIMING(17001): 600 0 -0.121850000
D/UDP-TIMING(17001): 601 0 -0.122878000
D/UDP-TIMING(17001): 602 0 -0.123378000
D/UDP-TIMING(17001): 603 0 -0.106818000
D/UDP-TIMING(17001): 604 0 -0.116074000
D/UDP-TIMING(17001): 605 0 -0.122040000
D/UDP-TIMING(17001): 606 0 -0.098485000
D/UDP-TIMING(17001): 607 0 -0.103380000
D/UDP-TIMING(17001): 608 0 -0.120123000
D/UDP-TIMING(17001): 609 0 -0.097354000
D/UDP-TIMING(17001): 610 0 -0.107744000
D/UDP-TIMING(17001): 611 0 -0.112168000
D/UDP-TIMING(17001): 612 0 -0.113169000
D/UDP-TIMING(17001): 613 0 -0.098950000
D/UDP-TIMING(17001): 614 0 -0.104078000
D/UDP-TIMING(17001): 615 0 -0.105632000
D/UDP-TIMING(17001): 616 0 -0.097539000
D/UDP-TIMING(17001): 617 0 -0.107561000
D/UDP-TIMING(17001): 618 0 -0.123892000
D/UDP-TIMING(17001): 619 0 -0.098694000
D/UDP-TIMING(17001): 620 0 -0.104026000
D/UDP-TIMING(17001): 621 0 -0.108114000
D/UDP-TIMING(17001): 622 0 -0.113484000
D/UDP-TIMING(17001): 623 0 -0.111685000
D/UDP-TIMING(17001): 624 0 -0.117606000
D/UDP-TIMING(17001): 625 0 -0.123473000
D/UDP-TIMING(17001): 626 0 -0.108244000
E/TrafficStats( 1673): [QCTMM]tryAll index=0
E/TrafficStats( 1673): [QCTMM]tryAll index=1
E/TrafficStats( 1673): [QCTMM]tryAll index=2
E/TrafficStats( 1673): [QCTMM]tryAll index=0
E/TrafficStats( 1673): [QCTMM]tryAll index=1
E/TrafficStats( 1673): [QCTMM]tryAll index=2
D/UDP-TIMING(17001): 627 0 -0.117744000
D/DATA    ( 1860): sentSinceLastRecv=0,watchdogTrigger=10,maxindex=0
D/UDP-TIMING(17001): 628 0 -0.098998000
D/UDP-TIMING(17001): 629 0 -0.115839000
D/UDP-TIMING(17001): 630 0 -0.116766000
D/UDP-TIMING(17001): 631 0 -0.122028000
D/UDP-TIMING(17001): 632 0 -0.095020000
D/UDP-TIMING(17001): 633 0 -0.096345000
D/UDP-TIMING(17001): 634 0 -0.097128000
D/UDP-TIMING(17001): 635 0 -0.114848000
D/UDP-TIMING(17001): 636 0 -0.092813000
D/UDP-TIMING(17001): 637 0 -0.100180000
D/UDP-TIMING(17001): 638 0 -0.102560000
D/UDP-TIMING(17001): 639 0 -0.107216000
D/UDP-TIMING(17001): 640 0 -0.107659000
D/UDP-TIMING(17001): 641 0 -0.096772000
D/UDP-TIMING(17001): 642 0 -0.109201000
D/UDP-TIMING(17001): 643 0 -0.110640000
D/UDP-TIMING(17001): 644 0 -0.090905000
D/UDP-TIMING(17001): 645 0 -0.092160000
D/UDP-TIMING(17001): 646 0 -0.095249000
D/UDP-TIMING(17001): 647 0 -0.102861000
D/UDP-TIMING(17001): 648 0 -0.116027000
D/UDP-TIMING(17001): 649 0 -0.116678000
D/UDP-TIMING(17001): 650 0 -0.107623000
D/UDP-TIMING(17001): 651 0 -0.109218000
D/UDP-TIMING(17001): 652 0 -0.114124000
D/UDP-TIMING(17001): 653 0 -0.117607000
D/UDP-TIMING(17001): 654 0 -0.118521000
D/UDP-TIMING(17001): 655 0 -0.105929000
D/UDP-TIMING(17001): 656 0 -0.118759000
D/UDP-TIMING(17001): 657 0 -0.106614000
D/UDP-TIMING(17001): 658 0 -0.092913000
D/UDP-TIMING(17001): 659 0 -0.097745000
D/UDP-TIMING(17001): 660 0 -0.115285000
D/UDP-TIMING(17001): 661 0 -0.105889000
D/UDP-TIMING(17001): 662 0 -0.120875000
D/UDP-TIMING(17001): 663 0 -0.121565000
D/UDP-TIMING(17001): 664 0 -0.104677000
D/UDP-TIMING(17001): 665 0 -0.093320000
D/UDP-TIMING(17001): 666 0 -0.114708000
D/UDP-TIMING(17001): 667 0 -0.092346000
D/UDP-TIMING(17001): 668 0 -0.096781000
D/UDP-TIMING(17001): 669 0 -0.097799000
D/UDP-TIMING(17001): 670 0 -0.120914000
D/UDP-TIMING(17001): 671 0 -0.096320000
D/UDP-TIMING(17001): 672 0 -0.122980000
D/UDP-TIMING(17001): 673 0 -0.102192000
D/UDP-TIMING(17001): 674 0 -0.109375000
D/UDP-TIMING(17001): 675 0 -0.117843000
D/UDP-TIMING(17001): 676 0 -0.100540000
D/UDP-TIMING(17001): 677 0 -0.114823000
D/UDP-TIMING(17001): 678 0 -0.115875000
D/UDP-TIMING(17001): 679 0 -0.121743000
D/UDP-TIMING(17001): 680 0 -0.108556000
D/UDP-TIMING(17001): 681 0 -0.112013000
D/UDP-TIMING(17001): 682 0 -0.120587000
D/UDP-TIMING(17001): 683 0 -0.122732000
D/UDP-TIMING(17001): 684 0 -0.095934000
D/UDP-TIMING(17001): 685 0 -0.106424000
D/UDP-TIMING(17001): 686 0 -0.106508000
D/UDP-TIMING(17001): 687 0 -0.109836000
