E/TrafficStats( 1673): [QCTMM]tryAll index=0
E/TrafficStats( 1673): [QCTMM]tryAll index=1
E/TrafficStats( 1673): [QCTMM]tryAll index=2
E/TrafficStats( 1673): [QCTMM]tryAll index=0
E/TrafficStats( 1673): [QCTMM]tryAll index=1
E/TrafficStats( 1673): [QCTMM]tryAll index=2
D/DATA    ( 1860): [QCTMM] DataNetStatistics sent == 0 && received == 0 newActivity=NONE
D/DATA    ( 1860): sentSinceLastRecv=0,watchdogTrigger=10,maxindex=0
E/TrafficStats( 1673): [QCTMM]tryAll index=0
E/TrafficStats( 1673): [QCTMM]tryAll index=1
E/TrafficStats( 1673): [QCTMM]tryAll index=2
E/TrafficStats( 1673): [QCTMM]tryAll index=0
E/TrafficStats( 1673): [QCTMM]tryAll index=1
E/TrafficStats( 1673): [QCTMM]tryAll index=2
D/DATA    ( 1860): [QCTMM] DataNetStatistics sent == 0 && received == 0 newActivity=NONE
D/DATA    ( 1860): sentSinceLastRecv=0,watchdogTrigger=10,maxindex=0
E/TrafficStats( 1673): [QCTMM]tryAll index=0
E/TrafficStats( 1673): [QCTMM]tryAll index=1
E/TrafficStats( 1673): [QCTMM]tryAll index=2
E/TrafficStats( 1673): [QCTMM]tryAll index=0
E/TrafficStats( 1673): [QCTMM]tryAll index=1
E/TrafficStats( 1673): [QCTMM]tryAll index=2
D/DATA    ( 1860): [QCTMM] DataNetStatistics sent == 0 && received == 0 newActivity=NONE
D/DATA    ( 1860): sentSinceLastRecv=0,watchdogTrigger=10,maxindex=0
E/TrafficStats(16531): [QCTMM]tryAll index=0
E/TrafficStats(16531): [QCTMM]tryAll index=1
E/TrafficStats(16531): [QCTMM]tryAll index=2
E/TrafficStats(16531): [QCTMM]tryAll index=0
E/TrafficStats(16531): [QCTMM]tryAll index=1
E/TrafficStats(16531): [QCTMM]tryAll index=2
E/TrafficStats(16531): [QCTMM]tryAll index=0
E/TrafficStats(16531): [QCTMM]tryAll index=1
E/TrafficStats(16531): [QCTMM]tryAll index=2
E/TrafficStats(16531): [QCTMM]tryAll index=0
E/TrafficStats(16531): [QCTMM]tryAll index=1
E/TrafficStats(16531): [QCTMM]tryAll index=2
E/TrafficStats( 1673): [QCTMM]tryAll index=0
E/TrafficStats( 1673): [QCTMM]tryAll index=1
E/TrafficStats( 1673): [QCTMM]tryAll index=2
E/TrafficStats( 1673): [QCTMM]tryAll index=0
E/TrafficStats( 1673): [QCTMM]tryAll index=1
E/TrafficStats( 1673): [QCTMM]tryAll index=2
D/DATA    ( 1860): [QCTMM] DataNetStatistics sent == 0 && received == 0 newActivity=NONE
D/DATA    ( 1860): sentSinceLastRecv=0,watchdogTrigger=10,maxindex=0
D/dalvikvm(16531): GC_CONCURRENT freed 388K, 51% free 3282K/6599K, external 0K/0K, paused 7ms+2ms
E/TrafficStats( 1673): [QCTMM]tryAll index=0
E/TrafficStats( 1673): [QCTMM]tryAll index=1
E/TrafficStats( 1673): [QCTMM]tryAll index=2
E/TrafficStats( 1673): [QCTMM]tryAll index=0
E/TrafficStats( 1673): [QCTMM]tryAll index=1
E/TrafficStats( 1673): [QCTMM]tryAll index=2
D/DATA    ( 1860): [QCTMM] DataNetStatistics sent == 0 && received == 0 newActivity=NONE
D/DATA    ( 1860): sentSinceLastRecv=0,watchdogTrigger=10,maxindex=0
E/TrafficStats( 1673): [QCTMM]tryAll index=0
E/TrafficStats( 1673): [QCTMM]tryAll index=1
E/TrafficStats( 1673): [QCTMM]tryAll index=2
E/TrafficStats( 1673): [QCTMM]tryAll index=0
E/TrafficStats( 1673): [QCTMM]tryAll index=1
E/TrafficStats( 1673): [QCTMM]tryAll index=2
D/DATA    ( 1860): [QCTMM] DataNetStatistics sent == 0 && received == 0 newActivity=NONE
D/DATA    ( 1860): sentSinceLastRecv=0,watchdogTrigger=10,maxindex=0
E/TrafficStats( 1673): [QCTMM]tryAll index=0
E/TrafficStats( 1673): [QCTMM]tryAll index=1
E/TrafficStats( 1673): [QCTMM]tryAll index=2
E/TrafficStats( 1673): [QCTMM]tryAll index=0
E/TrafficStats( 1673): [QCTMM]tryAll index=1
E/TrafficStats( 1673): [QCTMM]tryAll index=2
D/DATA    ( 1860): [QCTMM] DataNetStatistics sent == 0 && received == 0 newActivity=NONE
D/DATA    ( 1860): sentSinceLastRecv=0,watchdogTrigger=10,maxindex=0
E/TrafficStats( 1673): [QCTMM]tryAll index=0
E/TrafficStats( 1673): [QCTMM]tryAll index=1
E/TrafficStats( 1673): [QCTMM]tryAll index=2
E/TrafficStats( 1673): [QCTMM]tryAll index=0
E/TrafficStats( 1673): [QCTMM]tryAll index=1
E/TrafficStats( 1673): [QCTMM]tryAll index=2
D/DATA    ( 1860): [QCTMM] DataNetStatistics sent == 0 && received == 0 newActivity=NONE
D/DATA    ( 1860): sentSinceLastRecv=0,watchdogTrigger=10,maxindex=0
E/TrafficStats( 1673): [QCTMM]tryAll index=0
E/TrafficStats( 1673): [QCTMM]tryAll index=1
E/TrafficStats( 1673): [QCTMM]tryAll index=2
E/TrafficStats( 1673): [QCTMM]tryAll index=0
E/TrafficStats( 1673): [QCTMM]tryAll index=1
E/TrafficStats( 1673): [QCTMM]tryAll index=2
D/DATA    ( 1860): [QCTMM] DataNetStatistics sent == 0 && received == 0 newActivity=NONE
D/DATA    ( 1860): sentSinceLastRecv=0,watchdogTrigger=10,maxindex=0
E/TrafficStats(16531): [QCTMM]tryAll index=0
E/TrafficStats(16531): [QCTMM]tryAll index=1
E/TrafficStats(16531): [QCTMM]tryAll index=2
E/TrafficStats(16531): [QCTMM]tryAll index=0
E/TrafficStats(16531): [QCTMM]tryAll index=1
E/TrafficStats(16531): [QCTMM]tryAll index=2
E/TrafficStats(16531): [QCTMM]tryAll index=0
E/TrafficStats(16531): [QCTMM]tryAll index=1
E/TrafficStats(16531): [QCTMM]tryAll index=2
E/TrafficStats(16531): [QCTMM]tryAll index=0
E/TrafficStats(16531): [QCTMM]tryAll index=1
E/TrafficStats(16531): [QCTMM]tryAll index=2
E/TrafficStats( 1673): [QCTMM]tryAll index=0
E/TrafficStats( 1673): [QCTMM]tryAll index=1
E/TrafficStats( 1673): [QCTMM]tryAll index=2
E/TrafficStats( 1673): [QCTMM]tryAll index=0
E/TrafficStats( 1673): [QCTMM]tryAll index=1
E/TrafficStats( 1673): [QCTMM]tryAll index=2
D/DATA    ( 1860): [QCTMM] DataNetStatistics sent == 0 && received == 0 newActivity=NONE
D/DATA    ( 1860): sentSinceLastRecv=0,watchdogTrigger=10,maxindex=0
E/TrafficStats( 1673): [QCTMM]tryAll index=0
E/TrafficStats( 1673): [QCTMM]tryAll index=1
E/TrafficStats( 1673): [QCTMM]tryAll index=2
E/TrafficStats( 1673): [QCTMM]tryAll index=0
E/TrafficStats( 1673): [QCTMM]tryAll index=1
E/TrafficStats( 1673): [QCTMM]tryAll index=2
D/DATA    ( 1860): [QCTMM] DataNetStatistics sent == 0 && received == 0 newActivity=NONE
D/DATA    ( 1860): sentSinceLastRecv=0,watchdogTrigger=10,maxindex=0
E/TrafficStats( 1673): [QCTMM]tryAll index=0
E/TrafficStats( 1673): [QCTMM]tryAll index=1
E/TrafficStats( 1673): [QCTMM]tryAll index=2
E/TrafficStats( 1673): [QCTMM]tryAll index=0
E/TrafficStats( 1673): [QCTMM]tryAll index=1
E/TrafficStats( 1673): [QCTMM]tryAll index=2
D/DATA    ( 1860): [QCTMM] DataNetStatistics sent == 0 && received == 0 newActivity=NONE
D/DATA    ( 1860): sentSinceLastRecv=0,watchdogTrigger=10,maxindex=0
E/TrafficStats( 1673): [QCTMM]tryAll index=0
E/TrafficStats( 1673): [QCTMM]tryAll index=1
E/TrafficStats( 1673): [QCTMM]tryAll index=2
E/TrafficStats( 1673): [QCTMM]tryAll index=0
E/TrafficStats( 1673): [QCTMM]tryAll index=1
E/TrafficStats( 1673): [QCTMM]tryAll index=2
D/DATA    ( 1860): [QCTMM] DataNetStatistics sent == 0 && received == 0 newActivity=NONE
D/DATA    ( 1860): sentSinceLastRecv=0,watchdogTrigger=10,maxindex=0
E/TrafficStats( 1673): [QCTMM]tryAll index=0
E/TrafficStats( 1673): [QCTMM]tryAll index=1
E/TrafficStats( 1673): [QCTMM]tryAll index=2
E/TrafficStats( 1673): [QCTMM]tryAll index=0
E/TrafficStats( 1673): [QCTMM]tryAll index=1
E/TrafficStats( 1673): [QCTMM]tryAll index=2
D/DATA    ( 1860): [QCTMM] DataNetStatistics sent == 0 && received == 0 newActivity=NONE
D/DATA    ( 1860): sentSinceLastRecv=0,watchdogTrigger=10,maxindex=0
E/TrafficStats( 1673): [QCTMM]tryAll index=0
E/TrafficStats( 1673): [QCTMM]tryAll index=1
E/TrafficStats( 1673): [QCTMM]tryAll index=2
E/TrafficStats( 1673): [QCTMM]tryAll index=0
E/TrafficStats( 1673): [QCTMM]tryAll index=1
E/TrafficStats( 1673): [QCTMM]tryAll index=2
D/DATA    ( 1860): [QCTMM] DataNetStatistics sent == 0 && received == 0 newActivity=NONE
D/DATA    ( 1860): sentSinceLastRecv=0,watchdogTrigger=10,maxindex=0
E/TrafficStats( 1673): [QCTMM]tryAll index=0
E/TrafficStats( 1673): [QCTMM]tryAll index=1
E/TrafficStats( 1673): [QCTMM]tryAll index=2
E/TrafficStats( 1673): [QCTMM]tryAll index=0
E/TrafficStats( 1673): [QCTMM]tryAll index=1
E/TrafficStats( 1673): [QCTMM]tryAll index=2
D/DATA    ( 1860): [QCTMM] DataNetStatistics sent == 0 && received == 0 newActivity=NONE
D/DATA    ( 1860): sentSinceLastRecv=0,watchdogTrigger=10,maxindex=0
E/TrafficStats(16531): [QCTMM]tryAll index=0
E/TrafficStats(16531): [QCTMM]tryAll index=1
E/TrafficStats(16531): [QCTMM]tryAll index=2
E/TrafficStats(16531): [QCTMM]tryAll index=0
E/TrafficStats(16531): [QCTMM]tryAll index=1
E/TrafficStats(16531): [QCTMM]tryAll index=2
E/TrafficStats(16531): [QCTMM]tryAll index=0
E/TrafficStats(16531): [QCTMM]tryAll index=1
E/TrafficStats(16531): [QCTMM]tryAll index=2
E/TrafficStats(16531): [QCTMM]tryAll index=0
E/TrafficStats(16531): [QCTMM]tryAll index=1
E/TrafficStats(16531): [QCTMM]tryAll index=2
E/TrafficStats( 1673): [QCTMM]tryAll index=0
E/TrafficStats( 1673): [QCTMM]tryAll index=1
E/TrafficStats( 1673): [QCTMM]tryAll index=2
E/TrafficStats( 1673): [QCTMM]tryAll index=0
E/TrafficStats( 1673): [QCTMM]tryAll index=1
E/TrafficStats( 1673): [QCTMM]tryAll index=2
D/DATA    ( 1860): [QCTMM] DataNetStatistics sent == 0 && received == 0 newActivity=NONE
D/DATA    ( 1860): sentSinceLastRecv=0,watchdogTrigger=10,maxindex=0
E/TrafficStats( 1673): [QCTMM]tryAll index=0
E/TrafficStats( 1673): [QCTMM]tryAll index=1
E/TrafficStats( 1673): [QCTMM]tryAll index=2
E/TrafficStats( 1673): [QCTMM]tryAll index=0
E/TrafficStats( 1673): [QCTMM]tryAll index=1
E/TrafficStats( 1673): [QCTMM]tryAll index=2
D/DATA    ( 1860): [QCTMM] DataNetStatistics sent == 0 && received == 0 newActivity=NONE
D/DATA    ( 1860): sentSinceLastRecv=0,watchdogTrigger=10,maxindex=0
E/TrafficStats( 1673): [QCTMM]tryAll index=0
E/TrafficStats( 1673): [QCTMM]tryAll index=1
E/TrafficStats( 1673): [QCTMM]tryAll index=2
E/TrafficStats( 1673): [QCTMM]tryAll index=0
E/TrafficStats( 1673): [QCTMM]tryAll index=1
E/TrafficStats( 1673): [QCTMM]tryAll index=2
D/DATA    ( 1860): [QCTMM] DataNetStatistics sent == 0 && received == 0 newActivity=NONE
D/DATA    ( 1860): sentSinceLastRecv=0,watchdogTrigger=10,maxindex=0
E/TrafficStats( 1673): [QCTMM]tryAll index=0
E/TrafficStats( 1673): [QCTMM]tryAll index=1
E/TrafficStats( 1673): [QCTMM]tryAll index=2
E/TrafficStats( 1673): [QCTMM]tryAll index=0
E/TrafficStats( 1673): [QCTMM]tryAll index=1
E/TrafficStats( 1673): [QCTMM]tryAll index=2
D/DATA    ( 1860): [QCTMM] DataNetStatistics sent == 0 && received == 0 newActivity=NONE
D/DATA    ( 1860): sentSinceLastRecv=0,watchdogTrigger=10,maxindex=0
E/TrafficStats( 1673): [QCTMM]tryAll index=0
E/TrafficStats( 1673): [QCTMM]tryAll index=1
E/TrafficStats( 1673): [QCTMM]tryAll index=2
E/TrafficStats( 1673): [QCTMM]tryAll index=0
E/TrafficStats( 1673): [QCTMM]tryAll index=1
E/TrafficStats( 1673): [QCTMM]tryAll index=2
D/DATA    ( 1860): [QCTMM] DataNetStatistics sent == 0 && received == 0 newActivity=NONE
D/DATA    ( 1860): sentSinceLastRecv=0,watchdogTrigger=10,maxindex=0
E/TrafficStats(16531): [QCTMM]tryAll index=0
E/TrafficStats(16531): [QCTMM]tryAll index=1
E/TrafficStats(16531): [QCTMM]tryAll index=2
E/TrafficStats(16531): [QCTMM]tryAll index=0
E/TrafficStats(16531): [QCTMM]tryAll index=1
E/TrafficStats(16531): [QCTMM]tryAll index=2
E/TrafficStats(16531): [QCTMM]tryAll index=0
E/TrafficStats(16531): [QCTMM]tryAll index=1
E/TrafficStats(16531): [QCTMM]tryAll index=2
E/TrafficStats(16531): [QCTMM]tryAll index=0
E/TrafficStats(16531): [QCTMM]tryAll index=1
E/TrafficStats(16531): [QCTMM]tryAll index=2
E/TrafficStats( 1673): [QCTMM]tryAll index=0
E/TrafficStats( 1673): [QCTMM]tryAll index=1
E/TrafficStats( 1673): [QCTMM]tryAll index=2
E/TrafficStats( 1673): [QCTMM]tryAll index=0
E/TrafficStats( 1673): [QCTMM]tryAll index=1
E/TrafficStats( 1673): [QCTMM]tryAll index=2
D/DATA    ( 1860): [QCTMM] DataNetStatistics sent == 0 && received == 0 newActivity=NONE
D/DATA    ( 1860): sentSinceLastRecv=0,watchdogTrigger=10,maxindex=0
E/TrafficStats( 1673): [QCTMM]tryAll index=0
E/TrafficStats( 1673): [QCTMM]tryAll index=1
E/TrafficStats( 1673): [QCTMM]tryAll index=2
E/TrafficStats( 1673): [QCTMM]tryAll index=0
E/TrafficStats( 1673): [QCTMM]tryAll index=1
E/TrafficStats( 1673): [QCTMM]tryAll index=2
D/DATA    ( 1860): [QCTMM] DataNetStatistics sent == 0 && received == 0 newActivity=NONE
D/DATA    ( 1860): sentSinceLastRecv=0,watchdogTrigger=10,maxindex=0
E/TrafficStats( 1673): [QCTMM]tryAll index=0
E/TrafficStats( 1673): [QCTMM]tryAll index=1
E/TrafficStats( 1673): [QCTMM]tryAll index=2
E/TrafficStats( 1673): [QCTMM]tryAll index=0
E/TrafficStats( 1673): [QCTMM]tryAll index=1
E/TrafficStats( 1673): [QCTMM]tryAll index=2
D/DATA    ( 1860): [QCTMM] DataNetStatistics sent == 0 && received == 0 newActivity=NONE
D/DATA    ( 1860): sentSinceLastRecv=0,watchdogTrigger=10,maxindex=0
E/TrafficStats( 1673): [QCTMM]tryAll index=0
E/TrafficStats( 1673): [QCTMM]tryAll index=1
E/TrafficStats( 1673): [QCTMM]tryAll index=2
E/TrafficStats( 1673): [QCTMM]tryAll index=0
E/TrafficStats( 1673): [QCTMM]tryAll index=1
E/TrafficStats( 1673): [QCTMM]tryAll index=2
D/DATA    ( 1860): [QCTMM] DataNetStatistics sent == 0 && received == 0 newActivity=NONE
D/DATA    ( 1860): sentSinceLastRecv=0,watchdogTrigger=10,maxindex=0
E/TrafficStats( 1673): [QCTMM]tryAll index=0
E/TrafficStats( 1673): [QCTMM]tryAll index=1
E/TrafficStats( 1673): [QCTMM]tryAll index=2
E/TrafficStats( 1673): [QCTMM]tryAll index=0
E/TrafficStats( 1673): [QCTMM]tryAll index=1
E/TrafficStats( 1673): [QCTMM]tryAll index=2
D/DATA    ( 1860): [QCTMM] DataNetStatistics sent == 0 && received == 0 newActivity=NONE
D/DATA    ( 1860): sentSinceLastRecv=0,watchdogTrigger=10,maxindex=0
E/TrafficStats( 1673): [QCTMM]tryAll index=0
E/TrafficStats( 1673): [QCTMM]tryAll index=1
E/TrafficStats( 1673): [QCTMM]tryAll index=2
E/TrafficStats( 1673): [QCTMM]tryAll index=0
E/TrafficStats( 1673): [QCTMM]tryAll index=1
E/TrafficStats( 1673): [QCTMM]tryAll index=2
D/DATA    ( 1860): [QCTMM] DataNetStatistics sent == 0 && received == 0 newActivity=NONE
D/DATA    ( 1860): sentSinceLastRecv=0,watchdogTrigger=10,maxindex=0
E/TrafficStats(16531): [QCTMM]tryAll index=0
E/TrafficStats(16531): [QCTMM]tryAll index=1
E/TrafficStats(16531): [QCTMM]tryAll index=2
E/TrafficStats(16531): [QCTMM]tryAll index=0
E/TrafficStats(16531): [QCTMM]tryAll index=1
E/TrafficStats(16531): [QCTMM]tryAll index=2
E/TrafficStats(16531): [QCTMM]tryAll index=0
E/TrafficStats(16531): [QCTMM]tryAll index=1
E/TrafficStats(16531): [QCTMM]tryAll index=2
E/TrafficStats(16531): [QCTMM]tryAll index=0
E/TrafficStats(16531): [QCTMM]tryAll index=1
E/TrafficStats(16531): [QCTMM]tryAll index=2
D/MMDCT   ( 1860): onDCLChanged dcs=DataCallState: { cid: 0, active: 2, type: IP, apn: vzwinternet, address: 10.174.234.255 }
D/MMDCT   ( 1860): onDCLChanged dcs=DataCallState: { cid: 1, active: 2, type: IPV6, apn: vzwinternet, address: 2600:1000:b022:700a:f3ca:40ba:6903:3d04 }
D/MMDCT   ( 1860): onDCLChanged dcs=DataCallState: { cid: 2, active: 0, type: null, apn: null, address: null }
D/MMDCT   ( 1860): onDCLChanged dcs=DataCallState: { cid: 3, active: 0, type: null, apn: null, address: null }
D/MMDCT   ( 1860): onDCLChanged dcs=DataCallState: { cid: 4, active: 0, type: null, apn: null, address: null }
D/MMDCT   ( 1860): onDCLChanged dcs=DataCallState: { cid: 5, active: 0, type: null, apn: null, address: null }
D/MMDCT   ( 1860): onDCLChanged dcs=DataCallState: { cid: 6, active: 0, type: null, apn: null, address: null }
D/MMDCT   ( 1860): onDCLChanged dcs=DataCallState: { cid: 7, active: 0, type: null, apn: null, address: null }
D/MMDCT   ( 1860): onDCLChanged dcs=DataCallState: { cid: 8, active: 0, type: null, apn: null, address: null }
D/MMDCT   ( 1860): onDCLChanged dcs=DataCallState: { cid: 9, active: 0, type: null, apn: null, address: null }
D/MMDCT   ( 1860): onDCLChanged dcs=DataCallState: { cid: 10, active: 0, type: null, apn: null, address: null }
D/MMDCT   ( 1860): onDCLChanged dcs=DataCallState: { cid: 11, active: 0, type: null, apn: null, address: null }
D/MMDCT   ( 1860): onDCLChanged dcs=DataCallState: { cid: 12, active: 0, type: null, apn: null, address: null }
D/MMDCT   ( 1860): onDCLChanged dcs=DataCallState: { cid: 13, active: 0, type: null, apn: null, address: null }
D/MMDCT   ( 1860): onDCLChanged dcs=DataCallState: { cid: 14, active: 0, type: null, apn: null, address: null }
D/MMDCT   ( 1860): onDCLChanged dcs=DataCallState: { cid: 15, active: 0, type: null, apn: null, address: null }
D/MMDCT   ( 1860): onDCLChanged dcs=DataCallState: { cid: 16, active: 0, type: null, apn: null, address: null }
D/MMDCT   ( 1860): onDCLChanged dcs=DataCallState: { cid: 17, active: 0, type: null, apn: null, address: null }
D/MMDCT   ( 1860): onDCLChanged dcs=DataCallState: { cid: 18, active: 0, type: null, apn: null, address: null }
D/MMDCT   ( 1860): onDCLChanged dcs=DataCallState: { cid: 19, active: 0, type: null, apn: null, address: null }
D/MMDCT   ( 1860): onDCLChanged() DC is active : activeDC.active=2
D/MMDCT   ( 1860): onDCLChanged() DC is active : activeDC.active=2
D/MMDCT   ( 1860):  ======= check all DC disconnected ======= 
D/MMDCT   ( 1860): DC-0: state=DcActiveState if=rmnet_sdio0 ip=10.174.234.255 ipv=IPV4
D/MMDCT   ( 1860): DC-1: state=DcActiveState if=rmnet_sdio1 ip=2600:1000:b022:700a:f3ca:40ba:6903:3d04 ipv=IPV6
D/MMDCT   ( 1860): DC-2: state=DcInactiveState if=null ip=null ipv=null
D/MMDCT   ( 1860): DC-3: state=DcInactiveState if=null ip=null ipv=null
D/MMDCT   ( 1860): DC-4: state=DcInactiveState if=null ip=null ipv=null
D/MMDCT   ( 1860): DC-5: state=DcInactiveState if=null ip=null ipv=null
D/MMDCT   ( 1860): DC-6: state=DcInactiveState if=null ip=null ipv=null
D/MMDCT   ( 1860): DC-7: state=DcInactiveState if=null ip=null ipv=null
D/MMDCT   ( 1860): ifAllDataDisconnected ret=false
D/DATA    ( 1860): [QCTMM]isEnablePoll   enablePoll=true
D/MMDCT   ( 1860): onDCLChanged() DA=NONE
D/MMDCT   ( 1860): onDCLChanged() notifyDA() now
D/DATA    ( 1860): [PhoneNotifier] notifyDataActivityLTE
D/StatusBarPolicy( 1816): hasService()=true ,mDataState=2 ,mPhone.htcModemLinkOn()=false ,mDataActivity=0
D/StatusBarPolicy( 1816): slotType[0]=RUIM
D/UDP-TIMING(17001): 0 0 -0.030376000
D/UDP-TIMING(17001): 1 0 -0.035517000
D/UDP-TIMING(17001): 2 0 -0.040642000
D/UDP-TIMING(17001): 3 0 -0.045770000
D/UDP-TIMING(17001): 4 0 -0.050871000
E/TrafficStats( 1673): [QCTMM]tryAll index=0
E/TrafficStats( 1673): [QCTMM]tryAll index=1
E/TrafficStats( 1673): [QCTMM]tryAll index=2
E/TrafficStats( 1673): [QCTMM]tryAll index=0
E/TrafficStats( 1673): [QCTMM]tryAll index=1
E/TrafficStats( 1673): [QCTMM]tryAll index=2
D/DATA    ( 1860): [PhoneNotifier] notifyDataActivityLTE
D/UDP-TIMING(17001): 6 0 -0.007429000
D/UDP-TIMING(17001): 7 0 -0.012545000
D/UDP-TIMING(17001): 8 0 -0.017676000
D/UDP-TIMING(17001): 9 0 -0.022868000
D/DATA    ( 1860): [QCTMM] DataNetStatistics mIsScreenOn newActivity=DATAINANDOUT
D/UDP-TIMING(17001): 10 0 -0.028056000
D/UDP-TIMING(17001): 11 0 -0.033247000
D/UDP-TIMING(17001): 12 0 -0.038415000
D/UDP-TIMING(17001): 13 0 -0.043610000
D/UDP-TIMING(17001): 14 0 -0.048799000
D/UDP-TIMING(17001): 15 0 -0.053988000
D/UDP-TIMING(17001): 16 0 -0.059182000
D/UDP-TIMING(17001): 17 0 -0.064369000
D/UDP-TIMING(17001): 18 0 -0.069534000
D/UDP-TIMING(17001): 19 0 -0.074721000
D/UDP-TIMING(17001): 20 0 -0.079881000
D/UDP-TIMING(17001): 21 0 -0.085075000
D/UDP-TIMING(17001): 22 0 -0.090257000
D/UDP-TIMING(17001): 23 0 -0.095454000
D/UDP-TIMING(17001): 24 0 -0.100645000
D/UDP-TIMING(17001): 25 0 -0.105835000
D/UDP-TIMING(17001): 26 0 -0.110992000
D/UDP-TIMING(17001): 27 0 -0.116172000
D/UDP-TIMING(17001): 28 0 -0.121369000
D/UDP-TIMING(17001): 29 0 -0.126561000
D/StatusBarPolicy( 1816): hasService()=true ,mDataState=2 ,mPhone.htcModemLinkOn()=false ,mDataActivity=3
D/StatusBarPolicy( 1816): slotType[0]=RUIM
D/DATA    ( 1860): sentSinceLastRecv=0,watchdogTrigger=10,maxindex=0
D/UDP-TIMING(17001): 30 0 -0.102270000
D/UDP-TIMING(17001): 31 0 -0.107357000
D/UDP-TIMING(17001): 32 0 -0.112545000
D/UDP-TIMING(17001): 33 0 -0.117748000
D/UDP-TIMING(17001): 34 0 -0.122938000
D/UDP-TIMING(17001): 35 0 -0.128069000
D/UDP-TIMING(17001): 36 0 -0.104186000
D/UDP-TIMING(17001): 37 0 -0.109318000
D/UDP-TIMING(17001): 38 0 -0.114505000
D/UDP-TIMING(17001): 39 0 -0.119630000
D/UDP-TIMING(17001): 40 0 -0.124816000
D/UDP-TIMING(17001): 41 0 -0.099704000
D/UDP-TIMING(17001): 42 0 -0.104890000
D/UDP-TIMING(17001): 43 0 -0.110077000
D/UDP-TIMING(17001): 44 0 -0.115263000
D/UDP-TIMING(17001): 45 0 -0.120435000
D/UDP-TIMING(17001): 46 0 -0.125566000
D/UDP-TIMING(17001): 47 0 -0.100604000
D/UDP-TIMING(17001): 48 0 -0.105792000
D/UDP-TIMING(17001): 49 0 -0.110991000
D/UDP-TIMING(17001): 50 0 -0.116184000
D/UDP-TIMING(17001): 51 0 -0.121373000
D/UDP-TIMING(17001): 52 0 -0.126567000
D/UDP-TIMING(17001): 53 0 -0.101695000
D/UDP-TIMING(17001): 54 0 -0.106878000
D/UDP-TIMING(17001): 55 0 -0.112071000
D/UDP-TIMING(17001): 56 0 -0.117260000
D/UDP-TIMING(17001): 57 0 -0.122450000
D/UDP-TIMING(17001): 58 0 -0.127727000
D/UDP-TIMING(17001): 59 0 -0.102942000
D/UDP-TIMING(17001): 60 0 -0.108082000
D/UDP-TIMING(17001): 61 0 -0.113269000
D/UDP-TIMING(17001): 62 0 -0.118401000
D/UDP-TIMING(17001): 63 0 -0.123598000
D/UDP-TIMING(17001): 64 0 -0.128697000
D/UDP-TIMING(17001): 65 0 -0.103763000
D/UDP-TIMING(17001): 66 0 -0.108956000
D/UDP-TIMING(17001): 67 0 -0.114115000
D/UDP-TIMING(17001): 68 0 -0.119294000
D/UDP-TIMING(17001): 69 0 -0.124483000
D/UDP-TIMING(17001): 70 0 -0.099708000
D/UDP-TIMING(17001): 71 0 -0.104897000
D/UDP-TIMING(17001): 72 0 -0.110033000
D/UDP-TIMING(17001): 73 0 -0.115162000
D/UDP-TIMING(17001): 74 0 -0.120293000
D/UDP-TIMING(17001): 75 0 -0.125389000
D/StatusBarPolicy( 1816): iconIndex=1
V/StatusBarPolicy( 1816): cdmaLevel:4;max:4
D/UDP-TIMING(17001): 76 0 -0.100276000
D/UDP-TIMING(17001): 77 0 -0.105372000
D/UDP-TIMING(17001): 78 0 -0.110496000
D/UDP-TIMING(17001): 79 0 -0.115622000
D/UDP-TIMING(17001): 80 0 -0.120755000
D/UDP-TIMING(17001): 81 0 -0.125880000
D/StatusBarPolicy( 1816): iconLevel:4
D/UDP-TIMING(17001): 82 0 -0.101317000
D/UDP-TIMING(17001): 83 0 -0.106446000
D/UDP-TIMING(17001): 84 0 -0.111574000
D/UDP-TIMING(17001): 85 0 -0.116673000
D/UDP-TIMING(17001): 86 0 -0.121803000
D/UDP-TIMING(17001): 87 0 -0.126927000
I/PhoneInfo( 2188): getCdmaLevel - cdmaDbm: -73 cdmaEcio:-80
I/PhoneInfo( 2188): getEvdoLevel - evdoDbm: -120 evdoSnr:-1 evdoEcio:-1
I/PhoneInfo( 2188): getLteLevel - lteRsrp: -1 lteCqi:-1
D/UDP-TIMING(17001): 88 0 -0.101768000
D/UDP-TIMING(17001): 89 0 -0.106888000
D/UDP-TIMING(17001): 90 0 -0.112013000
D/UDP-TIMING(17001): 91 0 -0.117139000
D/UDP-TIMING(17001): 92 0 -0.122267000
D/UDP-TIMING(17001): 93 0 -0.127393000
D/UDP-TIMING(17001): 94 0 -0.102794000
D/UDP-TIMING(17001): 95 0 -0.107888000
D/UDP-TIMING(17001): 96 0 -0.113007000
D/UDP-TIMING(17001): 97 0 -0.118134000
D/UDP-TIMING(17001): 98 0 -0.123297000
D/UDP-TIMING(17001): 99 0 -0.126991000
D/UDP-TIMING(17001): 100 0 -0.103380000
D/Database(16531): dbopen(): path = /data/data/com.onavo.android.onavoid/databases/ui_events, flag = 6, file size = 14044160
D/Database(16531): dbopen(): path = /data/data/com.onavo.android.onavoid/databases/ui_events, mode: wal, disk free size: 2000 M, handle: 0x378018
D/Database(16531): dbclose(): path = /data/data/com.onavo.android.onavoid/databases/ui_events, handle = 0x378018
D/UDP-TIMING(17001): 101 0 -0.125310000
D/UDP-TIMING(17001): 102 0 -0.109211000
D/UDP-TIMING(17001): 103 0 -0.114447000
D/UDP-TIMING(17001): 104 0 -0.119626000
D/UDP-TIMING(17001): 105 0 -0.124820000
D/UDP-TIMING(17001): 106 0 -0.099618000
D/UDP-TIMING(17001): 107 0 -0.104778000
D/UDP-TIMING(17001): 108 0 -0.109893000
D/UDP-TIMING(17001): 109 0 -0.115062000
D/UDP-TIMING(17001): 110 0 -0.120245000
D/UDP-TIMING(17001): 111 0 -0.125426000
D/UDP-TIMING(17001): 112 0 -0.101004000
D/UDP-TIMING(17001): 113 0 -0.106193000
D/UDP-TIMING(17001): 114 0 -0.111328000
D/UDP-TIMING(17001): 115 0 -0.116470000
D/UDP-TIMING(17001): 116 0 -0.121648000
D/UDP-TIMING(17001): 117 0 -0.126839000
D/UDP-TIMING(17001): 118 0 -0.101788000
D/UDP-TIMING(17001): 119 0 -0.106964000
D/UDP-TIMING(17001): 120 0 -0.112152000
D/UDP-TIMING(17001): 121 0 -0.117343000
D/UDP-TIMING(17001): 122 0 -0.122500000
D/UDP-TIMING(17001): 123 0 -0.127640000
D/UDP-TIMING(17001): 124 0 -0.103160000
D/UDP-TIMING(17001): 125 0 -0.108289000
D/UDP-TIMING(17001): 126 0 -0.113477000
D/UDP-TIMING(17001): 127 0 -0.118664000
D/UDP-TIMING(17001): 128 0 -0.123855000
E/TrafficStats( 1673): [QCTMM]tryAll index=0
E/TrafficStats( 1673): [QCTMM]tryAll index=1
E/TrafficStats( 1673): [QCTMM]tryAll index=2
E/TrafficStats( 1673): [QCTMM]tryAll index=0
E/TrafficStats( 1673): [QCTMM]tryAll index=1
E/TrafficStats( 1673): [QCTMM]tryAll index=2
D/DATA    ( 1860): [PhoneNotifier] notifyDataActivityLTE
D/UDP-TIMING(17001): 129 0 -0.098193000
D/UDP-TIMING(17001): 130 0 -0.103388000
D/UDP-TIMING(17001): 131 0 -0.108533000
D/UDP-TIMING(17001): 132 0 -0.113688000
D/UDP-TIMING(17001): 133 0 -0.118882000
D/UDP-TIMING(17001): 134 0 -0.124050000
D/UDP-TIMING(17001): 135 0 -0.127868000
D/DATA    ( 1860): [QCTMM] DataNetStatistics mIsScreenOn newActivity=DATAIN
D/DATA    ( 1860): sentSinceLastRecv=0,watchdogTrigger=10,maxindex=0
D/StatusBarPolicy( 1816): hasService()=true ,mDataState=2 ,mPhone.htcModemLinkOn()=false ,mDataActivity=1
D/StatusBarPolicy( 1816): slotType[0]=RUIM
D/UDP-TIMING(17001): 136 0 -0.105101000
D/UDP-TIMING(17001): 137 0 -0.110290000
D/UDP-TIMING(17001): 138 0 -0.115476000
D/UDP-TIMING(17001): 139 0 -0.120610000
D/UDP-TIMING(17001): 140 0 -0.125770000
D/UDP-TIMING(17001): 141 0 -0.100600000
D/UDP-TIMING(17001): 142 0 -0.105786000
D/UDP-TIMING(17001): 143 0 -0.110986000
D/UDP-TIMING(17001): 144 0 -0.116173000
D/UDP-TIMING(17001): 145 0 -0.121318000
D/UDP-TIMING(17001): 146 0 -0.126494000
D/UDP-TIMING(17001): 147 0 -0.102247000
D/UDP-TIMING(17001): 148 0 -0.107379000
D/UDP-TIMING(17001): 149 0 -0.112558000
D/UDP-TIMING(17001): 150 0 -0.117745000
D/UDP-TIMING(17001): 151 0 -0.122927000
D/UDP-TIMING(17001): 152 0 -0.128104000
D/UDP-TIMING(17001): 153 0 -0.103283000
D/UDP-TIMING(17001): 154 0 -0.108417000
D/UDP-TIMING(17001): 155 0 -0.113592000
D/UDP-TIMING(17001): 156 0 -0.118770000
D/UDP-TIMING(17001): 157 0 -0.123946000
D/UDP-TIMING(17001): 158 0 -0.127645000
D/UDP-TIMING(17001): 159 0 -0.103979000
D/UDP-TIMING(17001): 160 0 -0.109161000
D/UDP-TIMING(17001): 161 0 -0.114346000
D/UDP-TIMING(17001): 162 0 -0.119437000
D/UDP-TIMING(17001): 163 0 -0.124592000
D/UDP-TIMING(17001): 164 0 -0.129728000
D/UDP-TIMING(17001): 165 0 -0.105193000
D/UDP-TIMING(17001): 166 0 -0.110374000
D/UDP-TIMING(17001): 167 0 -0.115556000
D/UDP-TIMING(17001): 168 0 -0.120741000
D/UDP-TIMING(17001): 169 0 -0.125927000
D/UDP-TIMING(17001): 170 0 -0.100862000
D/UDP-TIMING(17001): 171 0 -0.106011000
D/UDP-TIMING(17001): 172 0 -0.111192000
D/UDP-TIMING(17001): 173 0 -0.116373000
D/UDP-TIMING(17001): 174 0 -0.121626000
D/UDP-TIMING(17001): 175 0 -0.126810000
D/UDP-TIMING(17001): 176 0 -0.102297000
D/UDP-TIMING(17001): 177 0 -0.107409000
D/UDP-TIMING(17001): 178 0 -0.112585000
D/UDP-TIMING(17001): 179 0 -0.117780000
D/UDP-TIMING(17001): 180 0 -0.122965000
D/UDP-TIMING(17001): 181 0 -0.128120000
D/UDP-TIMING(17001): 182 0 -0.103093000
D/UDP-TIMING(17001): 183 0 -0.108205000
D/UDP-TIMING(17001): 184 0 -0.113383000
D/UDP-TIMING(17001): 185 0 -0.118561000
D/UDP-TIMING(17001): 186 0 -0.123739000
D/UDP-TIMING(17001): 187 0 -0.128872000
D/UDP-TIMING(17001): 188 0 -0.104386000
D/UDP-TIMING(17001): 189 0 -0.109567000
D/UDP-TIMING(17001): 190 0 -0.114720000
D/UDP-TIMING(17001): 191 0 -0.119855000
D/UDP-TIMING(17001): 192 0 -0.125037000
D/UDP-TIMING(17001): 193 0 -0.099796000
D/UDP-TIMING(17001): 194 0 -0.104984000
D/UDP-TIMING(17001): 195 0 -0.110163000
D/UDP-TIMING(17001): 196 0 -0.115340000
D/UDP-TIMING(17001): 197 0 -0.120491000
D/UDP-TIMING(17001): 198 0 -0.125671000
D/UDP-TIMING(17001): 199 0 -0.101247000
D/UDP-TIMING(17001): 200 0 -0.106427000
D/UDP-TIMING(17001): 201 0 -0.111576000
D/UDP-TIMING(17001): 202 0 -0.123978000
D/UDP-TIMING(17001): 203 0 -0.106734000
D/UDP-TIMING(17001): 204 0 -0.111941000
D/UDP-TIMING(17001): 205 0 -0.117136000
D/UDP-TIMING(17001): 206 0 -0.122322000
D/UDP-TIMING(17001): 207 0 -0.127514000
D/UDP-TIMING(17001): 208 0 -0.102968000
D/UDP-TIMING(17001): 209 0 -0.108094000
D/UDP-TIMING(17001): 210 0 -0.113317000
D/UDP-TIMING(17001): 211 0 -0.118502000
D/UDP-TIMING(17001): 212 0 -0.123650000
D/UDP-TIMING(17001): 213 0 -0.128781000
D/UDP-TIMING(17001): 214 0 -0.103758000
D/UDP-TIMING(17001): 215 0 -0.108950000
D/UDP-TIMING(17001): 216 0 -0.114146000
D/UDP-TIMING(17001): 217 0 -0.119343000
D/UDP-TIMING(17001): 218 0 -0.124533000
D/UDP-TIMING(17001): 219 0 -0.100059000
D/UDP-TIMING(17001): 220 0 -0.105251000
D/UDP-TIMING(17001): 221 0 -0.110443000
D/UDP-TIMING(17001): 222 0 -0.115637000
D/UDP-TIMING(17001): 223 0 -0.120830000
D/UDP-TIMING(17001): 224 0 -0.125998000
D/UDP-TIMING(17001): 225 0 -0.100948000
D/UDP-TIMING(17001): 226 0 -0.106109000
D/UDP-TIMING(17001): 227 0 -0.111320000
D/UDP-TIMING(17001): 228 0 -0.116508000
D/UDP-TIMING(17001): 229 0 -0.121701000
D/UDP-TIMING(17001): 230 0 -0.126893000
D/UDP-TIMING(17001): 231 0 -0.102361000
D/UDP-TIMING(17001): 232 0 -0.107493000
D/UDP-TIMING(17001): 233 0 -0.112723000
D/UDP-TIMING(17001): 234 0 -0.117916000
D/UDP-TIMING(17001): 235 0 -0.123078000
D/UDP-TIMING(17001): 236 0 -0.128234000
E/TrafficStats( 1673): [QCTMM]tryAll index=0
E/TrafficStats( 1673): [QCTMM]tryAll index=1
E/TrafficStats( 1673): [QCTMM]tryAll index=2
E/TrafficStats( 1673): [QCTMM]tryAll index=0
E/TrafficStats( 1673): [QCTMM]tryAll index=1
E/TrafficStats( 1673): [QCTMM]tryAll index=2
D/DATA    ( 1860): sentSinceLastRecv=0,watchdogTrigger=10,maxindex=0
D/UDP-TIMING(17001): 237 0 -0.102671000
D/UDP-TIMING(17001): 238 0 -0.107827000
D/UDP-TIMING(17001): 239 0 -0.113016000
D/UDP-TIMING(17001): 240 0 -0.118203000
D/UDP-TIMING(17001): 241 0 -0.123397000
D/UDP-TIMING(17001): 242 0 -0.128557000
D/UDP-TIMING(17001): 243 0 -0.104602000
D/UDP-TIMING(17001): 244 0 -0.109763000
D/UDP-TIMING(17001): 245 0 -0.114952000
D/UDP-TIMING(17001): 246 0 -0.120138000
D/UDP-TIMING(17001): 247 0 -0.125320000
D/UDP-TIMING(17001): 248 0 -0.100460000
D/UDP-TIMING(17001): 249 0 -0.105656000
D/UDP-TIMING(17001): 250 0 -0.110810000
D/UDP-TIMING(17001): 251 0 -0.115998000
D/UDP-TIMING(17001): 252 0 -0.121190000
D/UDP-TIMING(17001): 253 0 -0.126357000
D/UDP-TIMING(17001): 254 0 -0.101307000
D/UDP-TIMING(17001): 255 0 -0.106495000
D/UDP-TIMING(17001): 256 0 -0.111687000
D/UDP-TIMING(17001): 257 0 -0.116878000
D/UDP-TIMING(17001): 258 0 -0.122074000
D/UDP-TIMING(17001): 259 0 -0.127268000
D/UDP-TIMING(17001): 260 0 -0.102552000
D/UDP-TIMING(17001): 261 0 -0.107696000
D/UDP-TIMING(17001): 262 0 -0.112885000
D/UDP-TIMING(17001): 263 0 -0.118011000
D/UDP-TIMING(17001): 264 0 -0.123040000
D/UDP-TIMING(17001): 265 0 -0.128167000
D/UDP-TIMING(17001): 266 0 -0.103186000
D/UDP-TIMING(17001): 267 0 -0.108287000
D/UDP-TIMING(17001): 268 0 -0.113442000
D/UDP-TIMING(17001): 269 0 -0.118604000
D/UDP-TIMING(17001): 270 0 -0.123736000
D/UDP-TIMING(17001): 271 0 -0.129036000
D/UDP-TIMING(17001): 272 0 -0.104630000
D/UDP-TIMING(17001): 273 0 -0.109775000
D/UDP-TIMING(17001): 274 0 -0.114908000
D/UDP-TIMING(17001): 275 0 -0.120084000
D/UDP-TIMING(17001): 276 0 -0.125291000
D/UDP-TIMING(17001): 277 0 -0.100111000
D/UDP-TIMING(17001): 278 0 -0.105220000
D/UDP-TIMING(17001): 279 0 -0.110397000
D/UDP-TIMING(17001): 280 0 -0.115523000
D/UDP-TIMING(17001): 281 0 -0.120644000
D/UDP-TIMING(17001): 282 0 -0.125733000
D/UDP-TIMING(17001): 283 0 -0.101224000
D/UDP-TIMING(17001): 284 0 -0.106367000
D/UDP-TIMING(17001): 285 0 -0.111486000
D/UDP-TIMING(17001): 286 0 -0.116619000
D/UDP-TIMING(17001): 287 0 -0.121825000
D/UDP-TIMING(17001): 288 0 -0.126932000
D/UDP-TIMING(17001): 289 0 -0.101803000
D/UDP-TIMING(17001): 290 0 -0.106971000
D/UDP-TIMING(17001): 291 0 -0.112149000
D/UDP-TIMING(17001): 292 0 -0.117298000
D/UDP-TIMING(17001): 293 0 -0.122428000
D/UDP-TIMING(17001): 294 0 -0.127585000
D/UDP-TIMING(17001): 295 0 -0.102870000
D/UDP-TIMING(17001): 296 0 -0.108030000
D/UDP-TIMING(17001): 297 0 -0.113180000
D/UDP-TIMING(17001): 298 0 -0.118354000
D/UDP-TIMING(17001): 299 0 -0.123483000
D/UDP-TIMING(17001): 300 0 -0.128659000
D/UDP-TIMING(17001): 301 0 -0.103745000
D/UDP-TIMING(17001): 302 0 -0.108846000
D/UDP-TIMING(17001): 303 0 -0.124544000
D/UDP-TIMING(17001): 304 0 -0.104594000
D/UDP-TIMING(17001): 305 0 -0.109780000
D/UDP-TIMING(17001): 306 0 -0.114973000
D/UDP-TIMING(17001): 307 0 -0.120165000
D/UDP-TIMING(17001): 308 0 -0.125355000
D/UDP-TIMING(17001): 309 0 -0.100208000
D/UDP-TIMING(17001): 310 0 -0.105399000
D/UDP-TIMING(17001): 311 0 -0.110590000
D/UDP-TIMING(17001): 312 0 -0.115779000
D/UDP-TIMING(17001): 313 0 -0.120975000
D/UDP-TIMING(17001): 314 0 -0.126123000
D/UDP-TIMING(17001): 315 0 -0.100702000
D/UDP-TIMING(17001): 316 0 -0.105890000
D/UDP-TIMING(17001): 317 0 -0.111083000
D/UDP-TIMING(17001): 318 0 -0.116259000
D/UDP-TIMING(17001): 319 0 -0.121425000
D/UDP-TIMING(17001): 320 0 -0.126646000
D/UDP-TIMING(17001): 321 0 -0.102567000
D/UDP-TIMING(17001): 322 0 -0.107755000
D/UDP-TIMING(17001): 323 0 -0.112952000
D/UDP-TIMING(17001): 324 0 -0.118146000
D/UDP-TIMING(17001): 325 0 -0.123337000
D/UDP-TIMING(17001): 326 0 -0.128525000
D/UDP-TIMING(17001): 327 0 -0.103746000
D/UDP-TIMING(17001): 328 0 -0.108903000
D/UDP-TIMING(17001): 329 0 -0.114086000
D/UDP-TIMING(17001): 330 0 -0.119259000
D/UDP-TIMING(17001): 331 0 -0.124456000
D/UDP-TIMING(17001): 332 0 -0.129648000
D/UDP-TIMING(17001): 333 0 -0.105147000
D/UDP-TIMING(17001): 334 0 -0.110333000
D/UDP-TIMING(17001): 335 0 -0.115482000
D/UDP-TIMING(17001): 336 0 -0.120674000
E/TrafficStats( 1673): [QCTMM]tryAll index=0
E/TrafficStats( 1673): [QCTMM]tryAll index=1
E/TrafficStats( 1673): [QCTMM]tryAll index=2
E/TrafficStats( 1673): [QCTMM]tryAll index=0
E/TrafficStats( 1673): [QCTMM]tryAll index=1
E/TrafficStats( 1673): [QCTMM]tryAll index=2
D/DATA    ( 1860): sentSinceLastRecv=0,watchdogTrigger=10,maxindex=0
D/UDP-TIMING(17001): 337 0 -0.095072000
D/UDP-TIMING(17001): 338 0 -0.100260000
D/UDP-TIMING(17001): 339 0 -0.105443000
D/UDP-TIMING(17001): 340 0 -0.110634000
D/UDP-TIMING(17001): 341 0 -0.115794000
D/UDP-TIMING(17001): 342 0 -0.120992000
D/UDP-TIMING(17001): 343 0 -0.126185000
D/UDP-TIMING(17001): 344 0 -0.102202000
D/UDP-TIMING(17001): 345 0 -0.107358000
D/UDP-TIMING(17001): 346 0 -0.112545000
D/UDP-TIMING(17001): 347 0 -0.117721000
D/UDP-TIMING(17001): 348 0 -0.122871000
D/UDP-TIMING(17001): 349 0 -0.127957000
D/UDP-TIMING(17001): 350 0 -0.102755000
D/UDP-TIMING(17001): 351 0 -0.107930000
D/UDP-TIMING(17001): 352 0 -0.113116000
D/UDP-TIMING(17001): 353 0 -0.118297000
D/UDP-TIMING(17001): 354 0 -0.123477000
D/UDP-TIMING(17001): 355 0 -0.128612000
D/UDP-TIMING(17001): 356 0 -0.104158000
D/UDP-TIMING(17001): 357 0 -0.109433000
D/UDP-TIMING(17001): 358 0 -0.114628000
D/UDP-TIMING(17001): 359 0 -0.119775000
D/UDP-TIMING(17001): 360 0 -0.124955000
D/UDP-TIMING(17001): 361 0 -0.099708000
D/UDP-TIMING(17001): 362 0 -0.104879000
D/UDP-TIMING(17001): 363 0 -0.110057000
D/UDP-TIMING(17001): 364 0 -0.115242000
D/UDP-TIMING(17001): 365 0 -0.120417000
D/UDP-TIMING(17001): 366 0 -0.125597000
D/UDP-TIMING(17001): 367 0 -0.101097000
D/UDP-TIMING(17001): 368 0 -0.106282000
D/UDP-TIMING(17001): 369 0 -0.111464000
D/UDP-TIMING(17001): 370 0 -0.116647000
D/UDP-TIMING(17001): 371 0 -0.121795000
D/UDP-TIMING(17001): 372 0 -0.126972000
D/UDP-TIMING(17001): 373 0 -0.101815000
D/UDP-TIMING(17001): 374 0 -0.106963000
D/UDP-TIMING(17001): 375 0 -0.112139000
D/UDP-TIMING(17001): 376 0 -0.117319000
D/UDP-TIMING(17001): 377 0 -0.122498000
D/UDP-TIMING(17001): 378 0 -0.127591000
D/UDP-TIMING(17001): 379 0 -0.103136000
D/UDP-TIMING(17001): 380 0 -0.108311000
D/UDP-TIMING(17001): 381 0 -0.113495000
D/UDP-TIMING(17001): 382 0 -0.118676000
D/UDP-TIMING(17001): 383 0 -0.123851000
D/UDP-TIMING(17001): 384 0 -0.128953000
D/UDP-TIMING(17001): 385 0 -0.103824000
D/UDP-TIMING(17001): 386 0 -0.109003000
D/UDP-TIMING(17001): 387 0 -0.114155000
D/UDP-TIMING(17001): 388 0 -0.119331000
D/UDP-TIMING(17001): 389 0 -0.124509000
D/UDP-TIMING(17001): 390 0 -0.129687000
D/UDP-TIMING(17001): 391 0 -0.105317000
D/UDP-TIMING(17001): 392 0 -0.110468000
D/UDP-TIMING(17001): 393 0 -0.115644000
D/UDP-TIMING(17001): 394 0 -0.120822000
D/UDP-TIMING(17001): 395 0 -0.126002000
D/UDP-TIMING(17001): 396 0 -0.100937000
D/UDP-TIMING(17001): 397 0 -0.106113000
D/UDP-TIMING(17001): 398 0 -0.111290000
D/UDP-TIMING(17001): 399 0 -0.116470000
D/UDP-TIMING(17001): 400 0 -0.121621000
D/UDP-TIMING(17001): 401 0 -0.126800000
D/UDP-TIMING(17001): 402 0 -0.102315000
D/UDP-TIMING(17001): 403 0 -0.107421000
D/UDP-TIMING(17001): 404 0 -0.124783000
D/UDP-TIMING(17001): 405 0 -0.102528000
D/UDP-TIMING(17001): 406 0 -0.107773000
D/UDP-TIMING(17001): 407 0 -0.112956000
D/UDP-TIMING(17001): 408 0 -0.118140000
D/UDP-TIMING(17001): 409 0 -0.123289000
D/UDP-TIMING(17001): 410 0 -0.128470000
D/UDP-TIMING(17001): 411 0 -0.103924000
D/UDP-TIMING(17001): 412 0 -0.109058000
D/UDP-TIMING(17001): 413 0 -0.114237000
D/UDP-TIMING(17001): 414 0 -0.119419000
D/UDP-TIMING(17001): 415 0 -0.124595000
D/UDP-TIMING(17001): 416 0 -0.099439000
D/UDP-TIMING(17001): 417 0 -0.104615000
D/UDP-TIMING(17001): 418 0 -0.109749000
D/UDP-TIMING(17001): 419 0 -0.114927000
D/UDP-TIMING(17001): 420 0 -0.120067000
D/UDP-TIMING(17001): 421 0 -0.125248000
D/UDP-TIMING(17001): 422 0 -0.100674000
D/UDP-TIMING(17001): 423 0 -0.105850000
D/UDP-TIMING(17001): 424 0 -0.110984000
D/UDP-TIMING(17001): 425 0 -0.116133000
D/UDP-TIMING(17001): 426 0 -0.121313000
D/UDP-TIMING(17001): 427 0 -0.126490000
D/UDP-TIMING(17001): 428 0 -0.101788000
D/UDP-TIMING(17001): 429 0 -0.106964000
D/UDP-TIMING(17001): 430 0 -0.112149000
D/UDP-TIMING(17001): 431 0 -0.117300000
D/UDP-TIMING(17001): 432 0 -0.122484000
D/UDP-TIMING(17001): 433 0 -0.127659000
D/UDP-TIMING(17001): 434 0 -0.102470000
D/UDP-TIMING(17001): 435 0 -0.107612000
D/UDP-TIMING(17001): 436 0 -0.112791000
D/UDP-TIMING(17001): 437 0 -0.117970000
D/UDP-TIMING(17001): 438 0 -0.123123000
D/UDP-TIMING(17001): 439 0 -0.128224000
E/TrafficStats( 1673): [QCTMM]tryAll index=0
E/TrafficStats( 1673): [QCTMM]tryAll index=1
E/TrafficStats( 1673): [QCTMM]tryAll index=2
E/TrafficStats( 1673): [QCTMM]tryAll index=0
E/TrafficStats( 1673): [QCTMM]tryAll index=1
E/TrafficStats( 1673): [QCTMM]tryAll index=2
D/DATA    ( 1860): sentSinceLastRecv=0,watchdogTrigger=10,maxindex=0
D/UDP-TIMING(17001): 440 0 -0.103375000
D/UDP-TIMING(17001): 441 0 -0.108561000
D/UDP-TIMING(17001): 442 0 -0.113746000
D/UDP-TIMING(17001): 443 0 -0.118934000
D/UDP-TIMING(17001): 444 0 -0.124111000
D/UDP-TIMING(17001): 445 0 -0.099309000
D/UDP-TIMING(17001): 446 0 -0.104552000
D/UDP-TIMING(17001): 447 0 -0.109682000
D/UDP-TIMING(17001): 448 0 -0.114816000
D/UDP-TIMING(17001): 449 0 -0.119921000
D/UDP-TIMING(17001): 450 0 -0.125098000
D/UDP-TIMING(17001): 451 0 -0.100629000
D/UDP-TIMING(17001): 452 0 -0.105808000
D/UDP-TIMING(17001): 453 0 -0.111037000
D/UDP-TIMING(17001): 454 0 -0.116217000
D/UDP-TIMING(17001): 455 0 -0.121403000
D/UDP-TIMING(17001): 456 0 -0.126510000
D/UDP-TIMING(17001): 457 0 -0.101402000
D/UDP-TIMING(17001): 458 0 -0.106594000
D/UDP-TIMING(17001): 459 0 -0.111758000
D/UDP-TIMING(17001): 460 0 -0.116936000
D/UDP-TIMING(17001): 461 0 -0.122131000
D/UDP-TIMING(17001): 462 0 -0.127323000
D/UDP-TIMING(17001): 463 0 -0.102788000
D/UDP-TIMING(17001): 464 0 -0.107877000
D/UDP-TIMING(17001): 465 0 -0.112980000
D/UDP-TIMING(17001): 466 0 -0.118116000
D/UDP-TIMING(17001): 467 0 -0.123252000
D/UDP-TIMING(17001): 468 0 -0.128382000
D/UDP-TIMING(17001): 469 0 -0.103262000
D/UDP-TIMING(17001): 470 0 -0.108357000
D/UDP-TIMING(17001): 471 0 -0.113485000
D/UDP-TIMING(17001): 472 0 -0.118611000
D/UDP-TIMING(17001): 473 0 -0.093980000
D/UDP-TIMING(17001): 474 0 -0.099103000
D/UDP-TIMING(17001): 475 0 -0.104199000
D/UDP-TIMING(17001): 476 0 -0.109325000
D/UDP-TIMING(17001): 477 0 -0.114448000
D/UDP-TIMING(17001): 478 0 -0.119572000
D/UDP-TIMING(17001): 479 0 -0.124695000
D/UDP-TIMING(17001): 480 0 -0.127898000
D/UDP-TIMING(17001): 481 0 -0.104763000
D/UDP-TIMING(17001): 482 0 -0.109890000
D/UDP-TIMING(17001): 483 0 -0.115016000
D/UDP-TIMING(17001): 484 0 -0.120142000
D/UDP-TIMING(17001): 485 0 -0.125200000
D/UDP-TIMING(17001): 486 0 -0.100636000
D/UDP-TIMING(17001): 487 0 -0.105761000
D/UDP-TIMING(17001): 488 0 -0.110886000
D/UDP-TIMING(17001): 489 0 -0.115980000
D/UDP-TIMING(17001): 490 0 -0.121105000
D/UDP-TIMING(17001): 491 0 -0.126230000
D/UDP-TIMING(17001): 492 0 -0.101113000
D/UDP-TIMING(17001): 493 0 -0.106304000
D/UDP-TIMING(17001): 494 0 -0.111493000
D/UDP-TIMING(17001): 495 0 -0.116652000
D/UDP-TIMING(17001): 496 0 -0.121848000
D/UDP-TIMING(17001): 497 0 -0.127101000
D/UDP-TIMING(17001): 498 0 -0.102654000
D/UDP-TIMING(17001): 499 0 -0.107846000
D/UDP-TIMING(17001): 500 0 -0.113042000
D/UDP-TIMING(17001): 501 0 -0.118239000
D/UDP-TIMING(17001): 502 0 -0.123434000
D/UDP-TIMING(17001): 503 0 -0.098631000
D/UDP-TIMING(17001): 504 0 -0.103824000
D/StatusBarPolicy( 1816): iconIndex=1
V/StatusBarPolicy( 1816): cdmaLevel:3;max:4
D/StatusBarPolicy( 1816): iconLevel:3
I/PhoneInfo( 2188): getCdmaLevel - cdmaDbm: -73 cdmaEcio:-100
I/PhoneInfo( 2188): getEvdoLevel - evdoDbm: -120 evdoSnr:-1 evdoEcio:-1
I/PhoneInfo( 2188): getLteLevel - lteRsrp: -1 lteCqi:-1
D/UDP-TIMING(17001): 505 0 -0.128496000
D/UDP-TIMING(17001): 506 0 -0.109227000
D/UDP-TIMING(17001): 507 0 -0.114365000
D/UDP-TIMING(17001): 508 0 -0.119544000
D/UDP-TIMING(17001): 509 0 -0.124730000
D/UDP-TIMING(17001): 510 0 -0.128203000
D/UDP-TIMING(17001): 511 0 -0.105006000
D/UDP-TIMING(17001): 512 0 -0.110132000
D/UDP-TIMING(17001): 513 0 -0.115292000
D/UDP-TIMING(17001): 514 0 -0.120423000
D/UDP-TIMING(17001): 515 0 -0.095680000
D/UDP-TIMING(17001): 516 0 -0.100870000
D/UDP-TIMING(17001): 517 0 -0.106061000
D/UDP-TIMING(17001): 518 0 -0.111254000
D/UDP-TIMING(17001): 519 0 -0.116418000
D/UDP-TIMING(17001): 520 0 -0.121609000
D/UDP-TIMING(17001): 521 0 -0.126879000
D/UDP-TIMING(17001): 522 0 -0.102158000
D/UDP-TIMING(17001): 523 0 -0.107346000
D/UDP-TIMING(17001): 524 0 -0.112541000
D/UDP-TIMING(17001): 525 0 -0.117733000
D/UDP-TIMING(17001): 526 0 -0.122922000
D/UDP-TIMING(17001): 527 0 -0.128114000
D/UDP-TIMING(17001): 528 0 -0.103028000
D/UDP-TIMING(17001): 529 0 -0.108151000
D/UDP-TIMING(17001): 530 0 -0.113343000
D/UDP-TIMING(17001): 531 0 -0.118531000
D/UDP-TIMING(17001): 532 0 -0.093993000
D/UDP-TIMING(17001): 533 0 -0.099123000
D/UDP-TIMING(17001): 534 0 -0.104310000
D/UDP-TIMING(17001): 535 0 -0.109465000
D/UDP-TIMING(17001): 536 0 -0.114651000
D/UDP-TIMING(17001): 537 0 -0.119837000
D/UDP-TIMING(17001): 538 0 -0.125024000
E/TrafficStats( 1673): [QCTMM]tryAll index=0
E/TrafficStats( 1673): [QCTMM]tryAll index=1
E/TrafficStats( 1673): [QCTMM]tryAll index=2
E/TrafficStats( 1673): [QCTMM]tryAll index=0
E/TrafficStats( 1673): [QCTMM]tryAll index=1
E/TrafficStats( 1673): [QCTMM]tryAll index=2
D/DATA    ( 1860): sentSinceLastRecv=0,watchdogTrigger=10,maxindex=0
D/UDP-TIMING(17001): 539 0 -0.099386000
D/UDP-TIMING(17001): 540 0 -0.104553000
D/UDP-TIMING(17001): 541 0 -0.109693000
D/UDP-TIMING(17001): 542 0 -0.114819000
D/UDP-TIMING(17001): 543 0 -0.119946000
D/UDP-TIMING(17001): 544 0 -0.125070000
D/UDP-TIMING(17001): 545 0 -0.101054000
D/UDP-TIMING(17001): 546 0 -0.106152000
D/UDP-TIMING(17001): 547 0 -0.111275000
D/UDP-TIMING(17001): 548 0 -0.116402000
D/UDP-TIMING(17001): 549 0 -0.091241000
D/UDP-TIMING(17001): 550 0 -0.096365000
D/UDP-TIMING(17001): 551 0 -0.101454000
D/UDP-TIMING(17001): 552 0 -0.106576000
D/UDP-TIMING(17001): 553 0 -0.111697000
D/UDP-TIMING(17001): 554 0 -0.116820000
D/UDP-TIMING(17001): 555 0 -0.121938000
D/UDP-TIMING(17001): 556 0 -0.127093000
D/UDP-TIMING(17001): 557 0 -0.102574000
D/UDP-TIMING(17001): 558 0 -0.107700000
D/UDP-TIMING(17001): 559 0 -0.112878000
D/UDP-TIMING(17001): 560 0 -0.118057000
D/UDP-TIMING(17001): 561 0 -0.123301000
D/UDP-TIMING(17001): 562 0 -0.128377000
D/UDP-TIMING(17001): 563 0 -0.103278000
D/UDP-TIMING(17001): 564 0 -0.108453000
D/UDP-TIMING(17001): 565 0 -0.113628000
D/UDP-TIMING(17001): 566 0 -0.118803000
D/UDP-TIMING(17001): 567 0 -0.123947000
D/UDP-TIMING(17001): 568 0 -0.099400000
D/UDP-TIMING(17001): 569 0 -0.104582000
D/UDP-TIMING(17001): 570 0 -0.109758000
D/UDP-TIMING(17001): 571 0 -0.114940000
D/UDP-TIMING(17001): 572 0 -0.120091000
D/UDP-TIMING(17001): 573 0 -0.125278000
D/UDP-TIMING(17001): 574 0 -0.100240000
D/UDP-TIMING(17001): 575 0 -0.105418000
D/UDP-TIMING(17001): 576 0 -0.110568000
D/UDP-TIMING(17001): 577 0 -0.115747000
D/UDP-TIMING(17001): 578 0 -0.091276000
D/UDP-TIMING(17001): 579 0 -0.096431000
D/UDP-TIMING(17001): 580 0 -0.101608000
D/UDP-TIMING(17001): 581 0 -0.106784000
D/UDP-TIMING(17001): 582 0 -0.111964000
D/UDP-TIMING(17001): 583 0 -0.117199000
D/UDP-TIMING(17001): 584 0 -0.122347000
D/UDP-TIMING(17001): 585 0 -0.127523000
D/UDP-TIMING(17001): 586 0 -0.102730000
D/UDP-TIMING(17001): 587 0 -0.107865000
D/UDP-TIMING(17001): 588 0 -0.113038000
D/UDP-TIMING(17001): 589 0 -0.118219000
D/UDP-TIMING(17001): 590 0 -0.123402000
D/UDP-TIMING(17001): 591 0 -0.128503000
D/UDP-TIMING(17001): 592 0 -0.103473000
D/UDP-TIMING(17001): 593 0 -0.108656000
D/UDP-TIMING(17001): 594 0 -0.113833000
D/UDP-TIMING(17001): 595 0 -0.119010000
D/UDP-TIMING(17001): 596 0 -0.124189000
D/UDP-TIMING(17001): 597 0 -0.129334000
D/UDP-TIMING(17001): 598 0 -0.104755000
D/UDP-TIMING(17001): 599 0 -0.109938000
D/UDP-TIMING(17001): 600 0 -0.115087000
D/UDP-TIMING(17001): 601 0 -0.120266000
D/UDP-TIMING(17001): 602 0 -0.125437000
D/UDP-TIMING(17001): 603 0 -0.100416000
D/UDP-TIMING(17001): 604 0 -0.105516000
D/UDP-TIMING(17001): 605 0 -0.110642000
E/TrafficStats(16531): [QCTMM]tryAll index=0
E/TrafficStats(16531): [QCTMM]tryAll index=1
E/TrafficStats(16531): [QCTMM]tryAll index=2
E/TrafficStats(16531): [QCTMM]tryAll index=0
E/TrafficStats(16531): [QCTMM]tryAll index=1
E/TrafficStats(16531): [QCTMM]tryAll index=2
E/TrafficStats(16531): [QCTMM]tryAll index=0
E/TrafficStats(16531): [QCTMM]tryAll index=1
E/TrafficStats(16531): [QCTMM]tryAll index=2
E/TrafficStats(16531): [QCTMM]tryAll index=0
E/TrafficStats(16531): [QCTMM]tryAll index=1
E/TrafficStats(16531): [QCTMM]tryAll index=2
D/UDP-TIMING(17001): 606 0 -0.114176000
D/UDP-TIMING(17001): 607 0 -0.119310000
D/UDP-TIMING(17001): 608 0 -0.124475000
D/UDP-TIMING(17001): 609 0 -0.106471000
D/UDP-TIMING(17001): 610 0 -0.111580000
D/UDP-TIMING(17001): 611 0 -0.116808000
D/UDP-TIMING(17001): 612 0 -0.121962000
D/UDP-TIMING(17001): 613 0 -0.127254000
D/UDP-TIMING(17001): 614 0 -0.102211000
D/UDP-TIMING(17001): 615 0 -0.107374000
D/UDP-TIMING(17001): 616 0 -0.112516000
D/UDP-TIMING(17001): 617 0 -0.117646000
D/UDP-TIMING(17001): 618 0 -0.122837000
D/UDP-TIMING(17001): 619 0 -0.127967000
D/UDP-TIMING(17001): 620 0 -0.103495000
D/UDP-TIMING(17001): 621 0 -0.108625000
D/UDP-TIMING(17001): 622 0 -0.113813000
D/UDP-TIMING(17001): 623 0 -0.118991000
D/UDP-TIMING(17001): 624 0 -0.124187000
D/UDP-TIMING(17001): 625 0 -0.099044000
D/UDP-TIMING(17001): 626 0 -0.104220000
D/UDP-TIMING(17001): 627 0 -0.109350000
D/UDP-TIMING(17001): 628 0 -0.114512000
D/UDP-TIMING(17001): 629 0 -0.119705000
D/UDP-TIMING(17001): 630 0 -0.124898000
D/UDP-TIMING(17001): 631 0 -0.100282000
D/UDP-TIMING(17001): 632 0 -0.105439000
D/UDP-TIMING(17001): 633 0 -0.110613000
D/UDP-TIMING(17001): 634 0 -0.115805000
D/UDP-TIMING(17001): 635 0 -0.120998000
E/TrafficStats( 1673): [QCTMM]tryAll index=0
E/TrafficStats( 1673): [QCTMM]tryAll index=1
E/TrafficStats( 1673): [QCTMM]tryAll index=2
D/UDP-TIMING(17001): 636 0 -0.095684000
D/UDP-TIMING(17001): 637 0 -0.100818000
D/UDP-TIMING(17001): 638 0 -0.106011000
D/UDP-TIMING(17001): 639 0 -0.111174000
D/UDP-TIMING(17001): 640 0 -0.116363000
D/UDP-TIMING(17001): 641 0 -0.121558000
D/UDP-TIMING(17001): 642 0 -0.126789000
E/TrafficStats( 1673): [QCTMM]tryAll index=0
E/TrafficStats( 1673): [QCTMM]tryAll index=1
E/TrafficStats( 1673): [QCTMM]tryAll index=2
D/DATA    ( 1860): sentSinceLastRecv=0,watchdogTrigger=10,maxindex=0
D/UDP-TIMING(17001): 643 0 -0.101979000
D/UDP-TIMING(17001): 644 0 -0.107079000
D/UDP-TIMING(17001): 645 0 -0.112252000
D/UDP-TIMING(17001): 646 0 -0.117427000
D/UDP-TIMING(17001): 647 0 -0.122589000
D/UDP-TIMING(17001): 648 0 -0.097788000
D/UDP-TIMING(17001): 649 0 -0.102942000
D/UDP-TIMING(17001): 650 0 -0.108072000
D/UDP-TIMING(17001): 651 0 -0.113261000
D/UDP-TIMING(17001): 652 0 -0.118392000
D/UDP-TIMING(17001): 653 0 -0.123555000
D/UDP-TIMING(17001): 654 0 -0.128700000
D/UDP-TIMING(17001): 655 0 -0.104489000
D/UDP-TIMING(17001): 656 0 -0.109622000
D/UDP-TIMING(17001): 657 0 -0.114797000
D/UDP-TIMING(17001): 658 0 -0.119986000
D/UDP-TIMING(17001): 659 0 -0.125140000
D/UDP-TIMING(17001): 660 0 -0.099906000
D/UDP-TIMING(17001): 661 0 -0.105091000
D/UDP-TIMING(17001): 662 0 -0.110270000
D/UDP-TIMING(17001): 663 0 -0.115446000
D/UDP-TIMING(17001): 664 0 -0.120596000
E/TrafficStats(16531): [QCTMM]tryAll index=0
E/TrafficStats(16531): [QCTMM]tryAll index=1
E/TrafficStats(16531): [QCTMM]tryAll index=2
E/TrafficStats(16531): [QCTMM]tryAll index=0
E/TrafficStats(16531): [QCTMM]tryAll index=1
E/TrafficStats(16531): [QCTMM]tryAll index=2
D/UDP-TIMING(17001): 665 0 -0.095714000
D/UDP-TIMING(17001): 666 0 -0.100893000
D/UDP-TIMING(17001): 667 0 -0.106076000
D/UDP-TIMING(17001): 668 0 -0.111254000
D/UDP-TIMING(17001): 669 0 -0.116403000
D/UDP-TIMING(17001): 670 0 -0.121580000
D/UDP-TIMING(17001): 671 0 -0.126773000
E/TrafficStats(16531): [QCTMM]tryAll index=0
E/TrafficStats(16531): [QCTMM]tryAll index=1
E/TrafficStats(16531): [QCTMM]tryAll index=2
E/TrafficStats(16531): [QCTMM]tryAll index=0
E/TrafficStats(16531): [QCTMM]tryAll index=1
E/TrafficStats(16531): [QCTMM]tryAll index=2
D/UDP-TIMING(17001): 672 0 -0.102703000
D/UDP-TIMING(17001): 673 0 -0.107836000
D/UDP-TIMING(17001): 674 0 -0.083257000
D/UDP-TIMING(17001): 675 0 -0.088359000
D/UDP-TIMING(17001): 676 0 -0.093495000
D/UDP-TIMING(17001): 677 0 -0.098601000
D/UDP-TIMING(17001): 678 0 -0.103827000
D/UDP-TIMING(17001): 679 0 -0.109022000
D/UDP-TIMING(17001): 680 0 -0.114184000
