D/UDP-TIMING(17001): 2861 0 -0.099798000
D/UDP-TIMING(17001): 2862 0 -0.104997000
D/UDP-TIMING(17001): 2863 0 -0.110196000
D/UDP-TIMING(17001): 2864 0 -0.115396000
D/UDP-TIMING(17001): 2865 0 -0.120594000
D/UDP-TIMING(17001): 2866 0 -0.125765000
D/UDP-TIMING(17001): 2867 0 -0.100747000
D/UDP-TIMING(17001): 2868 0 -0.105942000
D/UDP-TIMING(17001): 2869 0 -0.111140000
D/UDP-TIMING(17001): 2870 0 -0.116337000
D/UDP-TIMING(17001): 2871 0 -0.121502000
D/UDP-TIMING(17001): 2872 0 -0.126700000
D/UDP-TIMING(17001): 2873 0 -0.102263000
D/UDP-TIMING(17001): 2874 0 -0.107425000
D/UDP-TIMING(17001): 2875 0 -0.112625000
D/UDP-TIMING(17001): 2876 0 -0.117822000
D/UDP-TIMING(17001): 2877 0 -0.123019000
D/UDP-TIMING(17001): 2878 0 -0.128218000
D/UDP-TIMING(17001): 2879 0 -0.103140000
D/UDP-TIMING(17001): 2880 0 -0.108306000
D/UDP-TIMING(17001): 2881 0 -0.113504000
D/UDP-TIMING(17001): 2882 0 -0.118702000
D/UDP-TIMING(17001): 2883 0 -0.123902000
D/UDP-TIMING(17001): 2884 0 -0.129099000
D/UDP-TIMING(17001): 2885 0 -0.104661000
D/UDP-TIMING(17001): 2886 0 -0.109831000
D/UDP-TIMING(17001): 2887 0 -0.115027000
D/UDP-TIMING(17001): 2888 0 -0.120225000
D/UDP-TIMING(17001): 2889 0 -0.125421000
D/UDP-TIMING(17001): 2890 0 -0.100225000
D/UDP-TIMING(17001): 2891 0 -0.105425000
D/UDP-TIMING(17001): 2892 0 -0.110621000
D/UDP-TIMING(17001): 2893 0 -0.115787000
D/UDP-TIMING(17001): 2894 0 -0.120984000
D/UDP-TIMING(17001): 2895 0 -0.126184000
D/UDP-TIMING(17001): 2896 0 -0.101782000
D/UDP-TIMING(17001): 2897 0 -0.106979000
D/UDP-TIMING(17001): 2898 0 -0.112175000
D/UDP-TIMING(17001): 2899 0 -0.117371000
D/UDP-TIMING(17001): 2900 0 -0.122567000
D/UDP-TIMING(17001): 2901 0 -0.127732000
D/UDP-TIMING(17001): 2902 0 -0.102928000
D/UDP-TIMING(17001): 2903 0 -0.108112000
D/UDP-TIMING(17001): 2904 0 -0.113279000
D/UDP-TIMING(17001): 2905 0 -0.118478000
D/UDP-TIMING(17001): 2906 0 -0.123675000
D/UDP-TIMING(17001): 2907 0 -0.128881000
D/UDP-TIMING(17001): 2908 0 -0.103833000
D/UDP-TIMING(17001): 2909 0 -0.109033000
D/UDP-TIMING(17001): 2910 0 -0.114230000
D/UDP-TIMING(17001): 2911 0 -0.119427000
D/UDP-TIMING(17001): 2912 0 -0.124623000
D/UDP-TIMING(17001): 2913 0 -0.129790000
D/UDP-TIMING(17001): 2914 0 -0.105354000
D/UDP-TIMING(17001): 2915 0 -0.110523000
D/UDP-TIMING(17001): 2916 0 -0.115723000
D/UDP-TIMING(17001): 2917 0 -0.120922000
D/UDP-TIMING(17001): 2918 0 -0.126119000
D/UDP-TIMING(17001): 2919 0 -0.101052000
D/UDP-TIMING(17001): 2920 0 -0.106245000
D/UDP-TIMING(17001): 2921 0 -0.111445000
D/UDP-TIMING(17001): 2922 0 -0.116641000
D/UDP-TIMING(17001): 2923 0 -0.121810000
D/UDP-TIMING(17001): 2924 0 -0.127016000
D/UDP-TIMING(17001): 2925 0 -0.102418000
D/UDP-TIMING(17001): 2926 0 -0.107522000
D/UDP-TIMING(17001): 2927 0 -0.112720000
D/UDP-TIMING(17001): 2928 0 -0.117914000
D/UDP-TIMING(17001): 2929 0 -0.125102000
D/UDP-TIMING(17001): 2930 0 -0.103109000
D/UDP-TIMING(17001): 2931 0 -0.108264000
D/UDP-TIMING(17001): 2932 0 -0.113463000
D/UDP-TIMING(17001): 2933 0 -0.118658000
D/UDP-TIMING(17001): 2934 0 -0.123854000
D/UDP-TIMING(17001): 2935 0 -0.129024000
D/UDP-TIMING(17001): 2936 0 -0.104458000
D/UDP-TIMING(17001): 2937 0 -0.109658000
D/UDP-TIMING(17001): 2938 0 -0.114858000
D/UDP-TIMING(17001): 2939 0 -0.120052000
D/UDP-TIMING(17001): 2940 0 -0.125252000
D/UDP-TIMING(17001): 2941 0 -0.100225000
D/UDP-TIMING(17001): 2942 0 -0.105421000
D/UDP-TIMING(17001): 2943 0 -0.110618000
D/UDP-TIMING(17001): 2944 0 -0.115787000
D/UDP-TIMING(17001): 2945 0 -0.121054000
D/UDP-TIMING(17001): 2946 0 -0.126255000
E/TrafficStats( 1673): [QCTMM]tryAll index=0
E/TrafficStats( 1673): [QCTMM]tryAll index=1
E/TrafficStats( 1673): [QCTMM]tryAll index=2
D/UDP-TIMING(17001): 2947 0 -0.101372000
D/UDP-TIMING(17001): 2948 0 -0.106569000
D/UDP-TIMING(17001): 2949 0 -0.111768000
D/UDP-TIMING(17001): 2950 0 -0.116963000
D/UDP-TIMING(17001): 2951 0 -0.122159000
D/UDP-TIMING(17001): 2952 0 -0.127324000
E/TrafficStats( 1673): [QCTMM]tryAll index=0
E/TrafficStats( 1673): [QCTMM]tryAll index=1
E/TrafficStats( 1673): [QCTMM]tryAll index=2
D/DATA    ( 1860): sentSinceLastRecv=0,watchdogTrigger=10,maxindex=0
D/UDP-TIMING(17001): 2953 0 -0.102676000
D/UDP-TIMING(17001): 2954 0 -0.107834000
D/UDP-TIMING(17001): 2955 0 -0.112999000
D/UDP-TIMING(17001): 2956 0 -0.118097000
D/UDP-TIMING(17001): 2957 0 -0.123296000
D/UDP-TIMING(17001): 2958 0 -0.128492000
D/UDP-TIMING(17001): 2959 0 -0.103934000
D/UDP-TIMING(17001): 2960 0 -0.109131000
D/UDP-TIMING(17001): 2961 0 -0.114296000
D/UDP-TIMING(17001): 2962 0 -0.119492000
D/UDP-TIMING(17001): 2963 0 -0.124688000
D/UDP-TIMING(17001): 2964 0 -0.099641000
D/UDP-TIMING(17001): 2965 0 -0.104842000
D/UDP-TIMING(17001): 2966 0 -0.110042000
D/UDP-TIMING(17001): 2967 0 -0.115237000
D/UDP-TIMING(17001): 2968 0 -0.120434000
D/UDP-TIMING(17001): 2969 0 -0.125600000
D/UDP-TIMING(17001): 2970 0 -0.101168000
D/UDP-TIMING(17001): 2971 0 -0.106364000
D/UDP-TIMING(17001): 2972 0 -0.111560000
D/UDP-TIMING(17001): 2973 0 -0.116756000
D/UDP-TIMING(17001): 2974 0 -0.121955000
D/UDP-TIMING(17001): 2975 0 -0.127124000
D/UDP-TIMING(17001): 2976 0 -0.101695000
D/UDP-TIMING(17001): 2977 0 -0.106893000
D/UDP-TIMING(17001): 2978 0 -0.112062000
D/UDP-TIMING(17001): 2979 0 -0.117259000
D/UDP-TIMING(17001): 2980 0 -0.122459000
D/UDP-TIMING(17001): 2981 0 -0.127658000
D/UDP-TIMING(17001): 2982 0 -0.103467000
D/UDP-TIMING(17001): 2983 0 -0.108663000
D/UDP-TIMING(17001): 2984 0 -0.113859000
D/UDP-TIMING(17001): 2985 0 -0.119028000
D/UDP-TIMING(17001): 2986 0 -0.124174000
D/UDP-TIMING(17001): 2987 0 -0.129391000
D/UDP-TIMING(17001): 2988 0 -0.104789000
D/UDP-TIMING(17001): 2989 0 -0.109977000
D/UDP-TIMING(17001): 2990 0 -0.115225000
D/UDP-TIMING(17001): 2991 0 -0.120460000
D/UDP-TIMING(17001): 2992 0 -0.125709000
D/UDP-TIMING(17001): 2993 0 -0.100928000
D/UDP-TIMING(17001): 2994 0 -0.106177000
D/UDP-TIMING(17001): 2995 0 -0.111429000
D/UDP-TIMING(17001): 2996 0 -0.116654000
D/UDP-TIMING(17001): 2997 0 -0.121907000
D/UDP-TIMING(17001): 2998 0 -0.127126000
D/UDP-TIMING(17001): 2999 0 -0.102453000
D/UDP-TIMING(17001): 3000 0 -0.107619000
D/UDP-TIMING(17001): 3001 0 -0.112869000
D/UDP-TIMING(17001): 3002 0 -0.118117000
D/UDP-TIMING(17001): 3003 0 -0.123345000
D/UDP-TIMING(17001): 3004 0 -0.128594000
D/UDP-TIMING(17001): 3005 0 -0.103600000
D/UDP-TIMING(17001): 3006 0 -0.108848000
D/UDP-TIMING(17001): 3007 0 -0.114100000
D/UDP-TIMING(17001): 3008 0 -0.119349000
D/UDP-TIMING(17001): 3009 0 -0.124600000
D/UDP-TIMING(17001): 3010 0 -0.100188000
D/UDP-TIMING(17001): 3011 0 -0.105436000
D/UDP-TIMING(17001): 3012 0 -0.110653000
D/UDP-TIMING(17001): 3013 0 -0.115905000
D/UDP-TIMING(17001): 3014 0 -0.121127000
D/UDP-TIMING(17001): 3015 0 -0.126362000
D/UDP-TIMING(17001): 3016 0 -0.101348000
D/UDP-TIMING(17001): 3017 0 -0.106598000
D/UDP-TIMING(17001): 3018 0 -0.111847000
D/UDP-TIMING(17001): 3019 0 -0.117106000
D/UDP-TIMING(17001): 3020 0 -0.122327000
D/UDP-TIMING(17001): 3021 0 -0.127563000
D/UDP-TIMING(17001): 3022 0 -0.103058000
D/UDP-TIMING(17001): 3023 0 -0.108288000
D/UDP-TIMING(17001): 3024 0 -0.113537000
D/UDP-TIMING(17001): 3025 0 -0.118788000
D/UDP-TIMING(17001): 3026 0 -0.124038000
D/UDP-TIMING(17001): 3027 0 -0.129286000
D/UDP-TIMING(17001): 3028 0 -0.104418000
D/UDP-TIMING(17001): 3029 0 -0.109640000
D/UDP-TIMING(17001): 3030 0 -0.125145000
D/UDP-TIMING(17001): 3031 0 -0.105495000
D/UDP-TIMING(17001): 3032 0 -0.110666000
D/UDP-TIMING(17001): 3033 0 -0.115918000
D/UDP-TIMING(17001): 3034 0 -0.121167000
D/UDP-TIMING(17001): 3035 0 -0.126402000
D/UDP-TIMING(17001): 3036 0 -0.101293000
D/UDP-TIMING(17001): 3037 0 -0.106432000
D/UDP-TIMING(17001): 3038 0 -0.111685000
D/UDP-TIMING(17001): 3039 0 -0.116937000
D/UDP-TIMING(17001): 3040 0 -0.122188000
D/UDP-TIMING(17001): 3041 0 -0.127460000
D/UDP-TIMING(17001): 3042 0 -0.103096000
D/UDP-TIMING(17001): 3043 0 -0.108317000
D/UDP-TIMING(17001): 3044 0 -0.113555000
D/UDP-TIMING(17001): 3045 0 -0.118791000
D/UDP-TIMING(17001): 3046 0 -0.124030000
E/TrafficStats( 1673): [QCTMM]tryAll index=0
E/TrafficStats( 1673): [QCTMM]tryAll index=1
E/TrafficStats( 1673): [QCTMM]tryAll index=2
E/TrafficStats( 1673): [QCTMM]tryAll index=0
E/TrafficStats( 1673): [QCTMM]tryAll index=1
E/TrafficStats( 1673): [QCTMM]tryAll index=2
D/DATA    ( 1860): sentSinceLastRecv=0,watchdogTrigger=10,maxindex=0
D/UDP-TIMING(17001): 3047 0 -0.098761000
D/UDP-TIMING(17001): 3048 0 -0.104013000
D/UDP-TIMING(17001): 3049 0 -0.109234000
D/UDP-TIMING(17001): 3050 0 -0.114483000
D/UDP-TIMING(17001): 3051 0 -0.119734000
D/UDP-TIMING(17001): 3052 0 -0.124986000
D/UDP-TIMING(17001): 3053 0 -0.100828000
D/UDP-TIMING(17001): 3054 0 -0.106072000
D/UDP-TIMING(17001): 3055 0 -0.111324000
D/UDP-TIMING(17001): 3056 0 -0.116568000
D/UDP-TIMING(17001): 3057 0 -0.121818000
D/UDP-TIMING(17001): 3058 0 -0.127037000
D/UDP-TIMING(17001): 3059 0 -0.102046000
D/UDP-TIMING(17001): 3060 0 -0.107231000
D/UDP-TIMING(17001): 3061 0 -0.112465000
D/UDP-TIMING(17001): 3062 0 -0.117714000
D/UDP-TIMING(17001): 3063 0 -0.122953000
D/UDP-TIMING(17001): 3064 0 -0.128174000
E/TrafficStats(16531): [QCTMM]tryAll index=0
E/TrafficStats(16531): [QCTMM]tryAll index=1
E/TrafficStats(16531): [QCTMM]tryAll index=2
E/TrafficStats(16531): [QCTMM]tryAll index=0
E/TrafficStats(16531): [QCTMM]tryAll index=1
E/TrafficStats(16531): [QCTMM]tryAll index=2
E/TrafficStats(16531): [QCTMM]tryAll index=0
E/TrafficStats(16531): [QCTMM]tryAll index=1
E/TrafficStats(16531): [QCTMM]tryAll index=2
D/UDP-TIMING(17001): 3065 0 -0.103241000
D/UDP-TIMING(17001): 3066 0 -0.108475000
D/UDP-TIMING(17001): 3067 0 -0.113726000
D/UDP-TIMING(17001): 3068 0 -0.118903000
D/UDP-TIMING(17001): 3069 0 -0.124139000
E/TrafficStats(16531): [QCTMM]tryAll index=0
E/TrafficStats(16531): [QCTMM]tryAll index=1
E/TrafficStats(16531): [QCTMM]tryAll index=2
D/UDP-TIMING(17001): 3070 0 -0.099525000
D/UDP-TIMING(17001): 3071 0 -0.104709000
D/UDP-TIMING(17001): 3072 0 -0.109925000
D/UDP-TIMING(17001): 3073 0 -0.115132000
D/UDP-TIMING(17001): 3074 0 -0.120349000
D/UDP-TIMING(17001): 3075 0 -0.125563000
D/UDP-TIMING(17001): 3076 0 -0.101727000
D/UDP-TIMING(17001): 3077 0 -0.106941000
D/UDP-TIMING(17001): 3078 0 -0.112158000
D/UDP-TIMING(17001): 3079 0 -0.117372000
D/UDP-TIMING(17001): 3080 0 -0.122556000
D/UDP-TIMING(17001): 3081 0 -0.127770000
D/UDP-TIMING(17001): 3082 0 -0.103018000
D/UDP-TIMING(17001): 3083 0 -0.108231000
D/UDP-TIMING(17001): 3084 0 -0.113448000
D/UDP-TIMING(17001): 3085 0 -0.118640000
D/UDP-TIMING(17001): 3086 0 -0.123851000
D/UDP-TIMING(17001): 3087 0 -0.129064000
D/UDP-TIMING(17001): 3088 0 -0.103364000
D/UDP-TIMING(17001): 3089 0 -0.108562000
D/UDP-TIMING(17001): 3090 0 -0.113776000
D/UDP-TIMING(17001): 3091 0 -0.118990000
D/UDP-TIMING(17001): 3092 0 -0.124214000
D/UDP-TIMING(17001): 3093 0 -0.099707000
D/UDP-TIMING(17001): 3094 0 -0.104921000
D/UDP-TIMING(17001): 3095 0 -0.110137000
D/UDP-TIMING(17001): 3096 0 -0.115341000
D/UDP-TIMING(17001): 3097 0 -0.120525000
D/UDP-TIMING(17001): 3098 0 -0.095376000
D/UDP-TIMING(17001): 3099 0 -0.100559000
D/UDP-TIMING(17001): 3100 0 -0.105765000
D/UDP-TIMING(17001): 3101 0 -0.110982000
D/UDP-TIMING(17001): 3102 0 -0.116195000
D/UDP-TIMING(17001): 3103 0 -0.121409000
D/UDP-TIMING(17001): 3104 0 -0.126622000
D/UDP-TIMING(17001): 3105 0 -0.102262000
D/UDP-TIMING(17001): 3106 0 -0.107429000
D/UDP-TIMING(17001): 3107 0 -0.112647000
D/UDP-TIMING(17001): 3108 0 -0.117861000
D/UDP-TIMING(17001): 3109 0 -0.123075000
D/UDP-TIMING(17001): 3110 0 -0.128317000
D/UDP-TIMING(17001): 3111 0 -0.103288000
D/UDP-TIMING(17001): 3112 0 -0.108488000
D/UDP-TIMING(17001): 3113 0 -0.113702000
D/UDP-TIMING(17001): 3114 0 -0.118919000
D/UDP-TIMING(17001): 3115 0 -0.094428000
D/UDP-TIMING(17001): 3116 0 -0.099613000
D/UDP-TIMING(17001): 3117 0 -0.104828000
D/UDP-TIMING(17001): 3118 0 -0.110043000
D/UDP-TIMING(17001): 3119 0 -0.115241000
D/UDP-TIMING(17001): 3120 0 -0.120447000
D/UDP-TIMING(17001): 3121 0 -0.125630000
D/UDP-TIMING(17001): 3122 0 -0.100551000
D/UDP-TIMING(17001): 3123 0 -0.105765000
D/UDP-TIMING(17001): 3124 0 -0.110968000
D/UDP-TIMING(17001): 3125 0 -0.116141000
D/UDP-TIMING(17001): 3126 0 -0.121355000
D/UDP-TIMING(17001): 3127 0 -0.126568000
D/UDP-TIMING(17001): 3128 0 -0.102231000
D/UDP-TIMING(17001): 3129 0 -0.107396000
D/UDP-TIMING(17001): 3130 0 -0.112596000
D/Database(16531): dbopen(): path = /data/data/com.onavo.android.onavoid/databases/ui_events, flag = 6, file size = 14044160
D/Database(16531): dbopen(): path = /data/data/com.onavo.android.onavoid/databases/ui_events, mode: wal, disk free size: 2000 M, handle: 0x378018
D/Database(16531): dbclose(): path = /data/data/com.onavo.android.onavoid/databases/ui_events, handle = 0x378018
D/dalvikvm(16531): GC_CONCURRENT freed 437K, 51% free 3299K/6599K, external 0K/0K, paused 6ms+3ms
D/UDP-TIMING(17001): 3131 0 -0.127997000
D/UDP-TIMING(17001): 3132 0 -0.107849000
D/UDP-TIMING(17001): 3133 0 -0.113020000
D/UDP-TIMING(17001): 3134 0 -0.118237000
D/UDP-TIMING(17001): 3135 0 -0.123436000
D/UDP-TIMING(17001): 3136 0 -0.128621000
D/UDP-TIMING(17001): 3137 0 -0.104065000
D/UDP-TIMING(17001): 3138 0 -0.109257000
D/UDP-TIMING(17001): 3139 0 -0.114475000
D/UDP-TIMING(17001): 3140 0 -0.119693000
D/UDP-TIMING(17001): 3141 0 -0.124910000
D/UDP-TIMING(17001): 3142 0 -0.099888000
D/UDP-TIMING(17001): 3143 0 -0.105108000
D/UDP-TIMING(17001): 3144 0 -0.110325000
D/UDP-TIMING(17001): 3145 0 -0.115541000
D/UDP-TIMING(17001): 3146 0 -0.120727000
D/UDP-TIMING(17001): 3147 0 -0.125926000
E/TrafficStats( 1673): [QCTMM]tryAll index=0
E/TrafficStats( 1673): [QCTMM]tryAll index=1
E/TrafficStats( 1673): [QCTMM]tryAll index=2
E/TrafficStats( 1673): [QCTMM]tryAll index=0
E/TrafficStats( 1673): [QCTMM]tryAll index=1
E/TrafficStats( 1673): [QCTMM]tryAll index=2
D/UDP-TIMING(17001): 3148 0 -0.100948000
D/UDP-TIMING(17001): 3149 0 -0.106148000
D/UDP-TIMING(17001): 3150 0 -0.111365000
D/UDP-TIMING(17001): 3151 0 -0.116582000
D/UDP-TIMING(17001): 3152 0 -0.121801000
D/UDP-TIMING(17001): 3153 0 -0.127017000
D/DATA    ( 1860): sentSinceLastRecv=0,watchdogTrigger=10,maxindex=0
D/UDP-TIMING(17001): 3154 0 -0.102409000
D/UDP-TIMING(17001): 3155 0 -0.107602000
D/UDP-TIMING(17001): 3156 0 -0.112822000
D/UDP-TIMING(17001): 3157 0 -0.117976000
D/UDP-TIMING(17001): 3158 0 -0.123158000
D/UDP-TIMING(17001): 3159 0 -0.128373000
D/UDP-TIMING(17001): 3160 0 -0.103954000
D/UDP-TIMING(17001): 3161 0 -0.109138000
D/UDP-TIMING(17001): 3162 0 -0.114352000
D/UDP-TIMING(17001): 3163 0 -0.119549000
D/UDP-TIMING(17001): 3164 0 -0.124763000
D/UDP-TIMING(17001): 3165 0 -0.099612000
D/UDP-TIMING(17001): 3166 0 -0.104830000
D/UDP-TIMING(17001): 3167 0 -0.110047000
D/UDP-TIMING(17001): 3168 0 -0.115264000
D/UDP-TIMING(17001): 3169 0 -0.120480000
D/UDP-TIMING(17001): 3170 0 -0.125663000
D/UDP-TIMING(17001): 3171 0 -0.101264000
D/UDP-TIMING(17001): 3172 0 -0.106466000
D/UDP-TIMING(17001): 3173 0 -0.111681000
D/UDP-TIMING(17001): 3174 0 -0.116880000
D/UDP-TIMING(17001): 3175 0 -0.122078000
D/UDP-TIMING(17001): 3176 0 -0.097208000
D/UDP-TIMING(17001): 3177 0 -0.102408000
D/UDP-TIMING(17001): 3178 0 -0.107623000
D/UDP-TIMING(17001): 3179 0 -0.112837000
D/UDP-TIMING(17001): 3180 0 -0.118051000
D/UDP-TIMING(17001): 3181 0 -0.123233000
D/UDP-TIMING(17001): 3182 0 -0.128458000
D/UDP-TIMING(17001): 3183 0 -0.103506000
D/UDP-TIMING(17001): 3184 0 -0.108721000
D/UDP-TIMING(17001): 3185 0 -0.113937000
D/UDP-TIMING(17001): 3186 0 -0.119114000
D/UDP-TIMING(17001): 3187 0 -0.124328000
D/UDP-TIMING(17001): 3188 0 -0.099866000
D/UDP-TIMING(17001): 3189 0 -0.105036000
D/UDP-TIMING(17001): 3190 0 -0.110248000
D/UDP-TIMING(17001): 3191 0 -0.115466000
D/UDP-TIMING(17001): 3192 0 -0.120679000
D/UDP-TIMING(17001): 3193 0 -0.125931000
D/UDP-TIMING(17001): 3194 0 -0.100796000
D/UDP-TIMING(17001): 3195 0 -0.106023000
D/UDP-TIMING(17001): 3196 0 -0.111250000
D/UDP-TIMING(17001): 3197 0 -0.116499000
D/UDP-TIMING(17001): 3198 0 -0.121748000
D/UDP-TIMING(17001): 3199 0 -0.127000000
D/UDP-TIMING(17001): 3200 0 -0.102581000
D/UDP-TIMING(17001): 3201 0 -0.107689000
D/UDP-TIMING(17001): 3202 0 -0.112937000
D/UDP-TIMING(17001): 3203 0 -0.118064000
D/UDP-TIMING(17001): 3204 0 -0.123294000
D/UDP-TIMING(17001): 3205 0 -0.128508000
D/UDP-TIMING(17001): 3206 0 -0.103511000
D/UDP-TIMING(17001): 3207 0 -0.108746000
D/UDP-TIMING(17001): 3208 0 -0.113985000
D/UDP-TIMING(17001): 3209 0 -0.119222000
D/UDP-TIMING(17001): 3210 0 -0.124458000
D/UDP-TIMING(17001): 3211 0 -0.099987000
D/UDP-TIMING(17001): 3212 0 -0.105236000
D/UDP-TIMING(17001): 3213 0 -0.110488000
D/UDP-TIMING(17001): 3214 0 -0.115737000
D/UDP-TIMING(17001): 3215 0 -0.120989000
D/UDP-TIMING(17001): 3216 0 -0.126211000
D/UDP-TIMING(17001): 3217 0 -0.101209000
D/UDP-TIMING(17001): 3218 0 -0.106457000
D/UDP-TIMING(17001): 3219 0 -0.111714000
D/UDP-TIMING(17001): 3220 0 -0.116966000
D/UDP-TIMING(17001): 3221 0 -0.122218000
D/UDP-TIMING(17001): 3222 0 -0.127440000
D/UDP-TIMING(17001): 3223 0 -0.102934000
D/UDP-TIMING(17001): 3224 0 -0.108142000
D/UDP-TIMING(17001): 3225 0 -0.113378000
D/UDP-TIMING(17001): 3226 0 -0.118615000
D/UDP-TIMING(17001): 3227 0 -0.123864000
D/UDP-TIMING(17001): 3228 0 -0.129113000
D/UDP-TIMING(17001): 3229 0 -0.104150000
D/UDP-TIMING(17001): 3230 0 -0.109371000
D/UDP-TIMING(17001): 3231 0 -0.114623000
D/UDP-TIMING(17001): 3232 0 -0.122854000
D/UDP-TIMING(17001): 3233 0 -0.126769000
D/UDP-TIMING(17001): 3234 0 -0.115196000
D/UDP-TIMING(17001): 3235 0 -0.120389000
D/UDP-TIMING(17001): 3236 0 -0.125598000
D/UDP-TIMING(17001): 3237 0 -0.100909000
D/UDP-TIMING(17001): 3238 0 -0.106148000
D/UDP-TIMING(17001): 3239 0 -0.111338000
D/UDP-TIMING(17001): 3240 0 -0.116527000
D/UDP-TIMING(17001): 3241 0 -0.121676000
D/UDP-TIMING(17001): 3242 0 -0.126826000
D/UDP-TIMING(17001): 3243 0 -0.102412000
D/UDP-TIMING(17001): 3244 0 -0.107603000
D/UDP-TIMING(17001): 3245 0 -0.112846000
D/UDP-TIMING(17001): 3246 0 -0.118090000
D/UDP-TIMING(17001): 3247 0 -0.123322000
D/UDP-TIMING(17001): 3248 0 -0.128515000
E/TrafficStats( 1673): [QCTMM]tryAll index=0
E/TrafficStats( 1673): [QCTMM]tryAll index=1
E/TrafficStats( 1673): [QCTMM]tryAll index=2
E/TrafficStats( 1673): [QCTMM]tryAll index=0
E/TrafficStats( 1673): [QCTMM]tryAll index=1
E/TrafficStats( 1673): [QCTMM]tryAll index=2
D/UDP-TIMING(17001): 3249 0 -0.103455000
D/UDP-TIMING(17001): 3250 0 -0.108698000
D/UDP-TIMING(17001): 3251 0 -0.113890000
D/UDP-TIMING(17001): 3252 0 -0.119114000
D/UDP-TIMING(17001): 3253 0 -0.124352000
D/DATA    ( 1860): sentSinceLastRecv=0,watchdogTrigger=10,maxindex=0
D/UDP-TIMING(17001): 3254 0 -0.099935000
D/UDP-TIMING(17001): 3255 0 -0.105179000
D/UDP-TIMING(17001): 3256 0 -0.110453000
D/UDP-TIMING(17001): 3257 0 -0.115698000
D/UDP-TIMING(17001): 3258 0 -0.120945000
D/UDP-TIMING(17001): 3259 0 -0.126160000
D/UDP-TIMING(17001): 3260 0 -0.101405000
D/UDP-TIMING(17001): 3261 0 -0.106663000
D/UDP-TIMING(17001): 3262 0 -0.111912000
D/UDP-TIMING(17001): 3263 0 -0.117156000
D/UDP-TIMING(17001): 3264 0 -0.122403000
D/UDP-TIMING(17001): 3265 0 -0.127616000
D/UDP-TIMING(17001): 3266 0 -0.102586000
D/UDP-TIMING(17001): 3267 0 -0.107787000
D/UDP-TIMING(17001): 3268 0 -0.113030000
D/UDP-TIMING(17001): 3269 0 -0.118278000
D/UDP-TIMING(17001): 3270 0 -0.123521000
D/UDP-TIMING(17001): 3271 0 -0.128765000
D/UDP-TIMING(17001): 3272 0 -0.104376000
D/UDP-TIMING(17001): 3273 0 -0.109594000
D/UDP-TIMING(17001): 3274 0 -0.114838000
D/UDP-TIMING(17001): 3275 0 -0.120082000
D/UDP-TIMING(17001): 3276 0 -0.125335000
D/UDP-TIMING(17001): 3277 0 -0.100339000
D/UDP-TIMING(17001): 3278 0 -0.105586000
D/UDP-TIMING(17001): 3279 0 -0.110832000
D/UDP-TIMING(17001): 3280 0 -0.116051000
D/UDP-TIMING(17001): 3281 0 -0.121285000
D/UDP-TIMING(17001): 3282 0 -0.126528000
D/UDP-TIMING(17001): 3283 0 -0.102081000
D/UDP-TIMING(17001): 3284 0 -0.107409000
D/UDP-TIMING(17001): 3285 0 -0.112664000
D/UDP-TIMING(17001): 3286 0 -0.117908000
D/UDP-TIMING(17001): 3287 0 -0.123154000
D/UDP-TIMING(17001): 3288 0 -0.098062000
D/UDP-TIMING(17001): 3289 0 -0.103305000
D/UDP-TIMING(17001): 3290 0 -0.108549000
D/UDP-TIMING(17001): 3291 0 -0.113792000
D/UDP-TIMING(17001): 3292 0 -0.119039000
D/UDP-TIMING(17001): 3293 0 -0.124253000
D/UDP-TIMING(17001): 3294 0 -0.099773000
D/UDP-TIMING(17001): 3295 0 -0.105017000
D/UDP-TIMING(17001): 3296 0 -0.110260000
D/UDP-TIMING(17001): 3297 0 -0.115491000
D/UDP-TIMING(17001): 3298 0 -0.120735000
D/UDP-TIMING(17001): 3299 0 -0.125949000
D/UDP-TIMING(17001): 3300 0 -0.101014000
D/UDP-TIMING(17001): 3301 0 -0.106261000
D/UDP-TIMING(17001): 3302 0 -0.111507000
D/UDP-TIMING(17001): 3303 0 -0.116751000
D/UDP-TIMING(17001): 3304 0 -0.121969000
D/UDP-TIMING(17001): 3305 0 -0.127217000
D/UDP-TIMING(17001): 3306 0 -0.102736000
D/UDP-TIMING(17001): 3307 0 -0.107955000
D/UDP-TIMING(17001): 3308 0 -0.113205000
D/UDP-TIMING(17001): 3309 0 -0.118452000
D/UDP-TIMING(17001): 3310 0 -0.123695000
D/UDP-TIMING(17001): 3311 0 -0.128938000
D/UDP-TIMING(17001): 3312 0 -0.103791000
D/UDP-TIMING(17001): 3313 0 -0.108988000
D/UDP-TIMING(17001): 3314 0 -0.114231000
D/UDP-TIMING(17001): 3315 0 -0.119475000
D/UDP-TIMING(17001): 3316 0 -0.124773000
D/UDP-TIMING(17001): 3317 0 -0.100507000
D/UDP-TIMING(17001): 3318 0 -0.105751000
D/UDP-TIMING(17001): 3319 0 -0.110997000
D/UDP-TIMING(17001): 3320 0 -0.116240000
D/UDP-TIMING(17001): 3321 0 -0.121487000
D/UDP-TIMING(17001): 3322 0 -0.126700000
D/UDP-TIMING(17001): 3323 0 -0.101704000
D/UDP-TIMING(17001): 3324 0 -0.106917000
D/UDP-TIMING(17001): 3325 0 -0.112161000
D/UDP-TIMING(17001): 3326 0 -0.117387000
D/UDP-TIMING(17001): 3327 0 -0.122629000
D/UDP-TIMING(17001): 3328 0 -0.127843000
D/UDP-TIMING(17001): 3329 0 -0.103366000
D/UDP-TIMING(17001): 3330 0 -0.108604000
D/UDP-TIMING(17001): 3331 0 -0.113848000
D/UDP-TIMING(17001): 3332 0 -0.119092000
D/UDP-TIMING(17001): 3333 0 -0.125289000
D/UDP-TIMING(17001): 3334 0 -0.104386000
D/UDP-TIMING(17001): 3335 0 -0.109562000
D/UDP-TIMING(17001): 3336 0 -0.114801000
D/UDP-TIMING(17001): 3337 0 -0.120053000
D/UDP-TIMING(17001): 3338 0 -0.125305000
D/UDP-TIMING(17001): 3339 0 -0.100709000
D/UDP-TIMING(17001): 3340 0 -0.105863000
D/UDP-TIMING(17001): 3341 0 -0.111112000
D/UDP-TIMING(17001): 3342 0 -0.116355000
D/UDP-TIMING(17001): 3343 0 -0.121598000
D/UDP-TIMING(17001): 3344 0 -0.126854000
E/TrafficStats( 1673): [QCTMM]tryAll index=0
E/TrafficStats( 1673): [QCTMM]tryAll index=1
E/TrafficStats( 1673): [QCTMM]tryAll index=2
E/TrafficStats( 1673): [QCTMM]tryAll index=0
E/TrafficStats( 1673): [QCTMM]tryAll index=1
E/TrafficStats( 1673): [QCTMM]tryAll index=2
D/DATA    ( 1860): sentSinceLastRecv=0,watchdogTrigger=10,maxindex=0
D/UDP-TIMING(17001): 3345 0 -0.101858000
D/UDP-TIMING(17001): 3346 0 -0.107143000
D/UDP-TIMING(17001): 3347 0 -0.112386000
D/UDP-TIMING(17001): 3348 0 -0.117630000
D/UDP-TIMING(17001): 3349 0 -0.122876000
D/UDP-TIMING(17001): 3350 0 -0.128034000
D/UDP-TIMING(17001): 3351 0 -0.103096000
D/UDP-TIMING(17001): 3352 0 -0.108343000
D/UDP-TIMING(17001): 3353 0 -0.113586000
D/UDP-TIMING(17001): 3354 0 -0.118839000
D/UDP-TIMING(17001): 3355 0 -0.124067000
D/UDP-TIMING(17001): 3356 0 -0.129316000
D/UDP-TIMING(17001): 3357 0 -0.105084000
D/UDP-TIMING(17001): 3358 0 -0.110239000
D/UDP-TIMING(17001): 3359 0 -0.115393000
D/UDP-TIMING(17001): 3360 0 -0.120640000
D/UDP-TIMING(17001): 3361 0 -0.125885000
D/UDP-TIMING(17001): 3362 0 -0.101466000
D/UDP-TIMING(17001): 3363 0 -0.106709000
D/UDP-TIMING(17001): 3364 0 -0.111956000
D/UDP-TIMING(17001): 3365 0 -0.117200000
D/UDP-TIMING(17001): 3366 0 -0.122445000
D/UDP-TIMING(17001): 3367 0 -0.127659000
D/UDP-TIMING(17001): 3368 0 -0.102538000
D/UDP-TIMING(17001): 3369 0 -0.107781000
D/UDP-TIMING(17001): 3370 0 -0.113027000
D/UDP-TIMING(17001): 3371 0 -0.118269000
D/UDP-TIMING(17001): 3372 0 -0.123522000
D/UDP-TIMING(17001): 3373 0 -0.128775000
D/UDP-TIMING(17001): 3374 0 -0.103837000
D/UDP-TIMING(17001): 3375 0 -0.109140000
D/UDP-TIMING(17001): 3376 0 -0.114357000
D/UDP-TIMING(17001): 3377 0 -0.119601000
D/UDP-TIMING(17001): 3378 0 -0.124844000
D/UDP-TIMING(17001): 3379 0 -0.129080000
D/UDP-TIMING(17001): 3380 0 -0.105607000
D/UDP-TIMING(17001): 3381 0 -0.110824000
D/UDP-TIMING(17001): 3382 0 -0.116067000
D/UDP-TIMING(17001): 3383 0 -0.121313000
D/UDP-TIMING(17001): 3384 0 -0.126558000
D/UDP-TIMING(17001): 3385 0 -0.101623000
D/UDP-TIMING(17001): 3386 0 -0.106835000
D/UDP-TIMING(17001): 3387 0 -0.112082000
D/UDP-TIMING(17001): 3388 0 -0.117307000
D/UDP-TIMING(17001): 3389 0 -0.122551000
D/UDP-TIMING(17001): 3390 0 -0.127781000
D/UDP-TIMING(17001): 3391 0 -0.103274000
D/UDP-TIMING(17001): 3392 0 -0.108472000
D/UDP-TIMING(17001): 3393 0 -0.113669000
D/UDP-TIMING(17001): 3394 0 -0.118864000
D/UDP-TIMING(17001): 3395 0 -0.093787000
D/UDP-TIMING(17001): 3396 0 -0.099001000
D/UDP-TIMING(17001): 3397 0 -0.104219000
D/UDP-TIMING(17001): 3398 0 -0.109435000
D/UDP-TIMING(17001): 3399 0 -0.114657000
D/UDP-TIMING(17001): 3400 0 -0.119894000
D/UDP-TIMING(17001): 3401 0 -0.095482000
D/UDP-TIMING(17001): 3402 0 -0.100734000
D/UDP-TIMING(17001): 3403 0 -0.105952000
D/UDP-TIMING(17001): 3404 0 -0.111205000
D/UDP-TIMING(17001): 3405 0 -0.116456000
D/UDP-TIMING(17001): 3406 0 -0.121691000
D/UDP-TIMING(17001): 3407 0 -0.126927000
D/UDP-TIMING(17001): 3408 0 -0.101766000
D/UDP-TIMING(17001): 3409 0 -0.107029000
D/UDP-TIMING(17001): 3410 0 -0.112277000
D/UDP-TIMING(17001): 3411 0 -0.117525000
D/UDP-TIMING(17001): 3412 0 -0.122744000
D/UDP-TIMING(17001): 3413 0 -0.127921000
D/UDP-TIMING(17001): 3414 0 -0.103629000
D/UDP-TIMING(17001): 3415 0 -0.108821000
D/UDP-TIMING(17001): 3416 0 -0.114069000
D/UDP-TIMING(17001): 3417 0 -0.119331000
D/UDP-TIMING(17001): 3418 0 -0.124590000
D/UDP-TIMING(17001): 3419 0 -0.099613000
D/UDP-TIMING(17001): 3420 0 -0.104830000
D/UDP-TIMING(17001): 3421 0 -0.110036000
D/UDP-TIMING(17001): 3422 0 -0.115288000
D/UDP-TIMING(17001): 3423 0 -0.120508000
D/UDP-TIMING(17001): 3424 0 -0.125746000
D/UDP-TIMING(17001): 3425 0 -0.101304000
D/UDP-TIMING(17001): 3426 0 -0.106556000
D/UDP-TIMING(17001): 3427 0 -0.111805000
D/UDP-TIMING(17001): 3428 0 -0.117054000
D/UDP-TIMING(17001): 3429 0 -0.092307000
D/UDP-TIMING(17001): 3430 0 -0.097529000
D/UDP-TIMING(17001): 3431 0 -0.102747000
D/UDP-TIMING(17001): 3432 0 -0.107992000
D/UDP-TIMING(17001): 3433 0 -0.113208000
D/UDP-TIMING(17001): 3434 0 -0.125470000
D/UDP-TIMING(17001): 3435 0 -0.108680000
D/UDP-TIMING(17001): 3436 0 -0.113810000
D/UDP-TIMING(17001): 3437 0 -0.119058000
D/UDP-TIMING(17001): 3438 0 -0.124302000
D/UDP-TIMING(17001): 3439 0 -0.129545000
D/UDP-TIMING(17001): 3440 0 -0.104780000
D/UDP-TIMING(17001): 3441 0 -0.109973000
D/UDP-TIMING(17001): 3442 0 -0.115173000
D/UDP-TIMING(17001): 3443 0 -0.120373000
E/TrafficStats( 1673): [QCTMM]tryAll index=0
E/TrafficStats( 1673): [QCTMM]tryAll index=1
E/TrafficStats( 1673): [QCTMM]tryAll index=2
E/TrafficStats( 1673): [QCTMM]tryAll index=0
E/TrafficStats( 1673): [QCTMM]tryAll index=1
E/TrafficStats( 1673): [QCTMM]tryAll index=2
D/DATA    ( 1860): sentSinceLastRecv=0,watchdogTrigger=10,maxindex=0
D/UDP-TIMING(17001): 3444 0 -0.095297000
D/UDP-TIMING(17001): 3445 0 -0.100544000
D/UDP-TIMING(17001): 3446 0 -0.105788000
D/UDP-TIMING(17001): 3447 0 -0.111040000
D/UDP-TIMING(17001): 3448 0 -0.116258000
D/UDP-TIMING(17001): 3449 0 -0.121505000
D/UDP-TIMING(17001): 3450 0 -0.126749000
D/UDP-TIMING(17001): 3451 0 -0.101936000
D/UDP-TIMING(17001): 3452 0 -0.107194000
D/UDP-TIMING(17001): 3453 0 -0.112446000
D/UDP-TIMING(17001): 3454 0 -0.117690000
D/UDP-TIMING(17001): 3455 0 -0.122907000
D/UDP-TIMING(17001): 3456 0 -0.128137000
D/UDP-TIMING(17001): 3457 0 -0.103568000
D/UDP-TIMING(17001): 3458 0 -0.108800000
D/UDP-TIMING(17001): 3459 0 -0.114036000
D/UDP-TIMING(17001): 3460 0 -0.119279000
D/UDP-TIMING(17001): 3461 0 -0.124493000
D/UDP-TIMING(17001): 3462 0 -0.100012000
D/UDP-TIMING(17001): 3463 0 -0.105259000
D/UDP-TIMING(17001): 3464 0 -0.110478000
D/UDP-TIMING(17001): 3465 0 -0.115721000
D/UDP-TIMING(17001): 3466 0 -0.120966000
D/UDP-TIMING(17001): 3467 0 -0.126219000
D/UDP-TIMING(17001): 3468 0 -0.100979000
D/UDP-TIMING(17001): 3469 0 -0.106222000
D/UDP-TIMING(17001): 3470 0 -0.111441000
D/UDP-TIMING(17001): 3471 0 -0.116684000
D/UDP-TIMING(17001): 3472 0 -0.121937000
D/UDP-TIMING(17001): 3473 0 -0.127181000
D/UDP-TIMING(17001): 3474 0 -0.103009000
D/UDP-TIMING(17001): 3475 0 -0.108186000
D/UDP-TIMING(17001): 3476 0 -0.113428000
D/UDP-TIMING(17001): 3477 0 -0.118645000
D/UDP-TIMING(17001): 3478 0 -0.123888000
D/UDP-TIMING(17001): 3479 0 -0.129133000
D/UDP-TIMING(17001): 3480 0 -0.104041000
D/UDP-TIMING(17001): 3481 0 -0.109288000
D/UDP-TIMING(17001): 3482 0 -0.114531000
D/UDP-TIMING(17001): 3483 0 -0.119775000
D/UDP-TIMING(17001): 3484 0 -0.124988000
D/UDP-TIMING(17001): 3485 0 -0.100573000
D/UDP-TIMING(17001): 3486 0 -0.105817000
D/UDP-TIMING(17001): 3487 0 -0.111064000
D/UDP-TIMING(17001): 3488 0 -0.116315000
D/UDP-TIMING(17001): 3489 0 -0.121568000
D/UDP-TIMING(17001): 3490 0 -0.126780000
D/UDP-TIMING(17001): 3491 0 -0.101737000
D/UDP-TIMING(17001): 3492 0 -0.106936000
D/UDP-TIMING(17001): 3493 0 -0.112110000
D/UDP-TIMING(17001): 3494 0 -0.117309000
D/UDP-TIMING(17001): 3495 0 -0.122461000
D/UDP-TIMING(17001): 3496 0 -0.127680000
D/UDP-TIMING(17001): 3497 0 -0.103230000
D/UDP-TIMING(17001): 3498 0 -0.108477000
D/UDP-TIMING(17001): 3499 0 -0.113720000
D/UDP-TIMING(17001): 3500 0 -0.118966000
D/UDP-TIMING(17001): 3501 0 -0.124213000
D/UDP-TIMING(17001): 3502 0 -0.129430000
D/UDP-TIMING(17001): 3503 0 -0.104497000
D/UDP-TIMING(17001): 3504 0 -0.109712000
D/UDP-TIMING(17001): 3505 0 -0.114961000
D/UDP-TIMING(17001): 3506 0 -0.120208000
D/UDP-TIMING(17001): 3507 0 -0.125452000
D/UDP-TIMING(17001): 3508 0 -0.100789000
D/UDP-TIMING(17001): 3509 0 -0.106036000
D/UDP-TIMING(17001): 3510 0 -0.111288000
D/UDP-TIMING(17001): 3511 0 -0.116502000
D/UDP-TIMING(17001): 3512 0 -0.121749000
D/UDP-TIMING(17001): 3513 0 -0.126993000
D/UDP-TIMING(17001): 3514 0 -0.102487000
D/UDP-TIMING(17001): 3515 0 -0.107717000
D/UDP-TIMING(17001): 3516 0 -0.112964000
D/UDP-TIMING(17001): 3517 0 -0.118208000
D/UDP-TIMING(17001): 3518 0 -0.093122000
D/UDP-TIMING(17001): 3519 0 -0.098366000
D/UDP-TIMING(17001): 3520 0 -0.103609000
D/UDP-TIMING(17001): 3521 0 -0.108858000
D/UDP-TIMING(17001): 3522 0 -0.114100000
D/UDP-TIMING(17001): 3523 0 -0.119346000
D/UDP-TIMING(17001): 3524 0 -0.124589000
D/UDP-TIMING(17001): 3525 0 -0.100235000
D/UDP-TIMING(17001): 3526 0 -0.105450000
D/UDP-TIMING(17001): 3527 0 -0.110696000
D/UDP-TIMING(17001): 3528 0 -0.115941000
D/UDP-TIMING(17001): 3529 0 -0.121185000
D/UDP-TIMING(17001): 3530 0 -0.126429000
D/UDP-TIMING(17001): 3531 0 -0.101403000
D/UDP-TIMING(17001): 3532 0 -0.106649000
D/UDP-TIMING(17001): 3533 0 -0.111862000
D/UDP-TIMING(17001): 3534 0 -0.117124000
D/UDP-TIMING(17001): 3535 0 -0.123868000
D/UDP-TIMING(17001): 3536 0 -0.127679000
D/UDP-TIMING(17001): 3537 0 -0.108152000
D/UDP-TIMING(17001): 3538 0 -0.113400000
D/UDP-TIMING(17001): 3539 0 -0.118644000
D/UDP-TIMING(17001): 3540 0 -0.123889000
D/UDP-TIMING(17001): 3541 0 -0.129000000
E/TrafficStats( 1673): [QCTMM]tryAll index=0
E/TrafficStats( 1673): [QCTMM]tryAll index=1
E/TrafficStats( 1673): [QCTMM]tryAll index=2
D/UDP-TIMING(17001): 3542 0 -0.103826000
D/UDP-TIMING(17001): 3543 0 -0.109073000
D/UDP-TIMING(17001): 3544 0 -0.114317000
D/UDP-TIMING(17001): 3545 0 -0.119562000
D/UDP-TIMING(17001): 3546 0 -0.124779000
E/TrafficStats( 1673): [QCTMM]tryAll index=0
E/TrafficStats( 1673): [QCTMM]tryAll index=1
E/TrafficStats( 1673): [QCTMM]tryAll index=2
D/DATA    ( 1860): sentSinceLastRecv=0,watchdogTrigger=10,maxindex=0
D/UDP-TIMING(17001): 3547 0 -0.099912000
D/UDP-TIMING(17001): 3548 0 -0.105129000
D/UDP-TIMING(17001): 3549 0 -0.110378000
D/UDP-TIMING(17001): 3550 0 -0.115623000
D/UDP-TIMING(17001): 3551 0 -0.120914000
D/UDP-TIMING(17001): 3552 0 -0.126148000
D/UDP-TIMING(17001): 3553 0 -0.101577000
D/UDP-TIMING(17001): 3554 0 -0.106824000
D/UDP-TIMING(17001): 3555 0 -0.112109000
D/UDP-TIMING(17001): 3556 0 -0.117353000
D/UDP-TIMING(17001): 3557 0 -0.122553000
D/UDP-TIMING(17001): 3558 0 -0.127860000
D/UDP-TIMING(17001): 3559 0 -0.103464000
D/UDP-TIMING(17001): 3560 0 -0.108711000
D/UDP-TIMING(17001): 3561 0 -0.113925000
D/UDP-TIMING(17001): 3562 0 -0.119169000
D/UDP-TIMING(17001): 3563 0 -0.124417000
D/UDP-TIMING(17001): 3564 0 -0.099234000
D/UDP-TIMING(17001): 3565 0 -0.104478000
D/UDP-TIMING(17001): 3566 0 -0.109725000
D/UDP-TIMING(17001): 3567 0 -0.114937000
D/UDP-TIMING(17001): 3568 0 -0.120181000
D/UDP-TIMING(17001): 3569 0 -0.125424000
D/UDP-TIMING(17001): 3570 0 -0.101188000
D/UDP-TIMING(17001): 3571 0 -0.106434000
D/UDP-TIMING(17001): 3572 0 -0.111680000
D/UDP-TIMING(17001): 3573 0 -0.116925000
D/UDP-TIMING(17001): 3574 0 -0.122138000
D/UDP-TIMING(17001): 3575 0 -0.127385000
D/UDP-TIMING(17001): 3576 0 -0.102449000
D/UDP-TIMING(17001): 3577 0 -0.107633000
D/UDP-TIMING(17001): 3578 0 -0.112879000
D/UDP-TIMING(17001): 3579 0 -0.118123000
D/UDP-TIMING(17001): 3580 0 -0.123366000
D/UDP-TIMING(17001): 3581 0 -0.128611000
D/UDP-TIMING(17001): 3582 0 -0.104009000
D/UDP-TIMING(17001): 3583 0 -0.109323000
D/UDP-TIMING(17001): 3584 0 -0.114567000
D/UDP-TIMING(17001): 3585 0 -0.119811000
D/UDP-TIMING(17001): 3586 0 -0.125056000
D/UDP-TIMING(17001): 3587 0 -0.100025000
D/UDP-TIMING(17001): 3588 0 -0.105268000
D/UDP-TIMING(17001): 3589 0 -0.110468000
D/UDP-TIMING(17001): 3590 0 -0.115634000
D/UDP-TIMING(17001): 3591 0 -0.120880000
D/UDP-TIMING(17001): 3592 0 -0.126126000
D/UDP-TIMING(17001): 3593 0 -0.101707000
D/UDP-TIMING(17001): 3594 0 -0.106952000
D/UDP-TIMING(17001): 3595 0 -0.112198000
D/UDP-TIMING(17001): 3596 0 -0.117435000
D/UDP-TIMING(17001): 3597 0 -0.122596000
D/UDP-TIMING(17001): 3598 0 -0.127847000
D/UDP-TIMING(17001): 3599 0 -0.102852000
D/UDP-TIMING(17001): 3600 0 -0.108066000
D/UDP-TIMING(17001): 3601 0 -0.113283000
D/UDP-TIMING(17001): 3602 0 -0.118466000
D/UDP-TIMING(17001): 3603 0 -0.123683000
D/UDP-TIMING(17001): 3604 0 -0.128900000
D/UDP-TIMING(17001): 3605 0 -0.104394000
D/UDP-TIMING(17001): 3606 0 -0.109574000
D/UDP-TIMING(17001): 3607 0 -0.114791000
D/UDP-TIMING(17001): 3608 0 -0.120008000
D/UDP-TIMING(17001): 3609 0 -0.125226000
D/UDP-TIMING(17001): 3610 0 -0.100530000
D/UDP-TIMING(17001): 3611 0 -0.105744000
D/UDP-TIMING(17001): 3612 0 -0.110959000
D/UDP-TIMING(17001): 3613 0 -0.116173000
D/UDP-TIMING(17001): 3614 0 -0.121356000
D/UDP-TIMING(17001): 3615 0 -0.126570000
D/UDP-TIMING(17001): 3616 0 -0.101480000
D/UDP-TIMING(17001): 3617 0 -0.106680000
D/UDP-TIMING(17001): 3618 0 -0.111898000
D/UDP-TIMING(17001): 3619 0 -0.117093000
D/UDP-TIMING(17001): 3620 0 -0.122275000
D/UDP-TIMING(17001): 3621 0 -0.127470000
D/StatusBarPolicy( 1816): iconIndex=1
D/UDP-TIMING(17001): 3622 0 -0.102980000
D/UDP-TIMING(17001): 3623 0 -0.108147000
D/UDP-TIMING(17001): 3624 0 -0.113286000
D/UDP-TIMING(17001): 3625 0 -0.118448000
D/UDP-TIMING(17001): 3626 0 -0.123611000
D/UDP-TIMING(17001): 3627 0 -0.128775000
V/StatusBarPolicy( 1816): cdmaLevel:3;max:4
D/StatusBarPolicy( 1816): iconLevel:3
D/UDP-TIMING(17001): 3628 0 -0.103615000
D/UDP-TIMING(17001): 3629 0 -0.108780000
D/UDP-TIMING(17001): 3630 0 -0.113997000
D/UDP-TIMING(17001): 3631 0 -0.119214000
D/UDP-TIMING(17001): 3632 0 -0.124429000
I/PhoneInfo( 2188): getCdmaLevel - cdmaDbm: -72 cdmaEcio:-90
I/PhoneInfo( 2188): getEvdoLevel - evdoDbm: -120 evdoSnr:-1 evdoEcio:-1
D/UDP-TIMING(17001): 3633 0 -0.099492000
D/UDP-TIMING(17001): 3634 0 -0.104706000
D/UDP-TIMING(17001): 3635 0 -0.109929000
I/PhoneInfo( 2188): getLteLevel - lteRsrp: -1 lteCqi:-1
D/UDP-TIMING(17001): 3636 0 -0.124698000
D/UDP-TIMING(17001): 3637 0 -0.105581000
D/UDP-TIMING(17001): 3638 0 -0.110713000
D/UDP-TIMING(17001): 3639 0 -0.115959000
D/UDP-TIMING(17001): 3640 0 -0.121205000
D/UDP-TIMING(17001): 3641 0 -0.126450000
E/TrafficStats(16531): [QCTMM]tryAll index=0
E/TrafficStats(16531): [QCTMM]tryAll index=1
E/TrafficStats(16531): [QCTMM]tryAll index=2
E/TrafficStats(16531): [QCTMM]tryAll index=0
E/TrafficStats(16531): [QCTMM]tryAll index=1
E/TrafficStats(16531): [QCTMM]tryAll index=2
D/UDP-TIMING(17001): 3642 0 -0.101290000
D/UDP-TIMING(17001): 3643 0 -0.106534000
E/TrafficStats( 1673): [QCTMM]tryAll index=0
D/UDP-TIMING(17001): 3644 0 -0.111782000
D/UDP-TIMING(17001): 3645 0 -0.117028000
D/UDP-TIMING(17001): 3646 0 -0.122245000
D/UDP-TIMING(17001): 3647 0 -0.127493000
E/TrafficStats( 1673): [QCTMM]tryAll index=1
E/TrafficStats( 1673): [QCTMM]tryAll index=2
E/TrafficStats( 1673): [QCTMM]tryAll index=0
E/TrafficStats( 1673): [QCTMM]tryAll index=1
E/TrafficStats( 1673): [QCTMM]tryAll index=2
D/DATA    ( 1860): sentSinceLastRecv=0,watchdogTrigger=10,maxindex=0
E/TrafficStats(16531): [QCTMM]tryAll index=0
E/TrafficStats(16531): [QCTMM]tryAll index=1
E/TrafficStats(16531): [QCTMM]tryAll index=2
D/UDP-TIMING(17001): 3648 0 -0.102738000
D/UDP-TIMING(17001): 3649 0 -0.107931000
D/UDP-TIMING(17001): 3650 0 -0.113179000
D/UDP-TIMING(17001): 3651 0 -0.118338000
D/UDP-TIMING(17001): 3652 0 -0.123581000
E/TrafficStats(16531): [QCTMM]tryAll index=0
E/TrafficStats(16531): [QCTMM]tryAll index=1
E/TrafficStats(16531): [QCTMM]tryAll index=2
D/UDP-TIMING(17001): 3653 0 -0.099102000
D/UDP-TIMING(17001): 3654 0 -0.104346000
D/UDP-TIMING(17001): 3655 0 -0.109590000
D/UDP-TIMING(17001): 3656 0 -0.114805000
D/UDP-TIMING(17001): 3657 0 -0.120052000
D/UDP-TIMING(17001): 3658 0 -0.125297000
D/UDP-TIMING(17001): 3659 0 -0.101555000
D/UDP-TIMING(17001): 3660 0 -0.106788000
D/UDP-TIMING(17001): 3661 0 -0.112035000
D/UDP-TIMING(17001): 3662 0 -0.117279000
D/UDP-TIMING(17001): 3663 0 -0.122526000
D/UDP-TIMING(17001): 3664 0 -0.127751000
D/UDP-TIMING(17001): 3665 0 -0.103098000
D/UDP-TIMING(17001): 3666 0 -0.108350000
D/UDP-TIMING(17001): 3667 0 -0.113603000
D/UDP-TIMING(17001): 3668 0 -0.118850000
D/UDP-TIMING(17001): 3669 0 -0.124100000
D/UDP-TIMING(17001): 3670 0 -0.129334000
D/UDP-TIMING(17001): 3671 0 -0.103700000
D/UDP-TIMING(17001): 3672 0 -0.108944000
D/UDP-TIMING(17001): 3673 0 -0.114192000
D/UDP-TIMING(17001): 3674 0 -0.119443000
D/UDP-TIMING(17001): 3675 0 -0.124692000
D/UDP-TIMING(17001): 3676 0 -0.100190000
D/UDP-TIMING(17001): 3677 0 -0.105430000
D/UDP-TIMING(17001): 3678 0 -0.110683000
D/UDP-TIMING(17001): 3679 0 -0.115932000
D/UDP-TIMING(17001): 3680 0 -0.121181000
D/UDP-TIMING(17001): 3681 0 -0.126399000
D/UDP-TIMING(17001): 3682 0 -0.101502000
D/UDP-TIMING(17001): 3683 0 -0.106751000
D/UDP-TIMING(17001): 3684 0 -0.111999000
D/UDP-TIMING(17001): 3685 0 -0.117270000
D/UDP-TIMING(17001): 3686 0 -0.122521000
D/UDP-TIMING(17001): 3687 0 -0.098073000
D/UDP-TIMING(17001): 3688 0 -0.103261000
D/UDP-TIMING(17001): 3689 0 -0.108483000
D/UDP-TIMING(17001): 3690 0 -0.113733000
D/UDP-TIMING(17001): 3691 0 -0.118983000
D/UDP-TIMING(17001): 3692 0 -0.124235000
D/UDP-TIMING(17001): 3693 0 -0.098861000
D/UDP-TIMING(17001): 3694 0 -0.104079000
D/UDP-TIMING(17001): 3695 0 -0.109328000
D/UDP-TIMING(17001): 3696 0 -0.114579000
D/UDP-TIMING(17001): 3697 0 -0.119831000
D/UDP-TIMING(17001): 3698 0 -0.125080000
D/UDP-TIMING(17001): 3699 0 -0.101006000
D/UDP-TIMING(17001): 3700 0 -0.106258000
D/UDP-TIMING(17001): 3701 0 -0.111497000
D/UDP-TIMING(17001): 3702 0 -0.116715000
D/UDP-TIMING(17001): 3703 0 -0.121963000
D/UDP-TIMING(17001): 3704 0 -0.127217000
D/UDP-TIMING(17001): 3705 0 -0.102377000
D/UDP-TIMING(17001): 3706 0 -0.107610000
D/UDP-TIMING(17001): 3707 0 -0.112859000
D/UDP-TIMING(17001): 3708 0 -0.118118000
D/UDP-TIMING(17001): 3709 0 -0.123340000
D/UDP-TIMING(17001): 3710 0 -0.128566000
D/UDP-TIMING(17001): 3711 0 -0.103663000
D/UDP-TIMING(17001): 3712 0 -0.108914000
D/UDP-TIMING(17001): 3713 0 -0.114163000
D/UDP-TIMING(17001): 3714 0 -0.119379000
D/UDP-TIMING(17001): 3715 0 -0.124628000
D/UDP-TIMING(17001): 3716 0 -0.100183000
D/UDP-TIMING(17001): 3717 0 -0.105431000
D/UDP-TIMING(17001): 3718 0 -0.110669000
D/UDP-TIMING(17001): 3719 0 -0.115905000
D/UDP-TIMING(17001): 3720 0 -0.121124000
D/UDP-TIMING(17001): 3721 0 -0.126414000
D/UDP-TIMING(17001): 3722 0 -0.101256000
D/UDP-TIMING(17001): 3723 0 -0.106505000
D/UDP-TIMING(17001): 3724 0 -0.111757000
D/UDP-TIMING(17001): 3725 0 -0.117006000
D/UDP-TIMING(17001): 3726 0 -0.122250000
D/UDP-TIMING(17001): 3727 0 -0.127515000
D/UDP-TIMING(17001): 3728 0 -0.103189000
D/UDP-TIMING(17001): 3729 0 -0.108405000
D/UDP-TIMING(17001): 3730 0 -0.113649000
D/UDP-TIMING(17001): 3731 0 -0.118896000
D/UDP-TIMING(17001): 3732 0 -0.124140000
D/UDP-TIMING(17001): 3733 0 -0.129367000
D/UDP-TIMING(17001): 3734 0 -0.104368000
D/UDP-TIMING(17001): 3735 0 -0.109612000
D/UDP-TIMING(17001): 3736 0 -0.114827000
D/Database(16531): dbopen(): path = /data/data/com.onavo.android.onavoid/databases/ui_events, flag = 6, file size = 14046208
D/Database(16531): dbopen(): path = /data/data/com.onavo.android.onavoid/databases/ui_events, mode: wal, disk free size: 2000 M, handle: 0x378018
D/Database(16531): dbclose(): path = /data/data/com.onavo.android.onavoid/databases/ui_events, handle = 0x378018
D/UDP-TIMING(17001): 3737 0 -0.128735000
D/UDP-TIMING(17001): 3738 0 -0.110668000
D/UDP-TIMING(17001): 3739 0 -0.115831000
D/UDP-TIMING(17001): 3740 0 -0.121078000
E/TrafficStats( 1673): [QCTMM]tryAll index=0
E/TrafficStats( 1673): [QCTMM]tryAll index=1
E/TrafficStats( 1673): [QCTMM]tryAll index=2
E/TrafficStats( 1673): [QCTMM]tryAll index=0
E/TrafficStats( 1673): [QCTMM]tryAll index=1
E/TrafficStats( 1673): [QCTMM]tryAll index=2
D/UDP-TIMING(17001): 3741 0 -0.096049000
D/UDP-TIMING(17001): 3742 0 -0.101263000
D/UDP-TIMING(17001): 3743 0 -0.106433000
D/UDP-TIMING(17001): 3744 0 -0.111676000
D/UDP-TIMING(17001): 3745 0 -0.116923000
D/UDP-TIMING(17001): 3746 0 -0.122171000
D/UDP-TIMING(17001): 3747 0 -0.127416000
D/DATA    ( 1860): sentSinceLastRecv=0,watchdogTrigger=10,maxindex=0
D/UDP-TIMING(17001): 3748 0 -0.102968000
D/UDP-TIMING(17001): 3749 0 -0.108206000
D/UDP-TIMING(17001): 3750 0 -0.113398000
D/UDP-TIMING(17001): 3751 0 -0.118587000
D/UDP-TIMING(17001): 3752 0 -0.123749000
D/UDP-TIMING(17001): 3753 0 -0.098670000
D/UDP-TIMING(17001): 3754 0 -0.103859000
D/UDP-TIMING(17001): 3755 0 -0.108989000
D/UDP-TIMING(17001): 3756 0 -0.114144000
D/UDP-TIMING(17001): 3757 0 -0.119235000
D/UDP-TIMING(17001): 3758 0 -0.124367000
D/UDP-TIMING(17001): 3759 0 -0.099863000
D/UDP-TIMING(17001): 3760 0 -0.105050000
D/UDP-TIMING(17001): 3761 0 -0.110229000
D/UDP-TIMING(17001): 3762 0 -0.115423000
D/UDP-TIMING(17001): 3763 0 -0.120614000
D/UDP-TIMING(17001): 3764 0 -0.125770000
D/UDP-TIMING(17001): 3765 0 -0.100683000
D/UDP-TIMING(17001): 3766 0 -0.105874000
D/UDP-TIMING(17001): 3767 0 -0.111115000
D/UDP-TIMING(17001): 3768 0 -0.116306000
D/UDP-TIMING(17001): 3769 0 -0.121466000
D/UDP-TIMING(17001): 3770 0 -0.126653000
D/UDP-TIMING(17001): 3771 0 -0.102180000
D/UDP-TIMING(17001): 3772 0 -0.107341000
D/UDP-TIMING(17001): 3773 0 -0.112518000
D/UDP-TIMING(17001): 3774 0 -0.117707000
D/UDP-TIMING(17001): 3775 0 -0.122899000
D/UDP-TIMING(17001): 3776 0 -0.128084000
D/UDP-TIMING(17001): 3777 0 -0.103002000
D/UDP-TIMING(17001): 3778 0 -0.108092000
D/UDP-TIMING(17001): 3779 0 -0.113252000
D/UDP-TIMING(17001): 3780 0 -0.118439000
D/UDP-TIMING(17001): 3781 0 -0.123584000
D/UDP-TIMING(17001): 3782 0 -0.098932000
D/UDP-TIMING(17001): 3783 0 -0.104106000
D/UDP-TIMING(17001): 3784 0 -0.109262000
D/UDP-TIMING(17001): 3785 0 -0.114404000
D/UDP-TIMING(17001): 3786 0 -0.119585000
D/UDP-TIMING(17001): 3787 0 -0.124734000
D/UDP-TIMING(17001): 3788 0 -0.128768000
D/UDP-TIMING(17001): 3789 0 -0.105146000
D/UDP-TIMING(17001): 3790 0 -0.110277000
D/UDP-TIMING(17001): 3791 0 -0.115465000
D/UDP-TIMING(17001): 3792 0 -0.120654000
D/UDP-TIMING(17001): 3793 0 -0.125845000
D/UDP-TIMING(17001): 3794 0 -0.100626000
D/UDP-TIMING(17001): 3795 0 -0.105814000
D/UDP-TIMING(17001): 3796 0 -0.111006000
D/UDP-TIMING(17001): 3797 0 -0.116193000
D/UDP-TIMING(17001): 3798 0 -0.121352000
D/UDP-TIMING(17001): 3799 0 -0.097009000
D/UDP-TIMING(17001): 3800 0 -0.102149000
D/UDP-TIMING(17001): 3801 0 -0.107306000
D/UDP-TIMING(17001): 3802 0 -0.112445000
D/UDP-TIMING(17001): 3803 0 -0.117624000
D/UDP-TIMING(17001): 3804 0 -0.122806000
D/UDP-TIMING(17001): 3805 0 -0.127973000
D/UDP-TIMING(17001): 3806 0 -0.102865000
D/UDP-TIMING(17001): 3807 0 -0.107954000
D/UDP-TIMING(17001): 3808 0 -0.113097000
D/UDP-TIMING(17001): 3809 0 -0.118281000
D/UDP-TIMING(17001): 3810 0 -0.123462000
D/UDP-TIMING(17001): 3811 0 -0.098855000
D/UDP-TIMING(17001): 3812 0 -0.104033000
D/UDP-TIMING(17001): 3813 0 -0.109165000
D/UDP-TIMING(17001): 3814 0 -0.114345000
D/UDP-TIMING(17001): 3815 0 -0.119470000
D/UDP-TIMING(17001): 3816 0 -0.124649000
D/UDP-TIMING(17001): 3817 0 -0.099611000
D/UDP-TIMING(17001): 3818 0 -0.104787000
D/UDP-TIMING(17001): 3819 0 -0.109922000
D/UDP-TIMING(17001): 3820 0 -0.115072000
D/UDP-TIMING(17001): 3821 0 -0.120255000
D/UDP-TIMING(17001): 3822 0 -0.125390000
D/UDP-TIMING(17001): 3823 0 -0.100862000
D/UDP-TIMING(17001): 3824 0 -0.106006000
D/UDP-TIMING(17001): 3825 0 -0.111188000
D/UDP-TIMING(17001): 3826 0 -0.116390000
D/UDP-TIMING(17001): 3827 0 -0.121570000
D/UDP-TIMING(17001): 3828 0 -0.126749000
D/UDP-TIMING(17001): 3829 0 -0.101689000
D/UDP-TIMING(17001): 3830 0 -0.106842000
D/UDP-TIMING(17001): 3831 0 -0.112017000
D/UDP-TIMING(17001): 3832 0 -0.117208000
D/UDP-TIMING(17001): 3833 0 -0.122387000
D/UDP-TIMING(17001): 3834 0 -0.127565000
D/UDP-TIMING(17001): 3835 0 -0.103047000
D/UDP-TIMING(17001): 3836 0 -0.108136000
D/UDP-TIMING(17001): 3837 0 -0.113289000
D/UDP-TIMING(17001): 3838 0 -0.125529000
D/UDP-TIMING(17001): 3839 0 -0.108308000
D/UDP-TIMING(17001): 3840 0 -0.113611000
D/UDP-TIMING(17001): 3841 0 -0.118721000
D/UDP-TIMING(17001): 3842 0 -0.123854000
D/UDP-TIMING(17001): 3843 0 -0.128990000
E/TrafficStats( 1673): [QCTMM]tryAll index=0
E/TrafficStats( 1673): [QCTMM]tryAll index=1
E/TrafficStats( 1673): [QCTMM]tryAll index=2
E/TrafficStats( 1673): [QCTMM]tryAll index=0
E/TrafficStats( 1673): [QCTMM]tryAll index=1
D/UDP-TIMING(17001): 3844 0 -0.104432000
D/UDP-TIMING(17001): 3845 0 -0.109541000
D/UDP-TIMING(17001): 3846 0 -0.114679000
D/UDP-TIMING(17001): 3847 0 -0.119805000
D/UDP-TIMING(17001): 3848 0 -0.124934000
E/TrafficStats( 1673): [QCTMM]tryAll index=2
D/DATA    ( 1860): sentSinceLastRecv=0,watchdogTrigger=10,maxindex=0
D/UDP-TIMING(17001): 3849 0 -0.100030000
D/UDP-TIMING(17001): 3850 0 -0.105156000
D/UDP-TIMING(17001): 3851 0 -0.110284000
D/UDP-TIMING(17001): 3852 0 -0.115379000
D/UDP-TIMING(17001): 3853 0 -0.120504000
D/UDP-TIMING(17001): 3854 0 -0.125628000
D/UDP-TIMING(17001): 3855 0 -0.100815000
D/UDP-TIMING(17001): 3856 0 -0.105941000
D/UDP-TIMING(17001): 3857 0 -0.111069000
D/UDP-TIMING(17001): 3858 0 -0.116197000
D/UDP-TIMING(17001): 3859 0 -0.121325000
D/UDP-TIMING(17001): 3860 0 -0.126405000
D/UDP-TIMING(17001): 3861 0 -0.101352000
D/UDP-TIMING(17001): 3862 0 -0.106478000
D/UDP-TIMING(17001): 3863 0 -0.111604000
D/UDP-TIMING(17001): 3864 0 -0.116698000
D/UDP-TIMING(17001): 3865 0 -0.121824000
D/UDP-TIMING(17001): 3866 0 -0.126949000
D/UDP-TIMING(17001): 3867 0 -0.102412000
D/UDP-TIMING(17001): 3868 0 -0.107497000
D/UDP-TIMING(17001): 3869 0 -0.112621000
D/UDP-TIMING(17001): 3870 0 -0.117745000
D/UDP-TIMING(17001): 3871 0 -0.092566000
D/UDP-TIMING(17001): 3872 0 -0.097660000
D/UDP-TIMING(17001): 3873 0 -0.102782000
D/UDP-TIMING(17001): 3874 0 -0.107911000
D/UDP-TIMING(17001): 3875 0 -0.113038000
D/UDP-TIMING(17001): 3876 0 -0.118162000
D/UDP-TIMING(17001): 3877 0 -0.123286000
D/UDP-TIMING(17001): 3878 0 -0.128379000
D/UDP-TIMING(17001): 3879 0 -0.103839000
D/UDP-TIMING(17001): 3880 0 -0.108962000
D/UDP-TIMING(17001): 3881 0 -0.114058000
D/UDP-TIMING(17001): 3882 0 -0.119219000
D/UDP-TIMING(17001): 3883 0 -0.094316000
D/UDP-TIMING(17001): 3884 0 -0.099443000
D/UDP-TIMING(17001): 3885 0 -0.104569000
D/UDP-TIMING(17001): 3886 0 -0.109696000
D/UDP-TIMING(17001): 3887 0 -0.114791000
D/UDP-TIMING(17001): 3888 0 -0.119917000
D/UDP-TIMING(17001): 3889 0 -0.125043000
D/UDP-TIMING(17001): 3890 0 -0.100044000
D/UDP-TIMING(17001): 3891 0 -0.105230000
D/UDP-TIMING(17001): 3892 0 -0.110410000
D/UDP-TIMING(17001): 3893 0 -0.115586000
D/UDP-TIMING(17001): 3894 0 -0.120753000
D/UDP-TIMING(17001): 3895 0 -0.125908000
D/UDP-TIMING(17001): 3896 0 -0.101390000
D/UDP-TIMING(17001): 3897 0 -0.106568000
D/UDP-TIMING(17001): 3898 0 -0.111767000
D/UDP-TIMING(17001): 3899 0 -0.116943000
D/UDP-TIMING(17001): 3900 0 -0.122129000
D/UDP-TIMING(17001): 3901 0 -0.127277000
D/UDP-TIMING(17001): 3902 0 -0.102178000
D/UDP-TIMING(17001): 3903 0 -0.107411000
D/UDP-TIMING(17001): 3904 0 -0.112587000
D/UDP-TIMING(17001): 3905 0 -0.117763000
D/UDP-TIMING(17001): 3906 0 -0.122951000
D/UDP-TIMING(17001): 3907 0 -0.128054000
D/UDP-TIMING(17001): 3908 0 -0.103535000
D/UDP-TIMING(17001): 3909 0 -0.108711000
D/UDP-TIMING(17001): 3910 0 -0.113888000
D/UDP-TIMING(17001): 3911 0 -0.119066000
D/UDP-TIMING(17001): 3912 0 -0.124257000
D/UDP-TIMING(17001): 3913 0 -0.099074000
D/UDP-TIMING(17001): 3914 0 -0.104251000
D/UDP-TIMING(17001): 3915 0 -0.109354000
D/UDP-TIMING(17001): 3916 0 -0.114530000
D/UDP-TIMING(17001): 3917 0 -0.119710000
D/UDP-TIMING(17001): 3918 0 -0.124891000
D/UDP-TIMING(17001): 3919 0 -0.130026000
D/UDP-TIMING(17001): 3920 0 -0.105637000
D/UDP-TIMING(17001): 3921 0 -0.110743000
D/UDP-TIMING(17001): 3922 0 -0.115879000
D/UDP-TIMING(17001): 3923 0 -0.121058000
D/UDP-TIMING(17001): 3924 0 -0.126233000
D/UDP-TIMING(17001): 3925 0 -0.101121000
D/UDP-TIMING(17001): 3926 0 -0.106297000
D/UDP-TIMING(17001): 3927 0 -0.111480000
D/UDP-TIMING(17001): 3928 0 -0.116661000
D/UDP-TIMING(17001): 3929 0 -0.121810000
D/UDP-TIMING(17001): 3930 0 -0.126996000
D/UDP-TIMING(17001): 3931 0 -0.102517000
D/UDP-TIMING(17001): 3932 0 -0.107712000
D/UDP-TIMING(17001): 3933 0 -0.112892000
D/UDP-TIMING(17001): 3934 0 -0.118071000
D/UDP-TIMING(17001): 3935 0 -0.123251000
D/UDP-TIMING(17001): 3936 0 -0.098188000
D/UDP-TIMING(17001): 3937 0 -0.103368000
D/UDP-TIMING(17001): 3938 0 -0.108563000
D/UDP-TIMING(17001): 3939 0 -0.125035000
D/UDP-TIMING(17001): 3940 0 -0.104219000
D/UDP-TIMING(17001): 3941 0 -0.109400000
