D/DeviceStorageMonitorService( 1673): OoO SMS Memory available. SMS_AVAILABLE_THRESHOLD == 524288
I/DeviceStorageMonitorService( 1673): Posting Message again
D/StatusBarPolicy( 1816): hasService()=true ,mDataState=2 ,mPhone.htcModemLinkOn()=false ,mDataActivity=0
D/StatusBarPolicy( 1816): slotType[0]=RUIM
D/StatusBarPolicy( 1816): iconIndex=1
V/StatusBarPolicy( 1816): cdmaLevel:3;max:4
D/StatusBarPolicy( 1816): iconLevel:3
D/StatusBarPolicy( 1816): hasService()=true ,mDataState=2 ,mPhone.htcModemLinkOn()=false ,mDataActivity=0
D/StatusBarPolicy( 1816): slotType[0]=RUIM
I/ActivityManager( 1673): Start proc edu.mit.mitmobile2 for broadcast edu.mit.mitmobile2/.alerts.NotificationsAlarmReceiver: pid=17018 uid=10124 gids={1006, 3003, 1015}
D/StatusBarPolicy( 1816): hasService()=true ,mDataState=2 ,mPhone.htcModemLinkOn()=false ,mDataActivity=0
D/StatusBarPolicy( 1816): slotType[0]=RUIM
D/StatusBarPolicy( 1816): hasService()=true ,mDataState=2 ,mPhone.htcModemLinkOn()=false ,mDataActivity=3
D/StatusBarPolicy( 1816): slotType[0]=RUIM
D/StatusBarPolicy( 1816): hasService()=true ,mDataState=2 ,mPhone.htcModemLinkOn()=false ,mDataActivity=0
D/StatusBarPolicy( 1816): slotType[0]=RUIM
D/StatusBarPolicy( 1816): hasService()=true ,mDataState=2 ,mPhone.htcModemLinkOn()=false ,mDataActivity=0
D/StatusBarPolicy( 1816): slotType[0]=RUIM
D/StatusBarPolicy( 1816): iconIndex=1
V/StatusBarPolicy( 1816): cdmaLevel:4;max:4
D/StatusBarPolicy( 1816): iconLevel:4
V/DeviceStorageMonitorService( 1673): freeMemory=2097885184
D/DeviceStorageMonitorService( 1673): OoO SMS Memory available. SMS_AVAILABLE_THRESHOLD == 524288
I/DeviceStorageMonitorService( 1673): Posting Message again
D/StatusBarPolicy( 1816): iconIndex=1
V/StatusBarPolicy( 1816): cdmaLevel:3;max:4
D/StatusBarPolicy( 1816): iconLevel:3
D/StatusBarPolicy( 1816): hasService()=true ,mDataState=2 ,mPhone.htcModemLinkOn()=false ,mDataActivity=2
D/StatusBarPolicy( 1816): slotType[0]=RUIM
D/StatusBarPolicy( 1816): hasService()=true ,mDataState=2 ,mPhone.htcModemLinkOn()=false ,mDataActivity=0
D/StatusBarPolicy( 1816): slotType[0]=RUIM
D/StatusBarPolicy( 1816): hasService()=true ,mDataState=2 ,mPhone.htcModemLinkOn()=false ,mDataActivity=1
D/StatusBarPolicy( 1816): slotType[0]=RUIM
D/StatusBarPolicy( 1816): iconIndex=1
V/StatusBarPolicy( 1816): cdmaLevel:4;max:4
D/StatusBarPolicy( 1816): iconLevel:4
D/StatusBarPolicy( 1816): iconIndex=1
V/StatusBarPolicy( 1816): cdmaLevel:2;max:4
D/StatusBarPolicy( 1816): iconLevel:2
D/StatusBarPolicy( 1816): iconIndex=1
V/StatusBarPolicy( 1816): cdmaLevel:4;max:4
D/StatusBarPolicy( 1816): iconLevel:4
D/StatusBarPolicy( 1816): iconIndex=1
V/StatusBarPolicy( 1816): cdmaLevel:3;max:4
D/StatusBarPolicy( 1816): iconLevel:3
D/StatusBarPolicy( 1816): iconIndex=1
V/StatusBarPolicy( 1816): cdmaLevel:4;max:4
D/StatusBarPolicy( 1816): iconLevel:4
D/StatusBarPolicy( 1816): iconIndex=1
V/StatusBarPolicy( 1816): cdmaLevel:3;max:4
D/StatusBarPolicy( 1816): iconLevel:3
V/DeviceStorageMonitorService( 1673): freeMemory=2097885184
D/DeviceStorageMonitorService( 1673): OoO SMS Memory available. SMS_AVAILABLE_THRESHOLD == 524288
I/DeviceStorageMonitorService( 1673): Posting Message again
D/StatusBarPolicy( 1816): iconIndex=1
V/StatusBarPolicy( 1816): cdmaLevel:4;max:4
D/StatusBarPolicy( 1816): iconLevel:4
D/StatusBarPolicy( 1816): iconIndex=1
V/StatusBarPolicy( 1816): cdmaLevel:3;max:4
D/StatusBarPolicy( 1816): iconLevel:3
D/StatusBarPolicy( 1816): hasService()=true ,mDataState=2 ,mPhone.htcModemLinkOn()=false ,mDataActivity=0
D/StatusBarPolicy( 1816): slotType[0]=RUIM
V/DeviceStorageMonitorService( 1673): freeMemory=2097885184
D/DeviceStorageMonitorService( 1673): OoO SMS Memory available. SMS_AVAILABLE_THRESHOLD == 524288
I/DeviceStorageMonitorService( 1673): Posting Message again
D/StatusBarPolicy( 1816): iconIndex=1
V/StatusBarPolicy( 1816): cdmaLevel:4;max:4
D/StatusBarPolicy( 1816): iconLevel:4
D/StatusBarPolicy( 1816): hasService()=true ,mDataState=2 ,mPhone.htcModemLinkOn()=false ,mDataActivity=0
D/StatusBarPolicy( 1816): slotType[0]=RUIM
D/StatusBarPolicy( 1816): iconIndex=1
V/StatusBarPolicy( 1816): cdmaLevel:2;max:4
D/StatusBarPolicy( 1816): iconLevel:2
D/StatusBarPolicy( 1816): iconIndex=1
V/StatusBarPolicy( 1816): cdmaLevel:3;max:4
D/StatusBarPolicy( 1816): iconLevel:3
D/StatusBarPolicy( 1816): hasService()=true ,mDataState=2 ,mPhone.htcModemLinkOn()=false ,mDataActivity=2
D/StatusBarPolicy( 1816): slotType[0]=RUIM
D/StatusBarPolicy( 1816): hasService()=true ,mDataState=2 ,mPhone.htcModemLinkOn()=false ,mDataActivity=0
D/StatusBarPolicy( 1816): slotType[0]=RUIM
D/StatusBarPolicy( 1816): hasService()=true ,mDataState=2 ,mPhone.htcModemLinkOn()=false ,mDataActivity=1
D/StatusBarPolicy( 1816): slotType[0]=RUIM
V/DeviceStorageMonitorService( 1673): freeMemory=2097885184
D/DeviceStorageMonitorService( 1673): OoO SMS Memory available. SMS_AVAILABLE_THRESHOLD == 524288
I/DeviceStorageMonitorService( 1673): Posting Message again
D/StatusBarPolicy( 1816): iconIndex=1
V/StatusBarPolicy( 1816): cdmaLevel:4;max:4
D/StatusBarPolicy( 1816): iconLevel:4
V/DeviceStorageMonitorService( 1673): freeMemory=2097885184
D/DeviceStorageMonitorService( 1673): OoO SMS Memory available. SMS_AVAILABLE_THRESHOLD == 524288
I/DeviceStorageMonitorService( 1673): Posting Message again
D/StatusBarPolicy( 1816): iconIndex=1
V/StatusBarPolicy( 1816): cdmaLevel:3;max:4
D/StatusBarPolicy( 1816): iconLevel:3
D/StatusBarPolicy( 1816): hasService()=true ,mDataState=2 ,mPhone.htcModemLinkOn()=false ,mDataActivity=0
D/StatusBarPolicy( 1816): slotType[0]=RUIM
D/StatusBarPolicy( 1816): hasService()=true ,mDataState=2 ,mPhone.htcModemLinkOn()=false ,mDataActivity=0
D/StatusBarPolicy( 1816): slotType[0]=RUIM
D/StatusBarPolicy( 1816): hasService()=true ,mDataState=2 ,mPhone.htcModemLinkOn()=false ,mDataActivity=0
D/StatusBarPolicy( 1816): slotType[0]=RUIM
D/StatusBarPolicy( 1816): hasService()=true ,mDataState=2 ,mPhone.htcModemLinkOn()=false ,mDataActivity=2
D/StatusBarPolicy( 1816): slotType[0]=RUIM
D/StatusBarPolicy( 1816): hasService()=true ,mDataState=2 ,mPhone.htcModemLinkOn()=false ,mDataActivity=1
D/StatusBarPolicy( 1816): slotType[0]=RUIM
D/StatusBarPolicy( 1816): iconIndex=1
V/StatusBarPolicy( 1816): cdmaLevel:4;max:4
D/StatusBarPolicy( 1816): iconLevel:4
V/DeviceStorageMonitorService( 1673): freeMemory=2097885184
D/DeviceStorageMonitorService( 1673): OoO SMS Memory available. SMS_AVAILABLE_THRESHOLD == 524288
I/DeviceStorageMonitorService( 1673): Posting Message again
I/ActivityManager( 1673): Start proc com.viber.voip:keepAliveReceiver for broadcast com.viber.voip/com.viber.service.KeepAliveReceiver: pid=17032 uid=10159 gids={3003, 1015, 3002, 3001, 1007, 1006}
D/Socket_Alarm(17032): registerHTCSocketMonitorCallBack
D/Socket_Alarm(17032): set mSocketMonitor
D/Socket_Alarm(17032): HTCSocketMonitorImpl::HTCSocketMonitorImpl
D/StatusBarPolicy( 1816): hasService()=true ,mDataState=2 ,mPhone.htcModemLinkOn()=false ,mDataActivity=3
D/StatusBarPolicy( 1816): slotType[0]=RUIM
V/DeviceStorageMonitorService( 1673): freeMemory=2097885184
D/DeviceStorageMonitorService( 1673): OoO SMS Memory available. SMS_AVAILABLE_THRESHOLD == 524288
I/DeviceStorageMonitorService( 1673): Posting Message again
D/StatusBarPolicy( 1816): hasService()=true ,mDataState=2 ,mPhone.htcModemLinkOn()=false ,mDataActivity=1
D/StatusBarPolicy( 1816): slotType[0]=RUIM
D/StatusBarPolicy( 1816): iconIndex=1
V/StatusBarPolicy( 1816): cdmaLevel:3;max:4
D/StatusBarPolicy( 1816): iconLevel:3
--------- beginning of /dev/log/main
D/UDP-TIMING(17001): 9653 0 -0.098925000
D/UDP-TIMING(17001): 9654 0 -0.106615000
D/UDP-TIMING(17001): 9655 0 -0.114301000
D/UDP-TIMING(17001): 9656 0 -0.121987000
D/UDP-TIMING(17001): 9657 0 -0.099736000
D/UDP-TIMING(17001): 9658 0 -0.107423000
D/UDP-TIMING(17001): 9659 0 -0.115111000
D/UDP-TIMING(17001): 9660 0 -0.122795000
D/UDP-TIMING(17001): 9661 0 -0.100423000
D/UDP-TIMING(17001): 9662 0 -0.108114000
D/UDP-TIMING(17001): 9663 0 -0.115779000
D/UDP-TIMING(17001): 9664 0 -0.123464000
D/UDP-TIMING(17001): 9665 0 -0.100846000
D/UDP-TIMING(17001): 9666 0 -0.108506000
D/UDP-TIMING(17001): 9667 0 -0.116192000
D/UDP-TIMING(17001): 9668 0 -0.093603000
D/UDP-TIMING(17001): 9669 0 -0.101287000
D/UDP-TIMING(17001): 9670 0 -0.108972000
D/UDP-TIMING(17001): 9671 0 -0.116662000
D/UDP-TIMING(17001): 9672 0 -0.124320000
D/UDP-TIMING(17001): 9673 0 -0.102343000
D/UDP-TIMING(17001): 9674 0 -0.110040000
D/UDP-TIMING(17001): 9675 0 -0.117703000
D/UDP-TIMING(17001): 9676 0 -0.095055000
D/UDP-TIMING(17001): 9677 0 -0.102740000
D/UDP-TIMING(17001): 9678 0 -0.110423000
D/UDP-TIMING(17001): 9679 0 -0.118116000
D/UDP-TIMING(17001): 9680 0 -0.125806000
D/UDP-TIMING(17001): 9681 0 -0.103859000
D/UDP-TIMING(17001): 9682 0 -0.111545000
D/UDP-TIMING(17001): 9683 0 -0.119203000
D/UDP-TIMING(17001): 9684 0 -0.126922000
D/UDP-TIMING(17001): 9685 0 -0.104285000
D/UDP-TIMING(17001): 9686 0 -0.111938000
D/UDP-TIMING(17001): 9687 0 -0.119626000
D/UDP-TIMING(17001): 9688 0 -0.127308000
D/UDP-TIMING(17001): 9689 0 -0.105219000
D/UDP-TIMING(17001): 9690 0 -0.112905000
D/UDP-TIMING(17001): 9691 0 -0.120592000
D/UDP-TIMING(17001): 9692 0 -0.128276000
D/UDP-TIMING(17001): 9693 0 -0.105682000
D/UDP-TIMING(17001): 9694 0 -0.113368000
D/UDP-TIMING(17001): 9695 0 -0.121027000
D/UDP-TIMING(17001): 9696 0 -0.124155000
D/UDP-TIMING(17001): 9697 0 -0.109294000
D/UDP-TIMING(17001): 9698 0 -0.116966000
D/UDP-TIMING(17001): 9699 0 -0.124653000
D/UDP-TIMING(17001): 9700 0 -0.102005000
D/UDP-TIMING(17001): 9701 0 -0.109687000
D/UDP-TIMING(17001): 9702 0 -0.117293000
D/UDP-TIMING(17001): 9703 0 -0.124954000
D/UDP-TIMING(17001): 9704 0 -0.103032000
D/UDP-TIMING(17001): 9705 0 -0.110711000
D/UDP-TIMING(17001): 9706 0 -0.118361000
D/UDP-TIMING(17001): 9707 0 -0.126050000
D/UDP-TIMING(17001): 9708 0 -0.103471000
D/UDP-TIMING(17001): 9709 0 -0.111177000
D/UDP-TIMING(17001): 9710 0 -0.118851000
D/UDP-TIMING(17001): 9711 0 -0.126541000
D/UDP-TIMING(17001): 9712 0 -0.104558000
D/UDP-TIMING(17001): 9713 0 -0.112243000
D/UDP-TIMING(17001): 9714 0 -0.119927000
D/UDP-TIMING(17001): 9715 0 -0.127621000
D/UDP-TIMING(17001): 9716 0 -0.105049000
D/UDP-TIMING(17001): 9717 0 -0.112702000
D/UDP-TIMING(17001): 9718 0 -0.120399000
D/UDP-TIMING(17001): 9719 0 -0.098303000
D/UDP-TIMING(17001): 9720 0 -0.105942000
D/UDP-TIMING(17001): 9721 0 -0.113713000
D/UDP-TIMING(17001): 9722 0 -0.121401000
D/UDP-TIMING(17001): 9723 0 -0.099212000
D/UDP-TIMING(17001): 9724 0 -0.106870000
D/UDP-TIMING(17001): 9725 0 -0.114553000
D/UDP-TIMING(17001): 9726 0 -0.122237000
E/TrafficStats( 1673): [QCTMM]tryAll index=0
D/UDP-TIMING(17001): 9727 0 -0.099557000
D/UDP-TIMING(17001): 9728 0 -0.107214000
D/UDP-TIMING(17001): 9729 0 -0.114914000
D/UDP-TIMING(17001): 9730 0 -0.122602000
E/TrafficStats( 1673): [QCTMM]tryAll index=1
E/TrafficStats( 1673): [QCTMM]tryAll index=2
E/TrafficStats( 1673): [QCTMM]tryAll index=0
E/TrafficStats( 1673): [QCTMM]tryAll index=1
E/TrafficStats( 1673): [QCTMM]tryAll index=2
D/DATA    ( 1860): sentSinceLastRecv=0,watchdogTrigger=10,maxindex=0
D/UDP-TIMING(17001): 9731 0 -0.099981000
D/UDP-TIMING(17001): 9732 0 -0.107673000
D/UDP-TIMING(17001): 9733 0 -0.115360000
D/UDP-TIMING(17001): 9734 0 -0.123047000
D/UDP-TIMING(17001): 9735 0 -0.101164000
D/UDP-TIMING(17001): 9736 0 -0.108855000
D/UDP-TIMING(17001): 9737 0 -0.116558000
D/UDP-TIMING(17001): 9738 0 -0.124214000
D/UDP-TIMING(17001): 9739 0 -0.102283000
D/UDP-TIMING(17001): 9740 0 -0.109937000
D/UDP-TIMING(17001): 9741 0 -0.117630000
D/UDP-TIMING(17001): 9742 0 -0.125317000
D/UDP-TIMING(17001): 9743 0 -0.102729000
D/UDP-TIMING(17001): 9744 0 -0.110380000
D/UDP-TIMING(17001): 9745 0 -0.118073000
D/UDP-TIMING(17001): 9746 0 -0.125759000
D/UDP-TIMING(17001): 9747 0 -0.103728000
D/UDP-TIMING(17001): 9748 0 -0.111413000
D/UDP-TIMING(17001): 9749 0 -0.119075000
D/UDP-TIMING(17001): 9750 0 -0.096492000
D/UDP-TIMING(17001): 9751 0 -0.104178000
D/UDP-TIMING(17001): 9752 0 -0.111836000
D/UDP-TIMING(17001): 9753 0 -0.119519000
D/UDP-TIMING(17001): 9754 0 -0.127202000
D/UDP-TIMING(17001): 9755 0 -0.105257000
D/UDP-TIMING(17001): 9756 0 -0.112942000
D/UDP-TIMING(17001): 9757 0 -0.120635000
D/UDP-TIMING(17001): 9758 0 -0.128292000
D/UDP-TIMING(17001): 9759 0 -0.105726000
D/UDP-TIMING(17001): 9760 0 -0.113428000
D/UDP-TIMING(17001): 9761 0 -0.121093000
D/UDP-TIMING(17001): 9762 0 -0.099036000
D/UDP-TIMING(17001): 9763 0 -0.106647000
D/UDP-TIMING(17001): 9764 0 -0.114375000
D/UDP-TIMING(17001): 9765 0 -0.122073000
D/UDP-TIMING(17001): 9766 0 -0.099496000
D/UDP-TIMING(17001): 9767 0 -0.107162000
D/UDP-TIMING(17001): 9768 0 -0.114861000
D/UDP-TIMING(17001): 9769 0 -0.122558000
D/UDP-TIMING(17001): 9770 0 -0.100623000
D/UDP-TIMING(17001): 9771 0 -0.108291000
D/UDP-TIMING(17001): 9772 0 -0.115987000
D/UDP-TIMING(17001): 9773 0 -0.123683000
D/UDP-TIMING(17001): 9774 0 -0.101317000
D/UDP-TIMING(17001): 9775 0 -0.108991000
D/UDP-TIMING(17001): 9776 0 -0.116694000
D/UDP-TIMING(17001): 9777 0 -0.124397000
D/UDP-TIMING(17001): 9778 0 -0.101911000
D/UDP-TIMING(17001): 9779 0 -0.109607000
D/UDP-TIMING(17001): 9780 0 -0.117273000
D/UDP-TIMING(17001): 9781 0 -0.124972000
D/UDP-TIMING(17001): 9782 0 -0.102944000
D/UDP-TIMING(17001): 9783 0 -0.110615000
D/UDP-TIMING(17001): 9784 0 -0.118311000
D/UDP-TIMING(17001): 9785 0 -0.126008000
D/UDP-TIMING(17001): 9786 0 -0.103492000
D/UDP-TIMING(17001): 9787 0 -0.111158000
D/UDP-TIMING(17001): 9788 0 -0.118843000
D/UDP-TIMING(17001): 9789 0 -0.126606000
D/UDP-TIMING(17001): 9790 0 -0.104497000
D/UDP-TIMING(17001): 9791 0 -0.112182000
D/UDP-TIMING(17001): 9792 0 -0.119870000
D/UDP-TIMING(17001): 9793 0 -0.127559000
D/UDP-TIMING(17001): 9794 0 -0.105005000
D/UDP-TIMING(17001): 9795 0 -0.112693000
D/UDP-TIMING(17001): 9796 0 -0.120356000
D/UDP-TIMING(17001): 9797 0 -0.122376000
D/UDP-TIMING(17001): 9798 0 -0.108705000
D/UDP-TIMING(17001): 9799 0 -0.116365000
D/UDP-TIMING(17001): 9800 0 -0.093681000
D/UDP-TIMING(17001): 9801 0 -0.101333000
D/UDP-TIMING(17001): 9802 0 -0.109017000
D/UDP-TIMING(17001): 9803 0 -0.116644000
D/UDP-TIMING(17001): 9804 0 -0.124321000
D/UDP-TIMING(17001): 9805 0 -0.102368000
D/UDP-TIMING(17001): 9806 0 -0.109966000
D/UDP-TIMING(17001): 9807 0 -0.117592000
D/UDP-TIMING(17001): 9808 0 -0.125270000
D/UDP-TIMING(17001): 9809 0 -0.102621000
D/UDP-TIMING(17001): 9810 0 -0.110303000
D/UDP-TIMING(17001): 9811 0 -0.117995000
D/UDP-TIMING(17001): 9812 0 -0.125683000
D/UDP-TIMING(17001): 9813 0 -0.103736000
D/UDP-TIMING(17001): 9814 0 -0.111419000
D/UDP-TIMING(17001): 9815 0 -0.119077000
D/UDP-TIMING(17001): 9816 0 -0.126763000
D/UDP-TIMING(17001): 9817 0 -0.104051000
D/UDP-TIMING(17001): 9818 0 -0.111707000
D/UDP-TIMING(17001): 9819 0 -0.119402000
D/UDP-TIMING(17001): 9820 0 -0.127090000
D/UDP-TIMING(17001): 9821 0 -0.105172000
D/UDP-TIMING(17001): 9822 0 -0.112857000
D/UDP-TIMING(17001): 9823 0 -0.120542000
D/UDP-TIMING(17001): 9824 0 -0.097958000
D/UDP-TIMING(17001): 9825 0 -0.105642000
D/UDP-TIMING(17001): 9826 0 -0.113328000
D/UDP-TIMING(17001): 9827 0 -0.120984000
E/TrafficStats( 1673): [QCTMM]tryAll index=0
D/UDP-TIMING(17001): 9828 0 -0.098704000
D/UDP-TIMING(17001): 9829 0 -0.106355000
D/UDP-TIMING(17001): 9830 0 -0.114037000
D/UDP-TIMING(17001): 9831 0 -0.121724000
E/TrafficStats( 1673): [QCTMM]tryAll index=1
E/TrafficStats( 1673): [QCTMM]tryAll index=2
E/TrafficStats( 1673): [QCTMM]tryAll index=0
E/TrafficStats( 1673): [QCTMM]tryAll index=1
E/TrafficStats( 1673): [QCTMM]tryAll index=2
D/DATA    ( 1860): sentSinceLastRecv=0,watchdogTrigger=10,maxindex=0
D/UDP-TIMING(17001): 9832 0 -0.099257000
D/UDP-TIMING(17001): 9833 0 -0.106913000
D/UDP-TIMING(17001): 9834 0 -0.114590000
D/UDP-TIMING(17001): 9835 0 -0.122275000
D/UDP-TIMING(17001): 9836 0 -0.100390000
D/UDP-TIMING(17001): 9837 0 -0.108080000
D/UDP-TIMING(17001): 9838 0 -0.115775000
D/UDP-TIMING(17001): 9839 0 -0.123465000
D/UDP-TIMING(17001): 9840 0 -0.101244000
D/UDP-TIMING(17001): 9841 0 -0.108902000
D/UDP-TIMING(17001): 9842 0 -0.116584000
D/UDP-TIMING(17001): 9843 0 -0.124274000
D/UDP-TIMING(17001): 9844 0 -0.101625000
D/UDP-TIMING(17001): 9845 0 -0.109283000
D/UDP-TIMING(17001): 9846 0 -0.116914000
D/UDP-TIMING(17001): 9847 0 -0.124591000
D/UDP-TIMING(17001): 9848 0 -0.102644000
D/UDP-TIMING(17001): 9849 0 -0.110336000
D/UDP-TIMING(17001): 9850 0 -0.118034000
D/UDP-TIMING(17001): 9851 0 -0.125734000
D/UDP-TIMING(17001): 9852 0 -0.103062000
D/UDP-TIMING(17001): 9853 0 -0.110754000
D/UDP-TIMING(17001): 9854 0 -0.118455000
D/UDP-TIMING(17001): 9855 0 -0.126193000
D/UDP-TIMING(17001): 9856 0 -0.104257000
D/UDP-TIMING(17001): 9857 0 -0.111962000
D/UDP-TIMING(17001): 9858 0 -0.119661000
D/UDP-TIMING(17001): 9859 0 -0.097093000
D/UDP-TIMING(17001): 9860 0 -0.104758000
D/UDP-TIMING(17001): 9861 0 -0.112457000
D/UDP-TIMING(17001): 9862 0 -0.120133000
D/UDP-TIMING(17001): 9863 0 -0.127833000
D/UDP-TIMING(17001): 9864 0 -0.105847000
D/UDP-TIMING(17001): 9865 0 -0.113540000
D/UDP-TIMING(17001): 9866 0 -0.121213000
D/UDP-TIMING(17001): 9867 0 -0.098637000
D/UDP-TIMING(17001): 9868 0 -0.106326000
D/UDP-TIMING(17001): 9869 0 -0.114017000
D/UDP-TIMING(17001): 9870 0 -0.121715000
D/UDP-TIMING(17001): 9871 0 -0.099661000
D/UDP-TIMING(17001): 9872 0 -0.107338000
D/UDP-TIMING(17001): 9873 0 -0.115034000
D/UDP-TIMING(17001): 9874 0 -0.122730000
D/UDP-TIMING(17001): 9875 0 -0.100220000
D/UDP-TIMING(17001): 9876 0 -0.107916000
D/UDP-TIMING(17001): 9877 0 -0.115612000
D/UDP-TIMING(17001): 9878 0 -0.123310000
D/UDP-TIMING(17001): 9879 0 -0.101280000
D/UDP-TIMING(17001): 9880 0 -0.108979000
D/UDP-TIMING(17001): 9881 0 -0.116674000
D/UDP-TIMING(17001): 9882 0 -0.094378000
D/UDP-TIMING(17001): 9883 0 -0.102075000
D/UDP-TIMING(17001): 9884 0 -0.109773000
D/UDP-TIMING(17001): 9885 0 -0.117474000
D/UDP-TIMING(17001): 9886 0 -0.125171000
D/UDP-TIMING(17001): 9887 0 -0.102595000
D/UDP-TIMING(17001): 9888 0 -0.110288000
D/UDP-TIMING(17001): 9889 0 -0.117984000
D/UDP-TIMING(17001): 9890 0 -0.125687000
D/UDP-TIMING(17001): 9891 0 -0.103597000
D/UDP-TIMING(17001): 9892 0 -0.111309000
D/UDP-TIMING(17001): 9893 0 -0.119023000
D/UDP-TIMING(17001): 9894 0 -0.126715000
D/UDP-TIMING(17001): 9895 0 -0.104258000
D/UDP-TIMING(17001): 9896 0 -0.111916000
D/UDP-TIMING(17001): 9897 0 -0.119604000
D/UDP-TIMING(17001): 9898 0 -0.122698000
D/UDP-TIMING(17001): 9899 0 -0.107687000
D/UDP-TIMING(17001): 9900 0 -0.115323000
D/UDP-TIMING(17001): 9901 0 -0.122989000
D/UDP-TIMING(17001): 9902 0 -0.100389000
D/UDP-TIMING(17001): 9903 0 -0.107984000
D/UDP-TIMING(17001): 9904 0 -0.115608000
D/UDP-TIMING(17001): 9905 0 -0.123313000
D/UDP-TIMING(17001): 9906 0 -0.101310000
D/UDP-TIMING(17001): 9907 0 -0.108927000
D/UDP-TIMING(17001): 9908 0 -0.116519000
D/UDP-TIMING(17001): 9909 0 -0.124199000
D/UDP-TIMING(17001): 9910 0 -0.101521000
D/UDP-TIMING(17001): 9911 0 -0.109213000
D/UDP-TIMING(17001): 9912 0 -0.116879000
D/UDP-TIMING(17001): 9913 0 -0.124571000
D/UDP-TIMING(17001): 9914 0 -0.102659000
D/UDP-TIMING(17001): 9915 0 -0.110319000
D/UDP-TIMING(17001): 9916 0 -0.118009000
D/UDP-TIMING(17001): 9917 0 -0.095334000
D/UDP-TIMING(17001): 9918 0 -0.103028000
D/UDP-TIMING(17001): 9919 0 -0.110714000
D/UDP-TIMING(17001): 9920 0 -0.118333000
D/UDP-TIMING(17001): 9921 0 -0.126006000
D/UDP-TIMING(17001): 9922 0 -0.104097000
D/UDP-TIMING(17001): 9923 0 -0.111796000
D/UDP-TIMING(17001): 9924 0 -0.119477000
D/UDP-TIMING(17001): 9925 0 -0.096808000
D/UDP-TIMING(17001): 9926 0 -0.104505000
D/UDP-TIMING(17001): 9927 0 -0.112165000
D/UDP-TIMING(17001): 9928 0 -0.119860000
D/UDP-TIMING(17001): 9929 0 -0.127495000
E/TrafficStats( 1673): [QCTMM]tryAll index=0
E/TrafficStats( 1673): [QCTMM]tryAll index=1
E/TrafficStats( 1673): [QCTMM]tryAll index=2
D/UDP-TIMING(17001): 9930 0 -0.105435000
D/UDP-TIMING(17001): 9931 0 -0.113109000
D/UDP-TIMING(17001): 9932 0 -0.120775000
E/TrafficStats( 1673): [QCTMM]tryAll index=0
E/TrafficStats( 1673): [QCTMM]tryAll index=1
E/TrafficStats( 1673): [QCTMM]tryAll index=2
D/DATA    ( 1860): sentSinceLastRecv=0,watchdogTrigger=10,maxindex=0
D/UDP-TIMING(17001): 9933 0 -0.098166000
D/UDP-TIMING(17001): 9934 0 -0.105834000
D/UDP-TIMING(17001): 9935 0 -0.113492000
D/UDP-TIMING(17001): 9936 0 -0.121080000
D/UDP-TIMING(17001): 9937 0 -0.099139000
D/UDP-TIMING(17001): 9938 0 -0.106852000
D/UDP-TIMING(17001): 9939 0 -0.114457000
D/UDP-TIMING(17001): 9940 0 -0.122134000
D/UDP-TIMING(17001): 9941 0 -0.099516000
D/UDP-TIMING(17001): 9942 0 -0.107148000
D/UDP-TIMING(17001): 9943 0 -0.114798000
D/UDP-TIMING(17001): 9944 0 -0.092792000
D/UDP-TIMING(17001): 9945 0 -0.100444000
D/UDP-TIMING(17001): 9946 0 -0.108038000
D/UDP-TIMING(17001): 9947 0 -0.115710000
D/UDP-TIMING(17001): 9948 0 -0.123391000
D/UDP-TIMING(17001): 9949 0 -0.101056000
D/UDP-TIMING(17001): 9950 0 -0.108733000
D/UDP-TIMING(17001): 9951 0 -0.116419000
D/UDP-TIMING(17001): 9952 0 -0.124102000
D/UDP-TIMING(17001): 9953 0 -0.101495000
D/UDP-TIMING(17001): 9954 0 -0.109146000
D/UDP-TIMING(17001): 9955 0 -0.116830000
D/UDP-TIMING(17001): 9956 0 -0.124518000
D/UDP-TIMING(17001): 9957 0 -0.102504000
D/UDP-TIMING(17001): 9958 0 -0.110140000
D/UDP-TIMING(17001): 9959 0 -0.117811000
D/UDP-TIMING(17001): 9960 0 -0.125441000
D/UDP-TIMING(17001): 9961 0 -0.102836000
D/UDP-TIMING(17001): 9962 0 -0.110469000
D/UDP-TIMING(17001): 9963 0 -0.118151000
D/UDP-TIMING(17001): 9964 0 -0.125805000
D/UDP-TIMING(17001): 9965 0 -0.103761000
D/UDP-TIMING(17001): 9966 0 -0.111368000
D/UDP-TIMING(17001): 9967 0 -0.119047000
D/UDP-TIMING(17001): 9968 0 -0.096487000
D/UDP-TIMING(17001): 9969 0 -0.104178000
D/UDP-TIMING(17001): 9970 0 -0.111856000
D/UDP-TIMING(17001): 9971 0 -0.119532000
D/UDP-TIMING(17001): 9972 0 -0.127165000
D/UDP-TIMING(17001): 9973 0 -0.105088000
D/UDP-TIMING(17001): 9974 0 -0.112772000
D/UDP-TIMING(17001): 9975 0 -0.120422000
D/UDP-TIMING(17001): 9976 0 -0.097872000
D/UDP-TIMING(17001): 9977 0 -0.105558000
D/UDP-TIMING(17001): 9978 0 -0.113242000
D/UDP-TIMING(17001): 9979 0 -0.120926000
D/UDP-TIMING(17001): 9980 0 -0.098808000
D/UDP-TIMING(17001): 9981 0 -0.106490000
D/UDP-TIMING(17001): 9982 0 -0.114178000
D/UDP-TIMING(17001): 9983 0 -0.121847000
D/UDP-TIMING(17001): 9984 0 -0.099285000
D/UDP-TIMING(17001): 9985 0 -0.106902000
D/UDP-TIMING(17001): 9986 0 -0.114605000
D/UDP-TIMING(17001): 9987 0 -0.122285000
D/UDP-TIMING(17001): 9988 0 -0.100269000
D/UDP-TIMING(17001): 9989 0 -0.107922000
D/UDP-TIMING(17001): 9990 0 -0.115601000
D/UDP-TIMING(17001): 9991 0 -0.123285000
D/UDP-TIMING(17001): 9992 0 -0.100633000
D/UDP-TIMING(17001): 9993 0 -0.108264000
D/UDP-TIMING(17001): 9994 0 -0.115944000
D/UDP-TIMING(17001): 9995 0 -0.123628000
D/UDP-TIMING(17001): 9996 0 -0.101647000
D/UDP-TIMING(17001): 9997 0 -0.109326000
D/UDP-TIMING(17001): 9998 0 -0.117005000
D/UDP-TIMING(17001): 9999 0 -0.120727000
E/TrafficStats( 1673): [QCTMM]tryAll index=0
E/TrafficStats( 1673): [QCTMM]tryAll index=1
E/TrafficStats( 1673): [QCTMM]tryAll index=2
E/TrafficStats( 1673): [QCTMM]tryAll index=0
E/TrafficStats( 1673): [QCTMM]tryAll index=1
E/TrafficStats( 1673): [QCTMM]tryAll index=2
D/DATA    ( 1860): sentSinceLastRecv=0,watchdogTrigger=10,maxindex=0
E/TrafficStats( 1673): [QCTMM]tryAll index=0
E/TrafficStats( 1673): [QCTMM]tryAll index=1
E/TrafficStats( 1673): [QCTMM]tryAll index=2
E/TrafficStats( 1673): [QCTMM]tryAll index=0
E/TrafficStats( 1673): [QCTMM]tryAll index=1
E/TrafficStats( 1673): [QCTMM]tryAll index=2
D/DATA    ( 1860): sentSinceLastRecv=0,watchdogTrigger=10,maxindex=0
E/TrafficStats(16531): [QCTMM]tryAll index=0
E/TrafficStats(16531): [QCTMM]tryAll index=1
E/TrafficStats(16531): [QCTMM]tryAll index=2
E/TrafficStats(16531): [QCTMM]tryAll index=0
E/TrafficStats(16531): [QCTMM]tryAll index=1
E/TrafficStats(16531): [QCTMM]tryAll index=2
E/TrafficStats(16531): [QCTMM]tryAll index=0
E/TrafficStats(16531): [QCTMM]tryAll index=1
E/TrafficStats(16531): [QCTMM]tryAll index=2
E/TrafficStats(16531): [QCTMM]tryAll index=0
E/TrafficStats(16531): [QCTMM]tryAll index=1
E/TrafficStats(16531): [QCTMM]tryAll index=2
E/TrafficStats( 1673): [QCTMM]tryAll index=0
E/TrafficStats( 1673): [QCTMM]tryAll index=1
E/TrafficStats( 1673): [QCTMM]tryAll index=2
E/TrafficStats( 1673): [QCTMM]tryAll index=0
E/TrafficStats( 1673): [QCTMM]tryAll index=1
E/TrafficStats( 1673): [QCTMM]tryAll index=2
D/DATA    ( 1860): sentSinceLastRecv=0,watchdogTrigger=10,maxindex=0
E/TrafficStats( 1673): [QCTMM]tryAll index=0
E/TrafficStats( 1673): [QCTMM]tryAll index=1
E/TrafficStats( 1673): [QCTMM]tryAll index=2
E/TrafficStats( 1673): [QCTMM]tryAll index=0
E/TrafficStats( 1673): [QCTMM]tryAll index=1
E/TrafficStats( 1673): [QCTMM]tryAll index=2
D/DATA    ( 1860): sentSinceLastRecv=0,watchdogTrigger=10,maxindex=0
E/TrafficStats( 1673): [QCTMM]tryAll index=0
E/TrafficStats( 1673): [QCTMM]tryAll index=1
E/TrafficStats( 1673): [QCTMM]tryAll index=2
E/TrafficStats( 1673): [QCTMM]tryAll index=0
E/TrafficStats( 1673): [QCTMM]tryAll index=1
E/TrafficStats( 1673): [QCTMM]tryAll index=2
D/DATA    ( 1860): sentSinceLastRecv=0,watchdogTrigger=10,maxindex=0
E/TrafficStats( 1673): [QCTMM]tryAll index=0
E/TrafficStats( 1673): [QCTMM]tryAll index=1
E/TrafficStats( 1673): [QCTMM]tryAll index=2
E/TrafficStats( 1673): [QCTMM]tryAll index=0
E/TrafficStats( 1673): [QCTMM]tryAll index=1
E/TrafficStats( 1673): [QCTMM]tryAll index=2
D/DATA    ( 1860): sentSinceLastRecv=0,watchdogTrigger=10,maxindex=0
E/TrafficStats( 1673): [QCTMM]tryAll index=0
E/TrafficStats( 1673): [QCTMM]tryAll index=1
E/TrafficStats( 1673): [QCTMM]tryAll index=2
E/TrafficStats( 1673): [QCTMM]tryAll index=0
E/TrafficStats( 1673): [QCTMM]tryAll index=1
E/TrafficStats( 1673): [QCTMM]tryAll index=2
D/DATA    ( 1860): sentSinceLastRecv=0,watchdogTrigger=10,maxindex=0
E/TrafficStats( 1673): [QCTMM]tryAll index=0
E/TrafficStats( 1673): [QCTMM]tryAll index=1
E/TrafficStats( 1673): [QCTMM]tryAll index=2
E/TrafficStats( 1673): [QCTMM]tryAll index=0
E/TrafficStats( 1673): [QCTMM]tryAll index=1
E/TrafficStats( 1673): [QCTMM]tryAll index=2
D/DATA    ( 1860): sentSinceLastRecv=0,watchdogTrigger=10,maxindex=0
E/TrafficStats(16531): [QCTMM]tryAll index=0
E/TrafficStats(16531): [QCTMM]tryAll index=1
E/TrafficStats(16531): [QCTMM]tryAll index=2
E/TrafficStats(16531): [QCTMM]tryAll index=0
E/TrafficStats(16531): [QCTMM]tryAll index=1
E/TrafficStats(16531): [QCTMM]tryAll index=2
E/TrafficStats(16531): [QCTMM]tryAll index=0
E/TrafficStats(16531): [QCTMM]tryAll index=1
E/TrafficStats(16531): [QCTMM]tryAll index=2
E/TrafficStats(16531): [QCTMM]tryAll index=0
E/TrafficStats(16531): [QCTMM]tryAll index=1
E/TrafficStats(16531): [QCTMM]tryAll index=2
E/TrafficStats( 1673): [QCTMM]tryAll index=0
E/TrafficStats( 1673): [QCTMM]tryAll index=1
E/TrafficStats( 1673): [QCTMM]tryAll index=2
E/TrafficStats( 1673): [QCTMM]tryAll index=0
E/TrafficStats( 1673): [QCTMM]tryAll index=1
E/TrafficStats( 1673): [QCTMM]tryAll index=2
D/DATA    ( 1860): sentSinceLastRecv=0,watchdogTrigger=10,maxindex=0
D/StatusBarPolicy( 1816): iconIndex=1
V/StatusBarPolicy( 1816): cdmaLevel:4;max:4
D/StatusBarPolicy( 1816): iconLevel:4
I/PhoneInfo( 2188): getCdmaLevel - cdmaDbm: -73 cdmaEcio:-70
I/PhoneInfo( 2188): getEvdoLevel - evdoDbm: -120 evdoSnr:-1 evdoEcio:-1
I/PhoneInfo( 2188): getLteLevel - lteRsrp: -1 lteCqi:-1
E/TrafficStats( 1673): [QCTMM]tryAll index=0
E/TrafficStats( 1673): [QCTMM]tryAll index=1
E/TrafficStats( 1673): [QCTMM]tryAll index=2
E/TrafficStats( 1673): [QCTMM]tryAll index=0
E/TrafficStats( 1673): [QCTMM]tryAll index=1
E/TrafficStats( 1673): [QCTMM]tryAll index=2
D/DATA    ( 1860): sentSinceLastRecv=0,watchdogTrigger=10,maxindex=0
E/TrafficStats( 1673): [QCTMM]tryAll index=0
E/TrafficStats( 1673): [QCTMM]tryAll index=1
E/TrafficStats( 1673): [QCTMM]tryAll index=2
E/TrafficStats( 1673): [QCTMM]tryAll index=0
E/TrafficStats( 1673): [QCTMM]tryAll index=1
E/TrafficStats( 1673): [QCTMM]tryAll index=2
D/DATA    ( 1860): sentSinceLastRecv=0,watchdogTrigger=10,maxindex=0
E/TrafficStats( 1673): [QCTMM]tryAll index=0
E/TrafficStats( 1673): [QCTMM]tryAll index=1
E/TrafficStats( 1673): [QCTMM]tryAll index=2
E/TrafficStats( 1673): [QCTMM]tryAll index=0
E/TrafficStats( 1673): [QCTMM]tryAll index=1
E/TrafficStats( 1673): [QCTMM]tryAll index=2
D/DATA    ( 1860): sentSinceLastRecv=0,watchdogTrigger=10,maxindex=0
E/TrafficStats( 1673): [QCTMM]tryAll index=0
E/TrafficStats( 1673): [QCTMM]tryAll index=1
E/TrafficStats( 1673): [QCTMM]tryAll index=2
E/TrafficStats( 1673): [QCTMM]tryAll index=0
E/TrafficStats( 1673): [QCTMM]tryAll index=1
E/TrafficStats( 1673): [QCTMM]tryAll index=2
D/DATA    ( 1860): sentSinceLastRecv=0,watchdogTrigger=10,maxindex=0
D/StatusBarPolicy( 1816): iconIndex=1
V/StatusBarPolicy( 1816): cdmaLevel:3;max:4
D/StatusBarPolicy( 1816): iconLevel:3
E/TrafficStats( 1673): [QCTMM]tryAll index=0
E/TrafficStats( 1673): [QCTMM]tryAll index=1
E/TrafficStats( 1673): [QCTMM]tryAll index=2
E/TrafficStats( 1673): [QCTMM]tryAll index=0
E/TrafficStats( 1673): [QCTMM]tryAll index=1
E/TrafficStats( 1673): [QCTMM]tryAll index=2
D/DATA    ( 1860): sentSinceLastRecv=0,watchdogTrigger=10,maxindex=0
I/PhoneInfo( 2188): getCdmaLevel - cdmaDbm: -72 cdmaEcio:-90
I/PhoneInfo( 2188): getEvdoLevel - evdoDbm: -120 evdoSnr:-1 evdoEcio:-1
I/PhoneInfo( 2188): getLteLevel - lteRsrp: -1 lteCqi:-1
W/HtcEbdLog( 1553): [write_kernel_log] Need Rotate Log! g_outByteCount = 1048613
E/TrafficStats(16531): [QCTMM]tryAll index=0
E/TrafficStats(16531): [QCTMM]tryAll index=1
E/TrafficStats(16531): [QCTMM]tryAll index=2
E/TrafficStats(16531): [QCTMM]tryAll index=0
E/TrafficStats(16531): [QCTMM]tryAll index=1
E/TrafficStats(16531): [QCTMM]tryAll index=2
E/TrafficStats(16531): [QCTMM]tryAll index=0
E/TrafficStats(16531): [QCTMM]tryAll index=1
E/TrafficStats(16531): [QCTMM]tryAll index=2
E/TrafficStats(16531): [QCTMM]tryAll index=0
E/TrafficStats(16531): [QCTMM]tryAll index=1
E/TrafficStats(16531): [QCTMM]tryAll index=2
E/TrafficStats( 1673): [QCTMM]tryAll index=0
E/TrafficStats( 1673): [QCTMM]tryAll index=1
E/TrafficStats( 1673): [QCTMM]tryAll index=2
E/TrafficStats( 1673): [QCTMM]tryAll index=0
E/TrafficStats( 1673): [QCTMM]tryAll index=1
E/TrafficStats( 1673): [QCTMM]tryAll index=2
D/DATA    ( 1860): sentSinceLastRecv=0,watchdogTrigger=10,maxindex=0
E/TrafficStats(16531): [QCTMM]tryAll index=0
E/TrafficStats(16531): [QCTMM]tryAll index=1
E/TrafficStats(16531): [QCTMM]tryAll index=2
E/TrafficStats(16531): [QCTMM]tryAll index=0
E/TrafficStats(16531): [QCTMM]tryAll index=1
E/TrafficStats(16531): [QCTMM]tryAll index=2
E/TrafficStats(16531): [QCTMM]tryAll index=0
E/TrafficStats(16531): [QCTMM]tryAll index=1
E/TrafficStats(16531): [QCTMM]tryAll index=2
E/TrafficStats(16531): [QCTMM]tryAll index=0
E/TrafficStats(16531): [QCTMM]tryAll index=1
E/TrafficStats(16531): [QCTMM]tryAll index=2
D/Database(16531): dbopen(): path = /data/data/com.onavo.android.onavoid/databases/ui_events, flag = 6, file size = 14044160
D/Database(16531): dbopen(): path = /data/data/com.onavo.android.onavoid/databases/ui_events, mode: wal, disk free size: 2000 M, handle: 0x378018
D/Database(16531): dbclose(): path = /data/data/com.onavo.android.onavoid/databases/ui_events, handle = 0x378018
E/TrafficStats( 1673): [QCTMM]tryAll index=0
E/TrafficStats( 1673): [QCTMM]tryAll index=1
E/TrafficStats( 1673): [QCTMM]tryAll index=2
E/TrafficStats( 1673): [QCTMM]tryAll index=0
E/TrafficStats( 1673): [QCTMM]tryAll index=1
E/TrafficStats( 1673): [QCTMM]tryAll index=2
D/DATA    ( 1860): sentSinceLastRecv=0,watchdogTrigger=10,maxindex=0
E/TrafficStats( 1673): [QCTMM]tryAll index=0
E/TrafficStats( 1673): [QCTMM]tryAll index=1
E/TrafficStats( 1673): [QCTMM]tryAll index=2
E/TrafficStats( 1673): [QCTMM]tryAll index=0
E/TrafficStats( 1673): [QCTMM]tryAll index=1
E/TrafficStats( 1673): [QCTMM]tryAll index=2
D/DATA    ( 1860): sentSinceLastRecv=0,watchdogTrigger=10,maxindex=0
E/TrafficStats( 1673): [QCTMM]tryAll index=0
E/TrafficStats( 1673): [QCTMM]tryAll index=1
E/TrafficStats( 1673): [QCTMM]tryAll index=2
E/TrafficStats( 1673): [QCTMM]tryAll index=0
E/TrafficStats( 1673): [QCTMM]tryAll index=1
E/TrafficStats( 1673): [QCTMM]tryAll index=2
D/DATA    ( 1860): sentSinceLastRecv=0,watchdogTrigger=10,maxindex=0
D/StatusBarPolicy( 1816): iconIndex=1
V/StatusBarPolicy( 1816): cdmaLevel:2;max:4
D/StatusBarPolicy( 1816): iconLevel:2
I/PhoneInfo( 2188): getCdmaLevel - cdmaDbm: -73 cdmaEcio:-110
I/PhoneInfo( 2188): getEvdoLevel - evdoDbm: -120 evdoSnr:-1 evdoEcio:-1
I/PhoneInfo( 2188): getLteLevel - lteRsrp: -1 lteCqi:-1
E/TrafficStats( 1673): [QCTMM]tryAll index=0
E/TrafficStats( 1673): [QCTMM]tryAll index=1
E/TrafficStats( 1673): [QCTMM]tryAll index=2
E/TrafficStats( 1673): [QCTMM]tryAll index=0
E/TrafficStats( 1673): [QCTMM]tryAll index=1
E/TrafficStats( 1673): [QCTMM]tryAll index=2
D/DATA    ( 1860): sentSinceLastRecv=0,watchdogTrigger=10,maxindex=0
E/TrafficStats( 1673): [QCTMM]tryAll index=0
E/TrafficStats( 1673): [QCTMM]tryAll index=1
E/TrafficStats( 1673): [QCTMM]tryAll index=2
E/TrafficStats( 1673): [QCTMM]tryAll index=0
E/TrafficStats( 1673): [QCTMM]tryAll index=1
E/TrafficStats( 1673): [QCTMM]tryAll index=2
D/DATA    ( 1860): sentSinceLastRecv=0,watchdogTrigger=10,maxindex=0
E/TrafficStats(16531): [QCTMM]tryAll index=0
E/TrafficStats(16531): [QCTMM]tryAll index=1
E/TrafficStats(16531): [QCTMM]tryAll index=2
E/TrafficStats(16531): [QCTMM]tryAll index=0
E/TrafficStats(16531): [QCTMM]tryAll index=1
E/TrafficStats(16531): [QCTMM]tryAll index=2
E/TrafficStats(16531): [QCTMM]tryAll index=0
E/TrafficStats(16531): [QCTMM]tryAll index=1
E/TrafficStats(16531): [QCTMM]tryAll index=2
E/TrafficStats(16531): [QCTMM]tryAll index=0
E/TrafficStats(16531): [QCTMM]tryAll index=1
E/TrafficStats(16531): [QCTMM]tryAll index=2
D/dalvikvm(16531): GC_CONCURRENT freed 406K, 51% free 3284K/6599K, external 0K/0K, paused 6ms+2ms
E/TrafficStats( 1673): [QCTMM]tryAll index=0
E/TrafficStats( 1673): [QCTMM]tryAll index=1
E/TrafficStats( 1673): [QCTMM]tryAll index=2
E/TrafficStats( 1673): [QCTMM]tryAll index=0
E/TrafficStats( 1673): [QCTMM]tryAll index=1
E/TrafficStats( 1673): [QCTMM]tryAll index=2
D/DATA    ( 1860): sentSinceLastRecv=0,watchdogTrigger=10,maxindex=0
D/Database(16531): dbopen(): path = /data/data/com.onavo.android.onavoid/databases/ui_events, flag = 6, file size = 14044160
D/Database(16531): dbopen(): path = /data/data/com.onavo.android.onavoid/databases/ui_events, mode: wal, disk free size: 2000 M, handle: 0x378018
D/Database(16531): dbclose(): path = /data/data/com.onavo.android.onavoid/databases/ui_events, handle = 0x378018
E/TrafficStats( 1673): [QCTMM]tryAll index=0
E/TrafficStats( 1673): [QCTMM]tryAll index=1
E/TrafficStats( 1673): [QCTMM]tryAll index=2
E/TrafficStats( 1673): [QCTMM]tryAll index=0
E/TrafficStats( 1673): [QCTMM]tryAll index=1
E/TrafficStats( 1673): [QCTMM]tryAll index=2
D/DATA    ( 1860): sentSinceLastRecv=0,watchdogTrigger=10,maxindex=0
E/TrafficStats( 1673): [QCTMM]tryAll index=0
E/TrafficStats( 1673): [QCTMM]tryAll index=1
E/TrafficStats( 1673): [QCTMM]tryAll index=2
E/TrafficStats( 1673): [QCTMM]tryAll index=0
E/TrafficStats( 1673): [QCTMM]tryAll index=1
E/TrafficStats( 1673): [QCTMM]tryAll index=2
D/DATA    ( 1860): [QCTMM] DataNetStatistics sent == 0 && received == 0 newActivity=NONE
D/DATA    ( 1860): [PhoneNotifier] notifyDataActivityLTE
D/DATA    ( 1860): [QCTMM] DataNetStatistics mIsScreenOn newActivity=NONE
D/DATA    ( 1860): sentSinceLastRecv=0,watchdogTrigger=10,maxindex=0
D/StatusBarPolicy( 1816): hasService()=true ,mDataState=2 ,mPhone.htcModemLinkOn()=false ,mDataActivity=0
D/StatusBarPolicy( 1816): slotType[0]=RUIM
E/TrafficStats( 1673): [QCTMM]tryAll index=0
E/TrafficStats( 1673): [QCTMM]tryAll index=1
E/TrafficStats( 1673): [QCTMM]tryAll index=2
E/TrafficStats( 1673): [QCTMM]tryAll index=0
E/TrafficStats( 1673): [QCTMM]tryAll index=1
E/TrafficStats( 1673): [QCTMM]tryAll index=2
D/DATA    ( 1860): [QCTMM] DataNetStatistics sent == 0 && received == 0 newActivity=NONE
D/DATA    ( 1860): sentSinceLastRecv=0,watchdogTrigger=10,maxindex=0
E/TrafficStats( 1673): [QCTMM]tryAll index=0
E/TrafficStats( 1673): [QCTMM]tryAll index=1
E/TrafficStats( 1673): [QCTMM]tryAll index=2
E/TrafficStats( 1673): [QCTMM]tryAll index=0
E/TrafficStats( 1673): [QCTMM]tryAll index=1
E/TrafficStats( 1673): [QCTMM]tryAll index=2
D/DATA    ( 1860): [QCTMM] DataNetStatistics sent == 0 && received == 0 newActivity=NONE
D/DATA    ( 1860): sentSinceLastRecv=0,watchdogTrigger=10,maxindex=0
E/TrafficStats( 1673): [QCTMM]tryAll index=0
E/TrafficStats( 1673): [QCTMM]tryAll index=1
E/TrafficStats( 1673): [QCTMM]tryAll index=2
E/TrafficStats( 1673): [QCTMM]tryAll index=0
E/TrafficStats( 1673): [QCTMM]tryAll index=1
E/TrafficStats( 1673): [QCTMM]tryAll index=2
D/DATA    ( 1860): [QCTMM] DataNetStatistics sent == 0 && received == 0 newActivity=NONE
D/DATA    ( 1860): sentSinceLastRecv=0,watchdogTrigger=10,maxindex=0
E/TrafficStats( 1673): [QCTMM]tryAll index=0
E/TrafficStats( 1673): [QCTMM]tryAll index=1
E/TrafficStats( 1673): [QCTMM]tryAll index=2
E/TrafficStats( 1673): [QCTMM]tryAll index=0
E/TrafficStats( 1673): [QCTMM]tryAll index=1
E/TrafficStats( 1673): [QCTMM]tryAll index=2
D/DATA    ( 1860): [QCTMM] DataNetStatistics sent == 0 && received == 0 newActivity=NONE
D/DATA    ( 1860): sentSinceLastRecv=0,watchdogTrigger=10,maxindex=0
E/TrafficStats(16531): [QCTMM]tryAll index=0
E/TrafficStats(16531): [QCTMM]tryAll index=1
E/TrafficStats(16531): [QCTMM]tryAll index=2
E/TrafficStats(16531): [QCTMM]tryAll index=0
E/TrafficStats(16531): [QCTMM]tryAll index=1
E/TrafficStats(16531): [QCTMM]tryAll index=2
E/TrafficStats(16531): [QCTMM]tryAll index=0
E/TrafficStats(16531): [QCTMM]tryAll index=1
E/TrafficStats(16531): [QCTMM]tryAll index=2
E/TrafficStats(16531): [QCTMM]tryAll index=0
E/TrafficStats(16531): [QCTMM]tryAll index=1
E/TrafficStats(16531): [QCTMM]tryAll index=2
E/TrafficStats( 1673): [QCTMM]tryAll index=0
E/TrafficStats( 1673): [QCTMM]tryAll index=1
E/TrafficStats( 1673): [QCTMM]tryAll index=2
E/TrafficStats( 1673): [QCTMM]tryAll index=0
E/TrafficStats( 1673): [QCTMM]tryAll index=1
E/TrafficStats( 1673): [QCTMM]tryAll index=2
D/DATA    ( 1860): [QCTMM] DataNetStatistics sent == 0 && received == 0 newActivity=NONE
D/DATA    ( 1860): sentSinceLastRecv=0,watchdogTrigger=10,maxindex=0
E/TrafficStats( 1673): [QCTMM]tryAll index=0
E/TrafficStats( 1673): [QCTMM]tryAll index=1
E/TrafficStats( 1673): [QCTMM]tryAll index=2
E/TrafficStats( 1673): [QCTMM]tryAll index=0
E/TrafficStats( 1673): [QCTMM]tryAll index=1
E/TrafficStats( 1673): [QCTMM]tryAll index=2
D/DATA    ( 1860): [QCTMM] DataNetStatistics sent == 0 && received == 0 newActivity=NONE
D/DATA    ( 1860): sentSinceLastRecv=0,watchdogTrigger=10,maxindex=0
D/StatusBarPolicy( 1816): iconIndex=1
V/StatusBarPolicy( 1816): cdmaLevel:4;max:4
D/StatusBarPolicy( 1816): iconLevel:4
I/PhoneInfo( 2188): getCdmaLevel - cdmaDbm: -72 cdmaEcio:-80
I/PhoneInfo( 2188): getEvdoLevel - evdoDbm: -120 evdoSnr:-1 evdoEcio:-1
I/PhoneInfo( 2188): getLteLevel - lteRsrp: -1 lteCqi:-1
E/TrafficStats( 1673): [QCTMM]tryAll index=0
E/TrafficStats( 1673): [QCTMM]tryAll index=1
E/TrafficStats( 1673): [QCTMM]tryAll index=2
E/TrafficStats( 1673): [QCTMM]tryAll index=0
E/TrafficStats( 1673): [QCTMM]tryAll index=1
E/TrafficStats( 1673): [QCTMM]tryAll index=2
D/DATA    ( 1860): [QCTMM] DataNetStatistics sent == 0 && received == 0 newActivity=NONE
D/DATA    ( 1860): sentSinceLastRecv=0,watchdogTrigger=10,maxindex=0
E/TrafficStats( 1673): [QCTMM]tryAll index=0
E/TrafficStats( 1673): [QCTMM]tryAll index=1
E/TrafficStats( 1673): [QCTMM]tryAll index=2
E/TrafficStats( 1673): [QCTMM]tryAll index=0
E/TrafficStats( 1673): [QCTMM]tryAll index=1
E/TrafficStats( 1673): [QCTMM]tryAll index=2
D/DATA    ( 1860): [QCTMM] DataNetStatistics sent == 0 && received == 0 newActivity=NONE
D/DATA    ( 1860): sentSinceLastRecv=0,watchdogTrigger=10,maxindex=0
D/MMDCT   ( 1860): onDCLChanged dcs=DataCallState: { cid: 0, active: 1, type: IP, apn: vzwinternet, address: 10.174.234.255 }
D/MMDCT   ( 1860): onDCLChanged dcs=DataCallState: { cid: 1, active: 2, type: IPV6, apn: vzwinternet, address: 2600:1000:b022:700a:f3ca:40ba:6903:3d04 }
D/MMDCT   ( 1860): onDCLChanged dcs=DataCallState: { cid: 2, active: 0, type: null, apn: null, address: null }
D/MMDCT   ( 1860): onDCLChanged dcs=DataCallState: { cid: 3, active: 0, type: null, apn: null, address: null }
D/MMDCT   ( 1860): onDCLChanged dcs=DataCallState: { cid: 4, active: 0, type: null, apn: null, address: null }
D/MMDCT   ( 1860): onDCLChanged dcs=DataCallState: { cid: 5, active: 0, type: null, apn: null, address: null }
D/MMDCT   ( 1860): onDCLChanged dcs=DataCallState: { cid: 6, active: 0, type: null, apn: null, address: null }
D/MMDCT   ( 1860): onDCLChanged dcs=DataCallState: { cid: 7, active: 0, type: null, apn: null, address: null }
D/MMDCT   ( 1860): onDCLChanged dcs=DataCallState: { cid: 8, active: 0, type: null, apn: null, address: null }
D/MMDCT   ( 1860): onDCLChanged dcs=DataCallState: { cid: 9, active: 0, type: null, apn: null, address: null }
D/MMDCT   ( 1860): onDCLChanged dcs=DataCallState: { cid: 10, active: 0, type: null, apn: null, address: null }
D/MMDCT   ( 1860): onDCLChanged dcs=DataCallState: { cid: 11, active: 0, type: null, apn: null, address: null }
D/MMDCT   ( 1860): onDCLChanged dcs=DataCallState: { cid: 12, active: 0, type: null, apn: null, address: null }
D/MMDCT   ( 1860): onDCLChanged dcs=DataCallState: { cid: 13, active: 0, type: null, apn: null, address: null }
D/MMDCT   ( 1860): onDCLChanged dcs=DataCallState: { cid: 14, active: 0, type: null, apn: null, address: null }
D/MMDCT   ( 1860): onDCLChanged dcs=DataCallState: { cid: 15, active: 0, type: null, apn: null, address: null }
D/MMDCT   ( 1860): onDCLChanged dcs=DataCallState: { cid: 16, active: 0, type: null, apn: null, address: null }
D/MMDCT   ( 1860): onDCLChanged dcs=DataCallState: { cid: 17, active: 0, type: null, apn: null, address: null }
D/MMDCT   ( 1860): onDCLChanged dcs=DataCallState: { cid: 18, active: 0, type: null, apn: null, address: null }
D/MMDCT   ( 1860): onDCLChanged dcs=DataCallState: { cid: 19, active: 0, type: null, apn: null, address: null }
D/MMDCT   ( 1860): onDCLChanged() DC is active : activeDC.active=1
D/MMDCT   ( 1860): onDCLChanged() DC is active : activeDC.active=2
D/MMDCT   ( 1860):  ======= check all DC disconnected ======= 
D/MMDCT   ( 1860): DC-0: state=DcActiveState if=rmnet_sdio0 ip=10.174.234.255 ipv=IPV4
D/MMDCT   ( 1860): DC-1: state=DcActiveState if=rmnet_sdio1 ip=2600:1000:b022:700a:f3ca:40ba:6903:3d04 ipv=IPV6
D/MMDCT   ( 1860): DC-2: state=DcInactiveState if=null ip=null ipv=null
D/MMDCT   ( 1860): DC-3: state=DcInactiveState if=null ip=null ipv=null
D/MMDCT   ( 1860): DC-4: state=DcInactiveState if=null ip=null ipv=null
D/MMDCT   ( 1860): DC-5: state=DcInactiveState if=null ip=null ipv=null
D/MMDCT   ( 1860): DC-6: state=DcInactiveState if=null ip=null ipv=null
D/MMDCT   ( 1860): DC-7: state=DcInactiveState if=null ip=null ipv=null
D/MMDCT   ( 1860): ifAllDataDisconnected ret=false
D/DATA    ( 1860): [QCTMM]isEnablePoll   enablePoll=true
D/MMDCT   ( 1860): onDCLChanged() DA=NONE
D/MMDCT   ( 1860): onDCLChanged() notifyDA() now
D/DATA    ( 1860): [PhoneNotifier] notifyDataActivityLTE
D/StatusBarPolicy( 1816): hasService()=true ,mDataState=2 ,mPhone.htcModemLinkOn()=false ,mDataActivity=0
D/StatusBarPolicy( 1816): slotType[0]=RUIM
E/TrafficStats( 1673): [QCTMM]tryAll index=0
E/TrafficStats( 1673): [QCTMM]tryAll index=1
E/TrafficStats( 1673): [QCTMM]tryAll index=2
E/TrafficStats( 1673): [QCTMM]tryAll index=0
E/TrafficStats( 1673): [QCTMM]tryAll index=1
E/TrafficStats( 1673): [QCTMM]tryAll index=2
D/DATA    ( 1860): [QCTMM] DataNetStatistics sent == 0 && received == 0 newActivity=NONE
D/DATA    ( 1860): sentSinceLastRecv=0,watchdogTrigger=10,maxindex=0
E/TrafficStats( 1673): [QCTMM]tryAll index=0
E/TrafficStats( 1673): [QCTMM]tryAll index=1
E/TrafficStats( 1673): [QCTMM]tryAll index=2
E/TrafficStats( 1673): [QCTMM]tryAll index=0
E/TrafficStats( 1673): [QCTMM]tryAll index=1
E/TrafficStats( 1673): [QCTMM]tryAll index=2
D/DATA    ( 1860): [QCTMM] DataNetStatistics sent == 0 && received == 0 newActivity=NONE
D/DATA    ( 1860): sentSinceLastRecv=0,watchdogTrigger=10,maxindex=0
E/TrafficStats(16531): [QCTMM]tryAll index=0
E/TrafficStats(16531): [QCTMM]tryAll index=1
E/TrafficStats(16531): [QCTMM]tryAll index=2
E/TrafficStats(16531): [QCTMM]tryAll index=0
E/TrafficStats(16531): [QCTMM]tryAll index=1
E/TrafficStats(16531): [QCTMM]tryAll index=2
E/TrafficStats(16531): [QCTMM]tryAll index=0
E/TrafficStats(16531): [QCTMM]tryAll index=1
E/TrafficStats(16531): [QCTMM]tryAll index=2
E/TrafficStats(16531): [QCTMM]tryAll index=0
E/TrafficStats(16531): [QCTMM]tryAll index=1
E/TrafficStats(16531): [QCTMM]tryAll index=2
D/Database(16531): dbopen(): path = /data/data/com.onavo.android.onavoid/databases/ui_events, flag = 6, file size = 14044160
D/Database(16531): dbopen(): path = /data/data/com.onavo.android.onavoid/databases/ui_events, mode: wal, disk free size: 2000 M, handle: 0x378018
D/Database(16531): dbclose(): path = /data/data/com.onavo.android.onavoid/databases/ui_events, handle = 0x378018
D/StatusBarPolicy( 1816): iconIndex=1
V/StatusBarPolicy( 1816): cdmaLevel:3;max:4
D/StatusBarPolicy( 1816): iconLevel:3
I/PhoneInfo( 2188): getCdmaLevel - cdmaDbm: -72 cdmaEcio:-100
I/PhoneInfo( 2188): getEvdoLevel - evdoDbm: -120 evdoSnr:-1 evdoEcio:-1
I/PhoneInfo( 2188): getLteLevel - lteRsrp: -1 lteCqi:-1
E/TrafficStats( 1673): [QCTMM]tryAll index=0
E/TrafficStats( 1673): [QCTMM]tryAll index=1
E/TrafficStats( 1673): [QCTMM]tryAll index=2
E/TrafficStats( 1673): [QCTMM]tryAll index=0
E/TrafficStats( 1673): [QCTMM]tryAll index=1
E/TrafficStats( 1673): [QCTMM]tryAll index=2
D/DATA    ( 1860): [QCTMM] DataNetStatistics sent == 0 && received == 0 newActivity=NONE
D/DATA    ( 1860): sentSinceLastRecv=0,watchdogTrigger=10,maxindex=0
V/DeviceStorageMonitorService( 1673): freeMemory=2097885184
D/DeviceStorageMonitorService( 1673): OoO SMS Memory available. SMS_AVAILABLE_THRESHOLD == 524288
I/DeviceStorageMonitorService( 1673): Posting Message again
E/TrafficStats( 1673): [QCTMM]tryAll index=0
E/TrafficStats( 1673): [QCTMM]tryAll index=1
E/TrafficStats( 1673): [QCTMM]tryAll index=2
E/TrafficStats( 1673): [QCTMM]tryAll index=0
E/TrafficStats( 1673): [QCTMM]tryAll index=1
E/TrafficStats( 1673): [QCTMM]tryAll index=2
D/DATA    ( 1860): [QCTMM] DataNetStatistics sent == 0 && received == 0 newActivity=NONE
D/DATA    ( 1860): sentSinceLastRecv=0,watchdogTrigger=10,maxindex=0
E/TrafficStats( 1673): [QCTMM]tryAll index=0
E/TrafficStats( 1673): [QCTMM]tryAll index=1
E/TrafficStats( 1673): [QCTMM]tryAll index=2
E/TrafficStats( 1673): [QCTMM]tryAll index=0
E/TrafficStats( 1673): [QCTMM]tryAll index=1
E/TrafficStats( 1673): [QCTMM]tryAll index=2
D/DATA    ( 1860): [QCTMM] DataNetStatistics sent == 0 && received == 0 newActivity=NONE
D/DATA    ( 1860): sentSinceLastRecv=0,watchdogTrigger=10,maxindex=0
E/TrafficStats( 1673): [QCTMM]tryAll index=0
E/TrafficStats( 1673): [QCTMM]tryAll index=1
E/TrafficStats( 1673): [QCTMM]tryAll index=2
E/TrafficStats( 1673): [QCTMM]tryAll index=0
E/TrafficStats( 1673): [QCTMM]tryAll index=1
E/TrafficStats( 1673): [QCTMM]tryAll index=2
D/DATA    ( 1860): [QCTMM] DataNetStatistics sent == 0 && received == 0 newActivity=NONE
D/DATA    ( 1860): sentSinceLastRecv=0,watchdogTrigger=10,maxindex=0
E/TrafficStats( 1673): [QCTMM]tryAll index=0
E/TrafficStats( 1673): [QCTMM]tryAll index=1
E/TrafficStats( 1673): [QCTMM]tryAll index=2
E/TrafficStats( 1673): [QCTMM]tryAll index=0
E/TrafficStats( 1673): [QCTMM]tryAll index=1
E/TrafficStats( 1673): [QCTMM]tryAll index=2
D/DATA    ( 1860): [QCTMM] DataNetStatistics sent == 0 && received == 0 newActivity=NONE
D/DATA    ( 1860): sentSinceLastRecv=0,watchdogTrigger=10,maxindex=0
E/TrafficStats(16531): [QCTMM]tryAll index=0
E/TrafficStats(16531): [QCTMM]tryAll index=1
E/TrafficStats(16531): [QCTMM]tryAll index=2
E/TrafficStats(16531): [QCTMM]tryAll index=0
E/TrafficStats(16531): [QCTMM]tryAll index=1
E/TrafficStats(16531): [QCTMM]tryAll index=2
E/TrafficStats(16531): [QCTMM]tryAll index=0
E/TrafficStats(16531): [QCTMM]tryAll index=1
E/TrafficStats(16531): [QCTMM]tryAll index=2
E/TrafficStats(16531): [QCTMM]tryAll index=0
E/TrafficStats(16531): [QCTMM]tryAll index=1
E/TrafficStats(16531): [QCTMM]tryAll index=2
E/TrafficStats( 1673): [QCTMM]tryAll index=0
E/TrafficStats( 1673): [QCTMM]tryAll index=1
E/TrafficStats( 1673): [QCTMM]tryAll index=2
E/TrafficStats( 1673): [QCTMM]tryAll index=0
E/TrafficStats( 1673): [QCTMM]tryAll index=1
E/TrafficStats( 1673): [QCTMM]tryAll index=2
D/DATA    ( 1860): [QCTMM] DataNetStatistics sent == 0 && received == 0 newActivity=NONE
D/DATA    ( 1860): sentSinceLastRecv=0,watchdogTrigger=10,maxindex=0
D/Database(16531): dbopen(): path = /data/data/com.onavo.android.onavoid/databases/ui_events, flag = 6, file size = 14044160
D/Database(16531): dbopen(): path = /data/data/com.onavo.android.onavoid/databases/ui_events, mode: wal, disk free size: 2000 M, handle: 0x378018
D/Database(16531): dbclose(): path = /data/data/com.onavo.android.onavoid/databases/ui_events, handle = 0x378018
E/TrafficStats( 1673): [QCTMM]tryAll index=0
E/TrafficStats( 1673): [QCTMM]tryAll index=1
E/TrafficStats( 1673): [QCTMM]tryAll index=2
E/TrafficStats( 1673): [QCTMM]tryAll index=0
E/TrafficStats( 1673): [QCTMM]tryAll index=1
E/TrafficStats( 1673): [QCTMM]tryAll index=2
D/DATA    ( 1860): [QCTMM] DataNetStatistics sent == 0 && received == 0 newActivity=NONE
D/DATA    ( 1860): sentSinceLastRecv=0,watchdogTrigger=10,maxindex=0
E/TrafficStats( 1673): [QCTMM]tryAll index=0
E/TrafficStats( 1673): [QCTMM]tryAll index=1
E/TrafficStats( 1673): [QCTMM]tryAll index=2
E/TrafficStats( 1673): [QCTMM]tryAll index=0
E/TrafficStats( 1673): [QCTMM]tryAll index=1
E/TrafficStats( 1673): [QCTMM]tryAll index=2
D/DATA    ( 1860): [QCTMM] DataNetStatistics sent == 0 && received == 0 newActivity=NONE
D/DATA    ( 1860): sentSinceLastRecv=0,watchdogTrigger=10,maxindex=0
