D/UDP-TIMING(17001): 3942 0 -0.114576000
D/UDP-TIMING(17001): 3943 0 -0.119757000
D/UDP-TIMING(17001): 3944 0 -0.124934000
E/TrafficStats( 1673): [QCTMM]tryAll index=0
E/TrafficStats( 1673): [QCTMM]tryAll index=1
E/TrafficStats( 1673): [QCTMM]tryAll index=2
E/TrafficStats( 1673): [QCTMM]tryAll index=0
D/UDP-TIMING(17001): 3945 0 -0.099668000
D/UDP-TIMING(17001): 3946 0 -0.104798000
D/UDP-TIMING(17001): 3947 0 -0.109974000
D/UDP-TIMING(17001): 3948 0 -0.115153000
D/UDP-TIMING(17001): 3949 0 -0.120331000
D/UDP-TIMING(17001): 3950 0 -0.125483000
E/TrafficStats( 1673): [QCTMM]tryAll index=1
E/TrafficStats( 1673): [QCTMM]tryAll index=2
D/DATA    ( 1860): sentSinceLastRecv=0,watchdogTrigger=10,maxindex=0
D/UDP-TIMING(17001): 3951 0 -0.101003000
D/UDP-TIMING(17001): 3952 0 -0.106184000
D/UDP-TIMING(17001): 3953 0 -0.111331000
D/UDP-TIMING(17001): 3954 0 -0.116509000
D/UDP-TIMING(17001): 3955 0 -0.121689000
D/UDP-TIMING(17001): 3956 0 -0.126869000
D/UDP-TIMING(17001): 3957 0 -0.102565000
D/UDP-TIMING(17001): 3958 0 -0.107747000
D/UDP-TIMING(17001): 3959 0 -0.112930000
D/UDP-TIMING(17001): 3960 0 -0.118108000
D/UDP-TIMING(17001): 3961 0 -0.123290000
D/UDP-TIMING(17001): 3962 0 -0.128454000
D/UDP-TIMING(17001): 3963 0 -0.103756000
D/UDP-TIMING(17001): 3964 0 -0.108845000
D/UDP-TIMING(17001): 3965 0 -0.114021000
D/UDP-TIMING(17001): 3966 0 -0.119196000
D/UDP-TIMING(17001): 3967 0 -0.124372000
D/UDP-TIMING(17001): 3968 0 -0.099202000
D/UDP-TIMING(17001): 3969 0 -0.104381000
D/UDP-TIMING(17001): 3970 0 -0.109561000
D/UDP-TIMING(17001): 3971 0 -0.114739000
D/UDP-TIMING(17001): 3972 0 -0.119915000
D/UDP-TIMING(17001): 3973 0 -0.125064000
D/UDP-TIMING(17001): 3974 0 -0.099767000
D/UDP-TIMING(17001): 3975 0 -0.104895000
D/UDP-TIMING(17001): 3976 0 -0.110034000
D/UDP-TIMING(17001): 3977 0 -0.115164000
D/UDP-TIMING(17001): 3978 0 -0.120296000
D/UDP-TIMING(17001): 3979 0 -0.125392000
D/UDP-TIMING(17001): 3980 0 -0.100796000
D/UDP-TIMING(17001): 3981 0 -0.105891000
D/UDP-TIMING(17001): 3982 0 -0.111015000
D/UDP-TIMING(17001): 3983 0 -0.116142000
D/UDP-TIMING(17001): 3984 0 -0.121266000
D/UDP-TIMING(17001): 3985 0 -0.126392000
D/UDP-TIMING(17001): 3986 0 -0.101241000
D/UDP-TIMING(17001): 3987 0 -0.106367000
D/UDP-TIMING(17001): 3988 0 -0.111493000
D/UDP-TIMING(17001): 3989 0 -0.116587000
D/UDP-TIMING(17001): 3990 0 -0.121712000
D/UDP-TIMING(17001): 3991 0 -0.126837000
D/UDP-TIMING(17001): 3992 0 -0.102293000
D/UDP-TIMING(17001): 3993 0 -0.107423000
D/UDP-TIMING(17001): 3994 0 -0.112549000
D/UDP-TIMING(17001): 3995 0 -0.117674000
D/UDP-TIMING(17001): 3996 0 -0.092528000
D/UDP-TIMING(17001): 3997 0 -0.097619000
D/UDP-TIMING(17001): 3998 0 -0.102746000
D/UDP-TIMING(17001): 3999 0 -0.107858000
D/UDP-TIMING(17001): 4000 0 -0.112990000
D/UDP-TIMING(17001): 4001 0 -0.118115000
D/UDP-TIMING(17001): 4002 0 -0.123214000
D/UDP-TIMING(17001): 4003 0 -0.128339000
D/UDP-TIMING(17001): 4004 0 -0.103776000
D/UDP-TIMING(17001): 4005 0 -0.108903000
D/UDP-TIMING(17001): 4006 0 -0.114091000
D/UDP-TIMING(17001): 4007 0 -0.119313000
D/UDP-TIMING(17001): 4008 0 -0.094258000
D/UDP-TIMING(17001): 4009 0 -0.099390000
D/UDP-TIMING(17001): 4010 0 -0.104582000
D/UDP-TIMING(17001): 4011 0 -0.109742000
D/UDP-TIMING(17001): 4012 0 -0.114917000
D/UDP-TIMING(17001): 4013 0 -0.120112000
D/UDP-TIMING(17001): 4014 0 -0.125291000
D/UDP-TIMING(17001): 4015 0 -0.100756000
D/UDP-TIMING(17001): 4016 0 -0.105942000
D/UDP-TIMING(17001): 4017 0 -0.111105000
D/UDP-TIMING(17001): 4018 0 -0.116270000
D/UDP-TIMING(17001): 4019 0 -0.121467000
D/UDP-TIMING(17001): 4020 0 -0.126644000
D/UDP-TIMING(17001): 4021 0 -0.101593000
D/UDP-TIMING(17001): 4022 0 -0.106782000
D/UDP-TIMING(17001): 4023 0 -0.111977000
D/UDP-TIMING(17001): 4024 0 -0.117178000
D/UDP-TIMING(17001): 4025 0 -0.122371000
D/UDP-TIMING(17001): 4026 0 -0.097869000
D/UDP-TIMING(17001): 4027 0 -0.103028000
D/UDP-TIMING(17001): 4028 0 -0.108118000
D/UDP-TIMING(17001): 4029 0 -0.113304000
D/UDP-TIMING(17001): 4030 0 -0.118484000
D/UDP-TIMING(17001): 4031 0 -0.093277000
D/UDP-TIMING(17001): 4032 0 -0.098472000
D/UDP-TIMING(17001): 4033 0 -0.103704000
D/UDP-TIMING(17001): 4034 0 -0.108842000
D/UDP-TIMING(17001): 4035 0 -0.114029000
D/UDP-TIMING(17001): 4036 0 -0.119195000
D/UDP-TIMING(17001): 4037 0 -0.094750000
D/UDP-TIMING(17001): 4038 0 -0.099881000
D/UDP-TIMING(17001): 4039 0 -0.105070000
D/StatusBarPolicy( 1816): iconIndex=1
V/StatusBarPolicy( 1816): cdmaLevel:4;max:4
D/StatusBarPolicy( 1816): iconLevel:4
I/PhoneInfo( 2188): getCdmaLevel - cdmaDbm: -72 cdmaEcio:-80
I/PhoneInfo( 2188): getEvdoLevel - evdoDbm: -120 evdoSnr:-1 evdoEcio:-1
I/PhoneInfo( 2188): getLteLevel - lteRsrp: -1 lteCqi:-1
D/UDP-TIMING(17001): 4040 0 -0.120554000
D/UDP-TIMING(17001): 4041 0 -0.125748000
D/UDP-TIMING(17001): 4042 0 -0.105949000
D/UDP-TIMING(17001): 4043 0 -0.111113000
D/UDP-TIMING(17001): 4044 0 -0.116300000
D/UDP-TIMING(17001): 4045 0 -0.121492000
D/UDP-TIMING(17001): 4046 0 -0.126647000
D/UDP-TIMING(17001): 4047 0 -0.101578000
D/UDP-TIMING(17001): 4048 0 -0.106752000
D/UDP-TIMING(17001): 4049 0 -0.111935000
D/UDP-TIMING(17001): 4050 0 -0.117122000
D/UDP-TIMING(17001): 4051 0 -0.122312000
D/UDP-TIMING(17001): 4052 0 -0.127508000
E/TrafficStats( 1673): [QCTMM]tryAll index=0
E/TrafficStats( 1673): [QCTMM]tryAll index=1
E/TrafficStats( 1673): [QCTMM]tryAll index=2
E/TrafficStats( 1673): [QCTMM]tryAll index=0
E/TrafficStats( 1673): [QCTMM]tryAll index=1
E/TrafficStats( 1673): [QCTMM]tryAll index=2
D/DATA    ( 1860): sentSinceLastRecv=0,watchdogTrigger=10,maxindex=0
D/UDP-TIMING(17001): 4053 0 -0.102174000
D/UDP-TIMING(17001): 4054 0 -0.107361000
D/UDP-TIMING(17001): 4055 0 -0.112540000
D/UDP-TIMING(17001): 4056 0 -0.117732000
D/UDP-TIMING(17001): 4057 0 -0.122918000
D/UDP-TIMING(17001): 4058 0 -0.128006000
D/UDP-TIMING(17001): 4059 0 -0.103284000
D/UDP-TIMING(17001): 4060 0 -0.108413000
D/UDP-TIMING(17001): 4061 0 -0.113599000
D/UDP-TIMING(17001): 4062 0 -0.118687000
D/UDP-TIMING(17001): 4063 0 -0.123879000
D/UDP-TIMING(17001): 4064 0 -0.128936000
D/UDP-TIMING(17001): 4065 0 -0.104541000
D/UDP-TIMING(17001): 4066 0 -0.109700000
D/UDP-TIMING(17001): 4067 0 -0.114891000
D/UDP-TIMING(17001): 4068 0 -0.120079000
D/UDP-TIMING(17001): 4069 0 -0.125270000
D/UDP-TIMING(17001): 4070 0 -0.100160000
D/UDP-TIMING(17001): 4071 0 -0.105347000
D/UDP-TIMING(17001): 4072 0 -0.110536000
D/UDP-TIMING(17001): 4073 0 -0.115727000
D/UDP-TIMING(17001): 4074 0 -0.120892000
D/UDP-TIMING(17001): 4075 0 -0.096378000
D/UDP-TIMING(17001): 4076 0 -0.101579000
D/UDP-TIMING(17001): 4077 0 -0.106742000
D/UDP-TIMING(17001): 4078 0 -0.111931000
D/UDP-TIMING(17001): 4079 0 -0.117061000
D/UDP-TIMING(17001): 4080 0 -0.122232000
D/UDP-TIMING(17001): 4081 0 -0.127426000
D/UDP-TIMING(17001): 4082 0 -0.102344000
D/UDP-TIMING(17001): 4083 0 -0.107520000
D/UDP-TIMING(17001): 4084 0 -0.112712000
D/UDP-TIMING(17001): 4085 0 -0.117902000
D/UDP-TIMING(17001): 4086 0 -0.123096000
D/UDP-TIMING(17001): 4087 0 -0.128155000
D/UDP-TIMING(17001): 4088 0 -0.103616000
D/UDP-TIMING(17001): 4089 0 -0.108802000
D/UDP-TIMING(17001): 4090 0 -0.113995000
D/UDP-TIMING(17001): 4091 0 -0.119190000
D/UDP-TIMING(17001): 4092 0 -0.124376000
D/UDP-TIMING(17001): 4093 0 -0.129475000
D/UDP-TIMING(17001): 4094 0 -0.104480000
D/UDP-TIMING(17001): 4095 0 -0.109639000
D/UDP-TIMING(17001): 4096 0 -0.114831000
D/UDP-TIMING(17001): 4097 0 -0.120008000
D/UDP-TIMING(17001): 4098 0 -0.125202000
D/UDP-TIMING(17001): 4099 0 -0.100676000
D/UDP-TIMING(17001): 4100 0 -0.105862000
D/UDP-TIMING(17001): 4101 0 -0.111028000
D/UDP-TIMING(17001): 4102 0 -0.116218000
D/UDP-TIMING(17001): 4103 0 -0.121406000
D/UDP-TIMING(17001): 4104 0 -0.126593000
D/UDP-TIMING(17001): 4105 0 -0.101508000
D/UDP-TIMING(17001): 4106 0 -0.106694000
D/UDP-TIMING(17001): 4107 0 -0.111886000
D/UDP-TIMING(17001): 4108 0 -0.117072000
D/UDP-TIMING(17001): 4109 0 -0.122230000
D/UDP-TIMING(17001): 4110 0 -0.127418000
D/UDP-TIMING(17001): 4111 0 -0.102912000
D/UDP-TIMING(17001): 4112 0 -0.108108000
D/UDP-TIMING(17001): 4113 0 -0.113295000
D/UDP-TIMING(17001): 4114 0 -0.118489000
D/UDP-TIMING(17001): 4115 0 -0.123680000
D/UDP-TIMING(17001): 4116 0 -0.098682000
D/UDP-TIMING(17001): 4117 0 -0.103869000
D/UDP-TIMING(17001): 4118 0 -0.108968000
D/UDP-TIMING(17001): 4119 0 -0.114135000
D/UDP-TIMING(17001): 4120 0 -0.119331000
D/UDP-TIMING(17001): 4121 0 -0.124519000
D/UDP-TIMING(17001): 4122 0 -0.129657000
D/UDP-TIMING(17001): 4123 0 -0.104693000
D/UDP-TIMING(17001): 4124 0 -0.109834000
D/UDP-TIMING(17001): 4125 0 -0.115027000
D/UDP-TIMING(17001): 4126 0 -0.120221000
D/UDP-TIMING(17001): 4127 0 -0.125411000
D/UDP-TIMING(17001): 4128 0 -0.100909000
D/UDP-TIMING(17001): 4129 0 -0.106098000
D/UDP-TIMING(17001): 4130 0 -0.111202000
D/UDP-TIMING(17001): 4131 0 -0.116389000
D/UDP-TIMING(17001): 4132 0 -0.121584000
D/UDP-TIMING(17001): 4133 0 -0.096471000
D/UDP-TIMING(17001): 4134 0 -0.101661000
D/UDP-TIMING(17001): 4135 0 -0.106853000
D/UDP-TIMING(17001): 4136 0 -0.112039000
D/UDP-TIMING(17001): 4137 0 -0.117171000
D/UDP-TIMING(17001): 4138 0 -0.122357000
D/UDP-TIMING(17001): 4139 0 -0.127586000
D/UDP-TIMING(17001): 4140 0 -0.103232000
D/UDP-TIMING(17001): 4141 0 -0.125493000
D/UDP-TIMING(17001): 4142 0 -0.108805000
D/UDP-TIMING(17001): 4143 0 -0.113976000
D/UDP-TIMING(17001): 4144 0 -0.119164000
D/UDP-TIMING(17001): 4145 0 -0.094078000
D/UDP-TIMING(17001): 4146 0 -0.099264000
D/UDP-TIMING(17001): 4147 0 -0.104397000
D/UDP-TIMING(17001): 4148 0 -0.109548000
D/UDP-TIMING(17001): 4149 0 -0.114720000
D/UDP-TIMING(17001): 4150 0 -0.119842000
D/UDP-TIMING(17001): 4151 0 -0.125038000
E/TrafficStats( 1673): [QCTMM]tryAll index=0
E/TrafficStats( 1673): [QCTMM]tryAll index=1
E/TrafficStats( 1673): [QCTMM]tryAll index=2
E/TrafficStats( 1673): [QCTMM]tryAll index=0
E/TrafficStats( 1673): [QCTMM]tryAll index=1
E/TrafficStats( 1673): [QCTMM]tryAll index=2
D/DATA    ( 1860): sentSinceLastRecv=0,watchdogTrigger=10,maxindex=0
D/UDP-TIMING(17001): 4152 0 -0.099086000
D/UDP-TIMING(17001): 4153 0 -0.104275000
D/UDP-TIMING(17001): 4154 0 -0.109451000
D/UDP-TIMING(17001): 4155 0 -0.114640000
D/UDP-TIMING(17001): 4156 0 -0.119831000
D/UDP-TIMING(17001): 4157 0 -0.124980000
D/UDP-TIMING(17001): 4158 0 -0.101362000
D/UDP-TIMING(17001): 4159 0 -0.106550000
D/UDP-TIMING(17001): 4160 0 -0.111728000
D/UDP-TIMING(17001): 4161 0 -0.116916000
D/UDP-TIMING(17001): 4162 0 -0.122099000
D/UDP-TIMING(17001): 4163 0 -0.127263000
D/UDP-TIMING(17001): 4164 0 -0.102114000
D/UDP-TIMING(17001): 4165 0 -0.107251000
D/UDP-TIMING(17001): 4166 0 -0.112367000
D/UDP-TIMING(17001): 4167 0 -0.117493000
D/UDP-TIMING(17001): 4168 0 -0.122612000
D/UDP-TIMING(17001): 4169 0 -0.127768000
D/UDP-TIMING(17001): 4170 0 -0.103176000
D/UDP-TIMING(17001): 4171 0 -0.108308000
D/UDP-TIMING(17001): 4172 0 -0.113436000
D/UDP-TIMING(17001): 4173 0 -0.118556000
D/UDP-TIMING(17001): 4174 0 -0.123679000
D/UDP-TIMING(17001): 4175 0 -0.128763000
D/UDP-TIMING(17001): 4176 0 -0.103578000
D/UDP-TIMING(17001): 4177 0 -0.108695000
D/UDP-TIMING(17001): 4178 0 -0.113806000
D/UDP-TIMING(17001): 4179 0 -0.118951000
D/UDP-TIMING(17001): 4180 0 -0.124069000
D/UDP-TIMING(17001): 4181 0 -0.129196000
D/UDP-TIMING(17001): 4182 0 -0.104728000
D/UDP-TIMING(17001): 4183 0 -0.109854000
D/UDP-TIMING(17001): 4184 0 -0.115036000
D/UDP-TIMING(17001): 4185 0 -0.120214000
D/UDP-TIMING(17001): 4186 0 -0.125396000
D/UDP-TIMING(17001): 4187 0 -0.100273000
D/UDP-TIMING(17001): 4188 0 -0.105452000
D/UDP-TIMING(17001): 4189 0 -0.110632000
D/UDP-TIMING(17001): 4190 0 -0.115810000
D/UDP-TIMING(17001): 4191 0 -0.120964000
D/UDP-TIMING(17001): 4192 0 -0.096453000
D/UDP-TIMING(17001): 4193 0 -0.101640000
D/UDP-TIMING(17001): 4194 0 -0.106827000
D/UDP-TIMING(17001): 4195 0 -0.111999000
D/UDP-TIMING(17001): 4196 0 -0.117143000
D/UDP-TIMING(17001): 4197 0 -0.122327000
D/UDP-TIMING(17001): 4198 0 -0.127519000
D/UDP-TIMING(17001): 4199 0 -0.102460000
D/UDP-TIMING(17001): 4200 0 -0.107557000
D/UDP-TIMING(17001): 4201 0 -0.112743000
D/UDP-TIMING(17001): 4202 0 -0.117891000
D/UDP-TIMING(17001): 4203 0 -0.123066000
D/UDP-TIMING(17001): 4204 0 -0.128199000
D/UDP-TIMING(17001): 4205 0 -0.103712000
D/UDP-TIMING(17001): 4206 0 -0.108900000
D/UDP-TIMING(17001): 4207 0 -0.114087000
D/UDP-TIMING(17001): 4208 0 -0.119269000
D/UDP-TIMING(17001): 4209 0 -0.124402000
D/UDP-TIMING(17001): 4210 0 -0.129502000
D/UDP-TIMING(17001): 4211 0 -0.104726000
D/UDP-TIMING(17001): 4212 0 -0.109853000
D/UDP-TIMING(17001): 4213 0 -0.114949000
D/UDP-TIMING(17001): 4214 0 -0.120073000
D/UDP-TIMING(17001): 4215 0 -0.125200000
D/UDP-TIMING(17001): 4216 0 -0.100116000
D/UDP-TIMING(17001): 4217 0 -0.105236000
D/UDP-TIMING(17001): 4218 0 -0.110362000
D/UDP-TIMING(17001): 4219 0 -0.115455000
D/UDP-TIMING(17001): 4220 0 -0.120584000
D/UDP-TIMING(17001): 4221 0 -0.125712000
D/UDP-TIMING(17001): 4222 0 -0.101113000
D/UDP-TIMING(17001): 4223 0 -0.106246000
D/UDP-TIMING(17001): 4224 0 -0.111374000
D/UDP-TIMING(17001): 4225 0 -0.116514000
D/UDP-TIMING(17001): 4226 0 -0.121645000
D/UDP-TIMING(17001): 4227 0 -0.126726000
D/UDP-TIMING(17001): 4228 0 -0.101580000
D/UDP-TIMING(17001): 4229 0 -0.106684000
D/UDP-TIMING(17001): 4230 0 -0.111815000
D/UDP-TIMING(17001): 4231 0 -0.116944000
D/UDP-TIMING(17001): 4232 0 -0.122070000
D/UDP-TIMING(17001): 4233 0 -0.127196000
D/UDP-TIMING(17001): 4234 0 -0.102595000
D/UDP-TIMING(17001): 4235 0 -0.107752000
D/UDP-TIMING(17001): 4236 0 -0.112877000
D/UDP-TIMING(17001): 4237 0 -0.118005000
D/UDP-TIMING(17001): 4238 0 -0.123130000
D/UDP-TIMING(17001): 4239 0 -0.128310000
D/UDP-TIMING(17001): 4240 0 -0.103335000
D/UDP-TIMING(17001): 4241 0 -0.108511000
D/UDP-TIMING(17001): 4242 0 -0.124237000
D/UDP-TIMING(17001): 4243 0 -0.104164000
D/UDP-TIMING(17001): 4244 0 -0.109377000
D/UDP-TIMING(17001): 4245 0 -0.114568000
D/UDP-TIMING(17001): 4246 0 -0.119759000
D/UDP-TIMING(17001): 4247 0 -0.124951000
D/UDP-TIMING(17001): 4248 0 -0.128419000
D/UDP-TIMING(17001): 4249 0 -0.104929000
E/TrafficStats( 1673): [QCTMM]tryAll index=0
D/UDP-TIMING(17001): 4250 0 -0.110020000
D/UDP-TIMING(17001): 4251 0 -0.115188000
E/TrafficStats( 1673): [QCTMM]tryAll index=1
D/UDP-TIMING(17001): 4252 0 -0.120377000
D/UDP-TIMING(17001): 4253 0 -0.125564000
E/TrafficStats( 1673): [QCTMM]tryAll index=2
E/TrafficStats( 1673): [QCTMM]tryAll index=0
E/TrafficStats( 1673): [QCTMM]tryAll index=1
E/TrafficStats( 1673): [QCTMM]tryAll index=2
D/DATA    ( 1860): sentSinceLastRecv=0,watchdogTrigger=10,maxindex=0
D/UDP-TIMING(17001): 4254 0 -0.100543000
D/UDP-TIMING(17001): 4255 0 -0.105731000
D/UDP-TIMING(17001): 4256 0 -0.110901000
D/UDP-TIMING(17001): 4257 0 -0.116092000
D/UDP-TIMING(17001): 4258 0 -0.121253000
D/UDP-TIMING(17001): 4259 0 -0.126441000
D/UDP-TIMING(17001): 4260 0 -0.101756000
D/UDP-TIMING(17001): 4261 0 -0.106944000
D/UDP-TIMING(17001): 4262 0 -0.112118000
D/UDP-TIMING(17001): 4263 0 -0.117308000
D/UDP-TIMING(17001): 4264 0 -0.122470000
D/UDP-TIMING(17001): 4265 0 -0.127665000
D/UDP-TIMING(17001): 4266 0 -0.103277000
D/UDP-TIMING(17001): 4267 0 -0.108467000
D/UDP-TIMING(17001): 4268 0 -0.113655000
D/UDP-TIMING(17001): 4269 0 -0.118847000
D/UDP-TIMING(17001): 4270 0 -0.124002000
D/UDP-TIMING(17001): 4271 0 -0.129193000
D/UDP-TIMING(17001): 4272 0 -0.104072000
D/UDP-TIMING(17001): 4273 0 -0.109262000
D/UDP-TIMING(17001): 4274 0 -0.114397000
D/UDP-TIMING(17001): 4275 0 -0.119589000
D/UDP-TIMING(17001): 4276 0 -0.124783000
D/UDP-TIMING(17001): 4277 0 -0.129887000
D/UDP-TIMING(17001): 4278 0 -0.105473000
D/UDP-TIMING(17001): 4279 0 -0.110632000
D/UDP-TIMING(17001): 4280 0 -0.115823000
D/UDP-TIMING(17001): 4281 0 -0.121010000
D/UDP-TIMING(17001): 4282 0 -0.126206000
D/UDP-TIMING(17001): 4283 0 -0.100970000
D/UDP-TIMING(17001): 4284 0 -0.106126000
D/UDP-TIMING(17001): 4285 0 -0.111315000
D/UDP-TIMING(17001): 4286 0 -0.116502000
D/UDP-TIMING(17001): 4287 0 -0.121692000
D/UDP-TIMING(17001): 4288 0 -0.126879000
E/TrafficStats(16531): [QCTMM]tryAll index=0
E/TrafficStats(16531): [QCTMM]tryAll index=1
E/TrafficStats(16531): [QCTMM]tryAll index=2
E/TrafficStats(16531): [QCTMM]tryAll index=0
E/TrafficStats(16531): [QCTMM]tryAll index=1
E/TrafficStats(16531): [QCTMM]tryAll index=2
D/UDP-TIMING(17001): 4289 0 -0.102088000
D/UDP-TIMING(17001): 4290 0 -0.107279000
D/UDP-TIMING(17001): 4291 0 -0.112439000
D/UDP-TIMING(17001): 4292 0 -0.117573000
D/UDP-TIMING(17001): 4293 0 -0.122764000
D/UDP-TIMING(17001): 4294 0 -0.127914000
E/TrafficStats(16531): [QCTMM]tryAll index=0
E/TrafficStats(16531): [QCTMM]tryAll index=1
E/TrafficStats(16531): [QCTMM]tryAll index=2
E/TrafficStats(16531): [QCTMM]tryAll index=0
E/TrafficStats(16531): [QCTMM]tryAll index=1
E/TrafficStats(16531): [QCTMM]tryAll index=2
D/UDP-TIMING(17001): 4295 0 -0.102855000
D/UDP-TIMING(17001): 4296 0 -0.107934000
D/UDP-TIMING(17001): 4297 0 -0.113063000
D/UDP-TIMING(17001): 4298 0 -0.118178000
D/UDP-TIMING(17001): 4299 0 -0.123363000
D/UDP-TIMING(17001): 4300 0 -0.098907000
D/UDP-TIMING(17001): 4301 0 -0.104052000
D/UDP-TIMING(17001): 4302 0 -0.109186000
D/UDP-TIMING(17001): 4303 0 -0.114361000
D/UDP-TIMING(17001): 4304 0 -0.119493000
D/UDP-TIMING(17001): 4305 0 -0.124669000
D/UDP-TIMING(17001): 4306 0 -0.129800000
D/UDP-TIMING(17001): 4307 0 -0.105373000
D/UDP-TIMING(17001): 4308 0 -0.110524000
D/UDP-TIMING(17001): 4309 0 -0.115706000
D/UDP-TIMING(17001): 4310 0 -0.120882000
D/UDP-TIMING(17001): 4311 0 -0.126062000
D/UDP-TIMING(17001): 4312 0 -0.100832000
D/UDP-TIMING(17001): 4313 0 -0.106014000
D/UDP-TIMING(17001): 4314 0 -0.111159000
D/UDP-TIMING(17001): 4315 0 -0.116340000
D/UDP-TIMING(17001): 4316 0 -0.121517000
D/UDP-TIMING(17001): 4317 0 -0.126713000
D/UDP-TIMING(17001): 4318 0 -0.102264000
D/UDP-TIMING(17001): 4319 0 -0.107446000
D/UDP-TIMING(17001): 4320 0 -0.112626000
D/UDP-TIMING(17001): 4321 0 -0.117807000
D/UDP-TIMING(17001): 4322 0 -0.122948000
D/UDP-TIMING(17001): 4323 0 -0.128103000
D/UDP-TIMING(17001): 4324 0 -0.102962000
D/UDP-TIMING(17001): 4325 0 -0.108088000
D/UDP-TIMING(17001): 4326 0 -0.113214000
D/UDP-TIMING(17001): 4327 0 -0.118340000
D/UDP-TIMING(17001): 4328 0 -0.123438000
D/UDP-TIMING(17001): 4329 0 -0.128564000
D/UDP-TIMING(17001): 4330 0 -0.103968000
D/UDP-TIMING(17001): 4331 0 -0.109096000
D/UDP-TIMING(17001): 4332 0 -0.114247000
D/UDP-TIMING(17001): 4333 0 -0.119385000
D/UDP-TIMING(17001): 4334 0 -0.122771000
D/UDP-TIMING(17001): 4335 0 -0.127868000
D/UDP-TIMING(17001): 4336 0 -0.104572000
D/UDP-TIMING(17001): 4337 0 -0.109671000
D/UDP-TIMING(17001): 4338 0 -0.114798000
D/UDP-TIMING(17001): 4339 0 -0.119942000
D/UDP-TIMING(17001): 4340 0 -0.125078000
D/UDP-TIMING(17001): 4341 0 -0.130194000
D/UDP-TIMING(17001): 4342 0 -0.105691000
D/Database(16531): dbopen(): path = /data/data/com.onavo.android.onavoid/databases/ui_events, flag = 6, file size = 14046208
D/Database(16531): dbopen(): path = /data/data/com.onavo.android.onavoid/databases/ui_events, mode: wal, disk free size: 2000 M, handle: 0x378018
D/Database(16531): dbclose(): path = /data/data/com.onavo.android.onavoid/databases/ui_events, handle = 0x378018
D/UDP-TIMING(17001): 4343 0 -0.128162000
D/UDP-TIMING(17001): 4344 0 -0.110650000
D/UDP-TIMING(17001): 4345 0 -0.115850000
D/UDP-TIMING(17001): 4346 0 -0.120981000
D/UDP-TIMING(17001): 4347 0 -0.126113000
D/UDP-TIMING(17001): 4348 0 -0.101453000
D/UDP-TIMING(17001): 4349 0 -0.106573000
D/UDP-TIMING(17001): 4350 0 -0.111700000
D/UDP-TIMING(17001): 4351 0 -0.116792000
D/UDP-TIMING(17001): 4352 0 -0.121923000
D/UDP-TIMING(17001): 4353 0 -0.127052000
E/TrafficStats( 1673): [QCTMM]tryAll index=0
E/TrafficStats( 1673): [QCTMM]tryAll index=1
E/TrafficStats( 1673): [QCTMM]tryAll index=2
E/TrafficStats( 1673): [QCTMM]tryAll index=0
E/TrafficStats( 1673): [QCTMM]tryAll index=1
E/TrafficStats( 1673): [QCTMM]tryAll index=2
D/DATA    ( 1860): sentSinceLastRecv=0,watchdogTrigger=10,maxindex=0
D/UDP-TIMING(17001): 4354 0 -0.101568000
D/UDP-TIMING(17001): 4355 0 -0.106802000
D/UDP-TIMING(17001): 4356 0 -0.111980000
D/UDP-TIMING(17001): 4357 0 -0.117127000
D/UDP-TIMING(17001): 4358 0 -0.122310000
D/UDP-TIMING(17001): 4359 0 -0.127415000
D/UDP-TIMING(17001): 4360 0 -0.103322000
D/UDP-TIMING(17001): 4361 0 -0.108451000
D/UDP-TIMING(17001): 4362 0 -0.113598000
D/UDP-TIMING(17001): 4363 0 -0.118746000
D/UDP-TIMING(17001): 4364 0 -0.123923000
D/UDP-TIMING(17001): 4365 0 -0.129057000
D/UDP-TIMING(17001): 4366 0 -0.104004000
D/UDP-TIMING(17001): 4367 0 -0.109106000
D/UDP-TIMING(17001): 4368 0 -0.114283000
D/UDP-TIMING(17001): 4369 0 -0.119463000
D/UDP-TIMING(17001): 4370 0 -0.124645000
D/UDP-TIMING(17001): 4371 0 -0.129834000
D/UDP-TIMING(17001): 4372 0 -0.105364000
D/UDP-TIMING(17001): 4373 0 -0.110544000
D/UDP-TIMING(17001): 4374 0 -0.115726000
D/UDP-TIMING(17001): 4375 0 -0.120904000
D/UDP-TIMING(17001): 4376 0 -0.126082000
D/UDP-TIMING(17001): 4377 0 -0.100963000
D/UDP-TIMING(17001): 4378 0 -0.106113000
D/UDP-TIMING(17001): 4379 0 -0.111296000
D/UDP-TIMING(17001): 4380 0 -0.116476000
D/UDP-TIMING(17001): 4381 0 -0.121660000
D/UDP-TIMING(17001): 4382 0 -0.126844000
D/UDP-TIMING(17001): 4383 0 -0.102330000
D/UDP-TIMING(17001): 4384 0 -0.107507000
D/UDP-TIMING(17001): 4385 0 -0.112696000
D/UDP-TIMING(17001): 4386 0 -0.117875000
D/UDP-TIMING(17001): 4387 0 -0.123057000
D/UDP-TIMING(17001): 4388 0 -0.128233000
D/UDP-TIMING(17001): 4389 0 -0.103447000
D/UDP-TIMING(17001): 4390 0 -0.108604000
D/UDP-TIMING(17001): 4391 0 -0.113782000
D/UDP-TIMING(17001): 4392 0 -0.118962000
D/UDP-TIMING(17001): 4393 0 -0.124115000
D/UDP-TIMING(17001): 4394 0 -0.129298000
D/UDP-TIMING(17001): 4395 0 -0.104235000
D/UDP-TIMING(17001): 4396 0 -0.109346000
D/UDP-TIMING(17001): 4397 0 -0.114525000
D/UDP-TIMING(17001): 4398 0 -0.119699000
D/UDP-TIMING(17001): 4399 0 -0.124874000
D/UDP-TIMING(17001): 4400 0 -0.100361000
D/UDP-TIMING(17001): 4401 0 -0.105551000
D/UDP-TIMING(17001): 4402 0 -0.110737000
D/UDP-TIMING(17001): 4403 0 -0.115921000
D/UDP-TIMING(17001): 4404 0 -0.121105000
D/UDP-TIMING(17001): 4405 0 -0.126281000
D/UDP-TIMING(17001): 4406 0 -0.101159000
D/UDP-TIMING(17001): 4407 0 -0.106343000
D/UDP-TIMING(17001): 4408 0 -0.111520000
D/UDP-TIMING(17001): 4409 0 -0.116699000
D/UDP-TIMING(17001): 4410 0 -0.121879000
D/UDP-TIMING(17001): 4411 0 -0.127029000
D/UDP-TIMING(17001): 4412 0 -0.102585000
D/UDP-TIMING(17001): 4413 0 -0.107763000
D/UDP-TIMING(17001): 4414 0 -0.112891000
D/UDP-TIMING(17001): 4415 0 -0.118071000
D/UDP-TIMING(17001): 4416 0 -0.123250000
D/UDP-TIMING(17001): 4417 0 -0.128401000
D/UDP-TIMING(17001): 4418 0 -0.103304000
D/UDP-TIMING(17001): 4419 0 -0.108436000
D/UDP-TIMING(17001): 4420 0 -0.113611000
D/UDP-TIMING(17001): 4421 0 -0.118787000
D/UDP-TIMING(17001): 4422 0 -0.123929000
D/UDP-TIMING(17001): 4423 0 -0.129056000
D/UDP-TIMING(17001): 4424 0 -0.104479000
D/UDP-TIMING(17001): 4425 0 -0.109600000
D/UDP-TIMING(17001): 4426 0 -0.114750000
D/UDP-TIMING(17001): 4427 0 -0.119932000
D/UDP-TIMING(17001): 4428 0 -0.125117000
D/UDP-TIMING(17001): 4429 0 -0.100004000
D/UDP-TIMING(17001): 4430 0 -0.105183000
D/UDP-TIMING(17001): 4431 0 -0.110360000
D/UDP-TIMING(17001): 4432 0 -0.115541000
D/UDP-TIMING(17001): 4433 0 -0.120704000
D/UDP-TIMING(17001): 4434 0 -0.125887000
D/UDP-TIMING(17001): 4435 0 -0.101308000
D/UDP-TIMING(17001): 4436 0 -0.106404000
D/UDP-TIMING(17001): 4437 0 -0.111582000
D/UDP-TIMING(17001): 4438 0 -0.116758000
D/UDP-TIMING(17001): 4439 0 -0.121940000
D/UDP-TIMING(17001): 4440 0 -0.096941000
D/UDP-TIMING(17001): 4441 0 -0.102120000
D/UDP-TIMING(17001): 4442 0 -0.107301000
D/UDP-TIMING(17001): 4443 0 -0.112477000
D/UDP-TIMING(17001): 4444 0 -0.125270000
D/UDP-TIMING(17001): 4445 0 -0.108177000
D/UDP-TIMING(17001): 4446 0 -0.113375000
D/UDP-TIMING(17001): 4447 0 -0.118569000
D/UDP-TIMING(17001): 4448 0 -0.123762000
D/UDP-TIMING(17001): 4449 0 -0.128936000
D/UDP-TIMING(17001): 4450 0 -0.103679000
D/UDP-TIMING(17001): 4451 0 -0.108802000
D/UDP-TIMING(17001): 4452 0 -0.113925000
D/UDP-TIMING(17001): 4453 0 -0.119005000
D/UDP-TIMING(17001): 4454 0 -0.124189000
E/TrafficStats( 1673): [QCTMM]tryAll index=0
E/TrafficStats( 1673): [QCTMM]tryAll index=1
E/TrafficStats( 1673): [QCTMM]tryAll index=2
E/TrafficStats( 1673): [QCTMM]tryAll index=0
E/TrafficStats( 1673): [QCTMM]tryAll index=1
E/TrafficStats( 1673): [QCTMM]tryAll index=2
D/DATA    ( 1860): sentSinceLastRecv=0,watchdogTrigger=10,maxindex=0
D/UDP-TIMING(17001): 4455 0 -0.099443000
D/UDP-TIMING(17001): 4456 0 -0.104630000
D/UDP-TIMING(17001): 4457 0 -0.109753000
D/UDP-TIMING(17001): 4458 0 -0.114922000
D/UDP-TIMING(17001): 4459 0 -0.120086000
D/UDP-TIMING(17001): 4460 0 -0.125281000
D/UDP-TIMING(17001): 4461 0 -0.100564000
D/UDP-TIMING(17001): 4462 0 -0.105727000
D/UDP-TIMING(17001): 4463 0 -0.110821000
D/UDP-TIMING(17001): 4464 0 -0.115952000
D/UDP-TIMING(17001): 4465 0 -0.121143000
D/UDP-TIMING(17001): 4466 0 -0.096643000
D/UDP-TIMING(17001): 4467 0 -0.101839000
D/UDP-TIMING(17001): 4468 0 -0.107033000
D/UDP-TIMING(17001): 4469 0 -0.112223000
D/UDP-TIMING(17001): 4470 0 -0.117380000
D/UDP-TIMING(17001): 4471 0 -0.122566000
D/UDP-TIMING(17001): 4472 0 -0.127746000
D/UDP-TIMING(17001): 4473 0 -0.102961000
D/UDP-TIMING(17001): 4474 0 -0.108218000
D/UDP-TIMING(17001): 4475 0 -0.113371000
D/UDP-TIMING(17001): 4476 0 -0.118482000
D/UDP-TIMING(17001): 4477 0 -0.123579000
D/UDP-TIMING(17001): 4478 0 -0.128717000
D/UDP-TIMING(17001): 4479 0 -0.103850000
D/UDP-TIMING(17001): 4480 0 -0.108977000
D/UDP-TIMING(17001): 4481 0 -0.114079000
D/UDP-TIMING(17001): 4482 0 -0.119206000
D/UDP-TIMING(17001): 4483 0 -0.094332000
D/UDP-TIMING(17001): 4484 0 -0.099446000
D/UDP-TIMING(17001): 4485 0 -0.104571000
D/UDP-TIMING(17001): 4486 0 -0.109693000
D/UDP-TIMING(17001): 4487 0 -0.114796000
D/UDP-TIMING(17001): 4488 0 -0.119918000
D/UDP-TIMING(17001): 4489 0 -0.125051000
D/UDP-TIMING(17001): 4490 0 -0.099960000
D/UDP-TIMING(17001): 4491 0 -0.105084000
D/UDP-TIMING(17001): 4492 0 -0.110227000
D/UDP-TIMING(17001): 4493 0 -0.116807000
D/UDP-TIMING(17001): 4494 0 -0.121944000
D/UDP-TIMING(17001): 4495 0 -0.127069000
D/UDP-TIMING(17001): 4496 0 -0.102497000
D/UDP-TIMING(17001): 4497 0 -0.107658000
D/UDP-TIMING(17001): 4498 0 -0.112834000
D/UDP-TIMING(17001): 4499 0 -0.118031000
D/UDP-TIMING(17001): 4500 0 -0.123183000
D/UDP-TIMING(17001): 4501 0 -0.128329000
D/UDP-TIMING(17001): 4502 0 -0.103179000
D/UDP-TIMING(17001): 4503 0 -0.108306000
D/UDP-TIMING(17001): 4504 0 -0.113431000
D/UDP-TIMING(17001): 4505 0 -0.118525000
D/UDP-TIMING(17001): 4506 0 -0.123647000
D/UDP-TIMING(17001): 4507 0 -0.128779000
D/UDP-TIMING(17001): 4508 0 -0.104069000
D/UDP-TIMING(17001): 4509 0 -0.109172000
D/UDP-TIMING(17001): 4510 0 -0.114318000
D/UDP-TIMING(17001): 4511 0 -0.119453000
D/UDP-TIMING(17001): 4512 0 -0.124593000
D/UDP-TIMING(17001): 4513 0 -0.128726000
D/UDP-TIMING(17001): 4514 0 -0.104787000
D/UDP-TIMING(17001): 4515 0 -0.109923000
D/UDP-TIMING(17001): 4516 0 -0.115027000
D/UDP-TIMING(17001): 4517 0 -0.120169000
D/UDP-TIMING(17001): 4518 0 -0.125304000
D/UDP-TIMING(17001): 4519 0 -0.100696000
D/UDP-TIMING(17001): 4520 0 -0.105800000
D/UDP-TIMING(17001): 4521 0 -0.110935000
D/UDP-TIMING(17001): 4522 0 -0.116073000
D/UDP-TIMING(17001): 4523 0 -0.121219000
D/UDP-TIMING(17001): 4524 0 -0.126346000
D/UDP-TIMING(17001): 4525 0 -0.101301000
D/UDP-TIMING(17001): 4526 0 -0.106436000
D/UDP-TIMING(17001): 4527 0 -0.111540000
D/UDP-TIMING(17001): 4528 0 -0.116675000
D/UDP-TIMING(17001): 4529 0 -0.121814000
D/UDP-TIMING(17001): 4530 0 -0.097292000
D/UDP-TIMING(17001): 4531 0 -0.102428000
D/UDP-TIMING(17001): 4532 0 -0.107532000
D/UDP-TIMING(17001): 4533 0 -0.112671000
D/UDP-TIMING(17001): 4534 0 -0.117812000
D/UDP-TIMING(17001): 4535 0 -0.122952000
D/UDP-TIMING(17001): 4536 0 -0.128087000
D/UDP-TIMING(17001): 4537 0 -0.102926000
D/UDP-TIMING(17001): 4538 0 -0.108079000
D/UDP-TIMING(17001): 4539 0 -0.113256000
D/UDP-TIMING(17001): 4540 0 -0.118444000
D/UDP-TIMING(17001): 4541 0 -0.123591000
D/UDP-TIMING(17001): 4542 0 -0.128724000
D/UDP-TIMING(17001): 4543 0 -0.104327000
D/UDP-TIMING(17001): 4544 0 -0.109467000
D/UDP-TIMING(17001): 4545 0 -0.128948000
D/UDP-TIMING(17001): 4546 0 -0.104550000
D/UDP-TIMING(17001): 4547 0 -0.109751000
D/UDP-TIMING(17001): 4548 0 -0.114943000
D/UDP-TIMING(17001): 4549 0 -0.120124000
D/UDP-TIMING(17001): 4550 0 -0.125298000
D/UDP-TIMING(17001): 4551 0 -0.101155000
D/UDP-TIMING(17001): 4552 0 -0.106264000
D/UDP-TIMING(17001): 4553 0 -0.111415000
D/UDP-TIMING(17001): 4554 0 -0.116597000
D/UDP-TIMING(17001): 4555 0 -0.121729000
D/UDP-TIMING(17001): 4556 0 -0.126878000
E/TrafficStats( 1673): [QCTMM]tryAll index=0
E/TrafficStats( 1673): [QCTMM]tryAll index=1
E/TrafficStats( 1673): [QCTMM]tryAll index=2
E/TrafficStats( 1673): [QCTMM]tryAll index=0
E/TrafficStats( 1673): [QCTMM]tryAll index=1
E/TrafficStats( 1673): [QCTMM]tryAll index=2
D/DATA    ( 1860): sentSinceLastRecv=0,watchdogTrigger=10,maxindex=0
D/UDP-TIMING(17001): 4557 0 -0.101277000
D/UDP-TIMING(17001): 4558 0 -0.106432000
D/UDP-TIMING(17001): 4559 0 -0.111607000
D/UDP-TIMING(17001): 4560 0 -0.116756000
D/UDP-TIMING(17001): 4561 0 -0.121937000
D/UDP-TIMING(17001): 4562 0 -0.127117000
D/UDP-TIMING(17001): 4563 0 -0.103127000
D/UDP-TIMING(17001): 4564 0 -0.108219000
D/UDP-TIMING(17001): 4565 0 -0.113407000
D/UDP-TIMING(17001): 4566 0 -0.118642000
D/UDP-TIMING(17001): 4567 0 -0.123785000
D/UDP-TIMING(17001): 4568 0 -0.128979000
D/UDP-TIMING(17001): 4569 0 -0.104172000
D/UDP-TIMING(17001): 4570 0 -0.109281000
D/UDP-TIMING(17001): 4571 0 -0.114454000
D/UDP-TIMING(17001): 4572 0 -0.119640000
D/UDP-TIMING(17001): 4573 0 -0.124829000
D/UDP-TIMING(17001): 4574 0 -0.128132000
D/UDP-TIMING(17001): 4575 0 -0.104941000
D/UDP-TIMING(17001): 4576 0 -0.110134000
D/UDP-TIMING(17001): 4577 0 -0.115322000
D/UDP-TIMING(17001): 4578 0 -0.120511000
D/UDP-TIMING(17001): 4579 0 -0.125669000
D/UDP-TIMING(17001): 4580 0 -0.101164000
D/UDP-TIMING(17001): 4581 0 -0.106352000
D/UDP-TIMING(17001): 4582 0 -0.111545000
D/UDP-TIMING(17001): 4583 0 -0.116737000
D/UDP-TIMING(17001): 4584 0 -0.121894000
D/UDP-TIMING(17001): 4585 0 -0.127085000
D/UDP-TIMING(17001): 4586 0 -0.101969000
D/UDP-TIMING(17001): 4587 0 -0.107146000
D/UDP-TIMING(17001): 4588 0 -0.112332000
D/UDP-TIMING(17001): 4589 0 -0.117519000
D/UDP-TIMING(17001): 4590 0 -0.122712000
D/UDP-TIMING(17001): 4591 0 -0.127904000
D/UDP-TIMING(17001): 4592 0 -0.103460000
D/UDP-TIMING(17001): 4593 0 -0.108646000
D/UDP-TIMING(17001): 4594 0 -0.113789000
D/UDP-TIMING(17001): 4595 0 -0.118981000
D/UDP-TIMING(17001): 4596 0 -0.124171000
D/UDP-TIMING(17001): 4597 0 -0.129361000
D/UDP-TIMING(17001): 4598 0 -0.104243000
D/UDP-TIMING(17001): 4599 0 -0.109433000
D/UDP-TIMING(17001): 4600 0 -0.114620000
D/UDP-TIMING(17001): 4601 0 -0.119799000
D/UDP-TIMING(17001): 4602 0 -0.124959000
D/UDP-TIMING(17001): 4603 0 -0.130136000
D/UDP-TIMING(17001): 4604 0 -0.105693000
D/UDP-TIMING(17001): 4605 0 -0.110889000
D/UDP-TIMING(17001): 4606 0 -0.116076000
D/UDP-TIMING(17001): 4607 0 -0.121267000
D/UDP-TIMING(17001): 4608 0 -0.126458000
D/UDP-TIMING(17001): 4609 0 -0.101313000
D/UDP-TIMING(17001): 4610 0 -0.106500000
D/UDP-TIMING(17001): 4611 0 -0.111712000
D/UDP-TIMING(17001): 4612 0 -0.116840000
D/UDP-TIMING(17001): 4613 0 -0.122000000
D/UDP-TIMING(17001): 4614 0 -0.127191000
D/UDP-TIMING(17001): 4615 0 -0.102511000
D/UDP-TIMING(17001): 4616 0 -0.107676000
D/UDP-TIMING(17001): 4617 0 -0.112864000
D/UDP-TIMING(17001): 4618 0 -0.118029000
D/UDP-TIMING(17001): 4619 0 -0.093177000
D/UDP-TIMING(17001): 4620 0 -0.098294000
D/UDP-TIMING(17001): 4621 0 -0.103480000
D/UDP-TIMING(17001): 4622 0 -0.108660000
D/UDP-TIMING(17001): 4623 0 -0.113842000
D/UDP-TIMING(17001): 4624 0 -0.119036000
D/UDP-TIMING(17001): 4625 0 -0.124192000
D/UDP-TIMING(17001): 4626 0 -0.129377000
D/UDP-TIMING(17001): 4627 0 -0.104843000
D/UDP-TIMING(17001): 4628 0 -0.110034000
D/UDP-TIMING(17001): 4629 0 -0.115183000
D/UDP-TIMING(17001): 4630 0 -0.120373000
D/UDP-TIMING(17001): 4631 0 -0.125561000
D/UDP-TIMING(17001): 4632 0 -0.100570000
D/UDP-TIMING(17001): 4633 0 -0.105762000
D/UDP-TIMING(17001): 4634 0 -0.110955000
D/UDP-TIMING(17001): 4635 0 -0.116121000
D/UDP-TIMING(17001): 4636 0 -0.121314000
D/UDP-TIMING(17001): 4637 0 -0.126504000
D/UDP-TIMING(17001): 4638 0 -0.101910000
D/UDP-TIMING(17001): 4639 0 -0.107101000
D/UDP-TIMING(17001): 4640 0 -0.112296000
D/UDP-TIMING(17001): 4641 0 -0.117487000
D/UDP-TIMING(17001): 4642 0 -0.122678000
D/UDP-TIMING(17001): 4643 0 -0.127837000
D/UDP-TIMING(17001): 4644 0 -0.103244000
D/UDP-TIMING(17001): 4645 0 -0.108434000
D/UDP-TIMING(17001): 4646 0 -0.124971000
D/UDP-TIMING(17001): 4647 0 -0.103737000
D/UDP-TIMING(17001): 4648 0 -0.108934000
D/UDP-TIMING(17001): 4649 0 -0.114129000
D/UDP-TIMING(17001): 4650 0 -0.119319000
D/UDP-TIMING(17001): 4651 0 -0.094194000
D/UDP-TIMING(17001): 4652 0 -0.099334000
D/UDP-TIMING(17001): 4653 0 -0.104434000
D/UDP-TIMING(17001): 4654 0 -0.109556000
D/UDP-TIMING(17001): 4655 0 -0.114721000
D/UDP-TIMING(17001): 4656 0 -0.119902000
D/UDP-TIMING(17001): 4657 0 -0.125090000
D/UDP-TIMING(17001): 4658 0 -0.130239000
E/TrafficStats( 1673): [QCTMM]tryAll index=0
E/TrafficStats( 1673): [QCTMM]tryAll index=1
E/TrafficStats( 1673): [QCTMM]tryAll index=2
E/TrafficStats( 1673): [QCTMM]tryAll index=0
E/TrafficStats( 1673): [QCTMM]tryAll index=1
E/TrafficStats( 1673): [QCTMM]tryAll index=2
D/DATA    ( 1860): sentSinceLastRecv=0,watchdogTrigger=10,maxindex=0
D/UDP-TIMING(17001): 4659 0 -0.105318000
D/UDP-TIMING(17001): 4660 0 -0.110515000
D/UDP-TIMING(17001): 4661 0 -0.115682000
D/UDP-TIMING(17001): 4662 0 -0.120870000
D/UDP-TIMING(17001): 4663 0 -0.096500000
D/UDP-TIMING(17001): 4664 0 -0.101690000
D/UDP-TIMING(17001): 4665 0 -0.106837000
D/UDP-TIMING(17001): 4666 0 -0.111956000
D/UDP-TIMING(17001): 4667 0 -0.117146000
D/UDP-TIMING(17001): 4668 0 -0.122357000
D/UDP-TIMING(17001): 4669 0 -0.127529000
D/UDP-TIMING(17001): 4670 0 -0.102506000
D/UDP-TIMING(17001): 4671 0 -0.107694000
D/UDP-TIMING(17001): 4672 0 -0.112883000
D/UDP-TIMING(17001): 4673 0 -0.118079000
D/UDP-TIMING(17001): 4674 0 -0.123224000
D/UDP-TIMING(17001): 4675 0 -0.128397000
D/UDP-TIMING(17001): 4676 0 -0.103927000
D/UDP-TIMING(17001): 4677 0 -0.109113000
D/UDP-TIMING(17001): 4678 0 -0.114305000
D/UDP-TIMING(17001): 4679 0 -0.119480000
D/UDP-TIMING(17001): 4680 0 -0.124645000
D/UDP-TIMING(17001): 4681 0 -0.099559000
D/UDP-TIMING(17001): 4682 0 -0.104749000
D/UDP-TIMING(17001): 4683 0 -0.109938000
D/UDP-TIMING(17001): 4684 0 -0.115113000
D/UDP-TIMING(17001): 4685 0 -0.120358000
D/UDP-TIMING(17001): 4686 0 -0.125517000
D/UDP-TIMING(17001): 4687 0 -0.100988000
D/UDP-TIMING(17001): 4688 0 -0.106180000
D/UDP-TIMING(17001): 4689 0 -0.111373000
D/UDP-TIMING(17001): 4690 0 -0.116559000
D/UDP-TIMING(17001): 4691 0 -0.121717000
D/UDP-TIMING(17001): 4692 0 -0.126905000
D/UDP-TIMING(17001): 4693 0 -0.101910000
D/UDP-TIMING(17001): 4694 0 -0.107067000
D/UDP-TIMING(17001): 4695 0 -0.112230000
D/UDP-TIMING(17001): 4696 0 -0.117426000
D/UDP-TIMING(17001): 4697 0 -0.092929000
D/UDP-TIMING(17001): 4698 0 -0.098098000
D/UDP-TIMING(17001): 4699 0 -0.103286000
D/UDP-TIMING(17001): 4700 0 -0.108399000
D/UDP-TIMING(17001): 4701 0 -0.113586000
D/UDP-TIMING(17001): 4702 0 -0.118778000
D/UDP-TIMING(17001): 4703 0 -0.093568000
D/UDP-TIMING(17001): 4704 0 -0.098695000
D/UDP-TIMING(17001): 4705 0 -0.103885000
D/UDP-TIMING(17001): 4706 0 -0.108986000
D/UDP-TIMING(17001): 4707 0 -0.114172000
D/UDP-TIMING(17001): 4708 0 -0.119362000
D/UDP-TIMING(17001): 4709 0 -0.094984000
D/UDP-TIMING(17001): 4710 0 -0.100175000
D/UDP-TIMING(17001): 4711 0 -0.105364000
D/UDP-TIMING(17001): 4712 0 -0.110523000
D/UDP-TIMING(17001): 4713 0 -0.115708000
D/UDP-TIMING(17001): 4714 0 -0.120900000
D/UDP-TIMING(17001): 4715 0 -0.126087000
D/UDP-TIMING(17001): 4716 0 -0.100947000
D/UDP-TIMING(17001): 4717 0 -0.106112000
D/UDP-TIMING(17001): 4718 0 -0.111301000
D/UDP-TIMING(17001): 4719 0 -0.116487000
D/UDP-TIMING(17001): 4720 0 -0.121673000
D/UDP-TIMING(17001): 4721 0 -0.097233000
D/UDP-TIMING(17001): 4722 0 -0.102422000
D/UDP-TIMING(17001): 4723 0 -0.107579000
D/UDP-TIMING(17001): 4724 0 -0.112774000
D/UDP-TIMING(17001): 4725 0 -0.117962000
D/UDP-TIMING(17001): 4726 0 -0.123155000
D/UDP-TIMING(17001): 4727 0 -0.098051000
D/UDP-TIMING(17001): 4728 0 -0.103230000
D/UDP-TIMING(17001): 4729 0 -0.108416000
D/UDP-TIMING(17001): 4730 0 -0.113606000
D/UDP-TIMING(17001): 4731 0 -0.118762000
D/UDP-TIMING(17001): 4732 0 -0.123951000
D/UDP-TIMING(17001): 4733 0 -0.129140000
D/UDP-TIMING(17001): 4734 0 -0.104694000
D/UDP-TIMING(17001): 4735 0 -0.109882000
D/UDP-TIMING(17001): 4736 0 -0.115069000
D/UDP-TIMING(17001): 4737 0 -0.120224000
D/UDP-TIMING(17001): 4738 0 -0.125413000
D/UDP-TIMING(17001): 4739 0 -0.100635000
D/UDP-TIMING(17001): 4740 0 -0.105821000
D/UDP-TIMING(17001): 4741 0 -0.111010000
D/UDP-TIMING(17001): 4742 0 -0.116196000
D/UDP-TIMING(17001): 4743 0 -0.121393000
D/UDP-TIMING(17001): 4744 0 -0.126538000
D/UDP-TIMING(17001): 4745 0 -0.101420000
D/UDP-TIMING(17001): 4746 0 -0.106580000
D/UDP-TIMING(17001): 4747 0 -0.124073000
D/UDP-TIMING(17001): 4748 0 -0.127899000
D/UDP-TIMING(17001): 4749 0 -0.107520000
D/UDP-TIMING(17001): 4750 0 -0.112711000
D/UDP-TIMING(17001): 4751 0 -0.117902000
D/UDP-TIMING(17001): 4752 0 -0.123092000
D/UDP-TIMING(17001): 4753 0 -0.128292000
D/UDP-TIMING(17001): 4754 0 -0.103186000
D/UDP-TIMING(17001): 4755 0 -0.108288000
E/TrafficStats( 1673): [QCTMM]tryAll index=0
D/UDP-TIMING(17001): 4756 0 -0.113405000
D/UDP-TIMING(17001): 4757 0 -0.118583000
D/UDP-TIMING(17001): 4758 0 -0.123750000
D/UDP-TIMING(17001): 4759 0 -0.128947000
E/TrafficStats( 1673): [QCTMM]tryAll index=1
E/TrafficStats( 1673): [QCTMM]tryAll index=2
E/TrafficStats( 1673): [QCTMM]tryAll index=0
E/TrafficStats( 1673): [QCTMM]tryAll index=1
E/TrafficStats( 1673): [QCTMM]tryAll index=2
D/UDP-TIMING(17001): 4760 0 -0.103957000
D/UDP-TIMING(17001): 4761 0 -0.109058000
D/UDP-TIMING(17001): 4762 0 -0.114250000
D/UDP-TIMING(17001): 4763 0 -0.119446000
D/UDP-TIMING(17001): 4764 0 -0.124639000
D/DATA    ( 1860): sentSinceLastRecv=0,watchdogTrigger=10,maxindex=0
D/UDP-TIMING(17001): 4765 0 -0.100072000
D/UDP-TIMING(17001): 4766 0 -0.105257000
D/UDP-TIMING(17001): 4767 0 -0.110357000
D/UDP-TIMING(17001): 4768 0 -0.115525000
D/UDP-TIMING(17001): 4769 0 -0.120692000
D/UDP-TIMING(17001): 4770 0 -0.125859000
D/UDP-TIMING(17001): 4771 0 -0.101113000
D/UDP-TIMING(17001): 4772 0 -0.106292000
D/UDP-TIMING(17001): 4773 0 -0.111483000
D/UDP-TIMING(17001): 4774 0 -0.116671000
D/UDP-TIMING(17001): 4775 0 -0.121833000
D/UDP-TIMING(17001): 4776 0 -0.096984000
D/UDP-TIMING(17001): 4777 0 -0.102184000
D/UDP-TIMING(17001): 4778 0 -0.107359000
D/UDP-TIMING(17001): 4779 0 -0.112516000
D/UDP-TIMING(17001): 4780 0 -0.117704000
D/UDP-TIMING(17001): 4781 0 -0.122948000
D/UDP-TIMING(17001): 4782 0 -0.128105000
D/UDP-TIMING(17001): 4783 0 -0.103662000
D/UDP-TIMING(17001): 4784 0 -0.108819000
D/UDP-TIMING(17001): 4785 0 -0.114013000
D/UDP-TIMING(17001): 4786 0 -0.119191000
D/UDP-TIMING(17001): 4787 0 -0.124384000
D/UDP-TIMING(17001): 4788 0 -0.099269000
D/UDP-TIMING(17001): 4789 0 -0.104462000
D/UDP-TIMING(17001): 4790 0 -0.109653000
D/UDP-TIMING(17001): 4791 0 -0.114846000
D/UDP-TIMING(17001): 4792 0 -0.119950000
D/UDP-TIMING(17001): 4793 0 -0.125142000
D/UDP-TIMING(17001): 4794 0 -0.130332000
D/UDP-TIMING(17001): 4795 0 -0.105826000
D/UDP-TIMING(17001): 4796 0 -0.111016000
D/UDP-TIMING(17001): 4797 0 -0.116216000
D/UDP-TIMING(17001): 4798 0 -0.121409000
D/UDP-TIMING(17001): 4799 0 -0.126602000
D/UDP-TIMING(17001): 4800 0 -0.101398000
D/UDP-TIMING(17001): 4801 0 -0.106529000
D/UDP-TIMING(17001): 4802 0 -0.111667000
D/UDP-TIMING(17001): 4803 0 -0.116799000
D/UDP-TIMING(17001): 4804 0 -0.121894000
D/UDP-TIMING(17001): 4805 0 -0.127020000
D/UDP-TIMING(17001): 4806 0 -0.102511000
D/UDP-TIMING(17001): 4807 0 -0.107676000
D/UDP-TIMING(17001): 4808 0 -0.112854000
D/UDP-TIMING(17001): 4809 0 -0.118045000
D/UDP-TIMING(17001): 4810 0 -0.123227000
D/UDP-TIMING(17001): 4811 0 -0.128385000
D/UDP-TIMING(17001): 4812 0 -0.103336000
D/UDP-TIMING(17001): 4813 0 -0.108485000
D/UDP-TIMING(17001): 4814 0 -0.113672000
D/UDP-TIMING(17001): 4815 0 -0.118835000
D/UDP-TIMING(17001): 4816 0 -0.124025000
D/UDP-TIMING(17001): 4817 0 -0.129157000
D/UDP-TIMING(17001): 4818 0 -0.104650000
D/UDP-TIMING(17001): 4819 0 -0.109842000
D/UDP-TIMING(17001): 4820 0 -0.115035000
D/UDP-TIMING(17001): 4821 0 -0.120227000
D/UDP-TIMING(17001): 4822 0 -0.125434000
D/UDP-TIMING(17001): 4823 0 -0.129530000
D/UDP-TIMING(17001): 4824 0 -0.105747000
D/UDP-TIMING(17001): 4825 0 -0.110937000
D/UDP-TIMING(17001): 4826 0 -0.116096000
D/UDP-TIMING(17001): 4827 0 -0.121285000
D/UDP-TIMING(17001): 4828 0 -0.096130000
D/UDP-TIMING(17001): 4829 0 -0.101290000
D/UDP-TIMING(17001): 4830 0 -0.106489000
D/UDP-TIMING(17001): 4831 0 -0.111681000
D/UDP-TIMING(17001): 4832 0 -0.116856000
D/UDP-TIMING(17001): 4833 0 -0.122052000
D/UDP-TIMING(17001): 4834 0 -0.127245000
D/UDP-TIMING(17001): 4835 0 -0.102801000
D/UDP-TIMING(17001): 4836 0 -0.108012000
D/UDP-TIMING(17001): 4837 0 -0.113203000
D/UDP-TIMING(17001): 4838 0 -0.118395000
D/UDP-TIMING(17001): 4839 0 -0.123557000
D/UDP-TIMING(17001): 4840 0 -0.128647000
D/UDP-TIMING(17001): 4841 0 -0.103622000
D/UDP-TIMING(17001): 4842 0 -0.108810000
D/UDP-TIMING(17001): 4843 0 -0.113993000
D/UDP-TIMING(17001): 4844 0 -0.119155000
D/UDP-TIMING(17001): 4845 0 -0.124344000
D/UDP-TIMING(17001): 4846 0 -0.099929000
D/UDP-TIMING(17001): 4847 0 -0.105086000
D/UDP-TIMING(17001): 4848 0 -0.122994000
D/UDP-TIMING(17001): 4849 0 -0.109787000
D/UDP-TIMING(17001): 4850 0 -0.115001000
D/UDP-TIMING(17001): 4851 0 -0.120189000
D/UDP-TIMING(17001): 4852 0 -0.125378000
D/UDP-TIMING(17001): 4853 0 -0.101085000
D/UDP-TIMING(17001): 4854 0 -0.106250000
D/UDP-TIMING(17001): 4855 0 -0.111425000
D/UDP-TIMING(17001): 4856 0 -0.116606000
D/UDP-TIMING(17001): 4857 0 -0.119731000
D/UDP-TIMING(17001): 4858 0 -0.124907000
E/TrafficStats( 1673): [QCTMM]tryAll index=0
E/TrafficStats( 1673): [QCTMM]tryAll index=1
E/TrafficStats( 1673): [QCTMM]tryAll index=2
D/UDP-TIMING(17001): 4859 0 -0.101902000
D/UDP-TIMING(17001): 4860 0 -0.107027000
D/UDP-TIMING(17001): 4861 0 -0.112185000
D/UDP-TIMING(17001): 4862 0 -0.117376000
D/UDP-TIMING(17001): 4863 0 -0.122563000
D/UDP-TIMING(17001): 4864 0 -0.127742000
E/TrafficStats( 1673): [QCTMM]tryAll index=0
E/TrafficStats( 1673): [QCTMM]tryAll index=1
E/TrafficStats( 1673): [QCTMM]tryAll index=2
D/DATA    ( 1860): sentSinceLastRecv=0,watchdogTrigger=10,maxindex=0
D/UDP-TIMING(17001): 4865 0 -0.102960000
D/UDP-TIMING(17001): 4866 0 -0.108087000
D/UDP-TIMING(17001): 4867 0 -0.113278000
D/UDP-TIMING(17001): 4868 0 -0.088604000
D/UDP-TIMING(17001): 4869 0 -0.093760000
D/UDP-TIMING(17001): 4870 0 -0.098888000
D/UDP-TIMING(17001): 4871 0 -0.104100000
D/UDP-TIMING(17001): 4872 0 -0.109234000
D/UDP-TIMING(17001): 4873 0 -0.114410000
D/UDP-TIMING(17001): 4874 0 -0.119488000
D/UDP-TIMING(17001): 4875 0 -0.124621000
D/UDP-TIMING(17001): 4876 0 -0.129800000
D/UDP-TIMING(17001): 4877 0 -0.105303000
D/UDP-TIMING(17001): 4878 0 -0.110485000
D/UDP-TIMING(17001): 4879 0 -0.115647000
D/UDP-TIMING(17001): 4880 0 -0.120836000
D/UDP-TIMING(17001): 4881 0 -0.126028000
D/UDP-TIMING(17001): 4882 0 -0.100884000
D/UDP-TIMING(17001): 4883 0 -0.106070000
D/UDP-TIMING(17001): 4884 0 -0.111204000
D/UDP-TIMING(17001): 4885 0 -0.116391000
D/UDP-TIMING(17001): 4886 0 -0.121585000
D/UDP-TIMING(17001): 4887 0 -0.126726000
D/UDP-TIMING(17001): 4888 0 -0.102271000
D/UDP-TIMING(17001): 4889 0 -0.107464000
D/UDP-TIMING(17001): 4890 0 -0.112655000
D/UDP-TIMING(17001): 4891 0 -0.117841000
D/UDP-TIMING(17001): 4892 0 -0.122998000
D/UDP-TIMING(17001): 4893 0 -0.128188000
D/UDP-TIMING(17001): 4894 0 -0.103042000
D/UDP-TIMING(17001): 4895 0 -0.108131000
D/UDP-TIMING(17001): 4896 0 -0.113316000
D/UDP-TIMING(17001): 4897 0 -0.118494000
D/UDP-TIMING(17001): 4898 0 -0.123640000
D/UDP-TIMING(17001): 4899 0 -0.128770000
D/UDP-TIMING(17001): 4900 0 -0.104269000
D/UDP-TIMING(17001): 4901 0 -0.109417000
D/UDP-TIMING(17001): 4902 0 -0.114546000
D/UDP-TIMING(17001): 4903 0 -0.119674000
D/UDP-TIMING(17001): 4904 0 -0.124780000
D/UDP-TIMING(17001): 4905 0 -0.129884000
D/UDP-TIMING(17001): 4906 0 -0.104788000
D/UDP-TIMING(17001): 4907 0 -0.109880000
D/UDP-TIMING(17001): 4908 0 -0.115007000
D/UDP-TIMING(17001): 4909 0 -0.120132000
D/UDP-TIMING(17001): 4910 0 -0.125258000
D/UDP-TIMING(17001): 4911 0 -0.099866000
D/UDP-TIMING(17001): 4912 0 -0.104989000
D/UDP-TIMING(17001): 4913 0 -0.110116000
D/UDP-TIMING(17001): 4914 0 -0.115241000
D/UDP-TIMING(17001): 4915 0 -0.120368000
D/UDP-TIMING(17001): 4916 0 -0.125492000
D/UDP-TIMING(17001): 4917 0 -0.101415000
D/UDP-TIMING(17001): 4918 0 -0.106539000
D/UDP-TIMING(17001): 4919 0 -0.111667000
D/UDP-TIMING(17001): 4920 0 -0.116796000
D/UDP-TIMING(17001): 4921 0 -0.121926000
D/UDP-TIMING(17001): 4922 0 -0.125773000
D/UDP-TIMING(17001): 4923 0 -0.101845000
D/UDP-TIMING(17001): 4924 0 -0.106940000
D/UDP-TIMING(17001): 4925 0 -0.112067000
D/UDP-TIMING(17001): 4926 0 -0.117194000
D/UDP-TIMING(17001): 4927 0 -0.122322000
D/UDP-TIMING(17001): 4928 0 -0.127449000
D/UDP-TIMING(17001): 4929 0 -0.102972000
D/UDP-TIMING(17001): 4930 0 -0.108066000
D/UDP-TIMING(17001): 4931 0 -0.113194000
D/UDP-TIMING(17001): 4932 0 -0.118318000
D/UDP-TIMING(17001): 4933 0 -0.123446000
D/UDP-TIMING(17001): 4934 0 -0.098225000
D/UDP-TIMING(17001): 4935 0 -0.103356000
D/UDP-TIMING(17001): 4936 0 -0.108481000
D/UDP-TIMING(17001): 4937 0 -0.113607000
D/UDP-TIMING(17001): 4938 0 -0.118702000
D/UDP-TIMING(17001): 4939 0 -0.123830000
D/UDP-TIMING(17001): 4940 0 -0.128954000
D/UDP-TIMING(17001): 4941 0 -0.104418000
D/UDP-TIMING(17001): 4942 0 -0.109508000
D/UDP-TIMING(17001): 4943 0 -0.114635000
D/UDP-TIMING(17001): 4944 0 -0.119758000
D/UDP-TIMING(17001): 4945 0 -0.124883000
D/UDP-TIMING(17001): 4946 0 -0.099766000
D/UDP-TIMING(17001): 4947 0 -0.104864000
D/UDP-TIMING(17001): 4948 0 -0.109991000
E/TrafficStats(16531): [QCTMM]tryAll index=0
E/TrafficStats(16531): [QCTMM]tryAll index=1
E/TrafficStats(16531): [QCTMM]tryAll index=2
E/TrafficStats(16531): [QCTMM]tryAll index=0
E/TrafficStats(16531): [QCTMM]tryAll index=1
E/TrafficStats(16531): [QCTMM]tryAll index=2
E/TrafficStats(16531): [QCTMM]tryAll index=0
E/TrafficStats(16531): [QCTMM]tryAll index=1
E/TrafficStats(16531): [QCTMM]tryAll index=2
E/TrafficStats(16531): [QCTMM]tryAll index=0
E/TrafficStats(16531): [QCTMM]tryAll index=1
E/TrafficStats(16531): [QCTMM]tryAll index=2
D/UDP-TIMING(17001): 4949 0 -0.124709000
D/UDP-TIMING(17001): 4950 0 -0.105579000
D/UDP-TIMING(17001): 4951 0 -0.110662000
D/UDP-TIMING(17001): 4952 0 -0.115791000
D/UDP-TIMING(17001): 4953 0 -0.120918000
D/UDP-TIMING(17001): 4954 0 -0.126043000
D/UDP-TIMING(17001): 4955 0 -0.101669000
D/UDP-TIMING(17001): 4956 0 -0.106772000
D/UDP-TIMING(17001): 4957 0 -0.111889000
D/UDP-TIMING(17001): 4958 0 -0.117006000
D/UDP-TIMING(17001): 4959 0 -0.122127000
D/UDP-TIMING(17001): 4960 0 -0.127254000
E/TrafficStats( 1673): [QCTMM]tryAll index=0
E/TrafficStats( 1673): [QCTMM]tryAll index=1
E/TrafficStats( 1673): [QCTMM]tryAll index=2
D/UDP-TIMING(17001): 4961 0 -0.102286000
D/UDP-TIMING(17001): 4962 0 -0.107409000
D/UDP-TIMING(17001): 4963 0 -0.112535000
D/UDP-TIMING(17001): 4964 0 -0.117662000
D/UDP-TIMING(17001): 4965 0 -0.122787000
D/UDP-TIMING(17001): 4966 0 -0.127917000
E/TrafficStats( 1673): [QCTMM]tryAll index=0
E/TrafficStats( 1673): [QCTMM]tryAll index=1
E/TrafficStats( 1673): [QCTMM]tryAll index=2
D/DATA    ( 1860): sentSinceLastRecv=0,watchdogTrigger=10,maxindex=0
D/UDP-TIMING(17001): 4967 0 -0.103194000
D/UDP-TIMING(17001): 4968 0 -0.108317000
D/UDP-TIMING(17001): 4969 0 -0.113441000
D/UDP-TIMING(17001): 4970 0 -0.118643000
D/UDP-TIMING(17001): 4971 0 -0.123779000
D/UDP-TIMING(17001): 4972 0 -0.128911000
D/UDP-TIMING(17001): 4973 0 -0.103820000
D/UDP-TIMING(17001): 4974 0 -0.108999000
D/UDP-TIMING(17001): 4975 0 -0.114181000
D/UDP-TIMING(17001): 4976 0 -0.119366000
D/UDP-TIMING(17001): 4977 0 -0.124520000
D/UDP-TIMING(17001): 4978 0 -0.129648000
D/UDP-TIMING(17001): 4979 0 -0.104401000
D/UDP-TIMING(17001): 4980 0 -0.109541000
D/UDP-TIMING(17001): 4981 0 -0.114724000
D/UDP-TIMING(17001): 4982 0 -0.119876000
D/UDP-TIMING(17001): 4983 0 -0.125062000
D/UDP-TIMING(17001): 4984 0 -0.130258000
D/UDP-TIMING(17001): 4985 0 -0.105748000
D/UDP-TIMING(17001): 4986 0 -0.110927000
D/UDP-TIMING(17001): 4987 0 -0.116105000
D/UDP-TIMING(17001): 4988 0 -0.121288000
D/UDP-TIMING(17001): 4989 0 -0.126423000
D/UDP-TIMING(17001): 4990 0 -0.101255000
D/UDP-TIMING(17001): 4991 0 -0.106385000
D/UDP-TIMING(17001): 4992 0 -0.111515000
D/UDP-TIMING(17001): 4993 0 -0.116643000
D/UDP-TIMING(17001): 4994 0 -0.121770000
D/UDP-TIMING(17001): 4995 0 -0.097177000
D/UDP-TIMING(17001): 4996 0 -0.102302000
D/UDP-TIMING(17001): 4997 0 -0.107431000
D/UDP-TIMING(17001): 4998 0 -0.112528000
D/UDP-TIMING(17001): 4999 0 -0.117655000
D/UDP-TIMING(17001): 5000 0 -0.122779000
D/UDP-TIMING(17001): 5001 0 -0.127904000
D/UDP-TIMING(17001): 5002 0 -0.102998000
D/UDP-TIMING(17001): 5003 0 -0.108049000
D/UDP-TIMING(17001): 5004 0 -0.113174000
D/UDP-TIMING(17001): 5005 0 -0.118299000
D/UDP-TIMING(17001): 5006 0 -0.123427000
D/UDP-TIMING(17001): 5007 0 -0.098314000
D/UDP-TIMING(17001): 5008 0 -0.103449000
D/UDP-TIMING(17001): 5009 0 -0.108577000
D/UDP-TIMING(17001): 5010 0 -0.113675000
D/UDP-TIMING(17001): 5011 0 -0.118803000
D/UDP-TIMING(17001): 5012 0 -0.123927000
D/UDP-TIMING(17001): 5013 0 -0.129053000
D/UDP-TIMING(17001): 5014 0 -0.104516000
D/UDP-TIMING(17001): 5015 0 -0.109639000
D/UDP-TIMING(17001): 5016 0 -0.114765000
D/UDP-TIMING(17001): 5017 0 -0.119890000
D/UDP-TIMING(17001): 5018 0 -0.125017000
D/UDP-TIMING(17001): 5019 0 -0.128132000
D/UDP-TIMING(17001): 5020 0 -0.104997000
D/UDP-TIMING(17001): 5021 0 -0.110123000
D/UDP-TIMING(17001): 5022 0 -0.115249000
D/UDP-TIMING(17001): 5023 0 -0.120344000
D/UDP-TIMING(17001): 5024 0 -0.125477000
D/UDP-TIMING(17001): 5025 0 -0.100941000
D/UDP-TIMING(17001): 5026 0 -0.106035000
