D/StatusBarPolicy( 1816): iconIndex=1
V/StatusBarPolicy( 1816): cdmaLevel:3;max:4
D/StatusBarPolicy( 1816): iconLevel:3
D/StatusBarPolicy( 1816): iconIndex=1
V/StatusBarPolicy( 1816): cdmaLevel:4;max:4
D/StatusBarPolicy( 1816): iconLevel:4
D/StatusBarPolicy( 1816): iconIndex=1
V/StatusBarPolicy( 1816): cdmaLevel:3;max:4
D/StatusBarPolicy( 1816): iconLevel:3
V/DeviceStorageMonitorService( 1673): freeMemory=2097885184
D/DeviceStorageMonitorService( 1673): OoO SMS Memory available. SMS_AVAILABLE_THRESHOLD == 524288
I/DeviceStorageMonitorService( 1673): Posting Message again
D/StatusBarPolicy( 1816): iconIndex=1
V/StatusBarPolicy( 1816): cdmaLevel:4;max:4
D/StatusBarPolicy( 1816): iconLevel:4
D/StatusBarPolicy( 1816): iconIndex=1
V/StatusBarPolicy( 1816): cdmaLevel:3;max:4
D/StatusBarPolicy( 1816): iconLevel:3
D/StatusBarPolicy( 1816): hasService()=true ,mDataState=2 ,mPhone.htcModemLinkOn()=false ,mDataActivity=0
D/StatusBarPolicy( 1816): slotType[0]=RUIM
V/DeviceStorageMonitorService( 1673): freeMemory=2097885184
D/DeviceStorageMonitorService( 1673): OoO SMS Memory available. SMS_AVAILABLE_THRESHOLD == 524288
I/DeviceStorageMonitorService( 1673): Posting Message again
D/StatusBarPolicy( 1816): iconIndex=1
V/StatusBarPolicy( 1816): cdmaLevel:4;max:4
D/StatusBarPolicy( 1816): iconLevel:4
D/StatusBarPolicy( 1816): hasService()=true ,mDataState=2 ,mPhone.htcModemLinkOn()=false ,mDataActivity=0
D/StatusBarPolicy( 1816): slotType[0]=RUIM
D/StatusBarPolicy( 1816): iconIndex=1
V/StatusBarPolicy( 1816): cdmaLevel:2;max:4
D/StatusBarPolicy( 1816): iconLevel:2
D/StatusBarPolicy( 1816): iconIndex=1
V/StatusBarPolicy( 1816): cdmaLevel:3;max:4
D/StatusBarPolicy( 1816): iconLevel:3
D/StatusBarPolicy( 1816): hasService()=true ,mDataState=2 ,mPhone.htcModemLinkOn()=false ,mDataActivity=2
D/StatusBarPolicy( 1816): slotType[0]=RUIM
D/StatusBarPolicy( 1816): hasService()=true ,mDataState=2 ,mPhone.htcModemLinkOn()=false ,mDataActivity=0
D/StatusBarPolicy( 1816): slotType[0]=RUIM
D/StatusBarPolicy( 1816): hasService()=true ,mDataState=2 ,mPhone.htcModemLinkOn()=false ,mDataActivity=1
D/StatusBarPolicy( 1816): slotType[0]=RUIM
V/DeviceStorageMonitorService( 1673): freeMemory=2097885184
D/DeviceStorageMonitorService( 1673): OoO SMS Memory available. SMS_AVAILABLE_THRESHOLD == 524288
I/DeviceStorageMonitorService( 1673): Posting Message again
D/StatusBarPolicy( 1816): iconIndex=1
V/StatusBarPolicy( 1816): cdmaLevel:4;max:4
D/StatusBarPolicy( 1816): iconLevel:4
V/DeviceStorageMonitorService( 1673): freeMemory=2097885184
D/DeviceStorageMonitorService( 1673): OoO SMS Memory available. SMS_AVAILABLE_THRESHOLD == 524288
I/DeviceStorageMonitorService( 1673): Posting Message again
D/StatusBarPolicy( 1816): iconIndex=1
V/StatusBarPolicy( 1816): cdmaLevel:3;max:4
D/StatusBarPolicy( 1816): iconLevel:3
D/StatusBarPolicy( 1816): hasService()=true ,mDataState=2 ,mPhone.htcModemLinkOn()=false ,mDataActivity=0
D/StatusBarPolicy( 1816): slotType[0]=RUIM
D/StatusBarPolicy( 1816): hasService()=true ,mDataState=2 ,mPhone.htcModemLinkOn()=false ,mDataActivity=0
D/StatusBarPolicy( 1816): slotType[0]=RUIM
D/StatusBarPolicy( 1816): hasService()=true ,mDataState=2 ,mPhone.htcModemLinkOn()=false ,mDataActivity=0
D/StatusBarPolicy( 1816): slotType[0]=RUIM
D/StatusBarPolicy( 1816): hasService()=true ,mDataState=2 ,mPhone.htcModemLinkOn()=false ,mDataActivity=2
D/StatusBarPolicy( 1816): slotType[0]=RUIM
D/StatusBarPolicy( 1816): hasService()=true ,mDataState=2 ,mPhone.htcModemLinkOn()=false ,mDataActivity=1
D/StatusBarPolicy( 1816): slotType[0]=RUIM
D/StatusBarPolicy( 1816): iconIndex=1
V/StatusBarPolicy( 1816): cdmaLevel:4;max:4
D/StatusBarPolicy( 1816): iconLevel:4
V/DeviceStorageMonitorService( 1673): freeMemory=2097885184
D/DeviceStorageMonitorService( 1673): OoO SMS Memory available. SMS_AVAILABLE_THRESHOLD == 524288
I/DeviceStorageMonitorService( 1673): Posting Message again
I/ActivityManager( 1673): Start proc com.viber.voip:keepAliveReceiver for broadcast com.viber.voip/com.viber.service.KeepAliveReceiver: pid=17032 uid=10159 gids={3003, 1015, 3002, 3001, 1007, 1006}
D/Socket_Alarm(17032): registerHTCSocketMonitorCallBack
D/Socket_Alarm(17032): set mSocketMonitor
D/Socket_Alarm(17032): HTCSocketMonitorImpl::HTCSocketMonitorImpl
D/StatusBarPolicy( 1816): hasService()=true ,mDataState=2 ,mPhone.htcModemLinkOn()=false ,mDataActivity=3
D/StatusBarPolicy( 1816): slotType[0]=RUIM
V/DeviceStorageMonitorService( 1673): freeMemory=2097885184
D/DeviceStorageMonitorService( 1673): OoO SMS Memory available. SMS_AVAILABLE_THRESHOLD == 524288
I/DeviceStorageMonitorService( 1673): Posting Message again
D/StatusBarPolicy( 1816): hasService()=true ,mDataState=2 ,mPhone.htcModemLinkOn()=false ,mDataActivity=1
D/StatusBarPolicy( 1816): slotType[0]=RUIM
D/StatusBarPolicy( 1816): iconIndex=1
V/StatusBarPolicy( 1816): cdmaLevel:3;max:4
D/StatusBarPolicy( 1816): iconLevel:3
D/StatusBarPolicy( 1816): iconIndex=1
V/StatusBarPolicy( 1816): cdmaLevel:4;max:4
D/StatusBarPolicy( 1816): iconLevel:4
D/StatusBarPolicy( 1816): iconIndex=1
V/StatusBarPolicy( 1816): cdmaLevel:3;max:4
D/StatusBarPolicy( 1816): iconLevel:3
D/StatusBarPolicy( 1816): iconIndex=1
V/StatusBarPolicy( 1816): cdmaLevel:2;max:4
D/StatusBarPolicy( 1816): iconLevel:2
D/StatusBarPolicy( 1816): hasService()=true ,mDataState=2 ,mPhone.htcModemLinkOn()=false ,mDataActivity=0
D/StatusBarPolicy( 1816): slotType[0]=RUIM
D/StatusBarPolicy( 1816): iconIndex=1
V/StatusBarPolicy( 1816): cdmaLevel:4;max:4
D/StatusBarPolicy( 1816): iconLevel:4
D/StatusBarPolicy( 1816): hasService()=true ,mDataState=2 ,mPhone.htcModemLinkOn()=false ,mDataActivity=0
D/StatusBarPolicy( 1816): slotType[0]=RUIM
D/StatusBarPolicy( 1816): iconIndex=1
V/StatusBarPolicy( 1816): cdmaLevel:3;max:4
D/StatusBarPolicy( 1816): iconLevel:3
V/DeviceStorageMonitorService( 1673): freeMemory=2097885184
D/DeviceStorageMonitorService( 1673): OoO SMS Memory available. SMS_AVAILABLE_THRESHOLD == 524288
I/DeviceStorageMonitorService( 1673): Posting Message again
D/StatusBarPolicy( 1816): hasService()=true ,mDataState=2 ,mPhone.htcModemLinkOn()=false ,mDataActivity=0
D/StatusBarPolicy( 1816): slotType[0]=RUIM
D/StatusBarPolicy( 1816): hasService()=true ,mDataState=2 ,mPhone.htcModemLinkOn()=false ,mDataActivity=3
D/StatusBarPolicy( 1816): slotType[0]=RUIM
D/StatusBarPolicy( 1816): iconIndex=1
V/StatusBarPolicy( 1816): cdmaLevel:4;max:4
D/StatusBarPolicy( 1816): iconLevel:4
D/StatusBarPolicy( 1816): hasService()=true ,mDataState=2 ,mPhone.htcModemLinkOn()=false ,mDataActivity=1
D/StatusBarPolicy( 1816): slotType[0]=RUIM
D/StatusBarPolicy( 1816): iconIndex=1
V/StatusBarPolicy( 1816): cdmaLevel:3;max:4
D/StatusBarPolicy( 1816): iconLevel:3
D/StatusBarPolicy( 1816): iconIndex=1
V/StatusBarPolicy( 1816): cdmaLevel:3;max:4
D/StatusBarPolicy( 1816): iconLevel:3
V/DeviceStorageMonitorService( 1673): freeMemory=2097885184
D/DeviceStorageMonitorService( 1673): OoO SMS Memory available. SMS_AVAILABLE_THRESHOLD == 524288
I/DeviceStorageMonitorService( 1673): Posting Message again
D/StatusBarPolicy( 1816): iconIndex=1
V/StatusBarPolicy( 1816): cdmaLevel:4;max:4
D/StatusBarPolicy( 1816): iconLevel:4
D/StatusBarPolicy( 1816): iconIndex=1
V/StatusBarPolicy( 1816): cdmaLevel:3;max:4
D/StatusBarPolicy( 1816): iconLevel:3
D/StatusBarPolicy( 1816): iconIndex=1
V/StatusBarPolicy( 1816): cdmaLevel:4;max:4
D/StatusBarPolicy( 1816): iconLevel:4
D/StatusBarPolicy( 1816): iconIndex=1
V/StatusBarPolicy( 1816): cdmaLevel:2;max:4
D/StatusBarPolicy( 1816): iconLevel:2
D/StatusBarPolicy( 1816): iconIndex=1
V/StatusBarPolicy( 1816): cdmaLevel:3;max:4
D/StatusBarPolicy( 1816): iconLevel:3
V/DeviceStorageMonitorService( 1673): freeMemory=2097881088
D/DeviceStorageMonitorService( 1673): OoO SMS Memory available. SMS_AVAILABLE_THRESHOLD == 524288
I/DeviceStorageMonitorService( 1673): Posting Message again
--------- beginning of /dev/log/main
D/UDP-TIMING(17001): 9254 0 -0.126145000
D/UDP-TIMING(17001): 9255 0 -0.101049000
D/UDP-TIMING(17001): 9256 0 -0.106227000
D/UDP-TIMING(17001): 9257 0 -0.111358000
D/UDP-TIMING(17001): 9258 0 -0.116459000
D/UDP-TIMING(17001): 9259 0 -0.121638000
D/UDP-TIMING(17001): 9260 0 -0.126817000
D/UDP-TIMING(17001): 9261 0 -0.101995000
D/UDP-TIMING(17001): 9262 0 -0.107176000
D/UDP-TIMING(17001): 9263 0 -0.112359000
D/UDP-TIMING(17001): 9264 0 -0.117510000
D/UDP-TIMING(17001): 9265 0 -0.122688000
D/UDP-TIMING(17001): 9266 0 -0.127866000
D/UDP-TIMING(17001): 9267 0 -0.103349000
D/UDP-TIMING(17001): 9268 0 -0.108577000
D/UDP-TIMING(17001): 9269 0 -0.113678000
D/UDP-TIMING(17001): 9270 0 -0.118805000
D/UDP-TIMING(17001): 9271 0 -0.093685000
D/UDP-TIMING(17001): 9272 0 -0.098808000
D/UDP-TIMING(17001): 9273 0 -0.103929000
D/UDP-TIMING(17001): 9274 0 -0.109052000
D/UDP-TIMING(17001): 9275 0 -0.114172000
D/UDP-TIMING(17001): 9276 0 -0.119261000
D/UDP-TIMING(17001): 9277 0 -0.124384000
D/UDP-TIMING(17001): 9278 0 -0.129509000
D/UDP-TIMING(17001): 9279 0 -0.105002000
D/UDP-TIMING(17001): 9280 0 -0.110088000
D/UDP-TIMING(17001): 9281 0 -0.115215000
D/UDP-TIMING(17001): 9282 0 -0.120339000
D/UDP-TIMING(17001): 9283 0 -0.125452000
D/UDP-TIMING(17001): 9284 0 -0.100297000
D/UDP-TIMING(17001): 9285 0 -0.105453000
D/UDP-TIMING(17001): 9286 0 -0.110628000
D/UDP-TIMING(17001): 9287 0 -0.115808000
D/UDP-TIMING(17001): 9288 0 -0.120993000
D/UDP-TIMING(17001): 9289 0 -0.126143000
D/UDP-TIMING(17001): 9290 0 -0.101722000
D/UDP-TIMING(17001): 9291 0 -0.106916000
D/UDP-TIMING(17001): 9292 0 -0.124137000
D/UDP-TIMING(17001): 9293 0 -0.101986000
D/UDP-TIMING(17001): 9294 0 -0.107197000
D/UDP-TIMING(17001): 9295 0 -0.112369000
D/UDP-TIMING(17001): 9296 0 -0.117542000
D/UDP-TIMING(17001): 9297 0 -0.122760000
D/UDP-TIMING(17001): 9298 0 -0.127849000
D/UDP-TIMING(17001): 9299 0 -0.103317000
D/UDP-TIMING(17001): 9300 0 -0.108517000
D/UDP-TIMING(17001): 9301 0 -0.113625000
D/UDP-TIMING(17001): 9302 0 -0.118744000
D/UDP-TIMING(17001): 9303 0 -0.123842000
D/UDP-TIMING(17001): 9304 0 -0.128997000
D/UDP-TIMING(17001): 9305 0 -0.103865000
D/UDP-TIMING(17001): 9306 0 -0.108954000
D/UDP-TIMING(17001): 9307 0 -0.114075000
D/UDP-TIMING(17001): 9308 0 -0.119156000
D/UDP-TIMING(17001): 9309 0 -0.124334000
D/UDP-TIMING(17001): 9310 0 -0.129424000
E/TrafficStats( 1673): [QCTMM]tryAll index=0
E/TrafficStats( 1673): [QCTMM]tryAll index=1
E/TrafficStats( 1673): [QCTMM]tryAll index=2
E/TrafficStats( 1673): [QCTMM]tryAll index=0
E/TrafficStats( 1673): [QCTMM]tryAll index=1
D/UDP-TIMING(17001): 9311 0 -0.104224000
D/UDP-TIMING(17001): 9312 0 -0.109391000
D/UDP-TIMING(17001): 9313 0 -0.114499000
D/UDP-TIMING(17001): 9314 0 -0.119677000
D/UDP-TIMING(17001): 9315 0 -0.124869000
D/UDP-TIMING(17001): 9316 0 -0.130106000
E/TrafficStats( 1673): [QCTMM]tryAll index=2
D/DATA    ( 1860): sentSinceLastRecv=0,watchdogTrigger=10,maxindex=0
D/UDP-TIMING(17001): 9317 0 -0.105161000
D/UDP-TIMING(17001): 9318 0 -0.110349000
D/UDP-TIMING(17001): 9319 0 -0.115554000
D/UDP-TIMING(17001): 9320 0 -0.120745000
D/UDP-TIMING(17001): 9321 0 -0.125932000
D/UDP-TIMING(17001): 9322 0 -0.101928000
D/UDP-TIMING(17001): 9323 0 -0.107116000
D/UDP-TIMING(17001): 9324 0 -0.112307000
D/UDP-TIMING(17001): 9325 0 -0.117504000
D/UDP-TIMING(17001): 9326 0 -0.122663000
D/UDP-TIMING(17001): 9327 0 -0.127849000
D/UDP-TIMING(17001): 9328 0 -0.102521000
D/UDP-TIMING(17001): 9329 0 -0.107768000
D/UDP-TIMING(17001): 9330 0 -0.112958000
D/UDP-TIMING(17001): 9331 0 -0.118116000
D/UDP-TIMING(17001): 9332 0 -0.123305000
D/UDP-TIMING(17001): 9333 0 -0.128492000
D/UDP-TIMING(17001): 9334 0 -0.104219000
D/UDP-TIMING(17001): 9335 0 -0.109380000
D/UDP-TIMING(17001): 9336 0 -0.114554000
D/UDP-TIMING(17001): 9337 0 -0.119745000
D/UDP-TIMING(17001): 9338 0 -0.124932000
D/UDP-TIMING(17001): 9339 0 -0.099806000
D/UDP-TIMING(17001): 9340 0 -0.104985000
D/UDP-TIMING(17001): 9341 0 -0.110173000
D/UDP-TIMING(17001): 9342 0 -0.115356000
D/UDP-TIMING(17001): 9343 0 -0.120532000
D/UDP-TIMING(17001): 9344 0 -0.125679000
D/UDP-TIMING(17001): 9345 0 -0.101140000
D/UDP-TIMING(17001): 9346 0 -0.106333000
D/UDP-TIMING(17001): 9347 0 -0.111513000
D/UDP-TIMING(17001): 9348 0 -0.116685000
D/UDP-TIMING(17001): 9349 0 -0.121849000
D/UDP-TIMING(17001): 9350 0 -0.127025000
D/UDP-TIMING(17001): 9351 0 -0.101945000
D/UDP-TIMING(17001): 9352 0 -0.107120000
D/UDP-TIMING(17001): 9353 0 -0.112302000
D/UDP-TIMING(17001): 9354 0 -0.117483000
D/UDP-TIMING(17001): 9355 0 -0.122630000
D/UDP-TIMING(17001): 9356 0 -0.127792000
D/UDP-TIMING(17001): 9357 0 -0.103229000
D/UDP-TIMING(17001): 9358 0 -0.108450000
D/UDP-TIMING(17001): 9359 0 -0.113623000
D/UDP-TIMING(17001): 9360 0 -0.118808000
D/UDP-TIMING(17001): 9361 0 -0.123958000
D/UDP-TIMING(17001): 9362 0 -0.129147000
D/UDP-TIMING(17001): 9363 0 -0.104431000
D/UDP-TIMING(17001): 9364 0 -0.109552000
D/UDP-TIMING(17001): 9365 0 -0.114675000
D/UDP-TIMING(17001): 9366 0 -0.119852000
D/UDP-TIMING(17001): 9367 0 -0.094662000
D/UDP-TIMING(17001): 9368 0 -0.099793000
D/UDP-TIMING(17001): 9369 0 -0.104969000
D/UDP-TIMING(17001): 9370 0 -0.110113000
D/UDP-TIMING(17001): 9371 0 -0.115288000
D/UDP-TIMING(17001): 9372 0 -0.120468000
D/UDP-TIMING(17001): 9373 0 -0.125653000
D/UDP-TIMING(17001): 9374 0 -0.130765000
D/UDP-TIMING(17001): 9375 0 -0.106369000
D/UDP-TIMING(17001): 9376 0 -0.111585000
D/UDP-TIMING(17001): 9377 0 -0.116764000
D/UDP-TIMING(17001): 9378 0 -0.121909000
D/UDP-TIMING(17001): 9379 0 -0.127090000
D/UDP-TIMING(17001): 9380 0 -0.102025000
D/UDP-TIMING(17001): 9381 0 -0.107171000
D/UDP-TIMING(17001): 9382 0 -0.112356000
D/UDP-TIMING(17001): 9383 0 -0.117530000
D/UDP-TIMING(17001): 9384 0 -0.122713000
D/UDP-TIMING(17001): 9385 0 -0.098120000
D/UDP-TIMING(17001): 9386 0 -0.103299000
D/UDP-TIMING(17001): 9387 0 -0.108525000
D/UDP-TIMING(17001): 9388 0 -0.113658000
D/UDP-TIMING(17001): 9389 0 -0.118781000
D/UDP-TIMING(17001): 9390 0 -0.123906000
D/UDP-TIMING(17001): 9391 0 -0.128990000
D/UDP-TIMING(17001): 9392 0 -0.104000000
D/UDP-TIMING(17001): 9393 0 -0.126789000
D/UDP-TIMING(17001): 9394 0 -0.109578000
D/UDP-TIMING(17001): 9395 0 -0.114743000
D/UDP-TIMING(17001): 9396 0 -0.120023000
D/UDP-TIMING(17001): 9397 0 -0.125186000
D/UDP-TIMING(17001): 9398 0 -0.100020000
D/UDP-TIMING(17001): 9399 0 -0.105189000
D/UDP-TIMING(17001): 9400 0 -0.110297000
D/UDP-TIMING(17001): 9401 0 -0.115421000
D/UDP-TIMING(17001): 9402 0 -0.120531000
D/UDP-TIMING(17001): 9403 0 -0.125620000
D/UDP-TIMING(17001): 9404 0 -0.101078000
D/UDP-TIMING(17001): 9405 0 -0.106236000
D/UDP-TIMING(17001): 9406 0 -0.111363000
D/UDP-TIMING(17001): 9407 0 -0.116482000
D/UDP-TIMING(17001): 9408 0 -0.121604000
D/UDP-TIMING(17001): 9409 0 -0.126759000
D/UDP-TIMING(17001): 9410 0 -0.101641000
D/UDP-TIMING(17001): 9411 0 -0.106831000
D/UDP-TIMING(17001): 9412 0 -0.112022000
D/UDP-TIMING(17001): 9413 0 -0.117210000
D/UDP-TIMING(17001): 9414 0 -0.122372000
D/UDP-TIMING(17001): 9415 0 -0.127568000
E/TrafficStats( 1673): [QCTMM]tryAll index=0
E/TrafficStats( 1673): [QCTMM]tryAll index=1
E/TrafficStats( 1673): [QCTMM]tryAll index=2
E/TrafficStats( 1673): [QCTMM]tryAll index=0
E/TrafficStats( 1673): [QCTMM]tryAll index=1
E/TrafficStats( 1673): [QCTMM]tryAll index=2
D/UDP-TIMING(17001): 9416 0 -0.102549000
D/UDP-TIMING(17001): 9417 0 -0.107739000
D/UDP-TIMING(17001): 9418 0 -0.112926000
D/UDP-TIMING(17001): 9419 0 -0.118112000
D/UDP-TIMING(17001): 9420 0 -0.123294000
D/UDP-TIMING(17001): 9421 0 -0.128446000
D/DATA    ( 1860): sentSinceLastRecv=0,watchdogTrigger=10,maxindex=0
D/UDP-TIMING(17001): 9422 0 -0.103913000
D/UDP-TIMING(17001): 9423 0 -0.109044000
D/UDP-TIMING(17001): 9424 0 -0.114234000
D/UDP-TIMING(17001): 9425 0 -0.119321000
D/UDP-TIMING(17001): 9426 0 -0.124506000
D/UDP-TIMING(17001): 9427 0 -0.100257000
D/UDP-TIMING(17001): 9428 0 -0.105397000
D/UDP-TIMING(17001): 9429 0 -0.110527000
D/UDP-TIMING(17001): 9430 0 -0.115684000
D/UDP-TIMING(17001): 9431 0 -0.120855000
D/UDP-TIMING(17001): 9432 0 -0.126046000
D/UDP-TIMING(17001): 9433 0 -0.100663000
D/UDP-TIMING(17001): 9434 0 -0.105853000
D/UDP-TIMING(17001): 9435 0 -0.111017000
D/UDP-TIMING(17001): 9436 0 -0.116209000
D/UDP-TIMING(17001): 9437 0 -0.121381000
D/UDP-TIMING(17001): 9438 0 -0.126571000
D/UDP-TIMING(17001): 9439 0 -0.101982000
D/UDP-TIMING(17001): 9440 0 -0.107173000
D/UDP-TIMING(17001): 9441 0 -0.112362000
D/UDP-TIMING(17001): 9442 0 -0.117553000
D/UDP-TIMING(17001): 9443 0 -0.122709000
D/UDP-TIMING(17001): 9444 0 -0.127900000
D/UDP-TIMING(17001): 9445 0 -0.103179000
D/UDP-TIMING(17001): 9446 0 -0.108355000
D/UDP-TIMING(17001): 9447 0 -0.113522000
D/UDP-TIMING(17001): 9448 0 -0.118710000
D/UDP-TIMING(17001): 9449 0 -0.123901000
D/UDP-TIMING(17001): 9450 0 -0.129064000
D/UDP-TIMING(17001): 9451 0 -0.103999000
D/UDP-TIMING(17001): 9452 0 -0.109125000
D/UDP-TIMING(17001): 9453 0 -0.114313000
D/UDP-TIMING(17001): 9454 0 -0.119497000
D/UDP-TIMING(17001): 9455 0 -0.124687000
D/UDP-TIMING(17001): 9456 0 -0.129812000
D/UDP-TIMING(17001): 9457 0 -0.105326000
D/UDP-TIMING(17001): 9458 0 -0.110456000
D/UDP-TIMING(17001): 9459 0 -0.115614000
D/UDP-TIMING(17001): 9460 0 -0.120745000
D/UDP-TIMING(17001): 9461 0 -0.095657000
D/UDP-TIMING(17001): 9462 0 -0.100816000
D/UDP-TIMING(17001): 9463 0 -0.105992000
D/UDP-TIMING(17001): 9464 0 -0.111180000
D/UDP-TIMING(17001): 9465 0 -0.116367000
D/UDP-TIMING(17001): 9466 0 -0.121556000
D/UDP-TIMING(17001): 9467 0 -0.126743000
D/UDP-TIMING(17001): 9468 0 -0.102208000
D/UDP-TIMING(17001): 9469 0 -0.107352000
D/UDP-TIMING(17001): 9470 0 -0.112539000
D/UDP-TIMING(17001): 9471 0 -0.117734000
D/UDP-TIMING(17001): 9472 0 -0.122922000
D/UDP-TIMING(17001): 9473 0 -0.128112000
D/UDP-TIMING(17001): 9474 0 -0.103056000
D/UDP-TIMING(17001): 9475 0 -0.108248000
D/UDP-TIMING(17001): 9476 0 -0.113435000
D/UDP-TIMING(17001): 9477 0 -0.118623000
D/UDP-TIMING(17001): 9478 0 -0.094116000
D/UDP-TIMING(17001): 9479 0 -0.099275000
D/UDP-TIMING(17001): 9480 0 -0.104463000
D/UDP-TIMING(17001): 9481 0 -0.109649000
D/UDP-TIMING(17001): 9482 0 -0.114834000
D/UDP-TIMING(17001): 9483 0 -0.120021000
D/UDP-TIMING(17001): 9484 0 -0.125210000
D/UDP-TIMING(17001): 9485 0 -0.130368000
D/UDP-TIMING(17001): 9486 0 -0.105345000
D/UDP-TIMING(17001): 9487 0 -0.110505000
D/UDP-TIMING(17001): 9488 0 -0.115691000
D/UDP-TIMING(17001): 9489 0 -0.120879000
D/UDP-TIMING(17001): 9490 0 -0.126099000
D/UDP-TIMING(17001): 9491 0 -0.101516000
D/UDP-TIMING(17001): 9492 0 -0.106702000
D/UDP-TIMING(17001): 9493 0 -0.111824000
I/EventLogService( 1837): Aggregate from 1339667394477 (log), 1339667394477 (data)
D/UDP-TIMING(17001): 9494 0 -0.129714000
D/UDP-TIMING(17001): 9495 0 -0.106980000
D/UDP-TIMING(17001): 9496 0 -0.112145000
D/UDP-TIMING(17001): 9497 0 -0.117311000
D/UDP-TIMING(17001): 9498 0 -0.122481000
D/UDP-TIMING(17001): 9499 0 -0.127643000
D/UDP-TIMING(17001): 9500 0 -0.103014000
D/UDP-TIMING(17001): 9501 0 -0.108171000
D/UDP-TIMING(17001): 9502 0 -0.113329000
D/UDP-TIMING(17001): 9503 0 -0.118453000
D/UDP-TIMING(17001): 9504 0 -0.123591000
D/UDP-TIMING(17001): 9505 0 -0.128751000
D/UDP-TIMING(17001): 9506 0 -0.103740000
D/UDP-TIMING(17001): 9507 0 -0.108867000
D/UDP-TIMING(17001): 9508 0 -0.114060000
D/UDP-TIMING(17001): 9509 0 -0.119170000
D/UDP-TIMING(17001): 9510 0 -0.124327000
D/UDP-TIMING(17001): 9511 0 -0.099828000
D/UDP-TIMING(17001): 9512 0 -0.104988000
D/UDP-TIMING(17001): 9513 0 -0.110118000
D/UDP-TIMING(17001): 9514 0 -0.115308000
D/UDP-TIMING(17001): 9515 0 -0.120447000
E/TrafficStats( 1673): [QCTMM]tryAll index=0
E/TrafficStats( 1673): [QCTMM]tryAll index=1
E/TrafficStats( 1673): [QCTMM]tryAll index=2
E/TrafficStats( 1673): [QCTMM]tryAll index=0
E/TrafficStats( 1673): [QCTMM]tryAll index=1
E/TrafficStats( 1673): [QCTMM]tryAll index=2
D/UDP-TIMING(17001): 9516 0 -0.095085000
D/UDP-TIMING(17001): 9517 0 -0.100272000
D/UDP-TIMING(17001): 9518 0 -0.105458000
D/UDP-TIMING(17001): 9519 0 -0.110649000
D/UDP-TIMING(17001): 9520 0 -0.115840000
D/UDP-TIMING(17001): 9521 0 -0.120993000
D/UDP-TIMING(17001): 9522 0 -0.126180000
D/DATA    ( 1860): sentSinceLastRecv=0,watchdogTrigger=10,maxindex=0
D/UDP-TIMING(17001): 9523 0 -0.101581000
D/UDP-TIMING(17001): 9524 0 -0.106776000
D/UDP-TIMING(17001): 9525 0 -0.111965000
D/UDP-TIMING(17001): 9526 0 -0.117087000
D/UDP-TIMING(17001): 9527 0 -0.122177000
D/UDP-TIMING(17001): 9528 0 -0.097615000
D/UDP-TIMING(17001): 9529 0 -0.102803000
D/UDP-TIMING(17001): 9530 0 -0.107992000
D/UDP-TIMING(17001): 9531 0 -0.113098000
D/UDP-TIMING(17001): 9532 0 -0.118226000
D/UDP-TIMING(17001): 9533 0 -0.123451000
D/UDP-TIMING(17001): 9534 0 -0.128614000
D/UDP-TIMING(17001): 9535 0 -0.103585000
D/UDP-TIMING(17001): 9536 0 -0.108708000
D/UDP-TIMING(17001): 9537 0 -0.113884000
D/UDP-TIMING(17001): 9538 0 -0.119023000
D/UDP-TIMING(17001): 9539 0 -0.124204000
D/UDP-TIMING(17001): 9540 0 -0.099655000
D/UDP-TIMING(17001): 9541 0 -0.104834000
D/UDP-TIMING(17001): 9542 0 -0.109935000
D/UDP-TIMING(17001): 9543 0 -0.115116000
D/UDP-TIMING(17001): 9544 0 -0.120372000
D/UDP-TIMING(17001): 9545 0 -0.125549000
D/UDP-TIMING(17001): 9546 0 -0.130671000
D/UDP-TIMING(17001): 9547 0 -0.105641000
D/UDP-TIMING(17001): 9548 0 -0.110788000
D/UDP-TIMING(17001): 9549 0 -0.115965000
D/UDP-TIMING(17001): 9550 0 -0.121153000
D/UDP-TIMING(17001): 9551 0 -0.126276000
D/UDP-TIMING(17001): 9552 0 -0.101753000
D/UDP-TIMING(17001): 9553 0 -0.106932000
D/UDP-TIMING(17001): 9554 0 -0.112111000
D/UDP-TIMING(17001): 9555 0 -0.117282000
D/UDP-TIMING(17001): 9556 0 -0.122431000
D/UDP-TIMING(17001): 9557 0 -0.127607000
D/UDP-TIMING(17001): 9558 0 -0.102478000
D/UDP-TIMING(17001): 9559 0 -0.107655000
D/UDP-TIMING(17001): 9560 0 -0.112836000
D/UDP-TIMING(17001): 9561 0 -0.118010000
D/UDP-TIMING(17001): 9562 0 -0.123163000
D/UDP-TIMING(17001): 9563 0 -0.128356000
D/UDP-TIMING(17001): 9564 0 -0.103933000
D/UDP-TIMING(17001): 9565 0 -0.109077000
D/UDP-TIMING(17001): 9566 0 -0.114261000
D/UDP-TIMING(17001): 9567 0 -0.119441000
D/UDP-TIMING(17001): 9568 0 -0.124617000
D/UDP-TIMING(17001): 9569 0 -0.129798000
D/UDP-TIMING(17001): 9570 0 -0.104706000
D/UDP-TIMING(17001): 9571 0 -0.109838000
D/UDP-TIMING(17001): 9572 0 -0.115011000
D/UDP-TIMING(17001): 9573 0 -0.120191000
D/UDP-TIMING(17001): 9574 0 -0.125368000
D/UDP-TIMING(17001): 9575 0 -0.100820000
D/UDP-TIMING(17001): 9576 0 -0.105995000
D/UDP-TIMING(17001): 9577 0 -0.111181000
D/UDP-TIMING(17001): 9578 0 -0.116357000
D/UDP-TIMING(17001): 9579 0 -0.121531000
D/UDP-TIMING(17001): 9580 0 -0.096438000
D/UDP-TIMING(17001): 9581 0 -0.101619000
D/UDP-TIMING(17001): 9582 0 -0.106794000
D/UDP-TIMING(17001): 9583 0 -0.111973000
D/UDP-TIMING(17001): 9584 0 -0.117160000
D/UDP-TIMING(17001): 9585 0 -0.122345000
D/UDP-TIMING(17001): 9586 0 -0.097743000
D/UDP-TIMING(17001): 9587 0 -0.102923000
D/UDP-TIMING(17001): 9588 0 -0.108101000
D/UDP-TIMING(17001): 9589 0 -0.113285000
D/UDP-TIMING(17001): 9590 0 -0.118466000
D/UDP-TIMING(17001): 9591 0 -0.093692000
D/UDP-TIMING(17001): 9592 0 -0.098840000
D/UDP-TIMING(17001): 9593 0 -0.104023000
D/UDP-TIMING(17001): 9594 0 -0.109166000
D/UDP-TIMING(17001): 9595 0 -0.115455000
D/UDP-TIMING(17001): 9596 0 -0.120637000
D/UDP-TIMING(17001): 9597 0 -0.125850000
D/UDP-TIMING(17001): 9598 0 -0.104967000
D/UDP-TIMING(17001): 9599 0 -0.110134000
D/UDP-TIMING(17001): 9600 0 -0.115274000
D/UDP-TIMING(17001): 9601 0 -0.120434000
D/UDP-TIMING(17001): 9602 0 -0.125563000
D/UDP-TIMING(17001): 9603 0 -0.130682000
D/UDP-TIMING(17001): 9604 0 -0.105549000
D/UDP-TIMING(17001): 9605 0 -0.110662000
D/UDP-TIMING(17001): 9606 0 -0.115804000
D/UDP-TIMING(17001): 9607 0 -0.120975000
D/UDP-TIMING(17001): 9608 0 -0.126116000
D/UDP-TIMING(17001): 9609 0 -0.101487000
D/UDP-TIMING(17001): 9610 0 -0.106606000
D/UDP-TIMING(17001): 9611 0 -0.111787000
D/UDP-TIMING(17001): 9612 0 -0.116983000
D/UDP-TIMING(17001): 9613 0 -0.122171000
D/UDP-TIMING(17001): 9614 0 -0.097392000
D/UDP-TIMING(17001): 9615 0 -0.102579000
D/UDP-TIMING(17001): 9616 0 -0.107771000
D/UDP-TIMING(17001): 9617 0 -0.112927000
D/UDP-TIMING(17001): 9618 0 -0.118113000
D/UDP-TIMING(17001): 9619 0 -0.123300000
D/UDP-TIMING(17001): 9620 0 -0.128467000
E/TrafficStats( 1673): [QCTMM]tryAll index=0
E/TrafficStats( 1673): [QCTMM]tryAll index=1
E/TrafficStats( 1673): [QCTMM]tryAll index=2
E/TrafficStats( 1673): [QCTMM]tryAll index=0
E/TrafficStats( 1673): [QCTMM]tryAll index=1
E/TrafficStats( 1673): [QCTMM]tryAll index=2
D/UDP-TIMING(17001): 9621 0 -0.103293000
D/UDP-TIMING(17001): 9622 0 -0.108552000
D/UDP-TIMING(17001): 9623 0 -0.113746000
D/UDP-TIMING(17001): 9624 0 -0.118909000
D/UDP-TIMING(17001): 9625 0 -0.124102000
D/UDP-TIMING(17001): 9626 0 -0.129264000
D/DATA    ( 1860): sentSinceLastRecv=0,watchdogTrigger=10,maxindex=0
D/UDP-TIMING(17001): 9627 0 -0.104860000
D/UDP-TIMING(17001): 9628 0 -0.109990000
D/UDP-TIMING(17001): 9629 0 -0.115180000
D/UDP-TIMING(17001): 9630 0 -0.120344000
D/UDP-TIMING(17001): 9631 0 -0.125531000
D/UDP-TIMING(17001): 9632 0 -0.130665000
D/UDP-TIMING(17001): 9633 0 -0.105614000
D/UDP-TIMING(17001): 9634 0 -0.110749000
D/UDP-TIMING(17001): 9635 0 -0.115881000
D/UDP-TIMING(17001): 9636 0 -0.121007000
D/UDP-TIMING(17001): 9637 0 -0.126139000
D/UDP-TIMING(17001): 9638 0 -0.101206000
D/UDP-TIMING(17001): 9639 0 -0.106331000
D/UDP-TIMING(17001): 9640 0 -0.111458000
D/UDP-TIMING(17001): 9641 0 -0.116583000
D/UDP-TIMING(17001): 9642 0 -0.121679000
D/UDP-TIMING(17001): 9643 0 -0.126808000
D/UDP-TIMING(17001): 9644 0 -0.102058000
D/UDP-TIMING(17001): 9645 0 -0.107187000
D/UDP-TIMING(17001): 9646 0 -0.112280000
D/UDP-TIMING(17001): 9647 0 -0.117404000
D/UDP-TIMING(17001): 9648 0 -0.122527000
D/UDP-TIMING(17001): 9649 0 -0.127654000
D/UDP-TIMING(17001): 9650 0 -0.103024000
D/UDP-TIMING(17001): 9651 0 -0.108159000
D/UDP-TIMING(17001): 9652 0 -0.113286000
D/UDP-TIMING(17001): 9653 0 -0.118412000
D/UDP-TIMING(17001): 9654 0 -0.123504000
D/UDP-TIMING(17001): 9655 0 -0.128631000
D/UDP-TIMING(17001): 9656 0 -0.103576000
D/UDP-TIMING(17001): 9657 0 -0.108661000
D/UDP-TIMING(17001): 9658 0 -0.113785000
D/UDP-TIMING(17001): 9659 0 -0.118881000
D/UDP-TIMING(17001): 9660 0 -0.124036000
D/UDP-TIMING(17001): 9661 0 -0.129123000
D/UDP-TIMING(17001): 9662 0 -0.104555000
D/UDP-TIMING(17001): 9663 0 -0.109680000
D/UDP-TIMING(17001): 9664 0 -0.114807000
D/UDP-TIMING(17001): 9665 0 -0.119931000
D/UDP-TIMING(17001): 9666 0 -0.125056000
D/UDP-TIMING(17001): 9667 0 -0.130152000
D/UDP-TIMING(17001): 9668 0 -0.105002000
D/UDP-TIMING(17001): 9669 0 -0.110128000
D/UDP-TIMING(17001): 9670 0 -0.115284000
D/UDP-TIMING(17001): 9671 0 -0.120467000
D/UDP-TIMING(17001): 9672 0 -0.125638000
D/UDP-TIMING(17001): 9673 0 -0.130822000
D/UDP-TIMING(17001): 9674 0 -0.106347000
D/UDP-TIMING(17001): 9675 0 -0.111485000
D/UDP-TIMING(17001): 9676 0 -0.116661000
D/UDP-TIMING(17001): 9677 0 -0.121844000
D/UDP-TIMING(17001): 9678 0 -0.127025000
D/UDP-TIMING(17001): 9679 0 -0.102147000
D/UDP-TIMING(17001): 9680 0 -0.107332000
D/UDP-TIMING(17001): 9681 0 -0.112620000
D/UDP-TIMING(17001): 9682 0 -0.117812000
D/UDP-TIMING(17001): 9683 0 -0.123005000
D/UDP-TIMING(17001): 9684 0 -0.128204000
D/UDP-TIMING(17001): 9685 0 -0.103458000
D/UDP-TIMING(17001): 9686 0 -0.108646000
D/UDP-TIMING(17001): 9687 0 -0.113842000
D/UDP-TIMING(17001): 9688 0 -0.119016000
D/UDP-TIMING(17001): 9689 0 -0.094154000
D/UDP-TIMING(17001): 9690 0 -0.099347000
D/UDP-TIMING(17001): 9691 0 -0.104537000
D/UDP-TIMING(17001): 9692 0 -0.109668000
D/UDP-TIMING(17001): 9693 0 -0.114855000
D/UDP-TIMING(17001): 9694 0 -0.120042000
D/UDP-TIMING(17001): 9695 0 -0.095095000
D/UDP-TIMING(17001): 9696 0 -0.117928000
D/UDP-TIMING(17001): 9697 0 -0.100750000
D/UDP-TIMING(17001): 9698 0 -0.105936000
D/UDP-TIMING(17001): 9699 0 -0.111105000
D/UDP-TIMING(17001): 9700 0 -0.116277000
D/UDP-TIMING(17001): 9701 0 -0.121421000
D/UDP-TIMING(17001): 9702 0 -0.096204000
D/UDP-TIMING(17001): 9703 0 -0.101379000
D/UDP-TIMING(17001): 9704 0 -0.106503000
D/UDP-TIMING(17001): 9705 0 -0.111619000
D/UDP-TIMING(17001): 9706 0 -0.116759000
D/UDP-TIMING(17001): 9707 0 -0.092248000
D/UDP-TIMING(17001): 9708 0 -0.097391000
D/UDP-TIMING(17001): 9709 0 -0.102501000
D/UDP-TIMING(17001): 9710 0 -0.107649000
D/UDP-TIMING(17001): 9711 0 -0.112836000
D/UDP-TIMING(17001): 9712 0 -0.118032000
D/UDP-TIMING(17001): 9713 0 -0.123222000
D/UDP-TIMING(17001): 9714 0 -0.098189000
D/UDP-TIMING(17001): 9715 0 -0.103344000
D/UDP-TIMING(17001): 9716 0 -0.108540000
D/UDP-TIMING(17001): 9717 0 -0.113732000
D/UDP-TIMING(17001): 9718 0 -0.118921000
D/UDP-TIMING(17001): 9719 0 -0.094360000
D/UDP-TIMING(17001): 9720 0 -0.099450000
D/UDP-TIMING(17001): 9721 0 -0.104575000
D/UDP-TIMING(17001): 9722 0 -0.109706000
D/UDP-TIMING(17001): 9723 0 -0.114866000
D/UDP-TIMING(17001): 9724 0 -0.120060000
D/UDP-TIMING(17001): 9725 0 -0.125232000
D/UDP-TIMING(17001): 9726 0 -0.130422000
E/TrafficStats( 1673): [QCTMM]tryAll index=0
E/TrafficStats( 1673): [QCTMM]tryAll index=1
E/TrafficStats( 1673): [QCTMM]tryAll index=2
E/TrafficStats( 1673): [QCTMM]tryAll index=0
E/TrafficStats( 1673): [QCTMM]tryAll index=1
E/TrafficStats( 1673): [QCTMM]tryAll index=2
D/DATA    ( 1860): sentSinceLastRecv=0,watchdogTrigger=10,maxindex=0
D/UDP-TIMING(17001): 9727 0 -0.104939000
D/UDP-TIMING(17001): 9728 0 -0.110041000
D/UDP-TIMING(17001): 9729 0 -0.115231000
D/UDP-TIMING(17001): 9730 0 -0.120423000
D/UDP-TIMING(17001): 9731 0 -0.125611000
D/UDP-TIMING(17001): 9732 0 -0.101373000
D/UDP-TIMING(17001): 9733 0 -0.106558000
D/UDP-TIMING(17001): 9734 0 -0.111696000
D/UDP-TIMING(17001): 9735 0 -0.116883000
D/UDP-TIMING(17001): 9736 0 -0.122012000
D/UDP-TIMING(17001): 9737 0 -0.096896000
D/UDP-TIMING(17001): 9738 0 -0.102030000
D/UDP-TIMING(17001): 9739 0 -0.107210000
D/UDP-TIMING(17001): 9740 0 -0.112388000
D/UDP-TIMING(17001): 9741 0 -0.117569000
D/UDP-TIMING(17001): 9742 0 -0.093111000
D/UDP-TIMING(17001): 9743 0 -0.098266000
D/UDP-TIMING(17001): 9744 0 -0.103442000
D/UDP-TIMING(17001): 9745 0 -0.108617000
D/UDP-TIMING(17001): 9746 0 -0.113798000
D/UDP-TIMING(17001): 9747 0 -0.087881000
D/UDP-TIMING(17001): 9748 0 -0.093032000
D/UDP-TIMING(17001): 9749 0 -0.098216000
D/UDP-TIMING(17001): 9750 0 -0.103390000
D/UDP-TIMING(17001): 9751 0 -0.108521000
D/UDP-TIMING(17001): 9752 0 -0.113697000
D/UDP-TIMING(17001): 9753 0 -0.118845000
D/UDP-TIMING(17001): 9754 0 -0.124021000
D/UDP-TIMING(17001): 9755 0 -0.129153000
E/TrafficStats(16531): [QCTMM]tryAll index=0
E/TrafficStats(16531): [QCTMM]tryAll index=1
E/TrafficStats(16531): [QCTMM]tryAll index=2
E/TrafficStats(16531): [QCTMM]tryAll index=0
E/TrafficStats(16531): [QCTMM]tryAll index=1
D/UDP-TIMING(17001): 9756 0 -0.105493000
D/UDP-TIMING(17001): 9757 0 -0.110672000
D/UDP-TIMING(17001): 9758 0 -0.115853000
D/UDP-TIMING(17001): 9759 0 -0.121033000
D/UDP-TIMING(17001): 9760 0 -0.126140000
E/TrafficStats(16531): [QCTMM]tryAll index=2
E/TrafficStats(16531): [QCTMM]tryAll index=0
D/UDP-TIMING(17001): 9761 0 -0.100674000
D/UDP-TIMING(17001): 9762 0 -0.105848000
D/UDP-TIMING(17001): 9763 0 -0.110984000
D/UDP-TIMING(17001): 9764 0 -0.116160000
D/UDP-TIMING(17001): 9765 0 -0.121342000
D/UDP-TIMING(17001): 9766 0 -0.126524000
E/TrafficStats(16531): [QCTMM]tryAll index=1
E/TrafficStats(16531): [QCTMM]tryAll index=2
E/TrafficStats(16531): [QCTMM]tryAll index=0
E/TrafficStats(16531): [QCTMM]tryAll index=1
E/TrafficStats(16531): [QCTMM]tryAll index=2
D/UDP-TIMING(17001): 9767 0 -0.102790000
D/UDP-TIMING(17001): 9768 0 -0.107971000
D/UDP-TIMING(17001): 9769 0 -0.113104000
D/UDP-TIMING(17001): 9770 0 -0.118284000
D/UDP-TIMING(17001): 9771 0 -0.123417000
D/UDP-TIMING(17001): 9772 0 -0.128597000
D/UDP-TIMING(17001): 9773 0 -0.103718000
D/UDP-TIMING(17001): 9774 0 -0.108878000
D/UDP-TIMING(17001): 9775 0 -0.113982000
D/UDP-TIMING(17001): 9776 0 -0.119158000
D/UDP-TIMING(17001): 9777 0 -0.124340000
D/UDP-TIMING(17001): 9778 0 -0.129428000
D/UDP-TIMING(17001): 9779 0 -0.104422000
D/UDP-TIMING(17001): 9780 0 -0.109558000
D/UDP-TIMING(17001): 9781 0 -0.114733000
D/UDP-TIMING(17001): 9782 0 -0.119918000
D/UDP-TIMING(17001): 9783 0 -0.125094000
D/UDP-TIMING(17001): 9784 0 -0.130226000
D/UDP-TIMING(17001): 9785 0 -0.105190000
D/UDP-TIMING(17001): 9786 0 -0.110372000
D/UDP-TIMING(17001): 9787 0 -0.115547000
D/UDP-TIMING(17001): 9788 0 -0.120732000
D/UDP-TIMING(17001): 9789 0 -0.125918000
D/UDP-TIMING(17001): 9790 0 -0.129772000
D/UDP-TIMING(17001): 9791 0 -0.105924000
D/UDP-TIMING(17001): 9792 0 -0.111059000
D/UDP-TIMING(17001): 9793 0 -0.116236000
D/UDP-TIMING(17001): 9794 0 -0.121420000
D/UDP-TIMING(17001): 9795 0 -0.126573000
D/UDP-TIMING(17001): 9796 0 -0.101868000
D/UDP-TIMING(17001): 9797 0 -0.123380000
D/UDP-TIMING(17001): 9798 0 -0.128574000
D/UDP-TIMING(17001): 9799 0 -0.112063000
D/UDP-TIMING(17001): 9800 0 -0.117230000
D/UDP-TIMING(17001): 9801 0 -0.122387000
D/UDP-TIMING(17001): 9802 0 -0.127606000
D/UDP-TIMING(17001): 9803 0 -0.103025000
D/UDP-TIMING(17001): 9804 0 -0.108189000
D/UDP-TIMING(17001): 9805 0 -0.113340000
D/UDP-TIMING(17001): 9806 0 -0.118456000
D/UDP-TIMING(17001): 9807 0 -0.123609000
D/UDP-TIMING(17001): 9808 0 -0.128741000
D/UDP-TIMING(17001): 9809 0 -0.103672000
D/UDP-TIMING(17001): 9810 0 -0.108791000
D/UDP-TIMING(17001): 9811 0 -0.113905000
D/UDP-TIMING(17001): 9812 0 -0.119027000
D/UDP-TIMING(17001): 9813 0 -0.124193000
D/UDP-TIMING(17001): 9814 0 -0.129279000
D/UDP-TIMING(17001): 9815 0 -0.104648000
D/UDP-TIMING(17001): 9816 0 -0.109822000
D/UDP-TIMING(17001): 9817 0 -0.114951000
D/UDP-TIMING(17001): 9818 0 -0.120130000
D/UDP-TIMING(17001): 9819 0 -0.125315000
D/UDP-TIMING(17001): 9820 0 -0.130399000
D/StatusBarPolicy( 1816): iconIndex=1
V/StatusBarPolicy( 1816): cdmaLevel:3;max:4
D/StatusBarPolicy( 1816): iconLevel:3
D/UDP-TIMING(17001): 9821 0 -0.104873000
D/UDP-TIMING(17001): 9822 0 -0.110047000
D/UDP-TIMING(17001): 9823 0 -0.115226000
D/UDP-TIMING(17001): 9824 0 -0.120409000
D/UDP-TIMING(17001): 9825 0 -0.125590000
E/TrafficStats( 1673): [QCTMM]tryAll index=0
E/TrafficStats( 1673): [QCTMM]tryAll index=1
E/TrafficStats( 1673): [QCTMM]tryAll index=2
E/TrafficStats( 1673): [QCTMM]tryAll index=0
E/TrafficStats( 1673): [QCTMM]tryAll index=1
E/TrafficStats( 1673): [QCTMM]tryAll index=2
D/DATA    ( 1860): sentSinceLastRecv=0,watchdogTrigger=10,maxindex=0
D/UDP-TIMING(17001): 9826 0 -0.101857000
D/UDP-TIMING(17001): 9827 0 -0.106983000
D/UDP-TIMING(17001): 9828 0 -0.112150000
D/UDP-TIMING(17001): 9829 0 -0.117273000
D/UDP-TIMING(17001): 9830 0 -0.122400000
D/UDP-TIMING(17001): 9831 0 -0.127528000
I/PhoneInfo( 2188): getCdmaLevel - cdmaDbm: -72 cdmaEcio:-100
I/PhoneInfo( 2188): getEvdoLevel - evdoDbm: -120 evdoSnr:-1 evdoEcio:-1
I/PhoneInfo( 2188): getLteLevel - lteRsrp: -1 lteCqi:-1
D/UDP-TIMING(17001): 9832 0 -0.102806000
D/UDP-TIMING(17001): 9833 0 -0.107993000
D/UDP-TIMING(17001): 9834 0 -0.113122000
D/UDP-TIMING(17001): 9835 0 -0.118307000
D/UDP-TIMING(17001): 9836 0 -0.123449000
D/UDP-TIMING(17001): 9837 0 -0.128541000
D/UDP-TIMING(17001): 9838 0 -0.103831000
D/UDP-TIMING(17001): 9839 0 -0.108998000
D/UDP-TIMING(17001): 9840 0 -0.114183000
D/UDP-TIMING(17001): 9841 0 -0.119369000
D/UDP-TIMING(17001): 9842 0 -0.124555000
D/UDP-TIMING(17001): 9843 0 -0.129768000
D/UDP-TIMING(17001): 9844 0 -0.104523000
D/UDP-TIMING(17001): 9845 0 -0.109636000
D/UDP-TIMING(17001): 9846 0 -0.114818000
D/UDP-TIMING(17001): 9847 0 -0.120005000
D/UDP-TIMING(17001): 9848 0 -0.125196000
D/UDP-TIMING(17001): 9849 0 -0.130296000
D/UDP-TIMING(17001): 9850 0 -0.105424000
D/UDP-TIMING(17001): 9851 0 -0.110572000
D/UDP-TIMING(17001): 9852 0 -0.115760000
D/UDP-TIMING(17001): 9853 0 -0.120948000
D/UDP-TIMING(17001): 9854 0 -0.126142000
D/UDP-TIMING(17001): 9855 0 -0.101046000
D/UDP-TIMING(17001): 9856 0 -0.106242000
D/UDP-TIMING(17001): 9857 0 -0.111433000
D/UDP-TIMING(17001): 9858 0 -0.116623000
D/UDP-TIMING(17001): 9859 0 -0.121787000
D/UDP-TIMING(17001): 9860 0 -0.126984000
D/UDP-TIMING(17001): 9861 0 -0.102390000
D/UDP-TIMING(17001): 9862 0 -0.107577000
D/UDP-TIMING(17001): 9863 0 -0.112757000
D/UDP-TIMING(17001): 9864 0 -0.117947000
D/UDP-TIMING(17001): 9865 0 -0.123128000
D/UDP-TIMING(17001): 9866 0 -0.098351000
D/UDP-TIMING(17001): 9867 0 -0.103502000
D/UDP-TIMING(17001): 9868 0 -0.108750000
D/UDP-TIMING(17001): 9869 0 -0.113922000
D/UDP-TIMING(17001): 9870 0 -0.119100000
D/UDP-TIMING(17001): 9871 0 -0.124278000
D/UDP-TIMING(17001): 9872 0 -0.129368000
D/UDP-TIMING(17001): 9873 0 -0.104210000
D/UDP-TIMING(17001): 9874 0 -0.109341000
D/UDP-TIMING(17001): 9875 0 -0.114519000
D/UDP-TIMING(17001): 9876 0 -0.119703000
D/UDP-TIMING(17001): 9877 0 -0.124881000
D/UDP-TIMING(17001): 9878 0 -0.130006000
D/UDP-TIMING(17001): 9879 0 -0.105547000
D/UDP-TIMING(17001): 9880 0 -0.110694000
D/UDP-TIMING(17001): 9881 0 -0.115882000
D/UDP-TIMING(17001): 9882 0 -0.121065000
D/UDP-TIMING(17001): 9883 0 -0.126237000
D/UDP-TIMING(17001): 9884 0 -0.101172000
D/UDP-TIMING(17001): 9885 0 -0.106348000
D/UDP-TIMING(17001): 9886 0 -0.111442000
D/UDP-TIMING(17001): 9887 0 -0.116590000
D/UDP-TIMING(17001): 9888 0 -0.121773000
D/UDP-TIMING(17001): 9889 0 -0.126954000
D/UDP-TIMING(17001): 9890 0 -0.102476000
D/UDP-TIMING(17001): 9891 0 -0.107606000
D/UDP-TIMING(17001): 9892 0 -0.112781000
D/UDP-TIMING(17001): 9893 0 -0.117905000
D/UDP-TIMING(17001): 9894 0 -0.123083000
D/UDP-TIMING(17001): 9895 0 -0.128263000
D/UDP-TIMING(17001): 9896 0 -0.103177000
D/UDP-TIMING(17001): 9897 0 -0.108382000
D/UDP-TIMING(17001): 9898 0 -0.125281000
D/UDP-TIMING(17001): 9899 0 -0.103984000
D/UDP-TIMING(17001): 9900 0 -0.109172000
D/UDP-TIMING(17001): 9901 0 -0.114287000
D/UDP-TIMING(17001): 9902 0 -0.119415000
D/UDP-TIMING(17001): 9903 0 -0.124530000
D/UDP-TIMING(17001): 9904 0 -0.129633000
D/UDP-TIMING(17001): 9905 0 -0.104371000
D/UDP-TIMING(17001): 9906 0 -0.109463000
D/UDP-TIMING(17001): 9907 0 -0.114551000
D/UDP-TIMING(17001): 9908 0 -0.119639000
D/UDP-TIMING(17001): 9909 0 -0.124726000
D/UDP-TIMING(17001): 9910 0 -0.129771000
D/UDP-TIMING(17001): 9911 0 -0.105244000
D/UDP-TIMING(17001): 9912 0 -0.110344000
D/UDP-TIMING(17001): 9913 0 -0.115430000
D/UDP-TIMING(17001): 9914 0 -0.120547000
D/UDP-TIMING(17001): 9915 0 -0.096038000
D/UDP-TIMING(17001): 9916 0 -0.101159000
D/UDP-TIMING(17001): 9917 0 -0.106279000
D/UDP-TIMING(17001): 9918 0 -0.111409000
D/UDP-TIMING(17001): 9919 0 -0.116508000
D/UDP-TIMING(17001): 9920 0 -0.121633000
E/TrafficStats( 1673): [QCTMM]tryAll index=0
E/TrafficStats( 1673): [QCTMM]tryAll index=1
E/TrafficStats( 1673): [QCTMM]tryAll index=2
E/TrafficStats( 1673): [QCTMM]tryAll index=0
E/TrafficStats( 1673): [QCTMM]tryAll index=1
E/TrafficStats( 1673): [QCTMM]tryAll index=2
D/UDP-TIMING(17001): 9921 0 -0.096425000
D/UDP-TIMING(17001): 9922 0 -0.101549000
D/UDP-TIMING(17001): 9923 0 -0.106645000
D/UDP-TIMING(17001): 9924 0 -0.111774000
D/UDP-TIMING(17001): 9925 0 -0.116900000
D/UDP-TIMING(17001): 9926 0 -0.122035000
D/UDP-TIMING(17001): 9927 0 -0.127167000
D/DATA    ( 1860): sentSinceLastRecv=0,watchdogTrigger=10,maxindex=0
D/UDP-TIMING(17001): 9928 0 -0.101928000
D/UDP-TIMING(17001): 9929 0 -0.107025000
D/UDP-TIMING(17001): 9930 0 -0.112151000
D/UDP-TIMING(17001): 9931 0 -0.117297000
D/UDP-TIMING(17001): 9932 0 -0.122428000
D/UDP-TIMING(17001): 9933 0 -0.127553000
D/UDP-TIMING(17001): 9934 0 -0.103048000
D/UDP-TIMING(17001): 9935 0 -0.108159000
D/UDP-TIMING(17001): 9936 0 -0.113285000
D/UDP-TIMING(17001): 9937 0 -0.118413000
D/UDP-TIMING(17001): 9938 0 -0.123537000
D/UDP-TIMING(17001): 9939 0 -0.128665000
D/UDP-TIMING(17001): 9940 0 -0.103579000
D/UDP-TIMING(17001): 9941 0 -0.108658000
D/UDP-TIMING(17001): 9942 0 -0.113786000
D/UDP-TIMING(17001): 9943 0 -0.118917000
D/UDP-TIMING(17001): 9944 0 -0.124015000
D/UDP-TIMING(17001): 9945 0 -0.129143000
D/UDP-TIMING(17001): 9946 0 -0.104543000
D/UDP-TIMING(17001): 9947 0 -0.109666000
D/UDP-TIMING(17001): 9948 0 -0.114792000
D/UDP-TIMING(17001): 9949 0 -0.119917000
D/UDP-TIMING(17001): 9950 0 -0.125016000
D/UDP-TIMING(17001): 9951 0 -0.130139000
D/UDP-TIMING(17001): 9952 0 -0.105358000
D/UDP-TIMING(17001): 9953 0 -0.110450000
D/UDP-TIMING(17001): 9954 0 -0.115556000
D/UDP-TIMING(17001): 9955 0 -0.120681000
D/UDP-TIMING(17001): 9956 0 -0.125804000
D/UDP-TIMING(17001): 9957 0 -0.100657000
D/UDP-TIMING(17001): 9958 0 -0.105783000
D/UDP-TIMING(17001): 9959 0 -0.110908000
D/UDP-TIMING(17001): 9960 0 -0.116059000
D/UDP-TIMING(17001): 9961 0 -0.121185000
D/UDP-TIMING(17001): 9962 0 -0.126308000
D/UDP-TIMING(17001): 9963 0 -0.101614000
D/UDP-TIMING(17001): 9964 0 -0.106736000
D/UDP-TIMING(17001): 9965 0 -0.111856000
D/UDP-TIMING(17001): 9966 0 -0.116963000
D/UDP-TIMING(17001): 9967 0 -0.122048000
D/UDP-TIMING(17001): 9968 0 -0.127180000
D/UDP-TIMING(17001): 9969 0 -0.102155000
D/UDP-TIMING(17001): 9970 0 -0.107249000
D/UDP-TIMING(17001): 9971 0 -0.112376000
D/UDP-TIMING(17001): 9972 0 -0.117501000
D/UDP-TIMING(17001): 9973 0 -0.122624000
D/UDP-TIMING(17001): 9974 0 -0.127751000
D/UDP-TIMING(17001): 9975 0 -0.103182000
D/UDP-TIMING(17001): 9976 0 -0.108310000
D/UDP-TIMING(17001): 9977 0 -0.113438000
D/UDP-TIMING(17001): 9978 0 -0.118562000
D/UDP-TIMING(17001): 9979 0 -0.123656000
D/UDP-TIMING(17001): 9980 0 -0.128741000
D/UDP-TIMING(17001): 9981 0 -0.103561000
D/UDP-TIMING(17001): 9982 0 -0.108643000
D/UDP-TIMING(17001): 9983 0 -0.113770000
D/UDP-TIMING(17001): 9984 0 -0.118885000
D/UDP-TIMING(17001): 9985 0 -0.124011000
D/UDP-TIMING(17001): 9986 0 -0.129140000
D/UDP-TIMING(17001): 9987 0 -0.104265000
D/UDP-TIMING(17001): 9988 0 -0.109387000
D/UDP-TIMING(17001): 9989 0 -0.114542000
D/UDP-TIMING(17001): 9990 0 -0.089676000
D/UDP-TIMING(17001): 9991 0 -0.094851000
D/UDP-TIMING(17001): 9992 0 -0.100047000
D/UDP-TIMING(17001): 9993 0 -0.105236000
D/UDP-TIMING(17001): 9994 0 -0.110423000
D/UDP-TIMING(17001): 9995 0 -0.115612000
D/UDP-TIMING(17001): 9996 0 -0.120804000
D/UDP-TIMING(17001): 9997 0 -0.126001000
D/UDP-TIMING(17001): 9998 0 -0.102233000
D/UDP-TIMING(17001): 9999 0 -0.129275000
D/UDP-TIMING(17001): 10000 0 -0.107485000
E/TrafficStats( 1673): [QCTMM]tryAll index=0
E/TrafficStats( 1673): [QCTMM]tryAll index=1
E/TrafficStats( 1673): [QCTMM]tryAll index=2
E/TrafficStats( 1673): [QCTMM]tryAll index=0
E/TrafficStats( 1673): [QCTMM]tryAll index=1
E/TrafficStats( 1673): [QCTMM]tryAll index=2
D/DATA    ( 1860): sentSinceLastRecv=0,watchdogTrigger=10,maxindex=0
E/TrafficStats( 1673): [QCTMM]tryAll index=0
E/TrafficStats( 1673): [QCTMM]tryAll index=1
E/TrafficStats( 1673): [QCTMM]tryAll index=2
E/TrafficStats( 1673): [QCTMM]tryAll index=0
E/TrafficStats( 1673): [QCTMM]tryAll index=1
E/TrafficStats( 1673): [QCTMM]tryAll index=2
D/DATA    ( 1860): sentSinceLastRecv=0,watchdogTrigger=10,maxindex=0
E/TrafficStats( 1673): [QCTMM]tryAll index=0
E/TrafficStats( 1673): [QCTMM]tryAll index=1
E/TrafficStats( 1673): [QCTMM]tryAll index=2
E/TrafficStats( 1673): [QCTMM]tryAll index=0
E/TrafficStats( 1673): [QCTMM]tryAll index=1
E/TrafficStats( 1673): [QCTMM]tryAll index=2
D/DATA    ( 1860): sentSinceLastRecv=0,watchdogTrigger=10,maxindex=0
E/TrafficStats(16531): [QCTMM]tryAll index=0
E/TrafficStats(16531): [QCTMM]tryAll index=1
E/TrafficStats(16531): [QCTMM]tryAll index=2
E/TrafficStats(16531): [QCTMM]tryAll index=0
E/TrafficStats(16531): [QCTMM]tryAll index=1
E/TrafficStats(16531): [QCTMM]tryAll index=2
E/TrafficStats(16531): [QCTMM]tryAll index=0
E/TrafficStats(16531): [QCTMM]tryAll index=1
E/TrafficStats(16531): [QCTMM]tryAll index=2
E/TrafficStats(16531): [QCTMM]tryAll index=0
E/TrafficStats(16531): [QCTMM]tryAll index=1
E/TrafficStats(16531): [QCTMM]tryAll index=2
E/TrafficStats( 1673): [QCTMM]tryAll index=0
E/TrafficStats( 1673): [QCTMM]tryAll index=1
E/TrafficStats( 1673): [QCTMM]tryAll index=2
E/TrafficStats( 1673): [QCTMM]tryAll index=0
E/TrafficStats( 1673): [QCTMM]tryAll index=1
E/TrafficStats( 1673): [QCTMM]tryAll index=2
D/DATA    ( 1860): sentSinceLastRecv=0,watchdogTrigger=10,maxindex=0
D/Database(16531): dbopen(): path = /data/data/com.onavo.android.onavoid/databases/ui_events, flag = 6, file size = 14046208
D/Database(16531): dbopen(): path = /data/data/com.onavo.android.onavoid/databases/ui_events, mode: wal, disk free size: 2000 M, handle: 0x378018
D/Database(16531): dbclose(): path = /data/data/com.onavo.android.onavoid/databases/ui_events, handle = 0x378018
E/TrafficStats( 1673): [QCTMM]tryAll index=0
E/TrafficStats( 1673): [QCTMM]tryAll index=1
E/TrafficStats( 1673): [QCTMM]tryAll index=2
E/TrafficStats( 1673): [QCTMM]tryAll index=0
E/TrafficStats( 1673): [QCTMM]tryAll index=1
E/TrafficStats( 1673): [QCTMM]tryAll index=2
D/DATA    ( 1860): sentSinceLastRecv=0,watchdogTrigger=10,maxindex=0
E/TrafficStats( 1673): [QCTMM]tryAll index=0
E/TrafficStats( 1673): [QCTMM]tryAll index=1
E/TrafficStats( 1673): [QCTMM]tryAll index=2
E/TrafficStats( 1673): [QCTMM]tryAll index=0
E/TrafficStats( 1673): [QCTMM]tryAll index=1
E/TrafficStats( 1673): [QCTMM]tryAll index=2
D/DATA    ( 1860): [QCTMM] DataNetStatistics sent == 0 && received == 0 newActivity=NONE
D/DATA    ( 1860): [PhoneNotifier] notifyDataActivityLTE
D/DATA    ( 1860): [QCTMM] DataNetStatistics mIsScreenOn newActivity=NONE
D/DATA    ( 1860): sentSinceLastRecv=0,watchdogTrigger=10,maxindex=0
D/StatusBarPolicy( 1816): hasService()=true ,mDataState=2 ,mPhone.htcModemLinkOn()=false ,mDataActivity=0
D/StatusBarPolicy( 1816): slotType[0]=RUIM
E/TrafficStats( 1673): [QCTMM]tryAll index=0
E/TrafficStats( 1673): [QCTMM]tryAll index=1
E/TrafficStats( 1673): [QCTMM]tryAll index=2
E/TrafficStats( 1673): [QCTMM]tryAll index=0
E/TrafficStats( 1673): [QCTMM]tryAll index=1
E/TrafficStats( 1673): [QCTMM]tryAll index=2
D/DATA    ( 1860): [QCTMM] DataNetStatistics sent == 0 && received == 0 newActivity=NONE
D/DATA    ( 1860): sentSinceLastRecv=0,watchdogTrigger=10,maxindex=0
D/StatusBarPolicy( 1816): iconIndex=1
V/StatusBarPolicy( 1816): cdmaLevel:4;max:4
D/StatusBarPolicy( 1816): iconLevel:4
I/PhoneInfo( 2188): getCdmaLevel - cdmaDbm: -72 cdmaEcio:-80
I/PhoneInfo( 2188): getEvdoLevel - evdoDbm: -120 evdoSnr:-1 evdoEcio:-1
I/PhoneInfo( 2188): getLteLevel - lteRsrp: -1 lteCqi:-1
E/TrafficStats( 1673): [QCTMM]tryAll index=0
E/TrafficStats( 1673): [QCTMM]tryAll index=1
E/TrafficStats( 1673): [QCTMM]tryAll index=2
E/TrafficStats( 1673): [QCTMM]tryAll index=0
E/TrafficStats( 1673): [QCTMM]tryAll index=1
E/TrafficStats( 1673): [QCTMM]tryAll index=2
D/DATA    ( 1860): [QCTMM] DataNetStatistics sent == 0 && received == 0 newActivity=NONE
D/DATA    ( 1860): sentSinceLastRecv=0,watchdogTrigger=10,maxindex=0
E/TrafficStats( 1673): [QCTMM]tryAll index=0
E/TrafficStats( 1673): [QCTMM]tryAll index=1
E/TrafficStats( 1673): [QCTMM]tryAll index=2
E/TrafficStats( 1673): [QCTMM]tryAll index=0
E/TrafficStats( 1673): [QCTMM]tryAll index=1
E/TrafficStats( 1673): [QCTMM]tryAll index=2
D/DATA    ( 1860): [QCTMM] DataNetStatistics sent == 0 && received == 0 newActivity=NONE
D/DATA    ( 1860): sentSinceLastRecv=0,watchdogTrigger=10,maxindex=0
E/TrafficStats(16531): [QCTMM]tryAll index=0
E/TrafficStats(16531): [QCTMM]tryAll index=1
E/TrafficStats(16531): [QCTMM]tryAll index=2
E/TrafficStats(16531): [QCTMM]tryAll index=0
E/TrafficStats(16531): [QCTMM]tryAll index=1
E/TrafficStats(16531): [QCTMM]tryAll index=2
E/TrafficStats(16531): [QCTMM]tryAll index=0
E/TrafficStats(16531): [QCTMM]tryAll index=1
E/TrafficStats(16531): [QCTMM]tryAll index=2
E/TrafficStats(16531): [QCTMM]tryAll index=0
E/TrafficStats(16531): [QCTMM]tryAll index=1
E/TrafficStats(16531): [QCTMM]tryAll index=2
D/Database(16531): dbopen(): path = /data/data/com.onavo.android.onavoid/databases/ui_events, flag = 6, file size = 14046208
D/Database(16531): dbopen(): path = /data/data/com.onavo.android.onavoid/databases/ui_events, mode: wal, disk free size: 2000 M, handle: 0x378018
E/TrafficStats( 1673): [QCTMM]tryAll index=0
E/TrafficStats( 1673): [QCTMM]tryAll index=1
E/TrafficStats( 1673): [QCTMM]tryAll index=2
E/TrafficStats( 1673): [QCTMM]tryAll index=0
E/TrafficStats( 1673): [QCTMM]tryAll index=1
E/TrafficStats( 1673): [QCTMM]tryAll index=2
D/DATA    ( 1860): [QCTMM] DataNetStatistics sent == 0 && received == 0 newActivity=NONE
D/DATA    ( 1860): sentSinceLastRecv=0,watchdogTrigger=10,maxindex=0
D/dalvikvm(16531): GC_CONCURRENT freed 377K, 51% free 3298K/6599K, external 0K/0K, paused 7ms+2ms
D/Database(16531): dbclose(): path = /data/data/com.onavo.android.onavoid/databases/ui_events, handle = 0x378018
E/TrafficStats( 1673): [QCTMM]tryAll index=0
E/TrafficStats( 1673): [QCTMM]tryAll index=1
E/TrafficStats( 1673): [QCTMM]tryAll index=2
E/TrafficStats( 1673): [QCTMM]tryAll index=0
E/TrafficStats( 1673): [QCTMM]tryAll index=1
E/TrafficStats( 1673): [QCTMM]tryAll index=2
D/DATA    ( 1860): [QCTMM] DataNetStatistics sent == 0 && received == 0 newActivity=NONE
D/DATA    ( 1860): sentSinceLastRecv=0,watchdogTrigger=10,maxindex=0
E/TrafficStats( 1673): [QCTMM]tryAll index=0
E/TrafficStats( 1673): [QCTMM]tryAll index=1
E/TrafficStats( 1673): [QCTMM]tryAll index=2
E/TrafficStats( 1673): [QCTMM]tryAll index=0
E/TrafficStats( 1673): [QCTMM]tryAll index=1
E/TrafficStats( 1673): [QCTMM]tryAll index=2
D/DATA    ( 1860): [QCTMM] DataNetStatistics sent == 0 && received == 0 newActivity=NONE
D/DATA    ( 1860): sentSinceLastRecv=0,watchdogTrigger=10,maxindex=0
E/TrafficStats( 1673): [QCTMM]tryAll index=0
E/TrafficStats( 1673): [QCTMM]tryAll index=1
E/TrafficStats( 1673): [QCTMM]tryAll index=2
E/TrafficStats( 1673): [QCTMM]tryAll index=0
E/TrafficStats( 1673): [QCTMM]tryAll index=1
E/TrafficStats( 1673): [QCTMM]tryAll index=2
D/DATA    ( 1860): [QCTMM] DataNetStatistics sent == 0 && received == 0 newActivity=NONE
D/DATA    ( 1860): sentSinceLastRecv=0,watchdogTrigger=10,maxindex=0
E/TrafficStats( 1673): [QCTMM]tryAll index=0
E/TrafficStats( 1673): [QCTMM]tryAll index=1
E/TrafficStats( 1673): [QCTMM]tryAll index=2
E/TrafficStats( 1673): [QCTMM]tryAll index=0
E/TrafficStats( 1673): [QCTMM]tryAll index=1
E/TrafficStats( 1673): [QCTMM]tryAll index=2
D/DATA    ( 1860): [QCTMM] DataNetStatistics sent == 0 && received == 0 newActivity=NONE
D/DATA    ( 1860): sentSinceLastRecv=0,watchdogTrigger=10,maxindex=0
