D/MMDCT   ( 1860): onDCLChanged dcs=DataCallState: { cid: 0, active: 1, type: IP, apn: vzwinternet, address: 10.174.234.255 }
D/MMDCT   ( 1860): onDCLChanged dcs=DataCallState: { cid: 1, active: 2, type: IPV6, apn: vzwinternet, address: 2600:1000:b022:700a:f3ca:40ba:6903:3d04 }
D/MMDCT   ( 1860): onDCLChanged dcs=DataCallState: { cid: 2, active: 0, type: null, apn: null, address: null }
D/MMDCT   ( 1860): onDCLChanged dcs=DataCallState: { cid: 3, active: 0, type: null, apn: null, address: null }
D/MMDCT   ( 1860): onDCLChanged dcs=DataCallState: { cid: 4, active: 0, type: null, apn: null, address: null }
D/MMDCT   ( 1860): onDCLChanged dcs=DataCallState: { cid: 5, active: 0, type: null, apn: null, address: null }
D/MMDCT   ( 1860): onDCLChanged dcs=DataCallState: { cid: 6, active: 0, type: null, apn: null, address: null }
D/MMDCT   ( 1860): onDCLChanged dcs=DataCallState: { cid: 7, active: 0, type: null, apn: null, address: null }
D/MMDCT   ( 1860): onDCLChanged dcs=DataCallState: { cid: 8, active: 0, type: null, apn: null, address: null }
D/MMDCT   ( 1860): onDCLChanged dcs=DataCallState: { cid: 9, active: 0, type: null, apn: null, address: null }
D/MMDCT   ( 1860): onDCLChanged dcs=DataCallState: { cid: 10, active: 0, type: null, apn: null, address: null }
D/MMDCT   ( 1860): onDCLChanged dcs=DataCallState: { cid: 11, active: 0, type: null, apn: null, address: null }
D/MMDCT   ( 1860): onDCLChanged dcs=DataCallState: { cid: 12, active: 0, type: null, apn: null, address: null }
D/MMDCT   ( 1860): onDCLChanged dcs=DataCallState: { cid: 13, active: 0, type: null, apn: null, address: null }
D/MMDCT   ( 1860): onDCLChanged dcs=DataCallState: { cid: 14, active: 0, type: null, apn: null, address: null }
D/MMDCT   ( 1860): onDCLChanged dcs=DataCallState: { cid: 15, active: 0, type: null, apn: null, address: null }
D/MMDCT   ( 1860): onDCLChanged dcs=DataCallState: { cid: 16, active: 0, type: null, apn: null, address: null }
D/MMDCT   ( 1860): onDCLChanged dcs=DataCallState: { cid: 17, active: 0, type: null, apn: null, address: null }
D/MMDCT   ( 1860): onDCLChanged dcs=DataCallState: { cid: 18, active: 0, type: null, apn: null, address: null }
D/MMDCT   ( 1860): onDCLChanged dcs=DataCallState: { cid: 19, active: 0, type: null, apn: null, address: null }
D/MMDCT   ( 1860): onDCLChanged() DC is active : activeDC.active=1
D/MMDCT   ( 1860): onDCLChanged() DC is active : activeDC.active=2
D/MMDCT   ( 1860):  ======= check all DC disconnected ======= 
D/MMDCT   ( 1860): DC-0: state=DcActiveState if=rmnet_sdio0 ip=10.174.234.255 ipv=IPV4
D/MMDCT   ( 1860): DC-1: state=DcActiveState if=rmnet_sdio1 ip=2600:1000:b022:700a:f3ca:40ba:6903:3d04 ipv=IPV6
D/MMDCT   ( 1860): DC-2: state=DcInactiveState if=null ip=null ipv=null
D/MMDCT   ( 1860): DC-3: state=DcInactiveState if=null ip=null ipv=null
D/MMDCT   ( 1860): DC-4: state=DcInactiveState if=null ip=null ipv=null
D/MMDCT   ( 1860): DC-5: state=DcInactiveState if=null ip=null ipv=null
D/MMDCT   ( 1860): DC-6: state=DcInactiveState if=null ip=null ipv=null
D/MMDCT   ( 1860): DC-7: state=DcInactiveState if=null ip=null ipv=null
D/MMDCT   ( 1860): ifAllDataDisconnected ret=false
D/DATA    ( 1860): [QCTMM]isEnablePoll   enablePoll=true
D/MMDCT   ( 1860): onDCLChanged() DA=NONE
D/MMDCT   ( 1860): onDCLChanged() notifyDA() now
D/DATA    ( 1860): [PhoneNotifier] notifyDataActivityLTE
D/StatusBarPolicy( 1816): hasService()=true ,mDataState=2 ,mPhone.htcModemLinkOn()=false ,mDataActivity=0
D/StatusBarPolicy( 1816): slotType[0]=RUIM
E/TrafficStats( 1673): [QCTMM]tryAll index=0
E/TrafficStats( 1673): [QCTMM]tryAll index=1
E/TrafficStats( 1673): [QCTMM]tryAll index=2
E/TrafficStats( 1673): [QCTMM]tryAll index=0
E/TrafficStats( 1673): [QCTMM]tryAll index=1
E/TrafficStats( 1673): [QCTMM]tryAll index=2
D/DATA    ( 1860): [QCTMM] DataNetStatistics sent == 0 && received == 0 newActivity=NONE
D/DATA    ( 1860): sentSinceLastRecv=0,watchdogTrigger=10,maxindex=0
E/TrafficStats(16531): [QCTMM]tryAll index=0
E/TrafficStats(16531): [QCTMM]tryAll index=1
E/TrafficStats(16531): [QCTMM]tryAll index=2
E/TrafficStats(16531): [QCTMM]tryAll index=0
E/TrafficStats(16531): [QCTMM]tryAll index=1
E/TrafficStats(16531): [QCTMM]tryAll index=2
E/TrafficStats(16531): [QCTMM]tryAll index=0
E/TrafficStats(16531): [QCTMM]tryAll index=1
E/TrafficStats(16531): [QCTMM]tryAll index=2
E/TrafficStats(16531): [QCTMM]tryAll index=0
E/TrafficStats(16531): [QCTMM]tryAll index=1
E/TrafficStats(16531): [QCTMM]tryAll index=2
D/Database(16531): dbopen(): path = /data/data/com.onavo.android.onavoid/databases/ui_events, flag = 6, file size = 14046208
D/Database(16531): dbopen(): path = /data/data/com.onavo.android.onavoid/databases/ui_events, mode: wal, disk free size: 2000 M, handle: 0x378018
D/Database(16531): dbclose(): path = /data/data/com.onavo.android.onavoid/databases/ui_events, handle = 0x378018
E/TrafficStats( 1673): [QCTMM]tryAll index=0
E/TrafficStats( 1673): [QCTMM]tryAll index=1
E/TrafficStats( 1673): [QCTMM]tryAll index=2
E/TrafficStats( 1673): [QCTMM]tryAll index=0
E/TrafficStats( 1673): [QCTMM]tryAll index=1
E/TrafficStats( 1673): [QCTMM]tryAll index=2
D/DATA    ( 1860): [QCTMM] DataNetStatistics sent == 0 && received == 0 newActivity=NONE
D/DATA    ( 1860): sentSinceLastRecv=0,watchdogTrigger=10,maxindex=0
E/TrafficStats( 1673): [QCTMM]tryAll index=0
E/TrafficStats( 1673): [QCTMM]tryAll index=1
E/TrafficStats( 1673): [QCTMM]tryAll index=2
E/TrafficStats( 1673): [QCTMM]tryAll index=0
E/TrafficStats( 1673): [QCTMM]tryAll index=1
E/TrafficStats( 1673): [QCTMM]tryAll index=2
D/DATA    ( 1860): [QCTMM] DataNetStatistics sent == 0 && received == 0 newActivity=NONE
D/DATA    ( 1860): sentSinceLastRecv=0,watchdogTrigger=10,maxindex=0
E/TrafficStats( 1673): [QCTMM]tryAll index=0
E/TrafficStats( 1673): [QCTMM]tryAll index=1
E/TrafficStats( 1673): [QCTMM]tryAll index=2
E/TrafficStats( 1673): [QCTMM]tryAll index=0
E/TrafficStats( 1673): [QCTMM]tryAll index=1
E/TrafficStats( 1673): [QCTMM]tryAll index=2
D/DATA    ( 1860): [QCTMM] DataNetStatistics sent == 0 && received == 0 newActivity=NONE
D/DATA    ( 1860): sentSinceLastRecv=0,watchdogTrigger=10,maxindex=0
E/TrafficStats( 1673): [QCTMM]tryAll index=0
E/TrafficStats( 1673): [QCTMM]tryAll index=1
E/TrafficStats( 1673): [QCTMM]tryAll index=2
E/TrafficStats( 1673): [QCTMM]tryAll index=0
E/TrafficStats( 1673): [QCTMM]tryAll index=1
E/TrafficStats( 1673): [QCTMM]tryAll index=2
D/DATA    ( 1860): [QCTMM] DataNetStatistics sent == 0 && received == 0 newActivity=NONE
D/DATA    ( 1860): sentSinceLastRecv=0,watchdogTrigger=10,maxindex=0
E/TrafficStats( 1673): [QCTMM]tryAll index=0
E/TrafficStats( 1673): [QCTMM]tryAll index=1
E/TrafficStats( 1673): [QCTMM]tryAll index=2
E/TrafficStats( 1673): [QCTMM]tryAll index=0
E/TrafficStats( 1673): [QCTMM]tryAll index=1
E/TrafficStats( 1673): [QCTMM]tryAll index=2
D/DATA    ( 1860): [QCTMM] DataNetStatistics sent == 0 && received == 0 newActivity=NONE
D/DATA    ( 1860): sentSinceLastRecv=0,watchdogTrigger=10,maxindex=0
E/TrafficStats( 1673): [QCTMM]tryAll index=0
E/TrafficStats( 1673): [QCTMM]tryAll index=1
E/TrafficStats( 1673): [QCTMM]tryAll index=2
E/TrafficStats( 1673): [QCTMM]tryAll index=0
E/TrafficStats( 1673): [QCTMM]tryAll index=1
E/TrafficStats( 1673): [QCTMM]tryAll index=2
D/DATA    ( 1860): [QCTMM] DataNetStatistics sent == 0 && received == 0 newActivity=NONE
D/DATA    ( 1860): sentSinceLastRecv=0,watchdogTrigger=10,maxindex=0
E/TrafficStats(16531): [QCTMM]tryAll index=0
E/TrafficStats(16531): [QCTMM]tryAll index=1
E/TrafficStats(16531): [QCTMM]tryAll index=2
E/TrafficStats(16531): [QCTMM]tryAll index=0
E/TrafficStats(16531): [QCTMM]tryAll index=1
E/TrafficStats(16531): [QCTMM]tryAll index=2
E/TrafficStats(16531): [QCTMM]tryAll index=0
E/TrafficStats(16531): [QCTMM]tryAll index=1
E/TrafficStats(16531): [QCTMM]tryAll index=2
E/TrafficStats(16531): [QCTMM]tryAll index=0
E/TrafficStats(16531): [QCTMM]tryAll index=1
E/TrafficStats(16531): [QCTMM]tryAll index=2
E/TrafficStats( 1673): [QCTMM]tryAll index=0
E/TrafficStats( 1673): [QCTMM]tryAll index=1
E/TrafficStats( 1673): [QCTMM]tryAll index=2
E/TrafficStats( 1673): [QCTMM]tryAll index=0
E/TrafficStats( 1673): [QCTMM]tryAll index=1
E/TrafficStats( 1673): [QCTMM]tryAll index=2
D/DATA    ( 1860): [QCTMM] DataNetStatistics sent == 0 && received == 0 newActivity=NONE
D/DATA    ( 1860): sentSinceLastRecv=0,watchdogTrigger=10,maxindex=0
E/TrafficStats( 1673): [QCTMM]tryAll index=0
E/TrafficStats( 1673): [QCTMM]tryAll index=1
E/TrafficStats( 1673): [QCTMM]tryAll index=2
E/TrafficStats( 1673): [QCTMM]tryAll index=0
E/TrafficStats( 1673): [QCTMM]tryAll index=1
E/TrafficStats( 1673): [QCTMM]tryAll index=2
D/DATA    ( 1860): [QCTMM] DataNetStatistics sent == 0 && received == 0 newActivity=NONE
D/DATA    ( 1860): sentSinceLastRecv=0,watchdogTrigger=10,maxindex=0
E/TrafficStats( 1673): [QCTMM]tryAll index=0
E/TrafficStats( 1673): [QCTMM]tryAll index=1
E/TrafficStats( 1673): [QCTMM]tryAll index=2
E/TrafficStats( 1673): [QCTMM]tryAll index=0
E/TrafficStats( 1673): [QCTMM]tryAll index=1
E/TrafficStats( 1673): [QCTMM]tryAll index=2
D/DATA    ( 1860): [QCTMM] DataNetStatistics sent == 0 && received == 0 newActivity=NONE
D/DATA    ( 1860): sentSinceLastRecv=0,watchdogTrigger=10,maxindex=0
E/TrafficStats( 1673): [QCTMM]tryAll index=0
E/TrafficStats( 1673): [QCTMM]tryAll index=1
E/TrafficStats( 1673): [QCTMM]tryAll index=2
E/TrafficStats( 1673): [QCTMM]tryAll index=0
E/TrafficStats( 1673): [QCTMM]tryAll index=1
E/TrafficStats( 1673): [QCTMM]tryAll index=2
D/DATA    ( 1860): [QCTMM] DataNetStatistics sent == 0 && received == 0 newActivity=NONE
D/DATA    ( 1860): sentSinceLastRecv=0,watchdogTrigger=10,maxindex=0
E/TrafficStats( 1673): [QCTMM]tryAll index=0
E/TrafficStats( 1673): [QCTMM]tryAll index=1
E/TrafficStats( 1673): [QCTMM]tryAll index=2
E/TrafficStats( 1673): [QCTMM]tryAll index=0
E/TrafficStats( 1673): [QCTMM]tryAll index=1
E/TrafficStats( 1673): [QCTMM]tryAll index=2
D/DATA    ( 1860): [QCTMM] DataNetStatistics sent == 0 && received == 0 newActivity=NONE
D/DATA    ( 1860): sentSinceLastRecv=0,watchdogTrigger=10,maxindex=0
E/TrafficStats( 1673): [QCTMM]tryAll index=0
E/TrafficStats( 1673): [QCTMM]tryAll index=1
E/TrafficStats( 1673): [QCTMM]tryAll index=2
E/TrafficStats( 1673): [QCTMM]tryAll index=0
E/TrafficStats( 1673): [QCTMM]tryAll index=1
E/TrafficStats( 1673): [QCTMM]tryAll index=2
D/DATA    ( 1860): [QCTMM] DataNetStatistics sent == 0 && received == 0 newActivity=NONE
D/DATA    ( 1860): sentSinceLastRecv=0,watchdogTrigger=10,maxindex=0
E/TrafficStats(16531): [QCTMM]tryAll index=0
E/TrafficStats(16531): [QCTMM]tryAll index=1
E/TrafficStats(16531): [QCTMM]tryAll index=2
E/TrafficStats(16531): [QCTMM]tryAll index=0
E/TrafficStats(16531): [QCTMM]tryAll index=1
E/TrafficStats(16531): [QCTMM]tryAll index=2
E/TrafficStats(16531): [QCTMM]tryAll index=0
E/TrafficStats(16531): [QCTMM]tryAll index=1
E/TrafficStats(16531): [QCTMM]tryAll index=2
E/TrafficStats(16531): [QCTMM]tryAll index=0
E/TrafficStats(16531): [QCTMM]tryAll index=1
E/TrafficStats(16531): [QCTMM]tryAll index=2
E/TrafficStats(16531): [QCTMM]tryAll index=0
E/TrafficStats(16531): [QCTMM]tryAll index=1
E/TrafficStats(16531): [QCTMM]tryAll index=2
E/TrafficStats(16531): [QCTMM]tryAll index=0
E/TrafficStats(16531): [QCTMM]tryAll index=1
E/TrafficStats(16531): [QCTMM]tryAll index=2
E/TrafficStats(16531): [QCTMM]tryAll index=0
E/TrafficStats(16531): [QCTMM]tryAll index=1
E/TrafficStats(16531): [QCTMM]tryAll index=2
E/TrafficStats(16531): [QCTMM]tryAll index=0
E/TrafficStats(16531): [QCTMM]tryAll index=1
E/TrafficStats(16531): [QCTMM]tryAll index=2
D/dalvikvm(16531): GC_CONCURRENT freed 405K, 51% free 3280K/6599K, external 0K/0K, paused 2ms+2ms
E/TrafficStats( 1673): [QCTMM]tryAll index=0
E/TrafficStats( 1673): [QCTMM]tryAll index=1
E/TrafficStats( 1673): [QCTMM]tryAll index=2
E/TrafficStats( 1673): [QCTMM]tryAll index=0
E/TrafficStats( 1673): [QCTMM]tryAll index=1
E/TrafficStats( 1673): [QCTMM]tryAll index=2
D/DATA    ( 1860): [QCTMM] DataNetStatistics sent == 0 && received == 0 newActivity=NONE
D/DATA    ( 1860): sentSinceLastRecv=0,watchdogTrigger=10,maxindex=0
E/TrafficStats( 1673): [QCTMM]tryAll index=0
E/TrafficStats( 1673): [QCTMM]tryAll index=1
E/TrafficStats( 1673): [QCTMM]tryAll index=2
E/TrafficStats( 1673): [QCTMM]tryAll index=0
E/TrafficStats( 1673): [QCTMM]tryAll index=1
E/TrafficStats( 1673): [QCTMM]tryAll index=2
D/DATA    ( 1860): [PhoneNotifier] notifyDataActivityLTE
D/StatusBarPolicy( 1816): hasService()=true ,mDataState=2 ,mPhone.htcModemLinkOn()=false ,mDataActivity=2
D/DATA    ( 1860): [QCTMM] DataNetStatistics mIsScreenOn newActivity=DATAOUT
D/DATA    ( 1860): sentSinceLastRecv=1,watchdogTrigger=10,maxindex=0
D/StatusBarPolicy( 1816): slotType[0]=RUIM
D/MMDCT   ( 1860): onDCLChanged dcs=DataCallState: { cid: 0, active: 2, type: IP, apn: vzwinternet, address: 10.174.234.255 }
D/MMDCT   ( 1860): onDCLChanged dcs=DataCallState: { cid: 1, active: 2, type: IPV6, apn: vzwinternet, address: 2600:1000:b022:700a:f3ca:40ba:6903:3d04 }
D/MMDCT   ( 1860): onDCLChanged dcs=DataCallState: { cid: 2, active: 0, type: null, apn: null, address: null }
D/MMDCT   ( 1860): onDCLChanged dcs=DataCallState: { cid: 3, active: 0, type: null, apn: null, address: null }
D/MMDCT   ( 1860): onDCLChanged dcs=DataCallState: { cid: 4, active: 0, type: null, apn: null, address: null }
D/MMDCT   ( 1860): onDCLChanged dcs=DataCallState: { cid: 5, active: 0, type: null, apn: null, address: null }
D/MMDCT   ( 1860): onDCLChanged dcs=DataCallState: { cid: 6, active: 0, type: null, apn: null, address: null }
D/MMDCT   ( 1860): onDCLChanged dcs=DataCallState: { cid: 7, active: 0, type: null, apn: null, address: null }
D/MMDCT   ( 1860): onDCLChanged dcs=DataCallState: { cid: 8, active: 0, type: null, apn: null, address: null }
D/MMDCT   ( 1860): onDCLChanged dcs=DataCallState: { cid: 9, active: 0, type: null, apn: null, address: null }
D/MMDCT   ( 1860): onDCLChanged dcs=DataCallState: { cid: 10, active: 0, type: null, apn: null, address: null }
D/MMDCT   ( 1860): onDCLChanged dcs=DataCallState: { cid: 11, active: 0, type: null, apn: null, address: null }
D/MMDCT   ( 1860): onDCLChanged dcs=DataCallState: { cid: 12, active: 0, type: null, apn: null, address: null }
D/MMDCT   ( 1860): onDCLChanged dcs=DataCallState: { cid: 13, active: 0, type: null, apn: null, address: null }
D/MMDCT   ( 1860): onDCLChanged dcs=DataCallState: { cid: 14, active: 0, type: null, apn: null, address: null }
D/MMDCT   ( 1860): onDCLChanged dcs=DataCallState: { cid: 15, active: 0, type: null, apn: null, address: null }
D/MMDCT   ( 1860): onDCLChanged dcs=DataCallState: { cid: 16, active: 0, type: null, apn: null, address: null }
D/MMDCT   ( 1860): onDCLChanged dcs=DataCallState: { cid: 17, active: 0, type: null, apn: null, address: null }
D/MMDCT   ( 1860): onDCLChanged dcs=DataCallState: { cid: 18, active: 0, type: null, apn: null, address: null }
D/MMDCT   ( 1860): onDCLChanged dcs=DataCallState: { cid: 19, active: 0, type: null, apn: null, address: null }
D/MMDCT   ( 1860): onDCLChanged() DC is active : activeDC.active=2
D/MMDCT   ( 1860): onDCLChanged() DC is active : activeDC.active=2
D/MMDCT   ( 1860):  ======= check all DC disconnected ======= 
D/MMDCT   ( 1860): DC-0: state=DcActiveState if=rmnet_sdio0 ip=10.174.234.255 ipv=IPV4
D/MMDCT   ( 1860): DC-1: state=DcActiveState if=rmnet_sdio1 ip=2600:1000:b022:700a:f3ca:40ba:6903:3d04 ipv=IPV6
D/MMDCT   ( 1860): DC-2: state=DcInactiveState if=null ip=null ipv=null
D/MMDCT   ( 1860): DC-3: state=DcInactiveState if=null ip=null ipv=null
D/MMDCT   ( 1860): DC-4: state=DcInactiveState if=null ip=null ipv=null
D/MMDCT   ( 1860): DC-5: state=DcInactiveState if=null ip=null ipv=null
D/MMDCT   ( 1860): DC-6: state=DcInactiveState if=null ip=null ipv=null
D/MMDCT   ( 1860): DC-7: state=DcInactiveState if=null ip=null ipv=null
D/MMDCT   ( 1860): ifAllDataDisconnected ret=false
D/DATA    ( 1860): [QCTMM]isEnablePoll   enablePoll=true
D/MMDCT   ( 1860): onDCLChanged() DA=NONE
D/MMDCT   ( 1860): onDCLChanged() notifyDA() now
D/DATA    ( 1860): [PhoneNotifier] notifyDataActivityLTE
D/StatusBarPolicy( 1816): hasService()=true ,mDataState=2 ,mPhone.htcModemLinkOn()=false ,mDataActivity=0
D/StatusBarPolicy( 1816): slotType[0]=RUIM
D/UDP-TIMING(17001): 0 0 -0.026670000
D/UDP-TIMING(17001): 1 0 -0.029268000
D/UDP-TIMING(17001): 2 0 -0.031992000
D/UDP-TIMING(17001): 3 0 -0.034686000
D/UDP-TIMING(17001): 4 0 -0.037292000
D/UDP-TIMING(17001): 13 0 -0.005421000
D/UDP-TIMING(17001): 14 0 -0.008048000
D/UDP-TIMING(17001): 15 0 -0.010672000
D/UDP-TIMING(17001): 16 0 -0.013265000
D/UDP-TIMING(17001): 17 0 -0.015882000
D/UDP-TIMING(17001): 18 0 -0.018507000
D/UDP-TIMING(17001): 19 0 -0.021198000
D/UDP-TIMING(17001): 20 0 -0.023826000
D/UDP-TIMING(17001): 21 0 -0.026518000
D/UDP-TIMING(17001): 22 0 -0.029178000
D/UDP-TIMING(17001): 23 0 -0.031858000
D/UDP-TIMING(17001): 24 0 -0.034493000
D/UDP-TIMING(17001): 25 0 -0.037187000
D/UDP-TIMING(17001): 26 0 -0.039851000
D/UDP-TIMING(17001): 27 0 -0.042547000
D/UDP-TIMING(17001): 28 0 -0.045210000
D/UDP-TIMING(17001): 29 0 -0.047903000
D/UDP-TIMING(17001): 30 0 -0.050590000
D/UDP-TIMING(17001): 31 0 -0.053283000
D/UDP-TIMING(17001): 32 0 -0.055975000
D/UDP-TIMING(17001): 33 0 -0.058672000
D/UDP-TIMING(17001): 34 0 -0.061333000
D/UDP-TIMING(17001): 35 0 -0.064023000
D/UDP-TIMING(17001): 36 0 -0.066714000
D/UDP-TIMING(17001): 37 0 -0.069375000
D/UDP-TIMING(17001): 38 0 -0.072072000
D/UDP-TIMING(17001): 39 0 -0.074766000
D/UDP-TIMING(17001): 40 0 -0.077462000
D/UDP-TIMING(17001): 41 0 -0.080152000
D/UDP-TIMING(17001): 42 0 -0.082816000
D/UDP-TIMING(17001): 43 0 -0.085509000
D/UDP-TIMING(17001): 44 0 -0.088202000
D/UDP-TIMING(17001): 45 0 -0.090896000
D/UDP-TIMING(17001): 46 0 -0.093591000
D/UDP-TIMING(17001): 47 0 -0.096279000
D/UDP-TIMING(17001): 48 0 -0.098930000
D/UDP-TIMING(17001): 49 0 -0.101621000
D/UDP-TIMING(17001): 50 0 -0.104311000
D/UDP-TIMING(17001): 60 0 -0.128793000
D/UDP-TIMING(17001): 61 0 -0.131085000
D/UDP-TIMING(17001): 62 0 -0.106003000
D/UDP-TIMING(17001): 63 0 -0.108631000
D/UDP-TIMING(17001): 64 0 -0.111224000
D/UDP-TIMING(17001): 65 0 -0.113847000
D/UDP-TIMING(17001): 66 0 -0.116532000
D/UDP-TIMING(17001): 67 0 -0.119211000
D/UDP-TIMING(17001): 68 0 -0.121900000
D/UDP-TIMING(17001): 69 0 -0.124594000
D/UDP-TIMING(17001): 70 0 -0.127252000
D/UDP-TIMING(17001): 71 0 -0.129877000
D/UDP-TIMING(17001): 72 0 -0.102625000
D/UDP-TIMING(17001): 73 0 -0.105316000
D/UDP-TIMING(17001): 74 0 -0.108005000
D/UDP-TIMING(17001): 75 0 -0.110636000
D/UDP-TIMING(17001): 76 0 -0.113328000
D/UDP-TIMING(17001): 77 0 -0.115987000
D/UDP-TIMING(17001): 78 0 -0.118676000
D/UDP-TIMING(17001): 79 0 -0.121307000
D/UDP-TIMING(17001): 80 0 -0.123997000
D/UDP-TIMING(17001): 81 0 -0.126687000
D/UDP-TIMING(17001): 82 0 -0.129389000
D/UDP-TIMING(17001): 83 0 -0.102504000
D/UDP-TIMING(17001): 84 0 -0.105163000
D/UDP-TIMING(17001): 85 0 -0.107854000
D/UDP-TIMING(17001): 86 0 -0.110488000
D/UDP-TIMING(17001): 87 0 -0.113163000
D/UDP-TIMING(17001): 88 0 -0.115843000
D/UDP-TIMING(17001): 89 0 -0.118491000
D/UDP-TIMING(17001): 90 0 -0.121174000
D/UDP-TIMING(17001): 91 0 -0.123836000
D/UDP-TIMING(17001): 92 0 -0.126528000
D/UDP-TIMING(17001): 93 0 -0.129197000
D/UDP-TIMING(17001): 94 0 -0.101652000
D/UDP-TIMING(17001): 95 0 -0.104342000
D/UDP-TIMING(17001): 96 0 -0.107005000
D/UDP-TIMING(17001): 97 0 -0.109635000
D/UDP-TIMING(17001): 98 0 -0.112324000
D/UDP-TIMING(17001): 99 0 -0.115014000
D/UDP-TIMING(17001): 100 0 -0.117702000
E/TrafficStats( 1673): [QCTMM]tryAll index=0
E/TrafficStats( 1673): [QCTMM]tryAll index=1
E/TrafficStats( 1673): [QCTMM]tryAll index=2
E/TrafficStats( 1673): [QCTMM]tryAll index=0
E/TrafficStats( 1673): [QCTMM]tryAll index=1
E/TrafficStats( 1673): [QCTMM]tryAll index=2
D/DATA    ( 1860): [PhoneNotifier] notifyDataActivityLTE
D/DATA    ( 1860): [QCTMM] DataNetStatistics mIsScreenOn newActivity=DATAIN
D/DATA    ( 1860): sentSinceLastRecv=0,watchdogTrigger=10,maxindex=0
D/StatusBarPolicy( 1816): hasService()=true ,mDataState=2 ,mPhone.htcModemLinkOn()=false ,mDataActivity=1
D/StatusBarPolicy( 1816): slotType[0]=RUIM
D/UDP-TIMING(17001): 101 0 -0.129758000
D/UDP-TIMING(17001): 102 0 -0.110972000
D/UDP-TIMING(17001): 103 0 -0.113652000
D/UDP-TIMING(17001): 104 0 -0.116343000
D/UDP-TIMING(17001): 105 0 -0.119001000
D/UDP-TIMING(17001): 106 0 -0.121723000
D/UDP-TIMING(17001): 107 0 -0.124361000
D/UDP-TIMING(17001): 108 0 -0.127042000
D/UDP-TIMING(17001): 109 0 -0.129726000
D/UDP-TIMING(17001): 110 0 -0.102110000
D/UDP-TIMING(17001): 111 0 -0.104773000
D/UDP-TIMING(17001): 112 0 -0.107387000
D/UDP-TIMING(17001): 113 0 -0.109992000
D/UDP-TIMING(17001): 114 0 -0.112681000
D/UDP-TIMING(17001): 115 0 -0.115304000
D/UDP-TIMING(17001): 116 0 -0.117931000
D/UDP-TIMING(17001): 117 0 -0.120544000
D/UDP-TIMING(17001): 118 0 -0.123173000
D/UDP-TIMING(17001): 119 0 -0.125800000
D/UDP-TIMING(17001): 120 0 -0.128397000
D/UDP-TIMING(17001): 121 0 -0.101424000
D/UDP-TIMING(17001): 122 0 -0.104048000
D/UDP-TIMING(17001): 123 0 -0.106669000
D/UDP-TIMING(17001): 124 0 -0.109293000
D/UDP-TIMING(17001): 125 0 -0.111888000
D/UDP-TIMING(17001): 126 0 -0.114602000
D/UDP-TIMING(17001): 127 0 -0.117294000
D/UDP-TIMING(17001): 128 0 -0.119984000
D/UDP-TIMING(17001): 129 0 -0.122675000
D/UDP-TIMING(17001): 130 0 -0.095035000
D/UDP-TIMING(17001): 131 0 -0.097721000
D/UDP-TIMING(17001): 132 0 -0.100319000
D/UDP-TIMING(17001): 133 0 -0.103005000
D/UDP-TIMING(17001): 134 0 -0.105691000
D/UDP-TIMING(17001): 135 0 -0.108419000
D/UDP-TIMING(17001): 136 0 -0.111050000
D/UDP-TIMING(17001): 137 0 -0.113678000
D/UDP-TIMING(17001): 138 0 -0.116268000
D/UDP-TIMING(17001): 139 0 -0.118879000
D/UDP-TIMING(17001): 140 0 -0.121504000
D/UDP-TIMING(17001): 141 0 -0.124128000
D/UDP-TIMING(17001): 142 0 -0.126810000
D/UDP-TIMING(17001): 143 0 -0.129399000
D/UDP-TIMING(17001): 144 0 -0.102426000
D/UDP-TIMING(17001): 145 0 -0.105055000
D/UDP-TIMING(17001): 146 0 -0.107675000
D/UDP-TIMING(17001): 147 0 -0.110356000
D/UDP-TIMING(17001): 148 0 -0.112993000
D/UDP-TIMING(17001): 149 0 -0.115681000
D/UDP-TIMING(17001): 150 0 -0.118370000
D/UDP-TIMING(17001): 151 0 -0.121061000
D/UDP-TIMING(17001): 152 0 -0.123747000
D/UDP-TIMING(17001): 153 0 -0.126433000
D/UDP-TIMING(17001): 154 0 -0.129114000
D/UDP-TIMING(17001): 155 0 -0.101072000
D/UDP-TIMING(17001): 156 0 -0.103669000
D/UDP-TIMING(17001): 157 0 -0.106292000
D/UDP-TIMING(17001): 158 0 -0.108876000
D/UDP-TIMING(17001): 159 0 -0.111504000
D/UDP-TIMING(17001): 160 0 -0.114129000
D/UDP-TIMING(17001): 161 0 -0.116729000
D/UDP-TIMING(17001): 162 0 -0.119353000
D/UDP-TIMING(17001): 163 0 -0.092803000
D/UDP-TIMING(17001): 164 0 -0.095397000
D/UDP-TIMING(17001): 165 0 -0.098023000
D/UDP-TIMING(17001): 166 0 -0.100649000
D/UDP-TIMING(17001): 167 0 -0.103299000
D/UDP-TIMING(17001): 168 0 -0.105940000
D/UDP-TIMING(17001): 169 0 -0.108573000
D/UDP-TIMING(17001): 170 0 -0.111251000
D/UDP-TIMING(17001): 171 0 -0.113931000
D/UDP-TIMING(17001): 172 0 -0.116608000
D/UDP-TIMING(17001): 173 0 -0.119292000
D/UDP-TIMING(17001): 174 0 -0.121924000
D/UDP-TIMING(17001): 175 0 -0.124521000
D/UDP-TIMING(17001): 176 0 -0.127220000
D/UDP-TIMING(17001): 177 0 -0.128768000
D/UDP-TIMING(17001): 178 0 -0.131424000
D/UDP-TIMING(17001): 179 0 -0.105080000
D/UDP-TIMING(17001): 180 0 -0.107729000
D/UDP-TIMING(17001): 181 0 -0.110365000
D/UDP-TIMING(17001): 182 0 -0.113043000
D/UDP-TIMING(17001): 183 0 -0.115723000
D/UDP-TIMING(17001): 184 0 -0.118401000
D/UDP-TIMING(17001): 185 0 -0.121084000
D/UDP-TIMING(17001): 186 0 -0.123732000
D/UDP-TIMING(17001): 187 0 -0.126411000
D/UDP-TIMING(17001): 188 0 -0.129126000
D/UDP-TIMING(17001): 189 0 -0.102092000
D/UDP-TIMING(17001): 190 0 -0.104779000
D/UDP-TIMING(17001): 191 0 -0.107467000
D/UDP-TIMING(17001): 192 0 -0.110096000
D/UDP-TIMING(17001): 193 0 -0.112784000
D/UDP-TIMING(17001): 194 0 -0.115441000
D/UDP-TIMING(17001): 195 0 -0.118130000
D/UDP-TIMING(17001): 196 0 -0.120819000
D/UDP-TIMING(17001): 197 0 -0.123513000
D/UDP-TIMING(17001): 198 0 -0.126207000
D/UDP-TIMING(17001): 199 0 -0.128898000
D/UDP-TIMING(17001): 200 0 -0.101374000
D/UDP-TIMING(17001): 201 0 -0.104066000
E/TrafficStats( 1673): [QCTMM]tryAll index=0
E/TrafficStats( 1673): [QCTMM]tryAll index=1
E/TrafficStats( 1673): [QCTMM]tryAll index=2
E/TrafficStats( 1673): [QCTMM]tryAll index=0
E/TrafficStats( 1673): [QCTMM]tryAll index=1
E/TrafficStats( 1673): [QCTMM]tryAll index=2
D/DATA    ( 1860): sentSinceLastRecv=0,watchdogTrigger=10,maxindex=0
D/UDP-TIMING(17001): 202 0 -0.126741000
D/UDP-TIMING(17001): 203 0 -0.129424000
D/UDP-TIMING(17001): 204 0 -0.109890000
D/UDP-TIMING(17001): 205 0 -0.112566000
D/UDP-TIMING(17001): 206 0 -0.115220000
D/UDP-TIMING(17001): 207 0 -0.117814000
D/UDP-TIMING(17001): 208 0 -0.120484000
D/UDP-TIMING(17001): 209 0 -0.123072000
D/UDP-TIMING(17001): 210 0 -0.095386000
D/UDP-TIMING(17001): 211 0 -0.098033000
D/UDP-TIMING(17001): 212 0 -0.100696000
D/UDP-TIMING(17001): 213 0 -0.103377000
D/UDP-TIMING(17001): 214 0 -0.106063000
D/UDP-TIMING(17001): 215 0 -0.108734000
D/UDP-TIMING(17001): 216 0 -0.111410000
D/UDP-TIMING(17001): 217 0 -0.114048000
D/UDP-TIMING(17001): 218 0 -0.116718000
D/UDP-TIMING(17001): 219 0 -0.119402000
D/UDP-TIMING(17001): 220 0 -0.122084000
D/UDP-TIMING(17001): 221 0 -0.124767000
D/UDP-TIMING(17001): 222 0 -0.127527000
D/UDP-TIMING(17001): 223 0 -0.130171000
D/UDP-TIMING(17001): 224 0 -0.103278000
D/UDP-TIMING(17001): 225 0 -0.105956000
D/UDP-TIMING(17001): 226 0 -0.108634000
D/UDP-TIMING(17001): 227 0 -0.111314000
D/UDP-TIMING(17001): 228 0 -0.113994000
D/UDP-TIMING(17001): 229 0 -0.116650000
D/UDP-TIMING(17001): 230 0 -0.119333000
D/UDP-TIMING(17001): 231 0 -0.122017000
D/UDP-TIMING(17001): 232 0 -0.124692000
D/UDP-TIMING(17001): 233 0 -0.127367000
D/UDP-TIMING(17001): 234 0 -0.129978000
D/UDP-TIMING(17001): 235 0 -0.102323000
D/UDP-TIMING(17001): 236 0 -0.105001000
D/UDP-TIMING(17001): 237 0 -0.107680000
D/UDP-TIMING(17001): 238 0 -0.110355000
D/UDP-TIMING(17001): 239 0 -0.113031000
D/UDP-TIMING(17001): 240 0 -0.115709000
D/UDP-TIMING(17001): 241 0 -0.118353000
D/UDP-TIMING(17001): 242 0 -0.121035000
D/UDP-TIMING(17001): 243 0 -0.123719000
D/UDP-TIMING(17001): 244 0 -0.126401000
D/UDP-TIMING(17001): 245 0 -0.129079000
D/UDP-TIMING(17001): 246 0 -0.102108000
D/UDP-TIMING(17001): 247 0 -0.104755000
D/UDP-TIMING(17001): 248 0 -0.107433000
D/UDP-TIMING(17001): 249 0 -0.110105000
D/UDP-TIMING(17001): 250 0 -0.112784000
D/UDP-TIMING(17001): 251 0 -0.115468000
D/UDP-TIMING(17001): 252 0 -0.118154000
D/UDP-TIMING(17001): 253 0 -0.120807000
D/UDP-TIMING(17001): 254 0 -0.123490000
D/UDP-TIMING(17001): 255 0 -0.126128000
D/UDP-TIMING(17001): 256 0 -0.128812000
D/UDP-TIMING(17001): 257 0 -0.101194000
D/UDP-TIMING(17001): 258 0 -0.103873000
D/UDP-TIMING(17001): 259 0 -0.106550000
D/UDP-TIMING(17001): 260 0 -0.109159000
D/UDP-TIMING(17001): 261 0 -0.111835000
D/UDP-TIMING(17001): 262 0 -0.114482000
D/UDP-TIMING(17001): 263 0 -0.117164000
D/UDP-TIMING(17001): 264 0 -0.119846000
D/UDP-TIMING(17001): 265 0 -0.122524000
D/UDP-TIMING(17001): 266 0 -0.125204000
D/UDP-TIMING(17001): 267 0 -0.127859000
D/UDP-TIMING(17001): 268 0 -0.100961000
D/UDP-TIMING(17001): 269 0 -0.103639000
D/UDP-TIMING(17001): 270 0 -0.106277000
D/UDP-TIMING(17001): 271 0 -0.108903000
D/UDP-TIMING(17001): 272 0 -0.111535000
D/UDP-TIMING(17001): 273 0 -0.114161000
D/UDP-TIMING(17001): 274 0 -0.116788000
D/UDP-TIMING(17001): 275 0 -0.119416000
D/UDP-TIMING(17001): 276 0 -0.122040000
D/UDP-TIMING(17001): 277 0 -0.124637000
D/UDP-TIMING(17001): 278 0 -0.127264000
D/UDP-TIMING(17001): 279 0 -0.129884000
D/UDP-TIMING(17001): 280 0 -0.102576000
D/UDP-TIMING(17001): 281 0 -0.105173000
D/UDP-TIMING(17001): 282 0 -0.107801000
D/UDP-TIMING(17001): 283 0 -0.110427000
D/UDP-TIMING(17001): 284 0 -0.113038000
D/UDP-TIMING(17001): 285 0 -0.115668000
D/UDP-TIMING(17001): 286 0 -0.118299000
D/UDP-TIMING(17001): 287 0 -0.120905000
D/UDP-TIMING(17001): 288 0 -0.123535000
D/UDP-TIMING(17001): 289 0 -0.126164000
D/UDP-TIMING(17001): 290 0 -0.128793000
D/UDP-TIMING(17001): 291 0 -0.101150000
D/UDP-TIMING(17001): 292 0 -0.103780000
D/UDP-TIMING(17001): 293 0 -0.106377000
D/UDP-TIMING(17001): 294 0 -0.109049000
D/UDP-TIMING(17001): 295 0 -0.111673000
D/UDP-TIMING(17001): 296 0 -0.114299000
D/UDP-TIMING(17001): 297 0 -0.116928000
D/UDP-TIMING(17001): 298 0 -0.119520000
D/UDP-TIMING(17001): 299 0 -0.122148000
D/UDP-TIMING(17001): 300 0 -0.124775000
D/UDP-TIMING(17001): 301 0 -0.127426000
D/UDP-TIMING(17001): 302 0 -0.130053000
E/TrafficStats( 1673): [QCTMM]tryAll index=0
E/TrafficStats( 1673): [QCTMM]tryAll index=1
E/TrafficStats( 1673): [QCTMM]tryAll index=2
E/TrafficStats( 1673): [QCTMM]tryAll index=0
E/TrafficStats( 1673): [QCTMM]tryAll index=1
E/TrafficStats( 1673): [QCTMM]tryAll index=2
D/DATA    ( 1860): sentSinceLastRecv=0,watchdogTrigger=10,maxindex=0
D/UDP-TIMING(17001): 303 0 -0.117633000
D/UDP-TIMING(17001): 304 0 -0.120319000
D/UDP-TIMING(17001): 305 0 -0.121239000
D/UDP-TIMING(17001): 306 0 -0.123864000
D/UDP-TIMING(17001): 307 0 -0.126482000
D/UDP-TIMING(17001): 308 0 -0.129160000
D/UDP-TIMING(17001): 309 0 -0.106556000
D/UDP-TIMING(17001): 310 0 -0.109219000
D/UDP-TIMING(17001): 311 0 -0.111913000
D/UDP-TIMING(17001): 312 0 -0.114599000
D/UDP-TIMING(17001): 313 0 -0.117274000
D/UDP-TIMING(17001): 314 0 -0.119909000
D/UDP-TIMING(17001): 315 0 -0.092344000
D/UDP-TIMING(17001): 316 0 -0.095001000
D/UDP-TIMING(17001): 317 0 -0.097669000
D/UDP-TIMING(17001): 318 0 -0.100358000
D/UDP-TIMING(17001): 319 0 -0.103002000
D/UDP-TIMING(17001): 320 0 -0.105627000
D/UDP-TIMING(17001): 321 0 -0.108255000
D/UDP-TIMING(17001): 322 0 -0.110878000
D/UDP-TIMING(17001): 323 0 -0.113506000
D/UDP-TIMING(17001): 324 0 -0.116124000
D/UDP-TIMING(17001): 325 0 -0.118719000
D/UDP-TIMING(17001): 326 0 -0.121342000
D/UDP-TIMING(17001): 327 0 -0.123979000
D/UDP-TIMING(17001): 328 0 -0.126630000
D/UDP-TIMING(17001): 329 0 -0.099609000
D/UDP-TIMING(17001): 330 0 -0.102282000
D/UDP-TIMING(17001): 331 0 -0.104961000
D/UDP-TIMING(17001): 332 0 -0.107615000
D/UDP-TIMING(17001): 333 0 -0.110290000
D/UDP-TIMING(17001): 334 0 -0.112965000
D/UDP-TIMING(17001): 335 0 -0.115644000
D/UDP-TIMING(17001): 336 0 -0.118321000
D/UDP-TIMING(17001): 337 0 -0.121007000
D/UDP-TIMING(17001): 338 0 -0.122473000
D/UDP-TIMING(17001): 339 0 -0.125158000
D/UDP-TIMING(17001): 340 0 -0.127851000
D/UDP-TIMING(17001): 341 0 -0.101458000
D/UDP-TIMING(17001): 342 0 -0.104146000
D/UDP-TIMING(17001): 343 0 -0.106834000
D/UDP-TIMING(17001): 344 0 -0.109462000
D/UDP-TIMING(17001): 345 0 -0.112147000
D/UDP-TIMING(17001): 346 0 -0.114803000
D/UDP-TIMING(17001): 347 0 -0.117493000
D/UDP-TIMING(17001): 348 0 -0.120181000
D/UDP-TIMING(17001): 349 0 -0.122874000
D/UDP-TIMING(17001): 350 0 -0.125544000
D/UDP-TIMING(17001): 351 0 -0.128233000
D/UDP-TIMING(17001): 352 0 -0.130891000
D/UDP-TIMING(17001): 353 0 -0.103884000
D/UDP-TIMING(17001): 354 0 -0.106573000
D/UDP-TIMING(17001): 355 0 -0.109161000
D/UDP-TIMING(17001): 356 0 -0.111844000
D/UDP-TIMING(17001): 357 0 -0.114529000
D/UDP-TIMING(17001): 358 0 -0.117187000
D/UDP-TIMING(17001): 359 0 -0.119875000
D/UDP-TIMING(17001): 360 0 -0.122569000
D/UDP-TIMING(17001): 361 0 -0.095158000
D/UDP-TIMING(17001): 362 0 -0.097882000
D/UDP-TIMING(17001): 363 0 -0.100555000
D/UDP-TIMING(17001): 364 0 -0.103248000
D/UDP-TIMING(17001): 365 0 -0.105935000
D/UDP-TIMING(17001): 366 0 -0.108678000
D/UDP-TIMING(17001): 367 0 -0.111334000
D/UDP-TIMING(17001): 368 0 -0.114023000
D/UDP-TIMING(17001): 369 0 -0.116711000
D/UDP-TIMING(17001): 370 0 -0.119396000
D/UDP-TIMING(17001): 371 0 -0.092382000
D/UDP-TIMING(17001): 372 0 -0.095062000
D/UDP-TIMING(17001): 373 0 -0.097714000
D/UDP-TIMING(17001): 374 0 -0.100326000
D/UDP-TIMING(17001): 375 0 -0.103011000
D/UDP-TIMING(17001): 376 0 -0.105699000
D/UDP-TIMING(17001): 377 0 -0.108388000
D/UDP-TIMING(17001): 378 0 -0.111076000
D/UDP-TIMING(17001): 379 0 -0.113798000
D/UDP-TIMING(17001): 380 0 -0.116437000
D/UDP-TIMING(17001): 381 0 -0.119077000
D/UDP-TIMING(17001): 382 0 -0.121704000
D/UDP-TIMING(17001): 383 0 -0.124331000
D/UDP-TIMING(17001): 384 0 -0.126976000
D/UDP-TIMING(17001): 385 0 -0.129703000
D/UDP-TIMING(17001): 386 0 -0.102184000
D/UDP-TIMING(17001): 387 0 -0.104845000
D/UDP-TIMING(17001): 388 0 -0.107565000
D/UDP-TIMING(17001): 389 0 -0.110255000
D/UDP-TIMING(17001): 390 0 -0.112983000
D/UDP-TIMING(17001): 391 0 -0.115668000
D/UDP-TIMING(17001): 392 0 -0.118324000
D/UDP-TIMING(17001): 393 0 -0.121007000
D/UDP-TIMING(17001): 394 0 -0.123690000
D/UDP-TIMING(17001): 395 0 -0.126373000
D/UDP-TIMING(17001): 396 0 -0.129055000
D/UDP-TIMING(17001): 397 0 -0.102102000
D/UDP-TIMING(17001): 398 0 -0.104794000
D/UDP-TIMING(17001): 399 0 -0.107451000
D/UDP-TIMING(17001): 400 0 -0.110080000
D/UDP-TIMING(17001): 401 0 -0.112710000
D/UDP-TIMING(17001): 402 0 -0.115388000
D/UDP-TIMING(17001): 403 0 -0.118066000
E/TrafficStats( 1673): [QCTMM]tryAll index=0
E/TrafficStats( 1673): [QCTMM]tryAll index=1
E/TrafficStats( 1673): [QCTMM]tryAll index=2
E/TrafficStats( 1673): [QCTMM]tryAll index=0
E/TrafficStats( 1673): [QCTMM]tryAll index=1
E/TrafficStats( 1673): [QCTMM]tryAll index=2
D/DATA    ( 1860): sentSinceLastRecv=0,watchdogTrigger=10,maxindex=0
D/UDP-TIMING(17001): 404 0 -0.125313000
D/UDP-TIMING(17001): 405 0 -0.100778000
D/UDP-TIMING(17001): 406 0 -0.103436000
D/UDP-TIMING(17001): 407 0 -0.106125000
D/UDP-TIMING(17001): 408 0 -0.108779000
D/UDP-TIMING(17001): 409 0 -0.111454000
D/UDP-TIMING(17001): 410 0 -0.114109000
D/UDP-TIMING(17001): 411 0 -0.116694000
D/UDP-TIMING(17001): 412 0 -0.119571000
D/UDP-TIMING(17001): 413 0 -0.122202000
D/UDP-TIMING(17001): 414 0 -0.095079000
D/UDP-TIMING(17001): 415 0 -0.097744000
D/UDP-TIMING(17001): 416 0 -0.100421000
D/UDP-TIMING(17001): 417 0 -0.103048000
D/UDP-TIMING(17001): 418 0 -0.105657000
D/UDP-TIMING(17001): 419 0 -0.108302000
D/UDP-TIMING(17001): 420 0 -0.110921000
D/UDP-TIMING(17001): 421 0 -0.113543000
D/UDP-TIMING(17001): 422 0 -0.116167000
D/UDP-TIMING(17001): 423 0 -0.118857000
D/UDP-TIMING(17001): 424 0 -0.121539000
D/UDP-TIMING(17001): 425 0 -0.124137000
D/UDP-TIMING(17001): 426 0 -0.096426000
D/UDP-TIMING(17001): 427 0 -0.099093000
D/UDP-TIMING(17001): 428 0 -0.101726000
D/UDP-TIMING(17001): 429 0 -0.104390000
D/UDP-TIMING(17001): 430 0 -0.106981000
D/UDP-TIMING(17001): 431 0 -0.109618000
D/UDP-TIMING(17001): 432 0 -0.112244000
D/UDP-TIMING(17001): 433 0 -0.114926000
D/UDP-TIMING(17001): 434 0 -0.117622000
D/UDP-TIMING(17001): 435 0 -0.120308000
D/UDP-TIMING(17001): 436 0 -0.122971000
D/UDP-TIMING(17001): 437 0 -0.125664000
D/UDP-TIMING(17001): 438 0 -0.128343000
D/UDP-TIMING(17001): 439 0 -0.101123000
D/UDP-TIMING(17001): 440 0 -0.103779000
D/UDP-TIMING(17001): 441 0 -0.106473000
D/UDP-TIMING(17001): 442 0 -0.109064000
D/UDP-TIMING(17001): 443 0 -0.111747000
D/UDP-TIMING(17001): 444 0 -0.114367000
D/UDP-TIMING(17001): 445 0 -0.116983000
D/UDP-TIMING(17001): 446 0 -0.119567000
D/UDP-TIMING(17001): 447 0 -0.092408000
D/UDP-TIMING(17001): 448 0 -0.095029000
D/UDP-TIMING(17001): 449 0 -0.097649000
D/UDP-TIMING(17001): 450 0 -0.100274000
D/UDP-TIMING(17001): 451 0 -0.102900000
D/UDP-TIMING(17001): 452 0 -0.105489000
D/UDP-TIMING(17001): 453 0 -0.108120000
D/UDP-TIMING(17001): 454 0 -0.110750000
D/UDP-TIMING(17001): 455 0 -0.113370000
D/UDP-TIMING(17001): 456 0 -0.115988000
D/UDP-TIMING(17001): 457 0 -0.118601000
D/UDP-TIMING(17001): 458 0 -0.121190000
D/UDP-TIMING(17001): 459 0 -0.123804000
D/UDP-TIMING(17001): 460 0 -0.126429000
D/UDP-TIMING(17001): 461 0 -0.129041000
D/UDP-TIMING(17001): 462 0 -0.101860000
D/UDP-TIMING(17001): 463 0 -0.104475000
D/UDP-TIMING(17001): 464 0 -0.107088000
D/UDP-TIMING(17001): 465 0 -0.109700000
D/UDP-TIMING(17001): 466 0 -0.112311000
D/UDP-TIMING(17001): 467 0 -0.114899000
D/UDP-TIMING(17001): 468 0 -0.117521000
D/UDP-TIMING(17001): 469 0 -0.120148000
D/UDP-TIMING(17001): 470 0 -0.122770000
D/UDP-TIMING(17001): 471 0 -0.125396000
D/UDP-TIMING(17001): 472 0 -0.128024000
D/UDP-TIMING(17001): 473 0 -0.130615000
D/UDP-TIMING(17001): 474 0 -0.103090000
D/UDP-TIMING(17001): 475 0 -0.105768000
D/UDP-TIMING(17001): 476 0 -0.108454000
D/UDP-TIMING(17001): 477 0 -0.111064000
D/UDP-TIMING(17001): 478 0 -0.113697000
D/UDP-TIMING(17001): 479 0 -0.116306000
D/UDP-TIMING(17001): 480 0 -0.118937000
D/UDP-TIMING(17001): 481 0 -0.121629000
D/UDP-TIMING(17001): 482 0 -0.124315000
D/UDP-TIMING(17001): 483 0 -0.126952000
D/UDP-TIMING(17001): 484 0 -0.129572000
D/UDP-TIMING(17001): 485 0 -0.102496000
D/UDP-TIMING(17001): 486 0 -0.105079000
D/UDP-TIMING(17001): 487 0 -0.107692000
D/UDP-TIMING(17001): 488 0 -0.110311000
D/UDP-TIMING(17001): 489 0 -0.112933000
D/UDP-TIMING(17001): 490 0 -0.115546000
D/UDP-TIMING(17001): 491 0 -0.118131000
D/UDP-TIMING(17001): 492 0 -0.120751000
D/UDP-TIMING(17001): 493 0 -0.123371000
D/UDP-TIMING(17001): 494 0 -0.125987000
D/UDP-TIMING(17001): 495 0 -0.128662000
E/TrafficStats(16531): [QCTMM]tryAll index=0
E/TrafficStats(16531): [QCTMM]tryAll index=1
E/TrafficStats(16531): [QCTMM]tryAll index=2
D/UDP-TIMING(17001): 496 0 -0.100629000
D/UDP-TIMING(17001): 497 0 -0.103262000
D/UDP-TIMING(17001): 498 0 -0.105825000
D/UDP-TIMING(17001): 499 0 -0.108447000
D/UDP-TIMING(17001): 500 0 -0.111073000
D/UDP-TIMING(17001): 501 0 -0.113703000
D/UDP-TIMING(17001): 502 0 -0.116340000
D/UDP-TIMING(17001): 503 0 -0.119010000
D/UDP-TIMING(17001): 504 0 -0.121606000
E/TrafficStats(16531): [QCTMM]tryAll index=0
E/TrafficStats(16531): [QCTMM]tryAll index=1
E/TrafficStats(16531): [QCTMM]tryAll index=2
E/TrafficStats(16531): [QCTMM]tryAll index=0
E/TrafficStats(16531): [QCTMM]tryAll index=1
E/TrafficStats(16531): [QCTMM]tryAll index=2
E/TrafficStats(16531): [QCTMM]tryAll index=0
E/TrafficStats(16531): [QCTMM]tryAll index=1
E/TrafficStats(16531): [QCTMM]tryAll index=2
D/Database(16531): dbopen(): path = /data/data/com.onavo.android.onavoid/databases/ui_events, flag = 6, file size = 14046208
D/Database(16531): dbopen(): path = /data/data/com.onavo.android.onavoid/databases/ui_events, mode: wal, disk free size: 2000 M, handle: 0x378018
E/TrafficStats( 1673): [QCTMM]tryAll index=0
E/TrafficStats( 1673): [QCTMM]tryAll index=1
E/TrafficStats( 1673): [QCTMM]tryAll index=2
E/TrafficStats( 1673): [QCTMM]tryAll index=0
E/TrafficStats( 1673): [QCTMM]tryAll index=1
E/TrafficStats( 1673): [QCTMM]tryAll index=2
D/DATA    ( 1860): sentSinceLastRecv=0,watchdogTrigger=10,maxindex=0
D/Database(16531): dbclose(): path = /data/data/com.onavo.android.onavoid/databases/ui_events, handle = 0x378018
D/UDP-TIMING(17001): 505 0 -0.129267000
D/UDP-TIMING(17001): 506 0 -0.105382000
D/UDP-TIMING(17001): 507 0 -0.108068000
D/UDP-TIMING(17001): 508 0 -0.110746000
D/UDP-TIMING(17001): 509 0 -0.113410000
D/UDP-TIMING(17001): 510 0 -0.116062000
D/UDP-TIMING(17001): 511 0 -0.118751000
D/UDP-TIMING(17001): 512 0 -0.121440000
D/UDP-TIMING(17001): 513 0 -0.124134000
D/UDP-TIMING(17001): 514 0 -0.126814000
D/UDP-TIMING(17001): 515 0 -0.098848000
D/UDP-TIMING(17001): 516 0 -0.101439000
D/UDP-TIMING(17001): 517 0 -0.104068000
D/UDP-TIMING(17001): 518 0 -0.106680000
D/UDP-TIMING(17001): 519 0 -0.109268000
D/UDP-TIMING(17001): 520 0 -0.111882000
D/UDP-TIMING(17001): 521 0 -0.114506000
D/UDP-TIMING(17001): 522 0 -0.117122000
D/UDP-TIMING(17001): 523 0 -0.119742000
D/UDP-TIMING(17001): 524 0 -0.122362000
D/UDP-TIMING(17001): 525 0 -0.124961000
D/UDP-TIMING(17001): 526 0 -0.127585000
D/UDP-TIMING(17001): 527 0 -0.130207000
D/UDP-TIMING(17001): 528 0 -0.103567000
D/UDP-TIMING(17001): 529 0 -0.106186000
D/UDP-TIMING(17001): 530 0 -0.108901000
D/UDP-TIMING(17001): 531 0 -0.111548000
D/UDP-TIMING(17001): 532 0 -0.114225000
D/UDP-TIMING(17001): 533 0 -0.116907000
D/UDP-TIMING(17001): 534 0 -0.119579000
D/UDP-TIMING(17001): 535 0 -0.122212000
D/UDP-TIMING(17001): 536 0 -0.124834000
D/UDP-TIMING(17001): 537 0 -0.127425000
D/UDP-TIMING(17001): 538 0 -0.100077000
D/UDP-TIMING(17001): 539 0 -0.102695000
D/UDP-TIMING(17001): 540 0 -0.105277000
D/UDP-TIMING(17001): 541 0 -0.107909000
D/UDP-TIMING(17001): 542 0 -0.110588000
D/UDP-TIMING(17001): 543 0 -0.113322000
D/UDP-TIMING(17001): 544 0 -0.116008000
D/UDP-TIMING(17001): 545 0 -0.118656000
D/UDP-TIMING(17001): 546 0 -0.121332000
D/UDP-TIMING(17001): 547 0 -0.124007000
D/UDP-TIMING(17001): 548 0 -0.126726000
D/UDP-TIMING(17001): 549 0 -0.129422000
D/UDP-TIMING(17001): 550 0 -0.101774000
D/UDP-TIMING(17001): 551 0 -0.104465000
D/UDP-TIMING(17001): 552 0 -0.107156000
D/UDP-TIMING(17001): 553 0 -0.109793000
D/UDP-TIMING(17001): 554 0 -0.112423000
D/UDP-TIMING(17001): 555 0 -0.115084000
D/UDP-TIMING(17001): 556 0 -0.117786000
D/UDP-TIMING(17001): 557 0 -0.120472000
D/UDP-TIMING(17001): 558 0 -0.123118000
D/UDP-TIMING(17001): 559 0 -0.125808000
D/UDP-TIMING(17001): 560 0 -0.128497000
D/UDP-TIMING(17001): 561 0 -0.101530000
D/UDP-TIMING(17001): 562 0 -0.104123000
D/UDP-TIMING(17001): 563 0 -0.106752000
D/UDP-TIMING(17001): 564 0 -0.109396000
D/UDP-TIMING(17001): 565 0 -0.112153000
D/UDP-TIMING(17001): 566 0 -0.114843000
D/UDP-TIMING(17001): 567 0 -0.117512000
D/UDP-TIMING(17001): 568 0 -0.120145000
D/UDP-TIMING(17001): 569 0 -0.122776000
D/UDP-TIMING(17001): 570 0 -0.125409000
D/UDP-TIMING(17001): 571 0 -0.126635000
D/UDP-TIMING(17001): 572 0 -0.129266000
D/UDP-TIMING(17001): 573 0 -0.103000000
D/UDP-TIMING(17001): 574 0 -0.105679000
D/UDP-TIMING(17001): 575 0 -0.108360000
D/UDP-TIMING(17001): 576 0 -0.110993000
D/UDP-TIMING(17001): 577 0 -0.113680000
D/UDP-TIMING(17001): 578 0 -0.116370000
D/UDP-TIMING(17001): 579 0 -0.118921000
D/UDP-TIMING(17001): 580 0 -0.121597000
D/UDP-TIMING(17001): 581 0 -0.124293000
D/UDP-TIMING(17001): 582 0 -0.126983000
D/UDP-TIMING(17001): 583 0 -0.129571000
D/UDP-TIMING(17001): 584 0 -0.102628000
D/UDP-TIMING(17001): 585 0 -0.105318000
D/UDP-TIMING(17001): 586 0 -0.107998000
D/UDP-TIMING(17001): 587 0 -0.110599000
D/UDP-TIMING(17001): 588 0 -0.113232000
D/UDP-TIMING(17001): 589 0 -0.115858000
D/UDP-TIMING(17001): 590 0 -0.118486000
D/UDP-TIMING(17001): 591 0 -0.121107000
D/UDP-TIMING(17001): 592 0 -0.123733000
D/UDP-TIMING(17001): 593 0 -0.126329000
D/UDP-TIMING(17001): 594 0 -0.128954000
D/UDP-TIMING(17001): 595 0 -0.101034000
D/UDP-TIMING(17001): 596 0 -0.103680000
D/UDP-TIMING(17001): 597 0 -0.106359000
D/UDP-TIMING(17001): 598 0 -0.109002000
D/UDP-TIMING(17001): 599 0 -0.111637000
D/UDP-TIMING(17001): 600 0 -0.114313000
D/UDP-TIMING(17001): 601 0 -0.116999000
D/UDP-TIMING(17001): 602 0 -0.119666000
D/UDP-TIMING(17001): 603 0 -0.122349000
D/UDP-TIMING(17001): 604 0 -0.125032000
D/UDP-TIMING(17001): 605 0 -0.127721000
E/TrafficStats( 1673): [QCTMM]tryAll index=0
E/TrafficStats( 1673): [QCTMM]tryAll index=1
E/TrafficStats( 1673): [QCTMM]tryAll index=2
E/TrafficStats( 1673): [QCTMM]tryAll index=0
E/TrafficStats( 1673): [QCTMM]tryAll index=1
E/TrafficStats( 1673): [QCTMM]tryAll index=2
D/DATA    ( 1860): sentSinceLastRecv=0,watchdogTrigger=10,maxindex=0
D/UDP-TIMING(17001): 606 0 -0.125505000
D/UDP-TIMING(17001): 607 0 -0.128165000
D/UDP-TIMING(17001): 608 0 -0.128668000
D/UDP-TIMING(17001): 609 0 -0.106612000
D/UDP-TIMING(17001): 610 0 -0.109240000
D/UDP-TIMING(17001): 611 0 -0.111903000
D/UDP-TIMING(17001): 612 0 -0.114562000
D/UDP-TIMING(17001): 613 0 -0.117186000
D/UDP-TIMING(17001): 614 0 -0.119881000
D/UDP-TIMING(17001): 615 0 -0.122568000
D/UDP-TIMING(17001): 616 0 -0.125228000
D/UDP-TIMING(17001): 617 0 -0.127902000
D/UDP-TIMING(17001): 618 0 -0.124793000
D/UDP-TIMING(17001): 619 0 -0.126851000
D/UDP-TIMING(17001): 620 0 -0.129519000
D/UDP-TIMING(17001): 621 0 -0.108484000
D/UDP-TIMING(17001): 622 0 -0.111172000
D/UDP-TIMING(17001): 623 0 -0.113833000
D/UDP-TIMING(17001): 624 0 -0.116522000
D/UDP-TIMING(17001): 625 0 -0.089549000
D/UDP-TIMING(17001): 626 0 -0.092233000
D/UDP-TIMING(17001): 627 0 -0.094894000
D/UDP-TIMING(17001): 628 0 -0.097589000
D/UDP-TIMING(17001): 629 0 -0.100250000
D/UDP-TIMING(17001): 630 0 -0.102878000
D/UDP-TIMING(17001): 631 0 -0.105567000
D/UDP-TIMING(17001): 632 0 -0.108259000
D/UDP-TIMING(17001): 633 0 -0.110859000
D/UDP-TIMING(17001): 634 0 -0.113549000
D/UDP-TIMING(17001): 635 0 -0.116181000
D/UDP-TIMING(17001): 636 0 -0.118858000
D/UDP-TIMING(17001): 637 0 -0.121537000
D/UDP-TIMING(17001): 638 0 -0.124218000
D/UDP-TIMING(17001): 639 0 -0.126870000
D/UDP-TIMING(17001): 640 0 -0.129555000
D/UDP-TIMING(17001): 641 0 -0.101940000
D/UDP-TIMING(17001): 642 0 -0.104624000
D/UDP-TIMING(17001): 643 0 -0.107313000
D/UDP-TIMING(17001): 644 0 -0.109914000
D/UDP-TIMING(17001): 645 0 -0.112600000
D/UDP-TIMING(17001): 646 0 -0.115290000
D/UDP-TIMING(17001): 647 0 -0.117981000
D/UDP-TIMING(17001): 648 0 -0.120670000
D/UDP-TIMING(17001): 649 0 -0.123315000
D/UDP-TIMING(17001): 650 0 -0.126004000
D/UDP-TIMING(17001): 651 0 -0.128687000
D/UDP-TIMING(17001): 652 0 -0.131353000
D/UDP-TIMING(17001): 653 0 -0.104156000
D/UDP-TIMING(17001): 654 0 -0.106785000
D/UDP-TIMING(17001): 655 0 -0.109368000
D/UDP-TIMING(17001): 656 0 -0.112000000
D/UDP-TIMING(17001): 657 0 -0.114628000
D/UDP-TIMING(17001): 658 0 -0.117255000
D/UDP-TIMING(17001): 659 0 -0.119935000
D/UDP-TIMING(17001): 660 0 -0.122592000
D/UDP-TIMING(17001): 661 0 -0.125284000
D/UDP-TIMING(17001): 662 0 -0.127977000
D/UDP-TIMING(17001): 663 0 -0.130609000
D/UDP-TIMING(17001): 664 0 -0.103259000
D/UDP-TIMING(17001): 665 0 -0.105951000
D/UDP-TIMING(17001): 666 0 -0.108606000
D/UDP-TIMING(17001): 667 0 -0.111287000
D/UDP-TIMING(17001): 668 0 -0.113968000
D/UDP-TIMING(17001): 669 0 -0.116651000
D/UDP-TIMING(17001): 670 0 -0.119331000
D/UDP-TIMING(17001): 671 0 -0.122012000
D/UDP-TIMING(17001): 672 0 -0.124669000
D/UDP-TIMING(17001): 673 0 -0.097791000
D/UDP-TIMING(17001): 674 0 -0.100472000
D/UDP-TIMING(17001): 675 0 -0.103160000
D/UDP-TIMING(17001): 676 0 -0.105876000
D/UDP-TIMING(17001): 677 0 -0.108531000
D/UDP-TIMING(17001): 678 0 -0.111166000
D/UDP-TIMING(17001): 679 0 -0.113796000
D/UDP-TIMING(17001): 680 0 -0.116422000
D/UDP-TIMING(17001): 681 0 -0.119094000
D/UDP-TIMING(17001): 682 0 -0.121707000
D/UDP-TIMING(17001): 683 0 -0.094025000
D/UDP-TIMING(17001): 684 0 -0.096654000
D/UDP-TIMING(17001): 685 0 -0.099300000
D/UDP-TIMING(17001): 686 0 -0.101930000
D/UDP-TIMING(17001): 687 0 -0.104553000
D/UDP-TIMING(17001): 688 0 -0.107175000
D/UDP-TIMING(17001): 689 0 -0.109772000
D/UDP-TIMING(17001): 690 0 -0.112397000
D/UDP-TIMING(17001): 691 0 -0.115021000
D/UDP-TIMING(17001): 692 0 -0.117698000
D/UDP-TIMING(17001): 693 0 -0.120375000
D/UDP-TIMING(17001): 694 0 -0.123068000
D/UDP-TIMING(17001): 695 0 -0.125727000
D/UDP-TIMING(17001): 696 0 -0.098811000
D/UDP-TIMING(17001): 697 0 -0.101441000
D/UDP-TIMING(17001): 698 0 -0.104071000
D/UDP-TIMING(17001): 699 0 -0.106693000
D/UDP-TIMING(17001): 700 0 -0.109314000
D/UDP-TIMING(17001): 701 0 -0.111907000
D/UDP-TIMING(17001): 702 0 -0.114586000
D/UDP-TIMING(17001): 703 0 -0.117264000
D/UDP-TIMING(17001): 704 0 -0.119935000
D/UDP-TIMING(17001): 705 0 -0.122599000
D/UDP-TIMING(17001): 706 0 -0.125275000
E/TrafficStats( 1673): [QCTMM]tryAll index=0
E/TrafficStats( 1673): [QCTMM]tryAll index=1
E/TrafficStats( 1673): [QCTMM]tryAll index=2
E/TrafficStats( 1673): [QCTMM]tryAll index=0
E/TrafficStats( 1673): [QCTMM]tryAll index=1
E/TrafficStats( 1673): [QCTMM]tryAll index=2
D/DATA    ( 1860): sentSinceLastRecv=0,watchdogTrigger=10,maxindex=0
D/UDP-TIMING(17001): 707 0 -0.126843000
D/UDP-TIMING(17001): 708 0 -0.129524000
D/UDP-TIMING(17001): 709 0 -0.110514000
D/UDP-TIMING(17001): 710 0 -0.113200000
D/UDP-TIMING(17001): 711 0 -0.115863000
D/UDP-TIMING(17001): 712 0 -0.118535000
D/UDP-TIMING(17001): 713 0 -0.121176000
D/UDP-TIMING(17001): 714 0 -0.094172000
D/UDP-TIMING(17001): 715 0 -0.096853000
D/UDP-TIMING(17001): 716 0 -0.099543000
D/UDP-TIMING(17001): 717 0 -0.102198000
D/UDP-TIMING(17001): 718 0 -0.104816000
D/UDP-TIMING(17001): 719 0 -0.107392000
D/UDP-TIMING(17001): 720 0 -0.110002000
D/UDP-TIMING(17001): 721 0 -0.112671000
D/UDP-TIMING(17001): 722 0 -0.115294000
D/UDP-TIMING(17001): 723 0 -0.117968000
D/UDP-TIMING(17001): 724 0 -0.120578000
D/UDP-TIMING(17001): 725 0 -0.123268000
D/UDP-TIMING(17001): 726 0 -0.125956000
D/UDP-TIMING(17001): 727 0 -0.128651000
D/UDP-TIMING(17001): 728 0 -0.131289000
D/UDP-TIMING(17001): 729 0 -0.103810000
D/UDP-TIMING(17001): 730 0 -0.106498000
D/UDP-TIMING(17001): 731 0 -0.109186000
D/UDP-TIMING(17001): 732 0 -0.111868000
D/UDP-TIMING(17001): 733 0 -0.114473000
D/UDP-TIMING(17001): 734 0 -0.117170000
D/UDP-TIMING(17001): 735 0 -0.119863000
D/UDP-TIMING(17001): 736 0 -0.122551000
D/UDP-TIMING(17001): 737 0 -0.125242000
D/UDP-TIMING(17001): 738 0 -0.127898000
D/UDP-TIMING(17001): 739 0 -0.130525000
D/UDP-TIMING(17001): 740 0 -0.103554000
D/UDP-TIMING(17001): 741 0 -0.106243000
D/UDP-TIMING(17001): 742 0 -0.108964000
D/UDP-TIMING(17001): 743 0 -0.111599000
D/UDP-TIMING(17001): 744 0 -0.114229000
D/UDP-TIMING(17001): 745 0 -0.116834000
D/UDP-TIMING(17001): 746 0 -0.119514000
D/UDP-TIMING(17001): 747 0 -0.122196000
D/UDP-TIMING(17001): 748 0 -0.124798000
D/UDP-TIMING(17001): 749 0 -0.127424000
D/UDP-TIMING(17001): 750 0 -0.130061000
D/UDP-TIMING(17001): 751 0 -0.102750000
D/UDP-TIMING(17001): 752 0 -0.105375000
D/UDP-TIMING(17001): 753 0 -0.108059000
D/UDP-TIMING(17001): 754 0 -0.110690000
D/UDP-TIMING(17001): 755 0 -0.113289000
D/UDP-TIMING(17001): 756 0 -0.115972000
D/UDP-TIMING(17001): 757 0 -0.118664000
D/UDP-TIMING(17001): 758 0 -0.121337000
D/UDP-TIMING(17001): 759 0 -0.124028000
D/UDP-TIMING(17001): 760 0 -0.126720000
D/UDP-TIMING(17001): 761 0 -0.129425000
D/UDP-TIMING(17001): 762 0 -0.130500000
D/UDP-TIMING(17001): 763 0 -0.104471000
D/UDP-TIMING(17001): 764 0 -0.107095000
D/UDP-TIMING(17001): 765 0 -0.109715000
D/UDP-TIMING(17001): 766 0 -0.112342000
D/UDP-TIMING(17001): 767 0 -0.114967000
D/UDP-TIMING(17001): 768 0 -0.117560000
D/UDP-TIMING(17001): 769 0 -0.120244000
D/UDP-TIMING(17001): 770 0 -0.122933000
D/UDP-TIMING(17001): 771 0 -0.125614000
