D/UDP-TIMING(17001): 4041 0 -0.130485000
D/UDP-TIMING(17001): 4042 0 -0.112051000
D/UDP-TIMING(17001): 4043 0 -0.114767000
D/UDP-TIMING(17001): 4044 0 -0.117495000
D/UDP-TIMING(17001): 4045 0 -0.120169000
D/UDP-TIMING(17001): 4046 0 -0.122881000
D/UDP-TIMING(17001): 4047 0 -0.125617000
D/UDP-TIMING(17001): 4048 0 -0.128357000
D/UDP-TIMING(17001): 4049 0 -0.131063000
D/UDP-TIMING(17001): 4050 0 -0.103647000
D/UDP-TIMING(17001): 4051 0 -0.106298000
D/UDP-TIMING(17001): 4052 0 -0.108920000
D/UDP-TIMING(17001): 4053 0 -0.111577000
D/UDP-TIMING(17001): 4054 0 -0.114233000
D/UDP-TIMING(17001): 4055 0 -0.116960000
D/UDP-TIMING(17001): 4056 0 -0.119686000
D/UDP-TIMING(17001): 4057 0 -0.122393000
D/UDP-TIMING(17001): 4058 0 -0.125131000
D/UDP-TIMING(17001): 4059 0 -0.127875000
D/UDP-TIMING(17001): 4060 0 -0.130594000
D/UDP-TIMING(17001): 4061 0 -0.102905000
D/UDP-TIMING(17001): 4062 0 -0.105652000
D/UDP-TIMING(17001): 4063 0 -0.108398000
D/UDP-TIMING(17001): 4064 0 -0.111116000
D/UDP-TIMING(17001): 4065 0 -0.113771000
D/UDP-TIMING(17001): 4066 0 -0.116457000
D/UDP-TIMING(17001): 4067 0 -0.119129000
D/UDP-TIMING(17001): 4068 0 -0.121818000
D/UDP-TIMING(17001): 4069 0 -0.124560000
D/UDP-TIMING(17001): 4070 0 -0.127308000
D/UDP-TIMING(17001): 4071 0 -0.130014000
D/UDP-TIMING(17001): 4072 0 -0.103221000
D/UDP-TIMING(17001): 4073 0 -0.105875000
D/UDP-TIMING(17001): 4074 0 -0.108526000
D/UDP-TIMING(17001): 4075 0 -0.111180000
D/UDP-TIMING(17001): 4076 0 -0.113804000
D/UDP-TIMING(17001): 4077 0 -0.116453000
D/UDP-TIMING(17001): 4078 0 -0.119129000
D/UDP-TIMING(17001): 4079 0 -0.121809000
D/UDP-TIMING(17001): 4080 0 -0.124540000
D/UDP-TIMING(17001): 4081 0 -0.127285000
D/UDP-TIMING(17001): 4082 0 -0.129931000
D/UDP-TIMING(17001): 4083 0 -0.102936000
D/UDP-TIMING(17001): 4084 0 -0.105610000
D/UDP-TIMING(17001): 4085 0 -0.108296000
D/UDP-TIMING(17001): 4086 0 -0.110949000
D/UDP-TIMING(17001): 4087 0 -0.113577000
D/UDP-TIMING(17001): 4088 0 -0.116243000
D/UDP-TIMING(17001): 4089 0 -0.118910000
D/UDP-TIMING(17001): 4090 0 -0.121572000
D/UDP-TIMING(17001): 4091 0 -0.124300000
D/UDP-TIMING(17001): 4092 0 -0.127052000
D/UDP-TIMING(17001): 4093 0 -0.129753000
D/UDP-TIMING(17001): 4094 0 -0.102134000
D/UDP-TIMING(17001): 4095 0 -0.104824000
D/UDP-TIMING(17001): 4096 0 -0.107516000
D/UDP-TIMING(17001): 4097 0 -0.110219000
D/UDP-TIMING(17001): 4098 0 -0.112924000
D/UDP-TIMING(17001): 4099 0 -0.115671000
D/UDP-TIMING(17001): 4100 0 -0.118409000
D/UDP-TIMING(17001): 4101 0 -0.121159000
D/UDP-TIMING(17001): 4102 0 -0.094248000
D/UDP-TIMING(17001): 4103 0 -0.096983000
D/UDP-TIMING(17001): 4104 0 -0.099734000
D/UDP-TIMING(17001): 4105 0 -0.102318000
D/UDP-TIMING(17001): 4106 0 -0.105009000
D/UDP-TIMING(17001): 4107 0 -0.107692000
D/UDP-TIMING(17001): 4108 0 -0.110424000
D/UDP-TIMING(17001): 4109 0 -0.113218000
D/UDP-TIMING(17001): 4110 0 -0.115956000
D/UDP-TIMING(17001): 4111 0 -0.118707000
D/UDP-TIMING(17001): 4112 0 -0.121429000
D/UDP-TIMING(17001): 4113 0 -0.093985000
D/UDP-TIMING(17001): 4114 0 -0.096722000
D/UDP-TIMING(17001): 4115 0 -0.099461000
D/UDP-TIMING(17001): 4116 0 -0.102207000
D/UDP-TIMING(17001): 4117 0 -0.104953000
D/UDP-TIMING(17001): 4118 0 -0.107696000
D/UDP-TIMING(17001): 4119 0 -0.110409000
D/UDP-TIMING(17001): 4120 0 -0.113100000
D/UDP-TIMING(17001): 4121 0 -0.115779000
D/UDP-TIMING(17001): 4122 0 -0.118518000
D/UDP-TIMING(17001): 4123 0 -0.121264000
D/UDP-TIMING(17001): 4124 0 -0.094348000
D/UDP-TIMING(17001): 4125 0 -0.097091000
D/UDP-TIMING(17001): 4126 0 -0.099812000
D/UDP-TIMING(17001): 4127 0 -0.102550000
D/UDP-TIMING(17001): 4128 0 -0.105287000
D/UDP-TIMING(17001): 4129 0 -0.108024000
D/UDP-TIMING(17001): 4130 0 -0.110766000
D/UDP-TIMING(17001): 4131 0 -0.113460000
D/UDP-TIMING(17001): 4132 0 -0.116115000
D/UDP-TIMING(17001): 4133 0 -0.118856000
D/UDP-TIMING(17001): 4134 0 -0.121598000
D/UDP-TIMING(17001): 4135 0 -0.124341000
D/UDP-TIMING(17001): 4136 0 -0.127087000
D/UDP-TIMING(17001): 4137 0 -0.129824000
D/UDP-TIMING(17001): 4138 0 -0.102368000
D/UDP-TIMING(17001): 4139 0 -0.105029000
D/UDP-TIMING(17001): 4140 0 -0.107715000
D/StatusBarPolicy( 1816): iconIndex=1
V/StatusBarPolicy( 1816): cdmaLevel:4;max:4
D/StatusBarPolicy( 1816): iconLevel:4
I/PhoneInfo( 2188): getCdmaLevel - cdmaDbm: -72 cdmaEcio:-80
I/PhoneInfo( 2188): getEvdoLevel - evdoDbm: -120 evdoSnr:-1 evdoEcio:-1
I/PhoneInfo( 2188): getLteLevel - lteRsrp: -1 lteCqi:-1
E/TrafficStats( 1673): [QCTMM]tryAll index=0
E/TrafficStats( 1673): [QCTMM]tryAll index=1
E/TrafficStats( 1673): [QCTMM]tryAll index=2
E/TrafficStats( 1673): [QCTMM]tryAll index=0
E/TrafficStats( 1673): [QCTMM]tryAll index=1
E/TrafficStats( 1673): [QCTMM]tryAll index=2
D/DATA    ( 1860): sentSinceLastRecv=0,watchdogTrigger=10,maxindex=0
D/UDP-TIMING(17001): 4141 0 -0.124413000
D/UDP-TIMING(17001): 4142 0 -0.127155000
D/UDP-TIMING(17001): 4143 0 -0.129870000
D/UDP-TIMING(17001): 4144 0 -0.106551000
D/UDP-TIMING(17001): 4145 0 -0.109280000
D/UDP-TIMING(17001): 4146 0 -0.111949000
D/UDP-TIMING(17001): 4147 0 -0.114620000
D/UDP-TIMING(17001): 4148 0 -0.117338000
D/UDP-TIMING(17001): 4149 0 -0.120085000
D/UDP-TIMING(17001): 4150 0 -0.122822000
D/UDP-TIMING(17001): 4151 0 -0.125567000
D/UDP-TIMING(17001): 4152 0 -0.128224000
D/UDP-TIMING(17001): 4153 0 -0.100638000
D/UDP-TIMING(17001): 4154 0 -0.103297000
D/UDP-TIMING(17001): 4155 0 -0.105987000
D/UDP-TIMING(17001): 4156 0 -0.108675000
D/UDP-TIMING(17001): 4157 0 -0.111417000
D/UDP-TIMING(17001): 4158 0 -0.114132000
D/UDP-TIMING(17001): 4159 0 -0.116879000
D/UDP-TIMING(17001): 4160 0 -0.119682000
D/UDP-TIMING(17001): 4161 0 -0.122425000
D/UDP-TIMING(17001): 4162 0 -0.125176000
D/UDP-TIMING(17001): 4163 0 -0.127923000
D/UDP-TIMING(17001): 4164 0 -0.130636000
D/UDP-TIMING(17001): 4165 0 -0.103822000
D/UDP-TIMING(17001): 4166 0 -0.106514000
D/UDP-TIMING(17001): 4167 0 -0.109201000
D/UDP-TIMING(17001): 4168 0 -0.111847000
D/UDP-TIMING(17001): 4169 0 -0.114536000
D/UDP-TIMING(17001): 4170 0 -0.117222000
D/UDP-TIMING(17001): 4171 0 -0.089843000
D/UDP-TIMING(17001): 4172 0 -0.092529000
D/UDP-TIMING(17001): 4173 0 -0.095216000
D/UDP-TIMING(17001): 4174 0 -0.097902000
D/UDP-TIMING(17001): 4175 0 -0.100669000
D/UDP-TIMING(17001): 4176 0 -0.103414000
D/UDP-TIMING(17001): 4177 0 -0.106131000
D/UDP-TIMING(17001): 4178 0 -0.108874000
D/UDP-TIMING(17001): 4179 0 -0.111571000
D/UDP-TIMING(17001): 4180 0 -0.114264000
D/UDP-TIMING(17001): 4181 0 -0.116951000
D/UDP-TIMING(17001): 4182 0 -0.119637000
D/UDP-TIMING(17001): 4183 0 -0.122279000
D/UDP-TIMING(17001): 4184 0 -0.095035000
D/UDP-TIMING(17001): 4185 0 -0.097691000
D/UDP-TIMING(17001): 4186 0 -0.100432000
D/UDP-TIMING(17001): 4187 0 -0.103179000
D/UDP-TIMING(17001): 4188 0 -0.105921000
D/UDP-TIMING(17001): 4189 0 -0.108666000
D/UDP-TIMING(17001): 4190 0 -0.111380000
D/UDP-TIMING(17001): 4191 0 -0.114079000
D/UDP-TIMING(17001): 4192 0 -0.116778000
D/UDP-TIMING(17001): 4193 0 -0.119471000
D/UDP-TIMING(17001): 4194 0 -0.122167000
D/UDP-TIMING(17001): 4195 0 -0.094958000
D/UDP-TIMING(17001): 4196 0 -0.097656000
D/UDP-TIMING(17001): 4197 0 -0.100296000
D/UDP-TIMING(17001): 4198 0 -0.102992000
D/UDP-TIMING(17001): 4199 0 -0.105692000
D/UDP-TIMING(17001): 4200 0 -0.108390000
D/UDP-TIMING(17001): 4201 0 -0.111090000
D/UDP-TIMING(17001): 4202 0 -0.113785000
D/UDP-TIMING(17001): 4203 0 -0.116454000
D/UDP-TIMING(17001): 4204 0 -0.119153000
D/UDP-TIMING(17001): 4205 0 -0.121852000
D/UDP-TIMING(17001): 4206 0 -0.124550000
D/UDP-TIMING(17001): 4207 0 -0.096975000
D/UDP-TIMING(17001): 4208 0 -0.099644000
D/UDP-TIMING(17001): 4209 0 -0.102342000
D/UDP-TIMING(17001): 4210 0 -0.105041000
D/UDP-TIMING(17001): 4211 0 -0.107740000
D/UDP-TIMING(17001): 4212 0 -0.110437000
D/UDP-TIMING(17001): 4213 0 -0.113100000
D/UDP-TIMING(17001): 4214 0 -0.115857000
D/UDP-TIMING(17001): 4215 0 -0.118552000
D/UDP-TIMING(17001): 4216 0 -0.121270000
D/UDP-TIMING(17001): 4217 0 -0.123969000
D/UDP-TIMING(17001): 4218 0 -0.126665000
D/UDP-TIMING(17001): 4219 0 -0.129334000
D/UDP-TIMING(17001): 4220 0 -0.102058000
D/UDP-TIMING(17001): 4221 0 -0.104714000
D/UDP-TIMING(17001): 4222 0 -0.107365000
D/UDP-TIMING(17001): 4223 0 -0.110058000
D/UDP-TIMING(17001): 4224 0 -0.112725000
D/UDP-TIMING(17001): 4225 0 -0.115421000
D/UDP-TIMING(17001): 4226 0 -0.118117000
D/UDP-TIMING(17001): 4227 0 -0.120852000
D/UDP-TIMING(17001): 4228 0 -0.123505000
D/UDP-TIMING(17001): 4229 0 -0.126151000
D/UDP-TIMING(17001): 4230 0 -0.128770000
D/UDP-TIMING(17001): 4231 0 -0.131462000
D/UDP-TIMING(17001): 4232 0 -0.104284000
D/UDP-TIMING(17001): 4233 0 -0.106983000
D/UDP-TIMING(17001): 4234 0 -0.109619000
D/UDP-TIMING(17001): 4235 0 -0.112274000
D/UDP-TIMING(17001): 4236 0 -0.114925000
D/UDP-TIMING(17001): 4237 0 -0.117575000
D/UDP-TIMING(17001): 4238 0 -0.120195000
D/UDP-TIMING(17001): 4239 0 -0.122887000
D/UDP-TIMING(17001): 4240 0 -0.125555000
D/UDP-TIMING(17001): 4241 0 -0.128255000
E/TrafficStats( 1673): [QCTMM]tryAll index=0
E/TrafficStats( 1673): [QCTMM]tryAll index=1
E/TrafficStats( 1673): [QCTMM]tryAll index=2
E/TrafficStats( 1673): [QCTMM]tryAll index=0
E/TrafficStats( 1673): [QCTMM]tryAll index=1
E/TrafficStats( 1673): [QCTMM]tryAll index=2
D/DATA    ( 1860): sentSinceLastRecv=0,watchdogTrigger=10,maxindex=0
D/UDP-TIMING(17001): 4242 0 -0.106886000
D/UDP-TIMING(17001): 4243 0 -0.109555000
D/UDP-TIMING(17001): 4244 0 -0.112252000
D/UDP-TIMING(17001): 4245 0 -0.114943000
D/UDP-TIMING(17001): 4246 0 -0.117637000
D/UDP-TIMING(17001): 4247 0 -0.120330000
D/UDP-TIMING(17001): 4248 0 -0.123095000
D/UDP-TIMING(17001): 4249 0 -0.121334000
D/UDP-TIMING(17001): 4250 0 -0.124009000
D/UDP-TIMING(17001): 4251 0 -0.126708000
D/UDP-TIMING(17001): 4252 0 -0.127326000
D/UDP-TIMING(17001): 4253 0 -0.129984000
D/UDP-TIMING(17001): 4254 0 -0.111301000
D/UDP-TIMING(17001): 4255 0 -0.113968000
D/UDP-TIMING(17001): 4256 0 -0.116657000
D/UDP-TIMING(17001): 4257 0 -0.119353000
D/UDP-TIMING(17001): 4258 0 -0.122052000
D/UDP-TIMING(17001): 4259 0 -0.124750000
D/UDP-TIMING(17001): 4260 0 -0.127419000
D/UDP-TIMING(17001): 4261 0 -0.130118000
D/UDP-TIMING(17001): 4262 0 -0.102576000
D/UDP-TIMING(17001): 4263 0 -0.105289000
D/UDP-TIMING(17001): 4264 0 -0.107992000
D/UDP-TIMING(17001): 4265 0 -0.110690000
D/UDP-TIMING(17001): 4266 0 -0.113376000
D/UDP-TIMING(17001): 4267 0 -0.116092000
D/UDP-TIMING(17001): 4268 0 -0.118808000
D/UDP-TIMING(17001): 4269 0 -0.121513000
D/UDP-TIMING(17001): 4270 0 -0.124212000
D/UDP-TIMING(17001): 4271 0 -0.126911000
D/UDP-TIMING(17001): 4272 0 -0.129527000
D/UDP-TIMING(17001): 4273 0 -0.102626000
D/UDP-TIMING(17001): 4274 0 -0.105325000
D/UDP-TIMING(17001): 4275 0 -0.108022000
D/UDP-TIMING(17001): 4276 0 -0.110721000
D/UDP-TIMING(17001): 4277 0 -0.113389000
D/UDP-TIMING(17001): 4278 0 -0.116054000
D/UDP-TIMING(17001): 4279 0 -0.118749000
D/UDP-TIMING(17001): 4280 0 -0.121446000
D/UDP-TIMING(17001): 4281 0 -0.124145000
D/UDP-TIMING(17001): 4282 0 -0.126841000
D/UDP-TIMING(17001): 4283 0 -0.129510000
D/UDP-TIMING(17001): 4284 0 -0.131140000
D/UDP-TIMING(17001): 4285 0 -0.104694000
D/UDP-TIMING(17001): 4286 0 -0.107394000
D/UDP-TIMING(17001): 4287 0 -0.110069000
D/UDP-TIMING(17001): 4288 0 -0.112767000
D/UDP-TIMING(17001): 4289 0 -0.115436000
D/UDP-TIMING(17001): 4290 0 -0.118132000
D/UDP-TIMING(17001): 4291 0 -0.120832000
D/UDP-TIMING(17001): 4292 0 -0.123528000
D/UDP-TIMING(17001): 4293 0 -0.126223000
D/UDP-TIMING(17001): 4294 0 -0.128923000
D/UDP-TIMING(17001): 4295 0 -0.131588000
D/UDP-TIMING(17001): 4296 0 -0.104624000
D/UDP-TIMING(17001): 4297 0 -0.107323000
D/UDP-TIMING(17001): 4298 0 -0.109959000
D/UDP-TIMING(17001): 4299 0 -0.112672000
D/UDP-TIMING(17001): 4300 0 -0.115371000
D/UDP-TIMING(17001): 4301 0 -0.118069000
D/UDP-TIMING(17001): 4302 0 -0.120736000
D/UDP-TIMING(17001): 4303 0 -0.123433000
D/UDP-TIMING(17001): 4304 0 -0.126132000
D/UDP-TIMING(17001): 4305 0 -0.128830000
D/UDP-TIMING(17001): 4306 0 -0.131529000
D/UDP-TIMING(17001): 4307 0 -0.103954000
D/UDP-TIMING(17001): 4308 0 -0.106623000
D/UDP-TIMING(17001): 4309 0 -0.109384000
D/UDP-TIMING(17001): 4310 0 -0.112083000
D/UDP-TIMING(17001): 4311 0 -0.114782000
D/UDP-TIMING(17001): 4312 0 -0.117525000
D/UDP-TIMING(17001): 4313 0 -0.120242000
D/UDP-TIMING(17001): 4314 0 -0.122985000
D/UDP-TIMING(17001): 4315 0 -0.125733000
D/UDP-TIMING(17001): 4316 0 -0.128477000
D/UDP-TIMING(17001): 4317 0 -0.131224000
D/UDP-TIMING(17001): 4318 0 -0.104399000
D/UDP-TIMING(17001): 4319 0 -0.107111000
D/UDP-TIMING(17001): 4320 0 -0.109837000
D/UDP-TIMING(17001): 4321 0 -0.112585000
D/UDP-TIMING(17001): 4322 0 -0.115331000
D/UDP-TIMING(17001): 4323 0 -0.118077000
D/UDP-TIMING(17001): 4324 0 -0.120820000
D/UDP-TIMING(17001): 4325 0 -0.123533000
D/UDP-TIMING(17001): 4326 0 -0.126278000
D/UDP-TIMING(17001): 4327 0 -0.129025000
D/UDP-TIMING(17001): 4328 0 -0.101097000
D/UDP-TIMING(17001): 4329 0 -0.103842000
D/UDP-TIMING(17001): 4330 0 -0.106588000
D/UDP-TIMING(17001): 4331 0 -0.109361000
D/UDP-TIMING(17001): 4332 0 -0.112107000
D/UDP-TIMING(17001): 4333 0 -0.114852000
D/UDP-TIMING(17001): 4334 0 -0.117605000
D/UDP-TIMING(17001): 4335 0 -0.120350000
D/UDP-TIMING(17001): 4336 0 -0.123097000
D/UDP-TIMING(17001): 4337 0 -0.125812000
D/UDP-TIMING(17001): 4338 0 -0.128559000
D/UDP-TIMING(17001): 4339 0 -0.131302000
D/UDP-TIMING(17001): 4340 0 -0.104873000
D/UDP-TIMING(17001): 4341 0 -0.107585000
D/UDP-TIMING(17001): 4342 0 -0.110334000
E/TrafficStats( 1673): [QCTMM]tryAll index=0
E/TrafficStats( 1673): [QCTMM]tryAll index=1
E/TrafficStats( 1673): [QCTMM]tryAll index=2
E/TrafficStats( 1673): [QCTMM]tryAll index=0
E/TrafficStats( 1673): [QCTMM]tryAll index=1
E/TrafficStats( 1673): [QCTMM]tryAll index=2
D/DATA    ( 1860): sentSinceLastRecv=0,watchdogTrigger=10,maxindex=0
D/UDP-TIMING(17001): 4343 0 -0.126548000
D/UDP-TIMING(17001): 4344 0 -0.103110000
D/UDP-TIMING(17001): 4345 0 -0.105824000
D/UDP-TIMING(17001): 4346 0 -0.108571000
D/UDP-TIMING(17001): 4347 0 -0.111311000
D/UDP-TIMING(17001): 4348 0 -0.114060000
D/UDP-TIMING(17001): 4349 0 -0.116805000
D/UDP-TIMING(17001): 4350 0 -0.119548000
D/UDP-TIMING(17001): 4351 0 -0.122262000
D/UDP-TIMING(17001): 4352 0 -0.125009000
D/UDP-TIMING(17001): 4353 0 -0.127747000
D/UDP-TIMING(17001): 4354 0 -0.100740000
D/UDP-TIMING(17001): 4355 0 -0.103431000
D/UDP-TIMING(17001): 4356 0 -0.106091000
D/UDP-TIMING(17001): 4357 0 -0.108774000
D/UDP-TIMING(17001): 4358 0 -0.111424000
D/UDP-TIMING(17001): 4359 0 -0.114075000
D/UDP-TIMING(17001): 4360 0 -0.116811000
D/UDP-TIMING(17001): 4361 0 -0.119548000
D/UDP-TIMING(17001): 4362 0 -0.122270000
D/UDP-TIMING(17001): 4363 0 -0.125021000
D/UDP-TIMING(17001): 4364 0 -0.127773000
D/UDP-TIMING(17001): 4365 0 -0.130473000
D/UDP-TIMING(17001): 4366 0 -0.102891000
D/UDP-TIMING(17001): 4367 0 -0.105576000
D/UDP-TIMING(17001): 4368 0 -0.108266000
D/UDP-TIMING(17001): 4369 0 -0.111007000
D/UDP-TIMING(17001): 4370 0 -0.113720000
D/UDP-TIMING(17001): 4371 0 -0.116471000
D/UDP-TIMING(17001): 4372 0 -0.119209000
D/UDP-TIMING(17001): 4373 0 -0.121952000
D/UDP-TIMING(17001): 4374 0 -0.124698000
D/UDP-TIMING(17001): 4375 0 -0.127441000
D/UDP-TIMING(17001): 4376 0 -0.130183000
D/UDP-TIMING(17001): 4377 0 -0.103257000
D/UDP-TIMING(17001): 4378 0 -0.105956000
D/UDP-TIMING(17001): 4379 0 -0.108655000
D/UDP-TIMING(17001): 4380 0 -0.111354000
D/UDP-TIMING(17001): 4381 0 -0.114050000
D/UDP-TIMING(17001): 4382 0 -0.116749000
D/UDP-TIMING(17001): 4383 0 -0.119417000
D/UDP-TIMING(17001): 4384 0 -0.122120000
D/UDP-TIMING(17001): 4385 0 -0.124823000
D/UDP-TIMING(17001): 4386 0 -0.127570000
D/UDP-TIMING(17001): 4387 0 -0.130307000
D/UDP-TIMING(17001): 4388 0 -0.102715000
D/UDP-TIMING(17001): 4389 0 -0.105412000
D/UDP-TIMING(17001): 4390 0 -0.108115000
D/UDP-TIMING(17001): 4391 0 -0.110814000
D/UDP-TIMING(17001): 4392 0 -0.113513000
D/UDP-TIMING(17001): 4393 0 -0.116209000
D/UDP-TIMING(17001): 4394 0 -0.118874000
D/UDP-TIMING(17001): 4395 0 -0.121573000
D/UDP-TIMING(17001): 4396 0 -0.124316000
D/UDP-TIMING(17001): 4397 0 -0.127064000
D/UDP-TIMING(17001): 4398 0 -0.129792000
D/UDP-TIMING(17001): 4399 0 -0.102972000
D/UDP-TIMING(17001): 4400 0 -0.105635000
D/UDP-TIMING(17001): 4401 0 -0.108323000
D/UDP-TIMING(17001): 4402 0 -0.111008000
D/UDP-TIMING(17001): 4403 0 -0.113692000
D/UDP-TIMING(17001): 4404 0 -0.116381000
D/UDP-TIMING(17001): 4405 0 -0.119068000
D/UDP-TIMING(17001): 4406 0 -0.121721000
D/UDP-TIMING(17001): 4407 0 -0.124405000
D/UDP-TIMING(17001): 4408 0 -0.127091000
D/UDP-TIMING(17001): 4409 0 -0.129777000
D/UDP-TIMING(17001): 4410 0 -0.102495000
D/UDP-TIMING(17001): 4411 0 -0.105151000
D/UDP-TIMING(17001): 4412 0 -0.107837000
D/UDP-TIMING(17001): 4413 0 -0.110574000
D/UDP-TIMING(17001): 4414 0 -0.113270000
D/UDP-TIMING(17001): 4415 0 -0.115966000
D/UDP-TIMING(17001): 4416 0 -0.118666000
D/UDP-TIMING(17001): 4417 0 -0.121334000
D/UDP-TIMING(17001): 4418 0 -0.093814000
D/UDP-TIMING(17001): 4419 0 -0.096509000
D/UDP-TIMING(17001): 4420 0 -0.099206000
D/UDP-TIMING(17001): 4421 0 -0.101874000
D/UDP-TIMING(17001): 4422 0 -0.104574000
D/UDP-TIMING(17001): 4423 0 -0.107321000
D/UDP-TIMING(17001): 4424 0 -0.109986000
D/UDP-TIMING(17001): 4425 0 -0.112685000
D/UDP-TIMING(17001): 4426 0 -0.115353000
D/UDP-TIMING(17001): 4427 0 -0.118052000
D/UDP-TIMING(17001): 4428 0 -0.120751000
D/UDP-TIMING(17001): 4429 0 -0.123447000
D/UDP-TIMING(17001): 4430 0 -0.126143000
D/UDP-TIMING(17001): 4431 0 -0.128890000
D/UDP-TIMING(17001): 4432 0 -0.101881000
D/UDP-TIMING(17001): 4433 0 -0.104622000
D/UDP-TIMING(17001): 4434 0 -0.107422000
D/UDP-TIMING(17001): 4435 0 -0.110144000
D/UDP-TIMING(17001): 4436 0 -0.112802000
D/UDP-TIMING(17001): 4437 0 -0.115487000
D/UDP-TIMING(17001): 4438 0 -0.118171000
D/UDP-TIMING(17001): 4439 0 -0.120852000
D/UDP-TIMING(17001): 4440 0 -0.123538000
D/UDP-TIMING(17001): 4441 0 -0.095872000
D/UDP-TIMING(17001): 4442 0 -0.098542000
D/UDP-TIMING(17001): 4443 0 -0.101235000
E/TrafficStats( 1673): [QCTMM]tryAll index=0
E/TrafficStats( 1673): [QCTMM]tryAll index=1
E/TrafficStats( 1673): [QCTMM]tryAll index=2
E/TrafficStats( 1673): [QCTMM]tryAll index=0
E/TrafficStats( 1673): [QCTMM]tryAll index=1
E/TrafficStats( 1673): [QCTMM]tryAll index=2
D/DATA    ( 1860): sentSinceLastRecv=0,watchdogTrigger=10,maxindex=0
D/UDP-TIMING(17001): 4444 0 -0.124186000
D/UDP-TIMING(17001): 4445 0 -0.126932000
D/UDP-TIMING(17001): 4446 0 -0.129678000
D/UDP-TIMING(17001): 4447 0 -0.110083000
D/UDP-TIMING(17001): 4448 0 -0.112816000
D/UDP-TIMING(17001): 4449 0 -0.115453000
D/UDP-TIMING(17001): 4450 0 -0.118118000
D/UDP-TIMING(17001): 4451 0 -0.120857000
D/UDP-TIMING(17001): 4452 0 -0.123604000
D/UDP-TIMING(17001): 4453 0 -0.126349000
D/UDP-TIMING(17001): 4454 0 -0.129075000
D/UDP-TIMING(17001): 4455 0 -0.127583000
D/UDP-TIMING(17001): 4456 0 -0.129457000
D/UDP-TIMING(17001): 4457 0 -0.131576000
D/UDP-TIMING(17001): 4458 0 -0.109649000
D/UDP-TIMING(17001): 4459 0 -0.112392000
D/UDP-TIMING(17001): 4460 0 -0.115138000
D/UDP-TIMING(17001): 4461 0 -0.117884000
D/UDP-TIMING(17001): 4462 0 -0.120595000
D/UDP-TIMING(17001): 4463 0 -0.123341000
D/UDP-TIMING(17001): 4464 0 -0.126088000
D/UDP-TIMING(17001): 4465 0 -0.128839000
D/UDP-TIMING(17001): 4466 0 -0.102042000
D/UDP-TIMING(17001): 4467 0 -0.104758000
D/UDP-TIMING(17001): 4468 0 -0.107504000
D/UDP-TIMING(17001): 4469 0 -0.110219000
D/UDP-TIMING(17001): 4470 0 -0.112965000
D/UDP-TIMING(17001): 4471 0 -0.115713000
D/UDP-TIMING(17001): 4472 0 -0.118459000
D/UDP-TIMING(17001): 4473 0 -0.121124000
D/UDP-TIMING(17001): 4474 0 -0.123822000
D/UDP-TIMING(17001): 4475 0 -0.126521000
D/UDP-TIMING(17001): 4476 0 -0.129220000
D/UDP-TIMING(17001): 4477 0 -0.101646000
D/UDP-TIMING(17001): 4478 0 -0.104314000
D/UDP-TIMING(17001): 4479 0 -0.107013000
D/UDP-TIMING(17001): 4480 0 -0.109723000
D/UDP-TIMING(17001): 4481 0 -0.112420000
D/UDP-TIMING(17001): 4482 0 -0.115119000
D/UDP-TIMING(17001): 4483 0 -0.117818000
D/UDP-TIMING(17001): 4484 0 -0.120484000
D/UDP-TIMING(17001): 4485 0 -0.123180000
D/UDP-TIMING(17001): 4486 0 -0.125879000
D/UDP-TIMING(17001): 4487 0 -0.128578000
D/UDP-TIMING(17001): 4488 0 -0.131277000
D/UDP-TIMING(17001): 4489 0 -0.104343000
D/UDP-TIMING(17001): 4490 0 -0.107088000
D/UDP-TIMING(17001): 4491 0 -0.109853000
D/UDP-TIMING(17001): 4492 0 -0.112552000
D/UDP-TIMING(17001): 4493 0 -0.115263000
D/UDP-TIMING(17001): 4494 0 -0.117897000
D/UDP-TIMING(17001): 4495 0 -0.120629000
D/UDP-TIMING(17001): 4496 0 -0.123337000
D/UDP-TIMING(17001): 4497 0 -0.126024000
D/UDP-TIMING(17001): 4498 0 -0.128711000
D/UDP-TIMING(17001): 4499 0 -0.131398000
D/UDP-TIMING(17001): 4500 0 -0.103751000
D/UDP-TIMING(17001): 4501 0 -0.106435000
D/UDP-TIMING(17001): 4502 0 -0.109119000
D/UDP-TIMING(17001): 4503 0 -0.111859000
D/UDP-TIMING(17001): 4504 0 -0.114575000
D/UDP-TIMING(17001): 4505 0 -0.117318000
D/UDP-TIMING(17001): 4506 0 -0.120014000
D/UDP-TIMING(17001): 4507 0 -0.122713000
D/UDP-TIMING(17001): 4508 0 -0.125409000
D/UDP-TIMING(17001): 4509 0 -0.128105000
D/UDP-TIMING(17001): 4510 0 -0.130767000
D/UDP-TIMING(17001): 4511 0 -0.103822000
D/UDP-TIMING(17001): 4512 0 -0.106442000
D/UDP-TIMING(17001): 4513 0 -0.109093000
D/UDP-TIMING(17001): 4514 0 -0.111783000
D/UDP-TIMING(17001): 4515 0 -0.114479000
D/UDP-TIMING(17001): 4516 0 -0.117178000
D/UDP-TIMING(17001): 4517 0 -0.119873000
D/UDP-TIMING(17001): 4518 0 -0.122542000
D/UDP-TIMING(17001): 4519 0 -0.125240000
D/UDP-TIMING(17001): 4520 0 -0.127936000
D/UDP-TIMING(17001): 4521 0 -0.130636000
D/UDP-TIMING(17001): 4522 0 -0.103123000
D/UDP-TIMING(17001): 4523 0 -0.105869000
D/UDP-TIMING(17001): 4524 0 -0.108616000
D/UDP-TIMING(17001): 4525 0 -0.111333000
D/UDP-TIMING(17001): 4526 0 -0.113964000
D/UDP-TIMING(17001): 4527 0 -0.116653000
D/UDP-TIMING(17001): 4528 0 -0.119307000
D/UDP-TIMING(17001): 4529 0 -0.121953000
D/UDP-TIMING(17001): 4530 0 -0.124634000
D/UDP-TIMING(17001): 4531 0 -0.127318000
D/UDP-TIMING(17001): 4532 0 -0.130018000
D/UDP-TIMING(17001): 4533 0 -0.102743000
D/UDP-TIMING(17001): 4534 0 -0.105461000
D/UDP-TIMING(17001): 4535 0 -0.108199000
D/UDP-TIMING(17001): 4536 0 -0.110951000
D/UDP-TIMING(17001): 4537 0 -0.113664000
D/UDP-TIMING(17001): 4538 0 -0.116367000
D/UDP-TIMING(17001): 4539 0 -0.119051000
D/UDP-TIMING(17001): 4540 0 -0.121718000
D/UDP-TIMING(17001): 4541 0 -0.124434000
D/UDP-TIMING(17001): 4542 0 -0.127151000
D/UDP-TIMING(17001): 4543 0 -0.100111000
D/UDP-TIMING(17001): 4544 0 -0.102809000
E/TrafficStats( 1673): [QCTMM]tryAll index=0
E/TrafficStats( 1673): [QCTMM]tryAll index=1
E/TrafficStats( 1673): [QCTMM]tryAll index=2
E/TrafficStats( 1673): [QCTMM]tryAll index=0
E/TrafficStats( 1673): [QCTMM]tryAll index=1
E/TrafficStats( 1673): [QCTMM]tryAll index=2
D/DATA    ( 1860): sentSinceLastRecv=0,watchdogTrigger=10,maxindex=0
D/UDP-TIMING(17001): 4545 0 -0.126613000
D/UDP-TIMING(17001): 4546 0 -0.129331000
D/UDP-TIMING(17001): 4547 0 -0.108735000
D/UDP-TIMING(17001): 4548 0 -0.111485000
D/UDP-TIMING(17001): 4549 0 -0.114222000
D/UDP-TIMING(17001): 4550 0 -0.116881000
D/UDP-TIMING(17001): 4551 0 -0.119676000
D/UDP-TIMING(17001): 4552 0 -0.122375000
D/UDP-TIMING(17001): 4553 0 -0.125132000
D/UDP-TIMING(17001): 4554 0 -0.127880000
D/UDP-TIMING(17001): 4555 0 -0.130552000
D/UDP-TIMING(17001): 4556 0 -0.103041000
D/UDP-TIMING(17001): 4557 0 -0.105789000
D/UDP-TIMING(17001): 4558 0 -0.108492000
D/UDP-TIMING(17001): 4559 0 -0.111220000
D/UDP-TIMING(17001): 4560 0 -0.113972000
D/UDP-TIMING(17001): 4561 0 -0.116720000
D/UDP-TIMING(17001): 4562 0 -0.119436000
D/UDP-TIMING(17001): 4563 0 -0.122091000
D/UDP-TIMING(17001): 4564 0 -0.124751000
D/UDP-TIMING(17001): 4565 0 -0.127447000
D/UDP-TIMING(17001): 4566 0 -0.130114000
D/UDP-TIMING(17001): 4567 0 -0.102969000
D/UDP-TIMING(17001): 4568 0 -0.105717000
D/UDP-TIMING(17001): 4569 0 -0.108468000
D/UDP-TIMING(17001): 4570 0 -0.111151000
D/UDP-TIMING(17001): 4571 0 -0.113854000
D/UDP-TIMING(17001): 4572 0 -0.116550000
D/UDP-TIMING(17001): 4573 0 -0.119260000
D/UDP-TIMING(17001): 4574 0 -0.121989000
D/UDP-TIMING(17001): 4575 0 -0.124725000
D/UDP-TIMING(17001): 4576 0 -0.127442000
D/UDP-TIMING(17001): 4577 0 -0.099923000
D/UDP-TIMING(17001): 4578 0 -0.102639000
D/UDP-TIMING(17001): 4579 0 -0.105387000
D/UDP-TIMING(17001): 4580 0 -0.108093000
D/UDP-TIMING(17001): 4581 0 -0.110756000
D/UDP-TIMING(17001): 4582 0 -0.113429000
D/UDP-TIMING(17001): 4583 0 -0.116080000
D/UDP-TIMING(17001): 4584 0 -0.118826000
D/UDP-TIMING(17001): 4585 0 -0.121499000
D/UDP-TIMING(17001): 4586 0 -0.124155000
D/UDP-TIMING(17001): 4587 0 -0.126831000
D/UDP-TIMING(17001): 4588 0 -0.129424000
D/UDP-TIMING(17001): 4589 0 -0.102888000
D/UDP-TIMING(17001): 4590 0 -0.105626000
D/UDP-TIMING(17001): 4591 0 -0.108376000
D/UDP-TIMING(17001): 4592 0 -0.111067000
D/UDP-TIMING(17001): 4593 0 -0.113757000
D/UDP-TIMING(17001): 4594 0 -0.116428000
D/UDP-TIMING(17001): 4595 0 -0.119124000
D/UDP-TIMING(17001): 4596 0 -0.121894000
D/UDP-TIMING(17001): 4597 0 -0.124633000
D/UDP-TIMING(17001): 4598 0 -0.127384000
D/UDP-TIMING(17001): 4599 0 -0.130119000
D/UDP-TIMING(17001): 4600 0 -0.102840000
D/UDP-TIMING(17001): 4601 0 -0.105592000
D/UDP-TIMING(17001): 4602 0 -0.108299000
D/UDP-TIMING(17001): 4603 0 -0.110998000
D/UDP-TIMING(17001): 4604 0 -0.113667000
D/UDP-TIMING(17001): 4605 0 -0.116330000
D/UDP-TIMING(17001): 4606 0 -0.119040000
D/UDP-TIMING(17001): 4607 0 -0.121755000
D/UDP-TIMING(17001): 4608 0 -0.124440000
D/UDP-TIMING(17001): 4609 0 -0.127155000
D/UDP-TIMING(17001): 4610 0 -0.099734000
D/UDP-TIMING(17001): 4611 0 -0.102381000
D/UDP-TIMING(17001): 4612 0 -0.105053000
D/UDP-TIMING(17001): 4613 0 -0.107715000
D/UDP-TIMING(17001): 4614 0 -0.110426000
D/UDP-TIMING(17001): 4615 0 -0.113142000
D/UDP-TIMING(17001): 4616 0 -0.115845000
D/UDP-TIMING(17001): 4617 0 -0.118531000
D/UDP-TIMING(17001): 4618 0 -0.121247000
D/UDP-TIMING(17001): 4619 0 -0.123964000
D/UDP-TIMING(17001): 4620 0 -0.126715000
D/UDP-TIMING(17001): 4621 0 -0.129465000
D/UDP-TIMING(17001): 4622 0 -0.102114000
D/UDP-TIMING(17001): 4623 0 -0.104770000
D/UDP-TIMING(17001): 4624 0 -0.107467000
D/UDP-TIMING(17001): 4625 0 -0.110210000
D/UDP-TIMING(17001): 4626 0 -0.112981000
D/UDP-TIMING(17001): 4627 0 -0.115715000
D/UDP-TIMING(17001): 4628 0 -0.118463000
D/UDP-TIMING(17001): 4629 0 -0.121173000
D/UDP-TIMING(17001): 4630 0 -0.123906000
D/UDP-TIMING(17001): 4631 0 -0.126619000
D/UDP-TIMING(17001): 4632 0 -0.099494000
D/UDP-TIMING(17001): 4633 0 -0.102245000
D/UDP-TIMING(17001): 4634 0 -0.104965000
D/UDP-TIMING(17001): 4635 0 -0.107714000
D/UDP-TIMING(17001): 4636 0 -0.110427000
D/UDP-TIMING(17001): 4637 0 -0.113134000
D/UDP-TIMING(17001): 4638 0 -0.115831000
D/UDP-TIMING(17001): 4639 0 -0.118575000
D/UDP-TIMING(17001): 4640 0 -0.121233000
D/UDP-TIMING(17001): 4641 0 -0.123944000
D/UDP-TIMING(17001): 4642 0 -0.126627000
D/UDP-TIMING(17001): 4643 0 -0.129324000
D/UDP-TIMING(17001): 4644 0 -0.102470000
D/UDP-TIMING(17001): 4645 0 -0.105137000
E/TrafficStats(16531): [QCTMM]tryAll index=0
E/TrafficStats(16531): [QCTMM]tryAll index=1
E/TrafficStats(16531): [QCTMM]tryAll index=2
E/TrafficStats(16531): [QCTMM]tryAll index=0
E/TrafficStats(16531): [QCTMM]tryAll index=1
E/TrafficStats(16531): [QCTMM]tryAll index=2
E/TrafficStats(16531): [QCTMM]tryAll index=0
E/TrafficStats(16531): [QCTMM]tryAll index=1
E/TrafficStats(16531): [QCTMM]tryAll index=2
E/TrafficStats(16531): [QCTMM]tryAll index=0
E/TrafficStats(16531): [QCTMM]tryAll index=1
E/TrafficStats(16531): [QCTMM]tryAll index=2
E/TrafficStats( 1673): [QCTMM]tryAll index=0
E/TrafficStats( 1673): [QCTMM]tryAll index=1
E/TrafficStats( 1673): [QCTMM]tryAll index=2
E/TrafficStats( 1673): [QCTMM]tryAll index=0
E/TrafficStats( 1673): [QCTMM]tryAll index=1
E/TrafficStats( 1673): [QCTMM]tryAll index=2
D/DATA    ( 1860): sentSinceLastRecv=0,watchdogTrigger=10,maxindex=0
D/UDP-TIMING(17001): 4646 0 -0.126690000
D/UDP-TIMING(17001): 4647 0 -0.107770000
D/UDP-TIMING(17001): 4648 0 -0.110455000
D/UDP-TIMING(17001): 4649 0 -0.113140000
D/UDP-TIMING(17001): 4650 0 -0.115739000
D/UDP-TIMING(17001): 4651 0 -0.118358000
D/UDP-TIMING(17001): 4652 0 -0.121071000
D/UDP-TIMING(17001): 4653 0 -0.093967000
D/UDP-TIMING(17001): 4654 0 -0.096653000
D/UDP-TIMING(17001): 4655 0 -0.099393000
D/UDP-TIMING(17001): 4656 0 -0.102046000
D/UDP-TIMING(17001): 4657 0 -0.104675000
D/UDP-TIMING(17001): 4658 0 -0.107339000
D/UDP-TIMING(17001): 4659 0 -0.109955000
D/UDP-TIMING(17001): 4660 0 -0.112622000
D/UDP-TIMING(17001): 4661 0 -0.115369000
D/UDP-TIMING(17001): 4662 0 -0.118120000
D/UDP-TIMING(17001): 4663 0 -0.120803000
D/UDP-TIMING(17001): 4664 0 -0.123503000
D/UDP-TIMING(17001): 4665 0 -0.126249000
D/UDP-TIMING(17001): 4666 0 -0.128996000
D/UDP-TIMING(17001): 4667 0 -0.131645000
D/UDP-TIMING(17001): 4668 0 -0.104218000
D/UDP-TIMING(17001): 4669 0 -0.106876000
D/UDP-TIMING(17001): 4670 0 -0.109616000
D/UDP-TIMING(17001): 4671 0 -0.112359000
D/UDP-TIMING(17001): 4672 0 -0.115102000
D/UDP-TIMING(17001): 4673 0 -0.117848000
D/UDP-TIMING(17001): 4674 0 -0.120516000
D/UDP-TIMING(17001): 4675 0 -0.123216000
D/UDP-TIMING(17001): 4676 0 -0.125914000
D/UDP-TIMING(17001): 4677 0 -0.128660000
D/UDP-TIMING(17001): 4678 0 -0.101631000
D/UDP-TIMING(17001): 4679 0 -0.104287000
D/UDP-TIMING(17001): 4680 0 -0.106970000
D/UDP-TIMING(17001): 4681 0 -0.109640000
D/UDP-TIMING(17001): 4682 0 -0.112381000
D/UDP-TIMING(17001): 4683 0 -0.115097000
D/UDP-TIMING(17001): 4684 0 -0.117841000
D/UDP-TIMING(17001): 4685 0 -0.120586000
D/UDP-TIMING(17001): 4686 0 -0.123332000
D/UDP-TIMING(17001): 4687 0 -0.126078000
D/UDP-TIMING(17001): 4688 0 -0.128826000
D/UDP-TIMING(17001): 4689 0 -0.130035000
D/UDP-TIMING(17001): 4690 0 -0.104000000
D/UDP-TIMING(17001): 4691 0 -0.106620000
D/UDP-TIMING(17001): 4692 0 -0.109309000
D/UDP-TIMING(17001): 4693 0 -0.111966000
D/UDP-TIMING(17001): 4694 0 -0.114619000
D/UDP-TIMING(17001): 4695 0 -0.117268000
D/UDP-TIMING(17001): 4696 0 -0.119882000
D/UDP-TIMING(17001): 4697 0 -0.122531000
D/UDP-TIMING(17001): 4698 0 -0.125223000
D/UDP-TIMING(17001): 4699 0 -0.127922000
D/UDP-TIMING(17001): 4700 0 -0.130628000
D/UDP-TIMING(17001): 4701 0 -0.103652000
D/UDP-TIMING(17001): 4702 0 -0.106301000
D/UDP-TIMING(17001): 4703 0 -0.108949000
D/UDP-TIMING(17001): 4704 0 -0.111601000
D/UDP-TIMING(17001): 4705 0 -0.114266000
D/UDP-TIMING(17001): 4706 0 -0.086600000
D/UDP-TIMING(17001): 4707 0 -0.089299000
D/UDP-TIMING(17001): 4708 0 -0.091996000
D/UDP-TIMING(17001): 4709 0 -0.094693000
D/UDP-TIMING(17001): 4710 0 -0.097390000
D/UDP-TIMING(17001): 4711 0 -0.100037000
D/UDP-TIMING(17001): 4712 0 -0.102668000
D/UDP-TIMING(17001): 4713 0 -0.105316000
D/UDP-TIMING(17001): 4714 0 -0.107963000
D/UDP-TIMING(17001): 4715 0 -0.110702000
D/UDP-TIMING(17001): 4716 0 -0.113398000
D/UDP-TIMING(17001): 4717 0 -0.116072000
D/UDP-TIMING(17001): 4718 0 -0.118820000
D/UDP-TIMING(17001): 4719 0 -0.121543000
D/UDP-TIMING(17001): 4720 0 -0.124276000
D/UDP-TIMING(17001): 4721 0 -0.097455000
D/UDP-TIMING(17001): 4722 0 -0.100246000
D/UDP-TIMING(17001): 4723 0 -0.102956000
D/UDP-TIMING(17001): 4724 0 -0.105652000
D/UDP-TIMING(17001): 4725 0 -0.108349000
D/UDP-TIMING(17001): 4726 0 -0.111003000
D/UDP-TIMING(17001): 4727 0 -0.113658000
D/UDP-TIMING(17001): 4728 0 -0.116307000
D/UDP-TIMING(17001): 4729 0 -0.118924000
D/UDP-TIMING(17001): 4730 0 -0.121585000
D/UDP-TIMING(17001): 4731 0 -0.094040000
D/UDP-TIMING(17001): 4732 0 -0.096709000
D/UDP-TIMING(17001): 4733 0 -0.099330000
D/UDP-TIMING(17001): 4734 0 -0.101981000
D/UDP-TIMING(17001): 4735 0 -0.104632000
D/UDP-TIMING(17001): 4736 0 -0.107326000
D/UDP-TIMING(17001): 4737 0 -0.109994000
D/UDP-TIMING(17001): 4738 0 -0.112617000
D/UDP-TIMING(17001): 4739 0 -0.115270000
D/UDP-TIMING(17001): 4740 0 -0.117921000
D/UDP-TIMING(17001): 4741 0 -0.120582000
D/UDP-TIMING(17001): 4742 0 -0.123280000
D/UDP-TIMING(17001): 4743 0 -0.096299000
D/UDP-TIMING(17001): 4744 0 -0.099014000
D/UDP-TIMING(17001): 4745 0 -0.101641000
D/UDP-TIMING(17001): 4746 0 -0.104293000
D/Database(16531): dbopen(): path = /data/data/com.onavo.android.onavoid/databases/ui_events, flag = 6, file size = 14046208
D/Database(16531): dbopen(): path = /data/data/com.onavo.android.onavoid/databases/ui_events, mode: wal, disk free size: 2000 M, handle: 0x378018
D/Database(16531): dbclose(): path = /data/data/com.onavo.android.onavoid/databases/ui_events, handle = 0x378018
E/TrafficStats( 1673): [QCTMM]tryAll index=0
E/TrafficStats( 1673): [QCTMM]tryAll index=1
E/TrafficStats( 1673): [QCTMM]tryAll index=2
E/TrafficStats( 1673): [QCTMM]tryAll index=0
E/TrafficStats( 1673): [QCTMM]tryAll index=1
E/TrafficStats( 1673): [QCTMM]tryAll index=2
D/DATA    ( 1860): sentSinceLastRecv=0,watchdogTrigger=10,maxindex=0
D/UDP-TIMING(17001): 4747 0 -0.127005000
D/UDP-TIMING(17001): 4748 0 -0.129657000
D/UDP-TIMING(17001): 4749 0 -0.109665000
D/UDP-TIMING(17001): 4750 0 -0.112371000
D/UDP-TIMING(17001): 4751 0 -0.114985000
D/UDP-TIMING(17001): 4752 0 -0.117658000
D/UDP-TIMING(17001): 4753 0 -0.120346000
D/UDP-TIMING(17001): 4754 0 -0.123027000
D/UDP-TIMING(17001): 4755 0 -0.125713000
D/UDP-TIMING(17001): 4756 0 -0.128420000
D/UDP-TIMING(17001): 4757 0 -0.131075000
D/UDP-TIMING(17001): 4758 0 -0.104043000
D/UDP-TIMING(17001): 4759 0 -0.106667000
D/UDP-TIMING(17001): 4760 0 -0.109427000
D/UDP-TIMING(17001): 4761 0 -0.112113000
D/UDP-TIMING(17001): 4762 0 -0.114837000
D/UDP-TIMING(17001): 4763 0 -0.117584000
D/UDP-TIMING(17001): 4764 0 -0.120282000
D/UDP-TIMING(17001): 4765 0 -0.122948000
D/UDP-TIMING(17001): 4766 0 -0.125694000
D/UDP-TIMING(17001): 4767 0 -0.128440000
D/UDP-TIMING(17001): 4768 0 -0.131132000
D/UDP-TIMING(17001): 4769 0 -0.103820000
D/UDP-TIMING(17001): 4770 0 -0.106516000
D/UDP-TIMING(17001): 4771 0 -0.109212000
D/UDP-TIMING(17001): 4772 0 -0.111926000
D/UDP-TIMING(17001): 4773 0 -0.114615000
D/UDP-TIMING(17001): 4774 0 -0.117236000
D/UDP-TIMING(17001): 4775 0 -0.119966000
D/UDP-TIMING(17001): 4776 0 -0.122713000
D/UDP-TIMING(17001): 4777 0 -0.125455000
D/UDP-TIMING(17001): 4778 0 -0.128202000
D/UDP-TIMING(17001): 4779 0 -0.130918000
D/UDP-TIMING(17001): 4780 0 -0.103971000
D/UDP-TIMING(17001): 4781 0 -0.106717000
D/UDP-TIMING(17001): 4782 0 -0.109465000
D/UDP-TIMING(17001): 4783 0 -0.112158000
D/UDP-TIMING(17001): 4784 0 -0.114850000
D/UDP-TIMING(17001): 4785 0 -0.117504000
D/UDP-TIMING(17001): 4786 0 -0.120243000
D/UDP-TIMING(17001): 4787 0 -0.122986000
D/UDP-TIMING(17001): 4788 0 -0.125733000
D/UDP-TIMING(17001): 4789 0 -0.128478000
D/UDP-TIMING(17001): 4790 0 -0.101224000
D/UDP-TIMING(17001): 4791 0 -0.103969000
D/UDP-TIMING(17001): 4792 0 -0.106715000
D/UDP-TIMING(17001): 4793 0 -0.109461000
D/UDP-TIMING(17001): 4794 0 -0.112111000
D/UDP-TIMING(17001): 4795 0 -0.114766000
D/UDP-TIMING(17001): 4796 0 -0.117386000
D/UDP-TIMING(17001): 4797 0 -0.120076000
D/UDP-TIMING(17001): 4798 0 -0.122774000
D/UDP-TIMING(17001): 4799 0 -0.125474000
D/UDP-TIMING(17001): 4800 0 -0.128172000
D/UDP-TIMING(17001): 4801 0 -0.129429000
D/UDP-TIMING(17001): 4802 0 -0.103308000
D/UDP-TIMING(17001): 4803 0 -0.105926000
D/UDP-TIMING(17001): 4804 0 -0.108575000
D/UDP-TIMING(17001): 4805 0 -0.111268000
D/UDP-TIMING(17001): 4806 0 -0.113971000
D/UDP-TIMING(17001): 4807 0 -0.116685000
D/UDP-TIMING(17001): 4808 0 -0.119371000
D/UDP-TIMING(17001): 4809 0 -0.122122000
D/UDP-TIMING(17001): 4810 0 -0.124869000
D/UDP-TIMING(17001): 4811 0 -0.127521000
D/UDP-TIMING(17001): 4812 0 -0.130313000
D/UDP-TIMING(17001): 4813 0 -0.103349000
D/UDP-TIMING(17001): 4814 0 -0.106087000
D/UDP-TIMING(17001): 4815 0 -0.108824000
D/UDP-TIMING(17001): 4816 0 -0.111528000
D/UDP-TIMING(17001): 4817 0 -0.114277000
D/UDP-TIMING(17001): 4818 0 -0.117022000
D/UDP-TIMING(17001): 4819 0 -0.119766000
D/UDP-TIMING(17001): 4820 0 -0.122503000
D/UDP-TIMING(17001): 4821 0 -0.125201000
D/UDP-TIMING(17001): 4822 0 -0.127918000
D/UDP-TIMING(17001): 4823 0 -0.100386000
D/UDP-TIMING(17001): 4824 0 -0.103008000
D/UDP-TIMING(17001): 4825 0 -0.105657000
D/UDP-TIMING(17001): 4826 0 -0.108309000
D/UDP-TIMING(17001): 4827 0 -0.111003000
D/UDP-TIMING(17001): 4828 0 -0.113701000
D/UDP-TIMING(17001): 4829 0 -0.116416000
D/UDP-TIMING(17001): 4830 0 -0.119113000
D/UDP-TIMING(17001): 4831 0 -0.121774000
D/UDP-TIMING(17001): 4832 0 -0.124512000
D/UDP-TIMING(17001): 4833 0 -0.127209000
D/UDP-TIMING(17001): 4834 0 -0.129908000
D/UDP-TIMING(17001): 4835 0 -0.102943000
D/UDP-TIMING(17001): 4836 0 -0.105612000
D/UDP-TIMING(17001): 4837 0 -0.108312000
D/UDP-TIMING(17001): 4838 0 -0.111052000
D/UDP-TIMING(17001): 4839 0 -0.113740000
D/UDP-TIMING(17001): 4840 0 -0.116422000
D/UDP-TIMING(17001): 4841 0 -0.119072000
D/UDP-TIMING(17001): 4842 0 -0.121688000
D/UDP-TIMING(17001): 4843 0 -0.124335000
D/UDP-TIMING(17001): 4844 0 -0.126985000
D/UDP-TIMING(17001): 4845 0 -0.129631000
D/UDP-TIMING(17001): 4846 0 -0.102135000
D/UDP-TIMING(17001): 4847 0 -0.104818000
E/TrafficStats( 1673): [QCTMM]tryAll index=0
E/TrafficStats( 1673): [QCTMM]tryAll index=1
E/TrafficStats( 1673): [QCTMM]tryAll index=2
E/TrafficStats( 1673): [QCTMM]tryAll index=0
E/TrafficStats( 1673): [QCTMM]tryAll index=1
E/TrafficStats( 1673): [QCTMM]tryAll index=2
D/DATA    ( 1860): sentSinceLastRecv=0,watchdogTrigger=10,maxindex=0
D/UDP-TIMING(17001): 4848 0 -0.127770000
D/UDP-TIMING(17001): 4849 0 -0.108022000
D/UDP-TIMING(17001): 4850 0 -0.110737000
D/UDP-TIMING(17001): 4851 0 -0.113482000
D/UDP-TIMING(17001): 4852 0 -0.116138000
D/UDP-TIMING(17001): 4853 0 -0.118866000
D/UDP-TIMING(17001): 4854 0 -0.121613000
D/UDP-TIMING(17001): 4855 0 -0.124350000
D/UDP-TIMING(17001): 4856 0 -0.127068000
D/UDP-TIMING(17001): 4857 0 -0.129814000
D/UDP-TIMING(17001): 4858 0 -0.102141000
D/UDP-TIMING(17001): 4859 0 -0.104804000
D/UDP-TIMING(17001): 4860 0 -0.107527000
D/UDP-TIMING(17001): 4861 0 -0.110279000
D/UDP-TIMING(17001): 4862 0 -0.113011000
D/UDP-TIMING(17001): 4863 0 -0.115747000
D/UDP-TIMING(17001): 4864 0 -0.118440000
D/UDP-TIMING(17001): 4865 0 -0.121136000
D/UDP-TIMING(17001): 4866 0 -0.123847000
D/UDP-TIMING(17001): 4867 0 -0.126593000
D/UDP-TIMING(17001): 4868 0 -0.129323000
D/UDP-TIMING(17001): 4869 0 -0.102600000
D/UDP-TIMING(17001): 4870 0 -0.105312000
D/UDP-TIMING(17001): 4871 0 -0.108049000
D/UDP-TIMING(17001): 4872 0 -0.110800000
D/UDP-TIMING(17001): 4873 0 -0.113547000
D/UDP-TIMING(17001): 4874 0 -0.116295000
D/UDP-TIMING(17001): 4875 0 -0.119010000
D/UDP-TIMING(17001): 4876 0 -0.121756000
D/UDP-TIMING(17001): 4877 0 -0.124501000
D/UDP-TIMING(17001): 4878 0 -0.127247000
D/UDP-TIMING(17001): 4879 0 -0.129998000
D/UDP-TIMING(17001): 4880 0 -0.102402000
D/UDP-TIMING(17001): 4881 0 -0.105117000
D/UDP-TIMING(17001): 4882 0 -0.107855000
D/UDP-TIMING(17001): 4883 0 -0.110585000
D/UDP-TIMING(17001): 4884 0 -0.113284000
D/UDP-TIMING(17001): 4885 0 -0.115983000
D/UDP-TIMING(17001): 4886 0 -0.118650000
D/UDP-TIMING(17001): 4887 0 -0.121346000
D/UDP-TIMING(17001): 4888 0 -0.124045000
D/UDP-TIMING(17001): 4889 0 -0.126745000
D/UDP-TIMING(17001): 4890 0 -0.129444000
D/UDP-TIMING(17001): 4891 0 -0.102572000
D/UDP-TIMING(17001): 4892 0 -0.105272000
D/UDP-TIMING(17001): 4893 0 -0.107935000
D/UDP-TIMING(17001): 4894 0 -0.110628000
D/UDP-TIMING(17001): 4895 0 -0.113341000
D/UDP-TIMING(17001): 4896 0 -0.116058000
D/UDP-TIMING(17001): 4897 0 -0.118771000
D/UDP-TIMING(17001): 4898 0 -0.121470000
D/UDP-TIMING(17001): 4899 0 -0.124144000
D/UDP-TIMING(17001): 4900 0 -0.126847000
D/UDP-TIMING(17001): 4901 0 -0.099320000
D/UDP-TIMING(17001): 4902 0 -0.102017000
D/UDP-TIMING(17001): 4903 0 -0.104707000
D/UDP-TIMING(17001): 4904 0 -0.107358000
D/UDP-TIMING(17001): 4905 0 -0.110051000
D/UDP-TIMING(17001): 4906 0 -0.112734000
D/UDP-TIMING(17001): 4907 0 -0.115390000
D/UDP-TIMING(17001): 4908 0 -0.118071000
D/UDP-TIMING(17001): 4909 0 -0.120766000
D/UDP-TIMING(17001): 4910 0 -0.123448000
D/UDP-TIMING(17001): 4911 0 -0.126135000
D/UDP-TIMING(17001): 4912 0 -0.128822000
D/UDP-TIMING(17001): 4913 0 -0.131554000
D/UDP-TIMING(17001): 4914 0 -0.104659000
D/UDP-TIMING(17001): 4915 0 -0.107405000
D/UDP-TIMING(17001): 4916 0 -0.110049000
D/UDP-TIMING(17001): 4917 0 -0.112720000
D/UDP-TIMING(17001): 4918 0 -0.115390000
D/UDP-TIMING(17001): 4919 0 -0.118062000
D/UDP-TIMING(17001): 4920 0 -0.120714000
D/UDP-TIMING(17001): 4921 0 -0.123361000
D/UDP-TIMING(17001): 4922 0 -0.126009000
D/UDP-TIMING(17001): 4923 0 -0.128627000
D/UDP-TIMING(17001): 4924 0 -0.101036000
D/UDP-TIMING(17001): 4925 0 -0.103690000
D/UDP-TIMING(17001): 4926 0 -0.106341000
D/UDP-TIMING(17001): 4927 0 -0.108990000
D/UDP-TIMING(17001): 4928 0 -0.111637000
D/UDP-TIMING(17001): 4929 0 -0.114297000
D/UDP-TIMING(17001): 4930 0 -0.116993000
D/UDP-TIMING(17001): 4931 0 -0.119689000
D/UDP-TIMING(17001): 4932 0 -0.122389000
D/UDP-TIMING(17001): 4933 0 -0.125088000
D/UDP-TIMING(17001): 4934 0 -0.127834000
D/UDP-TIMING(17001): 4935 0 -0.100712000
D/UDP-TIMING(17001): 4936 0 -0.103360000
D/UDP-TIMING(17001): 4937 0 -0.106008000
D/UDP-TIMING(17001): 4938 0 -0.108623000
D/UDP-TIMING(17001): 4939 0 -0.111316000
D/UDP-TIMING(17001): 4940 0 -0.114062000
D/UDP-TIMING(17001): 4941 0 -0.116805000
D/UDP-TIMING(17001): 4942 0 -0.119510000
D/UDP-TIMING(17001): 4943 0 -0.122241000
D/UDP-TIMING(17001): 4944 0 -0.124959000
D/UDP-TIMING(17001): 4945 0 -0.127702000
D/UDP-TIMING(17001): 4946 0 -0.130447000
D/UDP-TIMING(17001): 4947 0 -0.102767000
D/UDP-TIMING(17001): 4948 0 -0.105509000
E/TrafficStats( 1673): [QCTMM]tryAll index=0
E/TrafficStats( 1673): [QCTMM]tryAll index=1
E/TrafficStats( 1673): [QCTMM]tryAll index=2
E/TrafficStats( 1673): [QCTMM]tryAll index=0
E/TrafficStats( 1673): [QCTMM]tryAll index=1
E/TrafficStats( 1673): [QCTMM]tryAll index=2
D/DATA    ( 1860): sentSinceLastRecv=0,watchdogTrigger=10,maxindex=0
D/UDP-TIMING(17001): 4949 0 -0.127739000
D/UDP-TIMING(17001): 4950 0 -0.127277000
D/UDP-TIMING(17001): 4951 0 -0.128376000
D/UDP-TIMING(17001): 4952 0 -0.129505000
D/UDP-TIMING(17001): 4953 0 -0.116840000
D/UDP-TIMING(17001): 4954 0 -0.119485000
D/UDP-TIMING(17001): 4955 0 -0.122168000
D/UDP-TIMING(17001): 4956 0 -0.124850000
D/UDP-TIMING(17001): 4957 0 -0.097685000
D/UDP-TIMING(17001): 4958 0 -0.100381000
D/UDP-TIMING(17001): 4959 0 -0.103041000
D/UDP-TIMING(17001): 4960 0 -0.105781000
D/UDP-TIMING(17001): 4961 0 -0.108533000
D/UDP-TIMING(17001): 4962 0 -0.111160000
D/UDP-TIMING(17001): 4963 0 -0.113819000
D/UDP-TIMING(17001): 4964 0 -0.116474000
D/UDP-TIMING(17001): 4965 0 -0.119124000
D/UDP-TIMING(17001): 4966 0 -0.121779000
D/UDP-TIMING(17001): 4967 0 -0.124433000
D/UDP-TIMING(17001): 4968 0 -0.127088000
D/UDP-TIMING(17001): 4969 0 -0.129792000
D/UDP-TIMING(17001): 4970 0 -0.102873000
D/UDP-TIMING(17001): 4971 0 -0.105565000
D/UDP-TIMING(17001): 4972 0 -0.108249000
D/UDP-TIMING(17001): 4973 0 -0.110903000
D/UDP-TIMING(17001): 4974 0 -0.113587000
D/UDP-TIMING(17001): 4975 0 -0.116328000
D/UDP-TIMING(17001): 4976 0 -0.119074000
D/UDP-TIMING(17001): 4977 0 -0.121820000
D/UDP-TIMING(17001): 4978 0 -0.124565000
D/UDP-TIMING(17001): 4979 0 -0.127282000
D/UDP-TIMING(17001): 4980 0 -0.130087000
D/UDP-TIMING(17001): 4981 0 -0.102572000
D/UDP-TIMING(17001): 4982 0 -0.105227000
D/UDP-TIMING(17001): 4983 0 -0.107846000
D/UDP-TIMING(17001): 4984 0 -0.110540000
D/UDP-TIMING(17001): 4985 0 -0.113237000
D/UDP-TIMING(17001): 4986 0 -0.115933000
D/UDP-TIMING(17001): 4987 0 -0.118632000
D/UDP-TIMING(17001): 4988 0 -0.121300000
D/UDP-TIMING(17001): 4989 0 -0.123999000
D/UDP-TIMING(17001): 4990 0 -0.126695000
D/UDP-TIMING(17001): 4991 0 -0.129395000
D/UDP-TIMING(17001): 4992 0 -0.132093000
D/UDP-TIMING(17001): 4993 0 -0.105159000
D/UDP-TIMING(17001): 4994 0 -0.107825000
D/UDP-TIMING(17001): 4995 0 -0.110484000
D/UDP-TIMING(17001): 4996 0 -0.113176000
D/UDP-TIMING(17001): 4997 0 -0.115863000
D/UDP-TIMING(17001): 4998 0 -0.118556000
D/UDP-TIMING(17001): 4999 0 -0.121222000
D/UDP-TIMING(17001): 5000 0 -0.123952000
D/UDP-TIMING(17001): 5001 0 -0.126651000
D/UDP-TIMING(17001): 5002 0 -0.129355000
D/UDP-TIMING(17001): 5003 0 -0.102082000
D/UDP-TIMING(17001): 5004 0 -0.104781000
D/UDP-TIMING(17001): 5005 0 -0.107480000
D/UDP-TIMING(17001): 5006 0 -0.110132000
D/UDP-TIMING(17001): 5007 0 -0.112820000
D/UDP-TIMING(17001): 5008 0 -0.115505000
D/UDP-TIMING(17001): 5009 0 -0.118190000
D/UDP-TIMING(17001): 5010 0 -0.120930000
D/UDP-TIMING(17001): 5011 0 -0.123677000
D/UDP-TIMING(17001): 5012 0 -0.126389000
D/UDP-TIMING(17001): 5013 0 -0.129164000
D/UDP-TIMING(17001): 5014 0 -0.101608000
D/UDP-TIMING(17001): 5015 0 -0.104356000
D/UDP-TIMING(17001): 5016 0 -0.107101000
D/UDP-TIMING(17001): 5017 0 -0.109727000
D/UDP-TIMING(17001): 5018 0 -0.112349000
D/UDP-TIMING(17001): 5019 0 -0.114997000
D/UDP-TIMING(17001): 5020 0 -0.117690000
D/UDP-TIMING(17001): 5021 0 -0.120385000
D/UDP-TIMING(17001): 5022 0 -0.123082000
D/UDP-TIMING(17001): 5023 0 -0.125780000
D/UDP-TIMING(17001): 5024 0 -0.128448000
D/UDP-TIMING(17001): 5025 0 -0.101576000
D/UDP-TIMING(17001): 5026 0 -0.104273000
D/UDP-TIMING(17001): 5027 0 -0.106988000
D/UDP-TIMING(17001): 5028 0 -0.109705000
D/UDP-TIMING(17001): 5029 0 -0.112362000
D/UDP-TIMING(17001): 5030 0 -0.115061000
D/UDP-TIMING(17001): 5031 0 -0.117739000
D/UDP-TIMING(17001): 5032 0 -0.090119000
D/UDP-TIMING(17001): 5033 0 -0.092740000
D/UDP-TIMING(17001): 5034 0 -0.095425000
D/UDP-TIMING(17001): 5035 0 -0.098163000
D/UDP-TIMING(17001): 5036 0 -0.100830000
D/UDP-TIMING(17001): 5037 0 -0.103521000
D/UDP-TIMING(17001): 5038 0 -0.106181000
D/UDP-TIMING(17001): 5039 0 -0.108867000
D/UDP-TIMING(17001): 5040 0 -0.111554000
D/UDP-TIMING(17001): 5041 0 -0.114246000
D/UDP-TIMING(17001): 5042 0 -0.116933000
D/UDP-TIMING(17001): 5043 0 -0.119611000
D/UDP-TIMING(17001): 5044 0 -0.122266000
D/UDP-TIMING(17001): 5045 0 -0.124956000
D/UDP-TIMING(17001): 5046 0 -0.127647000
D/UDP-TIMING(17001): 5047 0 -0.130265000
D/UDP-TIMING(17001): 5048 0 -0.103470000
D/UDP-TIMING(17001): 5049 0 -0.106176000
E/TrafficStats( 1673): [QCTMM]tryAll index=0
E/TrafficStats( 1673): [QCTMM]tryAll index=1
E/TrafficStats( 1673): [QCTMM]tryAll index=2
E/TrafficStats( 1673): [QCTMM]tryAll index=0
E/TrafficStats( 1673): [QCTMM]tryAll index=1
E/TrafficStats( 1673): [QCTMM]tryAll index=2
D/DATA    ( 1860): sentSinceLastRecv=0,watchdogTrigger=10,maxindex=0
D/UDP-TIMING(17001): 5050 0 -0.127856000
D/UDP-TIMING(17001): 5051 0 -0.108932000
D/UDP-TIMING(17001): 5052 0 -0.111648000
D/UDP-TIMING(17001): 5053 0 -0.114393000
D/UDP-TIMING(17001): 5054 0 -0.117051000
D/UDP-TIMING(17001): 5055 0 -0.119741000
D/UDP-TIMING(17001): 5056 0 -0.122420000
D/UDP-TIMING(17001): 5057 0 -0.125078000
D/UDP-TIMING(17001): 5058 0 -0.127742000
D/UDP-TIMING(17001): 5059 0 -0.130431000
D/UDP-TIMING(17001): 5060 0 -0.103326000
D/UDP-TIMING(17001): 5061 0 -0.105979000
D/UDP-TIMING(17001): 5062 0 -0.108615000
D/UDP-TIMING(17001): 5063 0 -0.111236000
D/UDP-TIMING(17001): 5064 0 -0.113848000
D/UDP-TIMING(17001): 5065 0 -0.116452000
D/UDP-TIMING(17001): 5066 0 -0.119134000
D/UDP-TIMING(17001): 5067 0 -0.121815000
D/UDP-TIMING(17001): 5068 0 -0.124556000
D/UDP-TIMING(17001): 5069 0 -0.127273000
D/UDP-TIMING(17001): 5070 0 -0.130019000
D/UDP-TIMING(17001): 5071 0 -0.102581000
D/UDP-TIMING(17001): 5072 0 -0.105280000
D/UDP-TIMING(17001): 5073 0 -0.108023000
D/UDP-TIMING(17001): 5074 0 -0.110767000
D/UDP-TIMING(17001): 5075 0 -0.113459000
D/UDP-TIMING(17001): 5076 0 -0.116149000
D/UDP-TIMING(17001): 5077 0 -0.118860000
D/UDP-TIMING(17001): 5078 0 -0.121605000
D/UDP-TIMING(17001): 5079 0 -0.124349000
D/UDP-TIMING(17001): 5080 0 -0.127093000
D/UDP-TIMING(17001): 5081 0 -0.129840000
D/UDP-TIMING(17001): 5082 0 -0.102560000
D/UDP-TIMING(17001): 5083 0 -0.105184000
D/UDP-TIMING(17001): 5084 0 -0.107834000
D/UDP-TIMING(17001): 5085 0 -0.110524000
D/UDP-TIMING(17001): 5086 0 -0.113220000
D/UDP-TIMING(17001): 5087 0 -0.115918000
D/UDP-TIMING(17001): 5088 0 -0.118584000
D/UDP-TIMING(17001): 5089 0 -0.121283000
D/UDP-TIMING(17001): 5090 0 -0.123981000
D/UDP-TIMING(17001): 5091 0 -0.126728000
D/UDP-TIMING(17001): 5092 0 -0.129479000
D/UDP-TIMING(17001): 5093 0 -0.102294000
D/UDP-TIMING(17001): 5094 0 -0.104978000
D/UDP-TIMING(17001): 5095 0 -0.107675000
D/UDP-TIMING(17001): 5096 0 -0.110389000
D/UDP-TIMING(17001): 5097 0 -0.113127000
D/UDP-TIMING(17001): 5098 0 -0.115862000
D/UDP-TIMING(17001): 5099 0 -0.118595000
D/UDP-TIMING(17001): 5100 0 -0.121333000
D/UDP-TIMING(17001): 5101 0 -0.124054000
D/UDP-TIMING(17001): 5102 0 -0.126797000
D/UDP-TIMING(17001): 5103 0 -0.129542000
D/UDP-TIMING(17001): 5104 0 -0.132289000
D/UDP-TIMING(17001): 5105 0 -0.105252000
D/UDP-TIMING(17001): 5106 0 -0.107978000
D/UDP-TIMING(17001): 5107 0 -0.110673000
D/UDP-TIMING(17001): 5108 0 -0.113361000
D/UDP-TIMING(17001): 5109 0 -0.116046000
D/UDP-TIMING(17001): 5110 0 -0.118757000
D/UDP-TIMING(17001): 5111 0 -0.121486000
D/UDP-TIMING(17001): 5112 0 -0.124229000
D/UDP-TIMING(17001): 5113 0 -0.126976000
D/UDP-TIMING(17001): 5114 0 -0.129723000
D/UDP-TIMING(17001): 5115 0 -0.132418000
D/UDP-TIMING(17001): 5116 0 -0.104927000
D/UDP-TIMING(17001): 5117 0 -0.107612000
D/UDP-TIMING(17001): 5118 0 -0.110352000
D/UDP-TIMING(17001): 5119 0 -0.113098000
D/UDP-TIMING(17001): 5120 0 -0.115845000
D/UDP-TIMING(17001): 5121 0 -0.118560000
D/UDP-TIMING(17001): 5122 0 -0.121307000
D/UDP-TIMING(17001): 5123 0 -0.124053000
D/UDP-TIMING(17001): 5124 0 -0.126799000
D/UDP-TIMING(17001): 5125 0 -0.129545000
D/UDP-TIMING(17001): 5126 0 -0.132294000
D/UDP-TIMING(17001): 5127 0 -0.105378000
D/UDP-TIMING(17001): 5128 0 -0.108094000
D/UDP-TIMING(17001): 5129 0 -0.110789000
D/UDP-TIMING(17001): 5130 0 -0.113521000
D/UDP-TIMING(17001): 5131 0 -0.116267000
D/UDP-TIMING(17001): 5132 0 -0.119009000
D/UDP-TIMING(17001): 5133 0 -0.121731000
D/UDP-TIMING(17001): 5134 0 -0.124477000
D/UDP-TIMING(17001): 5135 0 -0.127220000
D/UDP-TIMING(17001): 5136 0 -0.129963000
D/UDP-TIMING(17001): 5137 0 -0.102437000
D/UDP-TIMING(17001): 5138 0 -0.105183000
D/UDP-TIMING(17001): 5139 0 -0.107929000
D/UDP-TIMING(17001): 5140 0 -0.110653000
D/UDP-TIMING(17001): 5141 0 -0.113400000
D/UDP-TIMING(17001): 5142 0 -0.116068000
D/UDP-TIMING(17001): 5143 0 -0.118767000
D/UDP-TIMING(17001): 5144 0 -0.121464000
D/UDP-TIMING(17001): 5145 0 -0.124160000
D/UDP-TIMING(17001): 5146 0 -0.126859000
