D/UDP-TIMING(17001): 6233 0 -0.123230000
D/UDP-TIMING(17001): 6234 0 -0.125885000
D/UDP-TIMING(17001): 6235 0 -0.128568000
D/UDP-TIMING(17001): 6236 0 -0.131219000
D/UDP-TIMING(17001): 6237 0 -0.104303000
D/UDP-TIMING(17001): 6238 0 -0.106981000
D/UDP-TIMING(17001): 6239 0 -0.109662000
D/UDP-TIMING(17001): 6240 0 -0.112403000
D/UDP-TIMING(17001): 6241 0 -0.115149000
D/UDP-TIMING(17001): 6242 0 -0.117867000
D/UDP-TIMING(17001): 6243 0 -0.120613000
D/UDP-TIMING(17001): 6244 0 -0.123360000
D/UDP-TIMING(17001): 6245 0 -0.126089000
D/UDP-TIMING(17001): 6246 0 -0.128834000
D/UDP-TIMING(17001): 6247 0 -0.131562000
D/UDP-TIMING(17001): 6248 0 -0.104015000
D/UDP-TIMING(17001): 6249 0 -0.106711000
D/UDP-TIMING(17001): 6250 0 -0.109411000
D/UDP-TIMING(17001): 6251 0 -0.112108000
D/UDP-TIMING(17001): 6252 0 -0.114773000
D/UDP-TIMING(17001): 6253 0 -0.117470000
D/UDP-TIMING(17001): 6254 0 -0.120167000
D/UDP-TIMING(17001): 6255 0 -0.122868000
D/UDP-TIMING(17001): 6256 0 -0.125566000
D/UDP-TIMING(17001): 6257 0 -0.128314000
D/UDP-TIMING(17001): 6258 0 -0.130981000
D/UDP-TIMING(17001): 6259 0 -0.104076000
D/UDP-TIMING(17001): 6260 0 -0.106775000
D/UDP-TIMING(17001): 6261 0 -0.109466000
E/TrafficStats( 1673): [QCTMM]tryAll index=0
E/TrafficStats( 1673): [QCTMM]tryAll index=1
E/TrafficStats( 1673): [QCTMM]tryAll index=2
E/TrafficStats( 1673): [QCTMM]tryAll index=0
E/TrafficStats( 1673): [QCTMM]tryAll index=1
E/TrafficStats( 1673): [QCTMM]tryAll index=2
D/DATA    ( 1860): sentSinceLastRecv=0,watchdogTrigger=10,maxindex=0
D/UDP-TIMING(17001): 6262 0 -0.126210000
D/UDP-TIMING(17001): 6263 0 -0.128925000
D/UDP-TIMING(17001): 6264 0 -0.104953000
D/UDP-TIMING(17001): 6265 0 -0.107699000
D/UDP-TIMING(17001): 6266 0 -0.110324000
D/UDP-TIMING(17001): 6267 0 -0.113023000
D/UDP-TIMING(17001): 6268 0 -0.115810000
D/UDP-TIMING(17001): 6269 0 -0.118550000
D/UDP-TIMING(17001): 6270 0 -0.121289000
D/UDP-TIMING(17001): 6271 0 -0.124001000
D/UDP-TIMING(17001): 6272 0 -0.126654000
D/UDP-TIMING(17001): 6273 0 -0.129396000
D/UDP-TIMING(17001): 6274 0 -0.102171000
D/UDP-TIMING(17001): 6275 0 -0.104811000
D/UDP-TIMING(17001): 6276 0 -0.107574000
D/UDP-TIMING(17001): 6277 0 -0.110234000
D/UDP-TIMING(17001): 6278 0 -0.112889000
D/UDP-TIMING(17001): 6279 0 -0.115507000
D/UDP-TIMING(17001): 6280 0 -0.118229000
D/UDP-TIMING(17001): 6281 0 -0.120945000
D/UDP-TIMING(17001): 6282 0 -0.123690000
D/UDP-TIMING(17001): 6283 0 -0.126437000
D/UDP-TIMING(17001): 6284 0 -0.129184000
D/UDP-TIMING(17001): 6285 0 -0.131984000
D/UDP-TIMING(17001): 6286 0 -0.104789000
D/UDP-TIMING(17001): 6287 0 -0.107536000
D/UDP-TIMING(17001): 6288 0 -0.110264000
D/UDP-TIMING(17001): 6289 0 -0.113004000
D/UDP-TIMING(17001): 6290 0 -0.115746000
D/UDP-TIMING(17001): 6291 0 -0.118484000
D/UDP-TIMING(17001): 6292 0 -0.121210000
D/UDP-TIMING(17001): 6293 0 -0.123945000
D/UDP-TIMING(17001): 6294 0 -0.126654000
D/UDP-TIMING(17001): 6295 0 -0.129406000
D/UDP-TIMING(17001): 6296 0 -0.131194000
D/UDP-TIMING(17001): 6297 0 -0.105163000
D/UDP-TIMING(17001): 6298 0 -0.107860000
D/UDP-TIMING(17001): 6299 0 -0.110458000
D/UDP-TIMING(17001): 6300 0 -0.113187000
D/UDP-TIMING(17001): 6301 0 -0.115894000
D/UDP-TIMING(17001): 6302 0 -0.118632000
D/UDP-TIMING(17001): 6303 0 -0.121384000
D/UDP-TIMING(17001): 6304 0 -0.124134000
D/UDP-TIMING(17001): 6305 0 -0.126869000
D/UDP-TIMING(17001): 6306 0 -0.129607000
D/UDP-TIMING(17001): 6307 0 -0.102061000
D/UDP-TIMING(17001): 6308 0 -0.104691000
D/UDP-TIMING(17001): 6309 0 -0.107363000
D/UDP-TIMING(17001): 6310 0 -0.110016000
D/UDP-TIMING(17001): 6311 0 -0.112669000
D/UDP-TIMING(17001): 6312 0 -0.115311000
D/UDP-TIMING(17001): 6313 0 -0.117974000
D/UDP-TIMING(17001): 6314 0 -0.120597000
D/UDP-TIMING(17001): 6315 0 -0.123250000
D/UDP-TIMING(17001): 6316 0 -0.125902000
D/UDP-TIMING(17001): 6317 0 -0.128555000
D/UDP-TIMING(17001): 6318 0 -0.131247000
D/UDP-TIMING(17001): 6319 0 -0.104310000
D/UDP-TIMING(17001): 6320 0 -0.107006000
D/UDP-TIMING(17001): 6321 0 -0.109675000
D/UDP-TIMING(17001): 6322 0 -0.112372000
D/UDP-TIMING(17001): 6323 0 -0.115070000
D/UDP-TIMING(17001): 6324 0 -0.117787000
D/UDP-TIMING(17001): 6325 0 -0.120490000
D/UDP-TIMING(17001): 6326 0 -0.123194000
D/UDP-TIMING(17001): 6327 0 -0.125862000
D/UDP-TIMING(17001): 6328 0 -0.128561000
D/UDP-TIMING(17001): 6329 0 -0.131260000
D/UDP-TIMING(17001): 6330 0 -0.103714000
D/UDP-TIMING(17001): 6331 0 -0.106413000
D/UDP-TIMING(17001): 6332 0 -0.109126000
D/UDP-TIMING(17001): 6333 0 -0.111821000
D/UDP-TIMING(17001): 6334 0 -0.114520000
D/UDP-TIMING(17001): 6335 0 -0.117188000
D/UDP-TIMING(17001): 6336 0 -0.119888000
D/UDP-TIMING(17001): 6337 0 -0.122583000
D/UDP-TIMING(17001): 6338 0 -0.125283000
D/UDP-TIMING(17001): 6339 0 -0.127999000
D/UDP-TIMING(17001): 6340 0 -0.130751000
D/UDP-TIMING(17001): 6341 0 -0.103807000
D/UDP-TIMING(17001): 6342 0 -0.106474000
D/UDP-TIMING(17001): 6343 0 -0.109174000
D/UDP-TIMING(17001): 6344 0 -0.111870000
D/UDP-TIMING(17001): 6345 0 -0.114573000
D/UDP-TIMING(17001): 6346 0 -0.117276000
D/UDP-TIMING(17001): 6347 0 -0.119979000
D/UDP-TIMING(17001): 6348 0 -0.122665000
D/UDP-TIMING(17001): 6349 0 -0.125383000
D/UDP-TIMING(17001): 6350 0 -0.128075000
D/UDP-TIMING(17001): 6351 0 -0.130862000
D/UDP-TIMING(17001): 6352 0 -0.103289000
D/UDP-TIMING(17001): 6353 0 -0.105982000
D/UDP-TIMING(17001): 6354 0 -0.108667000
D/UDP-TIMING(17001): 6355 0 -0.111353000
D/UDP-TIMING(17001): 6356 0 -0.114008000
D/UDP-TIMING(17001): 6357 0 -0.116691000
D/UDP-TIMING(17001): 6358 0 -0.119378000
D/UDP-TIMING(17001): 6359 0 -0.122082000
D/UDP-TIMING(17001): 6360 0 -0.124768000
D/UDP-TIMING(17001): 6361 0 -0.127452000
D/UDP-TIMING(17001): 6362 0 -0.130109000
E/TrafficStats( 1673): [QCTMM]tryAll index=0
E/TrafficStats( 1673): [QCTMM]tryAll index=1
E/TrafficStats( 1673): [QCTMM]tryAll index=2
E/TrafficStats( 1673): [QCTMM]tryAll index=0
E/TrafficStats( 1673): [QCTMM]tryAll index=1
E/TrafficStats( 1673): [QCTMM]tryAll index=2
D/DATA    ( 1860): sentSinceLastRecv=0,watchdogTrigger=10,maxindex=0
D/UDP-TIMING(17001): 6363 0 -0.127462000
D/UDP-TIMING(17001): 6364 0 -0.130208000
D/UDP-TIMING(17001): 6365 0 -0.106344000
D/UDP-TIMING(17001): 6366 0 -0.109087000
D/UDP-TIMING(17001): 6367 0 -0.111746000
D/UDP-TIMING(17001): 6368 0 -0.114435000
D/UDP-TIMING(17001): 6369 0 -0.117116000
D/UDP-TIMING(17001): 6370 0 -0.119841000
D/UDP-TIMING(17001): 6371 0 -0.122571000
D/UDP-TIMING(17001): 6372 0 -0.125291000
D/UDP-TIMING(17001): 6373 0 -0.127960000
D/UDP-TIMING(17001): 6374 0 -0.130660000
D/UDP-TIMING(17001): 6375 0 -0.103040000
D/UDP-TIMING(17001): 6376 0 -0.105700000
D/UDP-TIMING(17001): 6377 0 -0.108467000
D/UDP-TIMING(17001): 6378 0 -0.111241000
D/UDP-TIMING(17001): 6379 0 -0.113903000
D/UDP-TIMING(17001): 6380 0 -0.116534000
D/UDP-TIMING(17001): 6381 0 -0.119301000
D/UDP-TIMING(17001): 6382 0 -0.122025000
D/UDP-TIMING(17001): 6383 0 -0.124802000
D/UDP-TIMING(17001): 6384 0 -0.127470000
D/UDP-TIMING(17001): 6385 0 -0.130200000
D/UDP-TIMING(17001): 6386 0 -0.103357000
D/UDP-TIMING(17001): 6387 0 -0.106086000
D/UDP-TIMING(17001): 6388 0 -0.108786000
D/UDP-TIMING(17001): 6389 0 -0.111512000
D/UDP-TIMING(17001): 6390 0 -0.114234000
D/UDP-TIMING(17001): 6391 0 -0.116957000
D/UDP-TIMING(17001): 6392 0 -0.119646000
D/UDP-TIMING(17001): 6393 0 -0.122343000
D/UDP-TIMING(17001): 6394 0 -0.125011000
D/UDP-TIMING(17001): 6395 0 -0.127708000
D/UDP-TIMING(17001): 6396 0 -0.130585000
D/UDP-TIMING(17001): 6397 0 -0.103146000
D/UDP-TIMING(17001): 6398 0 -0.105768000
D/UDP-TIMING(17001): 6399 0 -0.108428000
D/UDP-TIMING(17001): 6400 0 -0.111120000
D/UDP-TIMING(17001): 6401 0 -0.113846000
D/UDP-TIMING(17001): 6402 0 -0.116483000
D/UDP-TIMING(17001): 6403 0 -0.119277000
D/UDP-TIMING(17001): 6404 0 -0.122024000
D/UDP-TIMING(17001): 6405 0 -0.124770000
D/UDP-TIMING(17001): 6406 0 -0.127517000
D/UDP-TIMING(17001): 6407 0 -0.130330000
D/UDP-TIMING(17001): 6408 0 -0.103415000
D/UDP-TIMING(17001): 6409 0 -0.106162000
D/UDP-TIMING(17001): 6410 0 -0.108909000
D/UDP-TIMING(17001): 6411 0 -0.111655000
D/UDP-TIMING(17001): 6412 0 -0.114401000
D/UDP-TIMING(17001): 6413 0 -0.117145000
D/UDP-TIMING(17001): 6414 0 -0.119836000
D/UDP-TIMING(17001): 6415 0 -0.122578000
D/UDP-TIMING(17001): 6416 0 -0.125303000
D/UDP-TIMING(17001): 6417 0 -0.128050000
D/UDP-TIMING(17001): 6418 0 -0.130757000
D/UDP-TIMING(17001): 6419 0 -0.103453000
D/UDP-TIMING(17001): 6420 0 -0.106141000
D/UDP-TIMING(17001): 6421 0 -0.108825000
D/UDP-TIMING(17001): 6422 0 -0.111521000
D/UDP-TIMING(17001): 6423 0 -0.114265000
D/UDP-TIMING(17001): 6424 0 -0.117008000
D/UDP-TIMING(17001): 6425 0 -0.119751000
D/UDP-TIMING(17001): 6426 0 -0.122495000
D/UDP-TIMING(17001): 6427 0 -0.125241000
D/UDP-TIMING(17001): 6428 0 -0.127956000
D/UDP-TIMING(17001): 6429 0 -0.100478000
D/UDP-TIMING(17001): 6430 0 -0.103236000
D/UDP-TIMING(17001): 6431 0 -0.105864000
D/UDP-TIMING(17001): 6432 0 -0.108516000
D/UDP-TIMING(17001): 6433 0 -0.111183000
D/UDP-TIMING(17001): 6434 0 -0.113852000
D/UDP-TIMING(17001): 6435 0 -0.116519000
D/UDP-TIMING(17001): 6436 0 -0.119185000
D/UDP-TIMING(17001): 6437 0 -0.121804000
D/UDP-TIMING(17001): 6438 0 -0.124497000
D/UDP-TIMING(17001): 6439 0 -0.125549000
D/UDP-TIMING(17001): 6440 0 -0.128243000
D/UDP-TIMING(17001): 6441 0 -0.130903000
D/UDP-TIMING(17001): 6442 0 -0.105606000
D/UDP-TIMING(17001): 6443 0 -0.108254000
D/UDP-TIMING(17001): 6444 0 -0.110872000
D/UDP-TIMING(17001): 6445 0 -0.113566000
D/UDP-TIMING(17001): 6446 0 -0.116265000
D/UDP-TIMING(17001): 6447 0 -0.118965000
D/UDP-TIMING(17001): 6448 0 -0.121664000
D/UDP-TIMING(17001): 6449 0 -0.124364000
D/UDP-TIMING(17001): 6450 0 -0.127032000
D/UDP-TIMING(17001): 6451 0 -0.129727000
D/UDP-TIMING(17001): 6452 0 -0.102145000
D/UDP-TIMING(17001): 6453 0 -0.104770000
D/UDP-TIMING(17001): 6454 0 -0.107416000
D/UDP-TIMING(17001): 6455 0 -0.110150000
D/UDP-TIMING(17001): 6456 0 -0.112804000
D/UDP-TIMING(17001): 6457 0 -0.115451000
D/UDP-TIMING(17001): 6458 0 -0.118065000
D/UDP-TIMING(17001): 6459 0 -0.120714000
D/UDP-TIMING(17001): 6460 0 -0.123408000
D/UDP-TIMING(17001): 6461 0 -0.126107000
D/UDP-TIMING(17001): 6462 0 -0.128807000
D/UDP-TIMING(17001): 6463 0 -0.131539000
E/TrafficStats( 1673): [QCTMM]tryAll index=0
E/TrafficStats( 1673): [QCTMM]tryAll index=1
E/TrafficStats( 1673): [QCTMM]tryAll index=2
E/TrafficStats( 1673): [QCTMM]tryAll index=0
E/TrafficStats( 1673): [QCTMM]tryAll index=1
E/TrafficStats( 1673): [QCTMM]tryAll index=2
D/DATA    ( 1860): sentSinceLastRecv=0,watchdogTrigger=10,maxindex=0
D/UDP-TIMING(17001): 6464 0 -0.128015000
D/UDP-TIMING(17001): 6465 0 -0.130758000
E/TrafficStats(16531): [QCTMM]tryAll index=0
E/TrafficStats(16531): [QCTMM]tryAll index=1
E/TrafficStats(16531): [QCTMM]tryAll index=2
E/TrafficStats(16531): [QCTMM]tryAll index=0
E/TrafficStats(16531): [QCTMM]tryAll index=1
E/TrafficStats(16531): [QCTMM]tryAll index=2
D/UDP-TIMING(17001): 6466 0 -0.106893000
D/UDP-TIMING(17001): 6467 0 -0.109610000
D/UDP-TIMING(17001): 6468 0 -0.112230000
D/UDP-TIMING(17001): 6469 0 -0.114888000
D/UDP-TIMING(17001): 6470 0 -0.117555000
D/UDP-TIMING(17001): 6471 0 -0.120294000
D/UDP-TIMING(17001): 6472 0 -0.123031000
D/UDP-TIMING(17001): 6473 0 -0.125744000
D/UDP-TIMING(17001): 6474 0 -0.128349000
D/UDP-TIMING(17001): 6475 0 -0.131010000
D/UDP-TIMING(17001): 6476 0 -0.104252000
D/UDP-TIMING(17001): 6477 0 -0.106867000
D/UDP-TIMING(17001): 6478 0 -0.109514000
D/UDP-TIMING(17001): 6479 0 -0.112169000
D/UDP-TIMING(17001): 6480 0 -0.114831000
D/UDP-TIMING(17001): 6481 0 -0.117448000
D/UDP-TIMING(17001): 6482 0 -0.120064000
D/UDP-TIMING(17001): 6483 0 -0.122813000
D/UDP-TIMING(17001): 6484 0 -0.125444000
D/UDP-TIMING(17001): 6485 0 -0.128074000
D/UDP-TIMING(17001): 6486 0 -0.130742000
E/TrafficStats(16531): [QCTMM]tryAll index=0
E/TrafficStats(16531): [QCTMM]tryAll index=1
E/TrafficStats(16531): [QCTMM]tryAll index=2
E/TrafficStats(16531): [QCTMM]tryAll index=0
E/TrafficStats(16531): [QCTMM]tryAll index=1
E/TrafficStats(16531): [QCTMM]tryAll index=2
D/UDP-TIMING(17001): 6487 0 -0.104190000
D/UDP-TIMING(17001): 6488 0 -0.106861000
D/UDP-TIMING(17001): 6489 0 -0.109500000
D/UDP-TIMING(17001): 6490 0 -0.112231000
D/UDP-TIMING(17001): 6491 0 -0.114957000
D/UDP-TIMING(17001): 6492 0 -0.117684000
D/UDP-TIMING(17001): 6493 0 -0.120377000
D/UDP-TIMING(17001): 6494 0 -0.123058000
D/UDP-TIMING(17001): 6495 0 -0.125743000
D/UDP-TIMING(17001): 6496 0 -0.128441000
D/UDP-TIMING(17001): 6497 0 -0.131124000
D/UDP-TIMING(17001): 6498 0 -0.104041000
D/UDP-TIMING(17001): 6499 0 -0.106775000
D/UDP-TIMING(17001): 6500 0 -0.109514000
D/UDP-TIMING(17001): 6501 0 -0.112365000
D/UDP-TIMING(17001): 6502 0 -0.115095000
D/UDP-TIMING(17001): 6503 0 -0.117833000
D/UDP-TIMING(17001): 6504 0 -0.120660000
D/UDP-TIMING(17001): 6505 0 -0.123356000
D/UDP-TIMING(17001): 6506 0 -0.126044000
D/UDP-TIMING(17001): 6507 0 -0.128738000
D/UDP-TIMING(17001): 6508 0 -0.131393000
D/UDP-TIMING(17001): 6509 0 -0.104142000
D/UDP-TIMING(17001): 6510 0 -0.106787000
D/UDP-TIMING(17001): 6511 0 -0.109471000
D/UDP-TIMING(17001): 6512 0 -0.112156000
D/UDP-TIMING(17001): 6513 0 -0.114896000
D/UDP-TIMING(17001): 6514 0 -0.117639000
D/UDP-TIMING(17001): 6515 0 -0.120385000
D/UDP-TIMING(17001): 6516 0 -0.123051000
D/UDP-TIMING(17001): 6517 0 -0.125800000
D/UDP-TIMING(17001): 6518 0 -0.128538000
D/UDP-TIMING(17001): 6519 0 -0.131263000
D/UDP-TIMING(17001): 6520 0 -0.103806000
D/UDP-TIMING(17001): 6521 0 -0.106491000
D/UDP-TIMING(17001): 6522 0 -0.109173000
D/UDP-TIMING(17001): 6523 0 -0.111903000
D/UDP-TIMING(17001): 6524 0 -0.114649000
D/UDP-TIMING(17001): 6525 0 -0.117387000
D/UDP-TIMING(17001): 6526 0 -0.120126000
D/UDP-TIMING(17001): 6527 0 -0.122864000
D/UDP-TIMING(17001): 6528 0 -0.125603000
D/UDP-TIMING(17001): 6529 0 -0.128324000
D/UDP-TIMING(17001): 6530 0 -0.101011000
D/UDP-TIMING(17001): 6531 0 -0.103706000
D/UDP-TIMING(17001): 6532 0 -0.106391000
D/UDP-TIMING(17001): 6533 0 -0.109097000
D/UDP-TIMING(17001): 6534 0 -0.111843000
D/UDP-TIMING(17001): 6535 0 -0.114590000
D/UDP-TIMING(17001): 6536 0 -0.117324000
D/UDP-TIMING(17001): 6537 0 -0.120076000
D/UDP-TIMING(17001): 6538 0 -0.122776000
D/UDP-TIMING(17001): 6539 0 -0.125481000
D/UDP-TIMING(17001): 6540 0 -0.128180000
D/UDP-TIMING(17001): 6541 0 -0.130835000
D/UDP-TIMING(17001): 6542 0 -0.103277000
D/UDP-TIMING(17001): 6543 0 -0.105926000
D/UDP-TIMING(17001): 6544 0 -0.108575000
D/UDP-TIMING(17001): 6545 0 -0.111268000
D/UDP-TIMING(17001): 6546 0 -0.113967000
D/UDP-TIMING(17001): 6547 0 -0.116666000
D/UDP-TIMING(17001): 6548 0 -0.119413000
D/UDP-TIMING(17001): 6549 0 -0.122159000
D/UDP-TIMING(17001): 6550 0 -0.124876000
D/UDP-TIMING(17001): 6551 0 -0.127622000
D/UDP-TIMING(17001): 6552 0 -0.130380000
D/UDP-TIMING(17001): 6553 0 -0.103117000
D/UDP-TIMING(17001): 6554 0 -0.105828000
D/UDP-TIMING(17001): 6555 0 -0.108511000
D/UDP-TIMING(17001): 6556 0 -0.111257000
D/UDP-TIMING(17001): 6557 0 -0.113948000
D/UDP-TIMING(17001): 6558 0 -0.116599000
D/UDP-TIMING(17001): 6559 0 -0.119224000
D/UDP-TIMING(17001): 6560 0 -0.121798000
D/UDP-TIMING(17001): 6561 0 -0.124398000
D/UDP-TIMING(17001): 6562 0 -0.126996000
D/UDP-TIMING(17001): 6563 0 -0.129730000
D/UDP-TIMING(17001): 6564 0 -0.103000000
E/TrafficStats( 1673): [QCTMM]tryAll index=0
E/TrafficStats( 1673): [QCTMM]tryAll index=1
E/TrafficStats( 1673): [QCTMM]tryAll index=2
E/TrafficStats( 1673): [QCTMM]tryAll index=0
E/TrafficStats( 1673): [QCTMM]tryAll index=1
E/TrafficStats( 1673): [QCTMM]tryAll index=2
D/DATA    ( 1860): sentSinceLastRecv=0,watchdogTrigger=10,maxindex=0
D/UDP-TIMING(17001): 6565 0 -0.127365000
D/UDP-TIMING(17001): 6566 0 -0.130056000
D/UDP-TIMING(17001): 6567 0 -0.127585000
D/UDP-TIMING(17001): 6568 0 -0.127278000
D/UDP-TIMING(17001): 6569 0 -0.125227000
D/UDP-TIMING(17001): 6570 0 -0.127885000
D/UDP-TIMING(17001): 6571 0 -0.128549000
D/UDP-TIMING(17001): 6572 0 -0.129675000
D/UDP-TIMING(17001): 6573 0 -0.123733000
D/UDP-TIMING(17001): 6574 0 -0.126310000
D/UDP-TIMING(17001): 6575 0 -0.128893000
D/UDP-TIMING(17001): 6576 0 -0.131574000
D/UDP-TIMING(17001): 6577 0 -0.104476000
D/UDP-TIMING(17001): 6578 0 -0.107151000
D/UDP-TIMING(17001): 6579 0 -0.109732000
D/UDP-TIMING(17001): 6580 0 -0.112390000
D/UDP-TIMING(17001): 6581 0 -0.115006000
D/UDP-TIMING(17001): 6582 0 -0.117630000
D/UDP-TIMING(17001): 6583 0 -0.120348000
D/UDP-TIMING(17001): 6584 0 -0.123000000
D/UDP-TIMING(17001): 6585 0 -0.125591000
D/UDP-TIMING(17001): 6586 0 -0.128244000
D/UDP-TIMING(17001): 6587 0 -0.130924000
D/UDP-TIMING(17001): 6588 0 -0.104003000
D/UDP-TIMING(17001): 6589 0 -0.106681000
D/UDP-TIMING(17001): 6590 0 -0.109451000
D/UDP-TIMING(17001): 6591 0 -0.112115000
D/UDP-TIMING(17001): 6592 0 -0.114857000
D/UDP-TIMING(17001): 6593 0 -0.117519000
D/UDP-TIMING(17001): 6594 0 -0.120211000
D/UDP-TIMING(17001): 6595 0 -0.122910000
D/UDP-TIMING(17001): 6596 0 -0.125609000
D/UDP-TIMING(17001): 6597 0 -0.128356000
D/UDP-TIMING(17001): 6598 0 -0.130995000
D/UDP-TIMING(17001): 6599 0 -0.103409000
D/UDP-TIMING(17001): 6600 0 -0.106058000
D/UDP-TIMING(17001): 6601 0 -0.108706000
D/UDP-TIMING(17001): 6602 0 -0.111359000
D/UDP-TIMING(17001): 6603 0 -0.114011000
D/UDP-TIMING(17001): 6604 0 -0.116627000
D/UDP-TIMING(17001): 6605 0 -0.119309000
D/UDP-TIMING(17001): 6606 0 -0.121990000
D/UDP-TIMING(17001): 6607 0 -0.124681000
D/UDP-TIMING(17001): 6608 0 -0.127424000
D/UDP-TIMING(17001): 6609 0 -0.130138000
D/UDP-TIMING(17001): 6610 0 -0.131856000
D/UDP-TIMING(17001): 6611 0 -0.105891000
D/UDP-TIMING(17001): 6612 0 -0.108576000
D/UDP-TIMING(17001): 6613 0 -0.111230000
D/UDP-TIMING(17001): 6614 0 -0.113967000
D/UDP-TIMING(17001): 6615 0 -0.116713000
D/UDP-TIMING(17001): 6616 0 -0.119460000
D/UDP-TIMING(17001): 6617 0 -0.122204000
D/UDP-TIMING(17001): 6618 0 -0.124919000
D/UDP-TIMING(17001): 6619 0 -0.127666000
D/UDP-TIMING(17001): 6620 0 -0.130397000
D/UDP-TIMING(17001): 6621 0 -0.103087000
D/UDP-TIMING(17001): 6622 0 -0.105711000
D/UDP-TIMING(17001): 6623 0 -0.108360000
D/UDP-TIMING(17001): 6624 0 -0.111054000
D/UDP-TIMING(17001): 6625 0 -0.113750000
D/UDP-TIMING(17001): 6626 0 -0.116449000
D/UDP-TIMING(17001): 6627 0 -0.119119000
D/UDP-TIMING(17001): 6628 0 -0.121819000
D/UDP-TIMING(17001): 6629 0 -0.124518000
D/UDP-TIMING(17001): 6630 0 -0.127264000
D/UDP-TIMING(17001): 6631 0 -0.099765000
D/UDP-TIMING(17001): 6632 0 -0.102434000
D/UDP-TIMING(17001): 6633 0 -0.105134000
D/UDP-TIMING(17001): 6634 0 -0.107880000
D/UDP-TIMING(17001): 6635 0 -0.110577000
D/UDP-TIMING(17001): 6636 0 -0.113233000
D/UDP-TIMING(17001): 6637 0 -0.115852000
D/UDP-TIMING(17001): 6638 0 -0.118546000
D/UDP-TIMING(17001): 6639 0 -0.121252000
D/UDP-TIMING(17001): 6640 0 -0.123949000
D/UDP-TIMING(17001): 6641 0 -0.126645000
D/UDP-TIMING(17001): 6642 0 -0.129392000
D/UDP-TIMING(17001): 6643 0 -0.102360000
D/UDP-TIMING(17001): 6644 0 -0.105016000
D/UDP-TIMING(17001): 6645 0 -0.107698000
D/UDP-TIMING(17001): 6646 0 -0.110379000
D/UDP-TIMING(17001): 6647 0 -0.113120000
D/UDP-TIMING(17001): 6648 0 -0.115835000
D/UDP-TIMING(17001): 6649 0 -0.118581000
D/UDP-TIMING(17001): 6650 0 -0.121328000
D/UDP-TIMING(17001): 6651 0 -0.124075000
D/UDP-TIMING(17001): 6652 0 -0.126821000
D/UDP-TIMING(17001): 6653 0 -0.129518000
D/UDP-TIMING(17001): 6654 0 -0.102029000
D/UDP-TIMING(17001): 6655 0 -0.104680000
D/UDP-TIMING(17001): 6656 0 -0.107421000
D/UDP-TIMING(17001): 6657 0 -0.110168000
D/UDP-TIMING(17001): 6658 0 -0.112864000
D/UDP-TIMING(17001): 6659 0 -0.115550000
D/UDP-TIMING(17001): 6660 0 -0.118205000
D/UDP-TIMING(17001): 6661 0 -0.120945000
D/UDP-TIMING(17001): 6662 0 -0.123627000
D/UDP-TIMING(17001): 6663 0 -0.126284000
D/UDP-TIMING(17001): 6664 0 -0.128933000
D/UDP-TIMING(17001): 6665 0 -0.101980000
E/TrafficStats( 1673): [QCTMM]tryAll index=0
E/TrafficStats( 1673): [QCTMM]tryAll index=1
E/TrafficStats( 1673): [QCTMM]tryAll index=2
E/TrafficStats( 1673): [QCTMM]tryAll index=0
E/TrafficStats( 1673): [QCTMM]tryAll index=1
E/TrafficStats( 1673): [QCTMM]tryAll index=2
D/DATA    ( 1860): sentSinceLastRecv=0,watchdogTrigger=10,maxindex=0
D/UDP-TIMING(17001): 6666 0 -0.128074000
D/UDP-TIMING(17001): 6667 0 -0.130735000
D/UDP-TIMING(17001): 6668 0 -0.107415000
D/UDP-TIMING(17001): 6669 0 -0.110162000
D/UDP-TIMING(17001): 6670 0 -0.112821000
D/UDP-TIMING(17001): 6671 0 -0.115520000
D/UDP-TIMING(17001): 6672 0 -0.118147000
D/UDP-TIMING(17001): 6673 0 -0.120761000
D/UDP-TIMING(17001): 6674 0 -0.123370000
D/UDP-TIMING(17001): 6675 0 -0.125971000
D/UDP-TIMING(17001): 6676 0 -0.128584000
D/UDP-TIMING(17001): 6677 0 -0.131308000
D/UDP-TIMING(17001): 6678 0 -0.104370000
D/UDP-TIMING(17001): 6679 0 -0.107066000
D/UDP-TIMING(17001): 6680 0 -0.109798000
D/UDP-TIMING(17001): 6681 0 -0.112525000
D/UDP-TIMING(17001): 6682 0 -0.115243000
D/UDP-TIMING(17001): 6683 0 -0.118025000
D/UDP-TIMING(17001): 6684 0 -0.120774000
D/UDP-TIMING(17001): 6685 0 -0.123502000
D/UDP-TIMING(17001): 6686 0 -0.126161000
D/UDP-TIMING(17001): 6687 0 -0.128788000
D/UDP-TIMING(17001): 6688 0 -0.131447000
D/UDP-TIMING(17001): 6689 0 -0.103642000
D/UDP-TIMING(17001): 6690 0 -0.106279000
D/UDP-TIMING(17001): 6691 0 -0.108862000
D/UDP-TIMING(17001): 6692 0 -0.111466000
D/UDP-TIMING(17001): 6693 0 -0.114077000
D/UDP-TIMING(17001): 6694 0 -0.116679000
D/UDP-TIMING(17001): 6695 0 -0.119420000
D/UDP-TIMING(17001): 6696 0 -0.122137000
D/UDP-TIMING(17001): 6697 0 -0.124883000
D/UDP-TIMING(17001): 6698 0 -0.127609000
D/UDP-TIMING(17001): 6699 0 -0.130328000
D/UDP-TIMING(17001): 6700 0 -0.103605000
D/UDP-TIMING(17001): 6701 0 -0.106274000
D/UDP-TIMING(17001): 6702 0 -0.109019000
D/UDP-TIMING(17001): 6703 0 -0.111713000
D/UDP-TIMING(17001): 6704 0 -0.114407000
D/UDP-TIMING(17001): 6705 0 -0.117094000
D/UDP-TIMING(17001): 6706 0 -0.119780000
D/UDP-TIMING(17001): 6707 0 -0.122438000
D/UDP-TIMING(17001): 6708 0 -0.125124000
D/UDP-TIMING(17001): 6709 0 -0.127811000
D/UDP-TIMING(17001): 6710 0 -0.130496000
D/UDP-TIMING(17001): 6711 0 -0.102879000
D/UDP-TIMING(17001): 6712 0 -0.105566000
D/UDP-TIMING(17001): 6713 0 -0.108252000
D/UDP-TIMING(17001): 6714 0 -0.110989000
D/UDP-TIMING(17001): 6715 0 -0.113707000
D/UDP-TIMING(17001): 6716 0 -0.116451000
D/UDP-TIMING(17001): 6717 0 -0.119199000
D/UDP-TIMING(17001): 6718 0 -0.121943000
D/UDP-TIMING(17001): 6719 0 -0.124691000
D/UDP-TIMING(17001): 6720 0 -0.127435000
D/UDP-TIMING(17001): 6721 0 -0.130152000
D/UDP-TIMING(17001): 6722 0 -0.103328000
D/UDP-TIMING(17001): 6723 0 -0.106041000
D/UDP-TIMING(17001): 6724 0 -0.108787000
D/UDP-TIMING(17001): 6725 0 -0.111529000
D/UDP-TIMING(17001): 6726 0 -0.114219000
D/UDP-TIMING(17001): 6727 0 -0.116907000
D/UDP-TIMING(17001): 6728 0 -0.119583000
D/UDP-TIMING(17001): 6729 0 -0.122216000
D/UDP-TIMING(17001): 6730 0 -0.124963000
D/UDP-TIMING(17001): 6731 0 -0.127663000
D/UDP-TIMING(17001): 6732 0 -0.130364000
D/UDP-TIMING(17001): 6733 0 -0.102820000
D/UDP-TIMING(17001): 6734 0 -0.105489000
D/UDP-TIMING(17001): 6735 0 -0.108189000
D/UDP-TIMING(17001): 6736 0 -0.110882000
D/UDP-TIMING(17001): 6737 0 -0.113581000
D/UDP-TIMING(17001): 6738 0 -0.116280000
D/UDP-TIMING(17001): 6739 0 -0.118946000
D/UDP-TIMING(17001): 6740 0 -0.121642000
D/UDP-TIMING(17001): 6741 0 -0.124342000
D/UDP-TIMING(17001): 6742 0 -0.127042000
D/UDP-TIMING(17001): 6743 0 -0.129740000
D/UDP-TIMING(17001): 6744 0 -0.102775000
D/UDP-TIMING(17001): 6745 0 -0.105475000
D/UDP-TIMING(17001): 6746 0 -0.108144000
D/UDP-TIMING(17001): 6747 0 -0.110803000
D/UDP-TIMING(17001): 6748 0 -0.113457000
D/UDP-TIMING(17001): 6749 0 -0.116108000
D/UDP-TIMING(17001): 6750 0 -0.118759000
D/UDP-TIMING(17001): 6751 0 -0.121409000
D/UDP-TIMING(17001): 6752 0 -0.124029000
D/UDP-TIMING(17001): 6753 0 -0.126679000
D/UDP-TIMING(17001): 6754 0 -0.129330000
D/UDP-TIMING(17001): 6755 0 -0.131980000
D/UDP-TIMING(17001): 6756 0 -0.104996000
D/UDP-TIMING(17001): 6757 0 -0.107643000
D/UDP-TIMING(17001): 6758 0 -0.110286000
D/UDP-TIMING(17001): 6759 0 -0.113001000
D/UDP-TIMING(17001): 6760 0 -0.115697000
D/UDP-TIMING(17001): 6761 0 -0.118365000
D/UDP-TIMING(17001): 6762 0 -0.121064000
D/UDP-TIMING(17001): 6763 0 -0.123762000
D/UDP-TIMING(17001): 6764 0 -0.126463000
D/UDP-TIMING(17001): 6765 0 -0.129166000
D/UDP-TIMING(17001): 6766 0 -0.131872000
E/TrafficStats( 1673): [QCTMM]tryAll index=0
E/TrafficStats( 1673): [QCTMM]tryAll index=1
E/TrafficStats( 1673): [QCTMM]tryAll index=2
E/TrafficStats( 1673): [QCTMM]tryAll index=0
E/TrafficStats( 1673): [QCTMM]tryAll index=1
E/TrafficStats( 1673): [QCTMM]tryAll index=2
D/DATA    ( 1860): sentSinceLastRecv=0,watchdogTrigger=10,maxindex=0
D/UDP-TIMING(17001): 6767 0 -0.127803000
D/UDP-TIMING(17001): 6768 0 -0.130501000
D/UDP-TIMING(17001): 6769 0 -0.107322000
D/UDP-TIMING(17001): 6770 0 -0.110018000
D/UDP-TIMING(17001): 6771 0 -0.112712000
D/UDP-TIMING(17001): 6772 0 -0.115380000
D/UDP-TIMING(17001): 6773 0 -0.118072000
D/UDP-TIMING(17001): 6774 0 -0.120703000
D/UDP-TIMING(17001): 6775 0 -0.123328000
D/UDP-TIMING(17001): 6776 0 -0.125944000
D/UDP-TIMING(17001): 6777 0 -0.128562000
D/UDP-TIMING(17001): 6778 0 -0.131145000
D/UDP-TIMING(17001): 6779 0 -0.103400000
D/UDP-TIMING(17001): 6780 0 -0.106116000
D/UDP-TIMING(17001): 6781 0 -0.108772000
D/UDP-TIMING(17001): 6782 0 -0.111431000
D/UDP-TIMING(17001): 6783 0 -0.114053000
D/UDP-TIMING(17001): 6784 0 -0.116675000
D/UDP-TIMING(17001): 6785 0 -0.119288000
D/UDP-TIMING(17001): 6786 0 -0.121900000
D/UDP-TIMING(17001): 6787 0 -0.124489000
D/UDP-TIMING(17001): 6788 0 -0.127210000
D/UDP-TIMING(17001): 6789 0 -0.129813000
D/UDP-TIMING(17001): 6790 0 -0.102847000
D/UDP-TIMING(17001): 6791 0 -0.105558000
D/UDP-TIMING(17001): 6792 0 -0.108249000
D/UDP-TIMING(17001): 6793 0 -0.110906000
D/UDP-TIMING(17001): 6794 0 -0.113676000
D/UDP-TIMING(17001): 6795 0 -0.116336000
D/UDP-TIMING(17001): 6796 0 -0.118959000
D/UDP-TIMING(17001): 6797 0 -0.121648000
D/UDP-TIMING(17001): 6798 0 -0.124459000
D/UDP-TIMING(17001): 6799 0 -0.127203000
D/UDP-TIMING(17001): 6800 0 -0.129950000
D/UDP-TIMING(17001): 6801 0 -0.102481000
D/UDP-TIMING(17001): 6802 0 -0.105230000
D/UDP-TIMING(17001): 6803 0 -0.107976000
D/UDP-TIMING(17001): 6804 0 -0.110720000
D/UDP-TIMING(17001): 6805 0 -0.113437000
D/UDP-TIMING(17001): 6806 0 -0.116183000
D/UDP-TIMING(17001): 6807 0 -0.118984000
D/UDP-TIMING(17001): 6808 0 -0.121727000
D/UDP-TIMING(17001): 6809 0 -0.124473000
D/UDP-TIMING(17001): 6810 0 -0.127220000
D/UDP-TIMING(17001): 6811 0 -0.129936000
D/UDP-TIMING(17001): 6812 0 -0.103022000
D/UDP-TIMING(17001): 6813 0 -0.105761000
D/UDP-TIMING(17001): 6814 0 -0.108498000
D/UDP-TIMING(17001): 6815 0 -0.111206000
D/UDP-TIMING(17001): 6816 0 -0.113905000
D/UDP-TIMING(17001): 6817 0 -0.116575000
D/UDP-TIMING(17001): 6818 0 -0.119275000
D/UDP-TIMING(17001): 6819 0 -0.121971000
D/UDP-TIMING(17001): 6820 0 -0.124668000
D/UDP-TIMING(17001): 6821 0 -0.127365000
D/UDP-TIMING(17001): 6822 0 -0.130065000
D/UDP-TIMING(17001): 6823 0 -0.102858000
D/UDP-TIMING(17001): 6824 0 -0.105573000
D/UDP-TIMING(17001): 6825 0 -0.108321000
D/UDP-TIMING(17001): 6826 0 -0.111022000
D/UDP-TIMING(17001): 6827 0 -0.113722000
D/UDP-TIMING(17001): 6828 0 -0.116421000
D/UDP-TIMING(17001): 6829 0 -0.119118000
D/UDP-TIMING(17001): 6830 0 -0.121800000
D/UDP-TIMING(17001): 6831 0 -0.124542000
D/UDP-TIMING(17001): 6832 0 -0.127288000
D/UDP-TIMING(17001): 6833 0 -0.130012000
D/UDP-TIMING(17001): 6834 0 -0.102375000
D/UDP-TIMING(17001): 6835 0 -0.105066000
D/UDP-TIMING(17001): 6836 0 -0.107751000
D/UDP-TIMING(17001): 6837 0 -0.110435000
D/UDP-TIMING(17001): 6838 0 -0.113120000
D/UDP-TIMING(17001): 6839 0 -0.115864000
D/UDP-TIMING(17001): 6840 0 -0.118602000
D/UDP-TIMING(17001): 6841 0 -0.121340000
D/UDP-TIMING(17001): 6842 0 -0.124078000
D/UDP-TIMING(17001): 6843 0 -0.126829000
D/UDP-TIMING(17001): 6844 0 -0.129543000
D/UDP-TIMING(17001): 6845 0 -0.102688000
D/UDP-TIMING(17001): 6846 0 -0.105426000
D/UDP-TIMING(17001): 6847 0 -0.108170000
D/UDP-TIMING(17001): 6848 0 -0.110914000
D/UDP-TIMING(17001): 6849 0 -0.113569000
D/UDP-TIMING(17001): 6850 0 -0.116187000
D/UDP-TIMING(17001): 6851 0 -0.118880000
D/UDP-TIMING(17001): 6852 0 -0.121580000
D/UDP-TIMING(17001): 6853 0 -0.124279000
D/UDP-TIMING(17001): 6854 0 -0.126978000
D/UDP-TIMING(17001): 6855 0 -0.129675000
D/UDP-TIMING(17001): 6856 0 -0.101885000
D/UDP-TIMING(17001): 6857 0 -0.104632000
D/UDP-TIMING(17001): 6858 0 -0.107378000
D/UDP-TIMING(17001): 6859 0 -0.109990000
D/UDP-TIMING(17001): 6860 0 -0.112643000
D/UDP-TIMING(17001): 6861 0 -0.115292000
D/UDP-TIMING(17001): 6862 0 -0.117941000
D/UDP-TIMING(17001): 6863 0 -0.120592000
D/UDP-TIMING(17001): 6864 0 -0.123251000
D/UDP-TIMING(17001): 6865 0 -0.125951000
D/UDP-TIMING(17001): 6866 0 -0.128642000
D/UDP-TIMING(17001): 6867 0 -0.131339000
E/TrafficStats( 1673): [QCTMM]tryAll index=0
E/TrafficStats( 1673): [QCTMM]tryAll index=1
E/TrafficStats( 1673): [QCTMM]tryAll index=2
E/TrafficStats( 1673): [QCTMM]tryAll index=0
E/TrafficStats( 1673): [QCTMM]tryAll index=1
E/TrafficStats( 1673): [QCTMM]tryAll index=2
D/DATA    ( 1860): sentSinceLastRecv=0,watchdogTrigger=10,maxindex=0
D/UDP-TIMING(17001): 6868 0 -0.127141000
D/UDP-TIMING(17001): 6869 0 -0.129853000
D/UDP-TIMING(17001): 6870 0 -0.107849000
D/UDP-TIMING(17001): 6871 0 -0.110564000
D/UDP-TIMING(17001): 6872 0 -0.113296000
D/UDP-TIMING(17001): 6873 0 -0.116029000
D/UDP-TIMING(17001): 6874 0 -0.118827000
D/UDP-TIMING(17001): 6875 0 -0.121585000
D/UDP-TIMING(17001): 6876 0 -0.124292000
D/UDP-TIMING(17001): 6877 0 -0.127029000
D/UDP-TIMING(17001): 6878 0 -0.129720000
D/UDP-TIMING(17001): 6879 0 -0.132382000
D/UDP-TIMING(17001): 6880 0 -0.104613000
D/UDP-TIMING(17001): 6881 0 -0.107272000
D/UDP-TIMING(17001): 6882 0 -0.109869000
D/UDP-TIMING(17001): 6883 0 -0.112513000
D/UDP-TIMING(17001): 6884 0 -0.115101000
D/UDP-TIMING(17001): 6885 0 -0.117716000
D/UDP-TIMING(17001): 6886 0 -0.120331000
D/UDP-TIMING(17001): 6887 0 -0.122947000
D/UDP-TIMING(17001): 6888 0 -0.125624000
D/UDP-TIMING(17001): 6889 0 -0.128359000
D/UDP-TIMING(17001): 6890 0 -0.131024000
D/UDP-TIMING(17001): 6891 0 -0.104165000
D/UDP-TIMING(17001): 6892 0 -0.106816000
D/UDP-TIMING(17001): 6893 0 -0.109408000
D/UDP-TIMING(17001): 6894 0 -0.112016000
D/UDP-TIMING(17001): 6895 0 -0.114631000
D/UDP-TIMING(17001): 6896 0 -0.117239000
D/UDP-TIMING(17001): 6897 0 -0.119852000
D/UDP-TIMING(17001): 6898 0 -0.122574000
D/UDP-TIMING(17001): 6899 0 -0.125287000
D/UDP-TIMING(17001): 6900 0 -0.128029000
D/UDP-TIMING(17001): 6901 0 -0.130774000
D/UDP-TIMING(17001): 6902 0 -0.103309000
D/UDP-TIMING(17001): 6903 0 -0.106054000
D/UDP-TIMING(17001): 6904 0 -0.108799000
D/UDP-TIMING(17001): 6905 0 -0.111545000
D/UDP-TIMING(17001): 6906 0 -0.114261000
D/UDP-TIMING(17001): 6907 0 -0.117008000
D/UDP-TIMING(17001): 6908 0 -0.119751000
D/UDP-TIMING(17001): 6909 0 -0.122497000
D/UDP-TIMING(17001): 6910 0 -0.125243000
D/UDP-TIMING(17001): 6911 0 -0.127990000
D/UDP-TIMING(17001): 6912 0 -0.130635000
D/UDP-TIMING(17001): 6913 0 -0.103658000
D/UDP-TIMING(17001): 6914 0 -0.106358000
D/UDP-TIMING(17001): 6915 0 -0.109057000
D/UDP-TIMING(17001): 6916 0 -0.111754000
D/UDP-TIMING(17001): 6917 0 -0.114411000
D/UDP-TIMING(17001): 6918 0 -0.117044000
D/UDP-TIMING(17001): 6919 0 -0.119760000
D/UDP-TIMING(17001): 6920 0 -0.122460000
D/UDP-TIMING(17001): 6921 0 -0.125160000
D/UDP-TIMING(17001): 6922 0 -0.127906000
D/UDP-TIMING(17001): 6923 0 -0.130575000
D/UDP-TIMING(17001): 6924 0 -0.103062000
D/UDP-TIMING(17001): 6925 0 -0.105813000
D/UDP-TIMING(17001): 6926 0 -0.108545000
D/UDP-TIMING(17001): 6927 0 -0.111286000
D/UDP-TIMING(17001): 6928 0 -0.114019000
D/UDP-TIMING(17001): 6929 0 -0.116763000
D/UDP-TIMING(17001): 6930 0 -0.119476000
D/UDP-TIMING(17001): 6931 0 -0.122224000
D/UDP-TIMING(17001): 6932 0 -0.124970000
D/UDP-TIMING(17001): 6933 0 -0.127714000
D/UDP-TIMING(17001): 6934 0 -0.130461000
D/UDP-TIMING(17001): 6935 0 -0.103513000
D/UDP-TIMING(17001): 6936 0 -0.106234000
D/UDP-TIMING(17001): 6937 0 -0.108985000
D/UDP-TIMING(17001): 6938 0 -0.111723000
D/UDP-TIMING(17001): 6939 0 -0.114458000
D/UDP-TIMING(17001): 6940 0 -0.117180000
D/UDP-TIMING(17001): 6941 0 -0.119911000
D/UDP-TIMING(17001): 6942 0 -0.122525000
D/UDP-TIMING(17001): 6943 0 -0.125270000
D/UDP-TIMING(17001): 6944 0 -0.127926000
D/UDP-TIMING(17001): 6945 0 -0.130613000
D/UDP-TIMING(17001): 6946 0 -0.103062000
D/UDP-TIMING(17001): 6947 0 -0.105718000
D/UDP-TIMING(17001): 6948 0 -0.108369000
D/UDP-TIMING(17001): 6949 0 -0.111009000
D/UDP-TIMING(17001): 6950 0 -0.113627000
D/UDP-TIMING(17001): 6951 0 -0.116277000
D/UDP-TIMING(17001): 6952 0 -0.118927000
D/UDP-TIMING(17001): 6953 0 -0.121577000
D/UDP-TIMING(17001): 6954 0 -0.124231000
D/UDP-TIMING(17001): 6955 0 -0.126881000
D/UDP-TIMING(17001): 6956 0 -0.099654000
D/UDP-TIMING(17001): 6957 0 -0.102256000
D/UDP-TIMING(17001): 6958 0 -0.104944000
D/UDP-TIMING(17001): 6959 0 -0.107614000
D/UDP-TIMING(17001): 6960 0 -0.110385000
D/UDP-TIMING(17001): 6961 0 -0.113089000
D/UDP-TIMING(17001): 6962 0 -0.115785000
D/UDP-TIMING(17001): 6963 0 -0.118483000
D/UDP-TIMING(17001): 6964 0 -0.121175000
D/UDP-TIMING(17001): 6965 0 -0.123844000
D/UDP-TIMING(17001): 6966 0 -0.126543000
D/UDP-TIMING(17001): 6967 0 -0.129243000
D/UDP-TIMING(17001): 6968 0 -0.131943000
E/TrafficStats( 1673): [QCTMM]tryAll index=0
E/TrafficStats( 1673): [QCTMM]tryAll index=1
E/TrafficStats( 1673): [QCTMM]tryAll index=2
E/TrafficStats( 1673): [QCTMM]tryAll index=0
E/TrafficStats( 1673): [QCTMM]tryAll index=1
E/TrafficStats( 1673): [QCTMM]tryAll index=2
D/DATA    ( 1860): sentSinceLastRecv=0,watchdogTrigger=10,maxindex=0
D/StatusBarPolicy( 1816): iconIndex=1
V/StatusBarPolicy( 1816): cdmaLevel:3;max:4
D/StatusBarPolicy( 1816): iconLevel:3
I/PhoneInfo( 2188): getCdmaLevel - cdmaDbm: -73 cdmaEcio:-90
I/PhoneInfo( 2188): getEvdoLevel - evdoDbm: -120 evdoSnr:-1 evdoEcio:-1
I/PhoneInfo( 2188): getLteLevel - lteRsrp: -1 lteCqi:-1
D/UDP-TIMING(17001): 6969 0 -0.130700000
D/UDP-TIMING(17001): 6970 0 -0.105749000
D/UDP-TIMING(17001): 6971 0 -0.108448000
D/UDP-TIMING(17001): 6972 0 -0.111147000
D/UDP-TIMING(17001): 6973 0 -0.113840000
D/UDP-TIMING(17001): 6974 0 -0.116480000
D/UDP-TIMING(17001): 6975 0 -0.119174000
D/UDP-TIMING(17001): 6976 0 -0.121830000
D/UDP-TIMING(17001): 6977 0 -0.124491000
D/UDP-TIMING(17001): 6978 0 -0.127183000
D/UDP-TIMING(17001): 6979 0 -0.129769000
D/UDP-TIMING(17001): 6980 0 -0.132396000
D/UDP-TIMING(17001): 6981 0 -0.105113000
D/UDP-TIMING(17001): 6982 0 -0.107767000
D/UDP-TIMING(17001): 6983 0 -0.110436000
D/UDP-TIMING(17001): 6984 0 -0.113087000
D/UDP-TIMING(17001): 6985 0 -0.115758000
D/UDP-TIMING(17001): 6986 0 -0.118385000
D/UDP-TIMING(17001): 6987 0 -0.120995000
D/UDP-TIMING(17001): 6988 0 -0.123609000
D/UDP-TIMING(17001): 6989 0 -0.126373000
D/UDP-TIMING(17001): 6990 0 -0.129099000
D/UDP-TIMING(17001): 6991 0 -0.131776000
D/UDP-TIMING(17001): 6992 0 -0.104023000
D/UDP-TIMING(17001): 6993 0 -0.106691000
D/UDP-TIMING(17001): 6994 0 -0.109357000
D/UDP-TIMING(17001): 6995 0 -0.111969000
D/UDP-TIMING(17001): 6996 0 -0.114546000
D/UDP-TIMING(17001): 6997 0 -0.117157000
D/UDP-TIMING(17001): 6998 0 -0.119761000
D/UDP-TIMING(17001): 6999 0 -0.122490000
D/UDP-TIMING(17001): 7000 0 -0.125237000
D/UDP-TIMING(17001): 7001 0 -0.127983000
D/UDP-TIMING(17001): 7002 0 -0.130643000
D/UDP-TIMING(17001): 7003 0 -0.103418000
D/UDP-TIMING(17001): 7004 0 -0.106185000
D/UDP-TIMING(17001): 7005 0 -0.108931000
D/UDP-TIMING(17001): 7006 0 -0.111657000
D/UDP-TIMING(17001): 7007 0 -0.114400000
D/UDP-TIMING(17001): 7008 0 -0.117148000
D/UDP-TIMING(17001): 7009 0 -0.119864000
D/UDP-TIMING(17001): 7010 0 -0.122610000
D/UDP-TIMING(17001): 7011 0 -0.125357000
D/UDP-TIMING(17001): 7012 0 -0.128111000
D/UDP-TIMING(17001): 7013 0 -0.130858000
D/UDP-TIMING(17001): 7014 0 -0.103329000
D/UDP-TIMING(17001): 7015 0 -0.106075000
D/UDP-TIMING(17001): 7016 0 -0.108816000
D/UDP-TIMING(17001): 7017 0 -0.111567000
D/UDP-TIMING(17001): 7018 0 -0.114314000
D/UDP-TIMING(17001): 7019 0 -0.117031000
D/UDP-TIMING(17001): 7020 0 -0.119775000
D/UDP-TIMING(17001): 7021 0 -0.122516000
D/UDP-TIMING(17001): 7022 0 -0.125264000
D/UDP-TIMING(17001): 7023 0 -0.098317000
D/UDP-TIMING(17001): 7024 0 -0.100901000
D/UDP-TIMING(17001): 7025 0 -0.103624000
D/UDP-TIMING(17001): 7026 0 -0.106323000
D/UDP-TIMING(17001): 7027 0 -0.109071000
D/UDP-TIMING(17001): 7028 0 -0.111783000
D/UDP-TIMING(17001): 7029 0 -0.114530000
D/UDP-TIMING(17001): 7030 0 -0.117276000
D/UDP-TIMING(17001): 7031 0 -0.120020000
D/UDP-TIMING(17001): 7032 0 -0.122763000
D/UDP-TIMING(17001): 7033 0 -0.125518000
D/UDP-TIMING(17001): 7034 0 -0.128236000
D/UDP-TIMING(17001): 7035 0 -0.130979000
D/UDP-TIMING(17001): 7036 0 -0.104154000
D/UDP-TIMING(17001): 7037 0 -0.106871000
D/UDP-TIMING(17001): 7038 0 -0.109637000
D/UDP-TIMING(17001): 7039 0 -0.112331000
D/UDP-TIMING(17001): 7040 0 -0.115022000
D/UDP-TIMING(17001): 7041 0 -0.117708000
D/UDP-TIMING(17001): 7042 0 -0.120362000
D/UDP-TIMING(17001): 7043 0 -0.123099000
D/UDP-TIMING(17001): 7044 0 -0.125843000
D/UDP-TIMING(17001): 7045 0 -0.128589000
D/UDP-TIMING(17001): 7046 0 -0.100705000
D/UDP-TIMING(17001): 7047 0 -0.103368000
D/UDP-TIMING(17001): 7048 0 -0.106053000
D/UDP-TIMING(17001): 7049 0 -0.108735000
D/UDP-TIMING(17001): 7050 0 -0.111472000
D/UDP-TIMING(17001): 7051 0 -0.114169000
D/UDP-TIMING(17001): 7052 0 -0.116829000
D/UDP-TIMING(17001): 7053 0 -0.119508000
D/UDP-TIMING(17001): 7054 0 -0.122192000
D/UDP-TIMING(17001): 7055 0 -0.124933000
D/UDP-TIMING(17001): 7056 0 -0.127676000
D/UDP-TIMING(17001): 7057 0 -0.130400000
D/UDP-TIMING(17001): 7058 0 -0.103483000
D/UDP-TIMING(17001): 7059 0 -0.106200000
D/UDP-TIMING(17001): 7060 0 -0.108947000
D/UDP-TIMING(17001): 7061 0 -0.111639000
D/UDP-TIMING(17001): 7062 0 -0.114331000
D/UDP-TIMING(17001): 7063 0 -0.117013000
D/UDP-TIMING(17001): 7064 0 -0.119723000
D/UDP-TIMING(17001): 7065 0 -0.122466000
D/UDP-TIMING(17001): 7066 0 -0.125210000
D/UDP-TIMING(17001): 7067 0 -0.127957000
D/UDP-TIMING(17001): 7068 0 -0.100529000
D/UDP-TIMING(17001): 7069 0 -0.103277000
E/TrafficStats(16531): [QCTMM]tryAll index=0
E/TrafficStats(16531): [QCTMM]tryAll index=1
E/TrafficStats(16531): [QCTMM]tryAll index=2
E/TrafficStats(16531): [QCTMM]tryAll index=0
E/TrafficStats(16531): [QCTMM]tryAll index=1
E/TrafficStats(16531): [QCTMM]tryAll index=2
E/TrafficStats(16531): [QCTMM]tryAll index=0
E/TrafficStats(16531): [QCTMM]tryAll index=1
E/TrafficStats(16531): [QCTMM]tryAll index=2
E/TrafficStats(16531): [QCTMM]tryAll index=0
E/TrafficStats(16531): [QCTMM]tryAll index=1
E/TrafficStats(16531): [QCTMM]tryAll index=2
E/TrafficStats( 1673): [QCTMM]tryAll index=0
E/TrafficStats( 1673): [QCTMM]tryAll index=1
E/TrafficStats( 1673): [QCTMM]tryAll index=2
E/TrafficStats( 1673): [QCTMM]tryAll index=0
E/TrafficStats( 1673): [QCTMM]tryAll index=1
E/TrafficStats( 1673): [QCTMM]tryAll index=2
D/DATA    ( 1860): sentSinceLastRecv=0,watchdogTrigger=10,maxindex=0
D/UDP-TIMING(17001): 7070 0 -0.126624000
D/UDP-TIMING(17001): 7071 0 -0.129374000
D/UDP-TIMING(17001): 7072 0 -0.132120000
D/UDP-TIMING(17001): 7073 0 -0.111896000
D/UDP-TIMING(17001): 7074 0 -0.114561000
D/UDP-TIMING(17001): 7075 0 -0.117269000
D/UDP-TIMING(17001): 7076 0 -0.119925000
D/UDP-TIMING(17001): 7077 0 -0.122651000
D/UDP-TIMING(17001): 7078 0 -0.125397000
D/UDP-TIMING(17001): 7079 0 -0.128137000
D/UDP-TIMING(17001): 7080 0 -0.130797000
D/UDP-TIMING(17001): 7081 0 -0.102333000
D/UDP-TIMING(17001): 7082 0 -0.105023000
D/UDP-TIMING(17001): 7083 0 -0.107702000
D/UDP-TIMING(17001): 7084 0 -0.110382000
D/UDP-TIMING(17001): 7085 0 -0.113035000
D/UDP-TIMING(17001): 7086 0 -0.115670000
D/UDP-TIMING(17001): 7087 0 -0.118388000
D/UDP-TIMING(17001): 7088 0 -0.121162000
D/UDP-TIMING(17001): 7089 0 -0.123897000
D/UDP-TIMING(17001): 7090 0 -0.126681000
D/UDP-TIMING(17001): 7091 0 -0.129382000
D/UDP-TIMING(17001): 7092 0 -0.103295000
D/UDP-TIMING(17001): 7093 0 -0.105976000
D/UDP-TIMING(17001): 7094 0 -0.108652000
D/UDP-TIMING(17001): 7095 0 -0.111381000
D/UDP-TIMING(17001): 7096 0 -0.114150000
D/UDP-TIMING(17001): 7097 0 -0.116936000
D/UDP-TIMING(17001): 7098 0 -0.119601000
D/UDP-TIMING(17001): 7099 0 -0.122338000
D/UDP-TIMING(17001): 7100 0 -0.125086000
D/UDP-TIMING(17001): 7101 0 -0.127829000
D/UDP-TIMING(17001): 7102 0 -0.130546000
D/Database(16531): dbopen(): path = /data/data/com.onavo.android.onavoid/databases/ui_events, flag = 6, file size = 14046208
D/Database(16531): dbopen(): path = /data/data/com.onavo.android.onavoid/databases/ui_events, mode: wal, disk free size: 2000 M, handle: 0x347818
D/Database(16531): dbclose(): path = /data/data/com.onavo.android.onavoid/databases/ui_events, handle = 0x347818
D/UDP-TIMING(17001): 7103 0 -0.103966000
D/UDP-TIMING(17001): 7104 0 -0.106709000
D/UDP-TIMING(17001): 7105 0 -0.109453000
D/UDP-TIMING(17001): 7106 0 -0.112186000
D/UDP-TIMING(17001): 7107 0 -0.114873000
D/UDP-TIMING(17001): 7108 0 -0.117558000
D/UDP-TIMING(17001): 7109 0 -0.120296000
D/UDP-TIMING(17001): 7110 0 -0.123039000
D/UDP-TIMING(17001): 7111 0 -0.125786000
D/UDP-TIMING(17001): 7112 0 -0.128532000
D/UDP-TIMING(17001): 7113 0 -0.131301000
D/UDP-TIMING(17001): 7114 0 -0.103957000
D/UDP-TIMING(17001): 7115 0 -0.106612000
D/UDP-TIMING(17001): 7116 0 -0.109261000
D/UDP-TIMING(17001): 7117 0 -0.111912000
D/UDP-TIMING(17001): 7118 0 -0.114564000
D/UDP-TIMING(17001): 7119 0 -0.117213000
D/UDP-TIMING(17001): 7120 0 -0.119862000
D/UDP-TIMING(17001): 7121 0 -0.122522000
D/UDP-TIMING(17001): 7122 0 -0.125232000
D/UDP-TIMING(17001): 7123 0 -0.127935000
D/UDP-TIMING(17001): 7124 0 -0.130630000
D/UDP-TIMING(17001): 7125 0 -0.103147000
D/UDP-TIMING(17001): 7126 0 -0.105846000
D/UDP-TIMING(17001): 7127 0 -0.108546000
D/UDP-TIMING(17001): 7128 0 -0.111233000
D/UDP-TIMING(17001): 7129 0 -0.113950000
D/UDP-TIMING(17001): 7130 0 -0.116667000
D/UDP-TIMING(17001): 7131 0 -0.119359000
D/UDP-TIMING(17001): 7132 0 -0.122115000
D/UDP-TIMING(17001): 7133 0 -0.124833000
D/UDP-TIMING(17001): 7134 0 -0.127532000
D/UDP-TIMING(17001): 7135 0 -0.130224000
D/UDP-TIMING(17001): 7136 0 -0.102867000
D/UDP-TIMING(17001): 7137 0 -0.105583000
D/UDP-TIMING(17001): 7138 0 -0.108293000
D/UDP-TIMING(17001): 7139 0 -0.110991000
D/UDP-TIMING(17001): 7140 0 -0.113655000
D/UDP-TIMING(17001): 7141 0 -0.116370000
D/UDP-TIMING(17001): 7142 0 -0.119088000
D/UDP-TIMING(17001): 7143 0 -0.121788000
D/UDP-TIMING(17001): 7144 0 -0.124488000
D/UDP-TIMING(17001): 7145 0 -0.127141000
D/UDP-TIMING(17001): 7146 0 -0.129760000
D/UDP-TIMING(17001): 7147 0 -0.102046000
D/UDP-TIMING(17001): 7148 0 -0.104699000
D/UDP-TIMING(17001): 7149 0 -0.107349000
D/UDP-TIMING(17001): 7150 0 -0.109967000
D/UDP-TIMING(17001): 7151 0 -0.112615000
D/UDP-TIMING(17001): 7152 0 -0.115308000
D/UDP-TIMING(17001): 7153 0 -0.118022000
D/UDP-TIMING(17001): 7154 0 -0.120740000
D/UDP-TIMING(17001): 7155 0 -0.123457000
D/UDP-TIMING(17001): 7156 0 -0.126143000
D/UDP-TIMING(17001): 7157 0 -0.128860000
D/UDP-TIMING(17001): 7158 0 -0.131559000
D/UDP-TIMING(17001): 7159 0 -0.104585000
D/UDP-TIMING(17001): 7160 0 -0.107205000
D/UDP-TIMING(17001): 7161 0 -0.109866000
D/UDP-TIMING(17001): 7162 0 -0.112538000
D/UDP-TIMING(17001): 7163 0 -0.115194000
D/UDP-TIMING(17001): 7164 0 -0.117850000
D/UDP-TIMING(17001): 7165 0 -0.120465000
D/UDP-TIMING(17001): 7166 0 -0.123113000
D/UDP-TIMING(17001): 7167 0 -0.125806000
D/UDP-TIMING(17001): 7168 0 -0.128505000
D/UDP-TIMING(17001): 7169 0 -0.131175000
D/UDP-TIMING(17001): 7170 0 -0.103680000
E/TrafficStats( 1673): [QCTMM]tryAll index=0
E/TrafficStats( 1673): [QCTMM]tryAll index=1
E/TrafficStats( 1673): [QCTMM]tryAll index=2
E/TrafficStats( 1673): [QCTMM]tryAll index=0
E/TrafficStats( 1673): [QCTMM]tryAll index=1
E/TrafficStats( 1673): [QCTMM]tryAll index=2
D/DATA    ( 1860): sentSinceLastRecv=0,watchdogTrigger=10,maxindex=0
D/UDP-TIMING(17001): 7171 0 -0.128050000
D/UDP-TIMING(17001): 7172 0 -0.130709000
D/UDP-TIMING(17001): 7173 0 -0.109435000
D/UDP-TIMING(17001): 7174 0 -0.112084000
D/UDP-TIMING(17001): 7175 0 -0.114701000
D/UDP-TIMING(17001): 7176 0 -0.117361000
D/UDP-TIMING(17001): 7177 0 -0.119979000
D/UDP-TIMING(17001): 7178 0 -0.122626000
D/UDP-TIMING(17001): 7179 0 -0.125267000
D/UDP-TIMING(17001): 7180 0 -0.127954000
D/UDP-TIMING(17001): 7181 0 -0.130585000
D/UDP-TIMING(17001): 7182 0 -0.102893000
D/UDP-TIMING(17001): 7183 0 -0.105581000
D/UDP-TIMING(17001): 7184 0 -0.108242000
D/UDP-TIMING(17001): 7185 0 -0.110935000
D/UDP-TIMING(17001): 7186 0 -0.113628000
D/UDP-TIMING(17001): 7187 0 -0.116314000
D/UDP-TIMING(17001): 7188 0 -0.118976000
D/UDP-TIMING(17001): 7189 0 -0.121755000
D/UDP-TIMING(17001): 7190 0 -0.124499000
D/UDP-TIMING(17001): 7191 0 -0.127302000
D/UDP-TIMING(17001): 7192 0 -0.130004000
D/UDP-TIMING(17001): 7193 0 -0.103191000
D/UDP-TIMING(17001): 7194 0 -0.105896000
D/UDP-TIMING(17001): 7195 0 -0.108629000
D/UDP-TIMING(17001): 7196 0 -0.111425000
D/UDP-TIMING(17001): 7197 0 -0.114204000
D/UDP-TIMING(17001): 7198 0 -0.116989000
D/UDP-TIMING(17001): 7199 0 -0.119728000
D/UDP-TIMING(17001): 7200 0 -0.122512000
D/UDP-TIMING(17001): 7201 0 -0.125249000
D/UDP-TIMING(17001): 7202 0 -0.128002000
D/UDP-TIMING(17001): 7203 0 -0.130741000
D/UDP-TIMING(17001): 7204 0 -0.103250000
D/UDP-TIMING(17001): 7205 0 -0.105985000
D/UDP-TIMING(17001): 7206 0 -0.108725000
D/UDP-TIMING(17001): 7207 0 -0.111461000
D/UDP-TIMING(17001): 7208 0 -0.114181000
D/UDP-TIMING(17001): 7209 0 -0.116927000
D/UDP-TIMING(17001): 7210 0 -0.119674000
D/UDP-TIMING(17001): 7211 0 -0.122416000
D/UDP-TIMING(17001): 7212 0 -0.125163000
D/UDP-TIMING(17001): 7213 0 -0.127910000
D/UDP-TIMING(17001): 7214 0 -0.130618000
D/UDP-TIMING(17001): 7215 0 -0.103724000
D/UDP-TIMING(17001): 7216 0 -0.106446000
D/UDP-TIMING(17001): 7217 0 -0.109185000
D/UDP-TIMING(17001): 7218 0 -0.111940000
D/UDP-TIMING(17001): 7219 0 -0.114686000
D/UDP-TIMING(17001): 7220 0 -0.117433000
D/UDP-TIMING(17001): 7221 0 -0.120146000
D/UDP-TIMING(17001): 7222 0 -0.122878000
D/UDP-TIMING(17001): 7223 0 -0.125639000
D/UDP-TIMING(17001): 7224 0 -0.128305000
D/UDP-TIMING(17001): 7225 0 -0.131035000
D/UDP-TIMING(17001): 7226 0 -0.103535000
D/UDP-TIMING(17001): 7227 0 -0.106307000
D/UDP-TIMING(17001): 7228 0 -0.109036000
D/UDP-TIMING(17001): 7229 0 -0.111727000
D/UDP-TIMING(17001): 7230 0 -0.114447000
D/UDP-TIMING(17001): 7231 0 -0.117132000
D/UDP-TIMING(17001): 7232 0 -0.119848000
D/UDP-TIMING(17001): 7233 0 -0.122550000
D/UDP-TIMING(17001): 7234 0 -0.125249000
D/UDP-TIMING(17001): 7235 0 -0.127948000
D/UDP-TIMING(17001): 7236 0 -0.130648000
D/UDP-TIMING(17001): 7237 0 -0.103499000
D/UDP-TIMING(17001): 7238 0 -0.106195000
D/UDP-TIMING(17001): 7239 0 -0.108892000
D/UDP-TIMING(17001): 7240 0 -0.111603000
D/UDP-TIMING(17001): 7241 0 -0.114320000
D/UDP-TIMING(17001): 7242 0 -0.116994000
D/UDP-TIMING(17001): 7243 0 -0.119697000
D/UDP-TIMING(17001): 7244 0 -0.122397000
D/UDP-TIMING(17001): 7245 0 -0.125096000
D/UDP-TIMING(17001): 7246 0 -0.127812000
D/UDP-TIMING(17001): 7247 0 -0.130490000
D/UDP-TIMING(17001): 7248 0 -0.103010000
D/UDP-TIMING(17001): 7249 0 -0.105695000
D/UDP-TIMING(17001): 7250 0 -0.108408000
D/UDP-TIMING(17001): 7251 0 -0.111112000
D/UDP-TIMING(17001): 7252 0 -0.113828000
D/UDP-TIMING(17001): 7253 0 -0.116545000
D/UDP-TIMING(17001): 7254 0 -0.119207000
D/UDP-TIMING(17001): 7255 0 -0.121884000
D/UDP-TIMING(17001): 7256 0 -0.124587000
D/UDP-TIMING(17001): 7257 0 -0.127290000
D/UDP-TIMING(17001): 7258 0 -0.129985000
D/UDP-TIMING(17001): 7259 0 -0.102848000
D/UDP-TIMING(17001): 7260 0 -0.105607000
D/UDP-TIMING(17001): 7261 0 -0.108324000
D/UDP-TIMING(17001): 7262 0 -0.111045000
D/UDP-TIMING(17001): 7263 0 -0.113712000
D/UDP-TIMING(17001): 7264 0 -0.116429000
D/UDP-TIMING(17001): 7265 0 -0.119147000
D/UDP-TIMING(17001): 7266 0 -0.121861000
D/UDP-TIMING(17001): 7267 0 -0.124581000
D/UDP-TIMING(17001): 7268 0 -0.127271000
D/UDP-TIMING(17001): 7269 0 -0.130026000
D/UDP-TIMING(17001): 7270 0 -0.131399000
D/UDP-TIMING(17001): 7271 0 -0.105949000
E/TrafficStats( 1673): [QCTMM]tryAll index=0
E/TrafficStats( 1673): [QCTMM]tryAll index=1
E/TrafficStats( 1673): [QCTMM]tryAll index=2
E/TrafficStats( 1673): [QCTMM]tryAll index=0
E/TrafficStats( 1673): [QCTMM]tryAll index=1
E/TrafficStats( 1673): [QCTMM]tryAll index=2
D/DATA    ( 1860): sentSinceLastRecv=0,watchdogTrigger=10,maxindex=0
D/UDP-TIMING(17001): 7272 0 -0.127673000
D/UDP-TIMING(17001): 7273 0 -0.130422000
D/UDP-TIMING(17001): 7274 0 -0.111532000
D/UDP-TIMING(17001): 7275 0 -0.114279000
D/UDP-TIMING(17001): 7276 0 -0.116936000
D/UDP-TIMING(17001): 7277 0 -0.119638000
D/UDP-TIMING(17001): 7278 0 -0.122380000
D/UDP-TIMING(17001): 7279 0 -0.125114000
D/UDP-TIMING(17001): 7280 0 -0.127855000
D/UDP-TIMING(17001): 7281 0 -0.130599000
D/UDP-TIMING(17001): 7282 0 -0.103158000
D/UDP-TIMING(17001): 7283 0 -0.105892000
D/UDP-TIMING(17001): 7284 0 -0.108589000
D/UDP-TIMING(17001): 7285 0 -0.111322000
D/UDP-TIMING(17001): 7286 0 -0.114055000
D/UDP-TIMING(17001): 7287 0 -0.116695000
D/UDP-TIMING(17001): 7288 0 -0.119411000
D/UDP-TIMING(17001): 7289 0 -0.122135000
D/UDP-TIMING(17001): 7290 0 -0.124827000
D/UDP-TIMING(17001): 7291 0 -0.127548000
D/UDP-TIMING(17001): 7292 0 -0.130324000
D/UDP-TIMING(17001): 7293 0 -0.129653000
D/UDP-TIMING(17001): 7294 0 -0.131999000
D/UDP-TIMING(17001): 7295 0 -0.108306000
D/UDP-TIMING(17001): 7296 0 -0.111026000
D/UDP-TIMING(17001): 7297 0 -0.113689000
D/UDP-TIMING(17001): 7298 0 -0.116398000
D/UDP-TIMING(17001): 7299 0 -0.119023000
D/UDP-TIMING(17001): 7300 0 -0.121673000
D/UDP-TIMING(17001): 7301 0 -0.124367000
D/UDP-TIMING(17001): 7302 0 -0.127067000
D/UDP-TIMING(17001): 7303 0 -0.129761000
D/UDP-TIMING(17001): 7304 0 -0.102743000
D/UDP-TIMING(17001): 7305 0 -0.105495000
D/UDP-TIMING(17001): 7306 0 -0.108242000
D/UDP-TIMING(17001): 7307 0 -0.110915000
D/UDP-TIMING(17001): 7308 0 -0.113608000
D/UDP-TIMING(17001): 7309 0 -0.116296000
D/UDP-TIMING(17001): 7310 0 -0.118982000
D/UDP-TIMING(17001): 7311 0 -0.121666000
D/UDP-TIMING(17001): 7312 0 -0.124319000
D/UDP-TIMING(17001): 7313 0 -0.127006000
D/UDP-TIMING(17001): 7314 0 -0.129693000
D/UDP-TIMING(17001): 7315 0 -0.132314000
D/UDP-TIMING(17001): 7316 0 -0.104883000
D/UDP-TIMING(17001): 7317 0 -0.107629000
