I/PackageManager( 1673): Adding preferred activity ComponentInfo{com.android.htcdialer/com.android.htcdialer.Dialer}:
I/PackageManager( 1673): Adding preferred activity ComponentInfo{com.android.htcdialer/com.android.htcdialer.Dialer}:
I/PackageManager( 1673): Adding preferred activity ComponentInfo{com.android.htcdialer/com.android.htcdialer.Dialer}:
I/PackageManager( 1673): Adding preferred activity ComponentInfo{com.htc.android.mail/com.htc.android.mail.ComposeActivity}:
I/PackageManager( 1673): Adding preferred activity ComponentInfo{com.htc.android.mail/com.htc.android.mail.ComposeActivity}:
I/PackageManager( 1673): Adding preferred activity ComponentInfo{com.android.browser/com.android.browser.BrowserActivity}:
D/StatusBarPolicy( 1816): hasService()=true ,mDataState=2 ,mPhone.htcModemLinkOn()=false ,mDataActivity=1
D/StatusBarPolicy( 1816): slotType[0]=RUIM
D/StatusBarPolicy( 1816): hasService()=true ,mDataState=2 ,mPhone.htcModemLinkOn()=false ,mDataActivity=2
D/StatusBarPolicy( 1816): slotType[0]=RUIM
D/StatusBarPolicy( 1816): hasService()=true ,mDataState=2 ,mPhone.htcModemLinkOn()=false ,mDataActivity=0
D/StatusBarPolicy( 1816): slotType[0]=RUIM
I/ActivityManager( 1673): Starting activity: Intent { act=android.intent.action.MAIN cat=[android.intent.category.LAUNCHER] flg=0x10100000 cmp=com.example.hellojni/.HelloJni } from pid 1816
I/ActivityManager( 1673): Start proc com.example.hellojni for activity com.example.hellojni/.HelloJni: pid=17001 uid=10167 gids={1015, 3003}
V/NotificationService( 1673): Charging...
W/InputManagerService( 1673): [unbindCurrentClientLocked] Disable input method client.
W/InputManagerService( 1673): [startInputLocked] Enable input method client.
D/StatusBarPolicy( 1816): hasService()=true ,mDataState=2 ,mPhone.htcModemLinkOn()=false ,mDataActivity=3
D/StatusBarPolicy( 1816): slotType[0]=RUIM
D/StatusBarPolicy( 1816): hasService()=true ,mDataState=2 ,mPhone.htcModemLinkOn()=false ,mDataActivity=1
D/StatusBarPolicy( 1816): slotType[0]=RUIM
D/StatusBarPolicy( 1816): hasService()=true ,mDataState=2 ,mPhone.htcModemLinkOn()=false ,mDataActivity=3
D/StatusBarPolicy( 1816): slotType[0]=RUIM
D/StatusBarPolicy( 1816): hasService()=true ,mDataState=2 ,mPhone.htcModemLinkOn()=false ,mDataActivity=1
D/StatusBarPolicy( 1816): slotType[0]=RUIM
D/StatusBarPolicy( 1816): iconIndex=1
V/StatusBarPolicy( 1816): cdmaLevel:4;max:4
D/StatusBarPolicy( 1816): iconLevel:4
D/StatusBarPolicy( 1816): iconIndex=1
V/StatusBarPolicy( 1816): cdmaLevel:3;max:4
D/StatusBarPolicy( 1816): iconLevel:3
V/DeviceStorageMonitorService( 1673): freeMemory=2097885184
D/DeviceStorageMonitorService( 1673): OoO SMS Memory available. SMS_AVAILABLE_THRESHOLD == 524288
I/DeviceStorageMonitorService( 1673): Posting Message again
I/ActivityManager( 1673): Start proc com.htc.android.Stock for broadcast com.htc.android.Stock/.StockSyncReceiver: pid=17009 uid=10008 gids={3003, 1006, 1015, 2001}
D/StatusBarPolicy( 1816): iconIndex=1
V/StatusBarPolicy( 1816): cdmaLevel:4;max:4
D/StatusBarPolicy( 1816): iconLevel:4
D/StatusBarPolicy( 1816): iconIndex=1
V/StatusBarPolicy( 1816): cdmaLevel:4;max:4
D/StatusBarPolicy( 1816): iconLevel:4
V/DeviceStorageMonitorService( 1673): freeMemory=2097885184
D/DeviceStorageMonitorService( 1673): OoO SMS Memory available. SMS_AVAILABLE_THRESHOLD == 524288
I/DeviceStorageMonitorService( 1673): Posting Message again
D/StatusBarPolicy( 1816): hasService()=true ,mDataState=2 ,mPhone.htcModemLinkOn()=false ,mDataActivity=0
D/StatusBarPolicy( 1816): slotType[0]=RUIM
D/StatusBarPolicy( 1816): iconIndex=1
V/StatusBarPolicy( 1816): cdmaLevel:3;max:4
D/StatusBarPolicy( 1816): iconLevel:3
D/StatusBarPolicy( 1816): hasService()=true ,mDataState=2 ,mPhone.htcModemLinkOn()=false ,mDataActivity=0
D/StatusBarPolicy( 1816): slotType[0]=RUIM
I/ActivityManager( 1673): Start proc edu.mit.mitmobile2 for broadcast edu.mit.mitmobile2/.alerts.NotificationsAlarmReceiver: pid=17018 uid=10124 gids={1006, 3003, 1015}
D/StatusBarPolicy( 1816): hasService()=true ,mDataState=2 ,mPhone.htcModemLinkOn()=false ,mDataActivity=0
D/StatusBarPolicy( 1816): slotType[0]=RUIM
D/StatusBarPolicy( 1816): hasService()=true ,mDataState=2 ,mPhone.htcModemLinkOn()=false ,mDataActivity=3
D/StatusBarPolicy( 1816): slotType[0]=RUIM
D/StatusBarPolicy( 1816): hasService()=true ,mDataState=2 ,mPhone.htcModemLinkOn()=false ,mDataActivity=0
D/StatusBarPolicy( 1816): slotType[0]=RUIM
D/StatusBarPolicy( 1816): hasService()=true ,mDataState=2 ,mPhone.htcModemLinkOn()=false ,mDataActivity=0
D/StatusBarPolicy( 1816): slotType[0]=RUIM
D/StatusBarPolicy( 1816): iconIndex=1
V/StatusBarPolicy( 1816): cdmaLevel:4;max:4
D/StatusBarPolicy( 1816): iconLevel:4
V/DeviceStorageMonitorService( 1673): freeMemory=2097885184
D/DeviceStorageMonitorService( 1673): OoO SMS Memory available. SMS_AVAILABLE_THRESHOLD == 524288
I/DeviceStorageMonitorService( 1673): Posting Message again
D/StatusBarPolicy( 1816): iconIndex=1
V/StatusBarPolicy( 1816): cdmaLevel:3;max:4
D/StatusBarPolicy( 1816): iconLevel:3
D/StatusBarPolicy( 1816): hasService()=true ,mDataState=2 ,mPhone.htcModemLinkOn()=false ,mDataActivity=2
D/StatusBarPolicy( 1816): slotType[0]=RUIM
D/StatusBarPolicy( 1816): hasService()=true ,mDataState=2 ,mPhone.htcModemLinkOn()=false ,mDataActivity=0
D/StatusBarPolicy( 1816): slotType[0]=RUIM
D/StatusBarPolicy( 1816): hasService()=true ,mDataState=2 ,mPhone.htcModemLinkOn()=false ,mDataActivity=1
D/StatusBarPolicy( 1816): slotType[0]=RUIM
D/StatusBarPolicy( 1816): iconIndex=1
V/StatusBarPolicy( 1816): cdmaLevel:4;max:4
D/StatusBarPolicy( 1816): iconLevel:4
D/StatusBarPolicy( 1816): iconIndex=1
V/StatusBarPolicy( 1816): cdmaLevel:2;max:4
D/StatusBarPolicy( 1816): iconLevel:2
D/StatusBarPolicy( 1816): iconIndex=1
V/StatusBarPolicy( 1816): cdmaLevel:4;max:4
D/StatusBarPolicy( 1816): iconLevel:4
D/StatusBarPolicy( 1816): iconIndex=1
V/StatusBarPolicy( 1816): cdmaLevel:3;max:4
D/StatusBarPolicy( 1816): iconLevel:3
D/StatusBarPolicy( 1816): iconIndex=1
V/StatusBarPolicy( 1816): cdmaLevel:4;max:4
D/StatusBarPolicy( 1816): iconLevel:4
D/StatusBarPolicy( 1816): iconIndex=1
V/StatusBarPolicy( 1816): cdmaLevel:3;max:4
D/StatusBarPolicy( 1816): iconLevel:3
V/DeviceStorageMonitorService( 1673): freeMemory=2097885184
D/DeviceStorageMonitorService( 1673): OoO SMS Memory available. SMS_AVAILABLE_THRESHOLD == 524288
I/DeviceStorageMonitorService( 1673): Posting Message again
D/StatusBarPolicy( 1816): iconIndex=1
V/StatusBarPolicy( 1816): cdmaLevel:4;max:4
D/StatusBarPolicy( 1816): iconLevel:4
D/StatusBarPolicy( 1816): iconIndex=1
V/StatusBarPolicy( 1816): cdmaLevel:3;max:4
D/StatusBarPolicy( 1816): iconLevel:3
D/StatusBarPolicy( 1816): hasService()=true ,mDataState=2 ,mPhone.htcModemLinkOn()=false ,mDataActivity=0
D/StatusBarPolicy( 1816): slotType[0]=RUIM
V/DeviceStorageMonitorService( 1673): freeMemory=2097885184
D/DeviceStorageMonitorService( 1673): OoO SMS Memory available. SMS_AVAILABLE_THRESHOLD == 524288
I/DeviceStorageMonitorService( 1673): Posting Message again
D/StatusBarPolicy( 1816): iconIndex=1
V/StatusBarPolicy( 1816): cdmaLevel:4;max:4
D/StatusBarPolicy( 1816): iconLevel:4
D/StatusBarPolicy( 1816): hasService()=true ,mDataState=2 ,mPhone.htcModemLinkOn()=false ,mDataActivity=0
D/StatusBarPolicy( 1816): slotType[0]=RUIM
D/StatusBarPolicy( 1816): iconIndex=1
V/StatusBarPolicy( 1816): cdmaLevel:2;max:4
D/StatusBarPolicy( 1816): iconLevel:2
D/StatusBarPolicy( 1816): iconIndex=1
V/StatusBarPolicy( 1816): cdmaLevel:3;max:4
D/StatusBarPolicy( 1816): iconLevel:3
D/StatusBarPolicy( 1816): hasService()=true ,mDataState=2 ,mPhone.htcModemLinkOn()=false ,mDataActivity=2
D/StatusBarPolicy( 1816): slotType[0]=RUIM
D/StatusBarPolicy( 1816): hasService()=true ,mDataState=2 ,mPhone.htcModemLinkOn()=false ,mDataActivity=0
D/StatusBarPolicy( 1816): slotType[0]=RUIM
D/StatusBarPolicy( 1816): hasService()=true ,mDataState=2 ,mPhone.htcModemLinkOn()=false ,mDataActivity=1
D/StatusBarPolicy( 1816): slotType[0]=RUIM
V/DeviceStorageMonitorService( 1673): freeMemory=2097885184
D/DeviceStorageMonitorService( 1673): OoO SMS Memory available. SMS_AVAILABLE_THRESHOLD == 524288
I/DeviceStorageMonitorService( 1673): Posting Message again
D/StatusBarPolicy( 1816): iconIndex=1
V/StatusBarPolicy( 1816): cdmaLevel:4;max:4
D/StatusBarPolicy( 1816): iconLevel:4
--------- beginning of /dev/log/main
D/UDP-TIMING(17001): 9385 0 -0.117205000
D/UDP-TIMING(17001): 9386 0 -0.119845000
D/UDP-TIMING(17001): 9387 0 -0.126200000
D/UDP-TIMING(17001): 9388 0 -0.112181000
D/UDP-TIMING(17001): 9389 0 -0.104348000
D/UDP-TIMING(17001): 9390 0 -0.107435000
D/UDP-TIMING(17001): 9391 0 -0.123382000
D/UDP-TIMING(17001): 9392 0 -0.103760000
D/UDP-TIMING(17001): 9393 0 -0.124023000
D/UDP-TIMING(17001): 9394 0 -0.120122000
D/UDP-TIMING(17001): 9395 0 -0.119450000
E/TrafficStats( 1673): [QCTMM]tryAll index=0
E/TrafficStats( 1673): [QCTMM]tryAll index=1
E/TrafficStats( 1673): [QCTMM]tryAll index=2
D/UDP-TIMING(17001): 9396 0 -0.100288000
D/UDP-TIMING(17001): 9397 0 -0.102739000
D/UDP-TIMING(17001): 9398 0 -0.106191000
D/UDP-TIMING(17001): 9399 0 -0.114168000
D/UDP-TIMING(17001): 9400 0 -0.116540000
D/UDP-TIMING(17001): 9401 0 -0.117501000
D/UDP-TIMING(17001): 9402 0 -0.124333000
E/TrafficStats( 1673): [QCTMM]tryAll index=0
E/TrafficStats( 1673): [QCTMM]tryAll index=1
E/TrafficStats( 1673): [QCTMM]tryAll index=2
D/DATA    ( 1860): sentSinceLastRecv=0,watchdogTrigger=10,maxindex=0
D/UDP-TIMING(17001): 9403 0 -0.099690000
D/UDP-TIMING(17001): 9404 0 -0.103912000
D/UDP-TIMING(17001): 9405 0 -0.111361000
D/UDP-TIMING(17001): 9406 0 -0.117170000
D/UDP-TIMING(17001): 9407 0 -0.098963000
D/UDP-TIMING(17001): 9408 0 -0.111540000
D/UDP-TIMING(17001): 9409 0 -0.123330000
D/UDP-TIMING(17001): 9410 0 -0.125058000
D/UDP-TIMING(17001): 9411 0 -0.101728000
D/UDP-TIMING(17001): 9412 0 -0.119611000
D/UDP-TIMING(17001): 9413 0 -0.095716000
D/UDP-TIMING(17001): 9414 0 -0.113548000
D/UDP-TIMING(17001): 9415 0 -0.115022000
D/UDP-TIMING(17001): 9416 0 -0.117285000
D/UDP-TIMING(17001): 9417 0 -0.117918000
D/UDP-TIMING(17001): 9418 0 -0.096479000
D/UDP-TIMING(17001): 9419 0 -0.110789000
D/UDP-TIMING(17001): 9420 0 -0.111375000
D/UDP-TIMING(17001): 9421 0 -0.099539000
D/UDP-TIMING(17001): 9422 0 -0.107703000
D/UDP-TIMING(17001): 9423 0 -0.118810000
D/UDP-TIMING(17001): 9424 0 -0.100548000
D/UDP-TIMING(17001): 9425 0 -0.107129000
D/UDP-TIMING(17001): 9426 0 -0.116798000
D/UDP-TIMING(17001): 9427 0 -0.121266000
D/UDP-TIMING(17001): 9428 0 -0.103080000
D/UDP-TIMING(17001): 9429 0 -0.094539000
D/UDP-TIMING(17001): 9430 0 -0.116100000
D/UDP-TIMING(17001): 9431 0 -0.106532000
D/UDP-TIMING(17001): 9432 0 -0.109404000
D/UDP-TIMING(17001): 9433 0 -0.114181000
D/UDP-TIMING(17001): 9434 0 -0.118049000
D/UDP-TIMING(17001): 9435 0 -0.113929000
D/UDP-TIMING(17001): 9436 0 -0.105462000
D/UDP-TIMING(17001): 9437 0 -0.118862000
D/UDP-TIMING(17001): 9438 0 -0.098291000
D/UDP-TIMING(17001): 9439 0 -0.107283000
D/UDP-TIMING(17001): 9440 0 -0.112920000
D/UDP-TIMING(17001): 9441 0 -0.097406000
D/UDP-TIMING(17001): 9442 0 -0.097800000
D/UDP-TIMING(17001): 9443 0 -0.100808000
D/UDP-TIMING(17001): 9444 0 -0.103631000
D/UDP-TIMING(17001): 9445 0 -0.122601000
D/UDP-TIMING(17001): 9446 0 -0.097155000
D/UDP-TIMING(17001): 9447 0 -0.099420000
D/UDP-TIMING(17001): 9448 0 -0.121709000
D/UDP-TIMING(17001): 9449 0 -0.121524000
D/UDP-TIMING(17001): 9450 0 -0.120286000
D/UDP-TIMING(17001): 9451 0 -0.117110000
D/UDP-TIMING(17001): 9452 0 -0.101877000
D/UDP-TIMING(17001): 9453 0 -0.108861000
D/UDP-TIMING(17001): 9454 0 -0.118041000
D/UDP-TIMING(17001): 9455 0 -0.094970000
D/UDP-TIMING(17001): 9456 0 -0.097242000
D/UDP-TIMING(17001): 9457 0 -0.099700000
D/UDP-TIMING(17001): 9458 0 -0.116527000
D/UDP-TIMING(17001): 9459 0 -0.096515000
D/UDP-TIMING(17001): 9460 0 -0.097598000
D/UDP-TIMING(17001): 9461 0 -0.109587000
D/UDP-TIMING(17001): 9462 0 -0.116747000
D/UDP-TIMING(17001): 9463 0 -0.117408000
D/UDP-TIMING(17001): 9464 0 -0.118121000
D/UDP-TIMING(17001): 9465 0 -0.104924000
D/UDP-TIMING(17001): 9466 0 -0.110043000
D/UDP-TIMING(17001): 9467 0 -0.107096000
D/UDP-TIMING(17001): 9468 0 -0.114910000
D/UDP-TIMING(17001): 9469 0 -0.123914000
D/UDP-TIMING(17001): 9470 0 -0.101089000
D/UDP-TIMING(17001): 9471 0 -0.101324000
D/UDP-TIMING(17001): 9472 0 -0.105659000
D/UDP-TIMING(17001): 9473 0 -0.113533000
D/UDP-TIMING(17001): 9474 0 -0.115940000
D/UDP-TIMING(17001): 9475 0 -0.124478000
D/UDP-TIMING(17001): 9476 0 -0.099141000
D/UDP-TIMING(17001): 9477 0 -0.107590000
D/UDP-TIMING(17001): 9478 0 -0.121948000
D/UDP-TIMING(17001): 9479 0 -0.125372000
D/UDP-TIMING(17001): 9480 0 -0.103102000
D/UDP-TIMING(17001): 9481 0 -0.115376000
D/UDP-TIMING(17001): 9482 0 -0.117825000
D/UDP-TIMING(17001): 9483 0 -0.121385000
D/UDP-TIMING(17001): 9484 0 -0.122460000
D/UDP-TIMING(17001): 9485 0 -0.109144000
D/UDP-TIMING(17001): 9486 0 -0.123139000
D/UDP-TIMING(17001): 9487 0 -0.124979000
E/TrafficStats( 1673): [QCTMM]tryAll index=0
E/TrafficStats( 1673): [QCTMM]tryAll index=1
E/TrafficStats( 1673): [QCTMM]tryAll index=2
E/TrafficStats( 1673): [QCTMM]tryAll index=0
E/TrafficStats( 1673): [QCTMM]tryAll index=1
E/TrafficStats( 1673): [QCTMM]tryAll index=2
D/DATA    ( 1860): sentSinceLastRecv=0,watchdogTrigger=10,maxindex=0
D/UDP-TIMING(17001): 9488 0 -0.108870000
D/UDP-TIMING(17001): 9489 0 -0.117232000
D/UDP-TIMING(17001): 9490 0 -0.103370000
D/UDP-TIMING(17001): 9491 0 -0.104324000
D/UDP-TIMING(17001): 9492 0 -0.107428000
D/UDP-TIMING(17001): 9493 0 -0.110920000
D/UDP-TIMING(17001): 9494 0 -0.112418000
D/UDP-TIMING(17001): 9495 0 -0.116229000
D/UDP-TIMING(17001): 9496 0 -0.117269000
D/UDP-TIMING(17001): 9497 0 -0.118374000
D/UDP-TIMING(17001): 9498 0 -0.121209000
D/UDP-TIMING(17001): 9499 0 -0.100985000
D/UDP-TIMING(17001): 9500 0 -0.112233000
D/UDP-TIMING(17001): 9501 0 -0.095835000
D/UDP-TIMING(17001): 9502 0 -0.104237000
D/UDP-TIMING(17001): 9503 0 -0.104498000
D/UDP-TIMING(17001): 9504 0 -0.108003000
D/UDP-TIMING(17001): 9505 0 -0.122269000
D/UDP-TIMING(17001): 9506 0 -0.101375000
D/UDP-TIMING(17001): 9507 0 -0.112363000
D/UDP-TIMING(17001): 9508 0 -0.116394000
D/UDP-TIMING(17001): 9509 0 -0.120645000
D/UDP-TIMING(17001): 9510 0 -0.116875000
D/UDP-TIMING(17001): 9511 0 -0.104563000
D/UDP-TIMING(17001): 9512 0 -0.105064000
D/UDP-TIMING(17001): 9513 0 -0.106621000
D/UDP-TIMING(17001): 9514 0 -0.107878000
D/UDP-TIMING(17001): 9515 0 -0.110598000
D/UDP-TIMING(17001): 9516 0 -0.104765000
D/UDP-TIMING(17001): 9517 0 -0.094152000
D/UDP-TIMING(17001): 9518 0 -0.098995000
D/UDP-TIMING(17001): 9519 0 -0.122117000
D/UDP-TIMING(17001): 9520 0 -0.097391000
D/UDP-TIMING(17001): 9521 0 -0.099254000
D/UDP-TIMING(17001): 9522 0 -0.104837000
D/UDP-TIMING(17001): 9523 0 -0.115692000
D/UDP-TIMING(17001): 9524 0 -0.121502000
D/UDP-TIMING(17001): 9525 0 -0.122715000
D/UDP-TIMING(17001): 9526 0 -0.123730000
D/UDP-TIMING(17001): 9527 0 -0.101312000
D/UDP-TIMING(17001): 9528 0 -0.103425000
D/UDP-TIMING(17001): 9529 0 -0.105750000
D/UDP-TIMING(17001): 9530 0 -0.107264000
D/UDP-TIMING(17001): 9531 0 -0.126060000
D/UDP-TIMING(17001): 9532 0 -0.122916000
D/UDP-TIMING(17001): 9533 0 -0.104875000
D/UDP-TIMING(17001): 9534 0 -0.093988000
D/UDP-TIMING(17001): 9535 0 -0.096615000
D/UDP-TIMING(17001): 9536 0 -0.102525000
D/UDP-TIMING(17001): 9537 0 -0.108275000
D/UDP-TIMING(17001): 9538 0 -0.098604000
D/UDP-TIMING(17001): 9539 0 -0.112558000
D/UDP-TIMING(17001): 9540 0 -0.097057000
D/UDP-TIMING(17001): 9541 0 -0.113184000
D/UDP-TIMING(17001): 9542 0 -0.121780000
D/UDP-TIMING(17001): 9543 0 -0.107030000
D/UDP-TIMING(17001): 9544 0 -0.102683000
D/UDP-TIMING(17001): 9545 0 -0.113960000
D/UDP-TIMING(17001): 9546 0 -0.114055000
D/UDP-TIMING(17001): 9547 0 -0.101660000
D/UDP-TIMING(17001): 9548 0 -0.109214000
D/UDP-TIMING(17001): 9549 0 -0.114059000
D/UDP-TIMING(17001): 9550 0 -0.097368000
D/UDP-TIMING(17001): 9551 0 -0.123431000
D/UDP-TIMING(17001): 9552 0 -0.100901000
D/UDP-TIMING(17001): 9553 0 -0.113136000
D/UDP-TIMING(17001): 9554 0 -0.122015000
D/UDP-TIMING(17001): 9555 0 -0.121284000
D/UDP-TIMING(17001): 9556 0 -0.106232000
D/UDP-TIMING(17001): 9557 0 -0.114098000
D/UDP-TIMING(17001): 9558 0 -0.120276000
D/UDP-TIMING(17001): 9559 0 -0.123008000
D/UDP-TIMING(17001): 9560 0 -0.105982000
D/UDP-TIMING(17001): 9561 0 -0.114554000
D/UDP-TIMING(17001): 9562 0 -0.100904000
D/UDP-TIMING(17001): 9563 0 -0.111694000
D/UDP-TIMING(17001): 9564 0 -0.114750000
D/UDP-TIMING(17001): 9565 0 -0.095668000
D/UDP-TIMING(17001): 9566 0 -0.115724000
D/UDP-TIMING(17001): 9567 0 -0.096875000
D/UDP-TIMING(17001): 9568 0 -0.097891000
D/UDP-TIMING(17001): 9569 0 -0.111299000
D/UDP-TIMING(17001): 9570 0 -0.117025000
D/UDP-TIMING(17001): 9571 0 -0.105207000
D/UDP-TIMING(17001): 9572 0 -0.112918000
D/UDP-TIMING(17001): 9573 0 -0.097590000
D/UDP-TIMING(17001): 9574 0 -0.107245000
D/UDP-TIMING(17001): 9575 0 -0.113390000
D/UDP-TIMING(17001): 9576 0 -0.124362000
E/TrafficStats( 1673): [QCTMM]tryAll index=0
E/TrafficStats( 1673): [QCTMM]tryAll index=1
E/TrafficStats( 1673): [QCTMM]tryAll index=2
D/UDP-TIMING(17001): 9577 0 -0.103502000
D/UDP-TIMING(17001): 9578 0 -0.106969000
D/UDP-TIMING(17001): 9579 0 -0.109160000
E/TrafficStats( 1673): [QCTMM]tryAll index=0
E/TrafficStats( 1673): [QCTMM]tryAll index=1
E/TrafficStats( 1673): [QCTMM]tryAll index=2
D/DATA    ( 1860): sentSinceLastRecv=0,watchdogTrigger=10,maxindex=0
D/UDP-TIMING(17001): 9580 0 -0.118604000
D/UDP-TIMING(17001): 9581 0 -0.118707000
D/UDP-TIMING(17001): 9582 0 -0.119949000
D/UDP-TIMING(17001): 9583 0 -0.097790000
D/UDP-TIMING(17001): 9584 0 -0.110065000
D/UDP-TIMING(17001): 9585 0 -0.121645000
D/UDP-TIMING(17001): 9586 0 -0.098348000
D/UDP-TIMING(17001): 9587 0 -0.105243000
D/UDP-TIMING(17001): 9588 0 -0.107828000
D/UDP-TIMING(17001): 9589 0 -0.099320000
D/UDP-TIMING(17001): 9590 0 -0.105436000
D/UDP-TIMING(17001): 9591 0 -0.102563000
D/UDP-TIMING(17001): 9592 0 -0.108794000
D/UDP-TIMING(17001): 9593 0 -0.111856000
D/UDP-TIMING(17001): 9594 0 -0.120793000
D/UDP-TIMING(17001): 9595 0 -0.103030000
D/UDP-TIMING(17001): 9596 0 -0.125881000
D/UDP-TIMING(17001): 9597 0 -0.101807000
D/UDP-TIMING(17001): 9598 0 -0.106708000
D/UDP-TIMING(17001): 9599 0 -0.112620000
D/UDP-TIMING(17001): 9600 0 -0.114767000
D/UDP-TIMING(17001): 9601 0 -0.100567000
D/UDP-TIMING(17001): 9602 0 -0.116819000
D/UDP-TIMING(17001): 9603 0 -0.099345000
D/UDP-TIMING(17001): 9604 0 -0.114863000
D/UDP-TIMING(17001): 9605 0 -0.120376000
D/UDP-TIMING(17001): 9606 0 -0.122189000
D/UDP-TIMING(17001): 9607 0 -0.097887000
D/UDP-TIMING(17001): 9608 0 -0.098301000
D/UDP-TIMING(17001): 9609 0 -0.103859000
D/UDP-TIMING(17001): 9610 0 -0.113681000
D/UDP-TIMING(17001): 9611 0 -0.113780000
D/UDP-TIMING(17001): 9612 0 -0.119449000
D/UDP-TIMING(17001): 9613 0 -0.102681000
D/UDP-TIMING(17001): 9614 0 -0.109858000
D/UDP-TIMING(17001): 9615 0 -0.111381000
D/UDP-TIMING(17001): 9616 0 -0.116635000
D/UDP-TIMING(17001): 9617 0 -0.114523000
D/UDP-TIMING(17001): 9618 0 -0.124071000
D/UDP-TIMING(17001): 9619 0 -0.104032000
D/UDP-TIMING(17001): 9620 0 -0.121881000
D/UDP-TIMING(17001): 9621 0 -0.122566000
D/UDP-TIMING(17001): 9622 0 -0.100140000
D/UDP-TIMING(17001): 9623 0 -0.103682000
D/UDP-TIMING(17001): 9624 0 -0.107397000
D/UDP-TIMING(17001): 9625 0 -0.108834000
D/UDP-TIMING(17001): 9626 0 -0.118691000
D/UDP-TIMING(17001): 9627 0 -0.121022000
D/UDP-TIMING(17001): 9628 0 -0.099127000
D/UDP-TIMING(17001): 9629 0 -0.103700000
D/UDP-TIMING(17001): 9630 0 -0.105709000
D/UDP-TIMING(17001): 9631 0 -0.119007000
D/UDP-TIMING(17001): 9632 0 -0.120856000
D/UDP-TIMING(17001): 9633 0 -0.123458000
D/UDP-TIMING(17001): 9634 0 -0.099303000
D/UDP-TIMING(17001): 9635 0 -0.096151000
D/UDP-TIMING(17001): 9636 0 -0.101004000
D/UDP-TIMING(17001): 9637 0 -0.109724000
D/UDP-TIMING(17001): 9638 0 -0.114658000
D/UDP-TIMING(17001): 9639 0 -0.119819000
D/UDP-TIMING(17001): 9640 0 -0.104908000
D/UDP-TIMING(17001): 9641 0 -0.121288000
D/UDP-TIMING(17001): 9642 0 -0.123579000
D/UDP-TIMING(17001): 9643 0 -0.101803000
D/UDP-TIMING(17001): 9644 0 -0.114310000
D/UDP-TIMING(17001): 9645 0 -0.106873000
D/UDP-TIMING(17001): 9646 0 -0.114640000
D/UDP-TIMING(17001): 9647 0 -0.115955000
D/UDP-TIMING(17001): 9648 0 -0.103638000
D/UDP-TIMING(17001): 9649 0 -0.105296000
D/UDP-TIMING(17001): 9650 0 -0.117713000
D/UDP-TIMING(17001): 9651 0 -0.098983000
D/UDP-TIMING(17001): 9652 0 -0.101244000
D/UDP-TIMING(17001): 9653 0 -0.104139000
D/UDP-TIMING(17001): 9654 0 -0.102097000
D/UDP-TIMING(17001): 9655 0 -0.108793000
D/UDP-TIMING(17001): 9656 0 -0.113348000
D/UDP-TIMING(17001): 9657 0 -0.109218000
D/UDP-TIMING(17001): 9658 0 -0.120387000
D/UDP-TIMING(17001): 9659 0 -0.114230000
D/UDP-TIMING(17001): 9660 0 -0.117661000
D/UDP-TIMING(17001): 9661 0 -0.105629000
D/UDP-TIMING(17001): 9662 0 -0.116011000
D/UDP-TIMING(17001): 9663 0 -0.121746000
D/UDP-TIMING(17001): 9664 0 -0.107236000
D/UDP-TIMING(17001): 9665 0 -0.108100000
D/UDP-TIMING(17001): 9666 0 -0.112750000
D/UDP-TIMING(17001): 9667 0 -0.114657000
D/UDP-TIMING(17001): 9668 0 -0.124892000
D/UDP-TIMING(17001): 9669 0 -0.108084000
D/UDP-TIMING(17001): 9670 0 -0.116110000
D/UDP-TIMING(17001): 9671 0 -0.096441000
D/UDP-TIMING(17001): 9672 0 -0.109397000
E/TrafficStats( 1673): [QCTMM]tryAll index=0
E/TrafficStats( 1673): [QCTMM]tryAll index=1
E/TrafficStats( 1673): [QCTMM]tryAll index=2
E/TrafficStats( 1673): [QCTMM]tryAll index=0
E/TrafficStats( 1673): [QCTMM]tryAll index=1
E/TrafficStats( 1673): [QCTMM]tryAll index=2
D/DATA    ( 1860): sentSinceLastRecv=0,watchdogTrigger=10,maxindex=0
D/UDP-TIMING(17001): 9673 0 -0.105691000
D/UDP-TIMING(17001): 9674 0 -0.106174000
D/UDP-TIMING(17001): 9675 0 -0.111957000
D/UDP-TIMING(17001): 9676 0 -0.100704000
D/UDP-TIMING(17001): 9677 0 -0.109179000
D/UDP-TIMING(17001): 9678 0 -0.116898000
D/UDP-TIMING(17001): 9679 0 -0.097030000
D/UDP-TIMING(17001): 9680 0 -0.109092000
D/UDP-TIMING(17001): 9681 0 -0.111970000
D/UDP-TIMING(17001): 9682 0 -0.115927000
D/UDP-TIMING(17001): 9683 0 -0.107335000
D/UDP-TIMING(17001): 9684 0 -0.113907000
D/UDP-TIMING(17001): 9685 0 -0.117022000
D/UDP-TIMING(17001): 9686 0 -0.121590000
D/UDP-TIMING(17001): 9687 0 -0.108756000
D/UDP-TIMING(17001): 9688 0 -0.110859000
D/UDP-TIMING(17001): 9689 0 -0.111219000
D/UDP-TIMING(17001): 9690 0 -0.124449000
D/UDP-TIMING(17001): 9691 0 -0.100891000
D/UDP-TIMING(17001): 9692 0 -0.119456000
D/UDP-TIMING(17001): 9693 0 -0.124242000
D/UDP-TIMING(17001): 9694 0 -0.114396000
D/UDP-TIMING(17001): 9695 0 -0.124392000
D/UDP-TIMING(17001): 9696 0 -0.100421000
D/UDP-TIMING(17001): 9697 0 -0.103157000
D/UDP-TIMING(17001): 9698 0 -0.118363000
D/UDP-TIMING(17001): 9699 0 -0.119330000
D/UDP-TIMING(17001): 9700 0 -0.119654000
D/UDP-TIMING(17001): 9701 0 -0.123723000
D/UDP-TIMING(17001): 9702 0 -0.105773000
D/UDP-TIMING(17001): 9703 0 -0.117122000
D/UDP-TIMING(17001): 9704 0 -0.120213000
D/UDP-TIMING(17001): 9705 0 -0.103213000
D/UDP-TIMING(17001): 9706 0 -0.104523000
D/UDP-TIMING(17001): 9707 0 -0.105538000
D/UDP-TIMING(17001): 9708 0 -0.109063000
D/UDP-TIMING(17001): 9709 0 -0.119036000
D/UDP-TIMING(17001): 9710 0 -0.101948000
D/UDP-TIMING(17001): 9711 0 -0.108586000
D/UDP-TIMING(17001): 9712 0 -0.097548000
D/UDP-TIMING(17001): 9713 0 -0.098078000
D/UDP-TIMING(17001): 9714 0 -0.117183000
D/UDP-TIMING(17001): 9715 0 -0.121296000
D/UDP-TIMING(17001): 9716 0 -0.095124000
D/UDP-TIMING(17001): 9717 0 -0.097592000
D/UDP-TIMING(17001): 9718 0 -0.099367000
D/UDP-TIMING(17001): 9719 0 -0.105634000
D/UDP-TIMING(17001): 9720 0 -0.108290000
D/UDP-TIMING(17001): 9721 0 -0.098613000
D/UDP-TIMING(17001): 9722 0 -0.121417000
D/UDP-TIMING(17001): 9723 0 -0.122169000
D/UDP-TIMING(17001): 9724 0 -0.125063000
D/UDP-TIMING(17001): 9725 0 -0.109643000
D/UDP-TIMING(17001): 9726 0 -0.091292000
D/UDP-TIMING(17001): 9727 0 -0.102346000
D/UDP-TIMING(17001): 9728 0 -0.113942000
D/UDP-TIMING(17001): 9729 0 -0.089895000
D/UDP-TIMING(17001): 9730 0 -0.103023000
D/UDP-TIMING(17001): 9731 0 -0.100875000
D/UDP-TIMING(17001): 9732 0 -0.115827000
D/UDP-TIMING(17001): 9733 0 -0.121385000
D/UDP-TIMING(17001): 9734 0 -0.100502000
D/UDP-TIMING(17001): 9735 0 -0.100916000
D/UDP-TIMING(17001): 9736 0 -0.102569000
D/UDP-TIMING(17001): 9737 0 -0.114859000
D/UDP-TIMING(17001): 9738 0 -0.116122000
D/UDP-TIMING(17001): 9739 0 -0.121640000
D/UDP-TIMING(17001): 9740 0 -0.125788000
D/UDP-TIMING(17001): 9741 0 -0.112582000
D/UDP-TIMING(17001): 9742 0 -0.117650000
D/UDP-TIMING(17001): 9743 0 -0.119819000
V/DeviceStorageMonitorService( 1673): freeMemory=2097885184
D/DeviceStorageMonitorService( 1673): OoO SMS Memory available. SMS_AVAILABLE_THRESHOLD == 524288
I/DeviceStorageMonitorService( 1673): Posting Message again
D/UDP-TIMING(17001): 9744 0 -0.109897000
D/UDP-TIMING(17001): 9745 0 -0.112740000
D/UDP-TIMING(17001): 9746 0 -0.119825000
D/UDP-TIMING(17001): 9747 0 -0.121515000
D/UDP-TIMING(17001): 9748 0 -0.097227000
D/UDP-TIMING(17001): 9749 0 -0.107573000
D/UDP-TIMING(17001): 9750 0 -0.116621000
D/UDP-TIMING(17001): 9751 0 -0.097965000
D/UDP-TIMING(17001): 9752 0 -0.105235000
D/UDP-TIMING(17001): 9753 0 -0.112032000
D/UDP-TIMING(17001): 9754 0 -0.124216000
D/UDP-TIMING(17001): 9755 0 -0.107733000
D/UDP-TIMING(17001): 9756 0 -0.110773000
D/UDP-TIMING(17001): 9757 0 -0.115709000
D/UDP-TIMING(17001): 9758 0 -0.121045000
D/UDP-TIMING(17001): 9759 0 -0.093920000
D/UDP-TIMING(17001): 9760 0 -0.111683000
D/UDP-TIMING(17001): 9761 0 -0.113235000
D/UDP-TIMING(17001): 9762 0 -0.115215000
D/UDP-TIMING(17001): 9763 0 -0.124524000
D/UDP-TIMING(17001): 9764 0 -0.102410000
D/UDP-TIMING(17001): 9765 0 -0.117198000
D/UDP-TIMING(17001): 9766 0 -0.097122000
D/UDP-TIMING(17001): 9767 0 -0.108322000
D/UDP-TIMING(17001): 9768 0 -0.114834000
D/UDP-TIMING(17001): 9769 0 -0.096346000
D/UDP-TIMING(17001): 9770 0 -0.097343000
D/UDP-TIMING(17001): 9771 0 -0.113174000
D/UDP-TIMING(17001): 9772 0 -0.120883000
D/UDP-TIMING(17001): 9773 0 -0.097915000
D/UDP-TIMING(17001): 9774 0 -0.101100000
D/UDP-TIMING(17001): 9775 0 -0.106079000
D/UDP-TIMING(17001): 9776 0 -0.117981000
D/UDP-TIMING(17001): 9777 0 -0.124330000
D/UDP-TIMING(17001): 9778 0 -0.101913000
D/UDP-TIMING(17001): 9779 0 -0.103397000
D/UDP-TIMING(17001): 9780 0 -0.104694000
D/UDP-TIMING(17001): 9781 0 -0.106013000
E/TrafficStats( 1673): [QCTMM]tryAll index=0
E/TrafficStats( 1673): [QCTMM]tryAll index=1
E/TrafficStats( 1673): [QCTMM]tryAll index=2
D/UDP-TIMING(17001): 9782 0 -0.120557000
E/TrafficStats( 1673): [QCTMM]tryAll index=0
E/TrafficStats( 1673): [QCTMM]tryAll index=1
E/TrafficStats( 1673): [QCTMM]tryAll index=2
D/DATA    ( 1860): sentSinceLastRecv=0,watchdogTrigger=10,maxindex=0
D/UDP-TIMING(17001): 9783 0 -0.099332000
D/UDP-TIMING(17001): 9784 0 -0.108221000
D/UDP-TIMING(17001): 9785 0 -0.114585000
D/UDP-TIMING(17001): 9786 0 -0.118887000
D/UDP-TIMING(17001): 9787 0 -0.107120000
D/UDP-TIMING(17001): 9788 0 -0.125084000
D/UDP-TIMING(17001): 9789 0 -0.108440000
D/UDP-TIMING(17001): 9790 0 -0.109122000
D/UDP-TIMING(17001): 9791 0 -0.120114000
D/UDP-TIMING(17001): 9792 0 -0.109581000
D/UDP-TIMING(17001): 9793 0 -0.112119000
D/UDP-TIMING(17001): 9794 0 -0.115273000
D/UDP-TIMING(17001): 9795 0 -0.120462000
E/TrafficStats(16531): [QCTMM]tryAll index=0
E/TrafficStats(16531): [QCTMM]tryAll index=1
E/TrafficStats(16531): [QCTMM]tryAll index=2
E/TrafficStats(16531): [QCTMM]tryAll index=0
E/TrafficStats(16531): [QCTMM]tryAll index=1
E/TrafficStats(16531): [QCTMM]tryAll index=2
E/TrafficStats(16531): [QCTMM]tryAll index=0
E/TrafficStats(16531): [QCTMM]tryAll index=1
E/TrafficStats(16531): [QCTMM]tryAll index=2
E/TrafficStats(16531): [QCTMM]tryAll index=0
E/TrafficStats(16531): [QCTMM]tryAll index=1
E/TrafficStats(16531): [QCTMM]tryAll index=2
D/UDP-TIMING(17001): 9796 0 -0.096361000
D/UDP-TIMING(17001): 9797 0 -0.116967000
D/UDP-TIMING(17001): 9798 0 -0.117767000
D/UDP-TIMING(17001): 9799 0 -0.123760000
D/UDP-TIMING(17001): 9800 0 -0.104386000
D/UDP-TIMING(17001): 9801 0 -0.105951000
D/UDP-TIMING(17001): 9802 0 -0.108742000
D/UDP-TIMING(17001): 9803 0 -0.109982000
D/UDP-TIMING(17001): 9804 0 -0.119054000
D/UDP-TIMING(17001): 9805 0 -0.121396000
D/UDP-TIMING(17001): 9806 0 -0.098061000
D/UDP-TIMING(17001): 9807 0 -0.101477000
D/UDP-TIMING(17001): 9808 0 -0.112326000
D/UDP-TIMING(17001): 9809 0 -0.098346000
D/UDP-TIMING(17001): 9810 0 -0.103603000
D/UDP-TIMING(17001): 9811 0 -0.117654000
D/UDP-TIMING(17001): 9812 0 -0.118752000
D/UDP-TIMING(17001): 9813 0 -0.120618000
D/UDP-TIMING(17001): 9814 0 -0.125132000
D/UDP-TIMING(17001): 9815 0 -0.106759000
D/UDP-TIMING(17001): 9816 0 -0.116443000
D/UDP-TIMING(17001): 9817 0 -0.097854000
D/UDP-TIMING(17001): 9818 0 -0.104737000
D/UDP-TIMING(17001): 9819 0 -0.110830000
D/UDP-TIMING(17001): 9820 0 -0.116456000
D/UDP-TIMING(17001): 9821 0 -0.124298000
D/UDP-TIMING(17001): 9822 0 -0.125558000
D/UDP-TIMING(17001): 9823 0 -0.099298000
D/UDP-TIMING(17001): 9824 0 -0.113038000
D/UDP-TIMING(17001): 9825 0 -0.117632000
D/UDP-TIMING(17001): 9826 0 -0.098472000
D/UDP-TIMING(17001): 9827 0 -0.111254000
D/UDP-TIMING(17001): 9828 0 -0.114020000
D/UDP-TIMING(17001): 9829 0 -0.097278000
D/UDP-TIMING(17001): 9830 0 -0.099169000
D/UDP-TIMING(17001): 9831 0 -0.115569000
D/UDP-TIMING(17001): 9832 0 -0.105076000
D/UDP-TIMING(17001): 9833 0 -0.110216000
D/UDP-TIMING(17001): 9834 0 -0.103465000
D/UDP-TIMING(17001): 9835 0 -0.109536000
D/UDP-TIMING(17001): 9836 0 -0.118441000
D/UDP-TIMING(17001): 9837 0 -0.123571000
D/UDP-TIMING(17001): 9838 0 -0.106995000
D/UDP-TIMING(17001): 9839 0 -0.109923000
D/UDP-TIMING(17001): 9840 0 -0.114900000
D/UDP-TIMING(17001): 9841 0 -0.116297000
D/UDP-TIMING(17001): 9842 0 -0.096983000
D/UDP-TIMING(17001): 9843 0 -0.103419000
D/UDP-TIMING(17001): 9844 0 -0.106773000
D/UDP-TIMING(17001): 9845 0 -0.111026000
D/UDP-TIMING(17001): 9846 0 -0.112594000
D/UDP-TIMING(17001): 9847 0 -0.103610000
D/UDP-TIMING(17001): 9848 0 -0.103801000
D/UDP-TIMING(17001): 9849 0 -0.113571000
D/UDP-TIMING(17001): 9850 0 -0.117697000
D/UDP-TIMING(17001): 9851 0 -0.123515000
D/UDP-TIMING(17001): 9852 0 -0.125275000
D/UDP-TIMING(17001): 9853 0 -0.101397000
D/UDP-TIMING(17001): 9854 0 -0.113638000
D/UDP-TIMING(17001): 9855 0 -0.105358000
D/UDP-TIMING(17001): 9856 0 -0.120391000
D/UDP-TIMING(17001): 9857 0 -0.125148000
D/UDP-TIMING(17001): 9858 0 -0.105042000
D/UDP-TIMING(17001): 9859 0 -0.097115000
D/UDP-TIMING(17001): 9860 0 -0.098191000
D/UDP-TIMING(17001): 9861 0 -0.112611000
D/UDP-TIMING(17001): 9862 0 -0.098279000
D/UDP-TIMING(17001): 9863 0 -0.125891000
D/UDP-TIMING(17001): 9864 0 -0.098163000
D/UDP-TIMING(17001): 9865 0 -0.110478000
D/UDP-TIMING(17001): 9866 0 -0.115444000
D/UDP-TIMING(17001): 9867 0 -0.098580000
D/UDP-TIMING(17001): 9868 0 -0.099732000
D/UDP-TIMING(17001): 9869 0 -0.100993000
D/UDP-TIMING(17001): 9870 0 -0.102764000
D/UDP-TIMING(17001): 9871 0 -0.109218000
D/UDP-TIMING(17001): 9872 0 -0.111810000
D/UDP-TIMING(17001): 9873 0 -0.110690000
D/UDP-TIMING(17001): 9874 0 -0.106427000
D/UDP-TIMING(17001): 9875 0 -0.113096000
D/UDP-TIMING(17001): 9876 0 -0.116503000
D/UDP-TIMING(17001): 9877 0 -0.117255000
D/UDP-TIMING(17001): 9878 0 -0.121876000
D/UDP-TIMING(17001): 9879 0 -0.095860000
D/UDP-TIMING(17001): 9880 0 -0.107111000
D/UDP-TIMING(17001): 9881 0 -0.118564000
E/TrafficStats( 1673): [QCTMM]tryAll index=0
D/UDP-TIMING(17001): 9882 0 -0.100601000
D/UDP-TIMING(17001): 9883 0 -0.117669000
E/TrafficStats( 1673): [QCTMM]tryAll index=1
E/TrafficStats( 1673): [QCTMM]tryAll index=2
E/TrafficStats( 1673): [QCTMM]tryAll index=0
E/TrafficStats( 1673): [QCTMM]tryAll index=1
E/TrafficStats( 1673): [QCTMM]tryAll index=2
D/DATA    ( 1860): sentSinceLastRecv=0,watchdogTrigger=10,maxindex=0
D/UDP-TIMING(17001): 9884 0 -0.089386000
D/UDP-TIMING(17001): 9885 0 -0.094821000
D/UDP-TIMING(17001): 9886 0 -0.107150000
D/UDP-TIMING(17001): 9887 0 -0.097288000
D/UDP-TIMING(17001): 9888 0 -0.112173000
D/UDP-TIMING(17001): 9889 0 -0.116013000
D/UDP-TIMING(17001): 9890 0 -0.106352000
D/UDP-TIMING(17001): 9891 0 -0.124657000
D/UDP-TIMING(17001): 9892 0 -0.125462000
D/UDP-TIMING(17001): 9893 0 -0.107083000
D/UDP-TIMING(17001): 9894 0 -0.122784000
D/UDP-TIMING(17001): 9895 0 -0.125307000
D/UDP-TIMING(17001): 9896 0 -0.100315000
D/UDP-TIMING(17001): 9897 0 -0.102344000
D/UDP-TIMING(17001): 9898 0 -0.098523000
D/UDP-TIMING(17001): 9899 0 -0.104635000
D/UDP-TIMING(17001): 9900 0 -0.107856000
D/UDP-TIMING(17001): 9901 0 -0.100183000
D/UDP-TIMING(17001): 9902 0 -0.123982000
D/UDP-TIMING(17001): 9903 0 -0.100576000
D/UDP-TIMING(17001): 9904 0 -0.118350000
D/UDP-TIMING(17001): 9905 0 -0.105991000
D/UDP-TIMING(17001): 9906 0 -0.105109000
D/UDP-TIMING(17001): 9907 0 -0.106345000
D/UDP-TIMING(17001): 9908 0 -0.097710000
D/UDP-TIMING(17001): 9909 0 -0.101449000
D/UDP-TIMING(17001): 9910 0 -0.106444000
D/UDP-TIMING(17001): 9911 0 -0.114720000
D/UDP-TIMING(17001): 9912 0 -0.120638000
D/UDP-TIMING(17001): 9913 0 -0.121794000
D/UDP-TIMING(17001): 9914 0 -0.096185000
D/UDP-TIMING(17001): 9915 0 -0.097051000
D/UDP-TIMING(17001): 9916 0 -0.104054000
D/UDP-TIMING(17001): 9917 0 -0.104993000
D/UDP-TIMING(17001): 9918 0 -0.102223000
D/UDP-TIMING(17001): 9919 0 -0.105495000
D/UDP-TIMING(17001): 9920 0 -0.110341000
D/UDP-TIMING(17001): 9921 0 -0.095955000
D/UDP-TIMING(17001): 9922 0 -0.097345000
D/UDP-TIMING(17001): 9923 0 -0.103231000
D/UDP-TIMING(17001): 9924 0 -0.109376000
D/UDP-TIMING(17001): 9925 0 -0.102809000
D/UDP-TIMING(17001): 9926 0 -0.113085000
D/UDP-TIMING(17001): 9927 0 -0.099220000
D/UDP-TIMING(17001): 9928 0 -0.100010000
D/UDP-TIMING(17001): 9929 0 -0.108512000
D/UDP-TIMING(17001): 9930 0 -0.111584000
D/UDP-TIMING(17001): 9931 0 -0.115684000
D/UDP-TIMING(17001): 9932 0 -0.121873000
D/UDP-TIMING(17001): 9933 0 -0.094031000
D/UDP-TIMING(17001): 9934 0 -0.109717000
D/UDP-TIMING(17001): 9935 0 -0.113194000
D/UDP-TIMING(17001): 9936 0 -0.123356000
D/UDP-TIMING(17001): 9937 0 -0.106620000
D/UDP-TIMING(17001): 9938 0 -0.111530000
D/UDP-TIMING(17001): 9939 0 -0.101744000
D/UDP-TIMING(17001): 9940 0 -0.102189000
D/UDP-TIMING(17001): 9941 0 -0.116314000
D/UDP-TIMING(17001): 9942 0 -0.121963000
D/UDP-TIMING(17001): 9943 0 -0.114674000
D/UDP-TIMING(17001): 9944 0 -0.102666000
D/UDP-TIMING(17001): 9945 0 -0.118138000
D/UDP-TIMING(17001): 9946 0 -0.118955000
D/UDP-TIMING(17001): 9947 0 -0.123161000
D/UDP-TIMING(17001): 9948 0 -0.112622000
D/UDP-TIMING(17001): 9949 0 -0.097832000
D/UDP-TIMING(17001): 9950 0 -0.106934000
D/UDP-TIMING(17001): 9951 0 -0.109661000
D/UDP-TIMING(17001): 9952 0 -0.125002000
D/UDP-TIMING(17001): 9953 0 -0.107081000
D/UDP-TIMING(17001): 9954 0 -0.117805000
D/UDP-TIMING(17001): 9955 0 -0.120579000
D/UDP-TIMING(17001): 9956 0 -0.100223000
D/UDP-TIMING(17001): 9957 0 -0.103795000
D/UDP-TIMING(17001): 9958 0 -0.104269000
D/UDP-TIMING(17001): 9959 0 -0.115231000
D/UDP-TIMING(17001): 9960 0 -0.103874000
D/UDP-TIMING(17001): 9961 0 -0.107315000
D/UDP-TIMING(17001): 9962 0 -0.115722000
D/UDP-TIMING(17001): 9963 0 -0.119441000
D/UDP-TIMING(17001): 9964 0 -0.125165000
D/UDP-TIMING(17001): 9965 0 -0.109814000
D/UDP-TIMING(17001): 9966 0 -0.118441000
D/UDP-TIMING(17001): 9967 0 -0.123876000
D/UDP-TIMING(17001): 9968 0 -0.100731000
D/UDP-TIMING(17001): 9969 0 -0.099241000
D/UDP-TIMING(17001): 9970 0 -0.102611000
D/UDP-TIMING(17001): 9971 0 -0.110125000
E/TrafficStats( 1673): [QCTMM]tryAll index=0
E/TrafficStats( 1673): [QCTMM]tryAll index=1
E/TrafficStats( 1673): [QCTMM]tryAll index=2
E/TrafficStats( 1673): [QCTMM]tryAll index=0
E/TrafficStats( 1673): [QCTMM]tryAll index=1
E/TrafficStats( 1673): [QCTMM]tryAll index=2
D/UDP-TIMING(17001): 9972 0 -0.122071000
D/DATA    ( 1860): sentSinceLastRecv=0,watchdogTrigger=10,maxindex=0
D/UDP-TIMING(17001): 9973 0 -0.103557000
D/UDP-TIMING(17001): 9974 0 -0.110943000
D/UDP-TIMING(17001): 9975 0 -0.118651000
D/UDP-TIMING(17001): 9976 0 -0.125228000
D/UDP-TIMING(17001): 9977 0 -0.104334000
D/UDP-TIMING(17001): 9978 0 -0.123759000
D/UDP-TIMING(17001): 9979 0 -0.097460000
D/UDP-TIMING(17001): 9980 0 -0.105874000
D/UDP-TIMING(17001): 9981 0 -0.111895000
D/UDP-TIMING(17001): 9982 0 -0.119774000
D/UDP-TIMING(17001): 9983 0 -0.124095000
D/UDP-TIMING(17001): 9984 0 -0.125792000
D/UDP-TIMING(17001): 9985 0 -0.098403000
D/UDP-TIMING(17001): 9986 0 -0.106872000
D/UDP-TIMING(17001): 9987 0 -0.120396000
D/UDP-TIMING(17001): 9988 0 -0.096627000
D/UDP-TIMING(17001): 9989 0 -0.105720000
D/UDP-TIMING(17001): 9990 0 -0.110916000
D/UDP-TIMING(17001): 9991 0 -0.114857000
D/UDP-TIMING(17001): 9992 0 -0.105155000
D/UDP-TIMING(17001): 9993 0 -0.110005000
D/UDP-TIMING(17001): 9994 0 -0.119477000
D/UDP-TIMING(17001): 9995 0 -0.123043000
D/UDP-TIMING(17001): 9996 0 -0.124685000
D/UDP-TIMING(17001): 9997 0 -0.124850000
D/UDP-TIMING(17001): 9998 0 -0.108423000
D/UDP-TIMING(17001): 9999 0 -0.118457000
D/UDP-TIMING(17001): 10000 0 -0.119820000
E/TrafficStats( 1673): [QCTMM]tryAll index=0
E/TrafficStats( 1673): [QCTMM]tryAll index=1
E/TrafficStats( 1673): [QCTMM]tryAll index=2
E/TrafficStats( 1673): [QCTMM]tryAll index=0
E/TrafficStats( 1673): [QCTMM]tryAll index=1
E/TrafficStats( 1673): [QCTMM]tryAll index=2
D/DATA    ( 1860): sentSinceLastRecv=0,watchdogTrigger=10,maxindex=0
E/TrafficStats( 1673): [QCTMM]tryAll index=0
E/TrafficStats( 1673): [QCTMM]tryAll index=1
E/TrafficStats( 1673): [QCTMM]tryAll index=2
E/TrafficStats( 1673): [QCTMM]tryAll index=0
E/TrafficStats( 1673): [QCTMM]tryAll index=1
E/TrafficStats( 1673): [QCTMM]tryAll index=2
D/DATA    ( 1860): sentSinceLastRecv=0,watchdogTrigger=10,maxindex=0
E/TrafficStats( 1673): [QCTMM]tryAll index=0
E/TrafficStats( 1673): [QCTMM]tryAll index=1
E/TrafficStats( 1673): [QCTMM]tryAll index=2
E/TrafficStats( 1673): [QCTMM]tryAll index=0
E/TrafficStats( 1673): [QCTMM]tryAll index=1
E/TrafficStats( 1673): [QCTMM]tryAll index=2
D/DATA    ( 1860): sentSinceLastRecv=0,watchdogTrigger=10,maxindex=0
E/TrafficStats(16531): [QCTMM]tryAll index=0
E/TrafficStats(16531): [QCTMM]tryAll index=1
E/TrafficStats(16531): [QCTMM]tryAll index=2
E/TrafficStats(16531): [QCTMM]tryAll index=0
E/TrafficStats(16531): [QCTMM]tryAll index=1
E/TrafficStats(16531): [QCTMM]tryAll index=2
E/TrafficStats(16531): [QCTMM]tryAll index=0
E/TrafficStats(16531): [QCTMM]tryAll index=1
E/TrafficStats(16531): [QCTMM]tryAll index=2
E/TrafficStats(16531): [QCTMM]tryAll index=0
E/TrafficStats(16531): [QCTMM]tryAll index=1
E/TrafficStats(16531): [QCTMM]tryAll index=2
E/TrafficStats( 1673): [QCTMM]tryAll index=0
E/TrafficStats( 1673): [QCTMM]tryAll index=1
E/TrafficStats( 1673): [QCTMM]tryAll index=2
E/TrafficStats( 1673): [QCTMM]tryAll index=0
E/TrafficStats( 1673): [QCTMM]tryAll index=1
E/TrafficStats( 1673): [QCTMM]tryAll index=2
D/DATA    ( 1860): sentSinceLastRecv=0,watchdogTrigger=10,maxindex=0
D/dalvikvm(16531): GC_CONCURRENT freed 391K, 51% free 3293K/6599K, external 0K/0K, paused 8ms+2ms
E/TrafficStats( 1673): [QCTMM]tryAll index=0
E/TrafficStats( 1673): [QCTMM]tryAll index=1
E/TrafficStats( 1673): [QCTMM]tryAll index=2
E/TrafficStats( 1673): [QCTMM]tryAll index=0
E/TrafficStats( 1673): [QCTMM]tryAll index=1
E/TrafficStats( 1673): [QCTMM]tryAll index=2
D/DATA    ( 1860): sentSinceLastRecv=0,watchdogTrigger=10,maxindex=0
E/TrafficStats( 1673): [QCTMM]tryAll index=0
E/TrafficStats( 1673): [QCTMM]tryAll index=1
E/TrafficStats( 1673): [QCTMM]tryAll index=2
E/TrafficStats( 1673): [QCTMM]tryAll index=0
E/TrafficStats( 1673): [QCTMM]tryAll index=1
E/TrafficStats( 1673): [QCTMM]tryAll index=2
D/DATA    ( 1860): sentSinceLastRecv=0,watchdogTrigger=10,maxindex=0
E/TrafficStats( 1673): [QCTMM]tryAll index=0
E/TrafficStats( 1673): [QCTMM]tryAll index=1
E/TrafficStats( 1673): [QCTMM]tryAll index=2
E/TrafficStats( 1673): [QCTMM]tryAll index=0
E/TrafficStats( 1673): [QCTMM]tryAll index=1
E/TrafficStats( 1673): [QCTMM]tryAll index=2
D/DATA    ( 1860): sentSinceLastRecv=0,watchdogTrigger=10,maxindex=0
E/TrafficStats( 1673): [QCTMM]tryAll index=0
E/TrafficStats( 1673): [QCTMM]tryAll index=1
E/TrafficStats( 1673): [QCTMM]tryAll index=2
E/TrafficStats( 1673): [QCTMM]tryAll index=0
E/TrafficStats( 1673): [QCTMM]tryAll index=1
E/TrafficStats( 1673): [QCTMM]tryAll index=2
D/DATA    ( 1860): sentSinceLastRecv=0,watchdogTrigger=10,maxindex=0
D/StatusBarPolicy( 1816): iconIndex=1
V/StatusBarPolicy( 1816): cdmaLevel:3;max:4
D/StatusBarPolicy( 1816): iconLevel:3
I/PhoneInfo( 2188): getCdmaLevel - cdmaDbm: -72 cdmaEcio:-90
I/PhoneInfo( 2188): getEvdoLevel - evdoDbm: -120 evdoSnr:-1 evdoEcio:-1
I/PhoneInfo( 2188): getLteLevel - lteRsrp: -1 lteCqi:-1
E/TrafficStats( 1673): [QCTMM]tryAll index=0
E/TrafficStats( 1673): [QCTMM]tryAll index=1
E/TrafficStats( 1673): [QCTMM]tryAll index=2
E/TrafficStats( 1673): [QCTMM]tryAll index=0
E/TrafficStats( 1673): [QCTMM]tryAll index=1
E/TrafficStats( 1673): [QCTMM]tryAll index=2
D/DATA    ( 1860): sentSinceLastRecv=0,watchdogTrigger=10,maxindex=0
E/TrafficStats(16531): [QCTMM]tryAll index=0
E/TrafficStats(16531): [QCTMM]tryAll index=1
E/TrafficStats(16531): [QCTMM]tryAll index=2
E/TrafficStats(16531): [QCTMM]tryAll index=0
E/TrafficStats(16531): [QCTMM]tryAll index=1
E/TrafficStats(16531): [QCTMM]tryAll index=2
E/TrafficStats(16531): [QCTMM]tryAll index=0
E/TrafficStats(16531): [QCTMM]tryAll index=1
E/TrafficStats(16531): [QCTMM]tryAll index=2
E/TrafficStats(16531): [QCTMM]tryAll index=0
E/TrafficStats(16531): [QCTMM]tryAll index=1
E/TrafficStats(16531): [QCTMM]tryAll index=2
E/TrafficStats( 1673): [QCTMM]tryAll index=0
E/TrafficStats( 1673): [QCTMM]tryAll index=1
E/TrafficStats( 1673): [QCTMM]tryAll index=2
E/TrafficStats( 1673): [QCTMM]tryAll index=0
E/TrafficStats( 1673): [QCTMM]tryAll index=1
E/TrafficStats( 1673): [QCTMM]tryAll index=2
D/DATA    ( 1860): [QCTMM] DataNetStatistics sent == 0 && received == 0 newActivity=NONE
D/DATA    ( 1860): [PhoneNotifier] notifyDataActivityLTE
D/DATA    ( 1860): [QCTMM] DataNetStatistics mIsScreenOn newActivity=NONE
D/DATA    ( 1860): sentSinceLastRecv=0,watchdogTrigger=10,maxindex=0
D/StatusBarPolicy( 1816): hasService()=true ,mDataState=2 ,mPhone.htcModemLinkOn()=false ,mDataActivity=0
D/StatusBarPolicy( 1816): slotType[0]=RUIM
D/Database(16531): dbopen(): path = /data/data/com.onavo.android.onavoid/databases/ui_events, flag = 6, file size = 14044160
D/Database(16531): dbopen(): path = /data/data/com.onavo.android.onavoid/databases/ui_events, mode: wal, disk free size: 2000 M, handle: 0x378018
D/Database(16531): dbclose(): path = /data/data/com.onavo.android.onavoid/databases/ui_events, handle = 0x378018
E/TrafficStats( 1673): [QCTMM]tryAll index=0
E/TrafficStats( 1673): [QCTMM]tryAll index=1
E/TrafficStats( 1673): [QCTMM]tryAll index=2
E/TrafficStats( 1673): [QCTMM]tryAll index=0
E/TrafficStats( 1673): [QCTMM]tryAll index=1
E/TrafficStats( 1673): [QCTMM]tryAll index=2
D/DATA    ( 1860): [QCTMM] DataNetStatistics sent == 0 && received == 0 newActivity=NONE
D/DATA    ( 1860): sentSinceLastRecv=0,watchdogTrigger=10,maxindex=0
E/TrafficStats( 1673): [QCTMM]tryAll index=0
E/TrafficStats( 1673): [QCTMM]tryAll index=1
E/TrafficStats( 1673): [QCTMM]tryAll index=2
E/TrafficStats( 1673): [QCTMM]tryAll index=0
E/TrafficStats( 1673): [QCTMM]tryAll index=1
E/TrafficStats( 1673): [QCTMM]tryAll index=2
D/DATA    ( 1860): [QCTMM] DataNetStatistics sent == 0 && received == 0 newActivity=NONE
D/DATA    ( 1860): sentSinceLastRecv=0,watchdogTrigger=10,maxindex=0
E/TrafficStats( 1673): [QCTMM]tryAll index=0
E/TrafficStats( 1673): [QCTMM]tryAll index=1
E/TrafficStats( 1673): [QCTMM]tryAll index=2
E/TrafficStats( 1673): [QCTMM]tryAll index=0
E/TrafficStats( 1673): [QCTMM]tryAll index=1
E/TrafficStats( 1673): [QCTMM]tryAll index=2
D/DATA    ( 1860): [QCTMM] DataNetStatistics sent == 0 && received == 0 newActivity=NONE
D/DATA    ( 1860): sentSinceLastRecv=0,watchdogTrigger=10,maxindex=0
E/TrafficStats( 1673): [QCTMM]tryAll index=0
E/TrafficStats( 1673): [QCTMM]tryAll index=1
E/TrafficStats( 1673): [QCTMM]tryAll index=2
E/TrafficStats( 1673): [QCTMM]tryAll index=0
E/TrafficStats( 1673): [QCTMM]tryAll index=1
E/TrafficStats( 1673): [QCTMM]tryAll index=2
D/DATA    ( 1860): [QCTMM] DataNetStatistics sent == 0 && received == 0 newActivity=NONE
D/DATA    ( 1860): sentSinceLastRecv=0,watchdogTrigger=10,maxindex=0
E/TrafficStats( 1673): [QCTMM]tryAll index=0
E/TrafficStats( 1673): [QCTMM]tryAll index=1
E/TrafficStats( 1673): [QCTMM]tryAll index=2
E/TrafficStats( 1673): [QCTMM]tryAll index=0
E/TrafficStats( 1673): [QCTMM]tryAll index=1
E/TrafficStats( 1673): [QCTMM]tryAll index=2
D/DATA    ( 1860): [QCTMM] DataNetStatistics sent == 0 && received == 0 newActivity=NONE
D/DATA    ( 1860): sentSinceLastRecv=0,watchdogTrigger=10,maxindex=0
E/TrafficStats(16531): [QCTMM]tryAll index=0
E/TrafficStats(16531): [QCTMM]tryAll index=1
E/TrafficStats(16531): [QCTMM]tryAll index=2
E/TrafficStats(16531): [QCTMM]tryAll index=0
E/TrafficStats(16531): [QCTMM]tryAll index=1
E/TrafficStats(16531): [QCTMM]tryAll index=2
E/TrafficStats(16531): [QCTMM]tryAll index=0
E/TrafficStats(16531): [QCTMM]tryAll index=1
E/TrafficStats(16531): [QCTMM]tryAll index=2
E/TrafficStats(16531): [QCTMM]tryAll index=0
E/TrafficStats(16531): [QCTMM]tryAll index=1
E/TrafficStats(16531): [QCTMM]tryAll index=2
E/TrafficStats( 1673): [QCTMM]tryAll index=0
E/TrafficStats( 1673): [QCTMM]tryAll index=1
E/TrafficStats( 1673): [QCTMM]tryAll index=2
E/TrafficStats( 1673): [QCTMM]tryAll index=0
E/TrafficStats( 1673): [QCTMM]tryAll index=1
E/TrafficStats( 1673): [QCTMM]tryAll index=2
D/DATA    ( 1860): [QCTMM] DataNetStatistics sent == 0 && received == 0 newActivity=NONE
D/DATA    ( 1860): sentSinceLastRecv=0,watchdogTrigger=10,maxindex=0
E/TrafficStats( 1673): [QCTMM]tryAll index=0
E/TrafficStats( 1673): [QCTMM]tryAll index=1
E/TrafficStats( 1673): [QCTMM]tryAll index=2
E/TrafficStats( 1673): [QCTMM]tryAll index=0
E/TrafficStats( 1673): [QCTMM]tryAll index=1
E/TrafficStats( 1673): [QCTMM]tryAll index=2
D/DATA    ( 1860): [QCTMM] DataNetStatistics sent == 0 && received == 0 newActivity=NONE
D/DATA    ( 1860): sentSinceLastRecv=0,watchdogTrigger=10,maxindex=0
E/TrafficStats( 1673): [QCTMM]tryAll index=0
E/TrafficStats( 1673): [QCTMM]tryAll index=1
E/TrafficStats( 1673): [QCTMM]tryAll index=2
E/TrafficStats( 1673): [QCTMM]tryAll index=0
E/TrafficStats( 1673): [QCTMM]tryAll index=1
E/TrafficStats( 1673): [QCTMM]tryAll index=2
D/DATA    ( 1860): [QCTMM] DataNetStatistics sent == 0 && received == 0 newActivity=NONE
D/DATA    ( 1860): sentSinceLastRecv=0,watchdogTrigger=10,maxindex=0
D/MMDCT   ( 1860): onDCLChanged dcs=DataCallState: { cid: 0, active: 1, type: IP, apn: vzwinternet, address: 10.174.234.255 }
D/MMDCT   ( 1860): onDCLChanged dcs=DataCallState: { cid: 1, active: 2, type: IPV6, apn: vzwinternet, address: 2600:1000:b022:700a:f3ca:40ba:6903:3d04 }
D/MMDCT   ( 1860): onDCLChanged dcs=DataCallState: { cid: 2, active: 0, type: null, apn: null, address: null }
D/MMDCT   ( 1860): onDCLChanged dcs=DataCallState: { cid: 3, active: 0, type: null, apn: null, address: null }
D/MMDCT   ( 1860): onDCLChanged dcs=DataCallState: { cid: 4, active: 0, type: null, apn: null, address: null }
D/MMDCT   ( 1860): onDCLChanged dcs=DataCallState: { cid: 5, active: 0, type: null, apn: null, address: null }
D/MMDCT   ( 1860): onDCLChanged dcs=DataCallState: { cid: 6, active: 0, type: null, apn: null, address: null }
D/MMDCT   ( 1860): onDCLChanged dcs=DataCallState: { cid: 7, active: 0, type: null, apn: null, address: null }
D/MMDCT   ( 1860): onDCLChanged dcs=DataCallState: { cid: 8, active: 0, type: null, apn: null, address: null }
D/MMDCT   ( 1860): onDCLChanged dcs=DataCallState: { cid: 9, active: 0, type: null, apn: null, address: null }
D/MMDCT   ( 1860): onDCLChanged dcs=DataCallState: { cid: 10, active: 0, type: null, apn: null, address: null }
D/MMDCT   ( 1860): onDCLChanged dcs=DataCallState: { cid: 11, active: 0, type: null, apn: null, address: null }
D/MMDCT   ( 1860): onDCLChanged dcs=DataCallState: { cid: 12, active: 0, type: null, apn: null, address: null }
D/MMDCT   ( 1860): onDCLChanged dcs=DataCallState: { cid: 13, active: 0, type: null, apn: null, address: null }
D/MMDCT   ( 1860): onDCLChanged dcs=DataCallState: { cid: 14, active: 0, type: null, apn: null, address: null }
D/MMDCT   ( 1860): onDCLChanged dcs=DataCallState: { cid: 15, active: 0, type: null, apn: null, address: null }
D/MMDCT   ( 1860): onDCLChanged dcs=DataCallState: { cid: 16, active: 0, type: null, apn: null, address: null }
D/MMDCT   ( 1860): onDCLChanged dcs=DataCallState: { cid: 17, active: 0, type: null, apn: null, address: null }
D/MMDCT   ( 1860): onDCLChanged dcs=DataCallState: { cid: 18, active: 0, type: null, apn: null, address: null }
D/MMDCT   ( 1860): onDCLChanged dcs=DataCallState: { cid: 19, active: 0, type: null, apn: null, address: null }
D/MMDCT   ( 1860): onDCLChanged() DC is active : activeDC.active=1
D/MMDCT   ( 1860): onDCLChanged() DC is active : activeDC.active=2
D/MMDCT   ( 1860):  ======= check all DC disconnected ======= 
D/MMDCT   ( 1860): DC-0: state=DcActiveState if=rmnet_sdio0 ip=10.174.234.255 ipv=IPV4
D/MMDCT   ( 1860): DC-1: state=DcActiveState if=rmnet_sdio1 ip=2600:1000:b022:700a:f3ca:40ba:6903:3d04 ipv=IPV6
D/MMDCT   ( 1860): DC-2: state=DcInactiveState if=null ip=null ipv=null
D/MMDCT   ( 1860): DC-3: state=DcInactiveState if=null ip=null ipv=null
D/MMDCT   ( 1860): DC-4: state=DcInactiveState if=null ip=null ipv=null
D/MMDCT   ( 1860): DC-5: state=DcInactiveState if=null ip=null ipv=null
D/MMDCT   ( 1860): DC-6: state=DcInactiveState if=null ip=null ipv=null
D/MMDCT   ( 1860): DC-7: state=DcInactiveState if=null ip=null ipv=null
D/MMDCT   ( 1860): ifAllDataDisconnected ret=false
D/DATA    ( 1860): [QCTMM]isEnablePoll   enablePoll=true
D/MMDCT   ( 1860): onDCLChanged() DA=NONE
D/MMDCT   ( 1860): onDCLChanged() notifyDA() now
D/DATA    ( 1860): [PhoneNotifier] notifyDataActivityLTE
D/StatusBarPolicy( 1816): hasService()=true ,mDataState=2 ,mPhone.htcModemLinkOn()=false ,mDataActivity=0
D/StatusBarPolicy( 1816): slotType[0]=RUIM
E/TrafficStats( 1673): [QCTMM]tryAll index=0
E/TrafficStats( 1673): [QCTMM]tryAll index=1
E/TrafficStats( 1673): [QCTMM]tryAll index=2
