D/UDP-TIMING(17001): 7332 0 -0.107717000
D/UDP-TIMING(17001): 7333 0 -0.115339000
D/UDP-TIMING(17001): 7334 0 -0.122936000
D/UDP-TIMING(17001): 7335 0 -0.100865000
D/UDP-TIMING(17001): 7336 0 -0.108458000
D/UDP-TIMING(17001): 7337 0 -0.116086000
D/UDP-TIMING(17001): 7338 0 -0.123715000
D/UDP-TIMING(17001): 7339 0 -0.101156000
D/UDP-TIMING(17001): 7340 0 -0.108749000
D/UDP-TIMING(17001): 7341 0 -0.116371000
D/UDP-TIMING(17001): 7342 0 -0.123998000
D/UDP-TIMING(17001): 7343 0 -0.101934000
D/UDP-TIMING(17001): 7344 0 -0.109559000
D/UDP-TIMING(17001): 7345 0 -0.117203000
D/UDP-TIMING(17001): 7346 0 -0.124798000
D/UDP-TIMING(17001): 7347 0 -0.102150000
D/UDP-TIMING(17001): 7348 0 -0.109779000
D/UDP-TIMING(17001): 7349 0 -0.117405000
D/UDP-TIMING(17001): 7350 0 -0.125037000
D/UDP-TIMING(17001): 7351 0 -0.102756000
D/UDP-TIMING(17001): 7352 0 -0.110354000
D/UDP-TIMING(17001): 7353 0 -0.117975000
D/UDP-TIMING(17001): 7354 0 -0.125678000
D/UDP-TIMING(17001): 7355 0 -0.103186000
D/UDP-TIMING(17001): 7356 0 -0.110784000
D/UDP-TIMING(17001): 7357 0 -0.118436000
D/UDP-TIMING(17001): 7358 0 -0.126107000
D/UDP-TIMING(17001): 7359 0 -0.104184000
D/UDP-TIMING(17001): 7360 0 -0.111862000
D/UDP-TIMING(17001): 7361 0 -0.119543000
D/UDP-TIMING(17001): 7362 0 -0.127179000
D/UDP-TIMING(17001): 7363 0 -0.104859000
D/UDP-TIMING(17001): 7364 0 -0.112543000
D/UDP-TIMING(17001): 7365 0 -0.120186000
D/UDP-TIMING(17001): 7366 0 -0.097537000
D/UDP-TIMING(17001): 7367 0 -0.105228000
D/UDP-TIMING(17001): 7368 0 -0.112902000
D/UDP-TIMING(17001): 7369 0 -0.120552000
D/UDP-TIMING(17001): 7370 0 -0.098484000
D/UDP-TIMING(17001): 7371 0 -0.106072000
D/UDP-TIMING(17001): 7372 0 -0.113748000
I/ActivityManager( 1673): Start proc com.viber.voip:keepAliveReceiver for broadcast com.viber.voip/com.viber.service.KeepAliveReceiver: pid=17032 uid=10159 gids={3003, 1015, 3002, 3001, 1007, 1006}
D/ACRA    (17032): Retrieve application default SharedPreferences.
D/ACRA    (17032): Set OnSharedPreferenceChangeListener.
D/ACRA    (17032): ACRA is enabled for com.viber.voip, intializing...
D/UDP-TIMING(17001): 7373 0 -0.126084000
D/ACRA    (17032): Looking for error files in /data/data/com.viber.voip/files
D/UDP-TIMING(17001): 7374 0 -0.112257000
D/UDP-TIMING(17001): 7375 0 -0.119901000
D/UDP-TIMING(17001): 7376 0 -0.127527000
D/UDP-TIMING(17001): 7377 0 -0.105253000
D/UDP-TIMING(17001): 7378 0 -0.112846000
D/UDP-TIMING(17001): 7379 0 -0.120485000
D/UDP-TIMING(17001): 7380 0 -0.098042000
D/UDP-TIMING(17001): 7381 0 -0.105697000
D/UDP-TIMING(17001): 7382 0 -0.113364000
D/UDP-TIMING(17001): 7383 0 -0.121039000
D/dalvikvm(17032): GC_CONCURRENT freed 204K, 46% free 3095K/5639K, external 0K/0K, paused 2ms+12ms
D/UDP-TIMING(17001): 7384 0 -0.098484000
D/UDP-TIMING(17001): 7385 0 -0.106113000
D/UDP-TIMING(17001): 7386 0 -0.113743000
D/UDP-TIMING(17001): 7387 0 -0.121369000
D/UDP-TIMING(17001): 7388 0 -0.099267000
D/UDP-TIMING(17001): 7389 0 -0.106891000
D/UDP-TIMING(17001): 7390 0 -0.114517000
D/UDP-TIMING(17001): 7391 0 -0.122143000
D/Socket_Alarm(17032): registerHTCSocketMonitorCallBack
D/Socket_Alarm(17032): set mSocketMonitor
D/Socket_Alarm(17032): HTCSocketMonitorImpl::HTCSocketMonitorImpl
E/ServiceLocator(17032): ServiceLocator$VoipServiceConnection.onServiceConnected ext: android.os.BinderProxy@40542f68
D/UDP-TIMING(17001): 7392 0 -0.099613000
D/UDP-TIMING(17001): 7393 0 -0.107245000
D/UDP-TIMING(17001): 7394 0 -0.114872000
D/UDP-TIMING(17001): 7395 0 -0.122499000
D/UDP-TIMING(17001): 7396 0 -0.100251000
D/UDP-TIMING(17001): 7397 0 -0.107877000
D/UDP-TIMING(17001): 7398 0 -0.115503000
D/UDP-TIMING(17001): 7399 0 -0.123135000
E/TrafficStats( 1673): [QCTMM]tryAll index=0
E/TrafficStats( 1673): [QCTMM]tryAll index=1
E/TrafficStats( 1673): [QCTMM]tryAll index=2
E/TrafficStats( 1673): [QCTMM]tryAll index=0
E/TrafficStats( 1673): [QCTMM]tryAll index=1
E/TrafficStats( 1673): [QCTMM]tryAll index=2
D/DATA    ( 1860): [PhoneNotifier] notifyDataActivityLTE
D/DATA    ( 1860): [QCTMM] DataNetStatistics mIsScreenOn newActivity=DATAINANDOUT
D/DATA    ( 1860): sentSinceLastRecv=0,watchdogTrigger=10,maxindex=0
D/StatusBarPolicy( 1816): hasService()=true ,mDataState=2 ,mPhone.htcModemLinkOn()=false ,mDataActivity=3
D/StatusBarPolicy( 1816): slotType[0]=RUIM
D/UDP-TIMING(17001): 7400 0 -0.100792000
D/UDP-TIMING(17001): 7401 0 -0.108425000
D/UDP-TIMING(17001): 7402 0 -0.116053000
D/UDP-TIMING(17001): 7403 0 -0.123680000
D/UDP-TIMING(17001): 7404 0 -0.101402000
D/UDP-TIMING(17001): 7405 0 -0.109026000
D/UDP-TIMING(17001): 7406 0 -0.116625000
D/UDP-TIMING(17001): 7407 0 -0.124247000
D/UDP-TIMING(17001): 7408 0 -0.101446000
D/UDP-TIMING(17001): 7409 0 -0.109076000
D/UDP-TIMING(17001): 7410 0 -0.116676000
D/UDP-TIMING(17001): 7411 0 -0.094304000
D/UDP-TIMING(17001): 7412 0 -0.101934000
D/UDP-TIMING(17001): 7413 0 -0.109569000
D/UDP-TIMING(17001): 7414 0 -0.117197000
D/UDP-TIMING(17001): 7415 0 -0.124804000
D/UDP-TIMING(17001): 7416 0 -0.102159000
D/UDP-TIMING(17001): 7417 0 -0.109756000
D/UDP-TIMING(17001): 7418 0 -0.117383000
D/UDP-TIMING(17001): 7419 0 -0.125010000
D/UDP-TIMING(17001): 7420 0 -0.103004000
D/UDP-TIMING(17001): 7421 0 -0.110602000
D/UDP-TIMING(17001): 7422 0 -0.118235000
D/UDP-TIMING(17001): 7423 0 -0.125867000
D/UDP-TIMING(17001): 7424 0 -0.103191000
D/UDP-TIMING(17001): 7425 0 -0.110820000
D/UDP-TIMING(17001): 7426 0 -0.118416000
D/UDP-TIMING(17001): 7427 0 -0.126044000
D/UDP-TIMING(17001): 7428 0 -0.103943000
D/UDP-TIMING(17001): 7429 0 -0.111542000
D/UDP-TIMING(17001): 7430 0 -0.119172000
D/UDP-TIMING(17001): 7431 0 -0.126800000
D/UDP-TIMING(17001): 7432 0 -0.104210000
D/UDP-TIMING(17001): 7433 0 -0.111840000
D/UDP-TIMING(17001): 7434 0 -0.119465000
D/UDP-TIMING(17001): 7435 0 -0.127089000
D/UDP-TIMING(17001): 7436 0 -0.104963000
D/UDP-TIMING(17001): 7437 0 -0.112591000
D/UDP-TIMING(17001): 7438 0 -0.120219000
D/UDP-TIMING(17001): 7439 0 -0.127851000
D/UDP-TIMING(17001): 7440 0 -0.105249000
D/UDP-TIMING(17001): 7441 0 -0.112877000
D/UDP-TIMING(17001): 7442 0 -0.120468000
D/UDP-TIMING(17001): 7443 0 -0.098420000
D/UDP-TIMING(17001): 7444 0 -0.106049000
D/UDP-TIMING(17001): 7445 0 -0.113675000
D/UDP-TIMING(17001): 7446 0 -0.121302000
D/UDP-TIMING(17001): 7447 0 -0.098564000
D/UDP-TIMING(17001): 7448 0 -0.106213000
D/UDP-TIMING(17001): 7449 0 -0.113845000
D/UDP-TIMING(17001): 7450 0 -0.121471000
D/UDP-TIMING(17001): 7451 0 -0.099437000
D/UDP-TIMING(17001): 7452 0 -0.107067000
D/UDP-TIMING(17001): 7453 0 -0.114666000
D/UDP-TIMING(17001): 7454 0 -0.122290000
D/UDP-TIMING(17001): 7455 0 -0.099888000
D/UDP-TIMING(17001): 7456 0 -0.107514000
D/UDP-TIMING(17001): 7457 0 -0.115110000
D/UDP-TIMING(17001): 7458 0 -0.122733000
D/UDP-TIMING(17001): 7459 0 -0.100145000
D/UDP-TIMING(17001): 7460 0 -0.107739000
D/UDP-TIMING(17001): 7461 0 -0.115364000
D/UDP-TIMING(17001): 7462 0 -0.122989000
D/UDP-TIMING(17001): 7463 0 -0.100978000
D/UDP-TIMING(17001): 7464 0 -0.108603000
D/UDP-TIMING(17001): 7465 0 -0.116234000
D/UDP-TIMING(17001): 7466 0 -0.123860000
D/UDP-TIMING(17001): 7467 0 -0.101244000
D/UDP-TIMING(17001): 7468 0 -0.108843000
D/UDP-TIMING(17001): 7469 0 -0.116467000
D/UDP-TIMING(17001): 7470 0 -0.124087000
V/DeviceStorageMonitorService( 1673): freeMemory=2097885184
D/UDP-TIMING(17001): 7471 0 -0.101959000
D/UDP-TIMING(17001): 7472 0 -0.109583000
D/UDP-TIMING(17001): 7473 0 -0.117209000
D/DeviceStorageMonitorService( 1673): OoO SMS Memory available. SMS_AVAILABLE_THRESHOLD == 524288
I/DeviceStorageMonitorService( 1673): Posting Message again
D/UDP-TIMING(17001): 7474 0 -0.123473000
D/UDP-TIMING(17001): 7475 0 -0.104800000
D/UDP-TIMING(17001): 7476 0 -0.112430000
D/UDP-TIMING(17001): 7477 0 -0.120056000
D/UDP-TIMING(17001): 7478 0 -0.097927000
D/UDP-TIMING(17001): 7479 0 -0.105537000
D/UDP-TIMING(17001): 7480 0 -0.113128000
D/UDP-TIMING(17001): 7481 0 -0.120707000
D/UDP-TIMING(17001): 7482 0 -0.098084000
D/UDP-TIMING(17001): 7483 0 -0.105636000
D/UDP-TIMING(17001): 7484 0 -0.113226000
D/UDP-TIMING(17001): 7485 0 -0.120847000
D/UDP-TIMING(17001): 7486 0 -0.098751000
D/UDP-TIMING(17001): 7487 0 -0.106386000
D/UDP-TIMING(17001): 7488 0 -0.113989000
D/UDP-TIMING(17001): 7489 0 -0.121617000
D/UDP-TIMING(17001): 7490 0 -0.099029000
D/UDP-TIMING(17001): 7491 0 -0.106614000
D/UDP-TIMING(17001): 7492 0 -0.114246000
D/UDP-TIMING(17001): 7493 0 -0.121878000
D/UDP-TIMING(17001): 7494 0 -0.099812000
D/UDP-TIMING(17001): 7495 0 -0.107411000
D/UDP-TIMING(17001): 7496 0 -0.115046000
D/UDP-TIMING(17001): 7497 0 -0.122676000
D/UDP-TIMING(17001): 7498 0 -0.100067000
D/UDP-TIMING(17001): 7499 0 -0.107666000
D/UDP-TIMING(17001): 7500 0 -0.115293000
D/UDP-TIMING(17001): 7501 0 -0.122916000
E/TrafficStats( 1673): [QCTMM]tryAll index=0
E/TrafficStats( 1673): [QCTMM]tryAll index=1
E/TrafficStats( 1673): [QCTMM]tryAll index=2
E/TrafficStats( 1673): [QCTMM]tryAll index=0
E/TrafficStats( 1673): [QCTMM]tryAll index=1
E/TrafficStats( 1673): [QCTMM]tryAll index=2
D/DATA    ( 1860): [PhoneNotifier] notifyDataActivityLTE
D/UDP-TIMING(17001): 7502 0 -0.100330000
D/UDP-TIMING(17001): 7503 0 -0.107959000
D/UDP-TIMING(17001): 7504 0 -0.115587000
D/UDP-TIMING(17001): 7505 0 -0.123215000
D/DATA    ( 1860): [QCTMM] DataNetStatistics mIsScreenOn newActivity=DATAIN
D/StatusBarPolicy( 1816): hasService()=true ,mDataState=2 ,mPhone.htcModemLinkOn()=false ,mDataActivity=1
D/DATA    ( 1860): sentSinceLastRecv=0,watchdogTrigger=10,maxindex=0
D/StatusBarPolicy( 1816): slotType[0]=RUIM
D/UDP-TIMING(17001): 7506 0 -0.100910000
D/UDP-TIMING(17001): 7507 0 -0.108535000
D/UDP-TIMING(17001): 7508 0 -0.116214000
D/UDP-TIMING(17001): 7509 0 -0.123895000
D/UDP-TIMING(17001): 7510 0 -0.102610000
D/UDP-TIMING(17001): 7511 0 -0.110247000
D/UDP-TIMING(17001): 7512 0 -0.117928000
D/UDP-TIMING(17001): 7513 0 -0.125616000
D/UDP-TIMING(17001): 7514 0 -0.102725000
D/UDP-TIMING(17001): 7515 0 -0.110418000
D/UDP-TIMING(17001): 7516 0 -0.118108000
D/UDP-TIMING(17001): 7517 0 -0.125826000
D/UDP-TIMING(17001): 7518 0 -0.103240000
D/UDP-TIMING(17001): 7519 0 -0.110929000
D/UDP-TIMING(17001): 7520 0 -0.118627000
D/UDP-TIMING(17001): 7521 0 -0.126322000
D/UDP-TIMING(17001): 7522 0 -0.104320000
D/UDP-TIMING(17001): 7523 0 -0.111979000
D/UDP-TIMING(17001): 7524 0 -0.119670000
D/UDP-TIMING(17001): 7525 0 -0.127360000
D/UDP-TIMING(17001): 7526 0 -0.104715000
D/UDP-TIMING(17001): 7527 0 -0.112374000
D/UDP-TIMING(17001): 7528 0 -0.120001000
D/UDP-TIMING(17001): 7529 0 -0.126260000
D/UDP-TIMING(17001): 7530 0 -0.105752000
D/UDP-TIMING(17001): 7531 0 -0.113413000
D/UDP-TIMING(17001): 7532 0 -0.121107000
D/UDP-TIMING(17001): 7533 0 -0.098440000
D/UDP-TIMING(17001): 7534 0 -0.106116000
D/UDP-TIMING(17001): 7535 0 -0.113776000
D/UDP-TIMING(17001): 7536 0 -0.121466000
D/UDP-TIMING(17001): 7537 0 -0.099522000
D/UDP-TIMING(17001): 7538 0 -0.107178000
D/UDP-TIMING(17001): 7539 0 -0.114953000
D/UDP-TIMING(17001): 7540 0 -0.122648000
D/UDP-TIMING(17001): 7541 0 -0.099971000
D/UDP-TIMING(17001): 7542 0 -0.107637000
D/UDP-TIMING(17001): 7543 0 -0.115332000
D/UDP-TIMING(17001): 7544 0 -0.123013000
D/UDP-TIMING(17001): 7545 0 -0.101097000
D/UDP-TIMING(17001): 7546 0 -0.108787000
D/UDP-TIMING(17001): 7547 0 -0.116450000
D/UDP-TIMING(17001): 7548 0 -0.124129000
D/UDP-TIMING(17001): 7549 0 -0.101575000
D/UDP-TIMING(17001): 7550 0 -0.109270000
D/UDP-TIMING(17001): 7551 0 -0.116932000
D/UDP-TIMING(17001): 7552 0 -0.124624000
D/UDP-TIMING(17001): 7553 0 -0.102617000
D/UDP-TIMING(17001): 7554 0 -0.110305000
D/UDP-TIMING(17001): 7555 0 -0.117993000
D/UDP-TIMING(17001): 7556 0 -0.125681000
D/UDP-TIMING(17001): 7557 0 -0.103094000
D/UDP-TIMING(17001): 7558 0 -0.110782000
D/UDP-TIMING(17001): 7559 0 -0.118520000
D/UDP-TIMING(17001): 7560 0 -0.126142000
D/UDP-TIMING(17001): 7561 0 -0.104075000
D/UDP-TIMING(17001): 7562 0 -0.111771000
D/UDP-TIMING(17001): 7563 0 -0.119430000
D/UDP-TIMING(17001): 7564 0 -0.127122000
D/UDP-TIMING(17001): 7565 0 -0.104935000
D/UDP-TIMING(17001): 7566 0 -0.112624000
D/UDP-TIMING(17001): 7567 0 -0.120289000
D/UDP-TIMING(17001): 7568 0 -0.097598000
D/UDP-TIMING(17001): 7569 0 -0.105256000
D/UDP-TIMING(17001): 7570 0 -0.112886000
D/UDP-TIMING(17001): 7571 0 -0.120581000
D/UDP-TIMING(17001): 7572 0 -0.098608000
D/UDP-TIMING(17001): 7573 0 -0.106197000
D/UDP-TIMING(17001): 7574 0 -0.113884000
D/UDP-TIMING(17001): 7575 0 -0.121800000
D/UDP-TIMING(17001): 7576 0 -0.111454000
D/UDP-TIMING(17001): 7577 0 -0.119041000
D/UDP-TIMING(17001): 7578 0 -0.126707000
D/UDP-TIMING(17001): 7579 0 -0.104648000
D/UDP-TIMING(17001): 7580 0 -0.112267000
D/UDP-TIMING(17001): 7581 0 -0.119857000
D/UDP-TIMING(17001): 7582 0 -0.127468000
D/UDP-TIMING(17001): 7583 0 -0.104890000
D/UDP-TIMING(17001): 7584 0 -0.112575000
D/UDP-TIMING(17001): 7585 0 -0.120174000
D/UDP-TIMING(17001): 7586 0 -0.098102000
D/UDP-TIMING(17001): 7587 0 -0.105820000
D/UDP-TIMING(17001): 7588 0 -0.113507000
D/UDP-TIMING(17001): 7589 0 -0.121201000
D/UDP-TIMING(17001): 7590 0 -0.098622000
D/UDP-TIMING(17001): 7591 0 -0.106260000
D/UDP-TIMING(17001): 7592 0 -0.113915000
D/UDP-TIMING(17001): 7593 0 -0.121610000
D/UDP-TIMING(17001): 7594 0 -0.099605000
D/UDP-TIMING(17001): 7595 0 -0.107339000
D/UDP-TIMING(17001): 7596 0 -0.114973000
D/UDP-TIMING(17001): 7597 0 -0.122658000
D/UDP-TIMING(17001): 7598 0 -0.100017000
D/UDP-TIMING(17001): 7599 0 -0.107619000
D/UDP-TIMING(17001): 7600 0 -0.115313000
D/UDP-TIMING(17001): 7601 0 -0.123003000
D/UDP-TIMING(17001): 7602 0 -0.101091000
D/UDP-TIMING(17001): 7603 0 -0.108745000
D/UDP-TIMING(17001): 7604 0 -0.116436000
D/UDP-TIMING(17001): 7605 0 -0.124126000
E/TrafficStats( 1673): [QCTMM]tryAll index=0
E/TrafficStats( 1673): [QCTMM]tryAll index=1
E/TrafficStats( 1673): [QCTMM]tryAll index=2
E/TrafficStats( 1673): [QCTMM]tryAll index=0
E/TrafficStats( 1673): [QCTMM]tryAll index=1
E/TrafficStats( 1673): [QCTMM]tryAll index=2
D/DATA    ( 1860): sentSinceLastRecv=0,watchdogTrigger=10,maxindex=0
D/UDP-TIMING(17001): 7606 0 -0.101695000
D/UDP-TIMING(17001): 7607 0 -0.109384000
D/UDP-TIMING(17001): 7608 0 -0.117072000
D/UDP-TIMING(17001): 7609 0 -0.124848000
D/UDP-TIMING(17001): 7610 0 -0.102599000
D/UDP-TIMING(17001): 7611 0 -0.110230000
D/UDP-TIMING(17001): 7612 0 -0.117871000
D/UDP-TIMING(17001): 7613 0 -0.125502000
D/UDP-TIMING(17001): 7614 0 -0.102989000
D/UDP-TIMING(17001): 7615 0 -0.110627000
D/UDP-TIMING(17001): 7616 0 -0.118269000
D/UDP-TIMING(17001): 7617 0 -0.125948000
D/UDP-TIMING(17001): 7618 0 -0.103763000
D/UDP-TIMING(17001): 7619 0 -0.111441000
D/UDP-TIMING(17001): 7620 0 -0.119102000
D/UDP-TIMING(17001): 7621 0 -0.126786000
D/UDP-TIMING(17001): 7622 0 -0.104305000
D/UDP-TIMING(17001): 7623 0 -0.111982000
D/UDP-TIMING(17001): 7624 0 -0.119636000
D/UDP-TIMING(17001): 7625 0 -0.127317000
D/UDP-TIMING(17001): 7626 0 -0.105407000
D/UDP-TIMING(17001): 7627 0 -0.113055000
D/UDP-TIMING(17001): 7628 0 -0.120735000
D/UDP-TIMING(17001): 7629 0 -0.098601000
D/UDP-TIMING(17001): 7630 0 -0.106233000
D/UDP-TIMING(17001): 7631 0 -0.113914000
D/UDP-TIMING(17001): 7632 0 -0.121594000
D/UDP-TIMING(17001): 7633 0 -0.099071000
D/UDP-TIMING(17001): 7634 0 -0.106716000
D/UDP-TIMING(17001): 7635 0 -0.114347000
D/UDP-TIMING(17001): 7636 0 -0.122031000
D/UDP-TIMING(17001): 7637 0 -0.099926000
D/UDP-TIMING(17001): 7638 0 -0.107610000
D/UDP-TIMING(17001): 7639 0 -0.115263000
D/UDP-TIMING(17001): 7640 0 -0.122944000
D/UDP-TIMING(17001): 7641 0 -0.100420000
D/UDP-TIMING(17001): 7642 0 -0.108099000
D/UDP-TIMING(17001): 7643 0 -0.115790000
D/UDP-TIMING(17001): 7644 0 -0.123476000
D/UDP-TIMING(17001): 7645 0 -0.101399000
D/UDP-TIMING(17001): 7646 0 -0.109077000
D/UDP-TIMING(17001): 7647 0 -0.116729000
D/UDP-TIMING(17001): 7648 0 -0.124361000
D/UDP-TIMING(17001): 7649 0 -0.101739000
D/UDP-TIMING(17001): 7650 0 -0.109426000
D/UDP-TIMING(17001): 7651 0 -0.117080000
D/UDP-TIMING(17001): 7652 0 -0.124716000
D/UDP-TIMING(17001): 7653 0 -0.103318000
D/UDP-TIMING(17001): 7654 0 -0.110995000
D/UDP-TIMING(17001): 7655 0 -0.118667000
D/UDP-TIMING(17001): 7656 0 -0.126349000
D/UDP-TIMING(17001): 7657 0 -0.103603000
D/UDP-TIMING(17001): 7658 0 -0.111283000
D/UDP-TIMING(17001): 7659 0 -0.118958000
D/UDP-TIMING(17001): 7660 0 -0.126602000
D/UDP-TIMING(17001): 7661 0 -0.104221000
D/UDP-TIMING(17001): 7662 0 -0.111907000
D/UDP-TIMING(17001): 7663 0 -0.119592000
D/UDP-TIMING(17001): 7664 0 -0.127227000
D/UDP-TIMING(17001): 7665 0 -0.104584000
D/UDP-TIMING(17001): 7666 0 -0.112239000
D/UDP-TIMING(17001): 7667 0 -0.119931000
D/UDP-TIMING(17001): 7668 0 -0.126308000
D/UDP-TIMING(17001): 7669 0 -0.105639000
D/UDP-TIMING(17001): 7670 0 -0.113298000
D/UDP-TIMING(17001): 7671 0 -0.120983000
D/UDP-TIMING(17001): 7672 0 -0.098344000
D/UDP-TIMING(17001): 7673 0 -0.106027000
D/UDP-TIMING(17001): 7674 0 -0.113708000
D/UDP-TIMING(17001): 7675 0 -0.121398000
D/UDP-TIMING(17001): 7676 0 -0.122862000
D/UDP-TIMING(17001): 7677 0 -0.109602000
D/UDP-TIMING(17001): 7678 0 -0.117222000
D/UDP-TIMING(17001): 7679 0 -0.124874000
D/UDP-TIMING(17001): 7680 0 -0.102132000
D/UDP-TIMING(17001): 7681 0 -0.109782000
D/UDP-TIMING(17001): 7682 0 -0.117407000
D/UDP-TIMING(17001): 7683 0 -0.125138000
D/UDP-TIMING(17001): 7684 0 -0.103209000
D/UDP-TIMING(17001): 7685 0 -0.110835000
D/UDP-TIMING(17001): 7686 0 -0.118428000
D/UDP-TIMING(17001): 7687 0 -0.126147000
D/UDP-TIMING(17001): 7688 0 -0.103828000
D/UDP-TIMING(17001): 7689 0 -0.111507000
D/UDP-TIMING(17001): 7690 0 -0.119191000
D/UDP-TIMING(17001): 7691 0 -0.126901000
D/UDP-TIMING(17001): 7692 0 -0.104344000
D/UDP-TIMING(17001): 7693 0 -0.111993000
D/UDP-TIMING(17001): 7694 0 -0.119671000
D/UDP-TIMING(17001): 7695 0 -0.097628000
D/UDP-TIMING(17001): 7696 0 -0.105315000
D/UDP-TIMING(17001): 7697 0 -0.113977000
D/UDP-TIMING(17001): 7698 0 -0.121659000
E/TrafficStats(16531): [QCTMM]tryAll index=0
E/TrafficStats(16531): [QCTMM]tryAll index=1
E/TrafficStats(16531): [QCTMM]tryAll index=2
E/TrafficStats(16531): [QCTMM]tryAll index=0
E/TrafficStats(16531): [QCTMM]tryAll index=1
E/TrafficStats(16531): [QCTMM]tryAll index=2
E/TrafficStats(16531): [QCTMM]tryAll index=0
E/TrafficStats(16531): [QCTMM]tryAll index=1
D/UDP-TIMING(17001): 7699 0 -0.098612000
D/UDP-TIMING(17001): 7700 0 -0.106239000
D/UDP-TIMING(17001): 7701 0 -0.113924000
D/UDP-TIMING(17001): 7702 0 -0.121582000
E/TrafficStats(16531): [QCTMM]tryAll index=2
E/TrafficStats(16531): [QCTMM]tryAll index=0
E/TrafficStats(16531): [QCTMM]tryAll index=1
E/TrafficStats(16531): [QCTMM]tryAll index=2
E/TrafficStats( 1673): [QCTMM]tryAll index=0
E/TrafficStats( 1673): [QCTMM]tryAll index=1
E/TrafficStats( 1673): [QCTMM]tryAll index=2
D/UDP-TIMING(17001): 7703 0 -0.099488000
D/UDP-TIMING(17001): 7704 0 -0.107122000
D/UDP-TIMING(17001): 7705 0 -0.114844000
D/UDP-TIMING(17001): 7706 0 -0.122477000
E/TrafficStats( 1673): [QCTMM]tryAll index=0
E/TrafficStats( 1673): [QCTMM]tryAll index=1
E/TrafficStats( 1673): [QCTMM]tryAll index=2
D/DATA    ( 1860): sentSinceLastRecv=0,watchdogTrigger=10,maxindex=0
D/UDP-TIMING(17001): 7707 0 -0.101009000
D/UDP-TIMING(17001): 7708 0 -0.108686000
D/UDP-TIMING(17001): 7709 0 -0.116368000
D/UDP-TIMING(17001): 7710 0 -0.124049000
D/UDP-TIMING(17001): 7711 0 -0.101911000
D/UDP-TIMING(17001): 7712 0 -0.109627000
D/UDP-TIMING(17001): 7713 0 -0.117307000
D/UDP-TIMING(17001): 7714 0 -0.124992000
D/UDP-TIMING(17001): 7715 0 -0.101814000
D/UDP-TIMING(17001): 7716 0 -0.109460000
D/UDP-TIMING(17001): 7717 0 -0.117142000
D/UDP-TIMING(17001): 7718 0 -0.124832000
D/UDP-TIMING(17001): 7719 0 -0.102755000
D/UDP-TIMING(17001): 7720 0 -0.110404000
D/UDP-TIMING(17001): 7721 0 -0.118043000
D/UDP-TIMING(17001): 7722 0 -0.125737000
D/UDP-TIMING(17001): 7723 0 -0.103176000
D/UDP-TIMING(17001): 7724 0 -0.110854000
D/UDP-TIMING(17001): 7725 0 -0.118542000
D/UDP-TIMING(17001): 7726 0 -0.096499000
D/UDP-TIMING(17001): 7727 0 -0.104178000
D/UDP-TIMING(17001): 7728 0 -0.111857000
D/UDP-TIMING(17001): 7729 0 -0.089206000
D/UDP-TIMING(17001): 7730 0 -0.096839000
D/UDP-TIMING(17001): 7731 0 -0.104539000
D/UDP-TIMING(17001): 7732 0 -0.112186000
D/UDP-TIMING(17001): 7733 0 -0.119867000
D/UDP-TIMING(17001): 7734 0 -0.127498000
D/UDP-TIMING(17001): 7735 0 -0.105500000
D/UDP-TIMING(17001): 7736 0 -0.113180000
D/UDP-TIMING(17001): 7737 0 -0.120862000
D/UDP-TIMING(17001): 7738 0 -0.098407000
D/UDP-TIMING(17001): 7739 0 -0.106081000
D/UDP-TIMING(17001): 7740 0 -0.113748000
D/UDP-TIMING(17001): 7741 0 -0.121430000
D/UDP-TIMING(17001): 7742 0 -0.098904000
D/UDP-TIMING(17001): 7743 0 -0.106583000
D/UDP-TIMING(17001): 7744 0 -0.114229000
D/UDP-TIMING(17001): 7745 0 -0.121908000
D/UDP-TIMING(17001): 7746 0 -0.099959000
D/UDP-TIMING(17001): 7747 0 -0.107608000
D/UDP-TIMING(17001): 7748 0 -0.115292000
D/UDP-TIMING(17001): 7749 0 -0.122976000
D/UDP-TIMING(17001): 7750 0 -0.100426000
D/UDP-TIMING(17001): 7751 0 -0.108105000
D/UDP-TIMING(17001): 7752 0 -0.115753000
D/UDP-TIMING(17001): 7753 0 -0.123434000
D/UDP-TIMING(17001): 7754 0 -0.101396000
D/UDP-TIMING(17001): 7755 0 -0.109079000
D/UDP-TIMING(17001): 7756 0 -0.116763000
D/UDP-TIMING(17001): 7757 0 -0.124410000
D/UDP-TIMING(17001): 7758 0 -0.101749000
D/UDP-TIMING(17001): 7759 0 -0.109431000
D/UDP-TIMING(17001): 7760 0 -0.117116000
D/UDP-TIMING(17001): 7761 0 -0.124795000
D/UDP-TIMING(17001): 7762 0 -0.102842000
D/UDP-TIMING(17001): 7763 0 -0.110525000
D/UDP-TIMING(17001): 7764 0 -0.118208000
D/UDP-TIMING(17001): 7765 0 -0.125906000
D/UDP-TIMING(17001): 7766 0 -0.103249000
D/UDP-TIMING(17001): 7767 0 -0.110924000
D/UDP-TIMING(17001): 7768 0 -0.118603000
D/UDP-TIMING(17001): 7769 0 -0.126314000
D/UDP-TIMING(17001): 7770 0 -0.104283000
D/UDP-TIMING(17001): 7771 0 -0.111910000
D/UDP-TIMING(17001): 7772 0 -0.119507000
D/UDP-TIMING(17001): 7773 0 -0.096889000
D/UDP-TIMING(17001): 7774 0 -0.104515000
D/UDP-TIMING(17001): 7775 0 -0.112140000
D/UDP-TIMING(17001): 7776 0 -0.119736000
D/UDP-TIMING(17001): 7777 0 -0.123404000
D/UDP-TIMING(17001): 7778 0 -0.108031000
D/UDP-TIMING(17001): 7779 0 -0.115663000
D/UDP-TIMING(17001): 7780 0 -0.123325000
D/UDP-TIMING(17001): 7781 0 -0.100586000
D/UDP-TIMING(17001): 7782 0 -0.108203000
D/UDP-TIMING(17001): 7783 0 -0.115826000
D/UDP-TIMING(17001): 7784 0 -0.123494000
D/UDP-TIMING(17001): 7785 0 -0.101536000
D/UDP-TIMING(17001): 7786 0 -0.109131000
D/UDP-TIMING(17001): 7787 0 -0.116745000
D/UDP-TIMING(17001): 7788 0 -0.124425000
D/UDP-TIMING(17001): 7789 0 -0.101771000
D/UDP-TIMING(17001): 7790 0 -0.109443000
D/UDP-TIMING(17001): 7791 0 -0.117143000
D/UDP-TIMING(17001): 7792 0 -0.124835000
D/UDP-TIMING(17001): 7793 0 -0.102833000
D/UDP-TIMING(17001): 7794 0 -0.110521000
D/UDP-TIMING(17001): 7795 0 -0.118151000
D/UDP-TIMING(17001): 7796 0 -0.095620000
D/UDP-TIMING(17001): 7797 0 -0.103310000
D/UDP-TIMING(17001): 7798 0 -0.111009000
D/UDP-TIMING(17001): 7799 0 -0.118673000
D/UDP-TIMING(17001): 7800 0 -0.126261000
D/UDP-TIMING(17001): 7801 0 -0.104197000
D/UDP-TIMING(17001): 7802 0 -0.111891000
D/UDP-TIMING(17001): 7803 0 -0.119587000
D/UDP-TIMING(17001): 7804 0 -0.127236000
E/TrafficStats( 1673): [QCTMM]tryAll index=0
E/TrafficStats( 1673): [QCTMM]tryAll index=1
D/UDP-TIMING(17001): 7805 0 -0.104837000
D/UDP-TIMING(17001): 7806 0 -0.112465000
D/UDP-TIMING(17001): 7807 0 -0.120093000
D/UDP-TIMING(17001): 7808 0 -0.127686000
E/TrafficStats( 1673): [QCTMM]tryAll index=2
E/TrafficStats( 1673): [QCTMM]tryAll index=0
E/TrafficStats( 1673): [QCTMM]tryAll index=1
E/TrafficStats( 1673): [QCTMM]tryAll index=2
D/DATA    ( 1860): sentSinceLastRecv=0,watchdogTrigger=10,maxindex=0
D/UDP-TIMING(17001): 7809 0 -0.105080000
D/UDP-TIMING(17001): 7810 0 -0.112813000
D/UDP-TIMING(17001): 7811 0 -0.120446000
D/UDP-TIMING(17001): 7812 0 -0.098525000
D/UDP-TIMING(17001): 7813 0 -0.106151000
D/UDP-TIMING(17001): 7814 0 -0.113830000
D/UDP-TIMING(17001): 7815 0 -0.121464000
D/UDP-TIMING(17001): 7816 0 -0.098900000
D/UDP-TIMING(17001): 7817 0 -0.106557000
D/UDP-TIMING(17001): 7818 0 -0.114239000
D/UDP-TIMING(17001): 7819 0 -0.121925000
D/UDP-TIMING(17001): 7820 0 -0.099850000
D/UDP-TIMING(17001): 7821 0 -0.107487000
D/UDP-TIMING(17001): 7822 0 -0.115135000
D/UDP-TIMING(17001): 7823 0 -0.122845000
D/UDP-TIMING(17001): 7824 0 -0.100339000
D/UDP-TIMING(17001): 7825 0 -0.107944000
D/UDP-TIMING(17001): 7826 0 -0.115623000
D/UDP-TIMING(17001): 7827 0 -0.123304000
D/UDP-TIMING(17001): 7828 0 -0.101255000
D/UDP-TIMING(17001): 7829 0 -0.108936000
D/UDP-TIMING(17001): 7830 0 -0.116619000
D/UDP-TIMING(17001): 7831 0 -0.124305000
D/UDP-TIMING(17001): 7832 0 -0.101712000
D/UDP-TIMING(17001): 7833 0 -0.109391000
D/UDP-TIMING(17001): 7834 0 -0.117045000
D/UDP-TIMING(17001): 7835 0 -0.124729000
D/UDP-TIMING(17001): 7836 0 -0.102491000
D/UDP-TIMING(17001): 7837 0 -0.110175000
D/UDP-TIMING(17001): 7838 0 -0.117855000
D/UDP-TIMING(17001): 7839 0 -0.125539000
D/UDP-TIMING(17001): 7840 0 -0.103134000
D/UDP-TIMING(17001): 7841 0 -0.110771000
D/UDP-TIMING(17001): 7842 0 -0.118403000
D/UDP-TIMING(17001): 7843 0 -0.126024000
D/UDP-TIMING(17001): 7844 0 -0.104018000
D/UDP-TIMING(17001): 7845 0 -0.111613000
D/UDP-TIMING(17001): 7846 0 -0.119243000
D/UDP-TIMING(17001): 7847 0 -0.126860000
D/UDP-TIMING(17001): 7848 0 -0.104213000
D/UDP-TIMING(17001): 7849 0 -0.111841000
D/UDP-TIMING(17001): 7850 0 -0.119469000
D/UDP-TIMING(17001): 7851 0 -0.127088000
D/UDP-TIMING(17001): 7852 0 -0.105021000
D/UDP-TIMING(17001): 7853 0 -0.112649000
D/UDP-TIMING(17001): 7854 0 -0.120278000
D/UDP-TIMING(17001): 7855 0 -0.127907000
D/UDP-TIMING(17001): 7856 0 -0.105492000
D/UDP-TIMING(17001): 7857 0 -0.113091000
D/UDP-TIMING(17001): 7858 0 -0.120719000
D/UDP-TIMING(17001): 7859 0 -0.098072000
D/UDP-TIMING(17001): 7860 0 -0.105654000
D/UDP-TIMING(17001): 7861 0 -0.113283000
D/UDP-TIMING(17001): 7862 0 -0.120977000
D/UDP-TIMING(17001): 7863 0 -0.098971000
D/UDP-TIMING(17001): 7864 0 -0.106598000
D/UDP-TIMING(17001): 7865 0 -0.114227000
D/UDP-TIMING(17001): 7866 0 -0.121855000
D/UDP-TIMING(17001): 7867 0 -0.099151000
D/UDP-TIMING(17001): 7868 0 -0.106750000
D/UDP-TIMING(17001): 7869 0 -0.114379000
D/UDP-TIMING(17001): 7870 0 -0.122004000
D/UDP-TIMING(17001): 7871 0 -0.100032000
D/UDP-TIMING(17001): 7872 0 -0.107633000
D/UDP-TIMING(17001): 7873 0 -0.115267000
D/UDP-TIMING(17001): 7874 0 -0.122895000
D/UDP-TIMING(17001): 7875 0 -0.100247000
D/UDP-TIMING(17001): 7876 0 -0.107919000
D/UDP-TIMING(17001): 7877 0 -0.115547000
D/UDP-TIMING(17001): 7878 0 -0.123150000
D/UDP-TIMING(17001): 7879 0 -0.103559000
D/UDP-TIMING(17001): 7880 0 -0.111135000
D/UDP-TIMING(17001): 7881 0 -0.118731000
D/UDP-TIMING(17001): 7882 0 -0.126426000
D/UDP-TIMING(17001): 7883 0 -0.103771000
D/UDP-TIMING(17001): 7884 0 -0.111396000
D/UDP-TIMING(17001): 7885 0 -0.119059000
D/UDP-TIMING(17001): 7886 0 -0.096947000
D/UDP-TIMING(17001): 7887 0 -0.104570000
D/UDP-TIMING(17001): 7888 0 -0.112155000
D/UDP-TIMING(17001): 7889 0 -0.119823000
D/UDP-TIMING(17001): 7890 0 -0.097225000
D/UDP-TIMING(17001): 7891 0 -0.104904000
D/UDP-TIMING(17001): 7892 0 -0.112583000
D/UDP-TIMING(17001): 7893 0 -0.120267000
D/UDP-TIMING(17001): 7894 0 -0.098251000
D/UDP-TIMING(17001): 7895 0 -0.105885000
D/UDP-TIMING(17001): 7896 0 -0.113564000
D/UDP-TIMING(17001): 7897 0 -0.121250000
D/dalvikvm(12314): GC_EXPLICIT freed 9K, 47% free 3365K/6343K, external 0K/0K, paused 86ms
D/UDP-TIMING(17001): 7898 0 -0.099453000
D/UDP-TIMING(17001): 7899 0 -0.107044000
D/UDP-TIMING(17001): 7900 0 -0.114721000
D/UDP-TIMING(17001): 7901 0 -0.122400000
D/UDP-TIMING(17001): 7902 0 -0.100019000
D/UDP-TIMING(17001): 7903 0 -0.107651000
D/UDP-TIMING(17001): 7904 0 -0.115334000
D/UDP-TIMING(17001): 7905 0 -0.122967000
E/TrafficStats( 1673): [QCTMM]tryAll index=0
E/TrafficStats( 1673): [QCTMM]tryAll index=1
E/TrafficStats( 1673): [QCTMM]tryAll index=2
E/TrafficStats( 1673): [QCTMM]tryAll index=0
E/TrafficStats( 1673): [QCTMM]tryAll index=1
E/TrafficStats( 1673): [QCTMM]tryAll index=2
D/UDP-TIMING(17001): 7906 0 -0.100234000
D/UDP-TIMING(17001): 7907 0 -0.107909000
D/UDP-TIMING(17001): 7908 0 -0.115504000
D/DATA    ( 1860): sentSinceLastRecv=0,watchdogTrigger=10,maxindex=0
D/UDP-TIMING(17001): 7909 0 -0.093168000
D/UDP-TIMING(17001): 7910 0 -0.100802000
D/UDP-TIMING(17001): 7911 0 -0.108495000
D/UDP-TIMING(17001): 7912 0 -0.116188000
D/UDP-TIMING(17001): 7913 0 -0.123845000
D/UDP-TIMING(17001): 7914 0 -0.101541000
D/UDP-TIMING(17001): 7915 0 -0.109143000
D/UDP-TIMING(17001): 7916 0 -0.116834000
D/UDP-TIMING(17001): 7917 0 -0.124524000
D/UDP-TIMING(17001): 7918 0 -0.101728000
D/UDP-TIMING(17001): 7919 0 -0.109361000
D/UDP-TIMING(17001): 7920 0 -0.117081000
D/UDP-TIMING(17001): 7921 0 -0.124770000
D/UDP-TIMING(17001): 7922 0 -0.102917000
D/UDP-TIMING(17001): 7923 0 -0.110515000
D/UDP-TIMING(17001): 7924 0 -0.118207000
D/UDP-TIMING(17001): 7925 0 -0.125902000
D/UDP-TIMING(17001): 7926 0 -0.103380000
D/UDP-TIMING(17001): 7927 0 -0.111069000
D/UDP-TIMING(17001): 7928 0 -0.118763000
D/UDP-TIMING(17001): 7929 0 -0.126350000
D/UDP-TIMING(17001): 7930 0 -0.104318000
D/UDP-TIMING(17001): 7931 0 -0.111976000
D/UDP-TIMING(17001): 7932 0 -0.119668000
D/UDP-TIMING(17001): 7933 0 -0.127358000
D/UDP-TIMING(17001): 7934 0 -0.104804000
D/UDP-TIMING(17001): 7935 0 -0.112462000
D/UDP-TIMING(17001): 7936 0 -0.120151000
D/UDP-TIMING(17001): 7937 0 -0.098181000
D/UDP-TIMING(17001): 7938 0 -0.105853000
D/UDP-TIMING(17001): 7939 0 -0.113539000
D/UDP-TIMING(17001): 7940 0 -0.121231000
D/UDP-TIMING(17001): 7941 0 -0.098561000
D/UDP-TIMING(17001): 7942 0 -0.106164000
D/UDP-TIMING(17001): 7943 0 -0.113851000
D/UDP-TIMING(17001): 7944 0 -0.121546000
D/UDP-TIMING(17001): 7945 0 -0.099636000
D/UDP-TIMING(17001): 7946 0 -0.107263000
D/UDP-TIMING(17001): 7947 0 -0.114952000
D/UDP-TIMING(17001): 7948 0 -0.122647000
D/UDP-TIMING(17001): 7949 0 -0.099846000
D/UDP-TIMING(17001): 7950 0 -0.107541000
D/UDP-TIMING(17001): 7951 0 -0.115237000
D/UDP-TIMING(17001): 7952 0 -0.122918000
D/UDP-TIMING(17001): 7953 0 -0.101093000
D/UDP-TIMING(17001): 7954 0 -0.108726000
D/UDP-TIMING(17001): 7955 0 -0.116407000
D/UDP-TIMING(17001): 7956 0 -0.124101000
D/UDP-TIMING(17001): 7957 0 -0.101522000
D/UDP-TIMING(17001): 7958 0 -0.109178000
D/UDP-TIMING(17001): 7959 0 -0.116842000
D/UDP-TIMING(17001): 7960 0 -0.124513000
D/UDP-TIMING(17001): 7961 0 -0.102434000
D/UDP-TIMING(17001): 7962 0 -0.110113000
D/UDP-TIMING(17001): 7963 0 -0.117802000
D/UDP-TIMING(17001): 7964 0 -0.125491000
D/UDP-TIMING(17001): 7965 0 -0.103243000
D/UDP-TIMING(17001): 7966 0 -0.110930000
D/UDP-TIMING(17001): 7967 0 -0.118615000
D/UDP-TIMING(17001): 7968 0 -0.126310000
D/UDP-TIMING(17001): 7969 0 -0.103726000
D/UDP-TIMING(17001): 7970 0 -0.111413000
D/UDP-TIMING(17001): 7971 0 -0.119106000
D/UDP-TIMING(17001): 7972 0 -0.126800000
D/UDP-TIMING(17001): 7973 0 -0.104767000
D/UDP-TIMING(17001): 7974 0 -0.112372000
D/UDP-TIMING(17001): 7975 0 -0.120008000
D/UDP-TIMING(17001): 7976 0 -0.127630000
D/UDP-TIMING(17001): 7977 0 -0.105048000
D/UDP-TIMING(17001): 7978 0 -0.112649000
D/UDP-TIMING(17001): 7979 0 -0.121934000
D/UDP-TIMING(17001): 7980 0 -0.110732000
D/UDP-TIMING(17001): 7981 0 -0.118320000
D/UDP-TIMING(17001): 7982 0 -0.125945000
D/UDP-TIMING(17001): 7983 0 -0.103249000
D/UDP-TIMING(17001): 7984 0 -0.110809000
D/UDP-TIMING(17001): 7985 0 -0.118399000
D/UDP-TIMING(17001): 7986 0 -0.126003000
D/UDP-TIMING(17001): 7987 0 -0.103950000
D/UDP-TIMING(17001): 7988 0 -0.111553000
D/UDP-TIMING(17001): 7989 0 -0.119159000
D/UDP-TIMING(17001): 7990 0 -0.126779000
D/UDP-TIMING(17001): 7991 0 -0.104050000
D/UDP-TIMING(17001): 7992 0 -0.111679000
D/UDP-TIMING(17001): 7993 0 -0.119307000
D/UDP-TIMING(17001): 7994 0 -0.126932000
D/UDP-TIMING(17001): 7995 0 -0.104957000
D/UDP-TIMING(17001): 7996 0 -0.112583000
D/UDP-TIMING(17001): 7997 0 -0.120178000
D/UDP-TIMING(17001): 7998 0 -0.097437000
D/UDP-TIMING(17001): 7999 0 -0.105083000
D/UDP-TIMING(17001): 8000 0 -0.112707000
D/UDP-TIMING(17001): 8001 0 -0.120330000
D/UDP-TIMING(17001): 8002 0 -0.127977000
D/UDP-TIMING(17001): 8003 0 -0.106337000
D/UDP-TIMING(17001): 8004 0 -0.113963000
D/UDP-TIMING(17001): 8005 0 -0.121645000
D/UDP-TIMING(17001): 8006 0 -0.098456000
D/UDP-TIMING(17001): 8007 0 -0.106046000
E/TrafficStats( 1673): [QCTMM]tryAll index=0
D/UDP-TIMING(17001): 8008 0 -0.113718000
D/UDP-TIMING(17001): 8009 0 -0.121350000
E/TrafficStats( 1673): [QCTMM]tryAll index=1
E/TrafficStats( 1673): [QCTMM]tryAll index=2
E/TrafficStats( 1673): [QCTMM]tryAll index=0
E/TrafficStats( 1673): [QCTMM]tryAll index=1
E/TrafficStats( 1673): [QCTMM]tryAll index=2
D/DATA    ( 1860): sentSinceLastRecv=0,watchdogTrigger=10,maxindex=0
D/UDP-TIMING(17001): 8010 0 -0.099105000
D/UDP-TIMING(17001): 8011 0 -0.106762000
D/UDP-TIMING(17001): 8012 0 -0.114455000
D/UDP-TIMING(17001): 8013 0 -0.122149000
D/UDP-TIMING(17001): 8014 0 -0.099847000
D/UDP-TIMING(17001): 8015 0 -0.107479000
D/UDP-TIMING(17001): 8016 0 -0.115134000
D/UDP-TIMING(17001): 8017 0 -0.122824000
D/UDP-TIMING(17001): 8018 0 -0.100851000
D/UDP-TIMING(17001): 8019 0 -0.108510000
D/UDP-TIMING(17001): 8020 0 -0.116205000
D/UDP-TIMING(17001): 8021 0 -0.123900000
D/UDP-TIMING(17001): 8022 0 -0.101228000
D/UDP-TIMING(17001): 8023 0 -0.108860000
D/UDP-TIMING(17001): 8024 0 -0.116519000
D/UDP-TIMING(17001): 8025 0 -0.094548000
D/UDP-TIMING(17001): 8026 0 -0.102237000
D/UDP-TIMING(17001): 8027 0 -0.109932000
D/UDP-TIMING(17001): 8028 0 -0.117621000
D/UDP-TIMING(17001): 8029 0 -0.125282000
D/UDP-TIMING(17001): 8030 0 -0.103034000
D/UDP-TIMING(17001): 8031 0 -0.110682000
D/UDP-TIMING(17001): 8032 0 -0.118372000
D/UDP-TIMING(17001): 8033 0 -0.126111000
D/UDP-TIMING(17001): 8034 0 -0.103534000
D/UDP-TIMING(17001): 8035 0 -0.111223000
D/UDP-TIMING(17001): 8036 0 -0.118915000
D/UDP-TIMING(17001): 8037 0 -0.126660000
D/UDP-TIMING(17001): 8038 0 -0.104624000
D/UDP-TIMING(17001): 8039 0 -0.112316000
D/UDP-TIMING(17001): 8040 0 -0.119973000
D/UDP-TIMING(17001): 8041 0 -0.097298000
D/UDP-TIMING(17001): 8042 0 -0.104976000
D/UDP-TIMING(17001): 8043 0 -0.112665000
D/UDP-TIMING(17001): 8044 0 -0.120349000
D/UDP-TIMING(17001): 8045 0 -0.098407000
D/UDP-TIMING(17001): 8046 0 -0.106113000
D/UDP-TIMING(17001): 8047 0 -0.113802000
D/UDP-TIMING(17001): 8048 0 -0.121477000
D/UDP-TIMING(17001): 8049 0 -0.098897000
D/UDP-TIMING(17001): 8050 0 -0.106520000
D/UDP-TIMING(17001): 8051 0 -0.114214000
D/UDP-TIMING(17001): 8052 0 -0.121913000
D/UDP-TIMING(17001): 8053 0 -0.099879000
D/UDP-TIMING(17001): 8054 0 -0.107506000
D/UDP-TIMING(17001): 8055 0 -0.115197000
D/UDP-TIMING(17001): 8056 0 -0.122887000
D/UDP-TIMING(17001): 8057 0 -0.100349000
D/UDP-TIMING(17001): 8058 0 -0.107980000
D/UDP-TIMING(17001): 8059 0 -0.115659000
D/UDP-TIMING(17001): 8060 0 -0.093495000
D/UDP-TIMING(17001): 8061 0 -0.101095000
D/UDP-TIMING(17001): 8062 0 -0.108773000
D/UDP-TIMING(17001): 8063 0 -0.116450000
D/UDP-TIMING(17001): 8064 0 -0.124183000
D/UDP-TIMING(17001): 8065 0 -0.101678000
D/UDP-TIMING(17001): 8066 0 -0.109330000
D/UDP-TIMING(17001): 8067 0 -0.117010000
D/UDP-TIMING(17001): 8068 0 -0.094939000
D/UDP-TIMING(17001): 8069 0 -0.102618000
D/UDP-TIMING(17001): 8070 0 -0.110297000
D/UDP-TIMING(17001): 8071 0 -0.117978000
D/UDP-TIMING(17001): 8072 0 -0.095400000
D/UDP-TIMING(17001): 8073 0 -0.103048000
D/UDP-TIMING(17001): 8074 0 -0.110680000
D/UDP-TIMING(17001): 8075 0 -0.118361000
D/UDP-TIMING(17001): 8076 0 -0.096257000
D/UDP-TIMING(17001): 8077 0 -0.103934000
D/UDP-TIMING(17001): 8078 0 -0.111608000
D/UDP-TIMING(17001): 8079 0 -0.119291000
D/UDP-TIMING(17001): 8080 0 -0.123823000
D/UDP-TIMING(17001): 8081 0 -0.107003000
D/UDP-TIMING(17001): 8082 0 -0.114639000
D/UDP-TIMING(17001): 8083 0 -0.122311000
D/UDP-TIMING(17001): 8084 0 -0.100173000
D/UDP-TIMING(17001): 8085 0 -0.107844000
D/UDP-TIMING(17001): 8086 0 -0.115482000
D/UDP-TIMING(17001): 8087 0 -0.123149000
D/UDP-TIMING(17001): 8088 0 -0.100877000
D/UDP-TIMING(17001): 8089 0 -0.108479000
D/UDP-TIMING(17001): 8090 0 -0.116101000
D/UDP-TIMING(17001): 8091 0 -0.123775000
D/UDP-TIMING(17001): 8092 0 -0.101517000
D/UDP-TIMING(17001): 8093 0 -0.109202000
D/UDP-TIMING(17001): 8094 0 -0.116881000
D/UDP-TIMING(17001): 8095 0 -0.094502000
D/UDP-TIMING(17001): 8096 0 -0.102182000
D/UDP-TIMING(17001): 8097 0 -0.109860000
D/UDP-TIMING(17001): 8098 0 -0.117539000
D/UDP-TIMING(17001): 8099 0 -0.125218000
D/UDP-TIMING(17001): 8100 0 -0.103118000
D/UDP-TIMING(17001): 8101 0 -0.110794000
D/UDP-TIMING(17001): 8102 0 -0.118473000
D/UDP-TIMING(17001): 8103 0 -0.126162000
D/UDP-TIMING(17001): 8104 0 -0.103598000
D/UDP-TIMING(17001): 8105 0 -0.111281000
D/UDP-TIMING(17001): 8106 0 -0.118963000
D/UDP-TIMING(17001): 8107 0 -0.126604000
E/TrafficStats( 1673): [QCTMM]tryAll index=0
E/TrafficStats( 1673): [QCTMM]tryAll index=1
E/TrafficStats( 1673): [QCTMM]tryAll index=2
E/TrafficStats( 1673): [QCTMM]tryAll index=0
E/TrafficStats( 1673): [QCTMM]tryAll index=1
E/TrafficStats( 1673): [QCTMM]tryAll index=2
D/UDP-TIMING(17001): 8108 0 -0.103976000
D/UDP-TIMING(17001): 8109 0 -0.111657000
D/UDP-TIMING(17001): 8110 0 -0.119335000
D/UDP-TIMING(17001): 8111 0 -0.126966000
D/DATA    ( 1860): sentSinceLastRecv=0,watchdogTrigger=10,maxindex=0
D/UDP-TIMING(17001): 8112 0 -0.104615000
D/UDP-TIMING(17001): 8113 0 -0.112298000
D/UDP-TIMING(17001): 8114 0 -0.119950000
D/UDP-TIMING(17001): 8115 0 -0.097648000
D/UDP-TIMING(17001): 8116 0 -0.105354000
D/UDP-TIMING(17001): 8117 0 -0.113030000
D/UDP-TIMING(17001): 8118 0 -0.120706000
D/UDP-TIMING(17001): 8119 0 -0.098781000
D/UDP-TIMING(17001): 8120 0 -0.106433000
D/UDP-TIMING(17001): 8121 0 -0.114115000
D/UDP-TIMING(17001): 8122 0 -0.121803000
D/UDP-TIMING(17001): 8123 0 -0.099143000
D/UDP-TIMING(17001): 8124 0 -0.106775000
D/UDP-TIMING(17001): 8125 0 -0.114454000
D/UDP-TIMING(17001): 8126 0 -0.122138000
D/UDP-TIMING(17001): 8127 0 -0.100154000
D/UDP-TIMING(17001): 8128 0 -0.107843000
D/UDP-TIMING(17001): 8129 0 -0.115496000
D/UDP-TIMING(17001): 8130 0 -0.123173000
D/UDP-TIMING(17001): 8131 0 -0.100638000
D/UDP-TIMING(17001): 8132 0 -0.108262000
D/UDP-TIMING(17001): 8133 0 -0.115946000
D/UDP-TIMING(17001): 8134 0 -0.123631000
D/UDP-TIMING(17001): 8135 0 -0.101612000
D/UDP-TIMING(17001): 8136 0 -0.109217000
D/UDP-TIMING(17001): 8137 0 -0.116899000
D/UDP-TIMING(17001): 8138 0 -0.124577000
D/UDP-TIMING(17001): 8139 0 -0.102261000
D/UDP-TIMING(17001): 8140 0 -0.109916000
D/UDP-TIMING(17001): 8141 0 -0.117598000
D/UDP-TIMING(17001): 8142 0 -0.125282000
D/UDP-TIMING(17001): 8143 0 -0.102652000
D/UDP-TIMING(17001): 8144 0 -0.110297000
D/UDP-TIMING(17001): 8145 0 -0.117979000
D/UDP-TIMING(17001): 8146 0 -0.125657000
D/UDP-TIMING(17001): 8147 0 -0.103644000
D/UDP-TIMING(17001): 8148 0 -0.111327000
D/UDP-TIMING(17001): 8149 0 -0.119013000
D/UDP-TIMING(17001): 8150 0 -0.126696000
D/UDP-TIMING(17001): 8151 0 -0.104136000
D/UDP-TIMING(17001): 8152 0 -0.111785000
D/UDP-TIMING(17001): 8153 0 -0.119465000
D/UDP-TIMING(17001): 8154 0 -0.097420000
D/UDP-TIMING(17001): 8155 0 -0.105098000
D/UDP-TIMING(17001): 8156 0 -0.112727000
D/UDP-TIMING(17001): 8157 0 -0.120410000
D/UDP-TIMING(17001): 8158 0 -0.097816000
D/UDP-TIMING(17001): 8159 0 -0.105477000
D/UDP-TIMING(17001): 8160 0 -0.113153000
D/UDP-TIMING(17001): 8161 0 -0.120832000
D/UDP-TIMING(17001): 8162 0 -0.098744000
D/UDP-TIMING(17001): 8163 0 -0.106422000
D/UDP-TIMING(17001): 8164 0 -0.114076000
D/UDP-TIMING(17001): 8165 0 -0.121754000
D/UDP-TIMING(17001): 8166 0 -0.099176000
D/UDP-TIMING(17001): 8167 0 -0.106810000
D/UDP-TIMING(17001): 8168 0 -0.114488000
D/UDP-TIMING(17001): 8169 0 -0.122178000
D/UDP-TIMING(17001): 8170 0 -0.100089000
D/UDP-TIMING(17001): 8171 0 -0.107730000
D/UDP-TIMING(17001): 8172