E/TrafficStats( 1673): [QCTMM]tryAll index=0
E/TrafficStats( 1673): [QCTMM]tryAll index=1
E/TrafficStats( 1673): [QCTMM]tryAll index=2
D/DATA    ( 1860): [QCTMM] DataNetStatistics sent == 0 && received == 0 newActivity=NONE
D/DATA    ( 1860): sentSinceLastRecv=0,watchdogTrigger=10,maxindex=0
E/TrafficStats( 1673): [QCTMM]tryAll index=0
E/TrafficStats( 1673): [QCTMM]tryAll index=1
E/TrafficStats( 1673): [QCTMM]tryAll index=2
E/TrafficStats( 1673): [QCTMM]tryAll index=0
E/TrafficStats( 1673): [QCTMM]tryAll index=1
E/TrafficStats( 1673): [QCTMM]tryAll index=2
D/DATA    ( 1860): [QCTMM] DataNetStatistics sent == 0 && received == 0 newActivity=NONE
D/DATA    ( 1860): sentSinceLastRecv=0,watchdogTrigger=10,maxindex=0
E/TrafficStats( 1673): [QCTMM]tryAll index=0
E/TrafficStats( 1673): [QCTMM]tryAll index=1
E/TrafficStats( 1673): [QCTMM]tryAll index=2
E/TrafficStats( 1673): [QCTMM]tryAll index=0
E/TrafficStats( 1673): [QCTMM]tryAll index=1
E/TrafficStats( 1673): [QCTMM]tryAll index=2
D/DATA    ( 1860): [QCTMM] DataNetStatistics sent == 0 && received == 0 newActivity=NONE
D/DATA    ( 1860): sentSinceLastRecv=0,watchdogTrigger=10,maxindex=0
E/TrafficStats(16531): [QCTMM]tryAll index=0
E/TrafficStats(16531): [QCTMM]tryAll index=1
E/TrafficStats(16531): [QCTMM]tryAll index=2
E/TrafficStats(16531): [QCTMM]tryAll index=0
E/TrafficStats(16531): [QCTMM]tryAll index=1
E/TrafficStats(16531): [QCTMM]tryAll index=2
E/TrafficStats(16531): [QCTMM]tryAll index=0
E/TrafficStats(16531): [QCTMM]tryAll index=1
E/TrafficStats(16531): [QCTMM]tryAll index=2
E/TrafficStats(16531): [QCTMM]tryAll index=0
E/TrafficStats(16531): [QCTMM]tryAll index=1
E/TrafficStats(16531): [QCTMM]tryAll index=2
E/TrafficStats( 1673): [QCTMM]tryAll index=0
E/TrafficStats( 1673): [QCTMM]tryAll index=1
E/TrafficStats( 1673): [QCTMM]tryAll index=2
E/TrafficStats( 1673): [QCTMM]tryAll index=0
E/TrafficStats( 1673): [QCTMM]tryAll index=1
E/TrafficStats( 1673): [QCTMM]tryAll index=2
D/DATA    ( 1860): [QCTMM] DataNetStatistics sent == 0 && received == 0 newActivity=NONE
D/DATA    ( 1860): sentSinceLastRecv=0,watchdogTrigger=10,maxindex=0
D/Database(16531): dbopen(): path = /data/data/com.onavo.android.onavoid/databases/ui_events, flag = 6, file size = 14044160
D/Database(16531): dbopen(): path = /data/data/com.onavo.android.onavoid/databases/ui_events, mode: wal, disk free size: 2000 M, handle: 0x378018
D/Database(16531): dbclose(): path = /data/data/com.onavo.android.onavoid/databases/ui_events, handle = 0x378018
E/TrafficStats( 1673): [QCTMM]tryAll index=0
E/TrafficStats( 1673): [QCTMM]tryAll index=1
E/TrafficStats( 1673): [QCTMM]tryAll index=2
E/TrafficStats( 1673): [QCTMM]tryAll index=0
E/TrafficStats( 1673): [QCTMM]tryAll index=1
E/TrafficStats( 1673): [QCTMM]tryAll index=2
D/DATA    ( 1860): [QCTMM] DataNetStatistics sent == 0 && received == 0 newActivity=NONE
D/DATA    ( 1860): sentSinceLastRecv=0,watchdogTrigger=10,maxindex=0
E/TrafficStats( 1673): [QCTMM]tryAll index=0
E/TrafficStats( 1673): [QCTMM]tryAll index=1
E/TrafficStats( 1673): [QCTMM]tryAll index=2
E/TrafficStats( 1673): [QCTMM]tryAll index=0
E/TrafficStats( 1673): [QCTMM]tryAll index=1
E/TrafficStats( 1673): [QCTMM]tryAll index=2
D/DATA    ( 1860): [QCTMM] DataNetStatistics sent == 0 && received == 0 newActivity=NONE
D/DATA    ( 1860): sentSinceLastRecv=0,watchdogTrigger=10,maxindex=0
E/TrafficStats( 1673): [QCTMM]tryAll index=0
E/TrafficStats( 1673): [QCTMM]tryAll index=1
E/TrafficStats( 1673): [QCTMM]tryAll index=2
E/TrafficStats( 1673): [QCTMM]tryAll index=0
E/TrafficStats( 1673): [QCTMM]tryAll index=1
E/TrafficStats( 1673): [QCTMM]tryAll index=2
D/DATA    ( 1860): [QCTMM] DataNetStatistics sent == 0 && received == 0 newActivity=NONE
D/DATA    ( 1860): sentSinceLastRecv=0,watchdogTrigger=10,maxindex=0
E/TrafficStats( 1673): [QCTMM]tryAll index=0
E/TrafficStats( 1673): [QCTMM]tryAll index=1
E/TrafficStats( 1673): [QCTMM]tryAll index=2
E/TrafficStats( 1673): [QCTMM]tryAll index=0
E/TrafficStats( 1673): [QCTMM]tryAll index=1
E/TrafficStats( 1673): [QCTMM]tryAll index=2
D/DATA    ( 1860): [QCTMM] DataNetStatistics sent == 0 && received == 0 newActivity=NONE
D/DATA    ( 1860): sentSinceLastRecv=0,watchdogTrigger=10,maxindex=0
E/TrafficStats( 1673): [QCTMM]tryAll index=0
E/TrafficStats( 1673): [QCTMM]tryAll index=1
E/TrafficStats( 1673): [QCTMM]tryAll index=2
E/TrafficStats( 1673): [QCTMM]tryAll index=0
E/TrafficStats( 1673): [QCTMM]tryAll index=1
E/TrafficStats( 1673): [QCTMM]tryAll index=2
D/DATA    ( 1860): [QCTMM] DataNetStatistics sent == 0 && received == 0 newActivity=NONE
D/DATA    ( 1860): sentSinceLastRecv=0,watchdogTrigger=10,maxindex=0
E/TrafficStats(16531): [QCTMM]tryAll index=0
E/TrafficStats(16531): [QCTMM]tryAll index=1
E/TrafficStats(16531): [QCTMM]tryAll index=2
E/TrafficStats(16531): [QCTMM]tryAll index=0
E/TrafficStats(16531): [QCTMM]tryAll index=1
E/TrafficStats(16531): [QCTMM]tryAll index=2
E/TrafficStats(16531): [QCTMM]tryAll index=0
E/TrafficStats(16531): [QCTMM]tryAll index=1
E/TrafficStats(16531): [QCTMM]tryAll index=2
E/TrafficStats(16531): [QCTMM]tryAll index=0
E/TrafficStats(16531): [QCTMM]tryAll index=1
E/TrafficStats(16531): [QCTMM]tryAll index=2
E/TrafficStats( 1673): [QCTMM]tryAll index=0
E/TrafficStats( 1673): [QCTMM]tryAll index=1
E/TrafficStats( 1673): [QCTMM]tryAll index=2
E/TrafficStats( 1673): [QCTMM]tryAll index=0
E/TrafficStats( 1673): [QCTMM]tryAll index=1
E/TrafficStats( 1673): [QCTMM]tryAll index=2
D/DATA    ( 1860): [QCTMM] DataNetStatistics sent == 0 && received == 0 newActivity=NONE
D/DATA    ( 1860): sentSinceLastRecv=0,watchdogTrigger=10,maxindex=0
E/TrafficStats( 1673): [QCTMM]tryAll index=0
E/TrafficStats( 1673): [QCTMM]tryAll index=1
E/TrafficStats( 1673): [QCTMM]tryAll index=2
E/TrafficStats( 1673): [QCTMM]tryAll index=0
E/TrafficStats( 1673): [QCTMM]tryAll index=1
E/TrafficStats( 1673): [QCTMM]tryAll index=2
D/DATA    ( 1860): [QCTMM] DataNetStatistics sent == 0 && received == 0 newActivity=NONE
D/DATA    ( 1860): sentSinceLastRecv=0,watchdogTrigger=10,maxindex=0
E/TrafficStats( 1673): [QCTMM]tryAll index=0
E/TrafficStats( 1673): [QCTMM]tryAll index=1
E/TrafficStats( 1673): [QCTMM]tryAll index=2
E/TrafficStats( 1673): [QCTMM]tryAll index=0
E/TrafficStats( 1673): [QCTMM]tryAll index=1
E/TrafficStats( 1673): [QCTMM]tryAll index=2
D/DATA    ( 1860): [QCTMM] DataNetStatistics sent == 0 && received == 0 newActivity=NONE
D/DATA    ( 1860): sentSinceLastRecv=0,watchdogTrigger=10,maxindex=0
E/TrafficStats( 1673): [QCTMM]tryAll index=0
E/TrafficStats( 1673): [QCTMM]tryAll index=1
E/TrafficStats( 1673): [QCTMM]tryAll index=2
E/TrafficStats( 1673): [QCTMM]tryAll index=0
E/TrafficStats( 1673): [QCTMM]tryAll index=1
E/TrafficStats( 1673): [QCTMM]tryAll index=2
D/DATA    ( 1860): [QCTMM] DataNetStatistics sent == 0 && received == 0 newActivity=NONE
D/DATA    ( 1860): sentSinceLastRecv=0,watchdogTrigger=10,maxindex=0
E/TrafficStats( 1673): [QCTMM]tryAll index=0
E/TrafficStats( 1673): [QCTMM]tryAll index=1
E/TrafficStats( 1673): [QCTMM]tryAll index=2
E/TrafficStats( 1673): [QCTMM]tryAll index=0
E/TrafficStats( 1673): [QCTMM]tryAll index=1
E/TrafficStats( 1673): [QCTMM]tryAll index=2
D/DATA    ( 1860): [QCTMM] DataNetStatistics sent == 0 && received == 0 newActivity=NONE
D/DATA    ( 1860): sentSinceLastRecv=0,watchdogTrigger=10,maxindex=0
E/TrafficStats( 1673): [QCTMM]tryAll index=0
E/TrafficStats( 1673): [QCTMM]tryAll index=1
E/TrafficStats( 1673): [QCTMM]tryAll index=2
E/TrafficStats( 1673): [QCTMM]tryAll index=0
E/TrafficStats( 1673): [QCTMM]tryAll index=1
E/TrafficStats( 1673): [QCTMM]tryAll index=2
D/DATA    ( 1860): [QCTMM] DataNetStatistics sent == 0 && received == 0 newActivity=NONE
D/DATA    ( 1860): sentSinceLastRecv=0,watchdogTrigger=10,maxindex=0
E/TrafficStats(16531): [QCTMM]tryAll index=0
E/TrafficStats(16531): [QCTMM]tryAll index=1
E/TrafficStats(16531): [QCTMM]tryAll index=2
E/TrafficStats(16531): [QCTMM]tryAll index=0
E/TrafficStats(16531): [QCTMM]tryAll index=1
E/TrafficStats(16531): [QCTMM]tryAll index=2
E/TrafficStats(16531): [QCTMM]tryAll index=0
E/TrafficStats(16531): [QCTMM]tryAll index=1
E/TrafficStats(16531): [QCTMM]tryAll index=2
E/TrafficStats(16531): [QCTMM]tryAll index=0
E/TrafficStats(16531): [QCTMM]tryAll index=1
E/TrafficStats(16531): [QCTMM]tryAll index=2
E/TrafficStats( 1673): [QCTMM]tryAll index=0
E/TrafficStats( 1673): [QCTMM]tryAll index=1
E/TrafficStats( 1673): [QCTMM]tryAll index=2
E/TrafficStats( 1673): [QCTMM]tryAll index=0
E/TrafficStats( 1673): [QCTMM]tryAll index=1
E/TrafficStats( 1673): [QCTMM]tryAll index=2
D/DATA    ( 1860): [QCTMM] DataNetStatistics sent == 0 && received == 0 newActivity=NONE
D/DATA    ( 1860): sentSinceLastRecv=0,watchdogTrigger=10,maxindex=0
E/TrafficStats(16531): [QCTMM]tryAll index=0
E/TrafficStats(16531): [QCTMM]tryAll index=1
E/TrafficStats(16531): [QCTMM]tryAll index=2
E/TrafficStats(16531): [QCTMM]tryAll index=0
E/TrafficStats(16531): [QCTMM]tryAll index=1
E/TrafficStats(16531): [QCTMM]tryAll index=2
E/TrafficStats(16531): [QCTMM]tryAll index=0
E/TrafficStats(16531): [QCTMM]tryAll index=1
E/TrafficStats(16531): [QCTMM]tryAll index=2
E/TrafficStats(16531): [QCTMM]tryAll index=0
E/TrafficStats(16531): [QCTMM]tryAll index=1
E/TrafficStats(16531): [QCTMM]tryAll index=2
D/dalvikvm(16531): GC_CONCURRENT freed 436K, 50% free 3321K/6599K, external 0K/0K, paused 7ms+2ms
E/TrafficStats( 1673): [QCTMM]tryAll index=0
E/TrafficStats( 1673): [QCTMM]tryAll index=1
E/TrafficStats( 1673): [QCTMM]tryAll index=2
E/TrafficStats( 1673): [QCTMM]tryAll index=0
E/TrafficStats( 1673): [QCTMM]tryAll index=1
E/TrafficStats( 1673): [QCTMM]tryAll index=2
D/DATA    ( 1860): [QCTMM] DataNetStatistics sent == 0 && received == 0 newActivity=NONE
D/DATA    ( 1860): sentSinceLastRecv=0,watchdogTrigger=10,maxindex=0
E/TrafficStats( 1673): [QCTMM]tryAll index=0
E/TrafficStats( 1673): [QCTMM]tryAll index=1
E/TrafficStats( 1673): [QCTMM]tryAll index=2
E/TrafficStats( 1673): [QCTMM]tryAll index=0
E/TrafficStats( 1673): [QCTMM]tryAll index=1
E/TrafficStats( 1673): [QCTMM]tryAll index=2
D/DATA    ( 1860): [QCTMM] DataNetStatistics sent == 0 && received == 0 newActivity=NONE
D/DATA    ( 1860): sentSinceLastRecv=0,watchdogTrigger=10,maxindex=0
E/TrafficStats( 1673): [QCTMM]tryAll index=0
E/TrafficStats( 1673): [QCTMM]tryAll index=1
E/TrafficStats( 1673): [QCTMM]tryAll index=2
E/TrafficStats( 1673): [QCTMM]tryAll index=0
E/TrafficStats( 1673): [QCTMM]tryAll index=1
E/TrafficStats( 1673): [QCTMM]tryAll index=2
D/DATA    ( 1860): [QCTMM] DataNetStatistics sent == 0 && received == 0 newActivity=NONE
D/DATA    ( 1860): sentSinceLastRecv=0,watchdogTrigger=10,maxindex=0
E/TrafficStats( 1673): [QCTMM]tryAll index=0
E/TrafficStats( 1673): [QCTMM]tryAll index=1
E/TrafficStats( 1673): [QCTMM]tryAll index=2
E/TrafficStats( 1673): [QCTMM]tryAll index=0
E/TrafficStats( 1673): [QCTMM]tryAll index=1
E/TrafficStats( 1673): [QCTMM]tryAll index=2
D/DATA    ( 1860): [QCTMM] DataNetStatistics sent == 0 && received == 0 newActivity=NONE
D/DATA    ( 1860): sentSinceLastRecv=0,watchdogTrigger=10,maxindex=0
E/TrafficStats( 1673): [QCTMM]tryAll index=0
E/TrafficStats( 1673): [QCTMM]tryAll index=1
E/TrafficStats( 1673): [QCTMM]tryAll index=2
E/TrafficStats( 1673): [QCTMM]tryAll index=0
E/TrafficStats( 1673): [QCTMM]tryAll index=1
E/TrafficStats( 1673): [QCTMM]tryAll index=2
D/DATA    ( 1860): [QCTMM] DataNetStatistics sent == 0 && received == 0 newActivity=NONE
D/DATA    ( 1860): sentSinceLastRecv=0,watchdogTrigger=10,maxindex=0
E/TrafficStats( 1673): [QCTMM]tryAll index=0
E/TrafficStats( 1673): [QCTMM]tryAll index=1
E/TrafficStats( 1673): [QCTMM]tryAll index=2
E/TrafficStats( 1673): [QCTMM]tryAll index=0
E/TrafficStats( 1673): [QCTMM]tryAll index=1
E/TrafficStats( 1673): [QCTMM]tryAll index=2
D/DATA    ( 1860): [QCTMM] DataNetStatistics sent == 0 && received == 0 newActivity=NONE
D/DATA    ( 1860): sentSinceLastRecv=0,watchdogTrigger=10,maxindex=0
E/TrafficStats(16531): [QCTMM]tryAll index=0
E/TrafficStats(16531): [QCTMM]tryAll index=1
E/TrafficStats(16531): [QCTMM]tryAll index=2
E/TrafficStats(16531): [QCTMM]tryAll index=0
E/TrafficStats(16531): [QCTMM]tryAll index=1
E/TrafficStats(16531): [QCTMM]tryAll index=2
E/TrafficStats(16531): [QCTMM]tryAll index=0
E/TrafficStats(16531): [QCTMM]tryAll index=1
E/TrafficStats(16531): [QCTMM]tryAll index=2
E/TrafficStats(16531): [QCTMM]tryAll index=0
E/TrafficStats(16531): [QCTMM]tryAll index=1
E/TrafficStats(16531): [QCTMM]tryAll index=2
E/TrafficStats( 1673): [QCTMM]tryAll index=0
E/TrafficStats( 1673): [QCTMM]tryAll index=1
E/TrafficStats( 1673): [QCTMM]tryAll index=2
E/TrafficStats( 1673): [QCTMM]tryAll index=0
E/TrafficStats( 1673): [QCTMM]tryAll index=1
E/TrafficStats( 1673): [QCTMM]tryAll index=2
D/DATA    ( 1860): [QCTMM] DataNetStatistics sent == 0 && received == 0 newActivity=NONE
D/DATA    ( 1860): sentSinceLastRecv=0,watchdogTrigger=10,maxindex=0
D/MMDCT   ( 1860): onDCLChanged dcs=DataCallState: { cid: 0, active: 2, type: IP, apn: vzwinternet, address: 10.174.234.255 }
D/MMDCT   ( 1860): onDCLChanged dcs=DataCallState: { cid: 1, active: 2, type: IPV6, apn: vzwinternet, address: 2600:1000:b022:700a:f3ca:40ba:6903:3d04 }
D/MMDCT   ( 1860): onDCLChanged dcs=DataCallState: { cid: 2, active: 0, type: null, apn: null, address: null }
D/MMDCT   ( 1860): onDCLChanged dcs=DataCallState: { cid: 3, active: 0, type: null, apn: null, address: null }
D/MMDCT   ( 1860): onDCLChanged dcs=DataCallState: { cid: 4, active: 0, type: null, apn: null, address: null }
D/MMDCT   ( 1860): onDCLChanged dcs=DataCallState: { cid: 5, active: 0, type: null, apn: null, address: null }
D/MMDCT   ( 1860): onDCLChanged dcs=DataCallState: { cid: 6, active: 0, type: null, apn: null, address: null }
D/MMDCT   ( 1860): onDCLChanged dcs=DataCallState: { cid: 7, active: 0, type: null, apn: null, address: null }
D/MMDCT   ( 1860): onDCLChanged dcs=DataCallState: { cid: 8, active: 0, type: null, apn: null, address: null }
D/MMDCT   ( 1860): onDCLChanged dcs=DataCallState: { cid: 9, active: 0, type: null, apn: null, address: null }
D/MMDCT   ( 1860): onDCLChanged dcs=DataCallState: { cid: 10, active: 0, type: null, apn: null, address: null }
D/MMDCT   ( 1860): onDCLChanged dcs=DataCallState: { cid: 11, active: 0, type: null, apn: null, address: null }
D/MMDCT   ( 1860): onDCLChanged dcs=DataCallState: { cid: 12, active: 0, type: null, apn: null, address: null }
D/MMDCT   ( 1860): onDCLChanged dcs=DataCallState: { cid: 13, active: 0, type: null, apn: null, address: null }
D/MMDCT   ( 1860): onDCLChanged dcs=DataCallState: { cid: 14, active: 0, type: null, apn: null, address: null }
D/MMDCT   ( 1860): onDCLChanged dcs=DataCallState: { cid: 15, active: 0, type: null, apn: null, address: null }
D/MMDCT   ( 1860): onDCLChanged dcs=DataCallState: { cid: 16, active: 0, type: null, apn: null, address: null }
D/MMDCT   ( 1860): onDCLChanged dcs=DataCallState: { cid: 17, active: 0, type: null, apn: null, address: null }
D/MMDCT   ( 1860): onDCLChanged dcs=DataCallState: { cid: 18, active: 0, type: null, apn: null, address: null }
D/MMDCT   ( 1860): onDCLChanged dcs=DataCallState: { cid: 19, active: 0, type: null, apn: null, address: null }
D/MMDCT   ( 1860): onDCLChanged() DC is active : activeDC.active=2
D/MMDCT   ( 1860): onDCLChanged() DC is active : activeDC.active=2
D/MMDCT   ( 1860):  ======= check all DC disconnected ======= 
D/MMDCT   ( 1860): DC-0: state=DcActiveState if=rmnet_sdio0 ip=10.174.234.255 ipv=IPV4
D/MMDCT   ( 1860): DC-1: state=DcActiveState if=rmnet_sdio1 ip=2600:1000:b022:700a:f3ca:40ba:6903:3d04 ipv=IPV6
D/MMDCT   ( 1860): DC-2: state=DcInactiveState if=null ip=null ipv=null
D/MMDCT   ( 1860): DC-3: state=DcInactiveState if=null ip=null ipv=null
D/MMDCT   ( 1860): DC-4: state=DcInactiveState if=null ip=null ipv=null
D/MMDCT   ( 1860): DC-5: state=DcInactiveState if=null ip=null ipv=null
D/MMDCT   ( 1860): DC-6: state=DcInactiveState if=null ip=null ipv=null
D/MMDCT   ( 1860): DC-7: state=DcInactiveState if=null ip=null ipv=null
D/MMDCT   ( 1860): ifAllDataDisconnected ret=false
D/DATA    ( 1860): [QCTMM]isEnablePoll   enablePoll=true
D/MMDCT   ( 1860): onDCLChanged() DA=NONE
D/MMDCT   ( 1860): onDCLChanged() notifyDA() now
D/DATA    ( 1860): [PhoneNotifier] notifyDataActivityLTE
D/StatusBarPolicy( 1816): hasService()=true ,mDataState=2 ,mPhone.htcModemLinkOn()=false ,mDataActivity=0
E/TrafficStats( 1673): [QCTMM]tryAll index=0
E/TrafficStats( 1673): [QCTMM]tryAll index=1
E/TrafficStats( 1673): [QCTMM]tryAll index=2
E/TrafficStats( 1673): [QCTMM]tryAll index=0
E/TrafficStats( 1673): [QCTMM]tryAll index=1
E/TrafficStats( 1673): [QCTMM]tryAll index=2
D/StatusBarPolicy( 1816): slotType[0]=RUIM
D/DATA    ( 1860): [PhoneNotifier] notifyDataActivityLTE
D/DATA    ( 1860): [QCTMM] DataNetStatistics mIsScreenOn newActivity=DATAOUT
D/DATA    ( 1860): sentSinceLastRecv=1,watchdogTrigger=10,maxindex=0
D/StatusBarPolicy( 1816): hasService()=true ,mDataState=2 ,mPhone.htcModemLinkOn()=false ,mDataActivity=2
D/StatusBarPolicy( 1816): slotType[0]=RUIM
D/UDP-TIMING(17001): 0 0 -0.029849000
D/UDP-TIMING(17001): 1 0 -0.037489000
D/UDP-TIMING(17001): 2 0 -0.045121000
D/UDP-TIMING(17001): 3 0 -0.052872000
D/UDP-TIMING(17001): 4 0 -0.060453000
D/UDP-TIMING(17001): 5 0 -0.041925000
D/UDP-TIMING(17001): 6 0 -0.049555000
D/UDP-TIMING(17001): 7 0 -0.057178000
D/UDP-TIMING(17001): 8 0 -0.064859000
D/UDP-TIMING(17001): 9 0 -0.072551000
D/UDP-TIMING(17001): 10 0 -0.080243000
D/UDP-TIMING(17001): 11 0 -0.087913000
D/UDP-TIMING(17001): 12 0 -0.095606000
D/UDP-TIMING(17001): 13 0 -0.103285000
D/UDP-TIMING(17001): 14 0 -0.110982000
D/UDP-TIMING(17001): 15 0 -0.118673000
D/UDP-TIMING(17001): 16 0 -0.126307000
D/UDP-TIMING(17001): 17 0 -0.103637000
D/UDP-TIMING(17001): 18 0 -0.111330000
D/UDP-TIMING(17001): 19 0 -0.118989000
D/UDP-TIMING(17001): 20 0 -0.096962000
D/UDP-TIMING(17001): 21 0 -0.104657000
D/UDP-TIMING(17001): 22 0 -0.112345000
D/UDP-TIMING(17001): 23 0 -0.120017000
D/UDP-TIMING(17001): 24 0 -0.097441000
D/UDP-TIMING(17001): 25 0 -0.105049000
D/UDP-TIMING(17001): 26 0 -0.112744000
D/UDP-TIMING(17001): 27 0 -0.120439000
D/UDP-TIMING(17001): 28 0 -0.098466000
D/UDP-TIMING(17001): 29 0 -0.106126000
D/UDP-TIMING(17001): 30 0 -0.113822000
D/UDP-TIMING(17001): 31 0 -0.091176000
D/UDP-TIMING(17001): 32 0 -0.098837000
D/UDP-TIMING(17001): 33 0 -0.106533000
D/UDP-TIMING(17001): 34 0 -0.114234000
D/UDP-TIMING(17001): 35 0 -0.121929000
D/UDP-TIMING(17001): 36 0 -0.099958000
D/UDP-TIMING(17001): 37 0 -0.107648000
D/UDP-TIMING(17001): 38 0 -0.115366000
D/UDP-TIMING(17001): 39 0 -0.123062000
D/UDP-TIMING(17001): 40 0 -0.100539000
D/UDP-TIMING(17001): 41 0 -0.108205000
D/UDP-TIMING(17001): 42 0 -0.115901000
D/UDP-TIMING(17001): 43 0 -0.123597000
D/UDP-TIMING(17001): 44 0 -0.101604000
D/UDP-TIMING(17001): 45 0 -0.109270000
D/UDP-TIMING(17001): 46 0 -0.116961000
D/UDP-TIMING(17001): 47 0 -0.124642000
D/UDP-TIMING(17001): 48 0 -0.101938000
D/UDP-TIMING(17001): 49 0 -0.109629000
D/UDP-TIMING(17001): 50 0 -0.117316000
D/UDP-TIMING(17001): 51 0 -0.125082000
D/UDP-TIMING(17001): 52 0 -0.103109000
D/UDP-TIMING(17001): 53 0 -0.110767000
D/UDP-TIMING(17001): 54 0 -0.118397000
D/UDP-TIMING(17001): 55 0 -0.126089000
D/UDP-TIMING(17001): 56 0 -0.103504000
D/UDP-TIMING(17001): 57 0 -0.111193000
D/UDP-TIMING(17001): 58 0 -0.118848000
D/UDP-TIMING(17001): 59 0 -0.126481000
D/UDP-TIMING(17001): 60 0 -0.104013000
D/UDP-TIMING(17001): 61 0 -0.111699000
D/UDP-TIMING(17001): 62 0 -0.119391000
D/UDP-TIMING(17001): 63 0 -0.097546000
D/UDP-TIMING(17001): 64 0 -0.105176000
D/UDP-TIMING(17001): 65 0 -0.112867000
D/UDP-TIMING(17001): 66 0 -0.120564000
D/UDP-TIMING(17001): 67 0 -0.098007000
D/UDP-TIMING(17001): 68 0 -0.105639000
D/UDP-TIMING(17001): 69 0 -0.113334000
D/UDP-TIMING(17001): 70 0 -0.120972000
D/UDP-TIMING(17001): 71 0 -0.098878000
D/UDP-TIMING(17001): 72 0 -0.106513000
D/UDP-TIMING(17001): 73 0 -0.114187000
D/UDP-TIMING(17001): 74 0 -0.121848000
D/UDP-TIMING(17001): 75 0 -0.099268000
D/UDP-TIMING(17001): 76 0 -0.107003000
D/UDP-TIMING(17001): 77 0 -0.114698000
D/UDP-TIMING(17001): 78 0 -0.122394000
D/UDP-TIMING(17001): 79 0 -0.100333000
D/UDP-TIMING(17001): 80 0 -0.107934000
D/UDP-TIMING(17001): 81 0 -0.115629000
D/UDP-TIMING(17001): 82 0 -0.123324000
D/UDP-TIMING(17001): 83 0 -0.100721000
D/UDP-TIMING(17001): 84 0 -0.108410000
D/UDP-TIMING(17001): 85 0 -0.116081000
D/UDP-TIMING(17001): 86 0 -0.123776000
D/UDP-TIMING(17001): 87 0 -0.101774000
D/UDP-TIMING(17001): 88 0 -0.109464000
D/UDP-TIMING(17001): 89 0 -0.117160000
D/UDP-TIMING(17001): 90 0 -0.124891000
D/UDP-TIMING(17001): 91 0 -0.102273000
D/UDP-TIMING(17001): 92 0 -0.109924000
D/UDP-TIMING(17001): 93 0 -0.117623000
D/UDP-TIMING(17001): 94 0 -0.125319000
D/UDP-TIMING(17001): 95 0 -0.103365000
D/UDP-TIMING(17001): 96 0 -0.110998000
D/UDP-TIMING(17001): 97 0 -0.118675000
D/UDP-TIMING(17001): 98 0 -0.096096000
D/UDP-TIMING(17001): 99 0 -0.103787000
D/UDP-TIMING(17001): 100 0 -0.111477000
D/UDP-TIMING(17001): 101 0 -0.120719000
E/TrafficStats( 1673): [QCTMM]tryAll index=0
E/TrafficStats( 1673): [QCTMM]tryAll index=1
E/TrafficStats( 1673): [QCTMM]tryAll index=2
E/TrafficStats( 1673): [QCTMM]tryAll index=0
E/TrafficStats( 1673): [QCTMM]tryAll index=1
E/TrafficStats( 1673): [QCTMM]tryAll index=2
D/UDP-TIMING(17001): 102 0 -0.107940000
D/UDP-TIMING(17001): 103 0 -0.115635000
D/UDP-TIMING(17001): 104 0 -0.123295000
D/DATA    ( 1860): [PhoneNotifier] notifyDataActivityLTE
D/DATA    ( 1860): [QCTMM] DataNetStatistics mIsScreenOn newActivity=DATAIN
D/DATA    ( 1860): sentSinceLastRecv=0,watchdogTrigger=10,maxindex=0
D/StatusBarPolicy( 1816): hasService()=true ,mDataState=2 ,mPhone.htcModemLinkOn()=false ,mDataActivity=1
D/UDP-TIMING(17001): 105 0 -0.102392000
D/UDP-TIMING(17001): 106 0 -0.110059000
D/UDP-TIMING(17001): 107 0 -0.117657000
D/UDP-TIMING(17001): 108 0 -0.125277000
D/StatusBarPolicy( 1816): slotType[0]=RUIM
D/UDP-TIMING(17001): 109 0 -0.103230000
D/UDP-TIMING(17001): 110 0 -0.110880000
D/UDP-TIMING(17001): 111 0 -0.118511000
D/UDP-TIMING(17001): 112 0 -0.126142000
D/UDP-TIMING(17001): 113 0 -0.103604000
D/UDP-TIMING(17001): 114 0 -0.111282000
D/UDP-TIMING(17001): 115 0 -0.118968000
D/UDP-TIMING(17001): 116 0 -0.126556000
D/UDP-TIMING(17001): 117 0 -0.104483000
D/UDP-TIMING(17001): 118 0 -0.112095000
D/UDP-TIMING(17001): 119 0 -0.119724000
D/UDP-TIMING(17001): 120 0 -0.097228000
D/UDP-TIMING(17001): 121 0 -0.104881000
D/UDP-TIMING(17001): 122 0 -0.112546000
D/UDP-TIMING(17001): 123 0 -0.120229000
D/UDP-TIMING(17001): 124 0 -0.098188000
D/UDP-TIMING(17001): 125 0 -0.105821000
D/UDP-TIMING(17001): 126 0 -0.113510000
D/UDP-TIMING(17001): 127 0 -0.121203000
D/UDP-TIMING(17001): 128 0 -0.098905000
D/UDP-TIMING(17001): 129 0 -0.106594000
D/UDP-TIMING(17001): 130 0 -0.114278000
D/UDP-TIMING(17001): 131 0 -0.121971000
D/UDP-TIMING(17001): 132 0 -0.099297000
D/UDP-TIMING(17001): 133 0 -0.107017000
D/UDP-TIMING(17001): 134 0 -0.114604000
D/UDP-TIMING(17001): 135 0 -0.122211000
D/UDP-TIMING(17001): 136 0 -0.100258000
D/UDP-TIMING(17001): 137 0 -0.107849000
D/UDP-TIMING(17001): 138 0 -0.115414000
D/UDP-TIMING(17001): 139 0 -0.123093000
D/UDP-TIMING(17001): 140 0 -0.100353000
D/UDP-TIMING(17001): 141 0 -0.107948000
D/UDP-TIMING(17001): 142 0 -0.115531000
D/UDP-TIMING(17001): 143 0 -0.123153000
D/UDP-TIMING(17001): 144 0 -0.101343000
D/UDP-TIMING(17001): 145 0 -0.109016000
D/UDP-TIMING(17001): 146 0 -0.116693000
D/UDP-TIMING(17001): 147 0 -0.124447000
D/UDP-TIMING(17001): 148 0 -0.101734000
D/UDP-TIMING(17001): 149 0 -0.109399000
D/UDP-TIMING(17001): 150 0 -0.117068000
D/UDP-TIMING(17001): 151 0 -0.124687000
D/UDP-TIMING(17001): 152 0 -0.102723000
D/UDP-TIMING(17001): 153 0 -0.110316000
D/UDP-TIMING(17001): 154 0 -0.117941000
D/UDP-TIMING(17001): 155 0 -0.125569000
D/UDP-TIMING(17001): 156 0 -0.102832000
D/UDP-TIMING(17001): 157 0 -0.110440000
D/UDP-TIMING(17001): 158 0 -0.118065000
D/UDP-TIMING(17001): 159 0 -0.125685000
D/UDP-TIMING(17001): 160 0 -0.103954000
D/UDP-TIMING(17001): 161 0 -0.111586000
D/UDP-TIMING(17001): 162 0 -0.119181000
D/UDP-TIMING(17001): 163 0 -0.096290000
D/UDP-TIMING(17001): 164 0 -0.103881000
D/UDP-TIMING(17001): 165 0 -0.111506000
D/UDP-TIMING(17001): 166 0 -0.119130000
D/UDP-TIMING(17001): 167 0 -0.126753000
D/UDP-TIMING(17001): 168 0 -0.104765000
D/UDP-TIMING(17001): 169 0 -0.112396000
D/UDP-TIMING(17001): 170 0 -0.120029000
D/UDP-TIMING(17001): 171 0 -0.097656000
D/UDP-TIMING(17001): 172 0 -0.105237000
D/UDP-TIMING(17001): 173 0 -0.112832000
D/UDP-TIMING(17001): 174 0 -0.120457000
D/UDP-TIMING(17001): 175 0 -0.098054000
D/UDP-TIMING(17001): 176 0 -0.105677000
D/UDP-TIMING(17001): 177 0 -0.113277000
D/UDP-TIMING(17001): 178 0 -0.120902000
D/UDP-TIMING(17001): 179 0 -0.098556000
D/UDP-TIMING(17001): 180 0 -0.106178000
D/UDP-TIMING(17001): 181 0 -0.113775000
D/UDP-TIMING(17001): 182 0 -0.121400000
D/UDP-TIMING(17001): 183 0 -0.098786000
D/UDP-TIMING(17001): 184 0 -0.106412000
D/UDP-TIMING(17001): 185 0 -0.114031000
D/UDP-TIMING(17001): 186 0 -0.121658000
D/UDP-TIMING(17001): 187 0 -0.099633000
D/UDP-TIMING(17001): 188 0 -0.107234000
D/UDP-TIMING(17001): 189 0 -0.114866000
D/UDP-TIMING(17001): 190 0 -0.122495000
D/UDP-TIMING(17001): 191 0 -0.099847000
D/UDP-TIMING(17001): 192 0 -0.107474000
D/UDP-TIMING(17001): 193 0 -0.115102000
D/UDP-TIMING(17001): 194 0 -0.122729000
D/UDP-TIMING(17001): 195 0 -0.099962000
D/UDP-TIMING(17001): 196 0 -0.107563000
D/UDP-TIMING(17001): 197 0 -0.115196000
D/UDP-TIMING(17001): 198 0 -0.122824000
D/UDP-TIMING(17001): 199 0 -0.100964000
D/UDP-TIMING(17001): 200 0 -0.108627000
D/UDP-TIMING(17001): 201 0 -0.116322000
D/UDP-TIMING(17001): 202 0 -0.122067000
D/UDP-TIMING(17001): 203 0 -0.104546000
D/UDP-TIMING(17001): 204 0 -0.112233000
D/UDP-TIMING(17001): 205 0 -0.119889000
D/UDP-TIMING(17001): 206 0 -0.125797000
E/TrafficStats( 1673): [QCTMM]tryAll index=0
E/TrafficStats( 1673): [QCTMM]tryAll index=1
E/TrafficStats( 1673): [QCTMM]tryAll index=2
E/TrafficStats( 1673): [QCTMM]tryAll index=0
E/TrafficStats( 1673): [QCTMM]tryAll index=1
E/TrafficStats( 1673): [QCTMM]tryAll index=2
D/UDP-TIMING(17001): 207 0 -0.104302000
D/UDP-TIMING(17001): 208 0 -0.111957000
D/UDP-TIMING(17001): 209 0 -0.119647000
D/DATA    ( 1860): sentSinceLastRecv=0,watchdogTrigger=10,maxindex=0
D/UDP-TIMING(17001): 210 0 -0.098130000
D/UDP-TIMING(17001): 211 0 -0.105819000
D/UDP-TIMING(17001): 212 0 -0.113513000
D/UDP-TIMING(17001): 213 0 -0.121172000
D/UDP-TIMING(17001): 214 0 -0.098615000
D/UDP-TIMING(17001): 215 0 -0.106248000
D/UDP-TIMING(17001): 216 0 -0.113936000
D/UDP-TIMING(17001): 217 0 -0.121621000
D/UDP-TIMING(17001): 218 0 -0.099650000
D/UDP-TIMING(17001): 219 0 -0.107308000
D/UDP-TIMING(17001): 220 0 -0.114997000
D/UDP-TIMING(17001): 221 0 -0.122693000
D/UDP-TIMING(17001): 222 0 -0.100083000
D/UDP-TIMING(17001): 223 0 -0.107742000
D/UDP-TIMING(17001): 224 0 -0.115432000
D/UDP-TIMING(17001): 225 0 -0.123119000
D/UDP-TIMING(17001): 226 0 -0.101084000
D/UDP-TIMING(17001): 227 0 -0.108740000
D/UDP-TIMING(17001): 228 0 -0.116428000
D/UDP-TIMING(17001): 229 0 -0.124118000
D/UDP-TIMING(17001): 230 0 -0.101625000
D/UDP-TIMING(17001): 231 0 -0.109281000
D/UDP-TIMING(17001): 232 0 -0.116970000
D/UDP-TIMING(17001): 233 0 -0.124643000
D/UDP-TIMING(17001): 234 0 -0.102673000
D/UDP-TIMING(17001): 235 0 -0.110330000
D/UDP-TIMING(17001): 236 0 -0.118022000
D/UDP-TIMING(17001): 237 0 -0.125611000
D/UDP-TIMING(17001): 238 0 -0.103301000
D/UDP-TIMING(17001): 239 0 -0.110960000
D/UDP-TIMING(17001): 240 0 -0.118649000
D/UDP-TIMING(17001): 241 0 -0.126278000
D/UDP-TIMING(17001): 242 0 -0.103754000
D/UDP-TIMING(17001): 243 0 -0.111440000
D/UDP-TIMING(17001): 244 0 -0.119136000
D/UDP-TIMING(17001): 245 0 -0.097017000
D/UDP-TIMING(17001): 246 0 -0.104738000
D/UDP-TIMING(17001): 247 0 -0.112384000
D/UDP-TIMING(17001): 248 0 -0.120079000
D/UDP-TIMING(17001): 249 0 -0.097468000
D/UDP-TIMING(17001): 250 0 -0.105061000
D/UDP-TIMING(17001): 251 0 -0.112749000
D/UDP-TIMING(17001): 252 0 -0.120412000
D/UDP-TIMING(17001): 253 0 -0.098412000
D/UDP-TIMING(17001): 254 0 -0.106035000
D/UDP-TIMING(17001): 255 0 -0.113732000
D/UDP-TIMING(17001): 256 0 -0.121404000
D/UDP-TIMING(17001): 257 0 -0.098820000
D/UDP-TIMING(17001): 258 0 -0.106471000
D/UDP-TIMING(17001): 259 0 -0.114158000
D/UDP-TIMING(17001): 260 0 -0.121850000
D/UDP-TIMING(17001): 261 0 -0.099795000
D/UDP-TIMING(17001): 262 0 -0.107488000
D/UDP-TIMING(17001): 263 0 -0.115181000
D/UDP-TIMING(17001): 264 0 -0.122873000
D/UDP-TIMING(17001): 265 0 -0.100198000
D/UDP-TIMING(17001): 266 0 -0.107888000
D/UDP-TIMING(17001): 267 0 -0.115574000
D/UDP-TIMING(17001): 268 0 -0.123264000
D/UDP-TIMING(17001): 269 0 -0.101351000
D/UDP-TIMING(17001): 270 0 -0.109040000
D/UDP-TIMING(17001): 271 0 -0.116664000
D/UDP-TIMING(17001): 272 0 -0.124360000
D/UDP-TIMING(17001): 273 0 -0.101775000
D/UDP-TIMING(17001): 274 0 -0.109438000
D/UDP-TIMING(17001): 275 0 -0.117129000
D/UDP-TIMING(17001): 276 0 -0.124857000
D/UDP-TIMING(17001): 277 0 -0.102851000
D/UDP-TIMING(17001): 278 0 -0.110540000
D/UDP-TIMING(17001): 279 0 -0.118201000
D/UDP-TIMING(17001): 280 0 -0.125835000
D/UDP-TIMING(17001): 281 0 -0.103251000
D/UDP-TIMING(17001): 282 0 -0.110945000
D/UDP-TIMING(17001): 283 0 -0.118634000
D/UDP-TIMING(17001): 284 0 -0.126326000
D/UDP-TIMING(17001): 285 0 -0.104299000
D/UDP-TIMING(17001): 286 0 -0.111989000
D/UDP-TIMING(17001): 287 0 -0.119683000
D/UDP-TIMING(17001): 288 0 -0.097416000
D/UDP-TIMING(17001): 289 0 -0.105105000
D/UDP-TIMING(17001): 290 0 -0.112759000
D/UDP-TIMING(17001): 291 0 -0.090175000
D/UDP-TIMING(17001): 292 0 -0.097833000
D/UDP-TIMING(17001): 293 0 -0.105519000
D/UDP-TIMING(17001): 294 0 -0.113206000
D/UDP-TIMING(17001): 295 0 -0.120894000
D/UDP-TIMING(17001): 296 0 -0.098855000
D/UDP-TIMING(17001): 297 0 -0.106488000
D/UDP-TIMING(17001): 298 0 -0.114178000
D/UDP-TIMING(17001): 299 0 -0.121868000
D/UDP-TIMING(17001): 300 0 -0.099356000
D/UDP-TIMING(17001): 301 0 -0.106988000
D/UDP-TIMING(17001): 302 0 -0.114678000
D/UDP-TIMING(17001): 303 0 -0.122373000
D/UDP-TIMING(17001): 304 0 -0.102905000
D/UDP-TIMING(17001): 305 0 -0.110598000
D/UDP-TIMING(17001): 306 0 -0.118298000
D/UDP-TIMING(17001): 307 0 -0.125978000
E/TrafficStats( 1673): [QCTMM]tryAll index=0
E/TrafficStats( 1673): [QCTMM]tryAll index=1
E/TrafficStats( 1673): [QCTMM]tryAll index=2
E/TrafficStats( 1673): [QCTMM]tryAll index=0
E/TrafficStats( 1673): [QCTMM]tryAll index=1
E/TrafficStats( 1673): [QCTMM]tryAll index=2
D/UDP-TIMING(17001): 308 0 -0.102640000
D/UDP-TIMING(17001): 309 0 -0.110295000
D/UDP-TIMING(17001): 310 0 -0.117989000
D/UDP-TIMING(17001): 311 0 -0.125669000
D/DATA    ( 1860): sentSinceLastRecv=0,watchdogTrigger=10,maxindex=0
D/UDP-TIMING(17001): 312 0 -0.104356000
D/UDP-TIMING(17001): 313 0 -0.112020000
D/UDP-TIMING(17001): 314 0 -0.119654000
D/UDP-TIMING(17001): 315 0 -0.096971000
D/UDP-TIMING(17001): 316 0 -0.104628000
D/UDP-TIMING(17001): 317 0 -0.112322000
D/UDP-TIMING(17001): 318 0 -0.120009000
D/UDP-TIMING(17001): 319 0 -0.098094000
D/UDP-TIMING(17001): 320 0 -0.105784000
D/UDP-TIMING(17001): 321 0 -0.113482000
D/UDP-TIMING(17001): 322 0 -0.121395000
D/UDP-TIMING(17001): 323 0 -0.098754000
D/UDP-TIMING(17001): 324 0 -0.106440000
D/UDP-TIMING(17001): 325 0 -0.114110000
D/UDP-TIMING(17001): 326 0 -0.121801000
D/UDP-TIMING(17001): 327 0 -0.099743000
D/UDP-TIMING(17001): 328 0 -0.107402000
D/UDP-TIMING(17001): 329 0 -0.115093000
D/UDP-TIMING(17001): 330 0 -0.122787000
D/UDP-TIMING(17001): 331 0 -0.100172000
D/UDP-TIMING(17001): 332 0 -0.107867000
D/UDP-TIMING(17001): 333 0 -0.115564000
D/UDP-TIMING(17001): 334 0 -0.123257000
D/UDP-TIMING(17001): 335 0 -0.101194000
D/UDP-TIMING(17001): 336 0 -0.108858000
D/UDP-TIMING(17001): 337 0 -0.116547000
D/UDP-TIMING(17001): 338 0 -0.124288000
D/UDP-TIMING(17001): 339 0 -0.101826000
D/UDP-TIMING(17001): 340 0 -0.109513000
D/UDP-TIMING(17001): 341 0 -0.117201000
D/UDP-TIMING(17001): 342 0 -0.124891000
D/UDP-TIMING(17001): 343 0 -0.102777000
D/UDP-TIMING(17001): 344 0 -0.110467000
D/UDP-TIMING(17001): 345 0 -0.118163000
D/UDP-TIMING(17001): 346 0 -0.095567000
D/UDP-TIMING(17001): 347 0 -0.103258000
D/UDP-TIMING(17001): 348 0 -0.110951000
D/UDP-TIMING(17001): 349 0 -0.118647000
D/UDP-TIMING(17001): 350 0 -0.126327000
D/UDP-TIMING(17001): 351 0 -0.104293000
D/UDP-TIMING(17001): 352 0 -0.111984000
D/UDP-TIMING(17001): 353 0 -0.119664000
D/UDP-TIMING(17001): 354 0 -0.097324000
D/UDP-TIMING(17001): 355 0 -0.105075000
D/UDP-TIMING(17001): 356 0 -0.112767000
D/UDP-TIMING(17001): 357 0 -0.120461000
D/UDP-TIMING(17001): 358 0 -0.097821000
D/UDP-TIMING(17001): 359 0 -0.105451000
D/UDP-TIMING(17001): 360 0 -0.113140000
D/UDP-TIMING(17001): 361 0 -0.120830000
D/UDP-TIMING(17001): 362 0 -0.098643000
D/UDP-TIMING(17001): 363 0 -0.106336000
D/UDP-TIMING(17001): 364 0 -0.114031000
D/UDP-TIMING(17001): 365 0 -0.121729000
D/UDP-TIMING(17001): 366 0 -0.099326000
D/UDP-TIMING(17001): 367 0 -0.107010000
D/UDP-TIMING(17001): 368 0 -0.114698000
D/UDP-TIMING(17001): 369 0 -0.122392000
D/UDP-TIMING(17001): 370 0 -0.100301000
D/UDP-TIMING(17001): 371 0 -0.107913000
D/UDP-TIMING(17001): 372 0 -0.115605000
D/UDP-TIMING(17001): 373 0 -0.123281000
D/UDP-TIMING(17001): 374 0 -0.100790000
D/UDP-TIMING(17001): 375 0 -0.108386000
D/UDP-TIMING(17001): 376 0 -0.116068000
D/UDP-TIMING(17001): 377 0 -0.123763000
D/UDP-TIMING(17001): 378 0 -0.101795000
D/UDP-TIMING(17001): 379 0 -0.109482000
D/UDP-TIMING(17001): 380 0 -0.117173000
D/UDP-TIMING(17001): 381 0 -0.124863000
D/UDP-TIMING(17001): 382 0 -0.102246000
D/UDP-TIMING(17001): 383 0 -0.109938000
D/UDP-TIMING(17001): 384 0 -0.117627000
D/UDP-TIMING(17001): 385 0 -0.125186000
D/UDP-TIMING(17001): 386 0 -0.103191000
D/UDP-TIMING(17001): 387 0 -0.110856000
D/UDP-TIMING(17001): 388 0 -0.118547000
D/UDP-TIMING(17001): 389 0 -0.126175000
D/UDP-TIMING(17001): 390 0 -0.103531000
D/UDP-TIMING(17001): 391 0 -0.111188000
D/UDP-TIMING(17001): 392 0 -0.118877000
D/UDP-TIMING(17001): 393 0 -0.097003000
D/UDP-TIMING(17001): 394 0 -0.104570000
D/UDP-TIMING(17001): 395 0 -0.112268000
D/UDP-TIMING(17001): 396 0 -0.119957000
D/UDP-TIMING(17001): 397 0 -0.097649000
D/UDP-TIMING(17001): 398 0 -0.105341000
D/UDP-TIMING(17001): 399 0 -0.113031000
D/UDP-TIMING(17001): 400 0 -0.120728000
D/UDP-TIMING(17001): 401 0 -0.098450000
D/UDP-TIMING(17001): 402 0 -0.106081000
D/UDP-TIMING(17001): 403 0 -0.113679000
E/TrafficStats(16531): [QCTMM]tryAll index=0
E/TrafficStats(16531): [QCTMM]tryAll index=1
E/TrafficStats(16531): [QCTMM]tryAll index=2
E/TrafficStats(16531): [QCTMM]tryAll index=0
E/TrafficStats(16531): [QCTMM]tryAll index=1
E/TrafficStats(16531): [QCTMM]tryAll index=2
E/TrafficStats(16531): [QCTMM]tryAll index=0
E/TrafficStats(16531): [QCTMM]tryAll index=1
E/TrafficStats(16531): [QCTMM]tryAll index=2
E/TrafficStats(16531): [QCTMM]tryAll index=0
E/TrafficStats(16531): [QCTMM]tryAll index=1
E/TrafficStats(16531): [QCTMM]tryAll index=2
D/UDP-TIMING(17001): 404 0 -0.120920000
D/UDP-TIMING(17001): 405 0 -0.101210000
D/UDP-TIMING(17001): 406 0 -0.108896000
D/UDP-TIMING(17001): 407 0 -0.116593000
D/UDP-TIMING(17001): 408 0 -0.124262000
E/TrafficStats( 1673): [QCTMM]tryAll index=0
E/TrafficStats( 1673): [QCTMM]tryAll index=1
E/TrafficStats( 1673): [QCTMM]tryAll index=2
E/TrafficStats( 1673): [QCTMM]tryAll index=0
E/TrafficStats( 1673): [QCTMM]tryAll index=1
E/TrafficStats( 1673): [QCTMM]tryAll index=2
D/UDP-TIMING(17001): 409 0 -0.101789000
D/UDP-TIMING(17001): 410 0 -0.109485000
D/UDP-TIMING(17001): 411 0 -0.117172000
D/UDP-TIMING(17001): 412 0 -0.124770000
D/DATA    ( 1860): sentSinceLastRecv=0,watchdogTrigger=10,maxindex=0
D/UDP-TIMING(17001): 413 0 -0.102950000
D/UDP-TIMING(17001): 414 0 -0.110702000
D/UDP-TIMING(17001): 415 0 -0.118337000
D/UDP-TIMING(17001): 416 0 -0.125940000
D/UDP-TIMING(17001): 417 0 -0.103050000
D/UDP-TIMING(17001): 418 0 -0.110682000
D/UDP-TIMING(17001): 419 0 -0.118372000
D/UDP-TIMING(17001): 420 0 -0.126001000
D/UDP-TIMING(17001): 421 0 -0.104344000
D/UDP-TIMING(17001): 422 0 -0.112035000
D/UDP-TIMING(17001): 423 0 -0.119695000
D/UDP-TIMING(17001): 424 0 -0.097007000
D/UDP-TIMING(17001): 425 0 -0.104668000
D/UDP-TIMING(17001): 426 0 -0.112361000
D/UDP-TIMING(17001): 427 0 -0.120048000
D/UDP-TIMING(17001): 428 0 -0.098109000
D/UDP-TIMING(17001): 429 0 -0.105801000
D/UDP-TIMING(17001): 430 0 -0.113491000
D/UDP-TIMING(17001): 431 0 -0.121185000
D/UDP-TIMING(17001): 432 0 -0.098519000
D/UDP-TIMING(17001): 433 0 -0.106184000
D/UDP-TIMING(17001): 434 0 -0.113870000
D/UDP-TIMING(17001): 435 0 -0.121562000
D/UDP-TIMING(17001): 436 0 -0.099511000
D/UDP-TIMING(17001): 437 0 -0.107198000
D/UDP-TIMING(17001): 438 0 -0.114890000
D/UDP-TIMING(17001): 439 0 -0.122586000
D/UDP-TIMING(17001): 440 0 -0.099983000
D/UDP-TIMING(17001): 441 0 -0.107675000
D/UDP-TIMING(17001): 442 0 -0.115338000
D/UDP-TIMING(17001): 443 0 -0.123027000
D/UDP-TIMING(17001): 444 0 -0.100960000
D/UDP-TIMING(17001): 445 0 -0.108621000
D/UDP-TIMING(17001): 446 0 -0.116249000
D/UDP-TIMING(17001): 447 0 -0.123950000
D/UDP-TIMING(17001): 448 0 -0.101430000
D/UDP-TIMING(17001): 449 0 -0.109088000
D/UDP-TIMING(17001): 450 0 -0.116801000
D/UDP-TIMING(17001): 451 0 -0.124487000
D/UDP-TIMING(17001): 452 0 -0.102516000
D/UDP-TIMING(17001): 453 0 -0.110208000
D/UDP-TIMING(17001): 454 0 -0.117900000
D/UDP-TIMING(17001): 455 0 -0.125583000
D/UDP-TIMING(17001): 456 0 -0.103549000
D/UDP-TIMING(17001): 457 0 -0.111247000
D/UDP-TIMING(17001): 458 0 -0.118941000
D/UDP-TIMING(17001): 459 0 -0.126667000
D/UDP-TIMING(17001): 460 0 -0.104052000
D/UDP-TIMING(17001): 461 0 -0.111712000
D/UDP-TIMING(17001): 462 0 -0.119399000
D/UDP-TIMING(17001): 463 0 -0.096999000
D/UDP-TIMING(17001): 464 0 -0.104689000
D/UDP-TIMING(17001): 465 0 -0.112380000
D/Database(16531): dbopen(): path = /data/data/com.onavo.android.onavoid/databases/ui_events, flag = 6, file size = 14044160
D/Database(16531): dbopen(): path = /data/data/com.onavo.android.onavoid/databases/ui_events, mode: wal, disk free size: 2000 M, handle: 0x378018
D/UDP-TIMING(17001): 466 0 -0.090475000
D/UDP-TIMING(17001): 467 0 -0.098140000
D/UDP-TIMING(17001): 468 0 -0.105772000
D/UDP-TIMING(17001): 469 0 -0.113460000
D/Database(16531): dbclose(): path = /data/data/com.onavo.android.onavoid/databases/ui_events, handle = 0x378018
D/UDP-TIMING(17001): 470 0 -0.091243000
D/UDP-TIMING(17001): 471 0 -0.098934000
D/UDP-TIMING(17001): 472 0 -0.106605000
D/UDP-TIMING(17001): 473 0 -0.114295000
D/UDP-TIMING(17001): 474 0 -0.121986000
D/UDP-TIMING(17001): 475 0 -0.099828000
D/UDP-TIMING(17001): 476 0 -0.107517000
D/UDP-TIMING(17001): 477 0 -0.115247000
D/UDP-TIMING(17001): 478 0 -0.122932000
D/UDP-TIMING(17001): 479 0 -0.100195000
D/UDP-TIMING(17001): 480 0 -0.107858000
D/UDP-TIMING(17001): 481 0 -0.115549000
D/UDP-TIMING(17001): 482 0 -0.092878000
D/UDP-TIMING(17001): 483 0 -0.100569000
D/UDP-TIMING(17001): 484 0 -0.108257000
D/UDP-TIMING(17001): 485 0 -0.115944000
D/UDP-TIMING(17001): 486 0 -0.123638000
D/UDP-TIMING(17001): 487 0 -0.101699000
D/UDP-TIMING(17001): 488 0 -0.109366000
D/UDP-TIMING(17001): 489 0 -0.117059000
D/UDP-TIMING(17001): 490 0 -0.094328000
D/UDP-TIMING(17001): 491 0 -0.102014000
D/UDP-TIMING(17001): 492 0 -0.109707000
D/UDP-TIMING(17001): 493 0 -0.117401000
D/UDP-TIMING(17001): 494 0 -0.125071000
D/UDP-TIMING(17001): 495 0 -0.103188000
D/UDP-TIMING(17001): 496 0 -0.110882000
D/UDP-TIMING(17001): 497 0 -0.118568000
D/UDP-TIMING(17001): 498 0 -0.126198000
D/UDP-TIMING(17001): 499 0 -0.103582000
D/UDP-TIMING(17001): 500 0 -0.111273000
D/UDP-TIMING(17001): 501 0 -0.118940000
D/UDP-TIMING(17001): 502 0 -0.126631000
D/UDP-TIMING(17001): 503 0 -0.104672000
D/UDP-TIMING(17001): 504 0 -0.112361000
D/UDP-TIMING(17001): 505 0 -0.120612000
D/UDP-TIMING(17001): 506 0 -0.109442000
D/UDP-TIMING(17001): 507 0 -0.117130000
D/UDP-TIMING(17001): 508 0 -0.124789000
E/TrafficStats( 1673): [QCTMM]tryAll index=0
E/TrafficStats( 1673): [QCTMM]tryAll index=1
E/TrafficStats( 1673): [QCTMM]tryAll index=2
D/UDP-TIMING(17001): 509 0 -0.102787000
D/UDP-TIMING(17001): 510 0 -0.110467000
D/UDP-TIMING(17001): 511 0 -0.118159000
D/UDP-TIMING(17001): 512 0 -0.125789000
E/TrafficStats( 1673): [QCTMM]tryAll index=0
E/TrafficStats( 1673): [QCTMM]tryAll index=1
E/TrafficStats( 1673): [QCTMM]tryAll index=2
D/DATA    ( 1860): sentSinceLastRecv=0,watchdogTrigger=10,maxindex=0
D/UDP-TIMING(17001): 513 0 -0.103603000
D/UDP-TIMING(17001): 514 0 -0.111267000
D/UDP-TIMING(17001): 515 0 -0.118958000
D/UDP-TIMING(17001): 516 0 -0.097008000
D/UDP-TIMING(17001): 517 0 -0.104680000
D/UDP-TIMING(17001): 518 0 -0.112376000
D/UDP-TIMING(17001): 519 0 -0.120063000
D/UDP-TIMING(17001): 520 0 -0.097480000
D/UDP-TIMING(17001): 521 0 -0.105109000
D/UDP-TIMING(17001): 522 0 -0.112798000
D/UDP-TIMING(17001): 523 0 -0.120493000
D/UDP-TIMING(17001): 524 0 -0.098490000
D/UDP-TIMING(17001): 525 0 -0.106158000
D/UDP-TIMING(17001): 526 0 -0.113804000
D/UDP-TIMING(17001): 527 0 -0.121484000
D/UDP-TIMING(17001): 528 0 -0.099135000
D/UDP-TIMING(17001): 529 0 -0.106786000
D/UDP-TIMING(17001): 530 0 -0.114467000
D/UDP-TIMING(17001): 531 0 -0.122149000
D/UDP-TIMING(17001): 532 0 -0.099583000
D/UDP-TIMING(17001): 533 0 -0.107265000
D/UDP-TIMING(17001): 534 0 -0.114987000
D/UDP-TIMING(17001): 535 0 -0.122674000
D/UDP-TIMING(17001): 536 0 -0.100715000
D/UDP-TIMING(17001): 537 0 -0.108367000
D/UDP-TIMING(17001): 538 0 -0.116046000
D/UDP-TIMING(17001): 539 0 -0.123684000
D/UDP-TIMING(17001): 540 0 -0.101034000
D/UDP-TIMING(17001): 541 0 -0.108714000
D/UDP-TIMING(17001): 542 0 -0.116390000
D/UDP-TIMING(17001): 543 0 -0.124140000
D/UDP-TIMING(17001): 544 0 -0.102130000
D/UDP-TIMING(17001): 545 0 -0.109811000
D/UDP-TIMING(17001): 546 0 -0.117462000
D/UDP-TIMING(17001): 547 0 -0.125146000
D/UDP-TIMING(17001): 548 0 -0.102531000
D/UDP-TIMING(17001): 549 0 -0.110178000
D/UDP-TIMING(17001): 550 0 -0.117860000
D/UDP-TIMING(17001): 551 0 -0.125544000
D/UDP-TIMING(17001): 552 0 -0.103636000
D/UDP-TIMING(17001): 553 0 -0.111296000
D/UDP-TIMING(17001): 554 0 -0.118994000
D/UDP-TIMING(17001): 555 0 -0.097016000
D/UDP-TIMING(17001): 556 0 -0.104700000
D/UDP-TIMING(17001): 557 0 -0.112324000
D/UDP-TIMING(17001): 558 0 -0.120015000
D/UDP-TIMING(17001): 559 0 -0.097265000
D/UDP-TIMING(17001): 560 0 -0.104932000
D/UDP-TIMING(17001): 561 0 -0.112627000
D/UDP-TIMING(17001): 562 0 -0.120262000
D/UDP-TIMING(17001): 563 0 -0.097682000
D/UDP-TIMING(17001): 564 0 -0.105373000
D/UDP-TIMING(17001): 565 0 -0.113062000
D/UDP-TIMING(17001): 566 0 -0.120758000
D/UDP-TIMING(17001): 567 0 -0.098662000
D/UDP-TIMING(17001): 568 0 -0.106352000
D/UDP-TIMING(17001): 569 0 -0.114039000
D/UDP-TIMING(17001): 570 0 -0.121733000
D/UDP-TIMING(17001): 571 0 -0.099182000
D/UDP-TIMING(17001): 572 0 -0.106814000
D/UDP-TIMING(17001): 573 0 -0.114503000
D/UDP-TIMING(17001): 574 0 -0.122190000
D/UDP-TIMING(17001): 575 0 -0.100163000
D/UDP-TIMING(17001): 576 0 -0.107797000
D/UDP-TIMING(17001): 577 0 -0.115486000
D/UDP-TIMING(17001): 578 0 -0.123176000
D/UDP-TIMING(17001): 579 0 -0.100872000
D/UDP-TIMING(17001): 580 0 -0.108505000
D/UDP-TIMING(17001): 581 0 -0.116175000
D/UDP-TIMING(17001): 582 0 -0.123865000
D/UDP-TIMING(17001): 583 0 -0.101217000
D/UDP-TIMING(17001): 584 0 -0.108890000
D/UDP-TIMING(17001): 585 0 -0.116591000
D/UDP-TIMING(17001): 586 0 -0.124249000
D/UDP-TIMING(17001): 587 0 -0.102183000
D/UDP-TIMING(17001): 588 0 -0.109918000
D/UDP-TIMING(17001): 589 0 -0.117607000
D/UDP-TIMING(17001): 590 0 -0.125283000
D/UDP-TIMING(17001): 591 0 -0.102796000
D/UDP-TIMING(17001): 592 0 -0.110492000
D/UDP-TIMING(17001): 593 0 -0.118151000
D/UDP-TIMING(17001): 594 0 -0.125778000
D/UDP-TIMING(17001): 595 0 -0.103713000
D/UDP-TIMING(17001): 596 0 -0.111403000
D/UDP-TIMING(17001): 597 0 -0.119093000
D/UDP-TIMING(17001): 598 0 -0.096543000
D/UDP-TIMING(17001): 599 0 -0.104199000
D/UDP-TIMING(17001): 600 0 -0.111894000
D/UDP-TIMING(17001): 601 0 -0.119585000
D/UDP-TIMING(17001): 602 0 -0.127275000
D/UDP-TIMING(17001): 603 0 -0.105246000
D/UDP-TIMING(17001): 604 0 -0.112908000
D/UDP-TIMING(17001): 605 0 -0.120603000
D/UDP-TIMING(17001): 606 0 -0.122292000
D/UDP-TIMING(17001): 607 0 -0.108260000
D/UDP-TIMING(17001): 608 0 -0.115920000
D/UDP-TIMING(17001): 609 0 -0.123611000
E/TrafficStats( 1673): [QCTMM]tryAll index=0
E/TrafficStats( 1673): [QCTMM]tryAll index=1
D/UDP-TIMING(17001): 610 0 -0.101373000
D/UDP-TIMING(17001): 611 0 -0.109258000
D/UDP-TIMING(17001): 612 0 -0.116888000
D/UDP-TIMING(17001): 613 0 -0.124567000
E/TrafficStats( 1673): [QCTMM]tryAll index=2
E/TrafficStats( 1673): [QCTMM]tryAll index=0
E/TrafficStats( 1673): [QCTMM]tryAll index=1
E/TrafficStats( 1673): [QCTMM]tryAll index=2
D/DATA    ( 1860): sentSinceLastRecv=0,watchdogTrigger=10,maxindex=0
D/UDP-TIMING(17001): 614 0 -0.101714000
D/UDP-TIMING(17001): 615 0 -0.109371000
D/UDP-TIMING(17001): 616 0 -0.117003000
D/UDP-TIMING(17001): 617 0 -0.124662000
D/UDP-TIMING(17001): 618 0 -0.103086000
D/UDP-TIMING(17001): 619 0 -0.110776000
D/UDP-TIMING(17001): 620 0 -0.118367000
D/UDP-TIMING(17001): 621 0 -0.124198000
D/UDP-TIMING(17001): 622 0 -0.103432000
D/UDP-TIMING(17001): 623 0 -0.111085000
D/UDP-TIMING(17001): 624 0 -0.118765000
D/UDP-TIMING(17001): 625 0 -0.126396000
D/UDP-TIMING(17001): 626 0 -0.104062000
D/UDP-TIMING(17001): 627 0 -0.111754000
D/UDP-TIMING(17001): 628 0 -0.119452000
D/UDP-TIMING(17001): 629 0 -0.127143000
D/UDP-TIMING(17001): 630 0 -0.104778000
D/UDP-TIMING(17001): 631 0 -0.112457000
D/UDP-TIMING(17001): 632 0 -0.120150000
D/UDP-TIMING(17001): 633 0 -0.098176000
D/UDP-TIMING(17001): 634 0 -0.105867000
D/UDP-TIMING(17001): 635 0 -0.113562000
D/UDP-TIMING(17001): 636 0 -0.121263000
D/UDP-TIMING(17001): 637 0 -0.098893000
D/UDP-TIMING(17001): 638 0 -0.106583000
D/UDP-TIMING(17001): 639 0 -0.114273000
D/UDP-TIMING(17001): 640 0 -0.121963000
D/UDP-TIMING(17001): 641 0 -0.099407000
D/UDP-TIMING(17001): 642 0 -0.107086000
D/UDP-TIMING(17001): 643 0 -0.114778000
D/UDP-TIMING(17001): 644 0 -0.122469000
D/UDP-TIMING(17001): 645 0 -0.100461000
D/UDP-TIMING(17001): 646 0 -0.108152000
D/UDP-TIMING(17001): 647 0 -0.115847000
D/UDP-TIMING(17001): 648 0 -0.123542000
D/UDP-TIMING(17001): 649 0 -0.100959000
D/UDP-TIMING(17001): 650 0 -0.108796000
D/UDP-TIMING(17001): 651 0 -0.116488000
D/UDP-TIMING(17001): 652 0 -0.094792000
D/UDP-TIMING(17001): 653 0 -0.102485000
D/UDP-TIMING(17001): 654 0 -0.110179000
D/UDP-TIMING(17001): 655 0 -0.117838000
D/UDP-TIMING(17001): 656 0 -0.125534000
D/UDP-TIMING(17001): 657 0 -0.102587000
D/UDP-TIMING(17001): 658 0 -0.110265000
D/UDP-TIMING(17001): 659 0 -0.117960000
D/UDP-TIMING(17001): 660 0 -0.125592000
D/UDP-TIMING(17001): 661 0 -0.103637000
D/UDP-TIMING(17001): 662 0 -0.111296000
D/UDP-TIMING(17001): 663 0 -0.118993000
D/UDP-TIMING(17001): 664 0 -0.124883000
D/UDP-TIMING(17001): 665 0 -0.104038000
D/UDP-TIMING(17001): 666 0 -0.111729000
D/UDP-TIMING(17001): 667 0 -0.119424000
D/UDP-TIMING(17001): 668 0 -0.127114000
D/UDP-TIMING(17001): 669 0 -0.105180000
D/UDP-TIMING(17001): 670 0 -0.112872000
D/UDP-TIMING(17001): 671 0 -0.120532000
D/UDP-TIMING(17001): 672 0 -0.097834000
D/UDP-TIMING(17001): 673 0 -0.105461000
D/UDP-TIMING(17001): 674 0 -0.113149000
D/UDP-TIMING(17001): 675 0 -0.120841000
D/UDP-TIMING(17001): 676 0 -0.098866000
D/UDP-TIMING(17001): 677 0 -0.106553000
D/UDP-TIMING(17001): 678 0 -0.114249000
D/UDP-TIMING(17001): 679 0 -0.121929000
D/UDP-TIMING(17001): 680 0 -0.099290000
D/UDP-TIMING(17001): 681 0 -0.106950000
D/UDP-TIMING(17001): 682 0 -0.114599000
D/UDP-TIMING(17001): 683 0 -0.122288000
D/UDP-TIMING(17001): 684 0 -0.100042000
D/UDP-TIMING(17001): 685 0 -0.107681000
D/UDP-TIMING(17001): 686 0 -0.115377000
D/UDP-TIMING(17001): 687 0 -0.123038000
D/StatusBarPolicy( 1816): iconIndex=1
V/StatusBarPolicy( 1816): cdmaLevel:4;max:4
D/StatusBarPolicy( 1816): iconLevel:4
D/UDP-TIMING(17001): 688 0 -0.100576000
D/UDP-TIMING(17001): 689 0 -0.108270000
D/UDP-TIMING(17001): 690 0 -0.115908000
D/UDP-TIMING(17001): 691 0 -0.123606000
I/PhoneInfo( 2188): getCdmaLevel - cdmaDbm: -72 cdmaEcio:-80
D/UDP-TIMING(17001): 692 0 -0.101449000
D/UDP-TIMING(17001): 693 0 -0.109132000
D/UDP-TIMING(17001): 694 0 -0.117943000
D/UDP-TIMING(17001): 695 0 -0.125569000
I/PhoneInfo( 2188): getEvdoLevel - evdoDbm: -120 evdoSnr:-1 evdoEcio:-1
I/PhoneInfo( 2188): getLteLevel - lteRsrp: -1 lteCqi:-1
D/UDP-TIMING(17001): 696 0 -0.103938000
D/UDP-TIMING(17001): 697 0 -0.111633000
D/UDP-TIMING(17001): 698 0 -0.119330000
D/UDP-TIMING(17001): 699 0 -0.127016000
D/UDP-TIMING(17001): 700 0 -0.104671000
D/UDP-TIMING(17001): 701 0 -0.112370000
D/UDP-TIMING(17001): 702 0 -0.120060000
D/UDP-TIMING(17001): 703 0 -0.097784000
D/UDP-TIMING(17001): 704 0 -0.105478000
D/UDP-TIMING(17001): 705 0 -0.113179000
D/UDP-TIMING(17001): 706 0 -0.120875000
D/UDP-TIMING(17001): 707 0 -0.122232000
D/UDP-TIMING(17001): 708 0 -0.108349000
D/UDP-TIMING(17001): 709 0 -0.115942000
D/UDP-TIMING(17001): 710 0 -0.123636000
E/TrafficStats( 1673): [QCTMM]tryAll index=0
E/TrafficStats( 1673): [QCTMM]tryAll index=1
E/TrafficStats( 1673): [QCTMM]tryAll index=2
E/TrafficStats( 1673): [QCTMM]tryAll index=0
E/TrafficStats( 1673): [QCTMM]tryAll index=1
E/TrafficStats( 1673): [QCTMM]tryAll index=2
D/UDP-TIMING(17001): 711 0 -0.101430000
D/UDP-TIMING(17001): 712 0 -0.109094000
D/UDP-TIMING(17001): 713 0 -0.116786000
D/UDP-TIMING(17001): 714 0 -0.124478000
D/DATA    ( 1860): sentSinceLastRecv=0,watchdogTrigger=10,maxindex=0
D/UDP-TIMING(17001): 715 0 -0.101929000
D/UDP-TIMING(17001): 716 0 -0.109619000
D/UDP-TIMING(17001): 717 0 -0.117277000
D/UDP-TIMING(17001): 718 0 -0.124948000
D/UDP-TIMING(17001): 719 0 -0.103004000
D/UDP-TIMING(17001): 720 0 -0.110697000
D/UDP-TIMING(17001): 721 0 -0.118333000
D/UDP-TIMING(17001): 722 0 -0.125961000
D/UDP-TIMING(17001): 723 0 -0.103376000
D/UDP-TIMING(17001): 724 0 -0.111063000
D/UDP-TIMING(17001): 725 0 -0.118753000
D/UDP-TIMING(17001): 726 0 -0.126432000
D/UDP-TIMING(17001): 727 0 -0.104385000
D/UDP-TIMING(17001): 728 0 -0.112027000
