--------- beginning of /dev/log/system
D/StatusBarPolicy( 1816): iconIndex=1
V/StatusBarPolicy( 1816): cdmaLevel:4;max:4
D/StatusBarPolicy( 1816): iconLevel:4
V/DeviceStorageMonitorService( 1673): freeMemory=2098634752
D/DeviceStorageMonitorService( 1673): OoO SMS Memory available. SMS_AVAILABLE_THRESHOLD == 524288
I/DeviceStorageMonitorService( 1673): Posting Message again
V/DeviceStorageMonitorService( 1673): freeMemory=2098634752
D/DeviceStorageMonitorService( 1673): OoO SMS Memory available. SMS_AVAILABLE_THRESHOLD == 524288
I/DeviceStorageMonitorService( 1673): Posting Message again
I/ActivityManager( 1673): Start proc com.android.defcontainer for service com.android.defcontainer/.DefaultContainerService: pid=6880 uid=10084 gids={1015, 2001}
W/ActivityManager( 1673): No content provider found for: 
W/ActivityManager( 1673): No content provider found for: 
I/ActivityManager( 1673): No longer want com.htc.dockmode (pid 6583): hidden #16
I/ActivityManager( 1673): Starting activity: Intent { act=android.intent.action.MAIN cat=[android.intent.category.HOME] flg=0x10200000 cmp=com.htc.launcher/.Launcher } from pid 1673
W/ActivityManager( 1673): Activity pause timeout for HistoryRecord{40cf12b8 com.android.restartapp/.RestartApp}
W/InputManagerService( 1673): [unbindCurrentClientLocked] Disable input method client.
W/InputManagerService( 1673): [startInputLocked] Enable input method client.
E/AndroidRuntime( 6852): FATAL EXCEPTION: main
E/AndroidRuntime( 6852): java.lang.NullPointerException
E/AndroidRuntime( 6852): 	at android.app.ActivityThread.handleStopActivity(ActivityThread.java:2874)
E/AndroidRuntime( 6852): 	at android.app.ActivityThread.access$1800(ActivityThread.java:132)
E/AndroidRuntime( 6852): 	at android.app.ActivityThread$H.handleMessage(ActivityThread.java:1055)
E/AndroidRuntime( 6852): 	at android.os.Handler.dispatchMessage(Handler.java:99)
E/AndroidRuntime( 6852): 	at android.os.Looper.loop(Looper.java:150)
E/AndroidRuntime( 6852): 	at android.app.ActivityThread.main(ActivityThread.java:4293)
E/AndroidRuntime( 6852): 	at java.lang.reflect.Method.invokeNative(Native Method)
E/AndroidRuntime( 6852): 	at java.lang.reflect.Method.invoke(Method.java:507)
E/AndroidRuntime( 6852): 	at com.android.internal.os.ZygoteInit$MethodAndArgsCaller.run(ZygoteInit.java:839)
E/AndroidRuntime( 6852): 	at com.android.internal.os.ZygoteInit.main(ZygoteInit.java:597)
E/AndroidRuntime( 6852): 	at dalvik.system.NativeStart.main(Native Method)
D/StatusBarPolicy( 1816): iconIndex=1
V/StatusBarPolicy( 1816): cdmaLevel:4;max:4
D/StatusBarPolicy( 1816): iconLevel:4
I/ActivityManager( 1673): Process com.android.restartapp (pid 6852) has died.
D/InputManagerService( 1673): Window already focused, ignoring focus gain of: com.android.internal.view.IInputMethodClient$Stub$Proxy@40a56df0
V/NotificationService( 1673): Charging...
I/ActivityManager( 1673): Starting activity: Intent { act=android.settings.SETTINGS flg=0x10000000 cmp=com.android.settings/.framework.activity.HtcSettings } from pid 1816
V/NotificationService( 1673): Charging...
W/InputManagerService( 1673): [unbindCurrentClientLocked] Disable input method client.
W/InputManagerService( 1673): [startInputLocked] Enable input method client.
V/DeviceStorageMonitorService( 1673): freeMemory=2098532352
D/DeviceStorageMonitorService( 1673): OoO SMS Memory available. SMS_AVAILABLE_THRESHOLD == 524288
I/DeviceStorageMonitorService( 1673): Posting Message again
I/ActivityManager( 1673): Starting activity: Intent { act=android.intent.action.MAIN cmp=com.android.settings/.ApplicationSettings } from pid 5299
I/ActivityManager( 1673): Starting activity: Intent { act=android.intent.action.MAIN cmp=com.android.settings/.ManageApplications } from pid 5299
I/ActivityManager( 1673): No longer want com.feelingtouch.strikeforce (pid 6551): hidden #16
I/ActivityManager( 1673): No longer want com.vzw.hss.myverizon (pid 6510): hidden #16
I/ActivityManager( 1673): No longer want com.android.providers.htccdmamcc (pid 2216): hidden #16
I/ActivityManager( 1673): No longer want com.slacker.radio (pid 6536): hidden #16
I/ActivityManager( 1673): No longer want com.htc.profilewidget (pid 6635): hidden #16
I/ActivityManager( 1673): No longer want com.skype.android.verizon (pid 6063): hidden #16
I/ActivityManager( 1673): No longer want com.fusionone.android.sync.service (pid 2086): hidden #16
I/ActivityManager( 1673): No longer want com.htc.mim (pid 5981): hidden #16
I/ActivityManager( 1673): No longer want com.onavo.android.onavoid:service (pid 4971): hidden #16
W/ActivityManager( 1673): Scheduling restart of crashed service com.htc.mim/.engine.HtcMimService in 5000ms
W/ActivityManager( 1673): Scheduling restart of crashed service com.fusionone.android.sync.service/.SyncService in 14998ms
W/ActivityManager( 1673): Scheduling restart of crashed service com.onavo.android.onavoid/.service.BackgroundService in 24993ms
I/ActivityManager( 1673): Process com.htc.resetnotify (pid 2211) has died.
I/ActivityManager( 1673): No longer want com.google.android.apps.docs (pid 3680): hidden #16
I/ActivityManager( 1673): Start proc com.htc.mim for service com.htc.mim/.engine.HtcMimService: pid=6903 uid=10111 gids={3003}
I/ActivityManager( 1673): Start proc com.fusionone.android.sync.service for service com.fusionone.android.sync.service/.SyncService: pid=6914 uid=10016 gids={3003}
D/Socket_Alarm( 6914): registerHTCSocketMonitorCallBack
D/Socket_Alarm( 6914): set mSocketMonitor
D/Socket_Alarm( 6914): HTCSocketMonitorImpl::HTCSocketMonitorImpl
I/ActivityManager( 1673): Starting activity: Intent { act=android.settings.APPLICATION_DETAILS_SETTINGS dat=package:com.example.hellojni cmp=com.android.settings/.applications.InstalledAppDetails } from pid 5299
D/StatusBarPolicy( 1816): iconIndex=1
V/StatusBarPolicy( 1816): cdmaLevel:4;max:4
D/StatusBarPolicy( 1816): iconLevel:4
I/ActivityManager( 1673): Starting activity: Intent { act=android.intent.action.DELETE dat=package:com.example.hellojni cmp=com.android.packageinstaller/.UninstallerActivity } from pid 5299
I/ActivityManager( 1673): Start proc com.android.packageinstaller for activity com.android.packageinstaller/.UninstallerActivity: pid=6925 uid=10061 gids={}
W/InputManagerService( 1673): [unbindCurrentClientLocked] Disable input method client.
W/InputManagerService( 1673): [startInputLocked] Enable input method client.
I/ActivityManager( 1673): Starting activity: Intent { act=android.intent.action.VIEW cmp=com.android.packageinstaller/.UninstallAppProgress (has extras) } from pid 6925
I/ActivityManager( 1673): Force stopping package com.example.hellojni uid=10167
I/ActivityManager( 1673): Force stopping package com.example.hellojni uid=10167
I/ActivityManager( 1673): Start proc com.vzw.hss.myverizon for broadcast com.vzw.hss.myverizon/com.vzw.hss.datameter.receiver.DataMeterPackageReceiver: pid=6932 uid=10141 gids={3003}
D/StatusBarPolicy( 1816): iconIndex=1
V/StatusBarPolicy( 1816): cdmaLevel:4;max:4
D/StatusBarPolicy( 1816): iconLevel:4
I/ActivityManager( 1673): No longer want com.htc.bg (pid 4543): hidden #16
I/ActivityManager( 1673): No longer want com.htc.android.worldclock (pid 6564): hidden #16
W/ActivityManager( 1673): Scheduling restart of crashed service com.htc.providers.uploads/.AutoUploadService in 11927ms
I/ActivityManager( 1673): Start proc com.slacker.radio for broadcast com.slacker.radio/com.slacker.gui.UpdateReceiver: pid=6943 uid=10003 gids={3002, 3003, 1015}
I/ActivityManager( 1673): No longer want com.alarmclock.xtreme.free (pid 6573): hidden #16
I/ActivityManager( 1673): No longer want com.snipergames.swatsniper (pid 6860): hidden #16
I/PackageManager( 1673): Adding preferred activity ComponentInfo{com.htc.streamplayer/com.htc.streamplayer.VideoPlayerActivity}:
I/PackageManager( 1673): Adding preferred activity ComponentInfo{com.htc.streamplayer/com.htc.streamplayer.VideoPlayerActivity}:
I/ActivityManager( 1673): No longer want android.process.media (pid 3980): hidden #16
I/PackageManager( 1673): Adding preferred activity ComponentInfo{com.htc.streamplayer/com.htc.streamplayer.VideoPlayerActivity}:
I/PackageManager( 1673): Adding preferred activity ComponentInfo{com.htc.streamplayer/com.htc.streamplayer.VideoPlayerActivity}:
V/DeviceStorageMonitorService( 1673): freeMemory=2098794496
D/DeviceStorageMonitorService( 1673): OoO SMS Memory available. SMS_AVAILABLE_THRESHOLD == 524288
I/DeviceStorageMonitorService( 1673): Posting Message again
W/InputManagerService( 1673): [unbindCurrentClientLocked] Disable input method client.
W/InputManagerService( 1673): [startInputLocked] Enable input method client.
I/ActivityManager( 1673): Start proc com.google.android.googlequicksearchbox for broadcast com.google.android.googlequicksearchbox/.SourceUpdateReceiver: pid=6953 uid=10018 gids={3003}
I/ActivityManager( 1673): No longer want com.viber.voip:keepAliveReceiver (pid 5013): hidden #16
I/ActivityManager( 1673): No longer want trump.asphalt.adrenaline (pid 6595): hidden #16
I/PackageManager( 1673): Adding preferred activity ComponentInfo{com.htc.streamplayer/com.htc.streamplayer.VideoPlayerActivity}:
I/PackageManager( 1673): Adding preferred activity ComponentInfo{com.htc.streamplayer/com.htc.streamplayer.VideoPlayerActivity}:
I/PackageManager( 1673): Adding preferred activity ComponentInfo{com.htc.streamplayer/com.htc.streamplayer.VideoPlayerActivity}:
I/PackageManager( 1673): Adding preferred activity ComponentInfo{com.htc.streamplayer/com.htc.streamplayer.VideoPlayerActivity}:
I/PackageManager( 1673): Adding preferred activity ComponentInfo{com.htc.streamplayer/com.htc.streamplayer.VideoPlayerActivity}:
I/PackageManager( 1673): Adding preferred activity ComponentInfo{com.htc.streamplayer/com.htc.streamplayer.VideoPlayerActivity}:
I/PackageManager( 1673): Adding preferred activity ComponentInfo{com.htc.streamplayer/com.htc.streamplayer.VideoPlayerActivity}:
I/PackageManager( 1673): Adding preferred activity ComponentInfo{com.htc.streamplayer/com.htc.streamplayer.VideoPlayerActivity}:
I/ActivityManager( 1673): Start proc com.onavo.android.onavoid:service for service com.onavo.android.onavoid/.service.BackgroundService: pid=6963 uid=10155 gids={3003}
I/PackageManager( 1673): Adding preferred activity ComponentInfo{com.htc.streamplayer/com.htc.streamplayer.VideoPlayerActivity}:
I/PackageManager( 1673): Adding preferred activity ComponentInfo{com.htc.streamplayer/com.htc.streamplayer.VideoPlayerActivity}:
I/PackageManager( 1673): Adding preferred activity ComponentInfo{com.htc.streamplayer/com.htc.streamplayer.VideoPlayerActivity}:
I/PackageManager( 1673): Adding preferred activity ComponentInfo{com.htc.streamplayer/com.htc.streamplayer.VideoPlayerActivity}:
D/Socket_Alarm( 6963): registerHTCSocketMonitorCallBack
D/Socket_Alarm( 6963): set mSocketMonitor
D/Socket_Alarm( 6963): HTCSocketMonitorImpl::HTCSocketMonitorImpl
I/PackageManager( 1673): Adding preferred activity ComponentInfo{com.htc.streamplayer/com.htc.streamplayer.VideoPlayerActivity}:
I/PackageManager( 1673): Adding preferred activity ComponentInfo{com.htc.streamplayer/com.htc.streamplayer.VideoPlayerActivity}:
I/ActivityManager( 1673): No longer want com.htc.android.Stock (pid 6500): hidden #16
I/PackageManager( 1673): Adding preferred activity ComponentInfo{com.google.android.apps.maps/com.google.android.maps.MapsActivity}:
I/PackageManager( 1673): Adding preferred activity ComponentInfo{com.google.android.apps.maps/com.google.android.maps.MapsActivity}:
I/PackageManager( 1673): Adding preferred activity ComponentInfo{com.google.android.apps.maps/com.google.android.maps.MapsActivity}:
I/PackageManager( 1673): Adding preferred activity ComponentInfo{com.google.android.apps.maps/com.google.android.maps.MapsActivity}:
I/PackageManager( 1673): Adding preferred activity ComponentInfo{com.google.android.apps.maps/com.google.android.maps.MapsActivity}:
I/PackageManager( 1673): Adding preferred activity ComponentInfo{com.google.android.apps.maps/com.google.android.maps.MapsActivity}:
I/ActivityManager( 1673): No longer want com.google.android.apps.maps:BackgroundFriendService (pid 6518): hidden #16
I/PackageManager( 1673): Adding preferred activity ComponentInfo{com.google.android.apps.maps/com.google.android.maps.MapsActivity}:
I/PackageManager( 1673): Adding preferred activity ComponentInfo{com.google.android.apps.maps/com.google.android.maps.MapsActivity}:
I/PackageManager( 1673): Adding preferred activity ComponentInfo{com.android.htcdialer/com.android.htcdialer.Dialer}:
I/PackageManager( 1673): Adding preferred activity ComponentInfo{com.android.htcdialer/com.android.htcdialer.Dialer}:
I/PackageManager( 1673): Adding preferred activity ComponentInfo{com.android.htcdialer/com.android.htcdialer.Dialer}:
I/PackageManager( 1673): Adding preferred activity ComponentInfo{com.android.htcdialer/com.android.htcdialer.Dialer}:
I/PackageManager( 1673): Adding preferred activity ComponentInfo{com.android.htcdialer/com.android.htcdialer.Dialer}:
I/PackageManager( 1673): Adding preferred activity ComponentInfo{com.android.htcdialer/com.android.htcdialer.Dialer}:
I/PackageManager( 1673): Adding preferred activity ComponentInfo{com.htc.android.mail/com.htc.android.mail.ComposeActivity}:
I/PackageManager( 1673): Adding preferred activity ComponentInfo{com.htc.android.mail/com.htc.android.mail.ComposeActivity}:
I/PackageManager( 1673): Adding preferred activity ComponentInfo{com.android.browser/com.android.browser.BrowserActivity}:
I/ActivityManager( 1673): No longer want com.viber.voip (pid 2495): hidden #16
W/ActivityManager( 1673): Scheduling restart of crashed service com.viber.voip/com.viber.service.VoipConnectorService in 16000ms
D/WifiService( 1673): releaseWifiLockLocked: WifiLock{VoipServiceWifiLock type=1 binder=android.os.BinderProxy@409a73b8} Mode: 1
D/WifiService( 1673): disable wifi due to updateWifiState
W/ActivityManager( 1673): No content provider found for: 
W/ActivityManager( 1673): No content provider found for: 
I/PackageManager( 1673): Unpacking native libraries for /data/app/com.example.hellojni-1.apk
I/ActivityManager( 1673): Force stopping package com.example.hellojni uid=10167
I/ActivityManager( 1673): Start proc com.svox.pico for broadcast com.svox.pico/.VoiceDataInstallerReceiver: pid=6990 uid=10015 gids={}
I/ActivityManager( 1673): No longer want com.htc.opensense (pid 2363): hidden #16
I/ActivityManager( 1673): Start proc com.htc.opensense for broadcast com.htc.opensense/.pluginmanager.RegisterReceiver: pid=7001 uid=10008 gids={3003, 1006, 1015, 2001}
I/PackageManager( 1673): Adding preferred activity ComponentInfo{com.htc.streamplayer/com.htc.streamplayer.VideoPlayerActivity}:
I/PackageManager( 1673): Adding preferred activity ComponentInfo{com.htc.streamplayer/com.htc.streamplayer.VideoPlayerActivity}:
I/PackageManager( 1673): Adding preferred activity ComponentInfo{com.htc.streamplayer/com.htc.streamplayer.VideoPlayerActivity}:
I/PackageManager( 1673): Adding preferred activity ComponentInfo{com.htc.streamplayer/com.htc.streamplayer.VideoPlayerActivity}:
I/PackageManager( 1673): Adding preferred activity ComponentInfo{com.htc.streamplayer/com.htc.streamplayer.VideoPlayerActivity}:
I/PackageManager( 1673): Adding preferred activity ComponentInfo{com.htc.streamplayer/com.htc.streamplayer.VideoPlayerActivity}:
I/PackageManager( 1673): Adding preferred activity ComponentInfo{com.htc.streamplayer/com.htc.streamplayer.VideoPlayerActivity}:
I/PackageManager( 1673): Adding preferred activity ComponentInfo{com.htc.streamplayer/com.htc.streamplayer.VideoPlayerActivity}:
I/PackageManager( 1673): Adding preferred activity ComponentInfo{com.htc.streamplayer/com.htc.streamplayer.VideoPlayerActivity}:
I/PackageManager( 1673): Adding preferred activity ComponentInfo{com.htc.streamplayer/com.htc.streamplayer.VideoPlayerActivity}:
I/PackageManager( 1673): Adding preferred activity ComponentInfo{com.htc.streamplayer/com.htc.streamplayer.VideoPlayerActivity}:
I/PackageManager( 1673): Adding preferred activity ComponentInfo{com.htc.streamplayer/com.htc.streamplayer.VideoPlayerActivity}:
I/PackageManager( 1673): Adding preferred activity ComponentInfo{com.htc.streamplayer/com.htc.streamplayer.VideoPlayerActivity}:
I/PackageManager( 1673): Adding preferred activity ComponentInfo{com.htc.streamplayer/com.htc.streamplayer.VideoPlayerActivity}:
I/PackageManager( 1673): Adding preferred activity ComponentInfo{com.htc.streamplayer/com.htc.streamplayer.VideoPlayerActivity}:
I/PackageManager( 1673): Adding preferred activity ComponentInfo{com.htc.streamplayer/com.htc.streamplayer.VideoPlayerActivity}:
I/PackageManager( 1673): Adding preferred activity ComponentInfo{com.htc.streamplayer/com.htc.streamplayer.VideoPlayerActivity}:
I/PackageManager( 1673): Adding preferred activity ComponentInfo{com.htc.streamplayer/com.htc.streamplayer.VideoPlayerActivity}:
I/PackageManager( 1673): Adding preferred activity ComponentInfo{com.google.android.apps.maps/com.google.android.maps.MapsActivity}:
I/PackageManager( 1673): Adding preferred activity ComponentInfo{com.google.android.apps.maps/com.google.android.maps.MapsActivity}:
I/PackageManager( 1673): Adding preferred activity ComponentInfo{com.google.android.apps.maps/com.google.android.maps.MapsActivity}:
I/PackageManager( 1673): Adding preferred activity ComponentInfo{com.google.android.apps.maps/com.google.android.maps.MapsActivity}:
I/PackageManager( 1673): Adding preferred activity ComponentInfo{com.google.android.apps.maps/com.google.android.maps.MapsActivity}:
I/PackageManager( 1673): Adding preferred activity ComponentInfo{com.google.android.apps.maps/com.google.android.maps.MapsActivity}:
I/PackageManager( 1673): Adding preferred activity ComponentInfo{com.google.android.apps.maps/com.google.android.maps.MapsActivity}:
I/PackageManager( 1673): Adding preferred activity ComponentInfo{com.google.android.apps.maps/com.google.android.maps.MapsActivity}:
I/PackageManager( 1673): Adding preferred activity ComponentInfo{com.android.htcdialer/com.android.htcdialer.Dialer}:
I/PackageManager( 1673): Adding preferred activity ComponentInfo{com.android.htcdialer/com.android.htcdialer.Dialer}:
I/PackageManager( 1673): Adding preferred activity ComponentInfo{com.android.htcdialer/com.android.htcdialer.Dialer}:
I/PackageManager( 1673): Adding preferred activity ComponentInfo{com.android.htcdialer/com.android.htcdialer.Dialer}:
I/PackageManager( 1673): Adding preferred activity ComponentInfo{com.android.htcdialer/com.android.htcdialer.Dialer}:
I/PackageManager( 1673): Adding preferred activity ComponentInfo{com.android.htcdialer/com.android.htcdialer.Dialer}:
I/PackageManager( 1673): Adding preferred activity ComponentInfo{com.htc.android.mail/com.htc.android.mail.ComposeActivity}:
I/PackageManager( 1673): Adding preferred activity ComponentInfo{com.htc.android.mail/com.htc.android.mail.ComposeActivity}:
I/PackageManager( 1673): Adding preferred activity ComponentInfo{com.android.browser/com.android.browser.BrowserActivity}:
I/ActivityManager( 1673): Start proc com.htc.bg for service com.htc.providers.uploads/.AutoUploadService: pid=7014 uid=10008 gids={3003, 1006, 1015, 2001}
I/ActivityManager( 1673): Start proc com.viber.voip for service com.viber.voip/com.viber.service.VoipConnectorService: pid=7021 uid=10159 gids={3003, 1015, 3002, 3001, 1007, 1006}
I/ActivityManager( 1673): Start proc com.viber.voip:keepAliveReceiver for broadcast com.viber.voip/com.viber.service.KeepAliveReceiver: pid=7056 uid=10159 gids={3003, 1015, 3002, 3001, 1007, 1006}
D/WifiService( 1673): acquireWifiLockLocked: WifiLock{VoipServiceWifiLock type=1 binder=android.os.BinderProxy@40cf6c80} Mode: 1
D/WifiService( 1673): disable wifi due to updateWifiState
D/Socket_Alarm( 7056): registerHTCSocketMonitorCallBack
D/Socket_Alarm( 7056): set mSocketMonitor
D/Socket_Alarm( 7056): HTCSocketMonitorImpl::HTCSocketMonitorImpl
I/ActivityManager( 1673): No longer want com.htc.providers.settings:remote (pid 2047): hidden #16
V/DeviceStorageMonitorService( 1673): freeMemory=2098622464
D/DeviceStorageMonitorService( 1673): OoO SMS Memory available. SMS_AVAILABLE_THRESHOLD == 524288
I/DeviceStorageMonitorService( 1673): Posting Message again
I/ActivityManager( 1673): Starting activity: Intent { act=android.intent.action.MAIN cat=[android.intent.category.HOME] flg=0x10200000 cmp=com.htc.launcher/.Launcher } from pid 1673
W/InputManagerService( 1673): [unbindCurrentClientLocked] Disable input method client.
W/InputManagerService( 1673): [startInputLocked] Enable input method client.
D/StatusBarPolicy( 1816): iconIndex=1
V/StatusBarPolicy( 1816): cdmaLevel:3;max:4
D/StatusBarPolicy( 1816): iconLevel:3
I/ActivityManager( 1673): Starting activity: Intent { act=android.intent.action.MAIN cat=[android.intent.category.LAUNCHER] flg=0x10200000 cmp=com.example.hellojni/.HelloJni } from pid 1845
I/ActivityManager( 1673): Start proc com.example.hellojni for activity com.example.hellojni/.HelloJni: pid=7099 uid=10167 gids={1015, 3003}
W/InputManagerService( 1673): [unbindCurrentClientLocked] Disable input method client.
W/InputManagerService( 1673): [startInputLocked] Enable input method client.
D/StatusBarPolicy( 1816): iconIndex=1
V/StatusBarPolicy( 1816): cdmaLevel:3;max:4
D/StatusBarPolicy( 1816): iconLevel:3
D/StatusBarPolicy( 1816): iconIndex=1
V/StatusBarPolicy( 1816): cdmaLevel:4;max:4
D/StatusBarPolicy( 1816): iconLevel:4
D/StatusBarPolicy( 1816): iconIndex=1
V/StatusBarPolicy( 1816): cdmaLevel:4;max:4
D/StatusBarPolicy( 1816): iconLevel:4
I/ActivityManager( 1673): Start proc android.process.media for broadcast com.android.providers.drm/.DrmScannerReceiver: pid=7107 uid=10020 gids={1015, 5002, 2001, 3003}
D/ConnectivityService( 1673): getNetworkInfo(6) not avaliable
D/ConnectivityService( 1673): getNetworkInfo(6) not avaliable
I/ActivityManager( 1673): Start proc com.htc.android.worldclock for broadcast com.htc.android.worldclock/.AlarmInitReceiver: pid=7120 uid=1000 gids={3002, 3001, 3003, 2001, 1015, 1007}
D/Socket_Alarm( 7120): registerHTCSocketMonitorCallBack
D/Socket_Alarm( 7120): set mSocketMonitor
D/Socket_Alarm( 7120): HTCSocketMonitorImpl::HTCSocketMonitorImpl
I/ActivityManager( 1673): Start proc com.alarmclock.xtreme.free for broadcast com.alarmclock.xtreme.free/com.anglelabs.alarmclock.receivers.AlarmInitReceiver: pid=7130 uid=10152 gids={1015, 3002, 3003}
D/Socket_Alarm( 7130): registerHTCSocketMonitorCallBack
D/Socket_Alarm( 7130): set mSocketMonitor
D/Socket_Alarm( 7130): HTCSocketMonitorImpl::HTCSocketMonitorImpl
W/BackupManagerService( 1673): dataChanged but no participant pkg='com.android.providers.settings' uid=10152
I/ActivityManager( 1673): Start proc com.htc.dockmode for broadcast com.htc.dockmode/.clock.NextAlarmReceiver: pid=7142 uid=10149 gids={3003, 3002, 3001}
D/ConnectivityService( 1673): getNetworkInfo(6) not avaliable
D/ConnectivityService( 1673): getNetworkInfo(6) not avaliable
V/DeviceStorageMonitorService( 1673): freeMemory=2098733056
D/DeviceStorageMonitorService( 1673): OoO SMS Memory available. SMS_AVAILABLE_THRESHOLD == 524288
I/DeviceStorageMonitorService( 1673): Posting Message again
I/ActivityManager( 1673): Process com.example.hellojni (pid 7099) has died.
I/WindowManager( 1673): WIN DEATH: Window{409f2688 com.example.hellojni/com.example.hellojni.HelloJni paused=false}
D/InputManagerService( 1673): Got RemoteException sending setActive(false) notification to pid 7099 uid 10167
W/InputManagerService( 1673): [startInputLocked] Enable input method client.
W/NotificationService( 1673): Object died trying to hide notification android.app.ITransientNotification$Stub$Proxy@40c3fc58 in package com.example.hellojni
W/ActivityManager( 1673): setProcessForeground called on unknown pid: 7099
I/ActivityManager( 1673): Starting activity: Intent { act=android.intent.action.MAIN cat=[android.intent.category.LAUNCHER] flg=0x10200000 cmp=com.example.hellojni/.HelloJni } from pid 1845
I/ActivityManager( 1673): Start proc com.example.hellojni for activity com.example.hellojni/.HelloJni: pid=7154 uid=10167 gids={1015, 3003}
W/InputManagerService( 1673): [unbindCurrentClientLocked] Disable input method client.
W/InputManagerService( 1673): [startInputLocked] Enable input method client.
D/StatusBarPolicy( 1816): iconIndex=1
V/StatusBarPolicy( 1816): cdmaLevel:3;max:4
D/StatusBarPolicy( 1816): iconLevel:3
D/StatusBarPolicy( 1816): iconIndex=1
V/StatusBarPolicy( 1816): cdmaLevel:4;max:4
D/StatusBarPolicy( 1816): iconLevel:4
V/DeviceStorageMonitorService( 1673): freeMemory=2098733056
D/DeviceStorageMonitorService( 1673): OoO SMS Memory available. SMS_AVAILABLE_THRESHOLD == 524288
I/DeviceStorageMonitorService( 1673): Posting Message again
I/ActivityManager( 1673): Process com.example.hellojni (pid 7154) has died.
I/WindowManager( 1673): WIN DEATH: Window{40dc1f10 com.example.hellojni/com.example.hellojni.HelloJni paused=false}
D/InputManagerService( 1673): Got RemoteException sending setActive(false) notification to pid 7154 uid 10167
W/InputManagerService( 1673): [startInputLocked] Enable input method client.
W/NotificationService( 1673): Object died trying to hide notification android.app.ITransientNotification$Stub$Proxy@40bbbfe0 in package com.example.hellojni
W/ActivityManager( 1673): setProcessForeground called on unknown pid: 7154
I/ActivityManager( 1673): Starting activity: Intent { act=android.intent.action.MAIN cat=[android.intent.category.LAUNCHER] flg=0x10200000 cmp=com.example.hellojni/.HelloJni } from pid 1845
I/ActivityManager( 1673): Start proc com.example.hellojni for activity com.example.hellojni/.HelloJni: pid=7162 uid=10167 gids={1015, 3003}
W/InputManagerService( 1673): [unbindCurrentClientLocked] Disable input method client.
W/InputManagerService( 1673): [startInputLocked] Enable input method client.
D/StatusBarPolicy( 1816): iconIndex=1
V/StatusBarPolicy( 1816): cdmaLevel:3;max:4
D/StatusBarPolicy( 1816): iconLevel:3
I/ActivityManager( 1673): Process com.example.hellojni (pid 7162) has died.
I/WindowManager( 1673): WIN DEATH: Window{40c02f60 com.example.hellojni/com.example.hellojni.HelloJni paused=false}
D/InputManagerService( 1673): Got RemoteException sending setActive(false) notification to pid 7162 uid 10167
W/InputManagerService( 1673): [startInputLocked] Enable input method client.
W/NotificationService( 1673): Object died trying to hide notification android.app.ITransientNotification$Stub$Proxy@40be1090 in package com.example.hellojni
W/ActivityManager( 1673): setProcessForeground called on unknown pid: 7162
D/StatusBarPolicy( 1816): iconIndex=1
V/StatusBarPolicy( 1816): cdmaLevel:3;max:4
D/StatusBarPolicy( 1816): iconLevel:3
V/NotificationService( 1673): Charging...
D/ConnectivityService( 1673): setMobileDataEnabled(true)
D/ConnectivityService( 1673): starting up 100000000000000000000 -> 100000000000000000000 : Mobile data state: IPV4=[state=DISCONNECTED, iface=null, mApnName=vzwinternet, mIpAddress=/10.183.85.164, mGateway=/10.183.85.165], IPV6=[state=DISCONNECTED, iface=null, mApnName=vzwinternet, mIpAddress=/2600:1000:b020:6448:3db3:dfba:23bc:608e, mGateway=localhost/::1](act=-1)
D/ConnectivityService( 1673): issue reconnect to special network:0
D/TelephonyRegistry( 1673): [QCTMM] notifyDataConnectionLTE
D/TelephonyRegistry( 1673): [QCTMM] to phonelistener anyDataConnectionState=0,tech=13
D/StatusBarPolicy( 1816): onDataConnectionStateChanged , state= 0, networkType= 13
D/StatusBarPolicy( 1816): hasService()=true ,mDataState=0 ,mPhone.htcModemLinkOn()=false ,mDataActivity=0
D/StatusBarPolicy( 1816): slotType[0]=RUIM
D/TelephonyRegistry( 1673): [QCTMM][BCST]---------------
D/TelephonyRegistry( 1673): [QCTMM][BCST] STATE_CHANGE_REASON_KEY(reason)=apnTypeEnabled
D/TelephonyRegistry( 1673): [QCTMM][BCST] DATA_APN_KEY(apn)=null,DATA_APN_TYPES_KEY=default
D/TelephonyRegistry( 1673): [QCTMM][BCST] STATE_KEY(state) we made v4/v6 =CONNECTING
D/TelephonyRegistry( 1673): [QCTMM][BCST] DATA_APN_TYPE_STATE(state) we made v4/v6 =CONNECTING
D/TelephonyRegistry( 1673): [QCTMM][BCST] DATA_IPVERSION_REAL_STATE_KEY(realipstate)=CONNECTING,ipVersion=IPV4
D/TelephonyRegistry( 1673): [QCTMM][BCST] ---------------
V/LocationManagerService( 1673): SettingsObserver(update): updateProvidersLocked
D/LocationManagerService( 1673): [updateProvidersLocked]
D/StatusBarPolicy( 1816): iconIndex=1
V/StatusBarPolicy( 1816): cdmaLevel:3;max:4
D/StatusBarPolicy( 1816): iconLevel:3
D/TelephonyRegistry( 1673): [QCTMM] notifyDataConnectionLTE
D/TelephonyRegistry( 1673): [QCTMM] to phonelistener anyDataConnectionState=2,tech=13
D/TelephonyRegistry( 1673): [QCTMM][BCST]---------------
D/TelephonyRegistry( 1673): [QCTMM][BCST] STATE_CHANGE_REASON_KEY(reason)=apnTypeEnabled
D/TelephonyRegistry( 1673): [QCTMM][BCST] DATA_APN_KEY(apn)=vzwinternet,DATA_APN_TYPES_KEY=default
D/TelephonyRegistry( 1673): [QCTMM][BCST] STATE_KEY(state) we made v4/v6 =CONNECTED
D/TelephonyRegistry( 1673): [QCTMM][BCST] DATA_APN_TYPE_STATE(state) we made v4/v6 =CONNECTED
D/TelephonyRegistry( 1673): [QCTMM][BCST] DATA_IPVERSION_REAL_STATE_KEY(realipstate)=CONNECTED,ipVersion=IPV4
D/TelephonyRegistry( 1673): [QCTMM][BCST] ---------------
D/StatusBarPolicy( 1816): onDataConnectionStateChanged , state= 2, networkType= 13
D/StatusBarPolicy( 1816): hasService()=true ,mDataState=2 ,mPhone.htcModemLinkOn()=false ,mDataActivity=0
D/StatusBarPolicy( 1816): slotType[0]=RUIM
D/StatusBarPolicy( 1816): mDataIconVisible = false, set visibility of 3g icon = false
D/StatusBarPolicy( 1816): mDataIconVisible != visible
D/StatusBarPolicy( 1816): hasService()=true ,mDataState=2 ,mPhone.htcModemLinkOn()=false ,mDataActivity=0
D/StatusBarPolicy( 1816): slotType[0]=RUIM
I/ActivityManager( 1673): Starting activity: Intent { act=android.intent.action.MAIN cat=[android.intent.category.HOME] flg=0x10200000 cmp=com.htc.launcher/.Launcher } from pid 1673
D/ConnectivityService( 1673): [embedded] ConnectivityChange for mobile: CONNECTED/CONNECTED, default=-1
D/ConnectivityService( 1673): adding dns 66.174.95.44 for mobile
D/ConnectivityService( 1673): adding dns 66.174.71.33 for mobile
V/NotificationService( 1673): Charging...
I/ActivityManager( 1673): Start proc com.htc.reportagent for broadcast com.htc.reportagent/.receiver.ReportAgentReceiver: pid=7215 uid=10145 gids={3003, 1007}
D/StatusBarPolicy( 1816): hasService()=true ,mDataState=2 ,mPhone.htcModemLinkOn()=false ,mDataActivity=0
D/StatusBarPolicy( 1816): slotType[0]=RUIM
D/StatusBarPolicy( 1816): iconIndex=1
D/LocationManagerService( 1673): ConnectivityChange for mobile:CONNECTED
V/StatusBarPolicy( 1816): cdmaLevel:3;max:4
D/StatusBarPolicy( 1816): iconLevel:3
D/InputManagerService( 1673): Window already focused, ignoring focus gain of: com.android.internal.view.IInputMethodClient$Stub$Proxy@40bd5db8
D/TelephonyRegistry( 1673): [QCTMM] notifyDataConnectionLTE
D/TelephonyRegistry( 1673): [QCTMM] to phonelistener anyDataConnectionState=2,tech=13
D/TelephonyRegistry( 1673): [QCTMM][BCST]---------------
D/TelephonyRegistry( 1673): [QCTMM][BCST] STATE_CHANGE_REASON_KEY(reason)=apnTypeEnabled
D/TelephonyRegistry( 1673): [QCTMM][BCST] DATA_APN_KEY(apn)=null,DATA_APN_TYPES_KEY=default
D/TelephonyRegistry( 1673): [QCTMM][BCST] STATE_KEY(state) we made v4/v6 =CONNECTED
D/TelephonyRegistry( 1673): [QCTMM][BCST] DATA_APN_TYPE_STATE(state) we made v4/v6 =CONNECTED
D/TelephonyRegistry( 1673): [QCTMM][BCST] DATA_IPVERSION_REAL_STATE_KEY(realipstate)=CONNECTING,ipVersion=IPV6
D/TelephonyRegistry( 1673): [QCTMM][BCST] ---------------
D/StatusBarPolicy( 1816): onDataConnectionStateChanged , state= 2, networkType= 13
D/StatusBarPolicy( 1816): hasService()=true ,mDataState=2 ,mPhone.htcModemLinkOn()=false ,mDataActivity=0
D/StatusBarPolicy( 1816): slotType[0]=RUIM
D/StatusBarPolicy( 1816): iconIndex=1
V/StatusBarPolicy( 1816): cdmaLevel:3;max:4
D/StatusBarPolicy( 1816): iconLevel:3
I/ActivityManager( 1673): Start proc com.htc.htcMessageUploader for broadcast com.htc.htcMessageUploader/.UploadMessageReceiver: pid=7235 uid=10059 gids={3003}
D/Socket_Alarm( 7235): registerHTCSocketMonitorCallBack
D/StatusBarPolicy( 1816): hasService()=true ,mDataState=2 ,mPhone.htcModemLinkOn()=false ,mDataActivity=3
D/StatusBarPolicy( 1816): slotType[0]=RUIM
I/ActivityManager( 1673): Start proc com.vznavigator.ADR6400L for broadcast com.vznavigator.ADR6400L/com.navbuilder.app.atlasbook.core.receiver.NetworkStatusReciever: pid=7248 uid=10073 gids={3003, 1015, 3002}
D/Socket_Alarm( 7235): set mSocketMonitor
D/Socket_Alarm( 7235): HTCSocketMonitorImpl::HTCSocketMonitorImpl
D/PerformBackupThread( 1673): starting agent for backup of BackupRequest{app=ApplicationInfo{4086f310 com.android.providers.settings} full=false}
D/BackupManagerService( 1673): awaiting agent for ApplicationInfo{4086f310 com.android.providers.settings}
D/BackupManagerService( 1673): agentConnected pkg=com.android.providers.settings agent=android.app.backup.BackupAgent$BackupServiceBinder@40c5a368
D/StatusBarPolicy( 1816): iconIndex=1
V/StatusBarPolicy( 1816): cdmaLevel:3;max:4
D/StatusBarPolicy( 1816): iconLevel:3
I/ActivityManager( 1673): Process com.vznavigator.ADR6400L (pid 7248) has died.
I/ActivityManager( 1673): Start proc com.google.android.apps.docs for broadcast com.google.android.apps.docs/.receivers.NetworkChangeReceiver: pid=7262 uid=10135 gids={3003, 1015, 1006}
D/StatusBarPolicy( 1816): hasService()=true ,mDataState=2 ,mPhone.htcModemLinkOn()=false ,mDataActivity=0
D/StatusBarPolicy( 1816): slotType[0]=RUIM
D/TelephonyRegistry( 1673): [QCTMM] notifyDataConnectionLTE
D/TelephonyRegistry( 1673): [QCTMM] to phonelistener anyDataConnectionState=2,tech=13
D/StatusBarPolicy( 1816): onDataConnectionStateChanged , state= 2, networkType= 13
D/TelephonyRegistry( 1673): [QCTMM][BCST]---------------
D/TelephonyRegistry( 1673): [QCTMM][BCST] STATE_CHANGE_REASON_KEY(reason)=apnTypeEnabled
D/TelephonyRegistry( 1673): [QCTMM][BCST] DATA_APN_KEY(apn)=vzwinternet,DATA_APN_TYPES_KEY=default
D/TelephonyRegistry( 1673): [QCTMM][BCST] STATE_KEY(state) we made v4/v6 =CONNECTED
D/TelephonyRegistry( 1673): [QCTMM][BCST] DATA_APN_TYPE_STATE(state) we made v4/v6 =CONNECTED
D/TelephonyRegistry( 1673): [QCTMM][BCST] DATA_IPVERSION_REAL_STATE_KEY(realipstate)=CONNECTED,ipVersion=IPV6
D/TelephonyRegistry( 1673): [QCTMM][BCST] ---------------
D/StatusBarPolicy( 1816): hasService()=true ,mDataState=2 ,mPhone.htcModemLinkOn()=false ,mDataActivity=0
D/StatusBarPolicy( 1816): slotType[0]=RUIM
D/ConnectivityService( 1673): [embedded] ConnectivityChange for mobile: CONNECTED/CONNECTED, default=0
D/ConnectivityService( 1673): adding dns 66.174.95.44 for mobile
D/ConnectivityService( 1673): adding dns 66.174.71.33 for mobile
D/StatusBarPolicy( 1816): hasService()=true ,mDataState=2 ,mPhone.htcModemLinkOn()=false ,mDataActivity=0
D/StatusBarPolicy( 1816): slotType[0]=RUIM
D/LocationManagerService( 1673): ConnectivityChange for mobile:CONNECTED
D/StatusBarPolicy( 1816): iconIndex=1
V/StatusBarPolicy( 1816): cdmaLevel:3;max:4
D/StatusBarPolicy( 1816): iconLevel:3
D/StatusBarPolicy( 1816): hasService()=true ,mDataState=2 ,mPhone.htcModemLinkOn()=false ,mDataActivity=3
D/StatusBarPolicy( 1816): slotType[0]=RUIM
I/ActivityManager( 1673): Start proc com.skype.android.verizon for broadcast com.skype.android.verizon/.receiver.ConnectivityReceiver: pid=7302 uid=10120 gids={3003, 1015}
D/StatusBarPolicy( 1816): iconIndex=1
V/StatusBarPolicy( 1816): cdmaLevel:4;max:4
D/StatusBarPolicy( 1816): iconLevel:4
D/StatusBarPolicy( 1816): iconIndex=1
V/StatusBarPolicy( 1816): cdmaLevel:4;max:4
D/StatusBarPolicy( 1816): iconLevel:4
I/ActivityManager( 1673): Start proc com.htc.android.Stock for service com.htc.android.Stock/.StockAccountService: pid=7313 uid=10008 gids={3003, 1006, 1015, 2001}
I/ActivityManager( 1673): Start proc com.vznavigator.ADR6400L for broadcast com.vznavigator.ADR6400L/com.navbuilder.app.atlasbook.core.receiver.NetworkStatusReciever: pid=7330 uid=10073 gids={3003, 1015, 3002}
V/BackupManagerService( 1673): Backup requested but nothing pending
I/ActivityManager( 1673): Process com.vznavigator.ADR6400L (pid 7330) has died.
V/DeviceStorageMonitorService( 1673): freeMemory=2098847744
D/DeviceStorageMonitorService( 1673): OoO SMS Memory available. SMS_AVAILABLE_THRESHOLD == 524288
I/DeviceStorageMonitorService( 1673): Posting Message again
D/StatusBarPolicy( 1816): hasService()=true ,mDataState=2 ,mPhone.htcModemLinkOn()=false ,mDataActivity=0
D/StatusBarPolicy( 1816): slotType[0]=RUIM
D/StatusBarPolicy( 1816): hasService()=true ,mDataState=2 ,mPhone.htcModemLinkOn()=false ,mDataActivity=3
D/StatusBarPolicy( 1816): slotType[0]=RUIM
D/StatusBarPolicy( 1816): hasService()=true ,mDataState=2 ,mPhone.htcModemLinkOn()=false ,mDataActivity=0
D/StatusBarPolicy( 1816): slotType[0]=RUIM
D/StatusBarPolicy( 1816): hasService()=true ,mDataState=2 ,mPhone.htcModemLinkOn()=false ,mDataActivity=3
D/StatusBarPolicy( 1816): slotType[0]=RUIM
D/StatusBarPolicy( 1816): hasService()=true ,mDataState=2 ,mPhone.htcModemLinkOn()=false ,mDataActivity=0
D/StatusBarPolicy( 1816): slotType[0]=RUIM
D/StatusBarPolicy( 1816): hasService()=true ,mDataState=2 ,mPhone.htcModemLinkOn()=false ,mDataActivity=3
D/StatusBarPolicy( 1816): slotType[0]=RUIM
D/WifiService( 1673): acquireWifiLockLocked: WifiLock{MAIL_WIFI_LOCK type=1 binder=android.os.BinderProxy@40c036f0} Mode: 1
D/WifiService( 1673): disable wifi due to updateWifiState
D/StatusBarPolicy( 1816): hasService()=true ,mDataState=2 ,mPhone.htcModemLinkOn()=false ,mDataActivity=2
D/StatusBarPolicy( 1816): slotType[0]=RUIM
D/StatusBarPolicy( 1816): hasService()=true ,mDataState=2 ,mPhone.htcModemLinkOn()=false ,mDataActivity=3
D/StatusBarPolicy( 1816): slotType[0]=RUIM
D/WifiService( 1673): releaseWifiLockLocked: WifiLock{MAIL_WIFI_LOCK type=1 binder=android.os.BinderProxy@40c036f0} Mode: 1
D/WifiService( 1673): disable wifi due to updateWifiState
D/WifiService( 1673): acquireWifiLockLocked: WifiLock{DocsSyncAdapter type=1 binder=android.os.BinderProxy@40b914b8} Mode: 1
D/WifiService( 1673): disable wifi due to updateWifiState
D/WifiService( 1673): releaseWifiLockLocked: WifiLock{DocsSyncAdapter type=1 binder=android.os.BinderProxy@40b914b8} Mode: 1
D/WifiService( 1673): disable wifi due to updateWifiState
D/StatusBarPolicy( 1816): hasService()=true ,mDataState=2 ,mPhone.htcModemLinkOn()=false ,mDataActivity=0
D/StatusBarPolicy( 1816): slotType[0]=RUIM
D/StatusBarPolicy( 1816): hasService()=true ,mDataState=2 ,mPhone.htcModemLinkOn()=false ,mDataActivity=0
D/StatusBarPolicy( 1816): slotType[0]=RUIM
D/StatusBarPolicy( 1816): hasService()=true ,mDataState=2 ,mPhone.htcModemLinkOn()=false ,mDataActivity=2
D/StatusBarPolicy( 1816): slotType[0]=RUIM
D/StatusBarPolicy( 1816): hasService()=true ,mDataState=2 ,mPhone.htcModemLinkOn()=false ,mDataActivity=0
D/StatusBarPolicy( 1816): slotType[0]=RUIM
D/StatusBarPolicy( 1816): hasService()=true ,mDataState=2 ,mPhone.htcModemLinkOn()=false ,mDataActivity=3
D/StatusBarPolicy( 1816): slotType[0]=RUIM
D/StatusBarPolicy( 1816): hasService()=true ,mDataState=2 ,mPhone.htcModemLinkOn()=false ,mDataActivity=3
D/StatusBarPolicy( 1816): slotType[0]=RUIM
D/StatusBarPolicy( 1816): iconIndex=1
V/StatusBarPolicy( 1816): cdmaLevel:4;max:4
D/StatusBarPolicy( 1816): iconLevel:4
D/StatusBarPolicy( 1816): hasService()=true ,mDataState=2 ,mPhone.htcModemLinkOn()=false ,mDataActivity=0
D/StatusBarPolicy( 1816): slotType[0]=RUIM
V/NotificationService( 1673): Charging...
I/ActivityManager( 1673): Starting activity: Intent { act=android.intent.action.MAIN cat=[android.intent.category.LAUNCHER] flg=0x10100000 cmp=com.example.hellojni/.HelloJni } from pid 1816
I/ActivityManager( 1673): Start proc com.example.hellojni for activity com.example.hellojni/.HelloJni: pid=7400 uid=10167 gids={1015, 3003}
V/NotificationService( 1673): Charging...
D/StatusBarPolicy( 1816): hasService()=true ,mDataState=2 ,mPhone.htcModemLinkOn()=false ,mDataActivity=0
D/StatusBarPolicy( 1816): slotType[0]=RUIM
W/InputManagerService( 1673): [unbindCurrentClientLocked] Disable input method client.
W/InputManagerService( 1673): [startInputLocked] Enable input method client.
D/StatusBarPolicy( 1816): hasService()=true ,mDataState=2 ,mPhone.htcModemLinkOn()=false ,mDataActivity=0
D/StatusBarPolicy( 1816): slotType[0]=RUIM
D/StatusBarPolicy( 1816): hasService()=true ,mDataState=2 ,mPhone.htcModemLinkOn()=false ,mDataActivity=2
D/StatusBarPolicy( 1816): slotType[0]=RUIM
D/StatusBarPolicy( 1816): hasService()=true ,mDataState=2 ,mPhone.htcModemLinkOn()=false ,mDataActivity=0
D/StatusBarPolicy( 1816): slotType[0]=RUIM
V/DeviceStorageMonitorService( 1673): freeMemory=2098769920
D/DeviceStorageMonitorService( 1673): OoO SMS Memory available. SMS_AVAILABLE_THRESHOLD == 524288
I/DeviceStorageMonitorService( 1673): Posting Message again
D/StatusBarPolicy( 1816): hasService()=true ,mDataState=2 ,mPhone.htcModemLinkOn()=false ,mDataActivity=0
D/StatusBarPolicy( 1816): slotType[0]=RUIM
W/ActivityManager( 1673): No content provider found for: 
W/ActivityManager( 1673): No content provider found for: 
I/ActivityManager( 1673): Force stopping package com.example.hellojni uid=10167
I/WindowManager( 1673): WIN DEATH: Window{40579538 com.example.hellojni/com.example.hellojni.HelloJni paused=false}
I/PackageManager( 1673): Package com.example.hellojni codePath changed from /data/app/com.example.hellojni-1.apk to /data/app/com.example.hellojni-2.apk; Retaining data and using new
I/PackageManager( 1673): Unpacking native libraries for /data/app/com.example.hellojni-2.apk
D/InputManagerService( 1673): Got RemoteException sending setActive(false) notification to pid 7400 uid 10167
W/InputManagerService( 1673): [startInputLocked] Enable input method client.
I/ActivityManager( 1673): Force stopping package com.example.hellojni uid=10167
W/PackageManager( 1673): Code path for pkg : com.example.hellojni changing from /data/app/com.example.hellojni-1.apk to /data/app/com.example.hellojni-2.apk
W/PackageManager( 1673): Resource path for pkg : com.example.hellojni changing from /data/app/com.example.hellojni-1.apk to /data/app/com.example.hellojni-2.apk
I/ActivityManager( 1673): Force stopping package com.example.hellojni uid=10167
V/NotificationService( 1673): Charging...
I/ActivityManager( 1673): Start proc com.htc.providers.settings:remote for content provider com.htc.providers.settings/.HtcPreferredAppProvider: pid=7431 uid=10160 gids={}
V/NotificationService( 1673): Charging...
V/NotificationService( 1673): Charging...
I/ActivityManager( 1673): No longer want com.skype.raider (pid 2553): hidden #16
I/ActivityManager( 1673): No longer want com.htc.android.mail (pid 2850): hidden #16
V/NotificationService( 1673): Charging...
V/NotificationService( 1673): Charging...
V/LocationManagerService( 1673): requestLocationUpdatesLocked: updateProvidersLocked
D/LocationManagerService( 1673): [updateProvidersLocked]
V/LocationManagerService( 1673): requestLocationUpdatesLocked: updateProvidersLocked
D/LocationManagerService( 1673): [updateProvidersLocked]
I/PackageManager( 1673):  setEnabledSetting(), pkgName=com.google.android.apps.maps, clsName=com.google.android.maps.driveabout.app.DestinationActivity, state=1, flag=1, pid=2626, uid=10013
I/PackageManager( 1673): Adding preferred activity ComponentInfo{com.htc.streamplayer/com.htc.streamplayer.VideoPlayerActivity}:
I/PackageManager( 1673): Adding preferred activity ComponentInfo{com.htc.streamplayer/com.htc.streamplayer.VideoPlayerActivity}:
I/PackageManager( 1673): Adding preferred activity ComponentInfo{com.htc.streamplayer/com.htc.streamplayer.VideoPlayerActivity}:
I/PackageManager( 1673): Adding preferred activity ComponentInfo{com.htc.streamplayer/com.htc.streamplayer.VideoPlayerActivity}:
D/StatusBarPolicy( 1816): hasService()=true ,mDataState=2 ,mPhone.htcModemLinkOn()=false ,mDataActivity=0
D/StatusBarPolicy( 1816): slotType[0]=RUIM
I/PackageManager( 1673): Adding preferred activity ComponentInfo{com.htc.streamplayer/com.htc.streamplayer.VideoPlayerActivity}:
I/PackageManager( 1673): Adding preferred activity ComponentInfo{com.htc.streamplayer/com.htc.streamplayer.VideoPlayerActivity}:
I/ActivityManager( 1673): Starting activity: Intent { act=android.intent.action.MAIN cat=[android.intent.category.LAUNCHER] flg=0x10100000 cmp=com.example.hellojni/.HelloJni } from pid 1816
I/ActivityManager( 1673): Start proc com.example.hellojni for activity com.example.hellojni/.HelloJni: pid=7443 uid=10167 gids={1015, 3003}
D/StatusBarPolicy( 1816): hasService()=true ,mDataState=2 ,mPhone.htcModemLinkOn()=false ,mDataActivity=3
D/StatusBarPolicy( 1816): slotType[0]=RUIM
V/NotificationService( 1673): Charging...
W/InputManagerService( 1673): [unbindCurrentClientLocked] Disable input method client.
W/InputManagerService( 1673): [startInputLocked] Enable input method client.
I/PackageManager( 1673): Adding preferred activity ComponentInfo{com.htc.streamplayer/com.htc.streamplayer.VideoPlayerActivity}:
I/PackageManager( 1673): Adding preferred activity ComponentInfo{com.htc.streamplayer/com.htc.streamplayer.VideoPlayerActivity}:
I/PackageManager( 1673): Adding preferred activity ComponentInfo{com.htc.streamplayer/com.htc.streamplayer.VideoPlayerActivity}:
I/PackageManager( 1673): Adding preferred activity ComponentInfo{com.htc.streamplayer/com.htc.streamplayer.VideoPlayerActivity}:
I/PackageManager( 1673): Adding preferred activity ComponentInfo{com.htc.streamplayer/com.htc.streamplayer.VideoPlayerActivity}:
I/PackageManager( 1673): Adding preferred activity ComponentInfo{com.htc.streamplayer/com.htc.streamplayer.VideoPlayerActivity}:
I/PackageManager( 1673): Adding preferred activity ComponentInfo{com.htc.streamplayer/com.htc.streamplayer.VideoPlayerActivity}:
I/PackageManager( 1673): Adding preferred activity ComponentInfo{com.htc.streamplayer/com.htc.streamplayer.VideoPlayerActivity}:
I/PackageManager( 1673): Adding preferred activity ComponentInfo{com.htc.streamplayer/com.htc.streamplayer.VideoPlayerActivity}:
I/PackageManager( 1673): Adding preferred activity ComponentInfo{com.htc.streamplayer/com.htc.streamplayer.VideoPlayerActivity}:
I/PackageManager( 1673): Adding preferred activity ComponentInfo{com.htc.streamplayer/com.htc.streamplayer.VideoPlayerActivity}:
I/PackageManager( 1673): Adding preferred activity ComponentInfo{com.htc.streamplayer/com.htc.streamplayer.VideoPlayerActivity}:
I/ActivityManager( 1673): No longer want com.android.defcontainer (pid 6880): hidden #16
I/PackageManager( 1673): Adding preferred activity ComponentInfo{com.google.android.apps.maps/com.google.android.maps.MapsActivity}:
I/PackageManager( 1673): Adding preferred activity ComponentInfo{com.google.android.apps.maps/com.google.android.maps.MapsActivity}:
I/PackageManager( 1673): Adding preferred activity ComponentInfo{com.google.android.apps.maps/com.google.android.maps.MapsActivity}:
I/PackageManager( 1673): Adding preferred activity ComponentInfo{com.google.android.apps.maps/com.google.android.maps.MapsActivity}:
I/PackageManager( 1673): Adding preferred activity ComponentInfo{com.google.android.apps.maps/com.google.android.maps.MapsActivity}:
I/PackageManager( 1673): Adding preferred activity ComponentInfo{com.google.android.apps.maps/com.google.android.maps.MapsActivity}:
I/PackageManager( 1673): Adding preferred activity ComponentInfo{com.google.android.apps.maps/com.google.android.maps.MapsActivity}:
I/PackageManager( 1673): Adding preferred activity ComponentInfo{com.google.android.apps.maps/com.google.android.maps.MapsActivity}:
I/ActivityManager( 1673): No longer want com.viber.voip:contacts (pid 3312): hidden #16
I/PackageManager( 1673): Adding preferred activity ComponentInfo{com.android.htcdialer/com.android.htcdialer.Dialer}:
I/PackageManager( 1673): Adding preferred activity ComponentInfo{com.android.htcdialer/com.android.htcdialer.Dialer}:
I/PackageManager( 1673): Adding preferred activity ComponentInfo{com.android.htcdialer/com.android.htcdialer.Dialer}:
I/PackageManager( 1673): Adding preferred activity ComponentInfo{com.android.htcdialer/com.android.htcdialer.Dialer}:
I/PackageManager( 1673): Adding preferred activity ComponentInfo{com.android.htcdialer/com.android.htcdialer.Dialer}:
I/PackageManager( 1673): Adding preferred activity ComponentInfo{com.android.htcdialer/com.android.htcdialer.Dialer}:
D/StatusBarPolicy( 1816): hasService()=true ,mDataState=2 ,mPhone.htcModemLinkOn()=false ,mDataActivity=0
D/StatusBarPolicy( 1816): slotType[0]=RUIM
I/PackageManager( 1673): Adding preferred activity ComponentInfo{com.htc.android.mail/com.htc.android.mail.ComposeActivity}:
I/PackageManager( 1673): Adding preferred activity ComponentInfo{com.htc.android.mail/com.htc.android.mail.ComposeActivity}:
I/PackageManager( 1673): Adding preferred activity ComponentInfo{com.android.browser/com.android.browser.BrowserActivity}:
I/PackageManager( 1673): Adding preferred activity ComponentInfo{com.htc.streamplayer/com.htc.streamplayer.VideoPlayerActivity}:
I/PackageManager( 1673): Adding preferred activity ComponentInfo{com.htc.streamplayer/com.htc.streamplayer.VideoPlayerActivity}:
I/PackageManager( 1673): Adding preferred activity ComponentInfo{com.htc.streamplayer/com.htc.streamplayer.VideoPlayerActivity}:
I/PackageManager( 1673): Adding preferred activity ComponentInfo{com.htc.streamplayer/com.htc.streamplayer.VideoPlayerActivity}:
I/PackageManager( 1673): Adding preferred activity ComponentInfo{com.htc.streamplayer/com.htc.streamplayer.VideoPlayerActivity}:
I/PackageManager( 1673): Adding preferred activity ComponentInfo{com.htc.streamplayer/com.htc.streamplayer.VideoPlayerActivity}:
I/PackageManager( 1673): Adding preferred activity ComponentInfo{com.htc.streamplayer/com.htc.streamplayer.VideoPlayerActivity}:
I/PackageManager( 1673): Adding preferred activity ComponentInfo{com.htc.streamplayer/com.htc.streamplayer.VideoPlayerActivity}:
