E/TrafficStats( 1673): [QCTMM]tryAll index=1
E/TrafficStats( 1673): [QCTMM]tryAll index=2
D/DATA    ( 1860): [QCTMM] DataNetStatistics sent == 0 && received == 0 newActivity=NONE
D/DATA    ( 1860): sentSinceLastRecv=0,watchdogTrigger=10,maxindex=0
E/TrafficStats( 1673): [QCTMM]tryAll index=1
E/TrafficStats( 1673): [QCTMM]tryAll index=2
E/TrafficStats( 1673): [QCTMM]tryAll index=1
E/TrafficStats( 1673): [QCTMM]tryAll index=2
D/DATA    ( 1860): [QCTMM] DataNetStatistics sent == 0 && received == 0 newActivity=NONE
D/DATA    ( 1860): sentSinceLastRecv=0,watchdogTrigger=10,maxindex=0
E/TrafficStats( 1673): [QCTMM]tryAll index=1
E/TrafficStats( 1673): [QCTMM]tryAll index=2
E/TrafficStats( 1673): [QCTMM]tryAll index=1
E/TrafficStats( 1673): [QCTMM]tryAll index=2
D/DATA    ( 1860): [QCTMM] DataNetStatistics sent == 0 && received == 0 newActivity=NONE
D/DATA    ( 1860): sentSinceLastRecv=0,watchdogTrigger=10,maxindex=0
E/TrafficStats( 1673): [QCTMM]tryAll index=1
E/TrafficStats( 1673): [QCTMM]tryAll index=2
E/TrafficStats( 1673): [QCTMM]tryAll index=1
E/TrafficStats( 1673): [QCTMM]tryAll index=2
D/DATA    ( 1860): [QCTMM] DataNetStatistics sent == 0 && received == 0 newActivity=NONE
D/DATA    ( 1860): sentSinceLastRecv=0,watchdogTrigger=10,maxindex=0
E/TrafficStats( 1673): [QCTMM]tryAll index=1
E/TrafficStats( 1673): [QCTMM]tryAll index=2
E/TrafficStats( 1673): [QCTMM]tryAll index=1
E/TrafficStats( 1673): [QCTMM]tryAll index=2
D/DATA    ( 1860): [QCTMM] DataNetStatistics sent == 0 && received == 0 newActivity=NONE
D/DATA    ( 1860): sentSinceLastRecv=0,watchdogTrigger=10,maxindex=0
E/TrafficStats( 1673): [QCTMM]tryAll index=1
E/TrafficStats( 1673): [QCTMM]tryAll index=2
E/TrafficStats( 1673): [QCTMM]tryAll index=1
E/TrafficStats( 1673): [QCTMM]tryAll index=2
D/DATA    ( 1860): [QCTMM] DataNetStatistics sent == 0 && received == 0 newActivity=NONE
D/DATA    ( 1860): sentSinceLastRecv=0,watchdogTrigger=10,maxindex=0
E/TrafficStats( 6963): [QCTMM]tryAll index=1
E/TrafficStats( 6963): [QCTMM]tryAll index=2
E/TrafficStats( 6963): [QCTMM]tryAll index=1
E/TrafficStats( 6963): [QCTMM]tryAll index=2
E/TrafficStats( 6963): [QCTMM]tryAll index=1
E/TrafficStats( 6963): [QCTMM]tryAll index=2
E/TrafficStats( 6963): [QCTMM]tryAll index=1
E/TrafficStats( 6963): [QCTMM]tryAll index=2
E/TrafficStats( 1673): [QCTMM]tryAll index=1
E/TrafficStats( 1673): [QCTMM]tryAll index=2
E/TrafficStats( 1673): [QCTMM]tryAll index=1
E/TrafficStats( 1673): [QCTMM]tryAll index=2
D/DATA    ( 1860): [QCTMM] DataNetStatistics sent == 0 && received == 0 newActivity=NONE
D/DATA    ( 1860): sentSinceLastRecv=0,watchdogTrigger=10,maxindex=0
E/TrafficStats( 1673): [QCTMM]tryAll index=1
E/TrafficStats( 1673): [QCTMM]tryAll index=2
E/TrafficStats( 1673): [QCTMM]tryAll index=1
E/TrafficStats( 1673): [QCTMM]tryAll index=2
D/DATA    ( 1860): [QCTMM] DataNetStatistics sent == 0 && received == 0 newActivity=NONE
D/DATA    ( 1860): sentSinceLastRecv=0,watchdogTrigger=10,maxindex=0
E/TrafficStats( 1673): [QCTMM]tryAll index=1
E/TrafficStats( 1673): [QCTMM]tryAll index=2
E/TrafficStats( 1673): [QCTMM]tryAll index=1
E/TrafficStats( 1673): [QCTMM]tryAll index=2
D/DATA    ( 1860): [QCTMM] DataNetStatistics sent == 0 && received == 0 newActivity=NONE
D/DATA    ( 1860): sentSinceLastRecv=0,watchdogTrigger=10,maxindex=0
E/TrafficStats( 1673): [QCTMM]tryAll index=1
E/TrafficStats( 1673): [QCTMM]tryAll index=2
E/TrafficStats( 1673): [QCTMM]tryAll index=1
E/TrafficStats( 1673): [QCTMM]tryAll index=2
D/DATA    ( 1860): [QCTMM] DataNetStatistics sent == 0 && received == 0 newActivity=NONE
D/DATA    ( 1860): sentSinceLastRecv=0,watchdogTrigger=10,maxindex=0
E/TrafficStats( 1673): [QCTMM]tryAll index=1
E/TrafficStats( 1673): [QCTMM]tryAll index=2
E/TrafficStats( 1673): [QCTMM]tryAll index=1
E/TrafficStats( 1673): [QCTMM]tryAll index=2
D/DATA    ( 1860): [QCTMM] DataNetStatistics sent == 0 && received == 0 newActivity=NONE
D/DATA    ( 1860): sentSinceLastRecv=0,watchdogTrigger=10,maxindex=0
E/TrafficStats( 1673): [QCTMM]tryAll index=1
E/TrafficStats( 1673): [QCTMM]tryAll index=2
E/TrafficStats( 1673): [QCTMM]tryAll index=1
E/TrafficStats( 1673): [QCTMM]tryAll index=2
D/DATA    ( 1860): [QCTMM] DataNetStatistics sent == 0 && received == 0 newActivity=NONE
D/DATA    ( 1860): sentSinceLastRecv=0,watchdogTrigger=10,maxindex=0
E/TrafficStats( 1673): [QCTMM]tryAll index=1
E/TrafficStats( 1673): [QCTMM]tryAll index=2
E/TrafficStats( 1673): [QCTMM]tryAll index=1
E/TrafficStats( 1673): [QCTMM]tryAll index=2
D/DATA    ( 1860): [QCTMM] DataNetStatistics sent == 0 && received == 0 newActivity=NONE
D/DATA    ( 1860): sentSinceLastRecv=0,watchdogTrigger=10,maxindex=0
E/TrafficStats( 6963): [QCTMM]tryAll index=1
E/TrafficStats( 6963): [QCTMM]tryAll index=2
E/TrafficStats( 6963): [QCTMM]tryAll index=1
E/TrafficStats( 6963): [QCTMM]tryAll index=2
E/TrafficStats( 6963): [QCTMM]tryAll index=1
E/TrafficStats( 6963): [QCTMM]tryAll index=2
E/TrafficStats( 6963): [QCTMM]tryAll index=1
E/TrafficStats( 6963): [QCTMM]tryAll index=2
E/TrafficStats( 1673): [QCTMM]tryAll index=1
E/TrafficStats( 1673): [QCTMM]tryAll index=2
E/TrafficStats( 1673): [QCTMM]tryAll index=1
E/TrafficStats( 1673): [QCTMM]tryAll index=2
D/DATA    ( 1860): [QCTMM] DataNetStatistics sent == 0 && received == 0 newActivity=NONE
D/DATA    ( 1860): sentSinceLastRecv=0,watchdogTrigger=10,maxindex=0
E/TrafficStats( 1673): [QCTMM]tryAll index=1
E/TrafficStats( 1673): [QCTMM]tryAll index=2
E/TrafficStats( 1673): [QCTMM]tryAll index=1
E/TrafficStats( 1673): [QCTMM]tryAll index=2
D/DATA    ( 1860): [QCTMM] DataNetStatistics sent == 0 && received == 0 newActivity=NONE
D/DATA    ( 1860): sentSinceLastRecv=0,watchdogTrigger=10,maxindex=0
E/TrafficStats( 1673): [QCTMM]tryAll index=1
E/TrafficStats( 1673): [QCTMM]tryAll index=2
E/TrafficStats( 1673): [QCTMM]tryAll index=1
E/TrafficStats( 1673): [QCTMM]tryAll index=2
D/DATA    ( 1860): [QCTMM] DataNetStatistics sent == 0 && received == 0 newActivity=NONE
D/DATA    ( 1860): sentSinceLastRecv=0,watchdogTrigger=10,maxindex=0
E/TrafficStats( 1673): [QCTMM]tryAll index=1
E/TrafficStats( 1673): [QCTMM]tryAll index=2
E/TrafficStats( 1673): [QCTMM]tryAll index=1
E/TrafficStats( 1673): [QCTMM]tryAll index=2
D/DATA    ( 1860): [QCTMM] DataNetStatistics sent == 0 && received == 0 newActivity=NONE
D/DATA    ( 1860): sentSinceLastRecv=0,watchdogTrigger=10,maxindex=0
E/TrafficStats( 1673): [QCTMM]tryAll index=1
E/TrafficStats( 1673): [QCTMM]tryAll index=2
E/TrafficStats( 1673): [QCTMM]tryAll index=1
E/TrafficStats( 1673): [QCTMM]tryAll index=2
D/DATA    ( 1860): [QCTMM] DataNetStatistics sent == 0 && received == 0 newActivity=NONE
D/DATA    ( 1860): sentSinceLastRecv=0,watchdogTrigger=10,maxindex=0
E/TrafficStats( 6963): [QCTMM]tryAll index=1
E/TrafficStats( 6963): [QCTMM]tryAll index=2
E/TrafficStats( 6963): [QCTMM]tryAll index=1
E/TrafficStats( 6963): [QCTMM]tryAll index=2
E/TrafficStats( 6963): [QCTMM]tryAll index=1
E/TrafficStats( 6963): [QCTMM]tryAll index=2
E/TrafficStats( 6963): [QCTMM]tryAll index=1
E/TrafficStats( 6963): [QCTMM]tryAll index=2
E/TrafficStats( 1673): [QCTMM]tryAll index=1
E/TrafficStats( 1673): [QCTMM]tryAll index=2
E/TrafficStats( 1673): [QCTMM]tryAll index=1
E/TrafficStats( 1673): [QCTMM]tryAll index=2
D/DATA    ( 1860): [QCTMM] DataNetStatistics sent == 0 && received == 0 newActivity=NONE
D/DATA    ( 1860): sentSinceLastRecv=0,watchdogTrigger=10,maxindex=0
E/TrafficStats( 1673): [QCTMM]tryAll index=1
E/TrafficStats( 1673): [QCTMM]tryAll index=2
E/TrafficStats( 1673): [QCTMM]tryAll index=1
E/TrafficStats( 1673): [QCTMM]tryAll index=2
D/DATA    ( 1860): [QCTMM] DataNetStatistics sent == 0 && received == 0 newActivity=NONE
D/DATA    ( 1860): sentSinceLastRecv=0,watchdogTrigger=10,maxindex=0
E/TrafficStats( 1673): [QCTMM]tryAll index=1
E/TrafficStats( 1673): [QCTMM]tryAll index=2
E/TrafficStats( 1673): [QCTMM]tryAll index=1
E/TrafficStats( 1673): [QCTMM]tryAll index=2
D/DATA    ( 1860): [QCTMM] DataNetStatistics sent == 0 && received == 0 newActivity=NONE
D/DATA    ( 1860): sentSinceLastRecv=0,watchdogTrigger=10,maxindex=0
E/TrafficStats( 1673): [QCTMM]tryAll index=1
E/TrafficStats( 1673): [QCTMM]tryAll index=2
E/TrafficStats( 1673): [QCTMM]tryAll index=1
E/TrafficStats( 1673): [QCTMM]tryAll index=2
D/DATA    ( 1860): [QCTMM] DataNetStatistics sent == 0 && received == 0 newActivity=NONE
D/DATA    ( 1860): sentSinceLastRecv=0,watchdogTrigger=10,maxindex=0
E/TrafficStats( 1673): [QCTMM]tryAll index=1
E/TrafficStats( 1673): [QCTMM]tryAll index=2
E/TrafficStats( 1673): [QCTMM]tryAll index=1
E/TrafficStats( 1673): [QCTMM]tryAll index=2
D/DATA    ( 1860): [QCTMM] DataNetStatistics sent == 0 && received == 0 newActivity=NONE
D/DATA    ( 1860): sentSinceLastRecv=0,watchdogTrigger=10,maxindex=0
E/TrafficStats( 1673): [QCTMM]tryAll index=1
E/TrafficStats( 1673): [QCTMM]tryAll index=2
E/TrafficStats( 1673): [QCTMM]tryAll index=1
E/TrafficStats( 1673): [QCTMM]tryAll index=2
D/DATA    ( 1860): [QCTMM] DataNetStatistics sent == 0 && received == 0 newActivity=NONE
D/DATA    ( 1860): sentSinceLastRecv=0,watchdogTrigger=10,maxindex=0
E/TrafficStats( 6963): [QCTMM]tryAll index=1
E/TrafficStats( 6963): [QCTMM]tryAll index=2
E/TrafficStats( 6963): [QCTMM]tryAll index=1
E/TrafficStats( 6963): [QCTMM]tryAll index=2
E/TrafficStats( 6963): [QCTMM]tryAll index=1
E/TrafficStats( 6963): [QCTMM]tryAll index=2
E/TrafficStats( 6963): [QCTMM]tryAll index=1
E/TrafficStats( 6963): [QCTMM]tryAll index=2
E/TrafficStats( 1673): [QCTMM]tryAll index=1
E/TrafficStats( 1673): [QCTMM]tryAll index=2
E/TrafficStats( 1673): [QCTMM]tryAll index=1
E/TrafficStats( 1673): [QCTMM]tryAll index=2
D/DATA    ( 1860): [QCTMM] DataNetStatistics sent == 0 && received == 0 newActivity=NONE
D/DATA    ( 1860): sentSinceLastRecv=0,watchdogTrigger=10,maxindex=0
E/TrafficStats( 1673): [QCTMM]tryAll index=1
E/TrafficStats( 1673): [QCTMM]tryAll index=2
E/TrafficStats( 1673): [QCTMM]tryAll index=1
E/TrafficStats( 1673): [QCTMM]tryAll index=2
D/DATA    ( 1860): [QCTMM] DataNetStatistics sent == 0 && received == 0 newActivity=NONE
D/DATA    ( 1860): sentSinceLastRecv=0,watchdogTrigger=10,maxindex=0
E/TrafficStats( 1673): [QCTMM]tryAll index=1
E/TrafficStats( 1673): [QCTMM]tryAll index=2
E/TrafficStats( 1673): [QCTMM]tryAll index=1
E/TrafficStats( 1673): [QCTMM]tryAll index=2
D/DATA    ( 1860): [QCTMM] DataNetStatistics sent == 0 && received == 0 newActivity=NONE
D/DATA    ( 1860): sentSinceLastRecv=0,watchdogTrigger=10,maxindex=0
E/TrafficStats( 1673): [QCTMM]tryAll index=1
E/TrafficStats( 1673): [QCTMM]tryAll index=2
E/TrafficStats( 1673): [QCTMM]tryAll index=1
E/TrafficStats( 1673): [QCTMM]tryAll index=2
D/DATA    ( 1860): [QCTMM] DataNetStatistics sent == 0 && received == 0 newActivity=NONE
D/DATA    ( 1860): sentSinceLastRecv=0,watchdogTrigger=10,maxindex=0
E/TrafficStats( 1673): [QCTMM]tryAll index=1
E/TrafficStats( 1673): [QCTMM]tryAll index=2
E/TrafficStats( 1673): [QCTMM]tryAll index=1
E/TrafficStats( 1673): [QCTMM]tryAll index=2
D/DATA    ( 1860): [QCTMM] DataNetStatistics sent == 0 && received == 0 newActivity=NONE
D/DATA    ( 1860): sentSinceLastRecv=0,watchdogTrigger=10,maxindex=0
E/TrafficStats( 1673): [QCTMM]tryAll index=1
E/TrafficStats( 1673): [QCTMM]tryAll index=2
E/TrafficStats( 1673): [QCTMM]tryAll index=1
E/TrafficStats( 1673): [QCTMM]tryAll index=2
D/DATA    ( 1860): [QCTMM] DataNetStatistics sent == 0 && received == 0 newActivity=NONE
D/DATA    ( 1860): sentSinceLastRecv=0,watchdogTrigger=10,maxindex=0
E/TrafficStats( 6963): [QCTMM]tryAll index=1
E/TrafficStats( 6963): [QCTMM]tryAll index=2
E/TrafficStats( 6963): [QCTMM]tryAll index=1
E/TrafficStats( 6963): [QCTMM]tryAll index=2
E/TrafficStats( 6963): [QCTMM]tryAll index=1
E/TrafficStats( 6963): [QCTMM]tryAll index=2
E/TrafficStats( 6963): [QCTMM]tryAll index=1
E/TrafficStats( 6963): [QCTMM]tryAll index=2
E/TrafficStats( 1673): [QCTMM]tryAll index=1
E/TrafficStats( 1673): [QCTMM]tryAll index=2
E/TrafficStats( 1673): [QCTMM]tryAll index=1
E/TrafficStats( 1673): [QCTMM]tryAll index=2
D/DATA    ( 1860): [QCTMM] DataNetStatistics sent == 0 && received == 0 newActivity=NONE
D/DATA    ( 1860): sentSinceLastRecv=0,watchdogTrigger=10,maxindex=0
D/dalvikvm( 6963): GC_CONCURRENT freed 413K, 51% free 3279K/6599K, external 0K/0K, paused 6ms+2ms
V/DeviceStorageMonitorService( 1673): freeMemory=2098774016
D/DeviceStorageMonitorService( 1673): OoO SMS Memory available. SMS_AVAILABLE_THRESHOLD == 524288
I/DeviceStorageMonitorService( 1673): Posting Message again
E/TrafficStats( 1673): [QCTMM]tryAll index=1
E/TrafficStats( 1673): [QCTMM]tryAll index=2
E/TrafficStats( 1673): [QCTMM]tryAll index=1
E/TrafficStats( 1673): [QCTMM]tryAll index=2
D/DATA    ( 1860): [QCTMM] DataNetStatistics sent == 0 && received == 0 newActivity=NONE
D/DATA    ( 1860): sentSinceLastRecv=0,watchdogTrigger=10,maxindex=0
E/TrafficStats( 1673): [QCTMM]tryAll index=1
E/TrafficStats( 1673): [QCTMM]tryAll index=2
E/TrafficStats( 1673): [QCTMM]tryAll index=1
E/TrafficStats( 1673): [QCTMM]tryAll index=2
D/DATA    ( 1860): [QCTMM] DataNetStatistics sent == 0 && received == 0 newActivity=NONE
D/DATA    ( 1860): sentSinceLastRecv=0,watchdogTrigger=10,maxindex=0
E/TrafficStats( 1673): [QCTMM]tryAll index=1
E/TrafficStats( 1673): [QCTMM]tryAll index=2
E/TrafficStats( 1673): [QCTMM]tryAll index=1
E/TrafficStats( 1673): [QCTMM]tryAll index=2
D/DATA    ( 1860): [QCTMM] DataNetStatistics sent == 0 && received == 0 newActivity=NONE
D/DATA    ( 1860): sentSinceLastRecv=0,watchdogTrigger=10,maxindex=0
E/TrafficStats( 1673): [QCTMM]tryAll index=1
E/TrafficStats( 1673): [QCTMM]tryAll index=2
E/TrafficStats( 1673): [QCTMM]tryAll index=1
E/TrafficStats( 1673): [QCTMM]tryAll index=2
D/DATA    ( 1860): [QCTMM] DataNetStatistics sent == 0 && received == 0 newActivity=NONE
D/DATA    ( 1860): sentSinceLastRecv=0,watchdogTrigger=10,maxindex=0
E/TrafficStats( 1673): [QCTMM]tryAll index=1
E/TrafficStats( 1673): [QCTMM]tryAll index=2
E/TrafficStats( 1673): [QCTMM]tryAll index=1
E/TrafficStats( 1673): [QCTMM]tryAll index=2
D/DATA    ( 1860): [QCTMM] DataNetStatistics sent == 0 && received == 0 newActivity=NONE
D/DATA    ( 1860): sentSinceLastRecv=0,watchdogTrigger=10,maxindex=0
E/TrafficStats( 6963): [QCTMM]tryAll index=1
E/TrafficStats( 6963): [QCTMM]tryAll index=2
E/TrafficStats( 6963): [QCTMM]tryAll index=1
E/TrafficStats( 6963): [QCTMM]tryAll index=2
E/TrafficStats( 6963): [QCTMM]tryAll index=1
E/TrafficStats( 6963): [QCTMM]tryAll index=2
E/TrafficStats( 6963): [QCTMM]tryAll index=1
E/TrafficStats( 6963): [QCTMM]tryAll index=2
E/TrafficStats( 1673): [QCTMM]tryAll index=1
E/TrafficStats( 1673): [QCTMM]tryAll index=2
E/TrafficStats( 1673): [QCTMM]tryAll index=1
E/TrafficStats( 1673): [QCTMM]tryAll index=2
D/DATA    ( 1860): [QCTMM] DataNetStatistics sent == 0 && received == 0 newActivity=NONE
D/DATA    ( 1860): sentSinceLastRecv=0,watchdogTrigger=10,maxindex=0
E/TrafficStats( 1673): [QCTMM]tryAll index=1
E/TrafficStats( 1673): [QCTMM]tryAll index=2
E/TrafficStats( 1673): [QCTMM]tryAll index=1
E/TrafficStats( 1673): [QCTMM]tryAll index=2
D/DATA    ( 1860): [QCTMM] DataNetStatistics sent == 0 && received == 0 newActivity=NONE
D/DATA    ( 1860): sentSinceLastRecv=0,watchdogTrigger=10,maxindex=0
D/MMDCT   ( 1860): onDCLChanged dcs=DataCallState: { cid: 0, active: 2, type: IP, apn: vzwinternet, address: 10.185.207.245 }
D/MMDCT   ( 1860): onDCLChanged dcs=DataCallState: { cid: 1, active: 2, type: IPV6, apn: vzwinternet, address: 2600:1000:b02e:4a2c:bf11:cb2e:2a04:e491 }
D/MMDCT   ( 1860): onDCLChanged dcs=DataCallState: { cid: 2, active: 0, type: null, apn: null, address: null }
D/MMDCT   ( 1860): onDCLChanged dcs=DataCallState: { cid: 3, active: 0, type: null, apn: null, address: null }
D/MMDCT   ( 1860): onDCLChanged dcs=DataCallState: { cid: 4, active: 0, type: null, apn: null, address: null }
D/MMDCT   ( 1860): onDCLChanged dcs=DataCallState: { cid: 5, active: 0, type: null, apn: null, address: null }
D/MMDCT   ( 1860): onDCLChanged dcs=DataCallState: { cid: 6, active: 0, type: null, apn: null, address: null }
D/MMDCT   ( 1860): onDCLChanged dcs=DataCallState: { cid: 7, active: 0, type: null, apn: null, address: null }
D/MMDCT   ( 1860): onDCLChanged dcs=DataCallState: { cid: 8, active: 0, type: null, apn: null, address: null }
D/MMDCT   ( 1860): onDCLChanged dcs=DataCallState: { cid: 9, active: 0, type: null, apn: null, address: null }
D/MMDCT   ( 1860): onDCLChanged dcs=DataCallState: { cid: 10, active: 0, type: null, apn: null, address: null }
D/MMDCT   ( 1860): onDCLChanged dcs=DataCallState: { cid: 11, active: 0, type: null, apn: null, address: null }
D/MMDCT   ( 1860): onDCLChanged dcs=DataCallState: { cid: 12, active: 0, type: null, apn: null, address: null }
D/MMDCT   ( 1860): onDCLChanged dcs=DataCallState: { cid: 13, active: 0, type: null, apn: null, address: null }
D/MMDCT   ( 1860): onDCLChanged dcs=DataCallState: { cid: 14, active: 0, type: null, apn: null, address: null }
D/MMDCT   ( 1860): onDCLChanged dcs=DataCallState: { cid: 15, active: 0, type: null, apn: null, address: null }
D/MMDCT   ( 1860): onDCLChanged dcs=DataCallState: { cid: 16, active: 0, type: null, apn: null, address: null }
D/MMDCT   ( 1860): onDCLChanged dcs=DataCallState: { cid: 17, active: 0, type: null, apn: null, address: null }
D/MMDCT   ( 1860): onDCLChanged dcs=DataCallState: { cid: 18, active: 0, type: null, apn: null, address: null }
D/MMDCT   ( 1860): onDCLChanged dcs=DataCallState: { cid: 19, active: 0, type: null, apn: null, address: null }
D/MMDCT   ( 1860): onDCLChanged() DC is active : activeDC.active=2
D/MMDCT   ( 1860): onDCLChanged() DC is active : activeDC.active=2
D/MMDCT   ( 1860):  ======= check all DC disconnected ======= 
D/MMDCT   ( 1860): DC-0: state=DcActiveState if=rmnet_sdio0 ip=10.185.207.245 ipv=IPV4
D/MMDCT   ( 1860): DC-1: state=DcActiveState if=rmnet_sdio1 ip=2600:1000:b02e:4a2c:bf11:cb2e:2a04:e491 ipv=IPV6
D/MMDCT   ( 1860): DC-2: state=DcInactiveState if=null ip=null ipv=null
D/MMDCT   ( 1860): DC-3: state=DcInactiveState if=null ip=null ipv=null
D/MMDCT   ( 1860): DC-4: state=DcInactiveState if=null ip=null ipv=null
D/MMDCT   ( 1860): DC-5: state=DcInactiveState if=null ip=null ipv=null
D/MMDCT   ( 1860): DC-6: state=DcInactiveState if=null ip=null ipv=null
D/MMDCT   ( 1860): DC-7: state=DcInactiveState if=null ip=null ipv=null
D/MMDCT   ( 1860): ifAllDataDisconnected ret=false
D/DATA    ( 1860): [QCTMM]isEnablePoll   enablePoll=true
D/MMDCT   ( 1860): onDCLChanged() DA=NONE
D/MMDCT   ( 1860): onDCLChanged() notifyDA() now
D/DATA    ( 1860): [PhoneNotifier] notifyDataActivityLTE
D/StatusBarPolicy( 1816): hasService()=true ,mDataState=2 ,mPhone.htcModemLinkOn()=false ,mDataActivity=0
D/StatusBarPolicy( 1816): slotType[0]=RUIM
D/UDP-TIMING( 7443): 0 0 -0.093001000
D/UDP-TIMING( 7443): 1 0 -0.162655000
E/TrafficStats( 1673): [QCTMM]tryAll index=1
E/TrafficStats( 1673): [QCTMM]tryAll index=2
E/TrafficStats( 1673): [QCTMM]tryAll index=1
E/TrafficStats( 1673): [QCTMM]tryAll index=2
D/DATA    ( 1860): [PhoneNotifier] notifyDataActivityLTE
D/DATA    ( 1860): [QCTMM] DataNetStatistics mIsScreenOn newActivity=DATAINANDOUT
D/DATA    ( 1860): sentSinceLastRecv=0,watchdogTrigger=10,maxindex=0
D/StatusBarPolicy( 1816): hasService()=true ,mDataState=2 ,mPhone.htcModemLinkOn()=false ,mDataActivity=3
D/StatusBarPolicy( 1816): slotType[0]=RUIM
D/UDP-TIMING( 7443): 2 0 -0.142640000
D/UDP-TIMING( 7443): 3 0 -0.153235000
D/UDP-TIMING( 7443): 4 0 -0.163379000
D/UDP-TIMING( 7443): 5 0 -0.143582000
D/UDP-TIMING( 7443): 6 0 -0.153480000
D/UDP-TIMING( 7443): 7 0 -0.163901000
D/UDP-TIMING( 7443): 8 0 -0.143745000
D/UDP-TIMING( 7443): 9 0 -0.154249000
D/UDP-TIMING( 7443): 10 0 -0.164155000
D/UDP-TIMING( 7443): 11 0 -0.144615000
E/TrafficStats( 1673): [QCTMM]tryAll index=1
E/TrafficStats( 1673): [QCTMM]tryAll index=2
E/TrafficStats( 1673): [QCTMM]tryAll index=1
E/TrafficStats( 1673): [QCTMM]tryAll index=2
D/DATA    ( 1860): [PhoneNotifier] notifyDataActivityLTE
D/DATA    ( 1860): [QCTMM] DataNetStatistics mIsScreenOn newActivity=DATAIN
D/DATA    ( 1860): sentSinceLastRecv=0,watchdogTrigger=10,maxindex=0
D/StatusBarPolicy( 1816): hasService()=true ,mDataState=2 ,mPhone.htcModemLinkOn()=false ,mDataActivity=1
D/UDP-TIMING( 7443): 12 0 -0.154365000
D/StatusBarPolicy( 1816): slotType[0]=RUIM
D/UDP-TIMING( 7443): 13 0 -0.165242000
D/UDP-TIMING( 7443): 14 0 -0.145131000
D/UDP-TIMING( 7443): 15 0 -0.155277000
D/UDP-TIMING( 7443): 16 0 -0.165179000
D/UDP-TIMING( 7443): 17 0 -0.145422000
D/UDP-TIMING( 7443): 18 0 -0.155911000
D/UDP-TIMING( 7443): 19 0 -0.135798000
D/UDP-TIMING( 7443): 20 0 -0.146278000
D/UDP-TIMING( 7443): 21 0 -0.156118000
D/UDP-TIMING( 7443): 22 0 -0.166418000
E/TrafficStats( 1673): [QCTMM]tryAll index=1
E/TrafficStats( 1673): [QCTMM]tryAll index=2
E/TrafficStats( 1673): [QCTMM]tryAll index=1
E/TrafficStats( 1673): [QCTMM]tryAll index=2
D/DATA    ( 1860): sentSinceLastRecv=0,watchdogTrigger=10,maxindex=0
D/UDP-TIMING( 7443): 23 0 -0.146328000
D/UDP-TIMING( 7443): 24 0 -0.156832000
D/UDP-TIMING( 7443): 25 0 -0.166701000
D/UDP-TIMING( 7443): 26 0 -0.146880000
D/UDP-TIMING( 7443): 27 0 -0.157103000
D/UDP-TIMING( 7443): 28 0 -0.167086000
D/UDP-TIMING( 7443): 29 0 -0.147600000
D/UDP-TIMING( 7443): 30 0 -0.157528000
D/UDP-TIMING( 7443): 31 0 -0.167684000
D/UDP-TIMING( 7443): 32 0 -0.147763000
E/TrafficStats( 1673): [QCTMM]tryAll index=1
E/TrafficStats( 1673): [QCTMM]tryAll index=2
E/TrafficStats( 1673): [QCTMM]tryAll index=1
E/TrafficStats( 1673): [QCTMM]tryAll index=2
D/DATA    ( 1860): sentSinceLastRecv=0,watchdogTrigger=10,maxindex=0
D/UDP-TIMING( 7443): 33 0 -0.158178000
D/UDP-TIMING( 7443): 34 0 -0.167985000
D/UDP-TIMING( 7443): 35 0 -0.148168000
D/UDP-TIMING( 7443): 36 0 -0.158402000
D/UDP-TIMING( 7443): 37 0 -0.138480000
D/UDP-TIMING( 7443): 38 0 -0.149008000
D/UDP-TIMING( 7443): 39 0 -0.159179000
E/TrafficStats( 6963): [QCTMM]tryAll index=1
E/TrafficStats( 6963): [QCTMM]tryAll index=2
E/TrafficStats( 6963): [QCTMM]tryAll index=1
E/TrafficStats( 6963): [QCTMM]tryAll index=2
D/UDP-TIMING( 7443): 40 0 -0.138878000
E/TrafficStats( 6963): [QCTMM]tryAll index=1
E/TrafficStats( 6963): [QCTMM]tryAll index=2
E/TrafficStats( 6963): [QCTMM]tryAll index=1
E/TrafficStats( 6963): [QCTMM]tryAll index=2
D/UDP-TIMING( 7443): 41 0 -0.149212000
D/UDP-TIMING( 7443): 42 0 -0.159761000
E/TrafficStats( 1673): [QCTMM]tryAll index=1
E/TrafficStats( 1673): [QCTMM]tryAll index=2
E/TrafficStats( 1673): [QCTMM]tryAll index=1
E/TrafficStats( 1673): [QCTMM]tryAll index=2
D/DATA    ( 1860): sentSinceLastRecv=0,watchdogTrigger=10,maxindex=0
D/UDP-TIMING( 7443): 43 0 -0.139646000
D/UDP-TIMING( 7443): 44 0 -0.150111000
D/UDP-TIMING( 7443): 45 0 -0.159962000
D/Database( 6963): dbopen(): path = /data/data/com.onavo.android.onavoid/databases/ui_events, flag = 6, file size = 13895680
D/Database( 6963): dbopen(): path = /data/data/com.onavo.android.onavoid/databases/ui_events, mode: wal, disk free size: 2001 M, handle: 0x38eb00
D/Database( 6963): dbclose(): path = /data/data/com.onavo.android.onavoid/databases/ui_events, handle = 0x38eb00
D/UDP-TIMING( 7443): 46 0 -0.140745000
D/UDP-TIMING( 7443): 47 0 -0.150852000
D/UDP-TIMING( 7443): 48 0 -0.160875000
D/UDP-TIMING( 7443): 49 0 -0.141111000
D/UDP-TIMING( 7443): 50 0 -0.151282000
D/UDP-TIMING( 7443): 51 0 -0.161117000
D/UDP-TIMING( 7443): 52 0 -0.141297000
E/TrafficStats( 1673): [QCTMM]tryAll index=1
E/TrafficStats( 1673): [QCTMM]tryAll index=2
E/TrafficStats( 1673): [QCTMM]tryAll index=1
E/TrafficStats( 1673): [QCTMM]tryAll index=2
D/DATA    ( 1860): sentSinceLastRecv=0,watchdogTrigger=10,maxindex=0
D/UDP-TIMING( 7443): 53 0 -0.151781000
D/UDP-TIMING( 7443): 54 0 -0.161926000
D/UDP-TIMING( 7443): 55 0 -0.141988000
D/UDP-TIMING( 7443): 56 0 -0.151980000
D/UDP-TIMING( 7443): 57 0 -0.162404000
D/UDP-TIMING( 7443): 58 0 -0.142210000
D/UDP-TIMING( 7443): 59 0 -0.152710000
D/UDP-TIMING( 7443): 60 0 -0.162581000
D/UDP-TIMING( 7443): 61 0 -0.143088000
D/UDP-TIMING( 7443): 62 0 -0.152908000
E/TrafficStats( 1673): [QCTMM]tryAll index=1
E/TrafficStats( 1673): [QCTMM]tryAll index=2
E/TrafficStats( 1673): [QCTMM]tryAll index=1
E/TrafficStats( 1673): [QCTMM]tryAll index=2
D/DATA    ( 1860): sentSinceLastRecv=0,watchdogTrigger=10,maxindex=0
D/UDP-TIMING( 7443): 63 0 -0.133055000
D/UDP-TIMING( 7443): 64 0 -0.143541000
D/UDP-TIMING( 7443): 65 0 -0.153682000
D/UDP-TIMING( 7443): 66 0 -0.163500000
D/UDP-TIMING( 7443): 67 0 -0.143681000
D/UDP-TIMING( 7443): 68 0 -0.154139000
D/UDP-TIMING( 7443): 69 0 -0.133962000
D/UDP-TIMING( 7443): 70 0 -0.144469000
D/UDP-TIMING( 7443): 71 0 -0.154331000
D/UDP-TIMING( 7443): 72 0 -0.164842000
E/TrafficStats( 1673): [QCTMM]tryAll index=1
E/TrafficStats( 1673): [QCTMM]tryAll index=2
E/TrafficStats( 1673): [QCTMM]tryAll index=1
E/TrafficStats( 1673): [QCTMM]tryAll index=2
D/DATA    ( 1860): sentSinceLastRecv=0,watchdogTrigger=10,maxindex=0
D/UDP-TIMING( 7443): 73 0 -0.144640000
D/UDP-TIMING( 7443): 74 0 -0.154997000
D/UDP-TIMING( 7443): 75 0 -0.164933000
D/UDP-TIMING( 7443): 76 0 -0.145043000
D/UDP-TIMING( 7443): 77 0 -0.155214000
D/UDP-TIMING( 7443): 78 0 -0.165705000
D/UDP-TIMING( 7443): 79 0 -0.145817000
D/UDP-TIMING( 7443): 80 0 -0.156002000
D/UDP-TIMING( 7443): 81 0 -0.165837000
D/UDP-TIMING( 7443): 82 0 -0.146015000
E/TrafficStats( 1673): [QCTMM]tryAll index=1
E/TrafficStats( 1673): [QCTMM]tryAll index=2
E/TrafficStats( 1673): [QCTMM]tryAll index=1
E/TrafficStats( 1673): [QCTMM]tryAll index=2
D/DATA    ( 1860): sentSinceLastRecv=0,watchdogTrigger=10,maxindex=0
D/UDP-TIMING( 7443): 83 0 -0.156012000
D/UDP-TIMING( 7443): 84 0 -0.166674000
D/UDP-TIMING( 7443): 85 0 -0.146881000
D/UDP-TIMING( 7443): 86 0 -0.156775000
D/UDP-TIMING( 7443): 87 0 -0.167258000
D/UDP-TIMING( 7443): 88 0 -0.147055000
D/UDP-TIMING( 7443): 89 0 -0.157481000
D/UDP-TIMING( 7443): 90 0 -0.167220000
D/UDP-TIMING( 7443): 91 0 -0.147424000
D/UDP-TIMING( 7443): 92 0 -0.157674000
D/UDP-TIMING( 7443): 93 0 -0.168055000
E/TrafficStats( 1673): [QCTMM]tryAll index=1
E/TrafficStats( 1673): [QCTMM]tryAll index=2
E/TrafficStats( 1673): [QCTMM]tryAll index=1
E/TrafficStats( 1673): [QCTMM]tryAll index=2
D/DATA    ( 1860): sentSinceLastRecv=0,watchdogTrigger=10,maxindex=0
D/UDP-TIMING( 7443): 94 0 -0.148193000
D/UDP-TIMING( 7443): 95 0 -0.157761000
D/UDP-TIMING( 7443): 96 0 -0.138574000
D/UDP-TIMING( 7443): 97 0 -0.148441000
D/UDP-TIMING( 7443): 98 0 -0.158773000
D/UDP-TIMING( 7443): 99 0 -0.139033000
D/UDP-TIMING( 7443): 100 0 -0.149271000
D/UDP-TIMING( 7443): 101 0 -0.159101000
D/UDP-TIMING( 7443): 102 0 -0.139309000
D/UDP-TIMING( 7443): 103 0 -0.149733000
E/TrafficStats( 1673): [QCTMM]tryAll index=1
E/TrafficStats( 1673): [QCTMM]tryAll index=2
E/TrafficStats( 1673): [QCTMM]tryAll index=1
E/TrafficStats( 1673): [QCTMM]tryAll index=2
D/DATA    ( 1860): sentSinceLastRecv=0,watchdogTrigger=10,maxindex=0
D/UDP-TIMING( 7443): 104 0 -0.159944000
E/TrafficStats( 6963): [QCTMM]tryAll index=1
E/TrafficStats( 6963): [QCTMM]tryAll index=2
E/TrafficStats( 6963): [QCTMM]tryAll index=1
E/TrafficStats( 6963): [QCTMM]tryAll index=2
E/TrafficStats( 6963): [QCTMM]tryAll index=1
E/TrafficStats( 6963): [QCTMM]tryAll index=2
E/TrafficStats( 6963): [QCTMM]tryAll index=1
E/TrafficStats( 6963): [QCTMM]tryAll index=2
D/UDP-TIMING( 7443): 105 0 -0.139235000
D/UDP-TIMING( 7443): 106 0 -0.150658000
D/UDP-TIMING( 7443): 107 0 -0.160396000
D/UDP-TIMING( 7443): 108 0 -0.140174000
D/UDP-TIMING( 7443): 109 0 -0.150683000
D/UDP-TIMING( 7443): 110 0 -0.130856000
D/UDP-TIMING( 7443): 111 0 -0.141119000
D/UDP-TIMING( 7443): 112 0 -0.150991000
D/UDP-TIMING( 7443): 113 0 -0.161393000
E/TrafficStats( 1673): [QCTMM]tryAll index=1
E/TrafficStats( 1673): [QCTMM]tryAll index=2
E/TrafficStats( 1673): [QCTMM]tryAll index=1
E/TrafficStats( 1673): [QCTMM]tryAll index=2
D/DATA    ( 1860): sentSinceLastRecv=0,watchdogTrigger=10,maxindex=0
D/UDP-TIMING( 7443): 114 0 -0.141667000
D/UDP-TIMING( 7443): 115 0 -0.151806000
D/UDP-TIMING( 7443): 116 0 -0.161635000
D/UDP-TIMING( 7443): 117 0 -0.141840000
D/UDP-TIMING( 7443): 118 0 -0.152354000
D/UDP-TIMING( 7443): 119 0 -0.162531000
D/UDP-TIMING( 7443): 120 0 -0.142711000
D/UDP-TIMING( 7443): 121 0 -0.152628000
D/UDP-TIMING( 7443): 122 0 -0.133029000
D/UDP-TIMING( 7443): 123 0 -0.142901000
E/TrafficStats( 1673): [QCTMM]tryAll index=1
E/TrafficStats( 1673): [QCTMM]tryAll index=2
E/TrafficStats( 1673): [QCTMM]tryAll index=1
E/TrafficStats( 1673): [QCTMM]tryAll index=2
D/DATA    ( 1860): sentSinceLastRecv=0,watchdogTrigger=10,maxindex=0
D/UDP-TIMING( 7443): 124 0 -0.153286000
D/UDP-TIMING( 7443): 125 0 -0.133518000
D/UDP-TIMING( 7443): 126 0 -0.143681000
D/UDP-TIMING( 7443): 127 0 -0.153477000
D/UDP-TIMING( 7443): 128 0 -0.163820000
D/UDP-TIMING( 7443): 129 0 -0.143943000
D/UDP-TIMING( 7443): 130 0 -0.154126000
D/UDP-TIMING( 7443): 131 0 -0.163984000
D/UDP-TIMING( 7443): 132 0 -0.144139000
D/UDP-TIMING( 7443): 133 0 -0.154592000
E/TrafficStats( 1673): [QCTMM]tryAll index=1
E/TrafficStats( 1673): [QCTMM]tryAll index=2
E/TrafficStats( 1673): [QCTMM]tryAll index=1
E/TrafficStats( 1673): [QCTMM]tryAll index=2
D/DATA    ( 1860): sentSinceLastRecv=0,watchdogTrigger=10,maxindex=0
D/UDP-TIMING( 7443): 134 0 -0.134414000
D/UDP-TIMING( 7443): 135 0 -0.144787000
D/UDP-TIMING( 7443): 136 0 -0.154664000
D/UDP-TIMING( 7443): 137 0 -0.165196000
D/UDP-TIMING( 7443): 138 0 -0.144974000
D/UDP-TIMING( 7443): 139 0 -0.155469000
D/UDP-TIMING( 7443): 140 0 -0.165336000
D/UDP-TIMING( 7443): 141 0 -0.145547000
D/UDP-TIMING( 7443): 142 0 -0.155633000
D/UDP-TIMING( 7443): 143 0 -0.135760000
E/TrafficStats( 1673): [QCTMM]tryAll index=1
E/TrafficStats( 1673): [QCTMM]tryAll index=2
E/TrafficStats( 1673): [QCTMM]tryAll index=1
E/TrafficStats( 1673): [QCTMM]tryAll index=2
D/DATA    ( 1860): sentSinceLastRecv=0,watchdogTrigger=10,maxindex=0
D/UDP-TIMING( 7443): 144 0 -0.146315000
D/UDP-TIMING( 7443): 145 0 -0.156201000
D/UDP-TIMING( 7443): 146 0 -0.166414000
D/UDP-TIMING( 7443): 147 0 -0.146545000
D/UDP-TIMING( 7443): 148 0 -0.156952000
D/UDP-TIMING( 7443): 149 0 -0.137154000
D/UDP-TIMING( 7443): 150 0 -0.147234000
D/UDP-TIMING( 7443): 151 0 -0.157117000
D/UDP-TIMING( 7443): 152 0 -0.167560000
D/UDP-TIMING( 7443): 153 0 -0.147846000
E/TrafficStats( 1673): [QCTMM]tryAll index=1
E/TrafficStats( 1673): [QCTMM]tryAll index=2
E/TrafficStats( 1673): [QCTMM]tryAll index=1
E/TrafficStats( 1673): [QCTMM]tryAll index=2
D/DATA    ( 1860): sentSinceLastRecv=0,watchdogTrigger=10,maxindex=0
D/UDP-TIMING( 7443): 154 0 -0.157586000
D/UDP-TIMING( 7443): 155 0 -0.167666000
D/UDP-TIMING( 7443): 156 0 -0.147976000
D/UDP-TIMING( 7443): 157 0 -0.158420000
D/UDP-TIMING( 7443): 158 0 -0.168527000
D/UDP-TIMING( 7443): 159 0 -0.148698000
D/UDP-TIMING( 7443): 160 0 -0.158594000
D/UDP-TIMING( 7443): 161 0 -0.139012000
E/TrafficStats( 6963): [QCTMM]tryAll index=1
E/TrafficStats( 6963): [QCTMM]tryAll index=2
E/TrafficStats( 6963): [QCTMM]tryAll index=1
E/TrafficStats( 6963): [QCTMM]tryAll index=2
E/TrafficStats( 6963): [QCTMM]tryAll index=1
E/TrafficStats( 6963): [QCTMM]tryAll index=2
E/TrafficStats( 6963): [QCTMM]tryAll index=1
E/TrafficStats( 6963): [QCTMM]tryAll index=2
D/UDP-TIMING( 7443): 162 0 -0.149419000
D/UDP-TIMING( 7443): 163 0 -0.159244000
E/TrafficStats( 1673): [QCTMM]tryAll index=1
E/TrafficStats( 1673): [QCTMM]tryAll index=2
E/TrafficStats( 1673): [QCTMM]tryAll index=1
E/TrafficStats( 1673): [QCTMM]tryAll index=2
D/DATA    ( 1860): sentSinceLastRecv=0,watchdogTrigger=10,maxindex=0
D/UDP-TIMING( 7443): 164 0 -0.138951000
D/UDP-TIMING( 7443): 165 0 -0.149560000
D/UDP-TIMING( 7443): 166 0 -0.159454000
D/UDP-TIMING( 7443): 167 0 -0.139564000
D/UDP-TIMING( 7443): 168 0 -0.150037000
D/UDP-TIMING( 7443): 169 0 -0.160184000
D/UDP-TIMING( 7443): 170 0 -0.140349000
D/UDP-TIMING( 7443): 171 0 -0.150297000
D/UDP-TIMING( 7443): 172 0 -0.160743000
D/UDP-TIMING( 7443): 173 0 -0.140568000
E/TrafficStats( 1673): [QCTMM]tryAll index=1
E/TrafficStats( 1673): [QCTMM]tryAll index=2
E/TrafficStats( 1673): [QCTMM]tryAll index=1
E/TrafficStats( 1673): [QCTMM]tryAll index=2
D/UDP-TIMING( 7443): 174 0 -0.150903000
D/DATA    ( 1860): sentSinceLastRecv=0,watchdogTrigger=10,maxindex=0
D/UDP-TIMING( 7443): 175 0 -0.160845000
D/UDP-TIMING( 7443): 176 0 -0.141279000
D/UDP-TIMING( 7443): 177 0 -0.151106000
D/UDP-TIMING( 7443): 178 0 -0.161446000
D/UDP-TIMING( 7443): 179 0 -0.141620000
D/UDP-TIMING( 7443): 180 0 -0.151746000
D/UDP-TIMING( 7443): 181 0 -0.161569000
D/UDP-TIMING( 7443): 182 0 -0.141681000
D/UDP-TIMING( 7443): 183 0 -0.152168000
D/UDP-TIMING( 7443): 184 0 -0.162343000
E/TrafficStats( 1673): [QCTMM]tryAll index=1
E/TrafficStats( 1673): [QCTMM]tryAll index=2
E/TrafficStats( 1673): [QCTMM]tryAll index=1
E/TrafficStats( 1673): [QCTMM]tryAll index=2
D/DATA    ( 1860): sentSinceLastRecv=0,watchdogTrigger=10,maxindex=0
D/UDP-TIMING( 7443): 185 0 -0.142483000
D/UDP-TIMING( 7443): 186 0 -0.152348000
D/UDP-TIMING( 7443): 187 0 -0.162705000
D/UDP-TIMING( 7443): 188 0 -0.142624000
D/UDP-TIMING( 7443): 189 0 -0.153161000
D/UDP-TIMING( 7443): 190 0 -0.163055000
D/UDP-TIMING( 7443): 191 0 -0.143240000
D/UDP-TIMING( 7443): 192 0 -0.153386000
D/UDP-TIMING( 7443): 193 0 -0.163812000
D/UDP-TIMING( 7443): 194 0 -0.143998000
E/TrafficStats( 1673): [QCTMM]tryAll index=1
E/TrafficStats( 1673): [QCTMM]tryAll index=2
E/TrafficStats( 1673): [QCTMM]tryAll index=1
E/TrafficStats( 1673): [QCTMM]tryAll index=2
D/DATA    ( 1860): sentSinceLastRecv=0,watchdogTrigger=10,maxindex=0
D/UDP-TIMING( 7443): 195 0 -0.154041000
D/UDP-TIMING( 7443): 196 0 -0.164043000
D/UDP-TIMING( 7443): 197 0 -0.144173000
D/UDP-TIMING( 7443): 198 0 -0.154612000
D/UDP-TIMING( 7443): 199 0 -0.134512000
D/UDP-TIMING( 7443): 200 0 -0.145022000
D/UDP-TIMING( 7443): 201 0 -0.154870000
D/UDP-TIMING( 7443): 202 0 -0.165248000
D/UDP-TIMING( 7443): 203 0 -0.145123000
D/UDP-TIMING( 7443): 204 0 -0.155626000
E/TrafficStats( 1673): [QCTMM]tryAll index=1
E/TrafficStats( 1673): [QCTMM]tryAll index=2
E/TrafficStats( 1673): [QCTMM]tryAll index=1
E/TrafficStats( 1673): [QCTMM]tryAll index=2
D/DATA    ( 1860): sentSinceLastRecv=0,watchdogTrigger=10,maxindex=0
D/UDP-TIMING( 7443): 205 0 -0.165463000
D/UDP-TIMING( 7443): 206 0 -0.145623000
D/UDP-TIMING( 7443): 207 0 -0.155801000
D/UDP-TIMING( 7443): 208 0 -0.166180000
D/UDP-TIMING( 7443): 209 0 -0.146345000
D/UDP-TIMING( 7443): 210 0 -0.156229000
D/UDP-TIMING( 7443): 211 0 -0.166478000
D/UDP-TIMING( 7443): 212 0 -0.146626000
D/UDP-TIMING( 7443): 213 0 -0.157026000
D/UDP-TIMING( 7443): 214 0 -0.166888000
E/TrafficStats( 1673): [QCTMM]tryAll index=1
E/TrafficStats( 1673): [QCTMM]tryAll index=2
E/TrafficStats( 1673): [QCTMM]tryAll index=1
E/TrafficStats( 1673): [QCTMM]tryAll index=2
D/DATA    ( 1860): sentSinceLastRecv=0,watchdogTrigger=10,maxindex=0
D/UDP-TIMING( 7443): 215 0 -0.147125000
D/UDP-TIMING( 7443): 216 0 -0.157183000
D/UDP-TIMING( 7443): 217 0 -0.167646000
E/TrafficStats( 6963): [QCTMM]tryAll index=1
E/TrafficStats( 6963): [QCTMM]tryAll index=2
E/TrafficStats( 6963): [QCTMM]tryAll index=1
E/TrafficStats( 6963): [QCTMM]tryAll index=2
E/TrafficStats( 6963): [QCTMM]tryAll index=1
E/TrafficStats( 6963): [QCTMM]tryAll index=2
E/TrafficStats( 6963): [QCTMM]tryAll index=1
E/TrafficStats( 6963): [QCTMM]tryAll index=2
D/UDP-TIMING( 7443): 218 0 -0.147234000
D/UDP-TIMING( 7443): 219 0 -0.157809000
D/UDP-TIMING( 7443): 220 0 -0.167748000
D/UDP-TIMING( 7443): 221 0 -0.147826000
D/UDP-TIMING( 7443): 222 0 -0.158562000
D/UDP-TIMING( 7443): 223 0 -0.138309000
E/TrafficStats( 6963): [QCTMM]tryAll index=1
E/TrafficStats( 6963): [QCTMM]tryAll index=2
E/TrafficStats( 6963): [QCTMM]tryAll index=1
E/TrafficStats( 6963): [QCTMM]tryAll index=2
E/TrafficStats( 6963): [QCTMM]tryAll index=1
E/TrafficStats( 6963): [QCTMM]tryAll index=2
E/TrafficStats( 6963): [QCTMM]tryAll index=1
E/TrafficStats( 6963): [QCTMM]tryAll index=2
D/UDP-TIMING( 7443): 224 0 -0.149274000
D/dalvikvm( 6963): GC_CONCURRENT freed 448K, 50% free 3303K/6599K, external 0K/0K, paused 6ms+3ms
E/TrafficStats( 1673): [QCTMM]tryAll index=1
E/TrafficStats( 1673): [QCTMM]tryAll index=2
E/TrafficStats( 1673): [QCTMM]tryAll index=1
E/TrafficStats( 1673): [QCTMM]tryAll index=2
D/DATA    ( 1860): sentSinceLastRecv=0,watchdogTrigger=10,maxindex=0
D/UDP-TIMING( 7443): 225 0 -0.159360000
D/UDP-TIMING( 7443): 226 0 -0.139090000
D/UDP-TIMING( 7443): 227 0 -0.148959000
D/UDP-TIMING( 7443): 228 0 -0.159339000
D/UDP-TIMING( 7443): 229 0 -0.139544000
D/UDP-TIMING( 7443): 230 0 -0.149675000
D/UDP-TIMING( 7443): 231 0 -0.159560000
D/UDP-TIMING( 7443): 232 0 -0.139720000
D/UDP-TIMING( 7443): 233 0 -0.150166000
D/UDP-TIMING( 7443): 234 0 -0.160342000
E/TrafficStats( 1673): [QCTMM]tryAll index=1
E/TrafficStats( 1673): [QCTMM]tryAll index=2
E/TrafficStats( 1673): [QCTMM]tryAll index=1
E/TrafficStats( 1673): [QCTMM]tryAll index=2
D/DATA    ( 1860): sentSinceLastRecv=0,watchdogTrigger=10,maxindex=0
D/UDP-TIMING( 7443): 235 0 -0.140474000
D/UDP-TIMING( 7443): 236 0 -0.150304000
D/UDP-TIMING( 7443): 237 0 -0.160699000
D/UDP-TIMING( 7443): 238 0 -0.140519000
D/UDP-TIMING( 7443): 239 0 -0.151004000
D/UDP-TIMING( 7443): 240 0 -0.160790000
D/UDP-TIMING( 7443): 241 0 -0.141215000
D/UDP-TIMING( 7443): 242 0 -0.151209000
D/UDP-TIMING( 7443): 243 0 -0.161658000
D/UDP-TIMING( 7443): 244 0 -0.141893000
E/TrafficStats( 1673): [QCTMM]tryAll index=1
E/TrafficStats( 1673): [QCTMM]tryAll index=2
E/TrafficStats( 1673): [QCTMM]tryAll index=1
E/TrafficStats( 1673): [QCTMM]tryAll index=2
D/DATA    ( 1860): sentSinceLastRecv=0,watchdogTrigger=10,maxindex=0
D/UDP-TIMING( 7443): 245 0 -0.151597000
D/UDP-TIMING( 7443): 246 0 -0.161888000
D/UDP-TIMING( 7443): 247 0 -0.142099000
D/UDP-TIMING( 7443): 248 0 -0.152560000
D/UDP-TIMING( 7443): 249 0 -0.162790000
D/UDP-TIMING( 7443): 250 0 -0.142989000
D/UDP-TIMING( 7443): 251 0 -0.152866000
D/UDP-TIMING( 7443): 252 0 -0.163286000
D/UDP-TIMING( 7443): 253 0 -0.143189000
D/UDP-TIMING( 7443): 254 0 -0.153671000
D/UDP-TIMING( 7443): 255 0 -0.163420000
E/TrafficStats( 1673): [QCTMM]tryAll index=1
E/TrafficStats( 1673): [QCTMM]tryAll index=2
E/TrafficStats( 1673): [QCTMM]tryAll index=1
E/TrafficStats( 1673): [QCTMM]tryAll index=2
D/DATA    ( 1860): sentSinceLastRecv=0,watchdogTrigger=10,maxindex=0
D/UDP-TIMING( 7443): 256 0 -0.143632000
D/UDP-TIMING( 7443): 257 0 -0.153863000
D/UDP-TIMING( 7443): 258 0 -0.164265000
D/UDP-TIMING( 7443): 259 0 -0.144395000
D/UDP-TIMING( 7443): 260 0 -0.154223000
D/UDP-TIMING( 7443): 261 0 -0.164466000
D/UDP-TIMING( 7443): 262 0 -0.144525000
D/UDP-TIMING( 7443): 263 0 -0.155003000
D/UDP-TIMING( 7443): 264 0 -0.164856000
D/UDP-TIMING( 7443): 265 0 -0.145257000
E/TrafficStats( 1673): [QCTMM]tryAll index=1
E/TrafficStats( 1673): [QCTMM]tryAll index=2
E/TrafficStats( 1673): [QCTMM]tryAll index=1
E/TrafficStats( 1673): [QCTMM]tryAll index=2
D/DATA    ( 1860): sentSinceLastRecv=0,watchdogTrigger=10,maxindex=0
D/UDP-TIMING( 7443): 266 0 -0.155223000
D/UDP-TIMING( 7443): 267 0 -0.165703000
D/UDP-TIMING( 7443): 268 0 -0.145871000
D/UDP-TIMING( 7443): 269 0 -0.156004000
D/UDP-TIMING( 7443): 270 0 -0.165818000
D/UDP-TIMING( 7443): 271 0 -0.145960000
D/UDP-TIMING( 7443): 272 0 -0.156475000
D/UDP-TIMING( 7443): 273 0 -0.166584000
D/UDP-TIMING( 7443): 274 0 -0.146775000
D/UDP-TIMING( 7443): 275 0 -0.156539000
E/TrafficStats( 1673): [QCTMM]tryAll index=1
E/TrafficStats( 1673): [QCTMM]tryAll index=2
E/TrafficStats( 1673): [QCTMM]tryAll index=1
E/TrafficStats( 1673): [QCTMM]tryAll index=2
D/DATA    ( 1860): sentSinceLastRecv=0,watchdogTrigger=10,maxindex=0
D/UDP-TIMING( 7443): 276 0 -0.166684000
D/UDP-TIMING( 7443): 277 0 -0.147283000
D/UDP-TIMING( 7443): 278 0 -0.157365000
D/UDP-TIMING( 7443): 279 0 -0.167470000
E/TrafficStats( 6963): [QCTMM]tryAll index=1
E/TrafficStats( 6963): [QCTMM]tryAll index=2
E/TrafficStats( 6963): [QCTMM]tryAll index=1
E/TrafficStats( 6963): [QCTMM]tryAll index=2
E/TrafficStats( 6963): [QCTMM]tryAll index=1
E/TrafficStats( 6963): [QCTMM]tryAll index=2
E/TrafficStats( 6963): [QCTMM]tryAll index=1
E/TrafficStats( 6963): [QCTMM]tryAll index=2
D/UDP-TIMING( 7443): 280 0 -0.147476000
D/UDP-TIMING( 7443): 281 0 -0.157324000
D/UDP-TIMING( 7443): 282 0 -0.137746000
D/UDP-TIMING( 7443): 283 0 -0.147692000
D/UDP-TIMING( 7443): 284 0 -0.158175000
D/UDP-TIMING( 7443): 285 0 -0.167880000
E/TrafficStats( 1673): [QCTMM]tryAll index=1
E/TrafficStats( 1673): [QCTMM]tryAll index=2
E/TrafficStats( 1673): [QCTMM]tryAll index=1
E/TrafficStats( 1673): [QCTMM]tryAll index=2
D/DATA    ( 1860): sentSinceLastRecv=0,watchdogTrigger=10,maxindex=0
D/UDP-TIMING( 7443): 286 0 -0.148455000
D/UDP-TIMING( 7443): 287 0 -0.158390000
D/UDP-TIMING( 7443): 288 0 -0.138395000
D/UDP-TIMING( 7443): 289 0 -0.148959000
D/UDP-TIMING( 7443): 290 0 -0.159053000
D/UDP-TIMING( 7443): 291 0 -0.139242000
D/UDP-TIMING( 7443): 292 0 -0.149119000
D/UDP-TIMING( 7443): 293 0 -0.159474000
D/UDP-TIMING( 7443): 294 0 -0.139325000
D/UDP-TIMING( 7443): 295 0 -0.149832000
E/TrafficStats( 1673): [QCTMM]tryAll index=1
E/TrafficStats( 1673): [QCTMM]tryAll index=2
E/TrafficStats( 1673): [QCTMM]tryAll index=1
E/TrafficStats( 1673): [QCTMM]tryAll index=2
D/DATA    ( 1860): sentSinceLastRecv=0,watchdogTrigger=10,maxindex=0
D/UDP-TIMING( 7443): 296 0 -0.159626000
D/UDP-TIMING( 7443): 297 0 -0.139751000
D/UDP-TIMING( 7443): 298 0 -0.149910000
D/UDP-TIMING( 7443): 299 0 -0.160341000
D/UDP-TIMING( 7443): 300 0 -0.140471000
D/UDP-TIMING( 7443): 301 0 -0.150300000
D/UDP-TIMING( 7443): 302 0 -0.160511000
D/UDP-TIMING( 7443): 303 0 -0.140610000
D/UDP-TIMING( 7443): 304 0 -0.150990000
D/UDP-TIMING( 7443): 305 0 -0.160168000
E/TrafficStats( 1673): [QCTMM]tryAll index=1
E/TrafficStats( 1673): [QCTMM]tryAll index=2
E/TrafficStats( 1673): [QCTMM]tryAll index=1
E/TrafficStats( 1673): [QCTMM]tryAll index=2
D/DATA    ( 1860): sentSinceLastRecv=0,watchdogTrigger=10,maxindex=0
D/UDP-TIMING( 7443): 306 0 -0.141295000
D/UDP-TIMING( 7443): 307 0 -0.151136000
D/UDP-TIMING( 7443): 308 0 -0.161638000
D/UDP-TIMING( 7443): 309 0 -0.141651000
D/UDP-TIMING( 7443): 310 0 -0.151857000
D/UDP-TIMING( 7443): 311 0 -0.161420000
D/UDP-TIMING( 7443): 312 0 -0.141808000
D/UDP-TIMING( 7443): 313 0 -0.152212000
D/UDP-TIMING( 7443): 314 0 -0.162415000
D/UDP-TIMING( 7443): 315 0 -0.142503000
E/TrafficStats( 1673): [QCTMM]tryAll index=1
E/TrafficStats( 1673): [QCTMM]tryAll index=2
E/TrafficStats( 1673): [QCTMM]tryAll index=1
E/TrafficStats( 1673): [QCTMM]tryAll index=2
D/UDP-TIMING( 7443): 316 0 -0.151794000
D/DATA    ( 1860): sentSinceLastRecv=0,watchdogTrigger=10,maxindex=0
D/UDP-TIMING( 7443): 317 0 -0.162758000
D/UDP-TIMING( 7443): 318 0 -0.142599000
D/UDP-TIMING( 7443): 319 0 -0.153197000
D/UDP-TIMING( 7443): 320 0 -0.162963000
D/UDP-TIMING( 7443): 321 0 -0.143393000
D/UDP-TIMING( 7443): 322 0 -0.153387000
D/UDP-TIMING( 7443): 323 0 -0.163794000
D/UDP-TIMING( 7443): 324 0 -0.143926000
D/UDP-TIMING( 7443): 325 0 -0.154058000
D/UDP-TIMING( 7443): 326 0 -0.163926000
E/TrafficStats( 1673): [QCTMM]tryAll index=1
E/TrafficStats( 1673): [QCTMM]tryAll index=2
E/TrafficStats( 1673): [QCTMM]tryAll index=1
E/TrafficStats( 1673): [QCTMM]tryAll index=2
D/DATA    ( 1860): sentSinceLastRecv=0,watchdogTrigger=10,maxindex=0
D/UDP-TIMING( 7443): 327 0 -0.144160000
D/UDP-TIMING( 7443): 328 0 -0.154624000
D/UDP-TIMING( 7443): 329 0 -0.164661000
D/UDP-TIMING( 7443): 330 0 -0.144812000
D/UDP-TIMING( 7443): 331 0 -0.154745000
D/UDP-TIMING( 7443): 332 0 -0.165103000
D/UDP-TIMING( 7443): 333 0 -0.145083000
D/UDP-TIMING( 7443): 334 0 -0.155464000
D/UDP-TIMING( 7443): 335 0 -0.165348000
D/UDP-TIMING( 7443): 336 0 -0.145692000
E/TrafficStats( 1673): [QCTMM]tryAll index=1
E/TrafficStats( 1673): [QCTMM]tryAll index=2
E/TrafficStats( 1673): [QCTMM]tryAll index=1
E/TrafficStats( 1673): [QCTMM]tryAll index=2
D/DATA    ( 1860): sentSinceLastRecv=0,watchdogTrigger=10,maxindex=0
D/UDP-TIMING( 7443): 337 0 -0.155548000
D/UDP-TIMING( 7443): 338 0 -0.166054000
D/UDP-TIMING( 7443): 339 0 -0.146164000
D/UDP-TIMING( 7443): 340 0 -0.156396000
D/UDP-TIMING( 7443): 341 0 -0.166156000
D/UDP-TIMING( 7443): 342 0 -0.146271000
D/UDP-TIMING( 7443): 343 0 -0.156822000
E/TrafficStats( 6963): [QCTMM]tryAll index=1
E/TrafficStats( 6963): [QCTMM]tryAll index=2
E/TrafficStats( 6963): [QCTMM]tryAll index=1
E/TrafficStats( 6963): [QCTMM]tryAll index=2
E/TrafficStats( 6963): [QCTMM]tryAll index=1
E/TrafficStats( 6963): [QCTMM]tryAll index=2
E/TrafficStats( 6963): [QCTMM]tryAll index=1
E/TrafficStats( 6963): [QCTMM]tryAll index=2
D/UDP-TIMING( 7443): 344 0 -0.166102000
D/UDP-TIMING( 7443): 345 0 -0.147036000
D/UDP-TIMING( 7443): 346 0 -0.156903000
E/TrafficStats( 1673): [QCTMM]tryAll index=1
E/TrafficStats( 1673): [QCTMM]tryAll index=2
E/TrafficStats( 1673): [QCTMM]tryAll index=1
E/TrafficStats( 1673): [QCTMM]tryAll index=2
D/DATA    ( 1860): sentSinceLastRecv=0,watchdogTrigger=10,maxindex=0
D/UDP-TIMING( 7443): 347 0 -0.167287000
D/UDP-TIMING( 7443): 348 0 -0.147179000
D/UDP-TIMING( 7443): 349 0 -0.157596000
D/UDP-TIMING( 7443): 350 0 -0.167578000
D/UDP-TIMING( 7443): 351 0 -0.147720000
D/UDP-TIMING( 7443): 352 0 -0.157895000
D/UDP-TIMING( 7443): 353 0 -0.138082000
D/UDP-TIMING( 7443): 354 0 -0.148546000
D/UDP-TIMING( 7443): 355 0 -0.158565000
D/UDP-TIMING( 7443): 356 0 -0.138867000
E/TrafficStats( 1673): [QCTMM]tryAll index=1
E/TrafficStats( 1673): [QCTMM]tryAll index=2
E/TrafficStats( 1673): [QCTMM]tryAll index=1
E/TrafficStats( 1673): [QCTMM]tryAll index=2
D/DATA    ( 1860): sentSinceLastRecv=0,watchdogTrigger=10,maxindex=0
D/UDP-TIMING( 7443): 357 0 -0.148639000
D/UDP-TIMING( 7443): 358 0 -0.159120000
D/UDP-TIMING( 7443): 359 0 -0.138962000
D/UDP-TIMING( 7443): 360 0 -0.149473000
D/UDP-TIMING( 7443): 361 0 -0.159372000
D/UDP-TIMING( 7443): 362 0 -0.139470000
D/UDP-TIMING( 7443): 363 0 -0.149666000
D/UDP-TIMING( 7443): 364 0 -0.160151000
D/UDP-TIMING( 7443): 365 0 -0.140306000
D/UDP-TIMING( 7443): 366 0 -0.150216000
E/TrafficStats( 1673): [QCTMM]tryAll index=1
E/TrafficStats( 1673): [QCTMM]tryAll index=2
E/TrafficStats( 1673): [QCTMM]tryAll index=1
E/TrafficStats( 1673): [QCTMM]tryAll index=2
D/DATA    ( 1860): sentSinceLastRecv=0,watchdogTrigger=10,maxindex=0
D/UDP-TIMING( 7443): 367 0 -0.160272000
D/UDP-TIMING( 7443): 368 0 -0.140520000
D/UDP-TIMING( 7443): 369 0 -0.150933000
D/UDP-TIMING( 7443): 370 0 -0.160770000
D/UDP-TIMING( 7443): 371 0 -0.141210000
D/UDP-TIMING( 7443): 372 0 -0.151134000
D/UDP-TIMING( 7443): 373 0 -0.161607000
D/UDP-TIMING( 7443): 374 0 -0.141750000
D/UDP-TIMING( 7443): 375 0 -0.151870000
D/UDP-TIMING( 7443): 376 0 -0.161737000
E/TrafficStats( 1673): [QCTMM]tryAll index=1
E/TrafficStats( 1673): [QCTMM]tryAll index=2
E/TrafficStats( 1673): [QCTMM]tryAll index=1
E/TrafficStats( 1673): [QCTMM]tryAll index=2
D/DATA    ( 1860): sentSinceLastRecv=0,watchdogTrigger=10,maxindex=0
D/UDP-TIMING( 7443): 377 0 -0.141837000
D/UDP-TIMING( 7443): 378 0 -0.152332000
D/UDP-TIMING( 7443): 379 0 -0.162565000
D/UDP-TIMING( 7443): 380 0 -0.142740000
D/UDP-TIMING( 7443): 381 0 -0.152569000
D/UDP-TIMING( 7443): 382 0 -0.162940000
D/UDP-TIMING( 7443): 383 0 -0.142806000
D/UDP-TIMING( 7443): 384 0 -0.153322000
D/UDP-TIMING( 7443): 385 0 -0.163156000
D/UDP-TIMING( 7443): 386 0 -0.143678000
D/UDP-TIMING( 7443): 387 0 -0.153548000
E/TrafficStats( 1673): [QCTMM]tryAll index=1
E/TrafficStats( 1673): [QCTMM]tryAll index=2
E/TrafficStats( 1673): [QCTMM]tryAll index=1
E/TrafficStats( 1673): [QCTMM]tryAll index=2
D/DATA    ( 1860): sentSinceLastRecv=0,watchdogTrigger=10,maxindex=0
D/UDP-TIMING( 7443): 388 0 -0.163922000
D/UDP-TIMING( 7443): 389 0 -0.144043000
D/UDP-TIMING( 7443): 390 0 -0.154276000
D/UDP-TIMING( 7443): 391 0 -0.164183000
D/UDP-TIMING( 7443): 392 0 -0.144303000
D/UDP-TIMING( 7443): 393 0 -0.154811000
D/UDP-TIMING( 7443): 394 0 -0.164926000
D/UDP-TIMING( 7443): 395 0 -0.145054000
D/UDP-TIMING( 7443): 396 0 -0.154909000
D/UDP-TIMING( 7443): 397 0 -0.165191000
E/TrafficStats( 1673): [QCTMM]tryAll index=1
E/TrafficStats( 1673): [QCTMM]tryAll index=2
E/TrafficStats( 1673): [QCTMM]tryAll index=1
E/TrafficStats( 1673): [QCTMM]tryAll index=2
D/DATA    ( 1860): sentSinceLastRecv=0,watchdogTrigger=10,maxindex=0
D/UDP-TIMING( 7443): 398 0 -0.145136000
D/UDP-TIMING( 7443): 399 0 -0.155447000
D/UDP-TIMING( 7443): 400 0 -0.165402000
D/UDP-TIMING( 7443): 401 0 -0.145817000
D/UDP-TIMING( 7443): 402 0 -0.155747000
E/TrafficStats( 6963): [QCTMM]tryAll index=1
E/TrafficStats( 6963): [QCTMM]tryAll index=2
E/TrafficStats( 6963): [QCTMM]tryAll index=1
E/TrafficStats( 6963): [QCTMM]tryAll index=2
E/TrafficStats( 6963): [QCTMM]tryAll index=1
E/TrafficStats( 6963): [QCTMM]tryAll index=2
E/TrafficStats( 6963): [QCTMM]tryAll index=1
E/TrafficStats( 6963): [QCTMM]tryAll index=2
D/UDP-TIMING( 7443): 403 0 -0.165641000
D/UDP-TIMING( 7443): 404 0 -0.146301000
D/UDP-TIMING( 7443): 405 0 -0.156433000
D/UDP-TIMING( 7443): 406 0 -0.166268000
D/UDP-TIMING( 7443): 407 0 -0.146400000
E/TrafficStats( 1673): [QCTMM]tryAll index=1
E/TrafficStats( 1673): [QCTMM]tryAll index=2
E/TrafficStats( 1673): [QCTMM]tryAll index=1
E/TrafficStats( 1673): [QCTMM]tryAll index=2
D/DATA    ( 1860): sentSinceLastRecv=0,watchdogTrigger=10,maxindex=0
D/UDP-TIMING( 7443): 408 0 -0.156719000
D/UDP-TIMING( 7443): 409 0 -0.166807000
D/UDP-TIMING( 7443): 410 0 -0.147192000
D/UDP-TIMING( 7443): 411 0 -0.156985000
D/UDP-TIMING( 7443): 412 0 -0.167247000
D/UDP-TIMING( 7443): 413 0 -0.147363000
D/UDP-TIMING( 7443): 414 0 -0.157726000
D/UDP-TIMING( 7443): 415 0 -0.167560000
D/UDP-TIMING( 7443): 416 0 -0.147686000
D/UDP-TIMING( 7443): 417 0 -0.157946000
E/TrafficStats( 1673): [QCTMM]tryAll index=1
E/TrafficStats( 1673): [QCTMM]tryAll index=2
E/TrafficStats( 1673): [QCTMM]tryAll index=1
E/TrafficStats( 1673): [QCTMM]tryAll index=2
D/DATA    ( 1860): sentSinceLastRecv=0,watchdogTrigger=10,maxindex=0
D/UDP-TIMING( 7443): 418 0 -0.168355000
D/UDP-TIMING( 7443): 419 0 -0.148449000
D/UDP-TIMING( 7443): 420 0 -0.158301000
D/UDP-TIMING( 7443): 421 0 -0.168483000
D/UDP-TIMING( 7443): 422 0 -0.148596000
D/UDP-TIMING( 7443): 423 0 -0.159117000
