E/TrafficStats( 6963): [QCTMM]tryAll index=2
D/UDP-TIMING( 7443): 4550 0 -0.151970000
D/UDP-TIMING( 7443): 4551 0 -0.162407000
D/UDP-TIMING( 7443): 4552 0 -0.172282000
D/UDP-TIMING( 7443): 4553 0 -0.152386000
D/UDP-TIMING( 7443): 4554 0 -0.162483000
E/TrafficStats( 6963): [QCTMM]tryAll index=1
E/TrafficStats( 6963): [QCTMM]tryAll index=2
E/TrafficStats( 6963): [QCTMM]tryAll index=1
E/TrafficStats( 6963): [QCTMM]tryAll index=2
E/TrafficStats( 6963): [QCTMM]tryAll index=1
E/TrafficStats( 6963): [QCTMM]tryAll index=2
E/TrafficStats( 6963): [QCTMM]tryAll index=1
E/TrafficStats( 6963): [QCTMM]tryAll index=2
D/UDP-TIMING( 7443): 4555 0 -0.173387000
D/dalvikvm( 6963): GC_CONCURRENT freed 464K, 51% free 3291K/6599K, external 0K/0K, paused 3ms+2ms
D/UDP-TIMING( 7443): 4556 0 -0.153583000
D/UDP-TIMING( 7443): 4557 0 -0.162993000
D/UDP-TIMING( 7443): 4558 0 -0.173098000
E/TrafficStats( 1673): [QCTMM]tryAll index=1
E/TrafficStats( 1673): [QCTMM]tryAll index=2
E/TrafficStats( 1673): [QCTMM]tryAll index=1
E/TrafficStats( 1673): [QCTMM]tryAll index=2
D/DATA    ( 1860): sentSinceLastRecv=0,watchdogTrigger=10,maxindex=0
D/UDP-TIMING( 7443): 4559 0 -0.153225000
D/UDP-TIMING( 7443): 4560 0 -0.163654000
D/UDP-TIMING( 7443): 4561 0 -0.173458000
D/UDP-TIMING( 7443): 4562 0 -0.153938000
D/UDP-TIMING( 7443): 4563 0 -0.163837000
D/UDP-TIMING( 7443): 4564 0 -0.174275000
D/UDP-TIMING( 7443): 4565 0 -0.154421000
D/UDP-TIMING( 7443): 4566 0 -0.164590000
D/UDP-TIMING( 7443): 4567 0 -0.174394000
D/UDP-TIMING( 7443): 4568 0 -0.154495000
E/TrafficStats( 1673): [QCTMM]tryAll index=1
E/TrafficStats( 1673): [QCTMM]tryAll index=2
E/TrafficStats( 1673): [QCTMM]tryAll index=1
E/TrafficStats( 1673): [QCTMM]tryAll index=2
D/DATA    ( 1860): sentSinceLastRecv=0,watchdogTrigger=10,maxindex=0
D/UDP-TIMING( 7443): 4569 0 -0.165002000
D/UDP-TIMING( 7443): 4570 0 -0.173512000
D/UDP-TIMING( 7443): 4571 0 -0.155261000
D/UDP-TIMING( 7443): 4572 0 -0.165329000
D/UDP-TIMING( 7443): 4573 0 -0.175748000
D/UDP-TIMING( 7443): 4574 0 -0.155611000
D/UDP-TIMING( 7443): 4575 0 -0.166010000
D/UDP-TIMING( 7443): 4576 0 -0.175748000
D/UDP-TIMING( 7443): 4577 0 -0.156200000
D/UDP-TIMING( 7443): 4578 0 -0.166129000
E/TrafficStats( 1673): [QCTMM]tryAll index=1
E/TrafficStats( 1673): [QCTMM]tryAll index=2
E/TrafficStats( 1673): [QCTMM]tryAll index=1
E/TrafficStats( 1673): [QCTMM]tryAll index=2
D/DATA    ( 1860): sentSinceLastRecv=0,watchdogTrigger=10,maxindex=0
D/UDP-TIMING( 7443): 4579 0 -0.176506000
D/UDP-TIMING( 7443): 4580 0 -0.156667000
D/UDP-TIMING( 7443): 4581 0 -0.166813000
D/UDP-TIMING( 7443): 4582 0 -0.176757000
D/UDP-TIMING( 7443): 4583 0 -0.156757000
D/UDP-TIMING( 7443): 4584 0 -0.167307000
D/UDP-TIMING( 7443): 4585 0 -0.147158000
D/UDP-TIMING( 7443): 4586 0 -0.157635000
D/UDP-TIMING( 7443): 4587 0 -0.167449000
D/UDP-TIMING( 7443): 4588 0 -0.147626000
E/TrafficStats( 1673): [QCTMM]tryAll index=1
E/TrafficStats( 1673): [QCTMM]tryAll index=2
E/TrafficStats( 1673): [QCTMM]tryAll index=1
E/TrafficStats( 1673): [QCTMM]tryAll index=2
D/DATA    ( 1860): sentSinceLastRecv=0,watchdogTrigger=10,maxindex=0
D/UDP-TIMING( 7443): 4589 0 -0.157839000
D/UDP-TIMING( 7443): 4590 0 -0.168558000
D/UDP-TIMING( 7443): 4591 0 -0.148391000
D/UDP-TIMING( 7443): 4592 0 -0.158571000
D/UDP-TIMING( 7443): 4593 0 -0.168321000
D/UDP-TIMING( 7443): 4594 0 -0.148455000
D/UDP-TIMING( 7443): 4595 0 -0.158925000
D/UDP-TIMING( 7443): 4596 0 -0.169023000
D/UDP-TIMING( 7443): 4597 0 -0.149152000
D/UDP-TIMING( 7443): 4598 0 -0.158982000
E/TrafficStats( 1673): [QCTMM]tryAll index=1
E/TrafficStats( 1673): [QCTMM]tryAll index=2
E/TrafficStats( 1673): [QCTMM]tryAll index=1
E/TrafficStats( 1673): [QCTMM]tryAll index=2
D/UDP-TIMING( 7443): 4599 0 -0.168559000
D/DATA    ( 1860): sentSinceLastRecv=0,watchdogTrigger=10,maxindex=0
D/UDP-TIMING( 7443): 4600 0 -0.149290000
D/UDP-TIMING( 7443): 4601 0 -0.159665000
D/UDP-TIMING( 7443): 4602 0 -0.169551000
D/UDP-TIMING( 7443): 4603 0 -0.149650000
D/UDP-TIMING( 7443): 4604 0 -0.159882000
D/UDP-TIMING( 7443): 4605 0 -0.170300000
D/UDP-TIMING( 7443): 4606 0 -0.150473000
D/UDP-TIMING( 7443): 4607 0 -0.160355000
D/UDP-TIMING( 7443): 4608 0 -0.170472000
E/TrafficStats( 1673): [QCTMM]tryAll index=1
E/TrafficStats( 1673): [QCTMM]tryAll index=2
E/TrafficStats( 1673): [QCTMM]tryAll index=1
E/TrafficStats( 1673): [QCTMM]tryAll index=2
D/DATA    ( 1860): sentSinceLastRecv=0,watchdogTrigger=10,maxindex=0
D/UDP-TIMING( 7443): 4609 0 -0.149925000
D/UDP-TIMING( 7443): 4610 0 -0.160953000
D/UDP-TIMING( 7443): 4611 0 -0.170875000
E/TrafficStats( 6963): [QCTMM]tryAll index=1
E/TrafficStats( 6963): [QCTMM]tryAll index=2
E/TrafficStats( 6963): [QCTMM]tryAll index=1
E/TrafficStats( 6963): [QCTMM]tryAll index=2
E/TrafficStats( 6963): [QCTMM]tryAll index=1
E/TrafficStats( 6963): [QCTMM]tryAll index=2
D/UDP-TIMING( 7443): 4612 0 -0.150439000
E/TrafficStats( 6963): [QCTMM]tryAll index=1
E/TrafficStats( 6963): [QCTMM]tryAll index=2
D/UDP-TIMING( 7443): 4613 0 -0.160835000
D/UDP-TIMING( 7443): 4614 0 -0.171522000
D/UDP-TIMING( 7443): 4615 0 -0.151607000
D/UDP-TIMING( 7443): 4616 0 -0.161899000
D/UDP-TIMING( 7443): 4617 0 -0.171712000
D/UDP-TIMING( 7443): 4618 0 -0.151941000
D/UDP-TIMING( 7443): 4619 0 -0.162486000
E/TrafficStats( 1673): [QCTMM]tryAll index=1
E/TrafficStats( 1673): [QCTMM]tryAll index=2
E/TrafficStats( 1673): [QCTMM]tryAll index=1
E/TrafficStats( 1673): [QCTMM]tryAll index=2
D/DATA    ( 1860): sentSinceLastRecv=0,watchdogTrigger=10,maxindex=0
D/UDP-TIMING( 7443): 4620 0 -0.172478000
D/UDP-TIMING( 7443): 4621 0 -0.152741000
D/UDP-TIMING( 7443): 4622 0 -0.162708000
D/UDP-TIMING( 7443): 4623 0 -0.173065000
D/UDP-TIMING( 7443): 4624 0 -0.152928000
D/UDP-TIMING( 7443): 4625 0 -0.163395000
D/UDP-TIMING( 7443): 4626 0 -0.173295000
D/UDP-TIMING( 7443): 4627 0 -0.153712000
D/UDP-TIMING( 7443): 4628 0 -0.163522000
D/UDP-TIMING( 7443): 4629 0 -0.173879000
E/TrafficStats( 1673): [QCTMM]tryAll index=1
E/TrafficStats( 1673): [QCTMM]tryAll index=2
E/TrafficStats( 1673): [QCTMM]tryAll index=1
E/TrafficStats( 1673): [QCTMM]tryAll index=2
D/DATA    ( 1860): sentSinceLastRecv=0,watchdogTrigger=10,maxindex=0
D/UDP-TIMING( 7443): 4630 0 -0.154003000
D/UDP-TIMING( 7443): 4631 0 -0.164162000
D/UDP-TIMING( 7443): 4632 0 -0.174134000
D/UDP-TIMING( 7443): 4633 0 -0.154241000
D/UDP-TIMING( 7443): 4634 0 -0.164706000
D/UDP-TIMING( 7443): 4635 0 -0.174875000
D/UDP-TIMING( 7443): 4636 0 -0.154978000
D/UDP-TIMING( 7443): 4637 0 -0.164756000
D/UDP-TIMING( 7443): 4638 0 -0.175291000
D/UDP-TIMING( 7443): 4639 0 -0.155158000
E/TrafficStats( 1673): [QCTMM]tryAll index=1
E/TrafficStats( 1673): [QCTMM]tryAll index=2
E/TrafficStats( 1673): [QCTMM]tryAll index=1
E/TrafficStats( 1673): [QCTMM]tryAll index=2
D/DATA    ( 1860): sentSinceLastRecv=0,watchdogTrigger=10,maxindex=0
D/UDP-TIMING( 7443): 4640 0 -0.165529000
D/UDP-TIMING( 7443): 4641 0 -0.175320000
D/UDP-TIMING( 7443): 4642 0 -0.155874000
D/UDP-TIMING( 7443): 4643 0 -0.165687000
D/UDP-TIMING( 7443): 4644 0 -0.176162000
D/UDP-TIMING( 7443): 4645 0 -0.156352000
D/UDP-TIMING( 7443): 4646 0 -0.166531000
D/UDP-TIMING( 7443): 4647 0 -0.176342000
D/UDP-TIMING( 7443): 4648 0 -0.156176000
D/UDP-TIMING( 7443): 4649 0 -0.167020000
E/TrafficStats( 1673): [QCTMM]tryAll index=1
E/TrafficStats( 1673): [QCTMM]tryAll index=2
E/TrafficStats( 1673): [QCTMM]tryAll index=1
E/TrafficStats( 1673): [QCTMM]tryAll index=2
D/DATA    ( 1860): sentSinceLastRecv=0,watchdogTrigger=10,maxindex=0
D/UDP-TIMING( 7443): 4650 0 -0.175200000
D/UDP-TIMING( 7443): 4651 0 -0.157232000
D/UDP-TIMING( 7443): 4652 0 -0.167089000
D/UDP-TIMING( 7443): 4653 0 -0.177456000
D/UDP-TIMING( 7443): 4654 0 -0.157291000
D/UDP-TIMING( 7443): 4655 0 -0.167839000
D/UDP-TIMING( 7443): 4656 0 -0.177710000
D/UDP-TIMING( 7443): 4657 0 -0.157857000
D/UDP-TIMING( 7443): 4658 0 -0.168032000
D/UDP-TIMING( 7443): 4659 0 -0.148166000
E/TrafficStats( 1673): [QCTMM]tryAll index=1
E/TrafficStats( 1673): [QCTMM]tryAll index=2
E/TrafficStats( 1673): [QCTMM]tryAll index=1
E/TrafficStats( 1673): [QCTMM]tryAll index=2
D/DATA    ( 1860): sentSinceLastRecv=0,watchdogTrigger=10,maxindex=0
D/UDP-TIMING( 7443): 4660 0 -0.158059000
D/UDP-TIMING( 7443): 4661 0 -0.168340000
D/UDP-TIMING( 7443): 4662 0 -0.148752000
D/UDP-TIMING( 7443): 4663 0 -0.158684000
D/UDP-TIMING( 7443): 4664 0 -0.169158000
D/UDP-TIMING( 7443): 4665 0 -0.149307000
D/UDP-TIMING( 7443): 4666 0 -0.159445000
D/UDP-TIMING( 7443): 4667 0 -0.169274000
D/UDP-TIMING( 7443): 4668 0 -0.149462000
D/UDP-TIMING( 7443): 4669 0 -0.159566000
D/UDP-TIMING( 7443): 4670 0 -0.169334000
E/TrafficStats( 1673): [QCTMM]tryAll index=1
E/TrafficStats( 1673): [QCTMM]tryAll index=2
E/TrafficStats( 1673): [QCTMM]tryAll index=1
E/TrafficStats( 1673): [QCTMM]tryAll index=2
D/DATA    ( 1860): sentSinceLastRecv=0,watchdogTrigger=10,maxindex=0
D/UDP-TIMING( 7443): 4671 0 -0.150159000
D/UDP-TIMING( 7443): 4672 0 -0.160160000
D/UDP-TIMING( 7443): 4673 0 -0.170297000
D/UDP-TIMING( 7443): 4674 0 -0.150501000
D/UDP-TIMING( 7443): 4675 0 -0.160919000
E/TrafficStats( 6963): [QCTMM]tryAll index=1
E/TrafficStats( 6963): [QCTMM]tryAll index=2
E/TrafficStats( 6963): [QCTMM]tryAll index=1
E/TrafficStats( 6963): [QCTMM]tryAll index=2
D/UDP-TIMING( 7443): 4676 0 -0.170742000
E/TrafficStats( 6963): [QCTMM]tryAll index=1
E/TrafficStats( 6963): [QCTMM]tryAll index=2
E/TrafficStats( 6963): [QCTMM]tryAll index=1
E/TrafficStats( 6963): [QCTMM]tryAll index=2
D/UDP-TIMING( 7443): 4677 0 -0.151104000
D/UDP-TIMING( 7443): 4678 0 -0.161066000
D/UDP-TIMING( 7443): 4679 0 -0.171580000
D/UDP-TIMING( 7443): 4680 0 -0.151363000
E/TrafficStats( 1673): [QCTMM]tryAll index=1
E/TrafficStats( 1673): [QCTMM]tryAll index=2
E/TrafficStats( 1673): [QCTMM]tryAll index=1
E/TrafficStats( 1673): [QCTMM]tryAll index=2
D/DATA    ( 1860): sentSinceLastRecv=0,watchdogTrigger=10,maxindex=0
D/UDP-TIMING( 7443): 4681 0 -0.161833000
D/UDP-TIMING( 7443): 4682 0 -0.171642000
D/UDP-TIMING( 7443): 4683 0 -0.151798000
D/UDP-TIMING( 7443): 4684 0 -0.162299000
D/UDP-TIMING( 7443): 4685 0 -0.172406000
D/UDP-TIMING( 7443): 4686 0 -0.152507000
D/UDP-TIMING( 7443): 4687 0 -0.162439000
D/UDP-TIMING( 7443): 4688 0 -0.172842000
D/UDP-TIMING( 7443): 4689 0 -0.152770000
D/UDP-TIMING( 7443): 4690 0 -0.163169000
E/TrafficStats( 1673): [QCTMM]tryAll index=1
E/TrafficStats( 1673): [QCTMM]tryAll index=2
E/TrafficStats( 1673): [QCTMM]tryAll index=1
E/TrafficStats( 1673): [QCTMM]tryAll index=2
D/DATA    ( 1860): sentSinceLastRecv=0,watchdogTrigger=10,maxindex=0
D/UDP-TIMING( 7443): 4691 0 -0.173006000
D/UDP-TIMING( 7443): 4692 0 -0.153422000
D/UDP-TIMING( 7443): 4693 0 -0.163306000
D/UDP-TIMING( 7443): 4694 0 -0.173782000
D/UDP-TIMING( 7443): 4695 0 -0.153938000
D/UDP-TIMING( 7443): 4696 0 -0.163899000
D/UDP-TIMING( 7443): 4697 0 -0.173894000
D/UDP-TIMING( 7443): 4698 0 -0.154086000
D/UDP-TIMING( 7443): 4699 0 -0.164590000
D/UDP-TIMING( 7443): 4700 0 -0.144330000
E/TrafficStats( 1673): [QCTMM]tryAll index=1
E/TrafficStats( 1673): [QCTMM]tryAll index=2
E/TrafficStats( 1673): [QCTMM]tryAll index=1
E/TrafficStats( 1673): [QCTMM]tryAll index=2
D/DATA    ( 1860): sentSinceLastRecv=0,watchdogTrigger=10,maxindex=0
D/UDP-TIMING( 7443): 4701 0 -0.154823000
D/UDP-TIMING( 7443): 4702 0 -0.164740000
D/UDP-TIMING( 7443): 4703 0 -0.175085000
D/UDP-TIMING( 7443): 4704 0 -0.154949000
D/UDP-TIMING( 7443): 4705 0 -0.165408000
D/UDP-TIMING( 7443): 4706 0 -0.175206000
D/UDP-TIMING( 7443): 4707 0 -0.155673000
D/UDP-TIMING( 7443): 4708 0 -0.165353000
D/UDP-TIMING( 7443): 4709 0 -0.176059000
D/UDP-TIMING( 7443): 4710 0 -0.156140000
E/TrafficStats( 1673): [QCTMM]tryAll index=1
E/TrafficStats( 1673): [QCTMM]tryAll index=2
E/TrafficStats( 1673): [QCTMM]tryAll index=1
E/TrafficStats( 1673): [QCTMM]tryAll index=2
D/DATA    ( 1860): sentSinceLastRecv=0,watchdogTrigger=10,maxindex=0
D/UDP-TIMING( 7443): 4711 0 -0.166396000
D/UDP-TIMING( 7443): 4712 0 -0.176289000
D/UDP-TIMING( 7443): 4713 0 -0.156461000
D/UDP-TIMING( 7443): 4714 0 -0.166959000
D/UDP-TIMING( 7443): 4715 0 -0.177034000
D/UDP-TIMING( 7443): 4716 0 -0.157168000
D/UDP-TIMING( 7443): 4717 0 -0.167111000
D/UDP-TIMING( 7443): 4718 0 -0.177515000
D/UDP-TIMING( 7443): 4719 0 -0.157317000
D/UDP-TIMING( 7443): 4720 0 -0.167731000
E/TrafficStats( 1673): [QCTMM]tryAll index=1
E/TrafficStats( 1673): [QCTMM]tryAll index=2
E/TrafficStats( 1673): [QCTMM]tryAll index=1
E/TrafficStats( 1673): [QCTMM]tryAll index=2
D/DATA    ( 1860): sentSinceLastRecv=0,watchdogTrigger=10,maxindex=0
D/UDP-TIMING( 7443): 4721 0 -0.147801000
D/UDP-TIMING( 7443): 4722 0 -0.157614000
V/DeviceStorageMonitorService( 1673): freeMemory=2098774016
D/DeviceStorageMonitorService( 1673): OoO SMS Memory available. SMS_AVAILABLE_THRESHOLD == 524288
I/DeviceStorageMonitorService( 1673): Posting Message again
D/UDP-TIMING( 7443): 4723 0 -0.167761000
D/UDP-TIMING( 7443): 4724 0 -0.178460000
D/UDP-TIMING( 7443): 4725 0 -0.158388000
D/UDP-TIMING( 7443): 4726 0 -0.168390000
D/UDP-TIMING( 7443): 4727 0 -0.148840000
D/UDP-TIMING( 7443): 4728 0 -0.158784000
D/UDP-TIMING( 7443): 4729 0 -0.169113000
D/UDP-TIMING( 7443): 4730 0 -0.177382000
E/TrafficStats( 1673): [QCTMM]tryAll index=1
E/TrafficStats( 1673): [QCTMM]tryAll index=2
E/TrafficStats( 1673): [QCTMM]tryAll index=1
E/TrafficStats( 1673): [QCTMM]tryAll index=2
D/UDP-TIMING( 7443): 4731 0 -0.158991000
D/DATA    ( 1860): sentSinceLastRecv=0,watchdogTrigger=10,maxindex=0
D/UDP-TIMING( 7443): 4732 0 -0.169354000
E/TrafficStats( 6963): [QCTMM]tryAll index=1
E/TrafficStats( 6963): [QCTMM]tryAll index=2
E/TrafficStats( 6963): [QCTMM]tryAll index=1
E/TrafficStats( 6963): [QCTMM]tryAll index=2
E/TrafficStats( 6963): [QCTMM]tryAll index=1
E/TrafficStats( 6963): [QCTMM]tryAll index=2
E/TrafficStats( 6963): [QCTMM]tryAll index=1
E/TrafficStats( 6963): [QCTMM]tryAll index=2
D/UDP-TIMING( 7443): 4733 0 -0.148908000
D/UDP-TIMING( 7443): 4734 0 -0.159803000
D/UDP-TIMING( 7443): 4735 0 -0.169984000
D/UDP-TIMING( 7443): 4736 0 -0.150194000
D/UDP-TIMING( 7443): 4737 0 -0.160095000
D/UDP-TIMING( 7443): 4738 0 -0.170412000
D/UDP-TIMING( 7443): 4739 0 -0.150363000
D/UDP-TIMING( 7443): 4740 0 -0.160717000
D/UDP-TIMING( 7443): 4741 0 -0.170618000
E/TrafficStats( 1673): [QCTMM]tryAll index=1
E/TrafficStats( 1673): [QCTMM]tryAll index=2
E/TrafficStats( 1673): [QCTMM]tryAll index=1
E/TrafficStats( 1673): [QCTMM]tryAll index=2
D/DATA    ( 1860): sentSinceLastRecv=0,watchdogTrigger=10,maxindex=0
D/UDP-TIMING( 7443): 4742 0 -0.151125000
D/UDP-TIMING( 7443): 4743 0 -0.160961000
D/UDP-TIMING( 7443): 4744 0 -0.171495000
D/UDP-TIMING( 7443): 4745 0 -0.151590000
D/UDP-TIMING( 7443): 4746 0 -0.161808000
D/UDP-TIMING( 7443): 4747 0 -0.171639000
D/UDP-TIMING( 7443): 4748 0 -0.151672000
D/UDP-TIMING( 7443): 4749 0 -0.162192000
D/UDP-TIMING( 7443): 4750 0 -0.172607000
D/UDP-TIMING( 7443): 4751 0 -0.152535000
E/TrafficStats( 1673): [QCTMM]tryAll index=1
E/TrafficStats( 1673): [QCTMM]tryAll index=2
E/TrafficStats( 1673): [QCTMM]tryAll index=1
E/TrafficStats( 1673): [QCTMM]tryAll index=2
D/DATA    ( 1860): sentSinceLastRecv=0,watchdogTrigger=10,maxindex=0
D/UDP-TIMING( 7443): 4752 0 -0.162468000
D/UDP-TIMING( 7443): 4753 0 -0.172853000
D/UDP-TIMING( 7443): 4754 0 -0.152819000
D/UDP-TIMING( 7443): 4755 0 -0.163420000
D/UDP-TIMING( 7443): 4756 0 -0.173367000
D/UDP-TIMING( 7443): 4757 0 -0.153771000
D/UDP-TIMING( 7443): 4758 0 -0.163625000
D/UDP-TIMING( 7443): 4759 0 -0.174056000
D/UDP-TIMING( 7443): 4760 0 -0.154107000
D/UDP-TIMING( 7443): 4761 0 -0.164378000
E/TrafficStats( 1673): [QCTMM]tryAll index=1
E/TrafficStats( 1673): [QCTMM]tryAll index=2
E/TrafficStats( 1673): [QCTMM]tryAll index=1
E/TrafficStats( 1673): [QCTMM]tryAll index=2
D/DATA    ( 1860): sentSinceLastRecv=0,watchdogTrigger=10,maxindex=0
D/UDP-TIMING( 7443): 4762 0 -0.174209000
D/UDP-TIMING( 7443): 4763 0 -0.154407000
D/UDP-TIMING( 7443): 4764 0 -0.164868000
D/UDP-TIMING( 7443): 4765 0 -0.174971000
D/UDP-TIMING( 7443): 4766 0 -0.155044000
D/UDP-TIMING( 7443): 4767 0 -0.164959000
D/UDP-TIMING( 7443): 4768 0 -0.145047000
D/UDP-TIMING( 7443): 4769 0 -0.155278000
D/UDP-TIMING( 7443): 4770 0 -0.165575000
D/UDP-TIMING( 7443): 4771 0 -0.175441000
E/TrafficStats( 1673): [QCTMM]tryAll index=1
E/TrafficStats( 1673): [QCTMM]tryAll index=2
E/TrafficStats( 1673): [QCTMM]tryAll index=1
E/TrafficStats( 1673): [QCTMM]tryAll index=2
D/DATA    ( 1860): sentSinceLastRecv=0,watchdogTrigger=10,maxindex=0
D/UDP-TIMING( 7443): 4772 0 -0.155584000
D/UDP-TIMING( 7443): 4773 0 -0.165910000
D/UDP-TIMING( 7443): 4774 0 -0.176377000
D/UDP-TIMING( 7443): 4775 0 -0.156555000
D/UDP-TIMING( 7443): 4776 0 -0.166413000
D/UDP-TIMING( 7443): 4777 0 -0.176523000
D/UDP-TIMING( 7443): 4778 0 -0.156690000
D/UDP-TIMING( 7443): 4779 0 -0.167202000
D/UDP-TIMING( 7443): 4780 0 -0.177126000
D/UDP-TIMING( 7443): 4781 0 -0.157514000
E/TrafficStats( 1673): [QCTMM]tryAll index=1
E/TrafficStats( 1673): [QCTMM]tryAll index=2
E/TrafficStats( 1673): [QCTMM]tryAll index=1
E/TrafficStats( 1673): [QCTMM]tryAll index=2
D/DATA    ( 1860): sentSinceLastRecv=0,watchdogTrigger=10,maxindex=0
D/UDP-TIMING( 7443): 4782 0 -0.167283000
D/UDP-TIMING( 7443): 4783 0 -0.147482000
D/UDP-TIMING( 7443): 4784 0 -0.157528000
D/UDP-TIMING( 7443): 4785 0 -0.168068000
D/UDP-TIMING( 7443): 4786 0 -0.148155000
D/UDP-TIMING( 7443): 4787 0 -0.158130000
D/UDP-TIMING( 7443): 4788 0 -0.168254000
D/UDP-TIMING( 7443): 4789 0 -0.148383000
E/TrafficStats( 6963): [QCTMM]tryAll index=1
E/TrafficStats( 6963): [QCTMM]tryAll index=2
E/TrafficStats( 6963): [QCTMM]tryAll index=1
E/TrafficStats( 6963): [QCTMM]tryAll index=2
D/UDP-TIMING( 7443): 4790 0 -0.158386000
E/TrafficStats( 6963): [QCTMM]tryAll index=1
E/TrafficStats( 6963): [QCTMM]tryAll index=2
E/TrafficStats( 6963): [QCTMM]tryAll index=1
E/TrafficStats( 6963): [QCTMM]tryAll index=2
D/UDP-TIMING( 7443): 4791 0 -0.168769000
E/TrafficStats( 1673): [QCTMM]tryAll index=1
E/TrafficStats( 1673): [QCTMM]tryAll index=2
E/TrafficStats( 1673): [QCTMM]tryAll index=1
E/TrafficStats( 1673): [QCTMM]tryAll index=2
D/DATA    ( 1860): sentSinceLastRecv=0,watchdogTrigger=10,maxindex=0
D/UDP-TIMING( 7443): 4792 0 -0.149174000
W/HtcEbdLog( 1553): [write_kernel_log] Need Rotate Log! g_outByteCount = 1048576
D/UDP-TIMING( 7443): 4793 0 -0.158935000
D/UDP-TIMING( 7443): 4794 0 -0.169837000
D/UDP-TIMING( 7443): 4795 0 -0.150108000
D/UDP-TIMING( 7443): 4796 0 -0.159716000
D/UDP-TIMING( 7443): 4797 0 -0.169617000
D/UDP-TIMING( 7443): 4798 0 -0.149713000
D/UDP-TIMING( 7443): 4799 0 -0.160259000
D/UDP-TIMING( 7443): 4800 0 -0.170314000
D/UDP-TIMING( 7443): 4801 0 -0.150458000
E/TrafficStats( 1673): [QCTMM]tryAll index=1
E/TrafficStats( 1673): [QCTMM]tryAll index=2
E/TrafficStats( 1673): [QCTMM]tryAll index=1
E/TrafficStats( 1673): [QCTMM]tryAll index=2
D/DATA    ( 1860): sentSinceLastRecv=0,watchdogTrigger=10,maxindex=0
D/UDP-TIMING( 7443): 4802 0 -0.160964000
D/UDP-TIMING( 7443): 4803 0 -0.170780000
D/UDP-TIMING( 7443): 4804 0 -0.150552000
D/UDP-TIMING( 7443): 4805 0 -0.161081000
D/UDP-TIMING( 7443): 4806 0 -0.170925000
D/UDP-TIMING( 7443): 4807 0 -0.151291000
D/UDP-TIMING( 7443): 4808 0 -0.161104000
D/UDP-TIMING( 7443): 4809 0 -0.171472000
D/UDP-TIMING( 7443): 4810 0 -0.151648000
D/UDP-TIMING( 7443): 4811 0 -0.161874000
D/UDP-TIMING( 7443): 4812 0 -0.171759000
E/TrafficStats( 1673): [QCTMM]tryAll index=1
E/TrafficStats( 1673): [QCTMM]tryAll index=2
E/TrafficStats( 1673): [QCTMM]tryAll index=1
E/TrafficStats( 1673): [QCTMM]tryAll index=2
D/DATA    ( 1860): sentSinceLastRecv=0,watchdogTrigger=10,maxindex=0
D/UDP-TIMING( 7443): 4813 0 -0.151939000
D/UDP-TIMING( 7443): 4814 0 -0.162431000
D/UDP-TIMING( 7443): 4815 0 -0.172544000
D/UDP-TIMING( 7443): 4816 0 -0.152690000
D/UDP-TIMING( 7443): 4817 0 -0.162557000
D/UDP-TIMING( 7443): 4818 0 -0.172985000
D/UDP-TIMING( 7443): 4819 0 -0.152862000
D/UDP-TIMING( 7443): 4820 0 -0.163199000
D/UDP-TIMING( 7443): 4821 0 -0.172978000
E/TrafficStats( 1673): [QCTMM]tryAll index=1
E/TrafficStats( 1673): [QCTMM]tryAll index=2
E/TrafficStats( 1673): [QCTMM]tryAll index=1
E/TrafficStats( 1673): [QCTMM]tryAll index=2
D/UDP-TIMING( 7443): 4822 0 -0.151344000
D/DATA    ( 1860): sentSinceLastRecv=0,watchdogTrigger=10,maxindex=0
D/UDP-TIMING( 7443): 4823 0 -0.163298000
D/UDP-TIMING( 7443): 4824 0 -0.173749000
D/UDP-TIMING( 7443): 4825 0 -0.153939000
D/UDP-TIMING( 7443): 4826 0 -0.164074000
D/UDP-TIMING( 7443): 4827 0 -0.173950000
D/UDP-TIMING( 7443): 4828 0 -0.154098000
D/UDP-TIMING( 7443): 4829 0 -0.164641000
D/UDP-TIMING( 7443): 4830 0 -0.175084000
D/UDP-TIMING( 7443): 4831 0 -0.154950000
D/UDP-TIMING( 7443): 4832 0 -0.164937000
E/TrafficStats( 1673): [QCTMM]tryAll index=1
E/TrafficStats( 1673): [QCTMM]tryAll index=2
E/TrafficStats( 1673): [QCTMM]tryAll index=1
E/TrafficStats( 1673): [QCTMM]tryAll index=2
D/DATA    ( 1860): sentSinceLastRecv=0,watchdogTrigger=10,maxindex=0
D/UDP-TIMING( 7443): 4833 0 -0.175249000
D/UDP-TIMING( 7443): 4834 0 -0.155115000
D/UDP-TIMING( 7443): 4835 0 -0.165622000
D/UDP-TIMING( 7443): 4836 0 -0.175503000
D/UDP-TIMING( 7443): 4837 0 -0.155654000
D/UDP-TIMING( 7443): 4838 0 -0.165764000
D/UDP-TIMING( 7443): 4839 0 -0.176207000
D/UDP-TIMING( 7443): 4840 0 -0.156381000
D/UDP-TIMING( 7443): 4841 0 -0.166282000
D/UDP-TIMING( 7443): 4842 0 -0.176475000
E/TrafficStats( 1673): [QCTMM]tryAll index=1
E/TrafficStats( 1673): [QCTMM]tryAll index=2
E/TrafficStats( 1673): [QCTMM]tryAll index=1
E/TrafficStats( 1673): [QCTMM]tryAll index=2
D/DATA    ( 1860): sentSinceLastRecv=0,watchdogTrigger=10,maxindex=0
D/UDP-TIMING( 7443): 4843 0 -0.156608000
D/UDP-TIMING( 7443): 4844 0 -0.167064000
D/UDP-TIMING( 7443): 4845 0 -0.176861000
D/UDP-TIMING( 7443): 4846 0 -0.157360000
D/UDP-TIMING( 7443): 4847 0 -0.167297000
D/UDP-TIMING( 7443): 4848 0 -0.177740000
D/UDP-TIMING( 7443): 4849 0 -0.157088000
D/UDP-TIMING( 7443): 4850 0 -0.168009000
D/UDP-TIMING( 7443): 4851 0 -0.177940000
E/TrafficStats( 6963): [QCTMM]tryAll index=1
E/TrafficStats( 6963): [QCTMM]tryAll index=2
E/TrafficStats( 6963): [QCTMM]tryAll index=1
E/TrafficStats( 6963): [QCTMM]tryAll index=2
E/TrafficStats( 6963): [QCTMM]tryAll index=1
E/TrafficStats( 6963): [QCTMM]tryAll index=2
E/TrafficStats( 6963): [QCTMM]tryAll index=1
E/TrafficStats( 6963): [QCTMM]tryAll index=2
D/UDP-TIMING( 7443): 4852 0 -0.157940000
D/dalvikvm( 6963): GC_CONCURRENT freed 421K, 51% free 3268K/6599K, external 0K/0K, paused 7ms+2ms
E/TrafficStats( 1673): [QCTMM]tryAll index=1
E/TrafficStats( 1673): [QCTMM]tryAll index=2
E/TrafficStats( 1673): [QCTMM]tryAll index=1
E/TrafficStats( 1673): [QCTMM]tryAll index=2
D/DATA    ( 1860): sentSinceLastRecv=0,watchdogTrigger=10,maxindex=0
D/UDP-TIMING( 7443): 4853 0 -0.168917000
D/UDP-TIMING( 7443): 4854 0 -0.148285000
D/UDP-TIMING( 7443): 4855 0 -0.158674000
D/UDP-TIMING( 7443): 4856 0 -0.168620000
D/UDP-TIMING( 7443): 4857 0 -0.148969000
D/UDP-TIMING( 7443): 4858 0 -0.158976000
D/UDP-TIMING( 7443): 4859 0 -0.169349000
D/UDP-TIMING( 7443): 4860 0 -0.149418000
D/UDP-TIMING( 7443): 4861 0 -0.159632000
D/UDP-TIMING( 7443): 4862 0 -0.169518000
E/TrafficStats( 1673): [QCTMM]tryAll index=1
E/TrafficStats( 1673): [QCTMM]tryAll index=2
E/TrafficStats( 1673): [QCTMM]tryAll index=1
E/TrafficStats( 1673): [QCTMM]tryAll index=2
D/DATA    ( 1860): sentSinceLastRecv=0,watchdogTrigger=10,maxindex=0
D/UDP-TIMING( 7443): 4863 0 -0.149559000
D/UDP-TIMING( 7443): 4864 0 -0.160028000
D/UDP-TIMING( 7443): 4865 0 -0.170295000
D/UDP-TIMING( 7443): 4866 0 -0.150421000
D/UDP-TIMING( 7443): 4867 0 -0.160341000
D/UDP-TIMING( 7443): 4868 0 -0.170689000
D/UDP-TIMING( 7443): 4869 0 -0.150618000
D/UDP-TIMING( 7443): 4870 0 -0.161070000
D/UDP-TIMING( 7443): 4871 0 -0.170951000
D/UDP-TIMING( 7443): 4872 0 -0.151429000
E/TrafficStats( 1673): [QCTMM]tryAll index=1
E/TrafficStats( 1673): [QCTMM]tryAll index=2
E/TrafficStats( 1673): [QCTMM]tryAll index=1
E/TrafficStats( 1673): [QCTMM]tryAll index=2
D/DATA    ( 1860): sentSinceLastRecv=0,watchdogTrigger=10,maxindex=0
D/UDP-TIMING( 7443): 4873 0 -0.161259000
D/UDP-TIMING( 7443): 4874 0 -0.171752000
D/UDP-TIMING( 7443): 4875 0 -0.151816000
D/UDP-TIMING( 7443): 4876 0 -0.161939000
D/UDP-TIMING( 7443): 4877 0 -0.171695000
D/UDP-TIMING( 7443): 4878 0 -0.151843000
D/UDP-TIMING( 7443): 4879 0 -0.162347000
D/UDP-TIMING( 7443): 4880 0 -0.172465000
D/UDP-TIMING( 7443): 4881 0 -0.152558000
D/UDP-TIMING( 7443): 4882 0 -0.162445000
E/TrafficStats( 1673): [QCTMM]tryAll index=1
E/TrafficStats( 1673): [QCTMM]tryAll index=2
D/UDP-TIMING( 7443): 4883 0 -0.172278000
E/TrafficStats( 1673): [QCTMM]tryAll index=1
E/TrafficStats( 1673): [QCTMM]tryAll index=2
D/DATA    ( 1860): sentSinceLastRecv=0,watchdogTrigger=10,maxindex=0
D/UDP-TIMING( 7443): 4884 0 -0.152635000
D/UDP-TIMING( 7443): 4885 0 -0.163207000
D/UDP-TIMING( 7443): 4886 0 -0.173000000
D/UDP-TIMING( 7443): 4887 0 -0.153198000
D/UDP-TIMING( 7443): 4888 0 -0.163350000
D/UDP-TIMING( 7443): 4889 0 -0.173730000
D/UDP-TIMING( 7443): 4890 0 -0.153849000
D/UDP-TIMING( 7443): 4891 0 -0.163807000
D/UDP-TIMING( 7443): 4892 0 -0.173936000
E/TrafficStats( 1673): [QCTMM]tryAll index=1
E/TrafficStats( 1673): [QCTMM]tryAll index=2
E/TrafficStats( 1673): [QCTMM]tryAll index=1
D/UDP-TIMING( 7443): 4893 0 -0.153600000
E/TrafficStats( 1673): [QCTMM]tryAll index=2
D/DATA    ( 1860): sentSinceLastRecv=0,watchdogTrigger=10,maxindex=0
D/UDP-TIMING( 7443): 4894 0 -0.164573000
D/UDP-TIMING( 7443): 4895 0 -0.174675000
D/UDP-TIMING( 7443): 4896 0 -0.154854000
D/UDP-TIMING( 7443): 4897 0 -0.164742000
D/UDP-TIMING( 7443): 4898 0 -0.175123000
D/UDP-TIMING( 7443): 4899 0 -0.154813000
D/UDP-TIMING( 7443): 4900 0 -0.165349000
D/UDP-TIMING( 7443): 4901 0 -0.175380000
D/UDP-TIMING( 7443): 4902 0 -0.155498000
D/UDP-TIMING( 7443): 4903 0 -0.165699000
E/TrafficStats( 1673): [QCTMM]tryAll index=1
E/TrafficStats( 1673): [QCTMM]tryAll index=2
E/TrafficStats( 1673): [QCTMM]tryAll index=1
E/TrafficStats( 1673): [QCTMM]tryAll index=2
D/DATA    ( 1860): sentSinceLastRecv=0,watchdogTrigger=10,maxindex=0
D/UDP-TIMING( 7443): 4904 0 -0.176143000
D/UDP-TIMING( 7443): 4905 0 -0.156297000
D/UDP-TIMING( 7443): 4906 0 -0.166159000
D/UDP-TIMING( 7443): 4907 0 -0.176271000
D/UDP-TIMING( 7443): 4908 0 -0.156422000
D/UDP-TIMING( 7443): 4909 0 -0.166880000
D/UDP-TIMING( 7443): 4910 0 -0.176109000
D/UDP-TIMING( 7443): 4911 0 -0.157257000
E/TrafficStats( 6963): [QCTMM]tryAll index=1
E/TrafficStats( 6963): [QCTMM]tryAll index=2
E/TrafficStats( 6963): [QCTMM]tryAll index=1
E/TrafficStats( 6963): [QCTMM]tryAll index=2
E/TrafficStats( 6963): [QCTMM]tryAll index=1
E/TrafficStats( 6963): [QCTMM]tryAll index=2
E/TrafficStats( 6963): [QCTMM]tryAll index=1
E/TrafficStats( 6963): [QCTMM]tryAll index=2
D/UDP-TIMING( 7443): 4912 0 -0.167065000
D/UDP-TIMING( 7443): 4913 0 -0.177464000
E/TrafficStats( 1673): [QCTMM]tryAll index=1
E/TrafficStats( 1673): [QCTMM]tryAll index=2
E/TrafficStats( 1673): [QCTMM]tryAll index=1
E/TrafficStats( 1673): [QCTMM]tryAll index=2
D/DATA    ( 1860): sentSinceLastRecv=0,watchdogTrigger=10,maxindex=0
D/UDP-TIMING( 7443): 4914 0 -0.157631000
D/UDP-TIMING( 7443): 4915 0 -0.167878000
D/UDP-TIMING( 7443): 4916 0 -0.148086000
D/UDP-TIMING( 7443): 4917 0 -0.157898000
D/UDP-TIMING( 7443): 4918 0 -0.168422000
D/UDP-TIMING( 7443): 4919 0 -0.148329000
D/UDP-TIMING( 7443): 4920 0 -0.158749000
D/UDP-TIMING( 7443): 4921 0 -0.168528000
D/UDP-TIMING( 7443): 4922 0 -0.179043000
D/UDP-TIMING( 7443): 4923 0 -0.158839000
E/TrafficStats( 1673): [QCTMM]tryAll index=1
E/TrafficStats( 1673): [QCTMM]tryAll index=2
E/TrafficStats( 1673): [QCTMM]tryAll index=1
E/TrafficStats( 1673): [QCTMM]tryAll index=2
D/DATA    ( 1860): sentSinceLastRecv=0,watchdogTrigger=10,maxindex=0
D/UDP-TIMING( 7443): 4924 0 -0.169240000
D/UDP-TIMING( 7443): 4925 0 -0.149451000
D/UDP-TIMING( 7443): 4926 0 -0.159660000
D/UDP-TIMING( 7443): 4927 0 -0.169475000
D/UDP-TIMING( 7443): 4928 0 -0.149654000
D/UDP-TIMING( 7443): 4929 0 -0.160101000
D/UDP-TIMING( 7443): 4930 0 -0.170186000
D/UDP-TIMING( 7443): 4931 0 -0.150345000
D/UDP-TIMING( 7443): 4932 0 -0.160228000
D/UDP-TIMING( 7443): 4933 0 -0.170686000
E/TrafficStats( 1673): [QCTMM]tryAll index=1
E/TrafficStats( 1673): [QCTMM]tryAll index=2
E/TrafficStats( 1673): [QCTMM]tryAll index=1
E/TrafficStats( 1673): [QCTMM]tryAll index=2
D/DATA    ( 1860): sentSinceLastRecv=0,watchdogTrigger=10,maxindex=0
D/UDP-TIMING( 7443): 4934 0 -0.150568000
D/UDP-TIMING( 7443): 4935 0 -0.161019000
D/UDP-TIMING( 7443): 4936 0 -0.170862000
D/UDP-TIMING( 7443): 4937 0 -0.151310000
D/UDP-TIMING( 7443): 4938 0 -0.161173000
D/UDP-TIMING( 7443): 4939 0 -0.171578000
D/UDP-TIMING( 7443): 4940 0 -0.151769000
D/UDP-TIMING( 7443): 4941 0 -0.161983000
D/UDP-TIMING( 7443): 4942 0 -0.171886000
D/UDP-TIMING( 7443): 4943 0 -0.151978000
E/TrafficStats( 1673): [QCTMM]tryAll index=1
E/TrafficStats( 1673): [QCTMM]tryAll index=2
E/TrafficStats( 1673): [QCTMM]tryAll index=1
E/TrafficStats( 1673): [QCTMM]tryAll index=2
D/DATA    ( 1860): [PhoneNotifier] notifyDataActivityLTE
D/DATA    ( 1860): [QCTMM] DataNetStatistics mIsScreenOn newActivity=DATAINANDOUT
D/DATA    ( 1860): sentSinceLastRecv=0,watchdogTrigger=10,maxindex=0
D/StatusBarPolicy( 1816): hasService()=true ,mDataState=2 ,mPhone.htcModemLinkOn()=false ,mDataActivity=3
D/UDP-TIMING( 7443): 4944 0 -0.161980000
D/StatusBarPolicy( 1816): slotType[0]=RUIM
D/UDP-TIMING( 7443): 4945 0 -0.172739000
D/UDP-TIMING( 7443): 4946 0 -0.152766000
D/UDP-TIMING( 7443): 4947 0 -0.162668000
D/UDP-TIMING( 7443): 4948 0 -0.172873000
D/UDP-TIMING( 7443): 4949 0 -0.153031000
D/UDP-TIMING( 7443): 4950 0 -0.163396000
D/UDP-TIMING( 7443): 4951 0 -0.173299000
D/UDP-TIMING( 7443): 4952 0 -0.153784000
D/UDP-TIMING( 7443): 4953 0 -0.163643000
D/UDP-TIMING( 7443): 4954 0 -0.174024000
E/TrafficStats( 1673): [QCTMM]tryAll index=1
E/TrafficStats( 1673): [QCTMM]tryAll index=2
E/TrafficStats( 1673): [QCTMM]tryAll index=1
E/TrafficStats( 1673): [QCTMM]tryAll index=2
D/DATA    ( 1860): [PhoneNotifier] notifyDataActivityLTE
D/DATA    ( 1860): [QCTMM] DataNetStatistics mIsScreenOn newActivity=DATAIN
D/DATA    ( 1860): sentSinceLastRecv=0,watchdogTrigger=10,maxindex=0
D/StatusBarPolicy( 1816): hasService()=true ,mDataState=2 ,mPhone.htcModemLinkOn()=false ,mDataActivity=1
D/StatusBarPolicy( 1816): slotType[0]=RUIM
D/UDP-TIMING( 7443): 4955 0 -0.154091000
D/UDP-TIMING( 7443): 4956 0 -0.164366000
D/UDP-TIMING( 7443): 4957 0 -0.174287000
D/UDP-TIMING( 7443): 4958 0 -0.154343000
D/UDP-TIMING( 7443): 4959 0 -0.164843000
D/UDP-TIMING( 7443): 4960 0 -0.174955000
D/UDP-TIMING( 7443): 4961 0 -0.155122000
D/UDP-TIMING( 7443): 4962 0 -0.165021000
D/UDP-TIMING( 7443): 4963 0 -0.175421000
D/UDP-TIMING( 7443): 4964 0 -0.155263000
E/TrafficStats( 1673): [QCTMM]tryAll index=1
E/TrafficStats( 1673): [QCTMM]tryAll index=2
E/TrafficStats( 1673): [QCTMM]tryAll index=1
E/TrafficStats( 1673): [QCTMM]tryAll index=2
D/DATA    ( 1860): sentSinceLastRecv=0,watchdogTrigger=10,maxindex=0
D/UDP-TIMING( 7443): 4965 0 -0.165648000
D/UDP-TIMING( 7443): 4966 0 -0.175543000
D/UDP-TIMING( 7443): 4967 0 -0.155972000
D/UDP-TIMING( 7443): 4968 0 -0.165900000
D/UDP-TIMING( 7443): 4969 0 -0.176336000
D/UDP-TIMING( 7443): 4970 0 -0.156610000
E/TrafficStats( 6963): [QCTMM]tryAll index=1
E/TrafficStats( 6963): [QCTMM]tryAll index=2
E/TrafficStats( 6963): [QCTMM]tryAll index=1
E/TrafficStats( 6963): [QCTMM]tryAll index=2
E/TrafficStats( 6963): [QCTMM]tryAll index=1
E/TrafficStats( 6963): [QCTMM]tryAll index=2
E/TrafficStats( 6963): [QCTMM]tryAll index=1
E/TrafficStats( 6963): [QCTMM]tryAll index=2
D/UDP-TIMING( 7443): 4971 0 -0.166750000
D/UDP-TIMING( 7443): 4972 0 -0.176707000
D/UDP-TIMING( 7443): 4973 0 -0.156880000
D/UDP-TIMING( 7443): 4974 0 -0.167333000
E/TrafficStats( 1673): [QCTMM]tryAll index=1
E/TrafficStats( 1673): [QCTMM]tryAll index=2
E/TrafficStats( 1673): [QCTMM]tryAll index=1
E/TrafficStats( 1673): [QCTMM]tryAll index=2
D/DATA    ( 1860): sentSinceLastRecv=0,watchdogTrigger=10,maxindex=0
D/UDP-TIMING( 7443): 4975 0 -0.177525000
D/UDP-TIMING( 7443): 4976 0 -0.157555000
D/UDP-TIMING( 7443): 4977 0 -0.167518000
D/UDP-TIMING( 7443): 4978 0 -0.178007000
D/UDP-TIMING( 7443): 4979 0 -0.157880000
D/UDP-TIMING( 7443): 4980 0 -0.168304000
D/UDP-TIMING( 7443): 4981 0 -0.148476000
D/UDP-TIMING( 7443): 4982 0 -0.158649000
D/UDP-TIMING( 7443): 4983 0 -0.168513000
D/UDP-TIMING( 7443): 4984 0 -0.148754000
E/TrafficStats( 1673): [QCTMM]tryAll index=1
E/TrafficStats( 1673): [QCTMM]tryAll index=2
E/TrafficStats( 1673): [QCTMM]tryAll index=1
E/TrafficStats( 1673): [QCTMM]tryAll index=2
D/DATA    ( 1860): sentSinceLastRecv=0,watchdogTrigger=10,maxindex=0
D/UDP-TIMING( 7443): 4985 0 -0.159200000
D/UDP-TIMING( 7443): 4986 0 -0.169434000
D/UDP-TIMING( 7443): 4987 0 -0.149510000
D/UDP-TIMING( 7443): 4988 0 -0.159411000
D/dalvikvm( 7021): GC_EXPLICIT freed 8K, 48% free 3349K/6343K, external 0K/0K, paused 27ms
D/UDP-TIMING( 7443): 4989 0 -0.170259000
D/UDP-TIMING( 7443): 4990 0 -0.149757000
D/UDP-TIMING( 7443): 4991 0 -0.160194000
D/UDP-TIMING( 7443): 4992 0 -0.170158000
D/UDP-TIMING( 7443): 4993 0 -0.150247000
D/UDP-TIMING( 7443): 4994 0 -0.160461000
E/TrafficStats( 1673): [QCTMM]tryAll index=1
E/TrafficStats( 1673): [QCTMM]tryAll index=2
E/TrafficStats( 1673): [QCTMM]tryAll index=1
E/TrafficStats( 1673): [QCTMM]tryAll index=2
D/DATA    ( 1860): sentSinceLastRecv=0,watchdogTrigger=10,maxindex=0
D/UDP-TIMING( 7443): 4995 0 -0.170390000
D/UDP-TIMING( 7443): 4996 0 -0.151091000
D/UDP-TIMING( 7443): 4997 0 -0.160982000
D/UDP-TIMING( 7443): 4998 0 -0.171095000
D/UDP-TIMING( 7443): 4999 0 -0.151244000
D/UDP-TIMING( 7443): 5000 0 -0.161827000
D/UDP-TIMING( 7443): 5001 0 -0.171600000
D/UDP-TIMING( 7443): 5002 0 -0.152084000
D/UDP-TIMING( 7443): 5003 0 -0.161991000
D/UDP-TIMING( 7443): 5004 0 -0.172449000
E/TrafficStats( 1673): [QCTMM]tryAll index=1
E/TrafficStats( 1673): [QCTMM]tryAll index=2
E/TrafficStats( 1673): [QCTMM]tryAll index=1
E/TrafficStats( 1673): [QCTMM]tryAll index=2
D/DATA    ( 1860): sentSinceLastRecv=0,watchdogTrigger=10,maxindex=0
D/UDP-TIMING( 7443): 5005 0 -0.152461000
D/UDP-TIMING( 7443): 5006 0 -0.162769000
D/UDP-TIMING( 7443): 5007 0 -0.172718000
D/UDP-TIMING( 7443): 5008 0 -0.152837000
D/UDP-TIMING( 7443): 5009 0 -0.163294000
D/UDP-TIMING( 7443): 5010 0 -0.173367000
D/UDP-TIMING( 7443): 5011 0 -0.153576000
D/UDP-TIMING( 7443): 5012 0 -0.163449000
D/UDP-TIMING( 7443): 5013 0 -0.173865000
D/UDP-TIMING( 7443): 5014 0 -0.153739000
E/TrafficStats( 1673): [QCTMM]tryAll index=1
E/TrafficStats( 1673): [QCTMM]tryAll index=2
D/UDP-TIMING( 7443): 5015 0 -0.163798000
E/TrafficStats( 1673): [QCTMM]tryAll index=1
E/TrafficStats( 1673): [QCTMM]tryAll index=2
D/DATA    ( 1860): sentSinceLastRecv=0,watchdogTrigger=10,maxindex=0
D/UDP-TIMING( 7443): 5016 0 -0.174134000
D/UDP-TIMING( 7443): 5017 0 -0.154615000
D/UDP-TIMING( 7443): 5018 0 -0.164488000
D/UDP-TIMING( 7443): 5019 0 -0.174938000
D/UDP-TIMING( 7443): 5020 0 -0.155076000
D/UDP-TIMING( 7443): 5021 0 -0.165338000
D/UDP-TIMING( 7443): 5022 0 -0.175260000
D/UDP-TIMING( 7443): 5023 0 -0.155410000
D/UDP-TIMING( 7443): 5024 0 -0.165726000
D/UDP-TIMING( 7443): 5025 0 -0.175891000
E/TrafficStats( 1673): [QCTMM]tryAll index=1
E/TrafficStats( 1673): [QCTMM]tryAll index=2
E/TrafficStats( 1673): [QCTMM]tryAll index=1
E/TrafficStats( 1673): [QCTMM]tryAll index=2
D/DATA    ( 1860): sentSinceLastRecv=0,watchdogTrigger=10,maxindex=0
D/UDP-TIMING( 7443): 5026 0 -0.155934000
D/UDP-TIMING( 7443): 5027 0 -0.165933000
D/UDP-TIMING( 7443): 5028 0 -0.176384000
D/UDP-TIMING( 7443): 5029 0 -0.156257000
D/UDP-TIMING( 7443): 5030 0 -0.166707000
D/UDP-TIMING( 7443): 5031 0 -0.176598000
D/UDP-TIMING( 7443): 5032 0 -0.157055000
D/UDP-TIMING( 7443): 5033 0 -0.166993000
E/TrafficStats( 6963): [QCTMM]tryAll index=1
E/TrafficStats( 6963): [QCTMM]tryAll index=2
E/TrafficStats( 6963): [QCTMM]tryAll index=1
E/TrafficStats( 6963): [QCTMM]tryAll index=2
D/UDP-TIMING( 7443): 5034 0 -0.176889000
E/TrafficStats( 6963): [QCTMM]tryAll index=1
E/TrafficStats( 6963): [QCTMM]tryAll index=2
E/TrafficStats( 6963): [QCTMM]tryAll index=1
E/TrafficStats( 6963): [QCTMM]tryAll index=2
D/UDP-TIMING( 7443): 5035 0 -0.157477000
E/TrafficStats( 1673): [QCTMM]tryAll index=1
E/TrafficStats( 1673): [QCTMM]tryAll index=2
E/TrafficStats( 1673): [QCTMM]tryAll index=1
E/TrafficStats( 1673): [QCTMM]tryAll index=2
D/DATA    ( 1860): sentSinceLastRecv=0,watchdogTrigger=10,maxindex=0
D/UDP-TIMING( 7443): 5036 0 -0.167708000
D/UDP-TIMING( 7443): 5037 0 -0.177557000
D/UDP-TIMING( 7443): 5038 0 -0.157757000
D/UDP-TIMING( 7443): 5039 0 -0.168177000
D/dalvikvm( 7056): GC_EXPLICIT freed 24K, 46% free 3097K/5639K, external 0K/0K, paused 88ms
D/UDP-TIMING( 7443): 5040 0 -0.178676000
D/UDP-TIMING( 7443): 5041 0 -0.158492000
D/UDP-TIMING( 7443): 5042 0 -0.168424000
D/UDP-TIMING( 7443): 5043 0 -0.148538000
D/UDP-TIMING( 7443): 5044 0 -0.158768000
D/UDP-TIMING( 7443): 5045 0 -0.169154000
E/TrafficStats( 1673): [QCTMM]tryAll index=1
E/TrafficStats( 1673): [QCTMM]tryAll index=2
E/TrafficStats( 1673): [QCTMM]tryAll index=1
E/TrafficStats( 1673): [QCTMM]tryAll index=2
D/DATA    ( 1860): sentSinceLastRecv=0,watchdogTrigger=10,maxindex=0
D/UDP-TIMING( 7443): 5046 0 -0.149332000
D/UDP-TIMING( 7443): 5047 0 -0.159108000
D/UDP-TIMING( 7443): 5048 0 -0.169306000
D/UDP-TIMING( 7443): 5049 0 -0.149452000
D/UDP-TIMING( 7443): 5050 0 -0.159903000
D/UDP-TIMING( 7443): 5051 0 -0.169777000
D/UDP-TIMING( 7443): 5052 0 -0.150178000
D/UDP-TIMING( 7443): 5053 0 -0.160121000
D/UDP-TIMING( 7443): 5054 0 -0.170477000
D/UDP-TIMING( 7443): 5055 0 -0.150688000
E/TrafficStats( 1673): [QCTMM]tryAll index=1
E/TrafficStats( 1673): [QCTMM]tryAll index=2
E/TrafficStats( 1673): [QCTMM]tryAll index=1
E/TrafficStats( 1673): [QCTMM]tryAll index=2
D/DATA    ( 1860): sentSinceLastRecv=0,watchdogTrigger=10,maxindex=0
D/UDP-TIMING( 7443): 5056 0 -0.160832000
D/UDP-TIMING( 7443): 5057 0 -0.170762000
D/UDP-TIMING( 7443): 5058 0 -0.150906000
D/UDP-TIMING( 7443): 5059 0 -0.161149000
D/UDP-TIMING( 7443): 5060 0 -0.171532000
D/UDP-TIMING( 7443): 5061 0 -0.151715000
D/UDP-TIMING( 7443): 5062 0 -0.161563000
D/UDP-TIMING( 7443): 5063 0 -0.171665000
D/UDP-TIMING( 7443): 5064 0 -0.151830000
D/UDP-TIMING( 7443): 5065 0 -0.162385000
E/TrafficStats( 1673): [QCTMM]tryAll index=1
E/TrafficStats( 1673): [QCTMM]tryAll index=2
E/TrafficStats( 1673): [QCTMM]tryAll index=1
E/TrafficStats( 1673): [QCTMM]tryAll index=2
D/DATA    ( 1860): sentSinceLastRecv=0,watchdogTrigger=10,maxindex=0
D/UDP-TIMING( 7443): 5066 0 -0.172243000
D/UDP-TIMING( 7443): 5067 0 -0.152751000
D/UDP-TIMING( 7443): 5068 0 -0.162505000
D/UDP-TIMING( 7443): 5069 0 -0.173545000
D/UDP-TIMING( 7443): 5070 0 -0.152937000
D/UDP-TIMING( 7443): 5071 0 -0.163397000
D/UDP-TIMING( 7443): 5072 0 -0.173329000
D/UDP-TIMING( 7443): 5073 0 -0.153662000
D/UDP-TIMING( 7443): 5074 0 -0.163563000
D/UDP-TIMING( 7443): 5075 0 -0.173960000
E/TrafficStats( 1673): [QCTMM]tryAll index=1
E/TrafficStats( 1673): [QCTMM]tryAll index=2
E/TrafficStats( 1673): [QCTMM]tryAll index=1
E/TrafficStats( 1673): [QCTMM]tryAll index=2
D/DATA    ( 1860): sentSinceLastRecv=0,watchdogTrigger=10,maxindex=0
D/UDP-TIMING( 7443): 5076 0 -0.154134000
D/UDP-TIMING( 7443): 5077 0 -0.164290000
D/UDP-TIMING( 7443): 5078 0 -0.174135000
D/UDP-TIMING( 7443): 5079 0 -0.154225000
D/UDP-TIMING( 7443): 5080 0 -0.164670000
D/UDP-TIMING( 7443): 5081 0 -0.174887000
D/UDP-TIMING( 7443): 5082 0 -0.154981000
D/UDP-TIMING( 7443): 5083 0 -0.164882000
D/UDP-TIMING( 7443): 5084 0 -0.175262000
D/UDP-TIMING( 7443): 5085 0 -0.155136000
E/TrafficStats( 1673): [QCTMM]tryAll index=1
E/TrafficStats( 1673): [QCTMM]tryAll index=2
E/TrafficStats( 1673): [QCTMM]tryAll index=1
E/TrafficStats( 1673): [QCTMM]tryAll index=2
D/UDP-TIMING( 7443): 5086 0 -0.165146000
D/DATA    ( 1860): sentSinceLastRecv=0,watchdogTrigger=10,maxindex=0
D/UDP-TIMING( 7443): 5087 0 -0.175547000
D/UDP-TIMING( 7443): 5088 0 -0.155700000
D/UDP-TIMING( 7443): 5089 0 -0.165876000
D/UDP-TIMING( 7443): 5090 0 -0.176291000
D/UDP-TIMING( 7443): 5091 0 -0.156557000
D/UDP-TIMING( 7443): 5092 0 -0.166339000
D/UDP-TIMING( 7443): 5093 0 -0.176434000
D/UDP-TIMING( 7443): 5094 0 -0.156584000
D/UDP-TIMING( 7443): 5095 0 -0.167081000
D/UDP-TIMING( 7443): 5096 0 -0.176957000
E/TrafficStats( 1673): [QCTMM]tryAll index=1
E/Traffic