--------- beginning of /dev/log/system
I/Vold    (  108): Vold 2.1 (the revenge) firing up
E/Vold    (  108): Error reading configuration (No such file or directory)... continuing anyways
I/SystemServer(  182): Entered the Android system server!
I/SystemServer(  182): Entropy Service
I/SystemServer(  182): Power Manager
I/SystemServer(  182): Activity Manager
I/ActivityManager(  182): Memory class: 64
I/SystemServer(  182): Telephony Registry
I/SystemServer(  182): Package Manager
E/PackageManager(  182): Adding duplicate shared user, keeping first: android.uid.nfc
E/PackageManager(  182): Occurred while parsing settings at START_TAG <shared-user name='android.uid.nfc' userId='1025'>@1197:51 in java.io.InputStreamReader@416f2d98
E/PackageManager(  182): Bad package setting: package com.android.nfc3 has shared uid 1025 that is not defined
I/Installer(  182): connecting...
I/PackageManager(  182): Pruning dalvik file: data@app@com.android.vending-1.apk@classes.dex
I/PackageManager(  182): Pruning dalvik file: data@app@com.example.hellojni-1.apk@classes.dex
I/PackageManager(  182): Pruning dalvik file: data@app@com.Android.CodeInTheAir.UI-1.apk@classes.dex
W/PackageParser(  182): No actions in intent filter at /system/app/Bluetooth.apk Binary XML file line #125
W/PackageParser(  182): No actions in intent filter at /system/app/Contacts.apk Binary XML file line #525
W/PackageParser(  182): Unknown element under <manifest>: supports-gl-texture at /system/app/GoogleEarth.apk Binary XML file line #32
W/PackageManager(  182): Package com.android.vending at /system/app/Phonesky.apkreverting from /data/app/com.android.vending-1.apk: new version 8010007 better than installed 8010004
W/PackageManager(  182): Couldn't remove dex file for package:  at location /data/app/com.android.vending-1.apk, retcode=-1
W/PackageManager(  182): Trying to update system app code path from /data/app/com.android.vending-1.apk to /system/app/Phonesky.apk
W/PackageManager(  182): Code path for pkg : com.android.vending changing from /data/app/com.android.vending-1.apk to /system/app/Phonesky.apk
W/PackageManager(  182): Resource path for pkg : com.android.vending changing from /data/app/com.android.vending-1.apk to /system/app/Phonesky.apk
I/PackageParser(  182): com.vzw.apnlib: compat added android.permission.WRITE_EXTERNAL_STORAGE android.permission.READ_PHONE_STATE
W/PackageManager(  182): Application package com.vzw.apnlib already installed.  Skipping duplicate.
I/PackageParser(  182): com.vzw.apnservice: compat added android.permission.WRITE_EXTERNAL_STORAGE android.permission.READ_PHONE_STATE
W/PackageManager(  182): System package com.android.vending.updater no longer exists; wiping its data
I/PackageParser(  182): com.example.hellojni: compat added android.permission.READ_PHONE_STATE
I/PackageManager(  182): Time to scan packages: 14.118 seconds
I/PackageManager(  182): Platform changed from 14 to 15; regranting permissions for internal storage
W/PackageManager(  182): Removing dangling permission: com.android.vending.permission.UPDATE_MARKET from package com.android.vending.updater
W/PackageManager(  182): Removing dangling permission: com.android.nfc.permission.NFCEE_ADMIN from package com.android.nfc3
W/PackageManager(  182): Not granting permission android.permission.SEND_DOWNLOAD_COMPLETED_INTENTS to package com.google.android.browser (protectionLevel=2 flags=0x9be45)
W/PackageManager(  182): Unknown permission android.permission.ADD_SYSTEM_SERVICE in package com.android.phone
W/PackageManager(  182): Unknown permission com.android.smspush.WAPPUSH_MANAGER_BIND in package com.android.phone
W/PackageManager(  182): Unknown permission com.google.android.apps.googlevoice.permission.AUTO_SEND in package com.google.android.voicesearch
W/PackageManager(  182): Unknown permission com.android.vending.billing.IBillingAccountService.BIND2 in package com.google.android.gsf.login
W/PackageManager(  182): Not granting permission android.permission.DEVICE_POWER to package com.google.android.deskclock (protectionLevel=2 flags=0x8be45)
W/PackageManager(  182): Unknown permission android.permission.READ_OWNER_DATA in package com.google.android.setupwizard
W/PackageManager(  182): Unknown permission android.permission.WRITE_OWNER_DATA in package com.google.android.setupwizard
W/PackageManager(  182): Not granting permission com.google.android.gm.permission.READ_GMAIL to package com.google.android.apps.uploader (protectionLevel=2 flags=0x8be45)
W/PackageManager(  182): Unknown permission android.permission.READ_EXTERNAL_STORAGE in package com.android.vending
W/PackageManager(  182): Not granting permission android.permission.SEND_DOWNLOAD_COMPLETED_INTENTS to package com.android.vending (protectionLevel=2 flags=0xabe45)
W/PackageManager(  182): Not granting permission android.permission.ACCOUNT_MANAGER to package com.google.android.music (protectionLevel=2 flags=0x8be65)
W/PackageManager(  182): Unknown permission com.android.providers.im.permission.READ_ONLY in package com.google.android.apps.maps
W/PackageManager(  182): Not granting permission android.permission.DEVICE_POWER to package com.android.facelock (protectionLevel=2 flags=0x8be45)
W/PackageManager(  182): Unknown permission android.permission.ACCESS_COARSE_UPDATES in package com.Android.CodeInTheAir.UI
W/PackageManager(  182): Not granting permission android.permission.UPDATE_DEVICE_STATS to package com.Android.CodeInTheAir.UI (protectionLevel=3 flags=0x8446)
W/PackageManager(  182): Unknown permission android.permission.READ_EXTERNAL_STORAGE in package com.google.android.videoeditor
I/SystemServer(  182): Account Manager
I/SystemServer(  182): Content Manager
I/SystemServer(  182): System Content Providers
I/SystemServer(  182): Lights Service
I/SystemServer(  182): Battery Service
I/SystemServer(  182): Vibrator Service
I/SystemServer(  182): Alarm Manager
I/SystemServer(  182): Init Watchdog
I/SystemServer(  182): Window Manager
I/InputManager(  182): Initializing input manager
W/StatusBarManager(  182): warning: no STATUS_BAR_SERVICE
I/InputManager(  182): Starting input manager
I/SystemServer(  182): Bluetooth Service
I/SystemServer(  182): Input Method Service
W/InputManagerService(  182): Couldn't create dir.: /data/system/inputmethod
I/SystemServer(  182): Accessibility Manager
I/ActivityManager(  182): Config changed: {1.0 0mcc0mnc en_US layoutdir=0 sw360dp w360dp h567dp nrml port ?uimode ?night finger -keyb/v/h -nav/h s.2}
I/SystemServer(  182): Device Policy
I/SystemServer(  182): Status Bar
I/SystemServer(  182): Clipboard Service
I/SystemServer(  182): NetworkManagement Service
I/SystemServer(  182): Text Service Manager Service
I/SystemServer(  182): NetworkStats Service
I/SystemServer(  182): NetworkPolicy Service
I/SystemServer(  182): Wi-Fi P2pService
I/SystemServer(  182): Wi-Fi Service
I/SystemServer(  182): Connectivity Service
D/ConnectivityService(  182): ConnectivityService starting up
E/MobileDataStateTracker(  182): default: Ignoring feature request because could not acquire PhoneService
E/MobileDataStateTracker(  182): default: Could not enable APN type "default"
D/NetworkManagementService(  182): Registering observer
D/NetworkManagementService(  182): Registering observer
I/WifiService(  182): WifiService starting up with Wi-Fi disabled
I/SystemServer(  182): Throttle Service
I/SystemServer(  182): Mount Service
D/MountService(  182): got storage path: /mnt/sdcard description: Internal Storage primary: true removable: false emulated: true mtpReserve: 100 allowMassStorage: false maxFileSize: 0
D/MountService(  182): using emulated external storage
I/SystemServer(  182): Notification Manager
D/VoldCmdListener(  108): volume list
I/SystemServer(  182): Device Storage Monitor
I/SystemServer(  182): Location Manager
I/SystemServer(  182): Country Detector
I/SystemServer(  182): Search Service
I/SystemServer(  182): DropBox Service
I/SystemServer(  182): Wallpaper Service
I/SystemServer(  182): Audio Service
I/SystemServer(  182): Dock Observer
I/SystemServer(  182): Wired Accessory Observer
I/SystemServer(  182): USB Service
I/SystemServer(  182): UI Mode Manager Service
I/SystemServer(  182): Backup Service
V/BackupManagerService(  182): Initializing package tracking
V/BackupManagerService(  182): addPackageParticipantsLocked: all
I/BackupManagerService(  182): New app com.android.nfc never backed up; scheduling
I/BackupManagerService(  182): New app com.android.sharedstoragebackup never backed up; scheduling
V/BackupManagerService(  182): Registering transport android/com.android.internal.backup.LocalTransport = com.android.internal.backup.LocalTransport@41af7400
V/BackupManagerService(  182): Starting with transport com.google.android.backup/.BackupTransportService
V/BackupManagerService(  182): Binding to Google transport
I/BackupManagerService(  182): Found stale backup journal, scheduling
I/BackupManagerService(  182):   com.android.providers.settings
I/BackupManagerService(  182): Backup enabled => true
I/SystemServer(  182): AppWidget Service
I/SystemServer(  182): Recognition Service
I/SystemServer(  182): DiskStats Service
I/SystemServer(  182): SamplingProfiler Service
I/SystemServer(  182): NetworkTimeUpdateService
D/PowerManagerService(  182): system ready!
I/ActivityManager(  182): Sending system update to: ComponentInfo{com.android.providers.calendar/com.android.providers.calendar.CalendarUpgradeReceiver}
I/ActivityManager(  182): Sending system update to: ComponentInfo{com.android.providers.contacts/com.android.providers.contacts.ContactsUpgradeReceiver}
I/ActivityManager(  182): Sending system update to: ComponentInfo{com.android.providers.media/com.android.providers.media.MediaUpgradeReceiver}
I/ActivityManager(  182): Start proc com.android.providers.calendar for broadcast com.android.providers.calendar/.CalendarUpgradeReceiver: pid=289 uid=10008 gids={3003, 1015}
I/ActivityManager(  182): Launching preboot mode app: ProcessRecord{41af87a0 289:com.android.providers.calendar/10008}
V/BackupManagerService(  182): Connected to Google transport
V/BackupManagerService(  182): Registering transport com.google.android.backup/.BackupTransportService = com.google.android.backup.BackupTransportService$1@4199e908
I/ActivityManager(  182): Start proc android.process.acore for broadcast com.android.providers.contacts/.ContactsUpgradeReceiver: pid=308 uid=10000 gids={3003, 1015}
I/ActivityManager(  182): Launching preboot mode app: ProcessRecord{418fbcd0 308:android.process.acore/10000}
I/ActivityManager(  182): Start proc android.process.media for broadcast com.android.providers.media/.MediaUpgradeReceiver: pid=322 uid=10014 gids={1015, 1023, 1024, 2001, 3003, 3007}
I/ActivityManager(  182): Launching preboot mode app: ProcessRecord{41b6ff70 322:android.process.media/10014}
I/ActivityManager(  182): Writing new set of last done pre-boot receivers...
I/ActivityManager(  182): Removing system update proc: ProcessRecord{41af87a0 289:com.android.providers.calendar/10008}
I/ActivityManager(  182): Killing proc 289:com.android.providers.calendar/10008: system update done
I/ActivityManager(  182): Removing system update proc: ProcessRecord{418fbcd0 308:android.process.acore/10000}
I/ActivityManager(  182): Killing proc 308:android.process.acore/10000: system update done
I/ActivityManager(  182): Removing system update proc: ProcessRecord{41b6ff70 322:android.process.media/10014}
I/ActivityManager(  182): Killing proc 322:android.process.media/10014: system update done
I/ActivityManager(  182): System now ready
I/SystemServer(  182): Making services ready
D/SystemServer(  182): Starting service: Intent { cmp=com.android.systemui/.SystemUIService }
I/ActivityManager(  182): Start proc com.android.systemui for service com.android.systemui/.SystemUIService: pid=335 uid=1000 gids={1015, 3002, 3001, 3003, 3007}
D/NetworkManagementService(  182): enabling bandwidth control
D/SystemUIService(  335): loading: class com.android.systemui.statusbar.phone.PhoneStatusBar
D/SystemUIService(  335): running: com.android.systemui.statusbar.phone.PhoneStatusBar@416d63a8
D/NetworkManagementService(  182): Registering observer
D/NetworkManagementService(  182): Registering observer
I/ActivityManager(  182): Config changed: {1.0 0mcc0mnc en_US layoutdir=0 sw360dp w360dp h567dp nrml port finger -keyb/v/h -nav/h s.3}
W/AppWidgetService(  182): No android.appwidget.provider meta-data for AppWidget provider 'ComponentInfo{com.vzw.hss.myverizonged/com.vzw.hss.datameter.receiver.DataMeterReceiver}'
I/ActivityManager(  182): Start proc com.android.phasebeam for service com.android.phasebeam/.PhaseBeamWallpaper: pid=383 uid=10045 gids={}
W/InputManagerService(  182): Ignoring setImeWindowStatus of uid 1000 token: null
I/ActivityManager(  182): Start proc com.google.android.inputmethod.latin for service com.google.android.inputmethod.latin/com.android.inputmethod.latin.LatinIME: pid=395 uid=10030 gids={}
I/StatusBarManagerService(  182): registerStatusBar bar=com.android.internal.statusbar.IStatusBar$Stub$Proxy@41a02b28
D/PhoneStatusBar(  335): disable: < expand icons alerts ticker system_info back home RECENT* clock >
D/NetworkManagementService(  182): Registering observer
I/ActivityManager(  182): Start proc com.android.phone for added application com.android.phone: pid=412 uid=1001 gids={3002, 3001, 3003, 1015}
W/ThrottleService(  182): unable to find stats for iface rmnet0
I/ActivityManager(  182): Start proc com.sec.android.internal.ims for added application com.sec.android.internal.ims: pid=430 uid=10028 gids={3003, 1015}
I/ActivityManager(  182): Start proc com.android.nfc for added application com.android.nfc: pid=446 uid=1027 gids={3002, 3001}
I/ActivityManager(  182): START {act=android.intent.action.MAIN cat=[android.intent.category.HOME] flg=0x10000000 cmp=com.android.launcher/com.android.launcher2.Launcher} from pid 0
I/ActivityManager(  182): Start proc com.android.launcher for activity com.android.launcher/com.android.launcher2.Launcher: pid=462 uid=10031 gids={}
I/ActivityManager(  182): Start proc android.process.media for broadcast com.android.providers.media/.UsbReceiver: pid=473 uid=10014 gids={1015, 1023, 1024, 2001, 3003, 3007}
D/StorageNotification(  335): Startup with UMS connection false (media state mounted)
I/StorageNotification(  335): UMS connection changed to false (media state mounted)
D/SystemUIService(  335): loading: class com.android.systemui.power.PowerUI
D/SystemUIService(  335): running: com.android.systemui.power.PowerUI@41833560
D/WifiService(  182): New client listening to asynchronous messages
I/ActivityManager(  182): Start proc com.google.android.inputmethod.latin.dictionarypack for content provider com.google.android.inputmethod.latin.dictionarypack/.DictionaryProvider: pid=495 uid=10029 gids={3003, 1015}
I/ActivityManager(  182): Start proc android.process.acore for content provider com.android.providers.userdictionary/.UserDictionaryProvider: pid=511 uid=10000 gids={3003, 1015}
W/ActivityManager(  182): Unable to start service Intent { act=com.android.internal.telephony.IWapPushManager }: not found
I/ActivityManager(  182): Start proc com.google.process.gapps for service com.google.android.location/.NetworkLocationService: pid=534 uid=10011 gids={3003, 1015, 1007, 2001, 3006}
I/ActivityManager(  182): Start proc com.android.settings for broadcast com.android.settings/.widget.SettingsAppWidgetProvider: pid=567 uid=1000 gids={1015, 3002, 3001, 3003, 3007}
I/WifiService(  182): WifiService trying to set country code to us with persist set to true
I/ActivityManager(  182): Config changed: {1.0 310mcc4mnc en_US layoutdir=0 sw360dp w360dp h567dp nrml port finger -keyb/v/h -nav/h s.4}
W/ActivityManager(  182): Unable to start service Intent { act=com.android.internal.telephony.IWapPushManager }: not found
W/ActivityManager(  182): Unable to start service Intent { act=com.android.ussd.IExtendedNetworkService }: not found
I/ActivityManager(  182): Start proc com.google.android.deskclock for broadcast com.google.android.deskclock/com.android.alarmclock.AnalogAppWidgetProvider: pid=603 uid=10013 gids={}
I/ActivityManager(  182): Start proc com.fusionone.android.sync.sprimebaclient for broadcast com.fusionone.android.sync.sprimebaclient/com.fusionone.android.sync.receivers.NetworkBroadcastReceiver: pid=620 uid=10057 gids={1015, 3003, 1006}
I/ActivityManager(  182): Start proc com.google.android.gsf.login for on-hold: pid=644 uid=10011 gids={3003, 1015, 1007, 2001, 3006}
D/PowerManagerService(  182): bootCompleted
V/DevicePolicyManagerService(  182): Sending password expiration notifications for action android.intent.action.BOOT_COMPLETED
W/MountService(  182): Duplicate state transition (mounted -> mounted) for /mnt/sdcard
D/MountService(  182): sendStorageIntent Intent { act=android.intent.action.MEDIA_MOUNTED dat=file:///mnt/sdcard (has extras) }
I/ActivityManager(  182): Start proc com.android.contacts for broadcast com.android.contacts/.calllog.CallLogReceiver: pid=660 uid=10000 gids={3003, 1015}
V/WiredAccessoryObserver(  182): init()
D/PhoneStatusBar(  335): disable: < expand icons alerts ticker system_info BACK* HOME* RECENT CLOCK* >
I/ActivityManager(  182): Start proc com.android.bip for broadcast com.android.bip/.BIPBootCompleteReceiver: pid=695 uid=10001 gids={3003}
I/ActivityManager(  182): Start proc com.android.providers.calendar for broadcast com.android.providers.calendar/.CalendarReceiver: pid=719 uid=10008 gids={3003, 1015}
I/BootReceiver(  182): Copying /proc/last_kmsg to DropBox (SYSTEM_LAST_KMSG)
I/ActivityManager(  182): Start proc com.google.android.email for broadcast com.google.android.email/com.android.email.service.EmailBroadcastReceiver: pid=742 uid=10015 gids={3003, 1015}
I/ActivityManager(  182): Start proc com.google.android.exchange for service com.google.android.exchange/com.android.exchange.ExchangeService: pid=759 uid=10016 gids={3003, 1015}
I/ActivityManager(  182): Start proc com.google.android.apps.genie.geniewidget for broadcast com.google.android.apps.genie.geniewidget/.miniwidget.MiniWidgetProvider: pid=777 uid=10019 gids={3003, 1015}
I/ActivityManager(  182): Start proc com.google.android.gm for broadcast com.google.android.gm/.MailIntentReceiver: pid=804 uid=10020 gids={3003, 1015}
I/ActivityManager(  182): Start proc com.google.android.partnersetup for broadcast com.google.android.partnersetup/.GooglePartnerSetup: pid=823 uid=10023 gids={3003}
I/ActivityManager(  182): Force stopping package com.google.android.apps.plus uid=10047
I/ActivityManager(  182): Start proc com.google.android.apps.maps:FriendService for broadcast com.google.android.apps.maps/com.google.googlenav.friend.android.ServiceReceiver: pid=860 uid=10034 gids={3003, 1015}
I/ActivityManager(  182): START {flg=0x10040000 cmp=com.google.android.gsf/.update.CompleteDialog (has extras)} from pid 534
I/ActivityManager(  182): Start proc com.google.android.apps.maps:NetworkLocationService for service com.google.android.apps.maps/com.google.android.location.internal.server.NetworkLocationService: pid=872 uid=10034 gids={3003, 1015}
I/ActivityManager(  182): Start proc com.android.mms for broadcast com.android.mms/.transaction.MmsSystemEventReceiver: pid=885 uid=10038 gids={3003, 1015}
D/CountryDetector(  182): The first listener is added
W/ActivityManager(  182): Permission Denial: receiving Intent { act=android.intent.action.BOOT_COMPLETED flg=0x10 } to com.android.musicfx requires android.permission.RECEIVE_BOOT_COMPLETED due to sender null (uid 1000)
I/ActivityManager(  182): Start proc com.vzw.hss.myverizonged for broadcast com.vzw.hss.myverizonged/com.vzw.hss.datameter.receiver.DataMeterReceiver: pid=913 uid=10041 gids={3003}
I/ActivityManager(  182): Start proc com.google.android.onetimeinitializer for broadcast com.google.android.onetimeinitializer/.OneTimeInitializerReceiver: pid=932 uid=10043 gids={}
I/ActivityManager(  182): Start proc com.samsung.syncservice for broadcast com.samsung.sdm/.logic.DMBootReceiver: pid=946 uid=1000 gids={1015, 3002, 3001, 3003, 3007}
I/ActivityManager(  182): No longer want com.google.android.inputmethod.latin.dictionarypack (pid 495): hidden #16
I/ActivityManager(  182): Start proc com.google.android.talk for broadcast com.google.android.talk/.videochat.BootCompleteReceiver: pid=980 uid=10054 gids={3003, 1015, 1006, 3002}
D/ConnectivityService(  182): handleInetConditionChange: no active default network - ignore
I/ActivityManager(  182): Start proc com.motricity.verizon.ssodownloadable for broadcast com.motricity.verizon.ssodownloadable/com.motricity.verizon.ssoengine.library.OnBootReceiver: pid=1006 uid=10058 gids={3003}
I/ActivityManager(  182): Start proc com.google.android.videos for broadcast com.google.android.videos/com.google.android.youtube.videos.transfer.VideoDownloadService$BootReceiver: pid=1029 uid=10060 gids={3003, 1015}
I/ActivityManager(  182): No longer want com.android.settings (pid 567): hidden #16
I/ActivityManager(  182): Start proc com.android.voicedialer for broadcast com.android.voicedialer/.VoiceDialerReceiver: pid=1058 uid=10062 gids={3002}
W/ActivityManager(  182): Permission Denial: receiving Intent { act=android.intent.action.BOOT_COMPLETED flg=0x10 } to com.google.android.youtube requires android.permission.RECEIVE_BOOT_COMPLETED due to sender null (uid 1000)
I/ActivityManager(  182): No longer want com.android.contacts (pid 660): hidden #16
I/ActivityManager(  182): Start proc com.google.android.apps.uploader for broadcast com.google.android.apps.uploader/.ConnectivityBroadcastReceiver: pid=1075 uid=10036 gids={3003}
I/ActivityManager(  182): No longer want com.google.android.deskclock (pid 603): hidden #16
I/ActivityManager(  182): Start proc com.google.android.apps.plus for broadcast com.google.android.apps.plus/.service.PackagesMediaMonitor: pid=1090 uid=10047 gids={3003, 3002, 1015, 1006}
I/ActivityManager(  182): No longer want com.android.providers.calendar (pid 719): hidden #16
I/ActivityManager(  182): No longer want com.google.android.apps.genie.geniewidget (pid 777): hidden #16
I/ActivityManager(  182): Start proc com.google.android.deskclock for broadcast com.google.android.deskclock/com.android.alarmclock.AnalogAppWidgetProvider: pid=1106 uid=10013 gids={}
I/ActivityManager(  182): No longer want com.google.android.gm (pid 804): hidden #16
I/ActivityManager(  182): Start proc com.android.settings for broadcast com.android.settings/.widget.SettingsAppWidgetProvider: pid=1118 uid=1000 gids={1015, 3002, 3001, 3003, 3007}
I/ActivityManager(  182): No longer want com.google.android.gsf.login (pid 644): hidden #16
I/ActivityManager(  182): Start proc com.google.android.gm for broadcast com.google.android.gm/.MailIntentReceiver: pid=1131 uid=10020 gids={3003, 1015}
I/ActivityManager(  182): No longer want com.google.android.exchange (pid 759): hidden #16
I/ActivityManager(  182): Start proc com.google.android.calendar for broadcast com.google.android.calendar/com.android.calendar.widget.CalendarAppWidgetService$CalendarFactory: pid=1146 uid=10007 gids={3003}
I/ActivityManager(  182): No longer want com.google.android.email (pid 742): hidden #16
I/ActivityManager(  182): Start proc com.android.providers.calendar for content provider com.android.providers.calendar/.CalendarProvider2: pid=1161 uid=10008 gids={3003, 1015}
I/ActivityManager(  182): Start proc com.google.android.gallery3d for broadcast com.google.android.gallery3d/com.android.gallery3d.app.PackagesMonitor: pid=1172 uid=10018 gids={3003, 1015}
I/ActivityManager(  182): No longer want com.google.android.partnersetup (pid 823): hidden #16
I/ActivityManager(  182): No longer want com.google.android.apps.maps:FriendService (pid 860): hidden #16
I/ActivityManager(  182): Start proc com.android.vending for broadcast com.android.vending/com.google.android.finsky.receivers.PersistentPackageMonitorReceiver: pid=1189 uid=10046 gids={3003, 1015}
I/ActivityManager(  182): Start proc com.google.android.googlequicksearchbox for broadcast com.google.android.googlequicksearchbox/.SourceUpdateReceiver: pid=1218 uid=10024 gids={3003}
I/ActivityManager(  182): No longer want com.android.mms (pid 885): hidden #16
D/CountryDetector(  182): No listener is left
I/ActivityManager(  182): Start proc com.google.android.apps.maps:LocationFriendService for broadcast com.google.android.apps.maps/com.google.googlenav.friend.reporting.LocationReportingIntentReceiver: pid=1234 uid=10034 gids={3003, 1015}
I/ActivityManager(  182): No longer want com.vzw.hss.myverizonged (pid 913): hidden #16
I/ActivityManager(  182): No longer want com.google.android.onetimeinitializer (pid 932): hidden #16
I/ActivityManager(  182): START {flg=0x10000000 cmp=com.google.android.apps.maps/com.google.googlenav.login.AndroidLoginActivitySdk5 (has extras)} from pid 1234
I/ActivityManager(  182): Start proc com.google.android.apps.maps for activity com.google.android.apps.maps/com.google.googlenav.login.AndroidLoginActivitySdk5: pid=1253 uid=10034 gids={3003, 1015}
I/ActivityManager(  182): Start proc com.google.android.music:main for broadcast com.google.android.music/.store.MediaStoreImportService$Receiver: pid=1265 uid=10039 gids={3003, 1015}
I/ActivityManager(  182): No longer want com.google.android.talk (pid 980): hidden #16
I/ActivityManager(  182): Start proc com.google.android.apps.maps:FriendService for broadcast com.google.android.apps.maps/com.google.googlenav.friend.android.ServiceReceiver: pid=1280 uid=10034 gids={3003, 1015}
I/ActivityManager(  182): No longer want com.motricity.verizon.ssodownloadable (pid 1006): hidden #16
I/ActivityManager(  182): No longer want com.google.android.videos (pid 1029): hidden #16
I/ActivityManager(  182): No longer want com.google.android.apps.uploader (pid 1075): hidden #16
I/ActivityManager(  182): Start proc com.google.android.talk for broadcast com.google.android.talk/.McsConnectionStartedReceiver: pid=1294 uid=10054 gids={3003, 1015, 1006, 3002}
I/ActivityManager(  182): No longer want com.google.android.apps.plus (pid 1090): hidden #16
I/ActivityManager(  182): Start proc com.vzw.hss.myverizonged for broadcast com.vzw.hss.myverizonged/com.vzw.hss.datameter.receiver.DataMeterReceiver: pid=1343 uid=10041 gids={3003}
I/ActivityManager(  182): No longer want com.android.settings (pid 1118): hidden #16
I/ActivityManager(  182): Start proc com.google.android.partnersetup for broadcast com.google.android.partnersetup/.PhoneStateReceiver: pid=1357 uid=10023 gids={3003}
I/ActivityManager(  182): No longer want com.google.android.deskclock (pid 1106): hidden #16
I/ActivityManager(  182): Start proc com.google.android.deskclock for broadcast com.google.android.deskclock/com.android.deskclock.AlarmInitReceiver: pid=1370 uid=10013 gids={}
I/ActivityManager(  182): No longer want com.google.android.apps.maps:FriendService (pid 1280): hidden #16
D/NetlinkEvent(  112): Unexpected netlink message. type=0xf
D/ConnectivityService(  182): special network not available
I/WifiService(  182): WifiService trying to set country code to us with persist set to true
I/ActivityManager(  182): Config changed: {1.0 311mcc480mnc en_US layoutdir=0 sw360dp w360dp h567dp nrml port finger -keyb/v/h -nav/h s.5}
D/ConnectivityService(  182): special network not available
I/ActivityManager(  182): Force stopping package com.google.android.partnersetup uid=10023
I/ActivityManager(  182): Killing proc 1357:com.google.android.partnersetup/10023: force stop
D/ConnectivityService(  182): special network not available
D/NetlinkEvent(  112): Unexpected netlink message. type=0xf
D/ConnectivityService(  182): ConnectivityChange for mobile: CONNECTED/CONNECTED
D/NetworkPolicy(  182): applying policy NetworkPolicy[NetworkTemplate: matchRule=MOBILE_ALL, subscriberId=valid]: cycleDay=1, warningBytes=2147483648, limitBytes=-1, lastSnooze=-1 to ifaces [rmnet1]
I/ActivityManager(  182): Start proc com.google.android.apps.uploader for broadcast com.google.android.apps.uploader/.ConnectivityBroadcastReceiver: pid=1401 uid=10036 gids={3003}
I/ActivityManager(  182): Start proc com.google.android.apps.plus for broadcast com.google.android.apps.plus/com.google.android.picasasync.ConnectivityReceiver: pid=1417 uid=10047 gids={3003, 3002, 1015, 1006}
I/ActivityManager(  182): No longer want com.google.android.apps.maps (pid 1253): hidden #16
D/ConnectivityService(  182): startUsingNetworkFeature reconnecting to 0: enableIMS
D/ConnectivityService(  182): ConnectivityChange for mobile_ims: CONNECTED/CONNECTED
D/NetworkPolicy(  182): applying policy NetworkPolicy[NetworkTemplate: matchRule=MOBILE_ALL, subscriberId=valid]: cycleDay=1, warningBytes=2147483648, limitBytes=-1, lastSnooze=-1 to ifaces [rmnet1]
I/ActivityManager(  182): Start proc com.google.android.partnersetup for broadcast com.google.android.partnersetup/.GservicesChangedReceiver: pid=1439 uid=10023 gids={3003}
I/ActivityManager(  182): Start proc com.google.android.voicesearch for broadcast com.google.android.voicesearch/.GservicesBroadcastReceiver: pid=1457 uid=10063 gids={3002, 3003, 1015}
I/ActivityManager(  182): START {flg=0x10040000 cmp=com.google.android.gsf/.update.SystemUpdateInstallDialog} from pid 534
I/ActivityManager(  182): START {flg=0x10040000 cmp=com.google.android.gsf/.update.SystemUpdateDownloadDialog} from pid 534
I/ActivityManager(  182): No longer want com.google.android.talk (pid 1294): hidden #16
I/ActivityManager(  182): No longer want com.google.android.apps.maps:LocationFriendService (pid 1234): hidden #16
W/AppWidgetService(  182): updateAppWidgetProvider: provider doesn't exist: ComponentInfo{com.vzw.hss.myverizonged/com.vzw.hss.datameter.widget.DataMeterWidget}
W/ActivityManager(  182): Unable to start service Intent { act=com.vzw.push.vzwservice.service.CometService }: not found
D/ConnectivityService(  182): handleInetConditionHoldEnd: net=0, condition=100, published condition=0
I/ActivityManager(  182): Start proc com.google.android.talk for broadcast com.google.android.talk/.ConnectionStateOnlineReceiver: pid=1486 uid=10054 gids={3003, 1015, 1006, 3002}
I/ActivityManager(  182): No longer want com.google.android.music:main (pid 1265): hidden #16
D/ConnectivityService(  182): startUsingNetworkFeature reconnecting to 0: enableFOTA
D/NetlinkEvent(  112): Unexpected netlink message. type=0xf
D/ConnectivityService(  182): ConnectivityChange for mobile_fota: CONNECTED/CONNECTED
D/NetworkPolicy(  182): applying policy NetworkPolicy[NetworkTemplate: matchRule=MOBILE_ALL, subscriberId=valid]: cycleDay=1, warningBytes=2147483648, limitBytes=-1, lastSnooze=-1 to ifaces [rmnet1]
D/ConnectivityService(  182): handleInetConditionHoldEnd: net=0, condition=100, published condition=100
W/AppWidgetService(  182): updateAppWidgetProvider: provider doesn't exist: ComponentInfo{com.vzw.hss.myverizonged/com.vzw.hss.datameter.widget.DataMeterWidget}
D/NetlinkEvent(  112): Unexpected netlink message. type=0x11
D/ConnectivityService(  182): ConnectivityChange for mobile_fota: DISCONNECTED/DISCONNECTED
E/ConnectivityService(  182): Exception trying to remove a route: java.lang.IllegalStateException: Unable to communicate with native dameon to add routes - com.android.server.NativeDaemonConnectorException: Cmd {interface route remove rmnet2 default 66.174.95.44 32 0.0.0.0} failed with code 400 : {Failed to remove route from default table (No such process)}
E/ConnectivityService(  182): Exception trying to remove a route: java.lang.IllegalStateException: Unable to communicate with native dameon to add routes - com.android.server.NativeDaemonConnectorException: Cmd {interface route remove rmnet2 default 66.174.71.33 32 0.0.0.0} failed with code 400 : {Failed to remove route from default table (No such process)}
D/ConnectivityService(  182): resetConnections(rmnet2, 3)
D/NetworkPolicy(  182): applying policy NetworkPolicy[NetworkTemplate: matchRule=MOBILE_ALL, subscriberId=valid]: cycleDay=1, warningBytes=2147483648, limitBytes=-1, lastSnooze=-1 to ifaces [rmnet1]
D/NetworkPolicy(  182): applying policy NetworkPolicy[NetworkTemplate: matchRule=MOBILE_ALL, subscriberId=valid]: cycleDay=1, warningBytes=2147483648, limitBytes=-1, lastSnooze=-1 to ifaces [rmnet1]
D/NetlinkEvent(  112): Unexpected netlink message. type=0xf
I/ActivityManager(  182): Start proc com.google.android.apps.maps for service com.google.android.apps.maps/com.google.googlenav.prefetch.android.PrefetcherService: pid=1652 uid=10034 gids={3003, 1015}
D/ConnectivityService(  182): handleInetConditionHoldEnd: net=0, condition=100, published condition=100
D/ConnectivityService(  182): ConnectivityChange for mobile_fota: CONNECTED/CONNECTED
D/NetworkPolicy(  182): applying policy NetworkPolicy[NetworkTemplate: matchRule=MOBILE_ALL, subscriberId=valid]: cycleDay=1, warningBytes=2147483648, limitBytes=-1, lastSnooze=-1 to ifaces [rmnet1]
D/ConnectivityService(  182): handleInetConditionHoldEnd: net=0, condition=100, published condition=100
I/ActivityManager(  182): No longer want com.google.android.gm (pid 1131): hidden #16
W/AppWidgetService(  182): updateAppWidgetProvider: provider doesn't exist: ComponentInfo{com.vzw.hss.myverizonged/com.vzw.hss.datameter.widget.DataMeterWidget}
D/ConnectivityService(  182): stopUsingNetworkFeature: teardown net 0: enableFOTA
D/NetlinkEvent(  112): Unexpected netlink message. type=0x11
D/ConnectivityService(  182): ConnectivityChange for mobile_fota: DISCONNECTED/DISCONNECTED
E/ConnectivityService(  182): Exception trying to remove a route: java.lang.IllegalStateException: Unable to communicate with native dameon to add routes - com.android.server.NativeDaemonConnectorException: Cmd {interface route remove rmnet2 default 66.174.95.44 32 0.0.0.0} failed with code 400 : {Failed to remove route from default table (No such process)}
E/ConnectivityService(  182): Exception trying to remove a route: java.lang.IllegalStateException: Unable to communicate with native dameon to add routes - com.android.server.NativeDaemonConnectorException: Cmd {interface route remove rmnet2 default 66.174.71.33 32 0.0.0.0} failed with code 400 : {Failed to remove route from default table (No such process)}
D/ConnectivityService(  182): resetConnections(rmnet2, 3)
D/NetworkPolicy(  182): applying policy NetworkPolicy[NetworkTemplate: matchRule=MOBILE_ALL, subscriberId=valid]: cycleDay=1, warningBytes=2147483648, limitBytes=-1, lastSnooze=-1 to ifaces [rmnet1]
D/NetworkPolicy(  182): applying policy NetworkPolicy[NetworkTemplate: matchRule=MOBILE_ALL, subscriberId=valid]: cycleDay=1, warningBytes=2147483648, limitBytes=-1, lastSnooze=-1 to ifaces [rmnet1]
D/ConnectivityService(  182): handleInetConditionHoldEnd: net=0, condition=100, published condition=100
V/BackupManagerService(  182): Running a backup pass
V/BackupManagerService(  182): clearing pending backups
V/PerformBackupTask(  182): Beginning backup of 3 targets
D/PerformBackupTask(  182): processOneBackup doBackup() on @pm@
I/PMBA    (  182): Previous metadata 235179 mismatch vs 336647 - rewriting
I/PerformBackupTask(  182): Backup pass finished.
W/AppWidgetService(  182): updateAppWidgetProvider: provider doesn't exist: ComponentInfo{com.vzw.hss.myverizonged/com.vzw.hss.datameter.widget.DataMeterWidget}
W/AppWidgetService(  182): updateAppWidgetProvider: provider doesn't exist: ComponentInfo{com.vzw.hss.myverizonged/com.vzw.hss.datameter.widget.DataMeterWidget}
W/AppWidgetService(  182): updateAppWidgetProvider: provider doesn't exist: ComponentInfo{com.vzw.hss.myverizonged/com.vzw.hss.datameter.widget.DataMeterWidget}
W/AppWidgetService(  182): updateAppWidgetProvider: provider doesn't exist: ComponentInfo{com.vzw.hss.myverizonged/com.vzw.hss.datameter.widget.DataMeterWidget}
W/AppWidgetService(  182): updateAppWidgetProvider: provider doesn't exist: ComponentInfo{com.vzw.hss.myverizonged/com.vzw.hss.datameter.widget.DataMeterWidget}
W/ActivityManager(  182): finishReceiver called but no pending broadcasts
W/ActivityManager(  182): finishReceiver called but no pending broadcasts
W/ActivityManager(  182): finishReceiver called but no pending broadcasts
W/ActivityManager(  182): finishReceiver called but no pending broadcasts
W/AppWidgetService(  182): updateAppWidgetProvider: provider doesn't exist: ComponentInfo{com.vzw.hss.myverizonged/com.vzw.hss.datameter.widget.DataMeterWidget}
W/AppWidgetService(  182): updateAppWidgetProvider: provider doesn't exist: ComponentInfo{com.vzw.hss.myverizonged/com.vzw.hss.datameter.widget.DataMeterWidget}
W/ProcessStats(  182): Skipping unknown process pid 2296
W/ProcessStats(  182): Skipping unknown process pid 2297
W/ProcessStats(  182): Skipping unknown process pid 2298
W/ProcessStats(  182): Skipping unknown process pid 2299
W/ProcessStats(  182): Skipping unknown process pid 2300
W/AppWidgetService(  182): updateAppWidgetProvider: provider doesn't exist: ComponentInfo{com.vzw.hss.myverizonged/com.vzw.hss.datameter.widget.DataMeterWidget}
W/AppWidgetService(  182): updateAppWidgetProvider: provider doesn't exist: ComponentInfo{com.vzw.hss.myverizonged/com.vzw.hss.datameter.widget.DataMeterWidget}
W/AppWidgetService(  182): updateAppWidgetProvider: provider doesn't exist: ComponentInfo{com.vzw.hss.myverizonged/com.vzw.hss.datameter.widget.DataMeterWidget}
W/AppWidgetService(  182): updateAppWidgetProvider: provider doesn't exist: ComponentInfo{com.vzw.hss.myverizonged/com.vzw.hss.datameter.widget.DataMeterWidget}
W/AppWidgetService(  182): updateAppWidgetProvider: provider doesn't exist: ComponentInfo{com.vzw.hss.myverizonged/com.vzw.hss.datameter.widget.DataMeterWidget}
W/AppWidgetService(  182): updateAppWidgetProvider: provider doesn't exist: ComponentInfo{com.vzw.hss.myverizonged/com.vzw.hss.datameter.widget.DataMeterWidget}
W/AppWidgetService(  182): updateAppWidgetProvider: provider doesn't exist: ComponentInfo{com.vzw.hss.myverizonged/com.vzw.hss.datameter.widget.DataMeterWidget}
W/AppWidgetService(  182): updateAppWidgetProvider: provider doesn't exist: ComponentInfo{com.vzw.hss.myverizonged/com.vzw.hss.datameter.widget.DataMeterWidget}
W/AppWidgetService(  182): updateAppWidgetProvider: provider doesn't exist: ComponentInfo{com.vzw.hss.myverizonged/com.vzw.hss.datameter.widget.DataMeterWidget}
W/AppWidgetService(  182): updateAppWidgetProvider: provider doesn't exist: ComponentInfo{com.vzw.hss.myverizonged/com.vzw.hss.datameter.widget.DataMeterWidget}
W/AppWidgetService(  182): updateAppWidgetProvider: provider doesn't exist: ComponentInfo{com.vzw.hss.myverizonged/com.vzw.hss.datameter.widget.DataMeterWidget}
W/AppWidgetService(  182): updateAppWidgetProvider: provider doesn't exist: ComponentInfo{com.vzw.hss.myverizonged/com.vzw.hss.datameter.widget.DataMeterWidget}
W/AppWidgetService(  182): updateAppWidgetProvider: provider doesn't exist: ComponentInfo{com.vzw.hss.myverizonged/com.vzw.hss.datameter.widget.DataMeterWidget}
W/AppWidgetService(  182): updateAppWidgetProvider: provider doesn't exist: ComponentInfo{com.vzw.hss.myverizonged/com.vzw.hss.datameter.widget.DataMeterWidget}
W/AppWidgetService(  182): updateAppWidgetProvider: provider doesn't exist: ComponentInfo{com.vzw.hss.myverizonged/com.vzw.hss.datameter.widget.DataMeterWidget}
I/WindowManager(  182): Lock screen displayed!
I/WindowManager(  182): Lock screen displayed!
D/PhoneStatusBar(  335): disable: < expand icons alerts ticker system_info BACK HOME recent* CLOCK >
D/PhoneStatusBar(  335): disable: < expand icons alerts ticker system_info back* home* recent clock* >
D/ConnectivityService(  182): startUsingNetworkFeature reconnecting to 0: enableFOTA
D/NetlinkEvent(  112): Unexpected netlink message. type=0xf
D/ConnectivityService(  182): ConnectivityChange for mobile_fota: CONNECTED/CONNECTED
D/NetworkPolicy(  182): applying policy NetworkPolicy[NetworkTemplate: matchRule=MOBILE_ALL, subscriberId=valid]: cycleDay=1, warningBytes=2147483648, limitBytes=-1, lastSnooze=-1 to ifaces [rmnet1]
I/ActivityManager(  182): No longer want com.google.android.deskclock (pid 1370): hidden #16
D/ConnectivityService(  182): handleInetConditionHoldEnd: net=0, condition=100, published condition=100
D/NetlinkEvent(  112): Unexpected netlink message. type=0x11
D/ConnectivityService(  182): ConnectivityChange for mobile_fota: DISCONNECTED/DISCONNECTED
E/ConnectivityService(  182): Exception trying to remove a route: java.lang.IllegalStateException: Unable to communicate with native dameon to add routes - com.android.server.NativeDaemonConnectorException: Cmd {interface route remove rmnet2 default 66.174.95.44 32 0.0.0.0} failed with code 400 : {Failed to remove route from default table (No such process)}
E/ConnectivityService(  182): Exception trying to remove a route: java.lang.IllegalStateException: Unable to communicate with native dameon to add routes - com.android.server.NativeDaemonConnectorException: Cmd {interface route remove rmnet2 default 66.174.71.33 32 0.0.0.0} failed with code 400 : {Failed to remove route from default table (No such process)}
D/ConnectivityService(  182): resetConnections(rmnet2, 3)
D/NetworkPolicy(  182): applying policy NetworkPolicy[NetworkTemplate: matchRule=MOBILE_ALL, subscriberId=valid]: cycleDay=1, warningBytes=2147483648, limitBytes=-1, lastSnooze=-1 to ifaces [rmnet1]
D/NetworkPolicy(  182): applying policy NetworkPolicy[NetworkTemplate: matchRule=MOBILE_ALL, subscriberId=valid]: cycleDay=1, warningBytes=2147483648, limitBytes=-1, lastSnooze=-1 to ifaces [rmnet1]
D/ConnectivityService(  182): stopUsingNetworkFeature: teardown net 0: enableFOTA
D/NetlinkEvent(  112): Unexpected netlink message. type=0x11
D/ConnectivityService(  182): ConnectivityChange for mobile_ims: DISCONNECTED/DISCONNECTED
E/ConnectivityService(  182): Exception trying to remove a route: java.lang.IllegalStateException: Unable to communicate with native dameon to add routes - com.android.server.NativeDaemonConnectorException: Cmd {interface route remove rmnet0 default 2001:4888:2:fffe:a0:d:0:3 128 ::} failed with code 400 : {Failed to remove route from default table (No such process)}
E/ConnectivityService(  182): Exception trying to remove a route: java.lang.IllegalStateException: Unable to communicate with native dameon to add routes - com.android.server.NativeDaemonConnectorException: Cmd {interface route remove rmnet0 default 2001:4888:3:fffe:c0:d:0:3 128 ::} failed with code 400 : {Failed to remove route from default table (No such process)}
D/ConnectivityService(  182): resetConnections(rmnet0, 3)
D/NetworkPolicy(  182): applying policy NetworkPolicy[NetworkTemplate: matchRule=MOBILE_ALL, subscriberId=valid]: cycleDay=1, warningBytes=2147483648, limitBytes=-1, lastSnooze=-1 to ifaces [rmnet1]
D/NetlinkEvent(  112): Unexpected netlink message. type=0x11
D/ConnectivityService(  182): ConnectivityChange for mobile: DISCONNECTED/DISCONNECTED
D/ConnectivityService(  182): Attempting to switch to wifi
D/ConnectivityService(  182): Attempting to switch to BLUETOOTH_TETHER
E/ConnectivityService(  182): Exception trying to remove a route: java.lang.IllegalStateException: Unable to communicate with native dameon to add routes - com.android.server.NativeDaemonConnectorException: Cmd {interface route remove rmnet1 default 10.180.83.1 32 0.0.0.0} failed with code 400 : {Failed to remove route from default table (No such process)}
E/ConnectivityService(  182): Exception trying to remove a route: java.lang.IllegalStateException: Unable to communicate with native dameon to add routes - com.android.server.NativeDaemonConnectorException: Cmd {interface route remove rmnet1 default 0.0.0.0 0 10.180.83.1} failed with code 400 : {Failed to remove route from default table (No such process)}
E/ConnectivityService(  182): Exception trying to remove a route: java.lang.IllegalStateException: Unable to communicate with native dameon to add routes - com.android.server.NativeDaemonConnectorException: Cmd {interface route remove rmnet1 default 2600:1000:b01e:2253::1 128 ::} failed with code 400 : {Failed to remove route from default table (No such process)}
E/ConnectivityService(  182): Exception trying to remove a route: java.lang.IllegalStateException: Unable to communicate with native dameon to add routes - com.android.server.NativeDaemonConnectorException: Cmd {interface route remove rmnet1 default :: 0 2600:1000:b01e:2253::1} failed with code 400 : {Failed to remove route from default table (No such process)}
D/ConnectivityService(  182): resetConnections(rmnet1, 3)
D/ConnectivityService(  182): handleInetConditionChange: no active default network - ignore
D/NetlinkEvent(  112): Unexpected netlink message. type=0xf
D/ConnectivityService(  182): ConnectivityChange for mobile: DISCONNECTED/DISCONNECTED
D/ConnectivityService(  182): Attempting to switch to wifi
D/ConnectivityService(  182): Attempting to switch to BLUETOOTH_TETHER
D/ConnectivityService(  182): resetConnections(rmnet1, 3)
D/NetlinkEvent(  112): Unexpected netlink message. type=0xf
D/ConnectivityService(  182): startUsingNetworkFeature reconnecting to 0: enableIMS
D/ConnectivityService(  182): ConnectivityChange for mobile_ims: CONNECTED/CONNECTED
D/ConnectivityService(  182): ConnectivityChange for mobile: CONNECTED/CONNECTED
D/NetworkPolicy(  182): applying policy NetworkPolicy[NetworkTemplate: matchRule=MOBILE_ALL, subscriberId=valid]: cycleDay=1, warningBytes=2147483648, limitBytes=-1, lastSnooze=-1 to ifaces [rmnet1]
D/ConnectivityService(  182): handleInetConditionHoldEnd: net=0, condition=100, published condition=0
I/ActivityManager(  182): START {act=android.intent.action.MAIN cat=[android.intent.category.LAUNCHER] flg=0x10200000 cmp=com.Android.CodeInTheAir.UI/.StartDialog} from pid 462
I/ActivityManager(  182): Start proc com.Android.CodeInTheAir.UI for activity com.Android.CodeInTheAir.UI/.StartDialog: pid=3519 uid=10067 gids={1015, 3003}
W/InputManagerService(  182): Starting input on non-focused client com.android.internal.view.IInputMethodClient$Stub$Proxy@41825680 (uid=10031 pid=462)
W/AppWidgetService(  182): updateAppWidgetProvider: provider doesn't exist: ComponentInfo{com.vzw.hss.myverizonged/com.vzw.hss.datameter.widget.DataMeterWidget}
I/ActivityManager(  182): Start proc com.google.android.gsf.login for service com.google.android.gsf.login/com.google.android.gsf.loginservice.GoogleLoginService: pid=3573 uid=10011 gids={3003, 1015, 1007, 2001, 3006}
D/PhoneStatusBar(  335): disable: < expand icons alerts ticker system_info back home RECENT* clock >
D/PhoneStatusBar(  335): disable: < expand icons alerts ticker system_info BACK* HOME* RECENT CLOCK* >
I/ActivityManager(  182): No longer want com.google.android.gallery3d (pid 1172): hidden #16
I/WindowManager(  182): Lock screen displayed!
D/PhoneStatusBar(  335): disable: < expand icons alerts ticker system_info BACK HOME recent* CLOCK >
W/InputManagerService(  182): Window already focused, ignoring focus gain of: com.android.internal.view.IInputMethodClient$Stub$Proxy@4181a120
D/PhoneStatusBar(  335): disable: < expand icons alerts ticker system_info back* home* recent clock* >
I/ActivityManager(  182): Start proc com.google.android.inputmethod.latin.dictionarypack for broadcast com.google.android.inputmethod.latin.dictionarypack/.UpdateHandler: pid=3642 uid=10029 gids={3003, 1015}
I/ActivityManager(  182): No longer want com.android.voicedialer (pid 1058): hidden #16
D/PhoneStatusBar(  335): disable: < expand icons alerts ticker system_info back home RECENT* clock >
D/PhoneStatusBar(  335): disable: < expand icons alerts ticker system_info BACK* HOME* RECENT CLOCK* >
I/WindowManager(  182): Lock screen displayed!
D/PhoneStatusBar(  335): disable: < expand icons alerts ticker system_info BACK HOME recent* CLOCK >
W/InputManagerService(  182): Window already focused, ignoring focus gain of: com.android.internal.view.IInputMethodClient$Stub$Proxy@4173bde0
D/PhoneStatusBar(  335): disable: < expand icons alerts ticker system_info back* home* recent clock* >
I/ActivityManager(  182): No longer want com.google.android.googlequicksearchbox (pid 1218): hidden #16
I/ActivityManager(  182): No longer want com.google.android.apps.maps:NetworkLocationService (pid 872): hidden #17
I/ActivityManager(  182): No longer want com.android.bip (pid 695): hidden #18
W/ActivityManager(  182): Scheduling restart of crashed service com.android.bip/.BIPService in 5000ms
W/ActivityManager(  182): Scheduling restart of crashed service com.google.android.apps.maps/com.google.android.location.internal.server.NetworkLocationService in 14996ms
I/ActivityManager(  182): Start proc com.android.bip for service com.android.bip/.BIPService: pid=3747 uid=10001 gids={3003}
I/ActivityManager(  182): Start proc com.google.android.apps.maps:NetworkLocationService for service com.google.android.apps.maps/com.google.android.location.internal.server.NetworkLocationService: pid=3764 uid=10034 gids={3003, 1015}
I/ActivityManager(  182): Start proc com.google.android.apps.maps:FriendService for broadcast com.google.android.apps.maps/com.google.googlenav.friend.android.ServiceReceiver: pid=3779 uid=10034 gids={3003, 1015}
I/ActivityManager(  182): Start proc com.google.android.apps.maps:LocationFriendService for broadcast com.google.android.apps.maps/com.google.googlenav.friend.reporting.LocationReportingIntentReceiver: pid=3798 uid=10034 gids={3003, 1015}
I/ActivityManager(  182): No longer want com.google.android.partnersetup (pid 1439): hidden #16
I/ActivityManager(  182): START {flg=0x10000000 cmp=com.google.android.apps.maps/com.google.googlenav.login.AndroidLoginActivitySdk5 (has extras)} from pid 3798
W/InputManagerService(  182): Window already focused, ignoring focus gain of: com.android.internal.view.IInputMethodClient$Stub$Proxy@418cfca0
I/ActivityManager(  182): No longer want com.google.android.voicesearch (pid 1457): hidden #16
