I/ActivityManager(  182): START {act=android.intent.action.MAIN cat=[android.intent.category.HOME] flg=0x10200000 cmp=com.android.launcher/com.android.launcher2.Launcher} from pid 182
I/ActivityManager(  182): START {act=android.intent.action.MAIN cat=[android.intent.category.LAUNCHER] flg=0x10200000 cmp=com.android.settings/.Settings} from pid 462
I/ActivityManager(  182): Start proc com.android.settings for activity com.android.settings/.Settings: pid=3835 uid=1000 gids={1015, 3002, 3001, 3003, 3007}
W/InputManagerService(  182): Starting input on non-focused client com.android.internal.view.IInputMethodClient$Stub$Proxy@41825680 (uid=10031 pid=462)
D/NetworkManagementService(  182): rsp <213 00:90:4c:11:22:33 0.0.0.0 0 [down broadcast multicast]>
D/NetworkManagementService(  182): flags <[down broadcast multicast]>
I/ActivityManager(  182): START {act=android.intent.action.MAIN cmp=com.android.settings/.SubSettings (has extras)} from pid 3835
I/ActivityManager(  182): START {act=android.intent.action.MAIN cmp=com.android.phone/.Settings} from pid 3835
W/InputManagerService(  182): Starting input on non-focused client com.android.internal.view.IInputMethodClient$Stub$Proxy@419668c0 (uid=1000 pid=3835)
I/ActivityManager(  182): No longer want com.android.vending (pid 1189): hidden #16
D/ConnectivityService(  182): setMobileDataEnabled(false)
W/BackupManagerService(  182): dataChanged but no participant pkg='com.android.providers.settings' uid=1001
D/NetlinkEvent(  112): Unexpected netlink message. type=0x11
D/ConnectivityService(  182): ConnectivityChange for mobile_ims: DISCONNECTED/DISCONNECTED
E/ConnectivityService(  182): Exception trying to remove a route: java.lang.IllegalStateException: Unable to communicate with native dameon to add routes - com.android.server.NativeDaemonConnectorException: Cmd {interface route remove rmnet0 default 2001:4888:2:fffe:a0:d:0:3 128 ::} failed with code 400 : {Failed to remove route from default table (No such process)}
E/ConnectivityService(  182): Exception trying to remove a route: java.lang.IllegalStateException: Unable to communicate with native dameon to add routes - com.android.server.NativeDaemonConnectorException: Cmd {interface route remove rmnet0 default 2001:4888:3:fffe:c0:d:0:3 128 ::} failed with code 400 : {Failed to remove route from default table (No such process)}
D/NetlinkEvent(  112): Unexpected netlink message. type=0x11
D/ConnectivityService(  182): resetConnections(rmnet0, 3)
D/ConnectivityService(  182): ConnectivityChange for mobile: DISCONNECTED/DISCONNECTED
D/ConnectivityService(  182): Attempting to switch to wifi
D/ConnectivityService(  182): Attempting to switch to BLUETOOTH_TETHER
E/ConnectivityService(  182): Exception trying to remove a route: java.lang.IllegalStateException: Unable to communicate with native dameon to add routes - com.android.server.NativeDaemonConnectorException: Cmd {interface route remove rmnet1 default 10.178.20.1 32 0.0.0.0} failed with code 400 : {Failed to remove route from default table (No such process)}
E/ConnectivityService(  182): Exception trying to remove a route: java.lang.IllegalStateException: Unable to communicate with native dameon to add routes - com.android.server.NativeDaemonConnectorException: Cmd {interface route remove rmnet1 default 0.0.0.0 0 10.178.20.1} failed with code 400 : {Failed to remove route from default table (No such process)}
E/ConnectivityService(  182): Exception trying to remove a route: java.lang.IllegalStateException: Unable to communicate with native dameon to add routes - com.android.server.NativeDaemonConnectorException: Cmd {interface route remove rmnet1 default 2600:1000:b000:835b::1 128 ::} failed with code 400 : {Failed to remove route from default table (No such process)}
E/ConnectivityService(  182): Exception trying to remove a route: java.lang.IllegalStateException: Unable to communicate with native dameon to add routes - com.android.server.NativeDaemonConnectorException: Cmd {interface route remove rmnet1 default :: 0 2600:1000:b000:835b::1} failed with code 400 : {Failed to remove route from default table (No such process)}
D/ConnectivityService(  182): resetConnections(rmnet1, 3)
D/ConnectivityService(  182): handleInetConditionChange: no active default network - ignore
W/InputManagerService(  182): Starting input on non-focused client com.android.internal.view.IInputMethodClient$Stub$Proxy@41a57430 (uid=1001 pid=412)
W/AppWidgetService(  182): updateAppWidgetProvider: provider doesn't exist: ComponentInfo{com.vzw.hss.myverizonged/com.vzw.hss.datameter.widget.DataMeterWidget}
I/ActivityManager(  182): START {act=android.intent.action.MAIN cmp=com.android.settings/.SubSettings (has extras)} from pid 3835
D/ConnectivityService(  182): ConnectivityChange for WIFI: DISCONNECTED/DISCONNECTED
D/ConnectivityService(  182): Attempting to switch to mobile
D/ConnectivityService(  182): Attempting to switch to BLUETOOTH_TETHER
D/ConnectivityService(  182): ConnectivityChange for WIFI: CONNECTED/CONNECTED
I/ActivityManager(  182): START {act=android.intent.action.MAIN cat=[android.intent.category.HOME] flg=0x10200000 cmp=com.android.launcher/com.android.launcher2.Launcher} from pid 182
W/InputManagerService(  182): Starting input on non-focused client com.android.internal.view.IInputMethodClient$Stub$Proxy@419668c0 (uid=1000 pid=3835)
D/ConnectivityService(  182): handleInetConditionHoldEnd: net=1, condition=100, published condition=0
I/ActivityManager(  182): START {act=android.intent.action.MAIN cat=[android.intent.category.LAUNCHER] flg=0x10200000 cmp=com.Android.CodeInTheAir.UI/.StartDialog} from pid 462
W/InputManagerService(  182): Starting input on non-focused client com.android.internal.view.IInputMethodClient$Stub$Proxy@41825680 (uid=10031 pid=462)
D/PhoneStatusBar(  335): disable: < expand icons alerts ticker system_info back home RECENT* clock >
D/PhoneStatusBar(  335): disable: < expand icons alerts ticker system_info BACK* HOME* RECENT CLOCK* >
W/AppWidgetService(  182): updateAppWidgetProvider: provider doesn't exist: ComponentInfo{com.vzw.hss.myverizonged/com.vzw.hss.datameter.widget.DataMeterWidget}
W/ActivityManager(  182): finishReceiver called but no pending broadcasts
W/AppWidgetService(  182): updateAppWidgetProvider: provider doesn't exist: ComponentInfo{com.vzw.hss.myverizonged/com.vzw.hss.datameter.widget.DataMeterWidget}
W/AppWidgetService(  182): updateAppWidgetProvider: provider doesn't exist: ComponentInfo{com.vzw.hss.myverizonged/com.vzw.hss.datameter.widget.DataMeterWidget}
W/ActivityManager(  182): finishReceiver called but no pending broadcasts
W/ActivityManager(  182): finishReceiver called but no pending broadcasts
W/AppWidgetService(  182): updateAppWidgetProvider: provider doesn't exist: ComponentInfo{com.vzw.hss.myverizonged/com.vzw.hss.datameter.widget.DataMeterWidget}
W/ActivityManager(  182): finishReceiver called but no pending broadcasts
W/AppWidgetService(  182): updateAppWidgetProvider: provider doesn't exist: ComponentInfo{com.vzw.hss.myverizonged/com.vzw.hss.datameter.widget.DataMeterWidget}
W/AppWidgetService(  182): updateAppWidgetProvider: provider doesn't exist: ComponentInfo{com.vzw.hss.myverizonged/com.vzw.hss.datameter.widget.DataMeterWidget}
W/AppWidgetService(  182): updateAppWidgetProvider: provider doesn't exist: ComponentInfo{com.vzw.hss.myverizonged/com.vzw.hss.datameter.widget.DataMeterWidget}
W/ActivityManager(  182): finishReceiver called but no pending broadcasts
W/AppWidgetService(  182): updateAppWidgetProvider: provider doesn't exist: ComponentInfo{com.vzw.hss.myverizonged/com.vzw.hss.datameter.widget.DataMeterWidget}
I/ActivityManager(  182): No longer want com.android.providers.calendar (pid 1161): hidden #16
I/ActivityManager(  182): No longer want com.google.android.calendar (pid 1146): hidden #16
W/AppWidgetService(  182): updateAppWidgetProvider: provider doesn't exist: ComponentInfo{com.vzw.hss.myverizonged/com.vzw.hss.datameter.widget.DataMeterWidget}
I/ActivityManager(  182): No longer want com.android.bip (pid 3747): hidden #16
W/ActivityManager(  182): Scheduling restart of crashed service com.android.bip/.BIPService in 5000ms
W/AppWidgetService(  182): updateAppWidgetProvider: provider doesn't exist: ComponentInfo{com.vzw.hss.myverizonged/com.vzw.hss.datameter.widget.DataMeterWidget}
I/ActivityManager(  182): Start proc com.android.bip for service com.android.bip/.BIPService: pid=8698 uid=10001 gids={3003}
W/ActivityManager(  182): finishReceiver called but no pending broadcasts
D/ConnectivityService(  182): handleInetConditionHoldEnd: net=1, condition=0, published condition=100
D/ConnectivityService(  182): handleInetConditionHoldEnd: net=1, condition=0, published condition=0
D/ConnectivityService(  182): handleInetConditionHoldEnd: net=1, condition=100, published condition=0
W/AppWidgetService(  182): updateAppWidgetProvider: provider doesn't exist: ComponentInfo{com.vzw.hss.myverizonged/com.vzw.hss.datameter.widget.DataMeterWidget}
W/ActivityManager(  182): finishReceiver called but no pending broadcasts
D/ConnectivityService(  182): handleInetConditionHoldEnd: net=1, condition=0, published condition=100
D/ConnectivityService(  182): handleInetConditionHoldEnd: net=1, condition=100, published condition=0
W/AppWidgetService(  182): updateAppWidgetProvider: provider doesn't exist: ComponentInfo{com.vzw.hss.myverizonged/com.vzw.hss.datameter.widget.DataMeterWidget}
W/ProcessStats(  182): Skipping unknown process pid 9481
W/ProcessStats(  182): Skipping unknown process pid 9482
W/ProcessStats(  182): Skipping unknown process pid 9483
W/ProcessStats(  182): Skipping unknown process pid 9484
W/AppWidgetService(  182): updateAppWidgetProvider: provider doesn't exist: ComponentInfo{com.vzw.hss.myverizonged/com.vzw.hss.datameter.widget.DataMeterWidget}
W/AppWidgetService(  182): updateAppWidgetProvider: provider doesn't exist: ComponentInfo{com.vzw.hss.myverizonged/com.vzw.hss.datameter.widget.DataMeterWidget}
W/AppWidgetService(  182): updateAppWidgetProvider: provider doesn't exist: ComponentInfo{com.vzw.hss.myverizonged/com.vzw.hss.datameter.widget.DataMeterWidget}
W/AppWidgetService(  182): updateAppWidgetProvider: provider doesn't exist: ComponentInfo{com.vzw.hss.myverizonged/com.vzw.hss.datameter.widget.DataMeterWidget}
I/WindowManager(  182): Lock screen displayed!
D/PhoneStatusBar(  335): disable: < expand icons alerts ticker system_info BACK HOME recent* CLOCK >
W/InputManagerService(  182): Window already focused, ignoring focus gain of: com.android.internal.view.IInputMethodClient$Stub$Proxy@419a45d8
D/PhoneStatusBar(  335): disable: < expand icons alerts ticker system_info back* home* recent clock* >
W/InputManagerService(  182): Window already focused, ignoring focus gain of: com.android.internal.view.IInputMethodClient$Stub$Proxy@416fa9a0
I/UsageStats(  182): Deleting usage file : usage-20120521
I/ActivityManager(  182): No longer want com.google.android.apps.maps:NetworkLocationService (pid 3764): hidden #16
W/ActivityManager(  182): Scheduling restart of crashed service com.google.android.apps.maps/com.google.android.location.internal.server.NetworkLocationService in 5000ms
I/ActivityManager(  182): Start proc com.google.android.apps.maps:NetworkLocationService for service com.google.android.apps.maps/com.google.android.location.internal.server.NetworkLocationService: pid=11643 uid=10034 gids={3003, 1015}
I/ActivityManager(  182): START {act=android.intent.action.MAIN cat=[android.intent.category.LAUNCHER] flg=0x10200000 cmp=com.android.settings/.Settings} from pid 462
I/UsageStats(  182): No package stats for pkg:com.android.launcher
W/InputManagerService(  182): Starting input on non-focused client com.android.internal.view.IInputMethodClient$Stub$Proxy@41825680 (uid=10031 pid=462)
D/ConnectivityService(  182): ConnectivityChange for WIFI: DISCONNECTED/DISCONNECTED
D/ConnectivityService(  182): Attempting to switch to mobile
D/ConnectivityService(  182): Attempting to switch to BLUETOOTH_TETHER
E/ConnectivityService(  182): Exception trying to remove a route: java.lang.IllegalStateException: Unable to communicate with native dameon to add routes - com.android.server.NativeDaemonConnectorException: Cmd {interface route remove wlan0 default 18.111.32.1 32 0.0.0.0} failed with code 400 : {Failed to remove route from default table (No such process)}
E/ConnectivityService(  182): Exception trying to remove a route: java.lang.IllegalStateException: Unable to communicate with native dameon to add routes - com.android.server.NativeDaemonConnectorException: Cmd {interface route remove wlan0 default 0.0.0.0 0 18.111.32.1} failed with code 400 : {Failed to remove route from default table (No such process)}
D/ConnectivityService(  182): resetConnections(wlan0, 3)
D/ConnectivityService(  182): handleInetConditionChange: no active default network - ignore
I/ActivityManager(  182): START {act=android.intent.action.MAIN cmp=com.android.settings/.SubSettings (has extras)} from pid 3835
D/ConnectivityService(  182): setMobileDataEnabled(true)
W/BackupManagerService(  182): dataChanged but no participant pkg='com.android.providers.settings' uid=1001
D/NetlinkEvent(  112): Unexpected netlink message. type=0xf
D/ConnectivityService(  182): ConnectivityChange for mobile: DISCONNECTED/DISCONNECTED
D/ConnectivityService(  182): Attempting to switch to WIFI
D/ConnectivityService(  182): Attempting to switch to BLUETOOTH_TETHER
D/ConnectivityService(  182): resetConnections(rmnet1, 3)
D/ConnectivityService(  182): ConnectivityChange for mobile: DISCONNECTED/DISCONNECTED
D/ConnectivityService(  182): Attempting to switch to WIFI
D/ConnectivityService(  182): Attempting to switch to BLUETOOTH_TETHER
D/ConnectivityService(  182): resetConnections(rmnet1, 3)
D/ConnectivityService(  182): special network not available
D/NetlinkEvent(  112): Unexpected netlink message. type=0xf
D/ConnectivityService(  182): ConnectivityChange for mobile: CONNECTED/CONNECTED
D/NetworkPolicy(  182): applying policy NetworkPolicy[NetworkTemplate: matchRule=MOBILE_ALL, subscriberId=valid]: cycleDay=1, warningBytes=2147483648, limitBytes=-1, lastSnooze=-1 to ifaces [rmnet1]
D/ConnectivityService(  182): NetTransition Wakelock for WifiStateMachine released by timeout
D/ConnectivityService(  182): handleInetConditionHoldEnd: net=0, condition=100, published condition=0
D/ConnectivityService(  182): startUsingNetworkFeature reconnecting to 0: enableIMS
I/ActivityManager(  182): START {act=android.intent.action.MAIN cmp=com.android.settings/.SubSettings (has extras)} from pid 3835
D/ConnectivityService(  182): ConnectivityChange for mobile_ims: CONNECTED/CONNECTED
D/NetworkPolicy(  182): applying policy NetworkPolicy[NetworkTemplate: matchRule=MOBILE_ALL, subscriberId=valid]: cycleDay=1, warningBytes=2147483648, limitBytes=-1, lastSnooze=-1 to ifaces [rmnet1]
D/ConnectivityService(  182): handleInetConditionHoldEnd: net=0, condition=100, published condition=100
W/AppWidgetService(  182): updateAppWidgetProvider: provider doesn't exist: ComponentInfo{com.vzw.hss.myverizonged/com.vzw.hss.datameter.widget.DataMeterWidget}
W/InputManagerService(  182): Starting input on non-focused client com.android.internal.view.IInputMethodClient$Stub$Proxy@419668c0 (uid=1000 pid=3835)
W/PowerUI (  335): unknown intent: Intent { act=android.intent.action.ACTION_POWER_CONNECTED flg=0x10000010 }
I/ActivityManager(  182): Start proc com.android.defcontainer for service com.android.defcontainer/.DefaultContainerService: pid=11721 uid=10012 gids={1015, 2001}
W/ActivityManager(  182): No content provider found for permission revoke: file:///data/local/tmp/HelloJni-debug.apk
W/ActivityManager(  182): No content provider found for permission revoke: file:///data/local/tmp/HelloJni-debug.apk
I/PackageParser(  182): com.example.hellojni: compat added android.permission.READ_PHONE_STATE
I/ActivityManager(  182): Force stopping package com.example.hellojni uid=10066
I/PackageManager(  182): Package com.example.hellojni codePath changed from /data/app/com.example.hellojni-1.apk to /data/app/com.example.hellojni-2.apk; Retaining data and using new
I/ActivityManager(  182): Force stopping package com.example.hellojni uid=10066
W/PackageManager(  182): Code path for pkg : com.example.hellojni changing from /data/app/com.example.hellojni-1.apk to /data/app/com.example.hellojni-2.apk
W/PackageManager(  182): Resource path for pkg : com.example.hellojni changing from /data/app/com.example.hellojni-1.apk to /data/app/com.example.hellojni-2.apk
I/ActivityManager(  182): Force stopping package com.example.hellojni uid=10066
I/ActivityManager(  182): Start proc com.google.android.gallery3d for broadcast com.google.android.gallery3d/com.android.gallery3d.app.PackagesMonitor: pid=11736 uid=10018 gids={3003, 1015}
D/BackupManagerService(  182): Received broadcast Intent { act=android.intent.action.PACKAGE_REMOVED dat=package:com.example.hellojni flg=0x10000010 (has extras) }
D/BackupManagerService(  182): Received broadcast Intent { act=android.intent.action.PACKAGE_ADDED dat=package:com.example.hellojni flg=0x10000010 (has extras) }
V/BackupManagerService(  182): updatePackageParticipantsLocked: #1
I/ActivityManager(  182): Start proc com.android.keychain for broadcast com.android.keychain/.KeyChainBroadcastReceiver: pid=11749 uid=1000 gids={1015, 3002, 3001, 3003, 3007}
D/BackupManagerService(  182): Received broadcast Intent { act=android.intent.action.PACKAGE_REPLACED dat=package:com.example.hellojni flg=0x10000010 (has extras) }
V/BackupManagerService(  182): updatePackageParticipantsLocked: #1
I/ActivityManager(  182): Start proc com.android.musicfx for broadcast com.android.musicfx/.Compatibility$Receiver: pid=11762 uid=10040 gids={3003, 3002}
I/ActivityManager(  182): No longer want com.google.android.gsf.login (pid 3573): hidden #16
I/ActivityManager(  182): Start proc com.android.vending for broadcast com.android.vending/com.google.android.finsky.receivers.PersistentPackageMonitorReceiver: pid=11775 uid=10046 gids={3003, 1015}
I/ActivityManager(  182): No longer want com.google.android.inputmethod.latin.dictionarypack (pid 3642): hidden #16
I/ActivityManager(  182): Start proc com.android.voicedialer for broadcast com.android.voicedialer/.VoiceDialerReceiver: pid=11804 uid=10062 gids={3002}
I/ActivityManager(  182): No longer want com.Android.CodeInTheAir.UI (pid 3519): hidden #16
I/ActivityManager(  182): Start proc com.google.android.partnersetup for broadcast com.google.android.partnersetup/.RlzPingBroadcastReceiver: pid=11819 uid=10023 gids={3003}
I/ActivityManager(  182): No longer want com.google.android.apps.maps:FriendService (pid 3779): hidden #16
I/ActivityManager(  182): No longer want com.google.android.apps.maps:LocationFriendService (pid 3798): hidden #16
I/ActivityManager(  182): Start proc com.google.android.googlequicksearchbox for broadcast com.google.android.googlequicksearchbox/.SourceUpdateReceiver: pid=11833 uid=10024 gids={3003}
I/ActivityManager(  182): No longer want com.vzw.hss.myverizonged (pid 1343): hidden #16
I/ActivityManager(  182): No longer want com.google.android.talk (pid 1486): hidden #16
I/ActivityManager(  182): START {act=android.intent.action.MAIN cat=[android.intent.category.HOME] flg=0x10200000 cmp=com.android.launcher/com.android.launcher2.Launcher} from pid 182
W/InputManagerService(  182): Window already focused, ignoring focus gain of: com.android.internal.view.IInputMethodClient$Stub$Proxy@41af0ca0
I/ActivityManager(  182): START {act=android.intent.action.MAIN cat=[android.intent.category.LAUNCHER] flg=0x10200000 cmp=com.google.android.browser/com.android.browser.BrowserActivity bnds=[552,1040][680,1168]} from pid 462
I/ActivityManager(  182): Start proc com.google.android.browser for activity com.google.android.browser/com.android.browser.BrowserActivity: pid=11855 uid=10005 gids={3003, 1015}
I/ActivityManager(  182): moveTaskToBack: 10
W/InputManagerService(  182): Starting input on non-focused client com.android.internal.view.IInputMethodClient$Stub$Proxy@419a2fa0 (uid=10005 pid=11855)
I/ActivityManager(  182): START {act=android.intent.action.MAIN cat=[android.intent.category.LAUNCHER] flg=0x10200000 cmp=com.example.hellojni/.HelloJni} from pid 462
I/ActivityManager(  182): Start proc com.example.hellojni for activity com.example.hellojni/.HelloJni: pid=11903 uid=10066 gids={1015, 3003}
W/InputManagerService(  182): Starting input on non-focused client com.android.internal.view.IInputMethodClient$Stub$Proxy@41825680 (uid=10031 pid=462)
I/WindowManager(  182): No lock screen!
W/ActivityManager(  182): No content provider found for permission revoke: file:///data/local/tmp/HelloJni-debug.apk
W/ActivityManager(  182): No content provider found for permission revoke: file:///data/local/tmp/HelloJni-debug.apk
I/PackageParser(  182): com.example.hellojni: compat added android.permission.READ_PHONE_STATE
I/ActivityManager(  182): Force stopping package com.example.hellojni uid=10066
I/ActivityManager(  182): Killing proc 11903:com.example.hellojni/10066: force stop
W/ActivityManager(  182): Force removing ActivityRecord{41875ca0 com.example.hellojni/.HelloJni}: app died, no saved state
I/WindowManager(  182): WIN DEATH: Window{416c66a8 com.example.hellojni/com.example.hellojni.HelloJni paused=false}
I/PackageManager(  182): Package com.example.hellojni codePath changed from /data/app/com.example.hellojni-2.apk to /data/app/com.example.hellojni-1.apk; Retaining data and using new
W/InputManagerService(  182): Got RemoteException sending setActive(false) notification to pid 11903 uid 10066
I/ActivityManager(  182): Force stopping package com.example.hellojni uid=10066
W/PackageManager(  182): Code path for pkg : com.example.hellojni changing from /data/app/com.example.hellojni-2.apk to /data/app/com.example.hellojni-1.apk
W/PackageManager(  182): Resource path for pkg : com.example.hellojni changing from /data/app/com.example.hellojni-2.apk to /data/app/com.example.hellojni-1.apk
I/ActivityManager(  182): Force stopping package com.example.hellojni uid=10066
D/BackupManagerService(  182): Received broadcast Intent { act=android.intent.action.PACKAGE_REMOVED dat=package:com.example.hellojni flg=0x10000010 (has extras) }
D/BackupManagerService(  182): Received broadcast Intent { act=android.intent.action.PACKAGE_ADDED dat=package:com.example.hellojni flg=0x10000010 (has extras) }
V/BackupManagerService(  182): updatePackageParticipantsLocked: #1
I/ActivityManager(  182): Start proc com.google.android.apps.maps:FriendService for broadcast com.google.android.apps.maps/com.google.googlenav.friend.android.ServiceReceiver: pid=11938 uid=10034 gids={3003, 1015}
D/BackupManagerService(  182): Received broadcast Intent { act=android.intent.action.PACKAGE_REPLACED dat=package:com.example.hellojni flg=0x10000010 (has extras) }
V/BackupManagerService(  182): updatePackageParticipantsLocked: #1
I/ActivityManager(  182): Start proc com.google.android.apps.maps:LocationFriendService for broadcast com.google.android.apps.maps/com.google.googlenav.friend.reporting.LocationReportingIntentReceiver: pid=11952 uid=10034 gids={3003, 1015}
I/ActivityManager(  182): START {flg=0x10000000 cmp=com.google.android.apps.maps/com.google.googlenav.login.AndroidLoginActivitySdk5 (has extras)} from pid 11952
I/ActivityManager(  182): No longer want com.google.android.apps.uploader (pid 1401): hidden #16
W/InputManagerService(  182): Window already focused, ignoring focus gain of: com.android.internal.view.IInputMethodClient$Stub$Proxy@41b720a8
I/ActivityManager(  182): No longer want com.samsung.syncservice (pid 946): hidden #16
W/ActivityManager(  182): Scheduling restart of crashed service com.samsung.syncservice/.SyncmlService in 5000ms
I/ActivityManager(  182): START {act=android.intent.action.MAIN cat=[android.intent.category.LAUNCHER] flg=0x10200000 cmp=com.example.hellojni/.HelloJni} from pid 462
I/ActivityManager(  182): Start proc com.example.hellojni for activity com.example.hellojni/.HelloJni: pid=11976 uid=10066 gids={1015, 3003}
W/InputManagerService(  182): Starting input on non-focused client com.android.internal.view.IInputMethodClient$Stub$Proxy@41825680 (uid=10031 pid=462)
I/ActivityManager(  182): Start proc com.samsung.syncservice for service com.samsung.syncservice/.SyncmlService: pid=11989 uid=1000 gids={1015, 3002, 3001, 3003, 3007}
I/ActivityManager(  182): Start proc com.google.android.gsf.login for service com.google.android.gsf.login/com.google.android.gsf.loginservice.GoogleLoginService: pid=12012 uid=10011 gids={3003, 1015, 1007, 2001, 3006}
I/ActivityManager(  182): No longer want com.android.settings (pid 3835): hidden #16
W/ActivityManager(  182): No content provider found for permission revoke: file:///data/local/tmp/HelloJni-debug.apk
W/ActivityManager(  182): No content provider found for permission revoke: file:///data/local/tmp/HelloJni-debug.apk
I/PackageParser(  182): com.example.hellojni: compat added android.permission.READ_PHONE_STATE
I/ActivityManager(  182): Force stopping package com.example.hellojni uid=10066
I/ActivityManager(  182): Killing proc 11976:com.example.hellojni/10066: force stop
W/ActivityManager(  182): Force removing ActivityRecord{416d15d0 com.example.hellojni/.HelloJni}: app died, no saved state
I/WindowManager(  182): WIN DEATH: Window{417d91d0 com.example.hellojni/com.example.hellojni.HelloJni paused=false}
I/PackageManager(  182): Package com.example.hellojni codePath changed from /data/app/com.example.hellojni-1.apk to /data/app/com.example.hellojni-2.apk; Retaining data and using new
I/ActivityManager(  182): Force stopping package com.example.hellojni uid=10066
W/PackageManager(  182): Code path for pkg : com.example.hellojni changing from /data/app/com.example.hellojni-1.apk to /data/app/com.example.hellojni-2.apk
W/PackageManager(  182): Resource path for pkg : com.example.hellojni changing from /data/app/com.example.hellojni-1.apk to /data/app/com.example.hellojni-2.apk
W/InputManagerService(  182): Got RemoteException sending setActive(false) notification to pid 11976 uid 10066
I/ActivityManager(  182): Force stopping package com.example.hellojni uid=10066
D/BackupManagerService(  182): Received broadcast Intent { act=android.intent.action.PACKAGE_REMOVED dat=package:com.example.hellojni flg=0x10000010 (has extras) }
D/BackupManagerService(  182): Received broadcast Intent { act=android.intent.action.PACKAGE_ADDED dat=package:com.example.hellojni flg=0x10000010 (has extras) }
V/BackupManagerService(  182): updatePackageParticipantsLocked: #1
D/BackupManagerService(  182): Received broadcast Intent { act=android.intent.action.PACKAGE_REPLACED dat=package:com.example.hellojni flg=0x10000010 (has extras) }
V/BackupManagerService(  182): updatePackageParticipantsLocked: #1
W/ActivityManager(  182): No content provider found for permission revoke: file:///data/local/tmp/HelloJni-debug.apk
W/ActivityManager(  182): No content provider found for permission revoke: file:///data/local/tmp/HelloJni-debug.apk
I/PackageParser(  182): com.example.hellojni: compat added android.permission.READ_PHONE_STATE
I/ActivityManager(  182): Force stopping package com.example.hellojni uid=10066
I/PackageManager(  182): Package com.example.hellojni codePath changed from /data/app/com.example.hellojni-2.apk to /data/app/com.example.hellojni-1.apk; Retaining data and using new
I/ActivityManager(  182): Force stopping package com.example.hellojni uid=10066
W/PackageManager(  182): Code path for pkg : com.example.hellojni changing from /data/app/com.example.hellojni-2.apk to /data/app/com.example.hellojni-1.apk
W/PackageManager(  182): Resource path for pkg : com.example.hellojni changing from /data/app/com.example.hellojni-2.apk to /data/app/com.example.hellojni-1.apk
I/ActivityManager(  182): Force stopping package com.example.hellojni uid=10066
D/BackupManagerService(  182): Received broadcast Intent { act=android.intent.action.PACKAGE_REMOVED dat=package:com.example.hellojni flg=0x10000010 (has extras) }
D/BackupManagerService(  182): Received broadcast Intent { act=android.intent.action.PACKAGE_ADDED dat=package:com.example.hellojni flg=0x10000010 (has extras) }
V/BackupManagerService(  182): updatePackageParticipantsLocked: #1
D/BackupManagerService(  182): Received broadcast Intent { act=android.intent.action.PACKAGE_REPLACED dat=package:com.example.hellojni flg=0x10000010 (has extras) }
V/BackupManagerService(  182): updatePackageParticipantsLocked: #1
I/ActivityManager(  182): START {act=android.intent.action.MAIN cat=[android.intent.category.LAUNCHER] flg=0x10200000 cmp=com.example.hellojni/.HelloJni} from pid 462
I/ActivityManager(  182): Start proc com.example.hellojni for activity com.example.hellojni/.HelloJni: pid=12078 uid=10066 gids={1015, 3003}
W/InputManagerService(  182): Starting input on non-focused client com.android.internal.view.IInputMethodClient$Stub$Proxy@41825680 (uid=10031 pid=462)
--------- beginning of /dev/log/main
D/UDP-TIMING(12078): 5054 0 -0.504150000
D/UDP-TIMING(12078): 5055 0 -0.506063000
D/UDP-TIMING(12078): 5056 0 -0.505595000
D/UDP-TIMING(12078): 5057 0 -0.504680000
D/UDP-TIMING(12078): 5058 0 -0.506374000
D/UDP-TIMING(12078): 5059 0 -0.499897000
D/UDP-TIMING(12078): 5060 0 -0.504993000
D/UDP-TIMING(12078): 5061 0 -0.504307000
D/UDP-TIMING(12078): 5062 0 -0.505946000
D/UDP-TIMING(12078): 5063 0 -0.505131000
D/UDP-TIMING(12078): 5064 0 -0.505644000
D/UDP-TIMING(12078): 5065 0 -0.501765000
D/UDP-TIMING(12078): 5066 0 -0.504923000
D/UDP-TIMING(12078): 5067 0 -0.504069000
D/UDP-TIMING(12078): 5068 0 -0.505262000
D/UDP-TIMING(12078): 5069 0 -0.503312000
D/UDP-TIMING(12078): 5070 0 -0.505404000
D/UDP-TIMING(12078): 5071 0 -0.505668000
D/UDP-TIMING(12078): 5072 0 -0.505143000
D/UDP-TIMING(12078): 5073 0 -0.503639000
D/UDP-TIMING(12078): 5074 0 -0.503234000
D/UDP-TIMING(12078): 5075 0 -0.505909000
D/UDP-TIMING(12078): 5076 0 -0.503591000
D/UDP-TIMING(12078): 5077 0 -0.505575000
D/UDP-TIMING(12078): 5078 0 -0.504811000
D/UDP-TIMING(12078): 5079 0 -0.503518000
D/UDP-TIMING(12078): 5080 0 -0.505095000
D/UDP-TIMING(12078): 5081 0 -0.504297000
D/UDP-TIMING(12078): 5082 0 -0.498462000
D/UDP-TIMING(12078): 5083 0 -0.501291000
D/UDP-TIMING(12078): 5084 0 -0.505836000
D/UDP-TIMING(12078): 5085 0 -0.505009000
D/UDP-TIMING(12078): 5086 0 -0.505243000
D/UDP-TIMING(12078): 5087 0 -0.505337000
D/UDP-TIMING(12078): 5088 0 -0.505431000
D/UDP-TIMING(12078): 5089 0 -0.504505000
D/UDP-TIMING(12078): 5090 0 -0.505773000
D/UDP-TIMING(12078): 5091 0 -0.504855000
D/UDP-TIMING(12078): 5092 0 -0.504878000
D/UDP-TIMING(12078): 5093 0 -0.505203000
D/UDP-TIMING(12078): 5094 0 -0.505336000
D/UDP-TIMING(12078): 5095 0 -0.505543000
D/UDP-TIMING(12078): 5096 0 -0.504713000
D/UDP-TIMING(12078): 5097 0 -0.504910000
D/UDP-TIMING(12078): 5098 0 -0.501719000
D/UDP-TIMING(12078): 5099 0 -0.502277000
D/UDP-TIMING(12078): 5100 0 -0.505313000
D/UDP-TIMING(12078): 5101 0 -0.505641000
D/UDP-TIMING(12078): 5102 0 -0.498830000
D/UDP-TIMING(12078): 5103 0 -0.505598000
D/UDP-TIMING(12078): 5104 0 -0.505804000
D/UDP-TIMING(12078): 5105 0 -0.505447000
D/UDP-TIMING(12078): 5106 0 -0.505563000
D/UDP-TIMING(12078): 5107 0 -0.504726000
D/UDP-TIMING(12078): 5108 0 -0.505854000
D/UDP-TIMING(12078): 5109 0 -0.502019000
D/UDP-TIMING(12078): 5110 0 -0.505180000
D/UDP-TIMING(12078): 5111 0 -0.505940000
D/UDP-TIMING(12078): 5112 0 -0.505139000
D/UDP-TIMING(12078): 5113 0 -0.498327000
D/UDP-TIMING(12078): 5114 0 -0.496519000
D/UDP-TIMING(12078): 5115 0 -0.502695000
D/UDP-TIMING(12078): 5116 0 -0.504886000
D/UDP-TIMING(12078): 5117 0 -0.506064000
D/UDP-TIMING(12078): 5118 0 -0.504512000
D/UDP-TIMING(12078): 5119 0 -0.504702000
D/UDP-TIMING(12078): 5120 0 -0.504913000
D/UDP-TIMING(12078): 5121 0 -0.505085000
D/UDP-TIMING(12078): 5122 0 -0.504286000
D/UDP-TIMING(12078): 5123 0 -0.497444000
D/UDP-TIMING(12078): 5124 0 -0.497645000
D/UDP-TIMING(12078): 5125 0 -0.504443000
D/UDP-TIMING(12078): 5126 0 -0.496995000
D/UDP-TIMING(12078): 5127 0 -0.497437000
D/UDP-TIMING(12078): 5128 0 -0.497891000
D/UDP-TIMING(12078): 5129 0 -0.497448000
D/UDP-TIMING(12078): 5130 0 -0.504605000
D/UDP-TIMING(12078): 5131 0 -0.505910000
D/UDP-TIMING(12078): 5132 0 -0.502924000
D/UDP-TIMING(12078): 5133 0 -0.504979000
D/UDP-TIMING(12078): 5134 0 -0.505273000
D/UDP-TIMING(12078): 5135 0 -0.503464000
D/UDP-TIMING(12078): 5136 0 -0.505324000
D/UDP-TIMING(12078): 5137 0 -0.506368000
D/UDP-TIMING(12078): 5138 0 -0.501442000
D/UDP-TIMING(12078): 5139 0 -0.506548000
D/UDP-TIMING(12078): 5140 0 -0.505694000
D/UDP-TIMING(12078): 5141 0 -0.505819000
D/UDP-TIMING(12078): 5142 0 -0.505024000
D/UDP-TIMING(12078): 5143 0 -0.503632000
D/UDP-TIMING(12078): 5144 0 -0.504796000
D/UDP-TIMING(12078): 5145 0 -0.504702000
D/UDP-TIMING(12078): 5146 0 -0.505020000
D/UDP-TIMING(12078): 5147 0 -0.505137000
D/UDP-TIMING(12078): 5148 0 -0.499858000
D/UDP-TIMING(12078): 5149 0 -0.505954000
D/UDP-TIMING(12078): 5150 0 -0.505784000
D/UDP-TIMING(12078): 5151 0 -0.506304000
D/UDP-TIMING(12078): 5152 0 -0.505461000
D/UDP-TIMING(12078): 5153 0 -0.505630000
D/UDP-TIMING(12078): 5154 0 -0.505218000
D/UDP-TIMING(12078): 5155 0 -0.504990000
D/UDP-TIMING(12078): 5156 0 -0.505590000
D/UDP-TIMING(12078): 5157 0 -0.505754000
D/UDP-TIMING(12078): 5158 0 -0.501907000
D/UDP-TIMING(12078): 5159 0 -0.505073000
D/UDP-TIMING(12078): 5160 0 -0.505237000
D/UDP-TIMING(12078): 5161 0 -0.505041000
D/UDP-TIMING(12078): 5162 0 -0.501547000
D/UDP-TIMING(12078): 5163 0 -0.504798000
D/UDP-TIMING(12078): 5164 0 -0.504970000
D/UDP-TIMING(12078): 5165 0 -0.505264000
D/UDP-TIMING(12078): 5166 0 -0.505318000
D/UDP-TIMING(12078): 5167 0 -0.504485000
D/UDP-TIMING(12078): 5168 0 -0.499695000
D/UDP-TIMING(12078): 5169 0 -0.504815000
D/UDP-TIMING(12078): 5170 0 -0.497997000
D/UDP-TIMING(12078): 5171 0 -0.496105000
D/UDP-TIMING(12078): 5172 0 -0.505955000
D/UDP-TIMING(12078): 5173 0 -0.505486000
D/UDP-TIMING(12078): 5174 0 -0.504687000
D/UDP-TIMING(12078): 5175 0 -0.505499000
D/UDP-TIMING(12078): 5176 0 -0.504609000
D/UDP-TIMING(12078): 5177 0 -0.505720000
D/UDP-TIMING(12078): 5178 0 -0.501249000
D/UDP-TIMING(12078): 5179 0 -0.497044000
D/UDP-TIMING(12078): 5180 0 -0.503226000
D/UDP-TIMING(12078): 5181 0 -0.497414000
D/UDP-TIMING(12078): 5182 0 -0.504972000
D/UDP-TIMING(12078): 5183 0 -0.505143000
D/UDP-TIMING(12078): 5184 0 -0.505418000
D/UDP-TIMING(12078): 5185 0 -0.505070000
D/UDP-TIMING(12078): 5186 0 -0.505645000
D/UDP-TIMING(12078): 5187 0 -0.504785000
D/UDP-TIMING(12078): 5188 0 -0.503591000
D/UDP-TIMING(12078): 5189 0 -0.505230000
D/UDP-TIMING(12078): 5190 0 -0.505304000
D/UDP-TIMING(12078): 5191 0 -0.504069000
D/UDP-TIMING(12078): 5192 0 -0.504665000
D/UDP-TIMING(12078): 5193 0 -0.504888000
D/UDP-TIMING(12078): 5194 0 -0.505184000
D/UDP-TIMING(12078): 5195 0 -0.503861000
D/UDP-TIMING(12078): 5196 0 -0.506058000
D/UDP-TIMING(12078): 5197 0 -0.505599000
D/UDP-TIMING(12078): 5198 0 -0.505328000
D/UDP-TIMING(12078): 5199 0 -0.505870000
D/UDP-TIMING(12078): 5200 0 -0.505061000
D/UDP-TIMING(12078): 5201 0 -0.504196000
D/UDP-TIMING(12078): 5202 0 -0.505405000
D/UDP-TIMING(12078): 5203 0 -0.504600000
D/UDP-TIMING(12078): 5204 0 -0.504770000
D/UDP-TIMING(12078): 5205 0 -0.505096000
D/UDP-TIMING(12078): 5206 0 -0.506100000
D/UDP-TIMING(12078): 5207 0 -0.505276000
D/UDP-TIMING(12078): 5208 0 -0.506031000
D/UDP-TIMING(12078): 5209 0 -0.505593000
D/UDP-TIMING(12078): 5210 0 -0.505764000
D/UDP-TIMING(12078): 5211 0 -0.505941000
D/UDP-TIMING(12078): 5212 0 -0.505746000
D/UDP-TIMING(12078): 5213 0 -0.506928000
D/UDP-TIMING(12078): 5214 0 -0.505117000
D/UDP-TIMING(12078): 5215 0 -0.506294000
D/UDP-TIMING(12078): 5216 0 -0.504440000
D/UDP-TIMING(12078): 5217 0 -0.495979000
D/UDP-TIMING(12078): 5218 0 -0.506006000
D/UDP-TIMING(12078): 5219 0 -0.505280000
D/UDP-TIMING(12078): 5220 0 -0.497416000
D/UDP-TIMING(12078): 5221 0 -0.505247000
D/UDP-TIMING(12078): 5222 0 -0.505906000
D/UDP-TIMING(12078): 5223 0 -0.505957000
D/UDP-TIMING(12078): 5224 0 -0.504725000
D/UDP-TIMING(12078): 5225 0 -0.505934000
D/UDP-TIMING(12078): 5226 0 -0.505073000
D/UDP-TIMING(12078): 5227 0 -0.504661000
D/UDP-TIMING(12078): 5228 0 -0.504766000
D/UDP-TIMING(12078): 5229 0 -0.503839000
D/UDP-TIMING(12078): 5230 0 -0.503762000
D/UDP-TIMING(12078): 5231 0 -0.504117000
D/UDP-TIMING(12078): 5232 0 -0.496504000
D/UDP-TIMING(12078): 5233 0 -0.504706000
D/UDP-TIMING(12078): 5234 0 -0.504875000
D/UDP-TIMING(12078): 5235 0 -0.505007000
D/UDP-TIMING(12078): 5236 0 -0.492731000
D/UDP-TIMING(12078): 5237 0 -0.495894000
D/UDP-TIMING(12078): 5238 0 -0.496441000
D/UDP-TIMING(12078): 5239 0 -0.496644000
D/UDP-TIMING(12078): 5240 0 -0.497826000
D/UDP-TIMING(12078): 5241 0 -0.504619000
D/UDP-TIMING(12078): 5242 0 -0.505157000
D/UDP-TIMING(12078): 5243 0 -0.497293000
D/UDP-TIMING(12078): 5244 0 -0.506097000
D/UDP-TIMING(12078): 5245 0 -0.505810000
D/UDP-TIMING(12078): 5246 0 -0.505807000
D/UDP-TIMING(12078): 5247 0 -0.503991000
D/UDP-TIMING(12078): 5248 0 -0.505050000
D/UDP-TIMING(12078): 5249 0 -0.505253000
D/UDP-TIMING(12078): 5250 0 -0.505575000
D/UDP-TIMING(12078): 5251 0 -0.505685000
D/UDP-TIMING(12078): 5252 0 -0.501391000
D/UDP-TIMING(12078): 5253 0 -0.505468000
D/UDP-TIMING(12078): 5254 0 -0.505763000
D/UDP-TIMING(12078): 5255 0 -0.505276000
D/UDP-TIMING(12078): 5256 0 -0.505998000
D/UDP-TIMING(12078): 5257 0 -0.503555000
D/UDP-TIMING(12078): 5258 0 -0.506299000
D/UDP-TIMING(12078): 5259 0 -0.504828000
D/UDP-TIMING(12078): 5260 0 -0.505840000
D/UDP-TIMING(12078): 5261 0 -0.504239000
D/UDP-TIMING(12078): 5262 0 -0.506941000
D/UDP-TIMING(12078): 5263 0 -0.505124000
D/UDP-TIMING(12078): 5264 0 -0.496647000
D/UDP-TIMING(12078): 5265 0 -0.505482000
D/UDP-TIMING(12078): 5266 0 -0.505030000
D/UDP-TIMING(12078): 5267 0 -0.503768000
D/UDP-TIMING(12078): 5268 0 -0.504424000
D/UDP-TIMING(12078): 5269 0 -0.503482000
D/UDP-TIMING(12078): 5270 0 -0.506210000
D/UDP-TIMING(12078): 5271 0 -0.506418000
D/UDP-TIMING(12078): 5272 0 -0.504967000
D/UDP-TIMING(12078): 5273 0 -0.499154000
D/UDP-TIMING(12078): 5274 0 -0.505611000
D/UDP-TIMING(12078): 5275 0 -0.506105000
D/UDP-TIMING(12078): 5276 0 -0.504698000
D/UDP-TIMING(12078): 5277 0 -0.504854000
D/UDP-TIMING(12078): 5278 0 -0.505549000
D/UDP-TIMING(12078): 5279 0 -0.505129000
D/UDP-TIMING(12078): 5280 0 -0.505236000
D/UDP-TIMING(12078): 5281 0 -0.505039000
D/UDP-TIMING(12078): 5282 0 -0.501731000
D/UDP-TIMING(12078): 5283 0 -0.505598000
D/UDP-TIMING(12078): 5284 0 -0.504855000
D/UDP-TIMING(12078): 5285 0 -0.505894000
D/UDP-TIMING(12078): 5286 0 -0.505028000
D/UDP-TIMING(12078): 5287 0 -0.505825000
D/UDP-TIMING(12078): 5288 0 -0.505005000
D/UDP-TIMING(12078): 5289 0 -0.505528000
D/UDP-TIMING(12078): 5290 0 -0.506245000
D/UDP-TIMING(12078): 5291 0 -0.502871000
D/UDP-TIMING(12078): 5292 0 -0.506678000
D/UDP-TIMING(12078): 5293 0 -0.505870000
D/UDP-TIMING(12078): 5294 0 -0.504436000
D/UDP-TIMING(12078): 5295 0 -0.504604000
D/UDP-TIMING(12078): 5296 0 -0.495780000
D/UDP-TIMING(12078): 5297 0 -0.504575000
D/UDP-TIMING(12078): 5298 0 -0.505192000
D/UDP-TIMING(12078): 5299 0 -0.500886000
D/UDP-TIMING(12078): 5300 0 -0.506058000
D/UDP-TIMING(12078): 5301 0 -0.505647000
D/UDP-TIMING(12078): 5302 0 -0.506367000
D/UDP-TIMING(12078): 5303 0 -0.504948000
D/UDP-TIMING(12078): 5304 0 -0.505116000
D/UDP-TIMING(12078): 5305 0 -0.505279000
D/UDP-TIMING(12078): 5306 0 -0.501405000
D/UDP-TIMING(12078): 5307 0 -0.502562000
D/UDP-TIMING(12078): 5308 0 -0.504978000
D/UDP-TIMING(12078): 5309 0 -0.504907000
D/UDP-TIMING(12078): 5310 0 -0.505023000
D/UDP-TIMING(12078): 5311 0 -0.505821000
D/UDP-TIMING(12078): 5312 0 -0.503976000
D/UDP-TIMING(12078): 5313 0 -0.506156000
D/UDP-TIMING(12078): 5314 0 -0.505319000
D/UDP-TIMING(12078): 5315 0 -0.503445000
D/UDP-TIMING(12078): 5316 0 -0.497610000
D/UDP-TIMING(12078): 5317 0 -0.505796000
D/UDP-TIMING(12078): 5318 0 -0.503325000
D/UDP-TIMING(12078): 5319 0 -0.503468000
D/UDP-TIMING(12078): 5320 0 -0.505526000
D/UDP-TIMING(12078): 5321 0 -0.504827000
D/UDP-TIMING(12078): 5322 0 -0.501970000
D/UDP-TIMING(12078): 5323 0 -0.504325000
D/UDP-TIMING(12078): 5324 0 -0.490303000
D/UDP-TIMING(12078): 5325 0 -0.495454000
D/UDP-TIMING(12078): 5326 0 -0.502174000
D/UDP-TIMING(12078): 5327 0 -0.505054000
D/UDP-TIMING(12078): 5328 0 -0.504753000
D/UDP-TIMING(12078): 5329 0 -0.504905000
D/UDP-TIMING(12078): 5330 0 -0.505027000
D/UDP-TIMING(12078): 5331 0 -0.505295000
D/UDP-TIMING(12078): 5332 0 -0.502399000
D/UDP-TIMING(12078): 5333 0 -0.505485000
D/UDP-TIMING(12078): 5334 0 -0.505730000
D/UDP-TIMING(12078): 5335 0 -0.505065000
D/UDP-TIMING(12078): 5336 0 -0.499019000
D/UDP-TIMING(12078): 5337 0 -0.505796000
D/UDP-TIMING(12078): 5338 0 -0.505985000
D/UDP-TIMING(12078): 5339 0 -0.506095000
D/UDP-TIMING(12078): 5340 0 -0.504228000
D/UDP-TIMING(12078): 5341 0 -0.503377000
D/UDP-TIMING(12078): 5342 0 -0.504576000
D/UDP-TIMING(12078): 5343 0 -0.506763000
D/UDP-TIMING(12078): 5344 0 -0.505303000
D/UDP-TIMING(12078): 5345 0 -0.505490000
D/UDP-TIMING(12078): 5346 0 -0.505181000
D/UDP-TIMING(12078): 5347 0 -0.504301000
D/UDP-TIMING(12078): 5348 0 -0.504639000
D/UDP-TIMING(12078): 5349 0 -0.504928000
D/UDP-TIMING(12078): 5350 0 -0.496066000
D/UDP-TIMING(12078): 5351 0 -0.505792000
D/UDP-TIMING(12078): 5352 0 -0.504325000
D/UDP-TIMING(12078): 5353 0 -0.505379000
D/UDP-TIMING(12078): 5354 0 -0.505781000
D/UDP-TIMING(12078): 5355 0 -0.504765000
D/UDP-TIMING(12078): 5356 0 -0.503887000
D/UDP-TIMING(12078): 5357 0 -0.505612000
D/UDP-TIMING(12078): 5358 0 -0.503091000
D/UDP-TIMING(12078): 5359 0 -0.505339000
D/UDP-TIMING(12078): 5360 0 -0.505405000
D/UDP-TIMING(12078): 5361 0 -0.499580000
D/UDP-TIMING(12078): 5362 0 -0.496758000
D/UDP-TIMING(12078): 5363 0 -0.506576000
D/UDP-TIMING(12078): 5364 0 -0.505152000
D/UDP-TIMING(12078): 5365 0 -0.505369000
D/UDP-TIMING(12078): 5366 0 -0.505392000
D/UDP-TIMING(12078): 5367 0 -0.505540000
D/UDP-TIMING(12078): 5368 0 -0.505332000
D/UDP-TIMING(12078): 5369 0 -0.503882000
D/UDP-TIMING(12078): 5370 0 -0.504059000
D/UDP-TIMING(12078): 5371 0 -0.505875000
D/UDP-TIMING(12078): 5372 0 -0.504423000
D/UDP-TIMING(12078): 5373 0 -0.503608000
D/UDP-TIMING(12078): 5374 0 -0.497367000
D/UDP-TIMING(12078): 5375 0 -0.502055000
D/UDP-TIMING(12078): 5376 0 -0.504036000
D/UDP-TIMING(12078): 5377 0 -0.505171000
D/UDP-TIMING(12078): 5378 0 -0.505866000
D/UDP-TIMING(12078): 5379 0 -0.505385000
D/UDP-TIMING(12078): 5380 0 -0.505661000
D/UDP-TIMING(12078): 5381 0 -0.506383000
D/UDP-TIMING(12078): 5382 0 -0.505573000
D/UDP-TIMING(12078): 5383 0 -0.504561000
D/UDP-TIMING(12078): 5384 0 -0.505315000
D/UDP-TIMING(12078): 5385 0 -0.500373000
D/UDP-TIMING(12078): 5386 0 -0.502720000
D/UDP-TIMING(12078): 5387 0 -0.505687000
D/UDP-TIMING(12078): 5388 0 -0.504935000
D/UDP-TIMING(12078): 5389 0 -0.501226000
D/UDP-TIMING(12078): 5390 0 -0.504010000
D/UDP-TIMING(12078): 5391 0 -0.505990000
D/UDP-TIMING(12078): 5392 0 -0.497475000
D/UDP-TIMING(12078): 5393 0 -0.505670000
D/UDP-TIMING(12078): 5394 0 -0.501884000
D/UDP-TIMING(12078): 5395 0 -0.504932000
D/UDP-TIMING(12078): 5396 0 -0.505095000
D/UDP-TIMING(12078): 5397 0 -0.503197000
D/UDP-TIMING(12078): 5398 0 -0.506020000
D/UDP-TIMING(12078): 5399 0 -0.504613000
D/UDP-TIMING(12078): 5400 0 -0.504793000
D/UDP-TIMING(12078): 5401 0 -0.504167000
D/UDP-TIMING(12078): 5402 0 -0.504988000
D/UDP-TIMING(12078): 5403 0 -0.505338000
D/UDP-TIMING(12078): 5404 0 -0.500491000
D/UDP-TIMING(12078): 5405 0 -0.494225000
D/UDP-TIMING(12078): 5406 0 -0.504145000
D/UDP-TIMING(12078): 5407 0 -0.497219000
D/UDP-TIMING(12078): 5408 0 -0.503125000
D/UDP-TIMING(12078): 5409 0 -0.505873000
D/UDP-TIMING(12078): 5410 0 -0.505534000
D/UDP-TIMING(12078): 5411 0 -0.506142000
D/UDP-TIMING(12078): 5412 0 -0.505681000
D/UDP-TIMING(12078): 5413 0 -0.505864000
D/UDP-TIMING(12078): 5414 0 -0.505568000
D/UDP-TIMING(12078): 5415 0 -0.496108000
D/UDP-TIMING(12078): 5416 0 -0.506189000
D/UDP-TIMING(12078): 5417 0 -0.505454000
D/UDP-TIMING(12078): 5418 0 -0.505237000
D/UDP-TIMING(12078): 5419 0 -0.505822000
D/UDP-TIMING(12078): 5420 0 -0.504984000
D/UDP-TIMING(12078): 5421 0 -0.505807000
D/UDP-TIMING(12078): 5422 0 -0.504359000
D/UDP-TIMING(12078): 5423 0 -0.506144000
D/UDP-TIMING(12078): 5424 0 -0.504713000
D/UDP-TIMING(12078): 5425 0 -0.496984000
D/UDP-TIMING(12078): 5426 0 -0.504977000
D/UDP-TIMING(12078): 5427 0 -0.497335000
D/UDP-TIMING(12078): 5428 0 -0.495288000
D/UDP-TIMING(12078): 5429 0 -0.503495000
D/UDP-TIMING(12078): 5430 0 -0.504808000
D/UDP-TIMING(12078): 5431 0 -0.506484000
D/UDP-TIMING(12078): 5432 0 -0.504069000
D/UDP-TIMING(12078): 5433 0 -0.505243000
D/UDP-TIMING(12078): 5434 0 -0.496771000
D/UDP-TIMING(12078): 5435 0 -0.496169000
D/UDP-TIMING(12078): 5436 0 -0.506123000
D/UDP-TIMING(12078): 5437 0 -0.505547000
D/UDP-TIMING(12078): 5438 0 -0.503160000
D/UDP-TIMING(12078): 5439 0 -0.505069000
D/UDP-TIMING(12078): 5440 0 -0.505296000
D/UDP-TIMING(12078): 5441 0 -0.504646000
D/UDP-TIMING(12078): 5442 0 -0.504846000
D/UDP-TIMING(12078): 5443 0 -0.505657000
D/UDP-TIMING(12078): 5444 0 -0.505846000
D/UDP-TIMING(12078): 5445 0 -0.505994000
D/UDP-TIMING(12078): 5446 0 -0.504152000
D/UDP-TIMING(12078): 5447 0 -0.504323000
D/UDP-TIMING(12078): 5448 0 -0.505505000
D/UDP-TIMING(12078): 5449 0 -0.505105000
D/UDP-TIMING(12078): 5450 0 -0.504884000
D/UDP-TIMING(12078): 5451 0 -0.498066000
D/UDP-TIMING(12078): 5452 0 -0.497252000
D/UDP-TIMING(12078): 5453 0 -0.501887000
D/UDP-TIMING(12078): 5454 0 -0.505525000
D/UDP-TIMING(12078): 5455 0 -0.492915000
D/UDP-TIMING(12078): 5456 0 -0.500947000
D/UDP-TIMING(12078): 5457 0 -0.496365000
D/UDP-TIMING(12078): 5458 0 -0.506233000
D/UDP-TIMING(12078): 5459 0 -0.505767000
D/UDP-TIMING(12078): 5460 0 -0.504970000
D/UDP-TIMING(12078): 5461 0 -0.497491000
D/UDP-TIMING(12078): 5462 0 -0.496322000
D/UDP-TIMING(12078): 5463 0 -0.505169000
D/UDP-TIMING(12078): 5464 0 -0.506303000
D/UDP-TIMING(12078): 5465 0 -0.492784000
D/UDP-TIMING(12078): 5466 0 -0.502704000
D/UDP-TIMING(12078): 5467 0 -0.505709000
D/UDP-TIMING(12078): 5468 0 -0.504330000
D/UDP-TIMING(12078): 5469 0 -0.504497000
D/UDP-TIMING(12078): 5470 0 -0.506282000
D/UDP-TIMING(12078): 5471 0 -0.505109000
D/UDP-TIMING(12078): 5472 0 -0.504027000
D/UDP-TIMING(12078): 5473 0 -0.504832000
D/UDP-TIMING(12078): 5474 0 -0.504974000
D/UDP-TIMING(12078): 5475 0 -0.498521000
D/UDP-TIMING(12078): 5476 0 -0.505701000
D/UDP-TIMING(12078): 5477 0 -0.505516000
D/UDP-TIMING(12078): 5478 0 -0.494620000
D/UDP-TIMING(12078): 5479 0 -0.497851000
D/UDP-TIMING(12078): 5480 0 -0.505409000
D/UDP-TIMING(12078): 5481 0 -0.497489000
D/UDP-TIMING(12078): 5482 0 -0.497702000
D/UDP-TIMING(12078): 5483 0 -0.496891000
D/UDP-TIMING(12078): 5484 0 -0.498674000
D/UDP-TIMING(12078): 5485 0 -0.503039000
D/UDP-TIMING(12078): 5486 0 -0.505958000
D/UDP-TIMING(12078): 5487 0 -0.502529000
D/UDP-TIMING(12078): 5488 0 -0.504569000
D/UDP-TIMING(12078): 5489 0 -0.503925000
D/UDP-TIMING(12078): 5490 0 -0.506700000
D/UDP-TIMING(12078): 5491 0 -0.505872000
D/UDP-TIMING(12078): 5492 0 -0.505460000
D/UDP-TIMING(12078): 5493 0 -0.505764000
D/UDP-TIMING(12078): 5494 0 -0.506394000
D/UDP-TIMING(12078): 5495 0 -0.502174000
D/UDP-TIMING(12078): 5496 0 -0.502799000
D/UDP-TIMING(12078): 5497 0 -0.505948000
D/UDP-TIMING(12078): 5498 0 -0.500459000
D/UDP-TIMING(12078): 5499 0 -0.503254000
D/UDP-TIMING(12078): 5500 0 -0.505444000
D/UDP-TIMING(12078): 5501 0 -0.504914000
D/UDP-TIMING(12078): 5502 0 -0.504105000
D/UDP-TIMING(12078): 5503 0 -0.505433000
D/UDP-TIMING(12078): 5504 0 -0.504388000
D/UDP-TIMING(12078): 5505 0 -0.498483000
D/UDP-TIMING(12078): 5506 0 -0.503137000
D/UDP-TIMING(12078): 5507 0 -0.505463000
D/UDP-TIMING(12078): 5508 0 -0.504216000
D/UDP-TIMING(12078): 5509 0 -0.504809000
D/UDP-TIMING(12078): 5510 0 -0.505529000
D/UDP-TIMING(12078): 5511 0 -0.506320000
D/UDP-TIMING(12078): 5512 0 -0.504783000
D/UDP-TIMING(12078): 5513 0 -0.505509000
D/UDP-TIMING(12078): 5514 0 -0.503064000
D/UDP-TIMING(12078): 5515 0 -0.501777000
D/UDP-TIMING(12078): 5516 0 -0.504924000
D/UDP-TIMING(12078): 5517 0 -0.502433000
D/UDP-TIMING(12078): 5518 0 -0.496572000
D/UDP-TIMING(12078): 5519 0 -0.496724000
D/UDP-TIMING(12078): 5520 0 -0.492850000
D/UDP-TIMING(12078): 5521 0 -0.502971000
D/UDP-TIMING(12078): 5522 0 -0.502788000
D/UDP-TIMING(12078): 5523 0 -0.505930000
D/UDP-TIMING(12078): 5524 0 -0.494086000
D/UDP-TIMING(12078): 5525 0 -0.503962000
D/UDP-TIMING(12078): 5526 0 -0.504777000
D/UDP-TIMING(12078): 5527 0 -0.503956000
D/UDP-TIMING(12078): 5528 0 -0.505190000
D/UDP-TIMING(12078): 5529 0 -0.504384000
D/UDP-TIMING(12078): 5530 0 -0.505165000
D/UDP-TIMING(12078): 5531 0 -0.504695000
D/UDP-TIMING(12078): 5532 0 -0.505552000
D/UDP-TIMING(12078): 5533 0 -0.505730000
D/UDP-TIMING(12078): 5534 0 -0.505864000
D/UDP-TIMING(12078): 5535 0 -0.505995000
D/UDP-TIMING(12078): 5536 0 -0.504162000
D/UDP-TIMING(12078): 5537 0 -0.505342000
D/UDP-TIMING(12078): 5538 0 -0.504473000
D/UDP-TIMING(12078): 5539 0 -0.505843000
D/UDP-TIMING(12078): 5540 0 -0.502260000
D/UDP-TIMING(12078): 5541 0 -0.505067000
D/UDP-TIMING(12078): 5542 0 -0.505238000
D/UDP-TIMING(12078): 5543 0 -0.505384000
D/UDP-TIMING(12078): 5544 0 -0.498448000
D/UDP-TIMING(12078): 5545 0 -0.504179000
D/UDP-TIMING(12078): 5546 0 -0.505773000
D/UDP-TIMING(12078): 5547 0 -0.505961000
D/UDP-TIMING(12078): 5548 0 -0.506211000
D/UDP-TIMING(12078): 5549 0 -0.506262000
D/UDP-TIMING(12078): 5550 0 -0.506462000
D/UDP-TIMING(12078): 5551 0 -0.498121000
D/UDP-TIMING(12078): 5552 0 -0.505347000
D/UDP-TIMING(12078): 5553 0 -0.505974000
D/UDP-TIMING(12078): 5554 0 -0.502490000
D/UDP-TIMING(12078): 5555 0 -0.504029000
D/UDP-TIMING(12078): 5556 0 -0.504729000
D/UDP-TIMING(12078): 5557 0 -0.505443000
D/UDP-TIMING(12078): 5558 0 -0.505556000
D/UDP-TIMING(12078): 5559 0 -0.505674000
D/UDP-TIMING(12078): 5560 0 -0.505804000
D/UDP-TIMING(12078): 5561 0 -0.497000000
D/UDP-TIMING(12078): 5562 0 -0.506180000
