I/ActivityManager(  182): START {act=android.intent.action.MAIN cat=[android.intent.category.HOME] flg=0x10200000 cmp=com.android.launcher/com.android.launcher2.Launcher} from pid 182
I/ActivityManager(  182): START {act=android.intent.action.MAIN cat=[android.intent.category.LAUNCHER] flg=0x10200000 cmp=com.android.settings/.Settings} from pid 462
I/ActivityManager(  182): Start proc com.android.settings for activity com.android.settings/.Settings: pid=3835 uid=1000 gids={1015, 3002, 3001, 3003, 3007}
W/InputManagerService(  182): Starting input on non-focused client com.android.internal.view.IInputMethodClient$Stub$Proxy@41825680 (uid=10031 pid=462)
D/NetworkManagementService(  182): rsp <213 00:90:4c:11:22:33 0.0.0.0 0 [down broadcast multicast]>
D/NetworkManagementService(  182): flags <[down broadcast multicast]>
I/ActivityManager(  182): START {act=android.intent.action.MAIN cmp=com.android.settings/.SubSettings (has extras)} from pid 3835
I/ActivityManager(  182): START {act=android.intent.action.MAIN cmp=com.android.phone/.Settings} from pid 3835
W/InputManagerService(  182): Starting input on non-focused client com.android.internal.view.IInputMethodClient$Stub$Proxy@419668c0 (uid=1000 pid=3835)
I/ActivityManager(  182): No longer want com.android.vending (pid 1189): hidden #16
D/ConnectivityService(  182): setMobileDataEnabled(false)
W/BackupManagerService(  182): dataChanged but no participant pkg='com.android.providers.settings' uid=1001
D/NetlinkEvent(  112): Unexpected netlink message. type=0x11
D/ConnectivityService(  182): ConnectivityChange for mobile_ims: DISCONNECTED/DISCONNECTED
E/ConnectivityService(  182): Exception trying to remove a route: java.lang.IllegalStateException: Unable to communicate with native dameon to add routes - com.android.server.NativeDaemonConnectorException: Cmd {interface route remove rmnet0 default 2001:4888:2:fffe:a0:d:0:3 128 ::} failed with code 400 : {Failed to remove route from default table (No such process)}
E/ConnectivityService(  182): Exception trying to remove a route: java.lang.IllegalStateException: Unable to communicate with native dameon to add routes - com.android.server.NativeDaemonConnectorException: Cmd {interface route remove rmnet0 default 2001:4888:3:fffe:c0:d:0:3 128 ::} failed with code 400 : {Failed to remove route from default table (No such process)}
D/NetlinkEvent(  112): Unexpected netlink message. type=0x11
D/ConnectivityService(  182): resetConnections(rmnet0, 3)
D/ConnectivityService(  182): ConnectivityChange for mobile: DISCONNECTED/DISCONNECTED
D/ConnectivityService(  182): Attempting to switch to wifi
D/ConnectivityService(  182): Attempting to switch to BLUETOOTH_TETHER
E/ConnectivityService(  182): Exception trying to remove a route: java.lang.IllegalStateException: Unable to communicate with native dameon to add routes - com.android.server.NativeDaemonConnectorException: Cmd {interface route remove rmnet1 default 10.178.20.1 32 0.0.0.0} failed with code 400 : {Failed to remove route from default table (No such process)}
E/ConnectivityService(  182): Exception trying to remove a route: java.lang.IllegalStateException: Unable to communicate with native dameon to add routes - com.android.server.NativeDaemonConnectorException: Cmd {interface route remove rmnet1 default 0.0.0.0 0 10.178.20.1} failed with code 400 : {Failed to remove route from default table (No such process)}
E/ConnectivityService(  182): Exception trying to remove a route: java.lang.IllegalStateException: Unable to communicate with native dameon to add routes - com.android.server.NativeDaemonConnectorException: Cmd {interface route remove rmnet1 default 2600:1000:b000:835b::1 128 ::} failed with code 400 : {Failed to remove route from default table (No such process)}
E/ConnectivityService(  182): Exception trying to remove a route: java.lang.IllegalStateException: Unable to communicate with native dameon to add routes - com.android.server.NativeDaemonConnectorException: Cmd {interface route remove rmnet1 default :: 0 2600:1000:b000:835b::1} failed with code 400 : {Failed to remove route from default table (No such process)}
D/ConnectivityService(  182): resetConnections(rmnet1, 3)
D/ConnectivityService(  182): handleInetConditionChange: no active default network - ignore
W/InputManagerService(  182): Starting input on non-focused client com.android.internal.view.IInputMethodClient$Stub$Proxy@41a57430 (uid=1001 pid=412)
W/AppWidgetService(  182): updateAppWidgetProvider: provider doesn't exist: ComponentInfo{com.vzw.hss.myverizonged/com.vzw.hss.datameter.widget.DataMeterWidget}
I/ActivityManager(  182): START {act=android.intent.action.MAIN cmp=com.android.settings/.SubSettings (has extras)} from pid 3835
D/ConnectivityService(  182): ConnectivityChange for WIFI: DISCONNECTED/DISCONNECTED
D/ConnectivityService(  182): Attempting to switch to mobile
D/ConnectivityService(  182): Attempting to switch to BLUETOOTH_TETHER
D/ConnectivityService(  182): ConnectivityChange for WIFI: CONNECTED/CONNECTED
I/ActivityManager(  182): START {act=android.intent.action.MAIN cat=[android.intent.category.HOME] flg=0x10200000 cmp=com.android.launcher/com.android.launcher2.Launcher} from pid 182
W/InputManagerService(  182): Starting input on non-focused client com.android.internal.view.IInputMethodClient$Stub$Proxy@419668c0 (uid=1000 pid=3835)
D/ConnectivityService(  182): handleInetConditionHoldEnd: net=1, condition=100, published condition=0
I/ActivityManager(  182): START {act=android.intent.action.MAIN cat=[android.intent.category.LAUNCHER] flg=0x10200000 cmp=com.Android.CodeInTheAir.UI/.StartDialog} from pid 462
W/InputManagerService(  182): Starting input on non-focused client com.android.internal.view.IInputMethodClient$Stub$Proxy@41825680 (uid=10031 pid=462)
D/PhoneStatusBar(  335): disable: < expand icons alerts ticker system_info back home RECENT* clock >
D/PhoneStatusBar(  335): disable: < expand icons alerts ticker system_info BACK* HOME* RECENT CLOCK* >
W/AppWidgetService(  182): updateAppWidgetProvider: provider doesn't exist: ComponentInfo{com.vzw.hss.myverizonged/com.vzw.hss.datameter.widget.DataMeterWidget}
W/ActivityManager(  182): finishReceiver called but no pending broadcasts
W/AppWidgetService(  182): updateAppWidgetProvider: provider doesn't exist: ComponentInfo{com.vzw.hss.myverizonged/com.vzw.hss.datameter.widget.DataMeterWidget}
W/AppWidgetService(  182): updateAppWidgetProvider: provider doesn't exist: ComponentInfo{com.vzw.hss.myverizonged/com.vzw.hss.datameter.widget.DataMeterWidget}
W/ActivityManager(  182): finishReceiver called but no pending broadcasts
W/ActivityManager(  182): finishReceiver called but no pending broadcasts
W/AppWidgetService(  182): updateAppWidgetProvider: provider doesn't exist: ComponentInfo{com.vzw.hss.myverizonged/com.vzw.hss.datameter.widget.DataMeterWidget}
W/ActivityManager(  182): finishReceiver called but no pending broadcasts
W/AppWidgetService(  182): updateAppWidgetProvider: provider doesn't exist: ComponentInfo{com.vzw.hss.myverizonged/com.vzw.hss.datameter.widget.DataMeterWidget}
W/AppWidgetService(  182): updateAppWidgetProvider: provider doesn't exist: ComponentInfo{com.vzw.hss.myverizonged/com.vzw.hss.datameter.widget.DataMeterWidget}
W/AppWidgetService(  182): updateAppWidgetProvider: provider doesn't exist: ComponentInfo{com.vzw.hss.myverizonged/com.vzw.hss.datameter.widget.DataMeterWidget}
W/ActivityManager(  182): finishReceiver called but no pending broadcasts
W/AppWidgetService(  182): updateAppWidgetProvider: provider doesn't exist: ComponentInfo{com.vzw.hss.myverizonged/com.vzw.hss.datameter.widget.DataMeterWidget}
I/ActivityManager(  182): No longer want com.android.providers.calendar (pid 1161): hidden #16
I/ActivityManager(  182): No longer want com.google.android.calendar (pid 1146): hidden #16
W/AppWidgetService(  182): updateAppWidgetProvider: provider doesn't exist: ComponentInfo{com.vzw.hss.myverizonged/com.vzw.hss.datameter.widget.DataMeterWidget}
I/ActivityManager(  182): No longer want com.android.bip (pid 3747): hidden #16
W/ActivityManager(  182): Scheduling restart of crashed service com.android.bip/.BIPService in 5000ms
W/AppWidgetService(  182): updateAppWidgetProvider: provider doesn't exist: ComponentInfo{com.vzw.hss.myverizonged/com.vzw.hss.datameter.widget.DataMeterWidget}
I/ActivityManager(  182): Start proc com.android.bip for service com.android.bip/.BIPService: pid=8698 uid=10001 gids={3003}
W/ActivityManager(  182): finishReceiver called but no pending broadcasts
D/ConnectivityService(  182): handleInetConditionHoldEnd: net=1, condition=0, published condition=100
D/ConnectivityService(  182): handleInetConditionHoldEnd: net=1, condition=0, published condition=0
D/ConnectivityService(  182): handleInetConditionHoldEnd: net=1, condition=100, published condition=0
W/AppWidgetService(  182): updateAppWidgetProvider: provider doesn't exist: ComponentInfo{com.vzw.hss.myverizonged/com.vzw.hss.datameter.widget.DataMeterWidget}
W/ActivityManager(  182): finishReceiver called but no pending broadcasts
D/ConnectivityService(  182): handleInetConditionHoldEnd: net=1, condition=0, published condition=100
D/ConnectivityService(  182): handleInetConditionHoldEnd: net=1, condition=100, published condition=0
W/AppWidgetService(  182): updateAppWidgetProvider: provider doesn't exist: ComponentInfo{com.vzw.hss.myverizonged/com.vzw.hss.datameter.widget.DataMeterWidget}
W/ProcessStats(  182): Skipping unknown process pid 9481
W/ProcessStats(  182): Skipping unknown process pid 9482
W/ProcessStats(  182): Skipping unknown process pid 9483
W/ProcessStats(  182): Skipping unknown process pid 9484
W/AppWidgetService(  182): updateAppWidgetProvider: provider doesn't exist: ComponentInfo{com.vzw.hss.myverizonged/com.vzw.hss.datameter.widget.DataMeterWidget}
W/AppWidgetService(  182): updateAppWidgetProvider: provider doesn't exist: ComponentInfo{com.vzw.hss.myverizonged/com.vzw.hss.datameter.widget.DataMeterWidget}
W/AppWidgetService(  182): updateAppWidgetProvider: provider doesn't exist: ComponentInfo{com.vzw.hss.myverizonged/com.vzw.hss.datameter.widget.DataMeterWidget}
W/AppWidgetService(  182): updateAppWidgetProvider: provider doesn't exist: ComponentInfo{com.vzw.hss.myverizonged/com.vzw.hss.datameter.widget.DataMeterWidget}
I/WindowManager(  182): Lock screen displayed!
D/PhoneStatusBar(  335): disable: < expand icons alerts ticker system_info BACK HOME recent* CLOCK >
W/InputManagerService(  182): Window already focused, ignoring focus gain of: com.android.internal.view.IInputMethodClient$Stub$Proxy@419a45d8
D/PhoneStatusBar(  335): disable: < expand icons alerts ticker system_info back* home* recent clock* >
W/InputManagerService(  182): Window already focused, ignoring focus gain of: com.android.internal.view.IInputMethodClient$Stub$Proxy@416fa9a0
I/UsageStats(  182): Deleting usage file : usage-20120521
I/ActivityManager(  182): No longer want com.google.android.apps.maps:NetworkLocationService (pid 3764): hidden #16
W/ActivityManager(  182): Scheduling restart of crashed service com.google.android.apps.maps/com.google.android.location.internal.server.NetworkLocationService in 5000ms
I/ActivityManager(  182): Start proc com.google.android.apps.maps:NetworkLocationService for service com.google.android.apps.maps/com.google.android.location.internal.server.NetworkLocationService: pid=11643 uid=10034 gids={3003, 1015}
I/ActivityManager(  182): START {act=android.intent.action.MAIN cat=[android.intent.category.LAUNCHER] flg=0x10200000 cmp=com.android.settings/.Settings} from pid 462
I/UsageStats(  182): No package stats for pkg:com.android.launcher
W/InputManagerService(  182): Starting input on non-focused client com.android.internal.view.IInputMethodClient$Stub$Proxy@41825680 (uid=10031 pid=462)
D/ConnectivityService(  182): ConnectivityChange for WIFI: DISCONNECTED/DISCONNECTED
D/ConnectivityService(  182): Attempting to switch to mobile
D/ConnectivityService(  182): Attempting to switch to BLUETOOTH_TETHER
E/ConnectivityService(  182): Exception trying to remove a route: java.lang.IllegalStateException: Unable to communicate with native dameon to add routes - com.android.server.NativeDaemonConnectorException: Cmd {interface route remove wlan0 default 18.111.32.1 32 0.0.0.0} failed with code 400 : {Failed to remove route from default table (No such process)}
E/ConnectivityService(  182): Exception trying to remove a route: java.lang.IllegalStateException: Unable to communicate with native dameon to add routes - com.android.server.NativeDaemonConnectorException: Cmd {interface route remove wlan0 default 0.0.0.0 0 18.111.32.1} failed with code 400 : {Failed to remove route from default table (No such process)}
D/ConnectivityService(  182): resetConnections(wlan0, 3)
D/ConnectivityService(  182): handleInetConditionChange: no active default network - ignore
I/ActivityManager(  182): START {act=android.intent.action.MAIN cmp=com.android.settings/.SubSettings (has extras)} from pid 3835
D/ConnectivityService(  182): setMobileDataEnabled(true)
W/BackupManagerService(  182): dataChanged but no participant pkg='com.android.providers.settings' uid=1001
D/NetlinkEvent(  112): Unexpected netlink message. type=0xf
D/ConnectivityService(  182): ConnectivityChange for mobile: DISCONNECTED/DISCONNECTED
D/ConnectivityService(  182): Attempting to switch to WIFI
D/ConnectivityService(  182): Attempting to switch to BLUETOOTH_TETHER
D/ConnectivityService(  182): resetConnections(rmnet1, 3)
D/ConnectivityService(  182): ConnectivityChange for mobile: DISCONNECTED/DISCONNECTED
D/ConnectivityService(  182): Attempting to switch to WIFI
D/ConnectivityService(  182): Attempting to switch to BLUETOOTH_TETHER
D/ConnectivityService(  182): resetConnections(rmnet1, 3)
D/ConnectivityService(  182): special network not available
D/NetlinkEvent(  112): Unexpected netlink message. type=0xf
D/ConnectivityService(  182): ConnectivityChange for mobile: CONNECTED/CONNECTED
D/NetworkPolicy(  182): applying policy NetworkPolicy[NetworkTemplate: matchRule=MOBILE_ALL, subscriberId=valid]: cycleDay=1, warningBytes=2147483648, limitBytes=-1, lastSnooze=-1 to ifaces [rmnet1]
D/ConnectivityService(  182): NetTransition Wakelock for WifiStateMachine released by timeout
D/ConnectivityService(  182): handleInetConditionHoldEnd: net=0, condition=100, published condition=0
D/ConnectivityService(  182): startUsingNetworkFeature reconnecting to 0: enableIMS
I/ActivityManager(  182): START {act=android.intent.action.MAIN cmp=com.android.settings/.SubSettings (has extras)} from pid 3835
D/ConnectivityService(  182): ConnectivityChange for mobile_ims: CONNECTED/CONNECTED
D/NetworkPolicy(  182): applying policy NetworkPolicy[NetworkTemplate: matchRule=MOBILE_ALL, subscriberId=valid]: cycleDay=1, warningBytes=2147483648, limitBytes=-1, lastSnooze=-1 to ifaces [rmnet1]
D/ConnectivityService(  182): handleInetConditionHoldEnd: net=0, condition=100, published condition=100
W/AppWidgetService(  182): updateAppWidgetProvider: provider doesn't exist: ComponentInfo{com.vzw.hss.myverizonged/com.vzw.hss.datameter.widget.DataMeterWidget}
W/InputManagerService(  182): Starting input on non-focused client com.android.internal.view.IInputMethodClient$Stub$Proxy@419668c0 (uid=1000 pid=3835)
W/PowerUI (  335): unknown intent: Intent { act=android.intent.action.ACTION_POWER_CONNECTED flg=0x10000010 }
I/ActivityManager(  182): Start proc com.android.defcontainer for service com.android.defcontainer/.DefaultContainerService: pid=11721 uid=10012 gids={1015, 2001}
W/ActivityManager(  182): No content provider found for permission revoke: file:///data/local/tmp/HelloJni-debug.apk
W/ActivityManager(  182): No content provider found for permission revoke: file:///data/local/tmp/HelloJni-debug.apk
I/PackageParser(  182): com.example.hellojni: compat added android.permission.READ_PHONE_STATE
I/ActivityManager(  182): Force stopping package com.example.hellojni uid=10066
I/PackageManager(  182): Package com.example.hellojni codePath changed from /data/app/com.example.hellojni-1.apk to /data/app/com.example.hellojni-2.apk; Retaining data and using new
I/ActivityManager(  182): Force stopping package com.example.hellojni uid=10066
W/PackageManager(  182): Code path for pkg : com.example.hellojni changing from /data/app/com.example.hellojni-1.apk to /data/app/com.example.hellojni-2.apk
W/PackageManager(  182): Resource path for pkg : com.example.hellojni changing from /data/app/com.example.hellojni-1.apk to /data/app/com.example.hellojni-2.apk
I/ActivityManager(  182): Force stopping package com.example.hellojni uid=10066
I/ActivityManager(  182): Start proc com.google.android.gallery3d for broadcast com.google.android.gallery3d/com.android.gallery3d.app.PackagesMonitor: pid=11736 uid=10018 gids={3003, 1015}
D/BackupManagerService(  182): Received broadcast Intent { act=android.intent.action.PACKAGE_REMOVED dat=package:com.example.hellojni flg=0x10000010 (has extras) }
D/BackupManagerService(  182): Received broadcast Intent { act=android.intent.action.PACKAGE_ADDED dat=package:com.example.hellojni flg=0x10000010 (has extras) }
V/BackupManagerService(  182): updatePackageParticipantsLocked: #1
I/ActivityManager(  182): Start proc com.android.keychain for broadcast com.android.keychain/.KeyChainBroadcastReceiver: pid=11749 uid=1000 gids={1015, 3002, 3001, 3003, 3007}
D/BackupManagerService(  182): Received broadcast Intent { act=android.intent.action.PACKAGE_REPLACED dat=package:com.example.hellojni flg=0x10000010 (has extras) }
V/BackupManagerService(  182): updatePackageParticipantsLocked: #1
I/ActivityManager(  182): Start proc com.android.musicfx for broadcast com.android.musicfx/.Compatibility$Receiver: pid=11762 uid=10040 gids={3003, 3002}
I/ActivityManager(  182): No longer want com.google.android.gsf.login (pid 3573): hidden #16
I/ActivityManager(  182): Start proc com.android.vending for broadcast com.android.vending/com.google.android.finsky.receivers.PersistentPackageMonitorReceiver: pid=11775 uid=10046 gids={3003, 1015}
I/ActivityManager(  182): No longer want com.google.android.inputmethod.latin.dictionarypack (pid 3642): hidden #16
I/ActivityManager(  182): Start proc com.android.voicedialer for broadcast com.android.voicedialer/.VoiceDialerReceiver: pid=11804 uid=10062 gids={3002}
I/ActivityManager(  182): No longer want com.Android.CodeInTheAir.UI (pid 3519): hidden #16
I/ActivityManager(  182): Start proc com.google.android.partnersetup for broadcast com.google.android.partnersetup/.RlzPingBroadcastReceiver: pid=11819 uid=10023 gids={3003}
I/ActivityManager(  182): No longer want com.google.android.apps.maps:FriendService (pid 3779): hidden #16
I/ActivityManager(  182): No longer want com.google.android.apps.maps:LocationFriendService (pid 3798): hidden #16
I/ActivityManager(  182): Start proc com.google.android.googlequicksearchbox for broadcast com.google.android.googlequicksearchbox/.SourceUpdateReceiver: pid=11833 uid=10024 gids={3003}
I/ActivityManager(  182): No longer want com.vzw.hss.myverizonged (pid 1343): hidden #16
I/ActivityManager(  182): No longer want com.google.android.talk (pid 1486): hidden #16
I/ActivityManager(  182): START {act=android.intent.action.MAIN cat=[android.intent.category.HOME] flg=0x10200000 cmp=com.android.launcher/com.android.launcher2.Launcher} from pid 182
W/InputManagerService(  182): Window already focused, ignoring focus gain of: com.android.internal.view.IInputMethodClient$Stub$Proxy@41af0ca0
I/ActivityManager(  182): START {act=android.intent.action.MAIN cat=[android.intent.category.LAUNCHER] flg=0x10200000 cmp=com.google.android.browser/com.android.browser.BrowserActivity bnds=[552,1040][680,1168]} from pid 462
I/ActivityManager(  182): Start proc com.google.android.browser for activity com.google.android.browser/com.android.browser.BrowserActivity: pid=11855 uid=10005 gids={3003, 1015}
I/ActivityManager(  182): moveTaskToBack: 10
W/InputManagerService(  182): Starting input on non-focused client com.android.internal.view.IInputMethodClient$Stub$Proxy@419a2fa0 (uid=10005 pid=11855)
I/ActivityManager(  182): START {act=android.intent.action.MAIN cat=[android.intent.category.LAUNCHER] flg=0x10200000 cmp=com.example.hellojni/.HelloJni} from pid 462
I/ActivityManager(  182): Start proc com.example.hellojni for activity com.example.hellojni/.HelloJni: pid=11903 uid=10066 gids={1015, 3003}
W/InputManagerService(  182): Starting input on non-focused client com.android.internal.view.IInputMethodClient$Stub$Proxy@41825680 (uid=10031 pid=462)
I/WindowManager(  182): No lock screen!
W/ActivityManager(  182): No content provider found for permission revoke: file:///data/local/tmp/HelloJni-debug.apk
W/ActivityManager(  182): No content provider found for permission revoke: file:///data/local/tmp/HelloJni-debug.apk
I/PackageParser(  182): com.example.hellojni: compat added android.permission.READ_PHONE_STATE
I/ActivityManager(  182): Force stopping package com.example.hellojni uid=10066
I/ActivityManager(  182): Killing proc 11903:com.example.hellojni/10066: force stop
W/ActivityManager(  182): Force removing ActivityRecord{41875ca0 com.example.hellojni/.HelloJni}: app died, no saved state
I/WindowManager(  182): WIN DEATH: Window{416c66a8 com.example.hellojni/com.example.hellojni.HelloJni paused=false}
I/PackageManager(  182): Package com.example.hellojni codePath changed from /data/app/com.example.hellojni-2.apk to /data/app/com.example.hellojni-1.apk; Retaining data and using new
W/InputManagerService(  182): Got RemoteException sending setActive(false) notification to pid 11903 uid 10066
I/ActivityManager(  182): Force stopping package com.example.hellojni uid=10066
W/PackageManager(  182): Code path for pkg : com.example.hellojni changing from /data/app/com.example.hellojni-2.apk to /data/app/com.example.hellojni-1.apk
W/PackageManager(  182): Resource path for pkg : com.example.hellojni changing from /data/app/com.example.hellojni-2.apk to /data/app/com.example.hellojni-1.apk
I/ActivityManager(  182): Force stopping package com.example.hellojni uid=10066
D/BackupManagerService(  182): Received broadcast Intent { act=android.intent.action.PACKAGE_REMOVED dat=package:com.example.hellojni flg=0x10000010 (has extras) }
D/BackupManagerService(  182): Received broadcast Intent { act=android.intent.action.PACKAGE_ADDED dat=package:com.example.hellojni flg=0x10000010 (has extras) }
V/BackupManagerService(  182): updatePackageParticipantsLocked: #1
I/ActivityManager(  182): Start proc com.google.android.apps.maps:FriendService for broadcast com.google.android.apps.maps/com.google.googlenav.friend.android.ServiceReceiver: pid=11938 uid=10034 gids={3003, 1015}
D/BackupManagerService(  182): Received broadcast Intent { act=android.intent.action.PACKAGE_REPLACED dat=package:com.example.hellojni flg=0x10000010 (has extras) }
V/BackupManagerService(  182): updatePackageParticipantsLocked: #1
I/ActivityManager(  182): Start proc com.google.android.apps.maps:LocationFriendService for broadcast com.google.android.apps.maps/com.google.googlenav.friend.reporting.LocationReportingIntentReceiver: pid=11952 uid=10034 gids={3003, 1015}
I/ActivityManager(  182): START {flg=0x10000000 cmp=com.google.android.apps.maps/com.google.googlenav.login.AndroidLoginActivitySdk5 (has extras)} from pid 11952
I/ActivityManager(  182): No longer want com.google.android.apps.uploader (pid 1401): hidden #16
W/InputManagerService(  182): Window already focused, ignoring focus gain of: com.android.internal.view.IInputMethodClient$Stub$Proxy@41b720a8
I/ActivityManager(  182): No longer want com.samsung.syncservice (pid 946): hidden #16
W/ActivityManager(  182): Scheduling restart of crashed service com.samsung.syncservice/.SyncmlService in 5000ms
I/ActivityManager(  182): START {act=android.intent.action.MAIN cat=[android.intent.category.LAUNCHER] flg=0x10200000 cmp=com.example.hellojni/.HelloJni} from pid 462
I/ActivityManager(  182): Start proc com.example.hellojni for activity com.example.hellojni/.HelloJni: pid=11976 uid=10066 gids={1015, 3003}
W/InputManagerService(  182): Starting input on non-focused client com.android.internal.view.IInputMethodClient$Stub$Proxy@41825680 (uid=10031 pid=462)
I/ActivityManager(  182): Start proc com.samsung.syncservice for service com.samsung.syncservice/.SyncmlService: pid=11989 uid=1000 gids={1015, 3002, 3001, 3003, 3007}
I/ActivityManager(  182): Start proc com.google.android.gsf.login for service com.google.android.gsf.login/com.google.android.gsf.loginservice.GoogleLoginService: pid=12012 uid=10011 gids={3003, 1015, 1007, 2001, 3006}
I/ActivityManager(  182): No longer want com.android.settings (pid 3835): hidden #16
W/ActivityManager(  182): No content provider found for permission revoke: file:///data/local/tmp/HelloJni-debug.apk
W/ActivityManager(  182): No content provider found for permission revoke: file:///data/local/tmp/HelloJni-debug.apk
I/PackageParser(  182): com.example.hellojni: compat added android.permission.READ_PHONE_STATE
I/ActivityManager(  182): Force stopping package com.example.hellojni uid=10066
I/ActivityManager(  182): Killing proc 11976:com.example.hellojni/10066: force stop
W/ActivityManager(  182): Force removing ActivityRecord{416d15d0 com.example.hellojni/.HelloJni}: app died, no saved state
I/WindowManager(  182): WIN DEATH: Window{417d91d0 com.example.hellojni/com.example.hellojni.HelloJni paused=false}
I/PackageManager(  182): Package com.example.hellojni codePath changed from /data/app/com.example.hellojni-1.apk to /data/app/com.example.hellojni-2.apk; Retaining data and using new
I/ActivityManager(  182): Force stopping package com.example.hellojni uid=10066
W/PackageManager(  182): Code path for pkg : com.example.hellojni changing from /data/app/com.example.hellojni-1.apk to /data/app/com.example.hellojni-2.apk
W/PackageManager(  182): Resource path for pkg : com.example.hellojni changing from /data/app/com.example.hellojni-1.apk to /data/app/com.example.hellojni-2.apk
W/InputManagerService(  182): Got RemoteException sending setActive(false) notification to pid 11976 uid 10066
I/ActivityManager(  182): Force stopping package com.example.hellojni uid=10066
D/BackupManagerService(  182): Received broadcast Intent { act=android.intent.action.PACKAGE_REMOVED dat=package:com.example.hellojni flg=0x10000010 (has extras) }
D/BackupManagerService(  182): Received broadcast Intent { act=android.intent.action.PACKAGE_ADDED dat=package:com.example.hellojni flg=0x10000010 (has extras) }
V/BackupManagerService(  182): updatePackageParticipantsLocked: #1
D/BackupManagerService(  182): Received broadcast Intent { act=android.intent.action.PACKAGE_REPLACED dat=package:com.example.hellojni flg=0x10000010 (has extras) }
V/BackupManagerService(  182): updatePackageParticipantsLocked: #1
W/ActivityManager(  182): No content provider found for permission revoke: file:///data/local/tmp/HelloJni-debug.apk
W/ActivityManager(  182): No content provider found for permission revoke: file:///data/local/tmp/HelloJni-debug.apk
I/PackageParser(  182): com.example.hellojni: compat added android.permission.READ_PHONE_STATE
I/ActivityManager(  182): Force stopping package com.example.hellojni uid=10066
I/PackageManager(  182): Package com.example.hellojni codePath changed from /data/app/com.example.hellojni-2.apk to /data/app/com.example.hellojni-1.apk; Retaining data and using new
I/ActivityManager(  182): Force stopping package com.example.hellojni uid=10066
W/PackageManager(  182): Code path for pkg : com.example.hellojni changing from /data/app/com.example.hellojni-2.apk to /data/app/com.example.hellojni-1.apk
W/PackageManager(  182): Resource path for pkg : com.example.hellojni changing from /data/app/com.example.hellojni-2.apk to /data/app/com.example.hellojni-1.apk
I/ActivityManager(  182): Force stopping package com.example.hellojni uid=10066
D/BackupManagerService(  182): Received broadcast Intent { act=android.intent.action.PACKAGE_REMOVED dat=package:com.example.hellojni flg=0x10000010 (has extras) }
D/BackupManagerService(  182): Received broadcast Intent { act=android.intent.action.PACKAGE_ADDED dat=package:com.example.hellojni flg=0x10000010 (has extras) }
V/BackupManagerService(  182): updatePackageParticipantsLocked: #1
D/BackupManagerService(  182): Received broadcast Intent { act=android.intent.action.PACKAGE_REPLACED dat=package:com.example.hellojni flg=0x10000010 (has extras) }
V/BackupManagerService(  182): updatePackageParticipantsLocked: #1
I/ActivityManager(  182): START {act=android.intent.action.MAIN cat=[android.intent.category.LAUNCHER] flg=0x10200000 cmp=com.example.hellojni/.HelloJni} from pid 462
I/ActivityManager(  182): Start proc com.example.hellojni for activity com.example.hellojni/.HelloJni: pid=12078 uid=10066 gids={1015, 3003}
W/InputManagerService(  182): Starting input on non-focused client com.android.internal.view.IInputMethodClient$Stub$Proxy@41825680 (uid=10031 pid=462)
I/ActivityManager(  182): No longer want com.android.bip (pid 8698): hidden #16
W/ActivityManager(  182): Scheduling restart of crashed service com.android.bip/.BIPService in 5000ms
I/ActivityManager(  182): Start proc com.android.bip for service com.android.bip/.BIPService: pid=12094 uid=10001 gids={3003}
--------- beginning of /dev/log/main
D/UDP-TIMING(12078): 5296 0 -0.505393000
D/UDP-TIMING(12078): 5297 0 -0.505491000
D/UDP-TIMING(12078): 5298 0 -0.506069000
D/UDP-TIMING(12078): 5299 0 -0.505633000
D/UDP-TIMING(12078): 5300 0 -0.504772000
D/UDP-TIMING(12078): 5301 0 -0.506273000
D/UDP-TIMING(12078): 5302 0 -0.505945000
D/UDP-TIMING(12078): 5303 0 -0.506127000
D/UDP-TIMING(12078): 5304 0 -0.505501000
D/UDP-TIMING(12078): 5305 0 -0.505467000
D/UDP-TIMING(12078): 5306 0 -0.505160000
D/UDP-TIMING(12078): 5307 0 -0.505685000
D/UDP-TIMING(12078): 5308 0 -0.505439000
D/UDP-TIMING(12078): 5309 0 -0.506723000
D/UDP-TIMING(12078): 5310 0 -0.506018000
D/UDP-TIMING(12078): 5311 0 -0.505179000
D/UDP-TIMING(12078): 5312 0 -0.504636000
D/UDP-TIMING(12078): 5313 0 -0.503516000
D/UDP-TIMING(12078): 5314 0 -0.504267000
D/UDP-TIMING(12078): 5315 0 -0.505103000
D/UDP-TIMING(12078): 5316 0 -0.505025000
D/UDP-TIMING(12078): 5317 0 -0.505148000
D/UDP-TIMING(12078): 5318 0 -0.504406000
D/UDP-TIMING(12078): 5319 0 -0.504265000
D/UDP-TIMING(12078): 5320 0 -0.506017000
D/UDP-TIMING(12078): 5321 0 -0.505032000
D/UDP-TIMING(12078): 5322 0 -0.505478000
D/UDP-TIMING(12078): 5323 0 -0.506785000
D/UDP-TIMING(12078): 5324 0 -0.506386000
D/UDP-TIMING(12078): 5325 0 -0.506461000
D/UDP-TIMING(12078): 5326 0 -0.505252000
D/UDP-TIMING(12078): 5327 0 -0.505621000
D/UDP-TIMING(12078): 5328 0 -0.505933000
D/UDP-TIMING(12078): 5329 0 -0.504937000
D/UDP-TIMING(12078): 5330 0 -0.505366000
D/UDP-TIMING(12078): 5331 0 -0.495362000
D/UDP-TIMING(12078): 5332 0 -0.496875000
D/UDP-TIMING(12078): 5333 0 -0.497063000
D/UDP-TIMING(12078): 5334 0 -0.494491000
D/UDP-TIMING(12078): 5335 0 -0.497345000
D/UDP-TIMING(12078): 5336 0 -0.497921000
D/UDP-TIMING(12078): 5337 0 -0.498133000
D/UDP-TIMING(12078): 5338 0 -0.497731000
D/UDP-TIMING(12078): 5339 0 -0.499413000
D/UDP-TIMING(12078): 5340 0 -0.505601000
D/UDP-TIMING(12078): 5341 0 -0.503707000
D/UDP-TIMING(12078): 5342 0 -0.504812000
D/UDP-TIMING(12078): 5343 0 -0.506519000
D/UDP-TIMING(12078): 5344 0 -0.504565000
D/UDP-TIMING(12078): 5345 0 -0.505624000
D/UDP-TIMING(12078): 5346 0 -0.504652000
D/UDP-TIMING(12078): 5347 0 -0.504274000
D/UDP-TIMING(12078): 5348 0 -0.504605000
D/UDP-TIMING(12078): 5349 0 -0.505235000
D/UDP-TIMING(12078): 5350 0 -0.505301000
D/UDP-TIMING(12078): 5351 0 -0.506255000
D/UDP-TIMING(12078): 5352 0 -0.504683000
D/UDP-TIMING(12078): 5353 0 -0.505418000
D/UDP-TIMING(12078): 5354 0 -0.505631000
D/UDP-TIMING(12078): 5355 0 -0.505069000
D/UDP-TIMING(12078): 5356 0 -0.505519000
D/UDP-TIMING(12078): 5357 0 -0.505674000
D/UDP-TIMING(12078): 5358 0 -0.506329000
D/UDP-TIMING(12078): 5359 0 -0.504188000
D/UDP-TIMING(12078): 5360 0 -0.505549000
D/UDP-TIMING(12078): 5361 0 -0.505982000
D/UDP-TIMING(12078): 5362 0 -0.505794000
D/UDP-TIMING(12078): 5363 0 -0.505791000
D/UDP-TIMING(12078): 5364 0 -0.505568000
D/UDP-TIMING(12078): 5365 0 -0.503838000
D/UDP-TIMING(12078): 5366 0 -0.503711000
D/UDP-TIMING(12078): 5367 0 -0.506444000
D/UDP-TIMING(12078): 5368 0 -0.504402000
D/UDP-TIMING(12078): 5369 0 -0.502613000
D/UDP-TIMING(12078): 5370 0 -0.504850000
D/UDP-TIMING(12078): 5371 0 -0.503219000
D/UDP-TIMING(12078): 5372 0 -0.505939000
D/UDP-TIMING(12078): 5373 0 -0.505223000
D/UDP-TIMING(12078): 5374 0 -0.505574000
D/UDP-TIMING(12078): 5375 0 -0.505372000
D/UDP-TIMING(12078): 5376 0 -0.501440000
D/UDP-TIMING(12078): 5377 0 -0.505346000
D/UDP-TIMING(12078): 5378 0 -0.504061000
D/UDP-TIMING(12078): 5379 0 -0.504383000
D/UDP-TIMING(12078): 5380 0 -0.505878000
D/UDP-TIMING(12078): 5381 0 -0.505405000
D/UDP-TIMING(12078): 5382 0 -0.506202000
D/UDP-TIMING(12078): 5383 0 -0.505631000
D/UDP-TIMING(12078): 5384 0 -0.505595000
D/UDP-TIMING(12078): 5385 0 -0.505611000
D/UDP-TIMING(12078): 5386 0 -0.503982000
D/UDP-TIMING(12078): 5387 0 -0.503579000
D/UDP-TIMING(12078): 5388 0 -0.505468000
D/UDP-TIMING(12078): 5389 0 -0.505573000
D/UDP-TIMING(12078): 5390 0 -0.505579000
D/UDP-TIMING(12078): 5391 0 -0.506002000
D/UDP-TIMING(12078): 5392 0 -0.505199000
D/UDP-TIMING(12078): 5393 0 -0.505720000
D/UDP-TIMING(12078): 5394 0 -0.505005000
D/UDP-TIMING(12078): 5395 0 -0.503253000
D/UDP-TIMING(12078): 5396 0 -0.505410000
D/UDP-TIMING(12078): 5397 0 -0.504011000
D/UDP-TIMING(12078): 5398 0 -0.499573000
D/UDP-TIMING(12078): 5399 0 -0.505358000
D/UDP-TIMING(12078): 5400 0 -0.505317000
D/UDP-TIMING(12078): 5401 0 -0.503804000
D/UDP-TIMING(12078): 5402 0 -0.505244000
D/UDP-TIMING(12078): 5403 0 -0.506136000
D/UDP-TIMING(12078): 5404 0 -0.504941000
D/UDP-TIMING(12078): 5405 0 -0.504595000
D/UDP-TIMING(12078): 5406 0 -0.505159000
D/UDP-TIMING(12078): 5407 0 -0.500988000
D/UDP-TIMING(12078): 5408 0 -0.501315000
D/UDP-TIMING(12078): 5409 0 -0.505635000
D/UDP-TIMING(12078): 5410 0 -0.505522000
D/UDP-TIMING(12078): 5411 0 -0.505387000
D/UDP-TIMING(12078): 5412 0 -0.504275000
D/UDP-TIMING(12078): 5413 0 -0.504176000
D/UDP-TIMING(12078): 5414 0 -0.504474000
D/UDP-TIMING(12078): 5415 0 -0.505617000
D/UDP-TIMING(12078): 5416 0 -0.504855000
D/UDP-TIMING(12078): 5417 0 -0.504831000
D/UDP-TIMING(12078): 5418 0 -0.505771000
D/UDP-TIMING(12078): 5419 0 -0.505619000
D/UDP-TIMING(12078): 5420 0 -0.506369000
D/UDP-TIMING(12078): 5421 0 -0.496366000
D/UDP-TIMING(12078): 5422 0 -0.497159000
D/UDP-TIMING(12078): 5423 0 -0.504122000
D/UDP-TIMING(12078): 5424 0 -0.504100000
D/UDP-TIMING(12078): 5425 0 -0.505175000
D/UDP-TIMING(12078): 5426 0 -0.505010000
D/UDP-TIMING(12078): 5427 0 -0.504209000
D/UDP-TIMING(12078): 5428 0 -0.505660000
D/UDP-TIMING(12078): 5429 0 -0.506150000
D/UDP-TIMING(12078): 5430 0 -0.504990000
D/UDP-TIMING(12078): 5431 0 -0.504431000
D/UDP-TIMING(12078): 5432 0 -0.502103000
D/UDP-TIMING(12078): 5433 0 -0.497441000
D/UDP-TIMING(12078): 5434 0 -0.496713000
D/UDP-TIMING(12078): 5435 0 -0.498021000
D/UDP-TIMING(12078): 5436 0 -0.503729000
D/UDP-TIMING(12078): 5437 0 -0.495986000
D/UDP-TIMING(12078): 5438 0 -0.498208000
D/UDP-TIMING(12078): 5439 0 -0.498442000
D/UDP-TIMING(12078): 5440 0 -0.502594000
D/UDP-TIMING(12078): 5441 0 -0.505747000
D/UDP-TIMING(12078): 5442 0 -0.506031000
D/UDP-TIMING(12078): 5443 0 -0.507080000
D/UDP-TIMING(12078): 5444 0 -0.506655000
D/UDP-TIMING(12078): 5445 0 -0.502372000
D/UDP-TIMING(12078): 5446 0 -0.502406000
D/UDP-TIMING(12078): 5447 0 -0.504476000
D/UDP-TIMING(12078): 5448 0 -0.499291000
D/UDP-TIMING(12078): 5449 0 -0.505281000
D/UDP-TIMING(12078): 5450 0 -0.506357000
D/UDP-TIMING(12078): 5451 0 -0.506669000
D/UDP-TIMING(12078): 5452 0 -0.504936000
D/UDP-TIMING(12078): 5453 0 -0.504508000
D/UDP-TIMING(12078): 5454 0 -0.501564000
D/UDP-TIMING(12078): 5455 0 -0.499443000
D/UDP-TIMING(12078): 5456 0 -0.501274000
D/UDP-TIMING(12078): 5457 0 -0.502092000
D/UDP-TIMING(12078): 5458 0 -0.504998000
D/UDP-TIMING(12078): 5459 0 -0.503596000
D/UDP-TIMING(12078): 5460 0 -0.504460000
D/UDP-TIMING(12078): 5461 0 -0.504868000
D/UDP-TIMING(12078): 5462 0 -0.504138000
D/UDP-TIMING(12078): 5463 0 -0.501928000
D/UDP-TIMING(12078): 5464 0 -0.505583000
D/UDP-TIMING(12078): 5465 0 -0.505629000
D/UDP-TIMING(12078): 5466 0 -0.504814000
D/UDP-TIMING(12078): 5467 0 -0.505646000
D/UDP-TIMING(12078): 5468 0 -0.505692000
D/UDP-TIMING(12078): 5469 0 -0.504790000
D/UDP-TIMING(12078): 5470 0 -0.505068000
D/UDP-TIMING(12078): 5471 0 -0.503684000
D/UDP-TIMING(12078): 5472 0 -0.505078000
D/UDP-TIMING(12078): 5473 0 -0.504472000
D/UDP-TIMING(12078): 5474 0 -0.505371000
D/UDP-TIMING(12078): 5475 0 -0.505459000
D/UDP-TIMING(12078): 5476 0 -0.505038000
D/UDP-TIMING(12078): 5477 0 -0.503915000
D/UDP-TIMING(12078): 5478 0 -0.505766000
D/UDP-TIMING(12078): 5479 0 -0.504731000
D/UDP-TIMING(12078): 5480 0 -0.502318000
D/UDP-TIMING(12078): 5481 0 -0.503414000
D/UDP-TIMING(12078): 5482 0 -0.505272000
D/UDP-TIMING(12078): 5483 0 -0.505379000
D/UDP-TIMING(12078): 5484 0 -0.504333000
D/UDP-TIMING(12078): 5485 0 -0.505184000
D/UDP-TIMING(12078): 5486 0 -0.504449000
D/UDP-TIMING(12078): 5487 0 -0.505379000
D/UDP-TIMING(12078): 5488 0 -0.505053000
D/UDP-TIMING(12078): 5489 0 -0.505705000
D/UDP-TIMING(12078): 5490 0 -0.496425000
D/UDP-TIMING(12078): 5491 0 -0.496779000
D/UDP-TIMING(12078): 5492 0 -0.498122000
D/UDP-TIMING(12078): 5493 0 -0.492481000
D/UDP-TIMING(12078): 5494 0 -0.492493000
D/UDP-TIMING(12078): 5495 0 -0.492384000
D/UDP-TIMING(12078): 5496 0 -0.499113000
D/UDP-TIMING(12078): 5497 0 -0.500387000
D/UDP-TIMING(12078): 5498 0 -0.499562000
D/UDP-TIMING(12078): 5499 0 -0.500614000
D/UDP-TIMING(12078): 5500 0 -0.502902000
D/UDP-TIMING(12078): 5501 0 -0.502905000
D/UDP-TIMING(12078): 5502 0 -0.503723000
D/UDP-TIMING(12078): 5503 0 -0.505716000
D/UDP-TIMING(12078): 5504 0 -0.505767000
D/UDP-TIMING(12078): 5505 0 -0.505924000
D/UDP-TIMING(12078): 5506 0 -0.505008000
D/UDP-TIMING(12078): 5507 0 -0.505953000
D/UDP-TIMING(12078): 5508 0 -0.506845000
D/UDP-TIMING(12078): 5509 0 -0.505604000
D/UDP-TIMING(12078): 5510 0 -0.506466000
D/UDP-TIMING(12078): 5511 0 -0.504359000
D/UDP-TIMING(12078): 5512 0 -0.505173000
D/UDP-TIMING(12078): 5513 0 -0.505315000
D/UDP-TIMING(12078): 5514 0 -0.505304000
D/UDP-TIMING(12078): 5515 0 -0.504765000
D/UDP-TIMING(12078): 5516 0 -0.503123000
D/UDP-TIMING(12078): 5517 0 -0.503516000
D/UDP-TIMING(12078): 5518 0 -0.503982000
D/UDP-TIMING(12078): 5519 0 -0.505474000
D/UDP-TIMING(12078): 5520 0 -0.505029000
D/UDP-TIMING(12078): 5521 0 -0.505432000
D/UDP-TIMING(12078): 5522 0 -0.506099000
D/UDP-TIMING(12078): 5523 0 -0.506022000
D/UDP-TIMING(12078): 5524 0 -0.506559000
D/UDP-TIMING(12078): 5525 0 -0.497717000
D/UDP-TIMING(12078): 5526 0 -0.501592000
D/UDP-TIMING(12078): 5527 0 -0.506031000
D/UDP-TIMING(12078): 5528 0 -0.505788000
D/UDP-TIMING(12078): 5529 0 -0.504321000
D/UDP-TIMING(12078): 5530 0 -0.505007000
D/UDP-TIMING(12078): 5531 0 -0.506041000
D/UDP-TIMING(12078): 5532 0 -0.505357000
D/UDP-TIMING(12078): 5533 0 -0.505750000
D/UDP-TIMING(12078): 5534 0 -0.505642000
D/UDP-TIMING(12078): 5535 0 -0.503417000
D/UDP-TIMING(12078): 5536 0 -0.504487000
D/UDP-TIMING(12078): 5537 0 -0.505060000
D/UDP-TIMING(12078): 5538 0 -0.505873000
D/UDP-TIMING(12078): 5539 0 -0.506607000
D/UDP-TIMING(12078): 5540 0 -0.505922000
D/UDP-TIMING(12078): 5541 0 -0.504382000
D/UDP-TIMING(12078): 5542 0 -0.504670000
D/UDP-TIMING(12078): 5543 0 -0.504233000
D/UDP-TIMING(12078): 5544 0 -0.503096000
D/UDP-TIMING(12078): 5545 0 -0.506455000
D/UDP-TIMING(12078): 5546 0 -0.505419000
D/UDP-TIMING(12078): 5547 0 -0.506185000
D/UDP-TIMING(12078): 5548 0 -0.504747000
D/UDP-TIMING(12078): 5549 0 -0.506355000
D/UDP-TIMING(12078): 5550 0 -0.501964000
D/UDP-TIMING(12078): 5551 0 -0.505917000
D/UDP-TIMING(12078): 5552 0 -0.506147000
D/UDP-TIMING(12078): 5553 0 -0.503370000
D/UDP-TIMING(12078): 5554 0 -0.504977000
D/UDP-TIMING(12078): 5555 0 -0.504672000
D/UDP-TIMING(12078): 5556 0 -0.505190000
D/UDP-TIMING(12078): 5557 0 -0.506272000
D/UDP-TIMING(12078): 5558 0 -0.505370000
D/UDP-TIMING(12078): 5559 0 -0.505068000
D/UDP-TIMING(12078): 5560 0 -0.505248000
D/UDP-TIMING(12078): 5561 0 -0.499658000
D/UDP-TIMING(12078): 5562 0 -0.505584000
D/UDP-TIMING(12078): 5563 0 -0.505456000
D/UDP-TIMING(12078): 5564 0 -0.505470000
D/UDP-TIMING(12078): 5565 0 -0.505301000
D/UDP-TIMING(12078): 5566 0 -0.504310000
D/UDP-TIMING(12078): 5567 0 -0.505849000
D/UDP-TIMING(12078): 5568 0 -0.505766000
D/UDP-TIMING(12078): 5569 0 -0.505770000
D/UDP-TIMING(12078): 5570 0 -0.505173000
D/UDP-TIMING(12078): 5571 0 -0.502908000
D/UDP-TIMING(12078): 5572 0 -0.505601000
D/UDP-TIMING(12078): 5573 0 -0.504790000
D/UDP-TIMING(12078): 5574 0 -0.496613000
D/UDP-TIMING(12078): 5575 0 -0.503426000
D/UDP-TIMING(12078): 5576 0 -0.502790000
D/UDP-TIMING(12078): 5577 0 -0.505162000
D/UDP-TIMING(12078): 5578 0 -0.504892000
D/UDP-TIMING(12078): 5579 0 -0.501016000
D/UDP-TIMING(12078): 5580 0 -0.505624000
D/UDP-TIMING(12078): 5581 0 -0.506303000
D/UDP-TIMING(12078): 5582 0 -0.505309000
D/UDP-TIMING(12078): 5583 0 -0.505311000
D/UDP-TIMING(12078): 5584 0 -0.499842000
D/UDP-TIMING(12078): 5585 0 -0.502205000
D/UDP-TIMING(12078): 5586 0 -0.504345000
D/UDP-TIMING(12078): 5587 0 -0.504700000
D/UDP-TIMING(12078): 5588 0 -0.505469000
D/UDP-TIMING(12078): 5589 0 -0.505186000
D/UDP-TIMING(12078): 5590 0 -0.505764000
D/UDP-TIMING(12078): 5591 0 -0.505265000
D/UDP-TIMING(12078): 5592 0 -0.505549000
D/UDP-TIMING(12078): 5593 0 -0.505811000
D/UDP-TIMING(12078): 5594 0 -0.503573000
D/UDP-TIMING(12078): 5595 0 -0.504508000
D/UDP-TIMING(12078): 5596 0 -0.506598000
D/UDP-TIMING(12078): 5597 0 -0.498412000
D/UDP-TIMING(12078): 5598 0 -0.501253000
D/UDP-TIMING(12078): 5599 0 -0.502482000
D/UDP-TIMING(12078): 5600 0 -0.503814000
D/UDP-TIMING(12078): 5601 0 -0.506648000
D/UDP-TIMING(12078): 5602 0 -0.504353000
D/UDP-TIMING(12078): 5603 0 -0.504282000
D/UDP-TIMING(12078): 5604 0 -0.506094000
D/UDP-TIMING(12078): 5605 0 -0.505218000
D/UDP-TIMING(12078): 5606 0 -0.505909000
D/UDP-TIMING(12078): 5607 0 -0.504582000
D/UDP-TIMING(12078): 5608 0 -0.505600000
D/UDP-TIMING(12078): 5609 0 -0.505784000
D/UDP-TIMING(12078): 5610 0 -0.505338000
D/UDP-TIMING(12078): 5611 0 -0.506460000
D/UDP-TIMING(12078): 5612 0 -0.498665000
D/UDP-TIMING(12078): 5613 0 -0.504570000
D/UDP-TIMING(12078): 5614 0 -0.504475000
D/UDP-TIMING(12078): 5615 0 -0.504808000
D/UDP-TIMING(12078): 5616 0 -0.505956000
D/UDP-TIMING(12078): 5617 0 -0.504366000
D/UDP-TIMING(12078): 5618 0 -0.505152000
D/UDP-TIMING(12078): 5619 0 -0.505079000
D/UDP-TIMING(12078): 5620 0 -0.504911000
D/UDP-TIMING(12078): 5621 0 -0.506783000
D/UDP-TIMING(12078): 5622 0 -0.506302000
D/UDP-TIMING(12078): 5623 0 -0.505435000
D/UDP-TIMING(12078): 5624 0 -0.498504000
D/UDP-TIMING(12078): 5625 0 -0.505840000
D/UDP-TIMING(12078): 5626 0 -0.503291000
D/UDP-TIMING(12078): 5627 0 -0.504764000
D/UDP-TIMING(12078): 5628 0 -0.506111000
D/UDP-TIMING(12078): 5629 0 -0.505883000
D/UDP-TIMING(12078): 5630 0 -0.504831000
D/UDP-TIMING(12078): 5631 0 -0.505481000
D/UDP-TIMING(12078): 5632 0 -0.497887000
D/UDP-TIMING(12078): 5633 0 -0.497617000
D/UDP-TIMING(12078): 5634 0 -0.499082000
D/UDP-TIMING(12078): 5635 0 -0.496586000
D/UDP-TIMING(12078): 5636 0 -0.501572000
D/UDP-TIMING(12078): 5637 0 -0.505588000
D/UDP-TIMING(12078): 5638 0 -0.497017000
D/UDP-TIMING(12078): 5639 0 -0.496832000
D/UDP-TIMING(12078): 5640 0 -0.501890000
D/UDP-TIMING(12078): 5641 0 -0.505340000
D/UDP-TIMING(12078): 5642 0 -0.495035000
D/UDP-TIMING(12078): 5643 0 -0.505558000
D/UDP-TIMING(12078): 5644 0 -0.501210000
D/UDP-TIMING(12078): 5645 0 -0.498624000
D/UDP-TIMING(12078): 5646 0 -0.505545000
D/UDP-TIMING(12078): 5647 0 -0.504358000
D/UDP-TIMING(12078): 5648 0 -0.506181000
D/UDP-TIMING(12078): 5649 0 -0.505665000
D/UDP-TIMING(12078): 5650 0 -0.504722000
D/UDP-TIMING(12078): 5651 0 -0.498189000
D/UDP-TIMING(12078): 5652 0 -0.505831000
D/UDP-TIMING(12078): 5653 0 -0.505677000
D/UDP-TIMING(12078): 5654 0 -0.506475000
D/UDP-TIMING(12078): 5655 0 -0.505283000
D/UDP-TIMING(12078): 5656 0 -0.504634000
D/UDP-TIMING(12078): 5657 0 -0.504898000
D/UDP-TIMING(12078): 5658 0 -0.505103000
D/UDP-TIMING(12078): 5659 0 -0.499046000
D/UDP-TIMING(12078): 5660 0 -0.499554000
D/UDP-TIMING(12078): 5661 0 -0.504639000
D/UDP-TIMING(12078): 5662 0 -0.502762000
D/UDP-TIMING(12078): 5663 0 -0.503968000
D/UDP-TIMING(12078): 5664 0 -0.503986000
D/UDP-TIMING(12078): 5665 0 -0.505719000
D/UDP-TIMING(12078): 5666 0 -0.506044000
D/UDP-TIMING(12078): 5667 0 -0.503019000
D/UDP-TIMING(12078): 5668 0 -0.504860000
D/UDP-TIMING(12078): 5669 0 -0.505051000
D/UDP-TIMING(12078): 5670 0 -0.505092000
D/UDP-TIMING(12078): 5671 0 -0.497779000
D/UDP-TIMING(12078): 5672 0 -0.491288000
D/UDP-TIMING(12078): 5673 0 -0.491796000
D/UDP-TIMING(12078): 5674 0 -0.496658000
D/UDP-TIMING(12078): 5675 0 -0.498278000
D/UDP-TIMING(12078): 5676 0 -0.504628000
D/UDP-TIMING(12078): 5677 0 -0.504430000
D/UDP-TIMING(12078): 5678 0 -0.505228000
D/UDP-TIMING(12078): 5679 0 -0.505434000
D/UDP-TIMING(12078): 5680 0 -0.504197000
D/UDP-TIMING(12078): 5681 0 -0.503188000
D/UDP-TIMING(12078): 5682 0 -0.504697000
D/UDP-TIMING(12078): 5683 0 -0.495537000
D/UDP-TIMING(12078): 5684 0 -0.504468000
D/UDP-TIMING(12078): 5685 0 -0.505543000
D/UDP-TIMING(12078): 5686 0 -0.502096000
D/UDP-TIMING(12078): 5687 0 -0.500472000
D/UDP-TIMING(12078): 5688 0 -0.503799000
D/UDP-TIMING(12078): 5689 0 -0.505983000
D/UDP-TIMING(12078): 5690 0 -0.504904000
D/UDP-TIMING(12078): 5691 0 -0.505332000
D/UDP-TIMING(12078): 5692 0 -0.505513000
D/UDP-TIMING(12078): 5693 0 -0.502982000
D/UDP-TIMING(12078): 5694 0 -0.505717000
D/UDP-TIMING(12078): 5695 0 -0.505399000
D/UDP-TIMING(12078): 5696 0 -0.506446000
D/UDP-TIMING(12078): 5697 0 -0.505794000
D/UDP-TIMING(12078): 5698 0 -0.505043000
D/UDP-TIMING(12078): 5699 0 -0.505838000
D/UDP-TIMING(12078): 5700 0 -0.505158000
D/UDP-TIMING(12078): 5701 0 -0.505084000
D/UDP-TIMING(12078): 5702 0 -0.505310000
D/UDP-TIMING(12078): 5703 0 -0.505069000
D/UDP-TIMING(12078): 5704 0 -0.505629000
D/UDP-TIMING(12078): 5705 0 -0.496073000
D/UDP-TIMING(12078): 5706 0 -0.499689000
D/UDP-TIMING(12078): 5707 0 -0.499509000
D/UDP-TIMING(12078): 5708 0 -0.501479000
D/UDP-TIMING(12078): 5709 0 -0.501848000
D/UDP-TIMING(12078): 5710 0 -0.504934000
D/UDP-TIMING(12078): 5711 0 -0.501688000
D/UDP-TIMING(12078): 5712 0 -0.505543000
D/UDP-TIMING(12078): 5713 0 -0.506315000
D/UDP-TIMING(12078): 5714 0 -0.505158000
D/UDP-TIMING(12078): 5715 0 -0.505588000
D/UDP-TIMING(12078): 5716 0 -0.505609000
D/UDP-TIMING(12078): 5717 0 -0.504688000
D/UDP-TIMING(12078): 5718 0 -0.505446000
D/UDP-TIMING(12078): 5719 0 -0.505316000
D/UDP-TIMING(12078): 5720 0 -0.505373000
D/UDP-TIMING(12078): 5721 0 -0.499376000
D/UDP-TIMING(12078): 5722 0 -0.500332000
D/UDP-TIMING(12078): 5723 0 -0.500536000
D/UDP-TIMING(12078): 5724 0 -0.505231000
D/UDP-TIMING(12078): 5725 0 -0.505602000
D/UDP-TIMING(12078): 5726 0 -0.500321000
D/UDP-TIMING(12078): 5727 0 -0.500773000
D/UDP-TIMING(12078): 5728 0 -0.504709000
D/UDP-TIMING(12078): 5729 0 -0.505824000
D/UDP-TIMING(12078): 5730 0 -0.507314000
D/UDP-TIMING(12078): 5731 0 -0.506632000
D/UDP-TIMING(12078): 5732 0 -0.499704000
D/UDP-TIMING(12078): 5733 0 -0.505462000
D/UDP-TIMING(12078): 5734 0 -0.504477000
D/UDP-TIMING(12078): 5735 0 -0.504282000
D/UDP-TIMING(12078): 5736 0 -0.503797000
D/UDP-TIMING(12078): 5737 0 -0.502231000
D/UDP-TIMING(12078): 5738 0 -0.486577000
D/UDP-TIMING(12078): 5739 0 -0.488371000
D/UDP-TIMING(12078): 5740 0 -0.489707000
D/UDP-TIMING(12078): 5741 0 -0.490979000
D/UDP-TIMING(12078): 5742 0 -0.499182000
D/UDP-TIMING(12078): 5743 0 -0.504969000
D/UDP-TIMING(12078): 5744 0 -0.505193000
D/UDP-TIMING(12078): 5745 0 -0.505322000
D/UDP-TIMING(12078): 5746 0 -0.505472000
D/UDP-TIMING(12078): 5747 0 -0.507098000
D/UDP-TIMING(12078): 5748 0 -0.505551000
D/UDP-TIMING(12078): 5749 0 -0.498220000
D/UDP-TIMING(12078): 5750 0 -0.503452000
D/UDP-TIMING(12078): 5751 0 -0.505676000
D/UDP-TIMING(12078): 5752 0 -0.506305000
D/UDP-TIMING(12078): 5753 0 -0.502611000
D/UDP-TIMING(12078): 5754 0 -0.505050000
D/UDP-TIMING(12078): 5755 0 -0.505692000
D/UDP-TIMING(12078): 5756 0 -0.506096000
D/UDP-TIMING(12078): 5757 0 -0.505674000
D/UDP-TIMING(12078): 5758 0 -0.497351000
D/UDP-TIMING(12078): 5759 0 -0.499853000
D/UDP-TIMING(12078): 5760 0 -0.504592000
D/UDP-TIMING(12078): 5761 0 -0.505839000
D/UDP-TIMING(12078): 5762 0 -0.505854000
D/UDP-TIMING(12078): 5763 0 -0.504324000
D/UDP-TIMING(12078): 5764 0 -0.505557000
D/UDP-TIMING(12078): 5765 0 -0.498925000
D/UDP-TIMING(12078): 5766 0 -0.504061000
D/UDP-TIMING(12078): 5767 0 -0.503383000
D/UDP-TIMING(12078): 5769 0 -0.501968000
D/UDP-TIMING(12078): 5768 0 -0.501653000
D/UDP-TIMING(12078): 5770 0 -0.504640000
D/UDP-TIMING(12078): 5771 0 -0.505238000
D/UDP-TIMING(12078): 5772 0 -0.505587000
D/UDP-TIMING(12078): 5773 0 -0.506282000
D/UDP-TIMING(12078): 5774 0 -0.499801000
D/UDP-TIMING(12078): 5775 0 -0.500945000
D/UDP-TIMING(12078): 5776 0 -0.502996000
D/UDP-TIMING(12078): 5777 0 -0.496094000
D/UDP-TIMING(12078): 5778 0 -0.499148000
D/UDP-TIMING(12078): 5779 0 -0.504525000
D/UDP-TIMING(12078): 5780 0 -0.505537000
D/UDP-TIMING(12078): 5781 0 -0.505752000
D/UDP-TIMING(12078): 5782 0 -0.505754000
D/UDP-TIMING(12078): 5783 0 -0.504901000
D/UDP-TIMING(12078): 5784 0 -0.501453000
D/UDP-TIMING(12078): 5785 0 -0.503933000
D/UDP-TIMING(12078): 5786 0 -0.505062000
D/UDP-TIMING(12078): 5787 0 -0.505739000
D/UDP-TIMING(12078): 5788 0 -0.505807000
D/UDP-TIMING(12078): 5789 0 -0.504093000
D/UDP-TIMING(12078): 5790 0 -0.506026000
D/UDP-TIMING(12078): 5791 0 -0.505469000
D/UDP-TIMING(12078): 5792 0 -0.497853000
D/UDP-TIMING(12078): 5793 0 -0.497477000
D/UDP-TIMING(12078): 5794 0 -0.496172000
D/UDP-TIMING(12078): 5795 0 -0.497024000
D/UDP-TIMING(12078): 5796 0 -0.502698000
D/UDP-TIMING(12078): 5797 0 -0.495547000
