D/UDP-TIMING(12078): 9437 0 -0.505734000
D/UDP-TIMING(12078): 9438 0 -0.504395000
D/UDP-TIMING(12078): 9439 0 -0.505588000
D/UDP-TIMING(12078): 9440 0 -0.506497000
D/UDP-TIMING(12078): 9441 0 -0.505651000
D/UDP-TIMING(12078): 9442 0 -0.505776000
D/UDP-TIMING(12078): 9443 0 -0.505302000
D/UDP-TIMING(12078): 9444 0 -0.504126000
D/UDP-TIMING(12078): 9445 0 -0.504011000
D/UDP-TIMING(12078): 9446 0 -0.491943000
D/UDP-TIMING(12078): 9447 0 -0.494147000
D/UDP-TIMING(12078): 9448 0 -0.504511000
D/UDP-TIMING(12078): 9449 0 -0.504874000
D/UDP-TIMING(12078): 9450 0 -0.502755000
D/UDP-TIMING(12078): 9451 0 -0.505792000
D/UDP-TIMING(12078): 9452 0 -0.504011000
D/UDP-TIMING(12078): 9453 0 -0.505396000
D/UDP-TIMING(12078): 9454 0 -0.506719000
D/UDP-TIMING(12078): 9455 0 -0.506172000
D/UDP-TIMING(12078): 9456 0 -0.505430000
D/UDP-TIMING(12078): 9457 0 -0.505242000
D/UDP-TIMING(12078): 9458 0 -0.492619000
D/UDP-TIMING(12078): 9459 0 -0.486438000
D/UDP-TIMING(12078): 9460 0 -0.487250000
D/UDP-TIMING(12078): 9461 0 -0.490058000
D/UDP-TIMING(12078): 9462 0 -0.493132000
D/UDP-TIMING(12078): 9463 0 -0.493553000
D/UDP-TIMING(12078): 9464 0 -0.489533000
D/UDP-TIMING(12078): 9465 0 -0.498791000
D/UDP-TIMING(12078): 9466 0 -0.504948000
D/UDP-TIMING(12078): 9467 0 -0.505722000
D/UDP-TIMING(12078): 9468 0 -0.504487000
D/UDP-TIMING(12078): 9469 0 -0.504523000
D/UDP-TIMING(12078): 9470 0 -0.506342000
D/UDP-TIMING(12078): 9471 0 -0.503542000
D/UDP-TIMING(12078): 9472 0 -0.506580000
D/UDP-TIMING(12078): 9473 0 -0.506209000
D/UDP-TIMING(12078): 9474 0 -0.506491000
D/UDP-TIMING(12078): 9475 0 -0.502355000
D/UDP-TIMING(12078): 9476 0 -0.503890000
D/UDP-TIMING(12078): 9477 0 -0.505251000
D/UDP-TIMING(12078): 9478 0 -0.505874000
D/UDP-TIMING(12078): 9479 0 -0.505698000
D/UDP-TIMING(12078): 9480 0 -0.504944000
D/UDP-TIMING(12078): 9481 0 -0.505517000
D/UDP-TIMING(12078): 9482 0 -0.506451000
D/UDP-TIMING(12078): 9483 0 -0.504229000
D/UDP-TIMING(12078): 9484 0 -0.506027000
D/UDP-TIMING(12078): 9485 0 -0.504015000
D/UDP-TIMING(12078): 9486 0 -0.504932000
D/UDP-TIMING(12078): 9487 0 -0.505346000
D/UDP-TIMING(12078): 9488 0 -0.505822000
D/UDP-TIMING(12078): 9489 0 -0.505286000
D/UDP-TIMING(12078): 9490 0 -0.503407000
D/UDP-TIMING(12078): 9491 0 -0.504063000
D/UDP-TIMING(12078): 9492 0 -0.506794000
D/UDP-TIMING(12078): 9493 0 -0.505715000
D/UDP-TIMING(12078): 9494 0 -0.506395000
D/UDP-TIMING(12078): 9495 0 -0.506381000
D/UDP-TIMING(12078): 9496 0 -0.506173000
D/UDP-TIMING(12078): 9497 0 -0.507113000
D/UDP-TIMING(12078): 9498 0 -0.505059000
D/UDP-TIMING(12078): 9499 0 -0.504715000
D/UDP-TIMING(12078): 9500 0 -0.503296000
D/UDP-TIMING(12078): 9501 0 -0.500177000
D/UDP-TIMING(12078): 9502 0 -0.495183000
D/UDP-TIMING(12078): 9503 0 -0.495152000
D/UDP-TIMING(12078): 9504 0 -0.498360000
D/UDP-TIMING(12078): 9505 0 -0.505342000
D/UDP-TIMING(12078): 9506 0 -0.503940000
D/UDP-TIMING(12078): 9507 0 -0.505463000
D/UDP-TIMING(12078): 9508 0 -0.505669000
D/UDP-TIMING(12078): 9509 0 -0.506420000
D/UDP-TIMING(12078): 9510 0 -0.505030000
D/UDP-TIMING(12078): 9511 0 -0.505430000
D/UDP-TIMING(12078): 9512 0 -0.505665000
D/UDP-TIMING(12078): 9513 0 -0.505231000
D/UDP-TIMING(12078): 9514 0 -0.497112000
D/UDP-TIMING(12078): 9515 0 -0.499574000
D/UDP-TIMING(12078): 9516 0 -0.504439000
D/UDP-TIMING(12078): 9517 0 -0.505491000
D/UDP-TIMING(12078): 9518 0 -0.505197000
D/UDP-TIMING(12078): 9519 0 -0.505222000
D/UDP-TIMING(12078): 9520 0 -0.504613000
D/UDP-TIMING(12078): 9521 0 -0.505948000
D/UDP-TIMING(12078): 9522 0 -0.497532000
D/UDP-TIMING(12078): 9523 0 -0.506056000
D/UDP-TIMING(12078): 9524 0 -0.506014000
D/UDP-TIMING(12078): 9525 0 -0.506949000
D/UDP-TIMING(12078): 9526 0 -0.497351000
D/UDP-TIMING(12078): 9527 0 -0.498084000
D/UDP-TIMING(12078): 9528 0 -0.498094000
D/UDP-TIMING(12078): 9529 0 -0.500060000
D/UDP-TIMING(12078): 9530 0 -0.496606000
D/UDP-TIMING(12078): 9531 0 -0.502195000
D/UDP-TIMING(12078): 9532 0 -0.505896000
D/UDP-TIMING(12078): 9533 0 -0.505281000
D/UDP-TIMING(12078): 9534 0 -0.505378000
D/UDP-TIMING(12078): 9535 0 -0.506023000
D/UDP-TIMING(12078): 9536 0 -0.506442000
D/UDP-TIMING(12078): 9537 0 -0.506165000
D/UDP-TIMING(12078): 9538 0 -0.504825000
D/UDP-TIMING(12078): 9539 0 -0.506314000
D/UDP-TIMING(12078): 9540 0 -0.503814000
D/UDP-TIMING(12078): 9541 0 -0.504868000
D/UDP-TIMING(12078): 9542 0 -0.505195000
D/UDP-TIMING(12078): 9543 0 -0.504818000
D/UDP-TIMING(12078): 9544 0 -0.504159000
D/UDP-TIMING(12078): 9545 0 -0.505992000
D/UDP-TIMING(12078): 9546 0 -0.505881000
D/UDP-TIMING(12078): 9547 0 -0.504364000
D/UDP-TIMING(12078): 9548 0 -0.500801000
D/UDP-TIMING(12078): 9549 0 -0.505191000
D/UDP-TIMING(12078): 9550 0 -0.503772000
D/UDP-TIMING(12078): 9551 0 -0.504724000
D/UDP-TIMING(12078): 9552 0 -0.502184000
D/UDP-TIMING(12078): 9553 0 -0.505216000
D/UDP-TIMING(12078): 9554 0 -0.505161000
D/UDP-TIMING(12078): 9555 0 -0.493926000
D/UDP-TIMING(12078): 9556 0 -0.503473000
D/UDP-TIMING(12078): 9557 0 -0.504142000
D/UDP-TIMING(12078): 9558 0 -0.505307000
D/UDP-TIMING(12078): 9559 0 -0.505275000
D/UDP-TIMING(12078): 9560 0 -0.504750000
D/UDP-TIMING(12078): 9561 0 -0.506320000
D/UDP-TIMING(12078): 9562 0 -0.503059000
D/UDP-TIMING(12078): 9563 0 -0.503723000
D/UDP-TIMING(12078): 9564 0 -0.505322000
D/UDP-TIMING(12078): 9565 0 -0.505084000
D/UDP-TIMING(12078): 9566 0 -0.505286000
D/UDP-TIMING(12078): 9567 0 -0.505651000
D/UDP-TIMING(12078): 9568 0 -0.501569000
D/UDP-TIMING(12078): 9569 0 -0.506361000
D/UDP-TIMING(12078): 9570 0 -0.505969000
D/UDP-TIMING(12078): 9571 0 -0.505813000
D/UDP-TIMING(12078): 9572 0 -0.503384000
D/UDP-TIMING(12078): 9573 0 -0.504350000
D/UDP-TIMING(12078): 9574 0 -0.504900000
D/UDP-TIMING(12078): 9575 0 -0.504476000
D/UDP-TIMING(12078): 9576 0 -0.506428000
D/UDP-TIMING(12078): 9577 0 -0.505353000
D/UDP-TIMING(12078): 9578 0 -0.505684000
D/UDP-TIMING(12078): 9579 0 -0.506369000
D/UDP-TIMING(12078): 9580 0 -0.501332000
D/UDP-TIMING(12078): 9581 0 -0.501246000
D/UDP-TIMING(12078): 9582 0 -0.501202000
D/UDP-TIMING(12078): 9583 0 -0.500339000
D/UDP-TIMING(12078): 9584 0 -0.505563000
D/UDP-TIMING(12078): 9585 0 -0.505450000
D/UDP-TIMING(12078): 9586 0 -0.505371000
D/UDP-TIMING(12078): 9587 0 -0.505785000
D/UDP-TIMING(12078): 9588 0 -0.506347000
D/UDP-TIMING(12078): 9589 0 -0.505794000
D/UDP-TIMING(12078): 9590 0 -0.504436000
D/UDP-TIMING(12078): 9591 0 -0.505361000
D/UDP-TIMING(12078): 9592 0 -0.505596000
D/UDP-TIMING(12078): 9593 0 -0.505611000
D/UDP-TIMING(12078): 9594 0 -0.505196000
D/UDP-TIMING(12078): 9595 0 -0.504373000
D/UDP-TIMING(12078): 9596 0 -0.491147000
D/UDP-TIMING(12078): 9597 0 -0.496988000
D/UDP-TIMING(12078): 9598 0 -0.501775000
D/UDP-TIMING(12078): 9599 0 -0.504417000
D/UDP-TIMING(12078): 9600 0 -0.506069000
D/UDP-TIMING(12078): 9601 0 -0.497419000
D/UDP-TIMING(12078): 9602 0 -0.497579000
D/UDP-TIMING(12078): 9603 0 -0.497754000
D/UDP-TIMING(12078): 9604 0 -0.497235000
D/UDP-TIMING(12078): 9605 0 -0.502714000
D/UDP-TIMING(12078): 9606 0 -0.504404000
D/UDP-TIMING(12078): 9607 0 -0.503095000
D/UDP-TIMING(12078): 9608 0 -0.503325000
D/UDP-TIMING(12078): 9609 0 -0.506008000
D/UDP-TIMING(12078): 9610 0 -0.504244000
D/UDP-TIMING(12078): 9611 0 -0.504142000
D/UDP-TIMING(12078): 9612 0 -0.505325000
D/UDP-TIMING(12078): 9613 0 -0.505460000
D/UDP-TIMING(12078): 9614 0 -0.505348000
D/UDP-TIMING(12078): 9615 0 -0.505696000
D/UDP-TIMING(12078): 9616 0 -0.501679000
D/UDP-TIMING(12078): 9617 0 -0.506584000
D/UDP-TIMING(12078): 9618 0 -0.506305000
D/UDP-TIMING(12078): 9619 0 -0.505153000
D/UDP-TIMING(12078): 9620 0 -0.506063000
D/UDP-TIMING(12078): 9621 0 -0.505309000
D/UDP-TIMING(12078): 9622 0 -0.505996000
D/UDP-TIMING(12078): 9623 0 -0.504745000
D/UDP-TIMING(12078): 9624 0 -0.506069000
D/UDP-TIMING(12078): 9625 0 -0.506440000
D/UDP-TIMING(12078): 9626 0 -0.504409000
D/UDP-TIMING(12078): 9627 0 -0.506478000
D/UDP-TIMING(12078): 9628 0 -0.505778000
D/UDP-TIMING(12078): 9629 0 -0.506098000
D/UDP-TIMING(12078): 9630 0 -0.506045000
D/UDP-TIMING(12078): 9631 0 -0.497025000
D/UDP-TIMING(12078): 9632 0 -0.498623000
D/UDP-TIMING(12078): 9633 0 -0.505384000
D/UDP-TIMING(12078): 9634 0 -0.497109000
D/UDP-TIMING(12078): 9635 0 -0.505237000
D/UDP-TIMING(12078): 9636 0 -0.506075000
D/UDP-TIMING(12078): 9637 0 -0.503790000
D/UDP-TIMING(12078): 9638 0 -0.503275000
D/UDP-TIMING(12078): 9639 0 -0.503705000
D/UDP-TIMING(12078): 9640 0 -0.506125000
D/UDP-TIMING(12078): 9641 0 -0.490768000
D/UDP-TIMING(12078): 9642 0 -0.494284000
D/UDP-TIMING(12078): 9643 0 -0.492472000
D/UDP-TIMING(12078): 9644 0 -0.498197000
D/UDP-TIMING(12078): 9645 0 -0.504867000
D/UDP-TIMING(12078): 9646 0 -0.505922000
D/UDP-TIMING(12078): 9647 0 -0.505305000
D/UDP-TIMING(12078): 9648 0 -0.504455000
D/UDP-TIMING(12078): 9649 0 -0.505832000
D/UDP-TIMING(12078): 9650 0 -0.499346000
D/UDP-TIMING(12078): 9651 0 -0.503679000
D/UDP-TIMING(12078): 9652 0 -0.504247000
D/UDP-TIMING(12078): 9653 0 -0.503637000
D/UDP-TIMING(12078): 9654 0 -0.504334000
D/UDP-TIMING(12078): 9655 0 -0.505987000
D/UDP-TIMING(12078): 9656 0 -0.506051000
D/UDP-TIMING(12078): 9657 0 -0.503380000
D/UDP-TIMING(12078): 9658 0 -0.505827000
D/UDP-TIMING(12078): 9659 0 -0.505807000
D/UDP-TIMING(12078): 9660 0 -0.506472000
D/UDP-TIMING(12078): 9661 0 -0.500833000
D/UDP-TIMING(12078): 9662 0 -0.505853000
D/UDP-TIMING(12078): 9663 0 -0.505471000
D/UDP-TIMING(12078): 9664 0 -0.505302000
D/UDP-TIMING(12078): 9665 0 -0.505857000
D/UDP-TIMING(12078): 9666 0 -0.505219000
D/UDP-TIMING(12078): 9667 0 -0.500765000
D/UDP-TIMING(12078): 9668 0 -0.505585000
D/UDP-TIMING(12078): 9669 0 -0.504763000
D/UDP-TIMING(12078): 9670 0 -0.504418000
D/UDP-TIMING(12078): 9671 0 -0.504813000
D/UDP-TIMING(12078): 9672 0 -0.503563000
D/UDP-TIMING(12078): 9673 0 -0.505746000
D/UDP-TIMING(12078): 9674 0 -0.497099000
D/UDP-TIMING(12078): 9675 0 -0.501511000
D/UDP-TIMING(12078): 9676 0 -0.505360000
D/UDP-TIMING(12078): 9677 0 -0.506303000
D/UDP-TIMING(12078): 9678 0 -0.505894000
D/UDP-TIMING(12078): 9679 0 -0.504821000
D/UDP-TIMING(12078): 9680 0 -0.505005000
D/UDP-TIMING(12078): 9681 0 -0.506357000
D/UDP-TIMING(12078): 9682 0 -0.506245000
D/UDP-TIMING(12078): 9683 0 -0.505317000
D/UDP-TIMING(12078): 9684 0 -0.504123000
D/UDP-TIMING(12078): 9685 0 -0.505130000
D/UDP-TIMING(12078): 9686 0 -0.505218000
D/UDP-TIMING(12078): 9687 0 -0.493708000
D/UDP-TIMING(12078): 9688 0 -0.495510000
D/UDP-TIMING(12078): 9689 0 -0.495594000
D/UDP-TIMING(12078): 9690 0 -0.497815000
D/UDP-TIMING(12078): 9691 0 -0.493168000
D/UDP-TIMING(12078): 9692 0 -0.504569000
D/UDP-TIMING(12078): 9693 0 -0.505356000
D/UDP-TIMING(12078): 9694 0 -0.503611000
D/UDP-TIMING(12078): 9695 0 -0.505354000
D/UDP-TIMING(12078): 9696 0 -0.505466000
D/UDP-TIMING(12078): 9697 0 -0.505602000
D/UDP-TIMING(12078): 9698 0 -0.506037000
D/UDP-TIMING(12078): 9699 0 -0.506565000
D/UDP-TIMING(12078): 9700 0 -0.505108000
D/UDP-TIMING(12078): 9701 0 -0.494115000
D/UDP-TIMING(12078): 9702 0 -0.505726000
D/UDP-TIMING(12078): 9703 0 -0.505136000
D/UDP-TIMING(12078): 9704 0 -0.505258000
D/UDP-TIMING(12078): 9705 0 -0.505912000
D/UDP-TIMING(12078): 9706 0 -0.506734000
D/UDP-TIMING(12078): 9707 0 -0.507413000
D/UDP-TIMING(12078): 9708 0 -0.507168000
D/UDP-TIMING(12078): 9709 0 -0.498520000
D/UDP-TIMING(12078): 9710 0 -0.502300000
D/UDP-TIMING(12078): 9711 0 -0.502511000
D/UDP-TIMING(12078): 9712 0 -0.497784000
D/UDP-TIMING(12078): 9713 0 -0.498069000
D/UDP-TIMING(12078): 9714 0 -0.505319000
D/UDP-TIMING(12078): 9715 0 -0.505950000
D/UDP-TIMING(12078): 9716 0 -0.504477000
D/UDP-TIMING(12078): 9717 0 -0.504803000
D/UDP-TIMING(12078): 9718 0 -0.506304000
D/UDP-TIMING(12078): 9719 0 -0.493910000
D/UDP-TIMING(12078): 9720 0 -0.496302000
D/UDP-TIMING(12078): 9721 0 -0.504141000
D/UDP-TIMING(12078): 9722 0 -0.505740000
D/UDP-TIMING(12078): 9723 0 -0.502014000
D/UDP-TIMING(12078): 9724 0 -0.504648000
D/UDP-TIMING(12078): 9725 0 -0.503894000
D/UDP-TIMING(12078): 9726 0 -0.505171000
D/UDP-TIMING(12078): 9727 0 -0.505190000
D/UDP-TIMING(12078): 9728 0 -0.496145000
D/UDP-TIMING(12078): 9729 0 -0.502078000
D/UDP-TIMING(12078): 9730 0 -0.505468000
D/UDP-TIMING(12078): 9731 0 -0.503794000
D/UDP-TIMING(12078): 9732 0 -0.503978000
D/UDP-TIMING(12078): 9733 0 -0.505117000
D/UDP-TIMING(12078): 9734 0 -0.506264000
D/UDP-TIMING(12078): 9735 0 -0.506345000
D/UDP-TIMING(12078): 9736 0 -0.495462000
D/UDP-TIMING(12078): 9737 0 -0.492795000
D/UDP-TIMING(12078): 9738 0 -0.493638000
D/UDP-TIMING(12078): 9739 0 -0.494615000
D/UDP-TIMING(12078): 9740 0 -0.489739000
D/UDP-TIMING(12078): 9741 0 -0.502100000
D/UDP-TIMING(12078): 9742 0 -0.504629000
D/UDP-TIMING(12078): 9743 0 -0.506480000
D/UDP-TIMING(12078): 9744 0 -0.503213000
D/UDP-TIMING(12078): 9745 0 -0.505736000
D/UDP-TIMING(12078): 9746 0 -0.505462000
D/UDP-TIMING(12078): 9747 0 -0.501617000
D/UDP-TIMING(12078): 9748 0 -0.504029000
D/UDP-TIMING(12078): 9749 0 -0.506142000
D/UDP-TIMING(12078): 9750 0 -0.504476000
D/UDP-TIMING(12078): 9751 0 -0.506171000
D/UDP-TIMING(12078): 9752 0 -0.502602000
D/UDP-TIMING(12078): 9753 0 -0.501267000
D/UDP-TIMING(12078): 9754 0 -0.504430000
D/UDP-TIMING(12078): 9755 0 -0.505174000
D/UDP-TIMING(12078): 9756 0 -0.506789000
D/UDP-TIMING(12078): 9757 0 -0.504597000
D/UDP-TIMING(12078): 9758 0 -0.501719000
D/UDP-TIMING(12078): 9759 0 -0.504224000
D/UDP-TIMING(12078): 9760 0 -0.503447000
D/UDP-TIMING(12078): 9761 0 -0.504574000
D/UDP-TIMING(12078): 9762 0 -0.506289000
D/UDP-TIMING(12078): 9763 0 -0.505092000
D/UDP-TIMING(12078): 9764 0 -0.506324000
D/UDP-TIMING(12078): 9765 0 -0.505203000
D/UDP-TIMING(12078): 9766 0 -0.505103000
D/UDP-TIMING(12078): 9767 0 -0.505191000
D/UDP-TIMING(12078): 9768 0 -0.505188000
D/UDP-TIMING(12078): 9769 0 -0.502131000
D/UDP-TIMING(12078): 9770 0 -0.502850000
D/UDP-TIMING(12078): 9771 0 -0.501801000
D/UDP-TIMING(12078): 9772 0 -0.506159000
D/UDP-TIMING(12078): 9773 0 -0.506289000
D/UDP-TIMING(12078): 9774 0 -0.504065000
D/UDP-TIMING(12078): 9775 0 -0.505732000
D/UDP-TIMING(12078): 9776 0 -0.505921000
D/UDP-TIMING(12078): 9777 0 -0.505286000
D/UDP-TIMING(12078): 9778 0 -0.505611000
D/UDP-TIMING(12078): 9779 0 -0.505494000
D/UDP-TIMING(12078): 9780 0 -0.506420000
D/UDP-TIMING(12078): 9781 0 -0.506871000
D/UDP-TIMING(12078): 9782 0 -0.503564000
D/UDP-TIMING(12078): 9783 0 -0.505430000
D/UDP-TIMING(12078): 9784 0 -0.506196000
D/UDP-TIMING(12078): 9785 0 -0.506433000
D/UDP-TIMING(12078): 9786 0 -0.506158000
D/UDP-TIMING(12078): 9787 0 -0.504400000
D/UDP-TIMING(12078): 9788 0 -0.505331000
D/UDP-TIMING(12078): 9789 0 -0.503337000
D/UDP-TIMING(12078): 9790 0 -0.503117000
D/UDP-TIMING(12078): 9791 0 -0.505995000
D/UDP-TIMING(12078): 9792 0 -0.500658000
D/UDP-TIMING(12078): 9793 0 -0.502939000
D/UDP-TIMING(12078): 9794 0 -0.505763000
D/UDP-TIMING(12078): 9795 0 -0.501526000
D/UDP-TIMING(12078): 9796 0 -0.505036000
D/UDP-TIMING(12078): 9797 0 -0.504760000
D/UDP-TIMING(12078): 9798 0 -0.505115000
D/UDP-TIMING(12078): 9799 0 -0.506044000
D/UDP-TIMING(12078): 9800 0 -0.505258000
D/UDP-TIMING(12078): 9801 0 -0.502290000
D/UDP-TIMING(12078): 9802 0 -0.504858000
D/UDP-TIMING(12078): 9803 0 -0.505922000
D/UDP-TIMING(12078): 9804 0 -0.506360000
D/UDP-TIMING(12078): 9805 0 -0.505145000
D/UDP-TIMING(12078): 9806 0 -0.504363000
D/UDP-TIMING(12078): 9807 0 -0.506814000
D/UDP-TIMING(12078): 9808 0 -0.506385000
D/UDP-TIMING(12078): 9809 0 -0.504667000
D/UDP-TIMING(12078): 9810 0 -0.505732000
D/UDP-TIMING(12078): 9811 0 -0.504693000
D/UDP-TIMING(12078): 9812 0 -0.505543000
D/UDP-TIMING(12078): 9813 0 -0.506165000
D/UDP-TIMING(12078): 9814 0 -0.505762000
D/UDP-TIMING(12078): 9815 0 -0.505316000
D/UDP-TIMING(12078): 9816 0 -0.498056000
D/UDP-TIMING(12078): 9817 0 -0.497836000
D/UDP-TIMING(12078): 9818 0 -0.504422000
D/UDP-TIMING(12078): 9819 0 -0.505581000
D/UDP-TIMING(12078): 9820 0 -0.503196000
D/UDP-TIMING(12078): 9821 0 -0.505936000
D/UDP-TIMING(12078): 9822 0 -0.506960000
D/UDP-TIMING(12078): 9823 0 -0.505898000
D/UDP-TIMING(12078): 9824 0 -0.506193000
D/UDP-TIMING(12078): 9825 0 -0.497228000
D/UDP-TIMING(12078): 9826 0 -0.497777000
D/UDP-TIMING(12078): 9827 0 -0.506620000
D/UDP-TIMING(12078): 9828 0 -0.505551000
D/UDP-TIMING(12078): 9829 0 -0.505158000
D/UDP-TIMING(12078): 9830 0 -0.504380000
D/UDP-TIMING(12078): 9831 0 -0.506347000
D/UDP-TIMING(12078): 9832 0 -0.505512000
D/UDP-TIMING(12078): 9833 0 -0.501091000
D/UDP-TIMING(12078): 9834 0 -0.505644000
D/UDP-TIMING(12078): 9835 0 -0.500724000
D/UDP-TIMING(12078): 9836 0 -0.506140000
D/UDP-TIMING(12078): 9837 0 -0.507185000
D/UDP-TIMING(12078): 9838 0 -0.497398000
D/UDP-TIMING(12078): 9839 0 -0.495981000
D/UDP-TIMING(12078): 9840 0 -0.500695000
D/UDP-TIMING(12078): 9841 0 -0.501957000
D/UDP-TIMING(12078): 9842 0 -0.504358000
D/UDP-TIMING(12078): 9843 0 -0.506114000
D/UDP-TIMING(12078): 9844 0 -0.504960000
D/UDP-TIMING(12078): 9845 0 -0.504526000
D/UDP-TIMING(12078): 9846 0 -0.505955000
D/UDP-TIMING(12078): 9847 0 -0.497203000
D/UDP-TIMING(12078): 9848 0 -0.497306000
D/UDP-TIMING(12078): 9849 0 -0.497382000
D/UDP-TIMING(12078): 9850 0 -0.501253000
D/UDP-TIMING(12078): 9851 0 -0.495846000
D/UDP-TIMING(12078): 9852 0 -0.497433000
D/UDP-TIMING(12078): 9853 0 -0.497709000
D/UDP-TIMING(12078): 9854 0 -0.497169000
D/UDP-TIMING(12078): 9855 0 -0.505767000
D/UDP-TIMING(12078): 9856 0 -0.506623000
D/UDP-TIMING(12078): 9857 0 -0.506437000
D/UDP-TIMING(12078): 9858 0 -0.503959000
D/UDP-TIMING(12078): 9859 0 -0.505436000
D/UDP-TIMING(12078): 9860 0 -0.505654000
D/UDP-TIMING(12078): 9861 0 -0.505381000
D/UDP-TIMING(12078): 9862 0 -0.505393000
D/UDP-TIMING(12078): 9863 0 -0.503907000
D/UDP-TIMING(12078): 9864 0 -0.504207000
D/UDP-TIMING(12078): 9865 0 -0.505707000
D/UDP-TIMING(12078): 9866 0 -0.506293000
D/UDP-TIMING(12078): 9867 0 -0.506165000
D/UDP-TIMING(12078): 9868 0 -0.505443000
D/UDP-TIMING(12078): 9869 0 -0.505283000
D/UDP-TIMING(12078): 9870 0 -0.505554000
D/UDP-TIMING(12078): 9871 0 -0.504823000
D/UDP-TIMING(12078): 9872 0 -0.506133000
D/UDP-TIMING(12078): 9873 0 -0.504776000
D/UDP-TIMING(12078): 9874 0 -0.505858000
D/UDP-TIMING(12078): 9875 0 -0.505323000
D/UDP-TIMING(12078): 9876 0 -0.505264000
D/UDP-TIMING(12078): 9877 0 -0.505755000
D/UDP-TIMING(12078): 9878 0 -0.502415000
D/UDP-TIMING(12078): 9879 0 -0.505631000
D/UDP-TIMING(12078): 9880 0 -0.505929000
D/UDP-TIMING(12078): 9881 0 -0.505655000
D/UDP-TIMING(12078): 9882 0 -0.504186000
D/UDP-TIMING(12078): 9883 0 -0.505015000
D/UDP-TIMING(12078): 9884 0 -0.505934000
D/UDP-TIMING(12078): 9885 0 -0.506096000
D/UDP-TIMING(12078): 9886 0 -0.505691000
D/UDP-TIMING(12078): 9887 0 -0.506488000
D/UDP-TIMING(12078): 9888 0 -0.503592000
D/UDP-TIMING(12078): 9889 0 -0.506031000
D/UDP-TIMING(12078): 9890 0 -0.504087000
D/UDP-TIMING(12078): 9891 0 -0.504254000
D/UDP-TIMING(12078): 9892 0 -0.504822000
D/UDP-TIMING(12078): 9893 0 -0.502784000
D/UDP-TIMING(12078): 9894 0 -0.505321000
D/UDP-TIMING(12078): 9895 0 -0.505307000
D/UDP-TIMING(12078): 9896 0 -0.505199000
D/UDP-TIMING(12078): 9897 0 -0.505667000
D/UDP-TIMING(12078): 9898 0 -0.497450000
D/UDP-TIMING(12078): 9899 0 -0.503204000
D/UDP-TIMING(12078): 9900 0 -0.506099000
D/UDP-TIMING(12078): 9901 0 -0.491387000
D/UDP-TIMING(12078): 9902 0 -0.497076000
D/UDP-TIMING(12078): 9903 0 -0.503239000
D/UDP-TIMING(12078): 9904 0 -0.502105000
D/UDP-TIMING(12078): 9905 0 -0.497944000
D/UDP-TIMING(12078): 9906 0 -0.497614000
D/UDP-TIMING(12078): 9907 0 -0.498696000
D/UDP-TIMING(12078): 9908 0 -0.497754000
D/UDP-TIMING(12078): 9909 0 -0.499067000
D/UDP-TIMING(12078): 9910 0 -0.503178000
D/UDP-TIMING(12078): 9911 0 -0.504227000
D/UDP-TIMING(12078): 9912 0 -0.505796000
D/UDP-TIMING(12078): 9913 0 -0.506676000
D/UDP-TIMING(12078): 9914 0 -0.504224000
D/UDP-TIMING(12078): 9915 0 -0.504791000
D/UDP-TIMING(12078): 9916 0 -0.505830000
D/UDP-TIMING(12078): 9917 0 -0.506453000
D/UDP-TIMING(12078): 9918 0 -0.506438000
D/UDP-TIMING(12078): 9919 0 -0.506723000
D/UDP-TIMING(12078): 9920 0 -0.505787000
D/UDP-TIMING(12078): 9921 0 -0.505501000
D/UDP-TIMING(12078): 9922 0 -0.506578000
D/UDP-TIMING(12078): 9923 0 -0.506050000
D/UDP-TIMING(12078): 9924 0 -0.505837000
D/UDP-TIMING(12078): 9925 0 -0.505351000
D/UDP-TIMING(12078): 9926 0 -0.505666000
D/UDP-TIMING(12078): 9927 0 -0.505859000
D/UDP-TIMING(12078): 9928 0 -0.506361000
D/UDP-TIMING(12078): 9929 0 -0.505724000
D/UDP-TIMING(12078): 9930 0 -0.505027000
D/UDP-TIMING(12078): 9931 0 -0.506645000
D/UDP-TIMING(12078): 9932 0 -0.506691000
D/UDP-TIMING(12078): 9933 0 -0.505409000
D/UDP-TIMING(12078): 9934 0 -0.504345000
D/UDP-TIMING(12078): 9935 0 -0.504721000
D/UDP-TIMING(12078): 9936 0 -0.505511000
D/UDP-TIMING(12078): 9937 0 -0.505385000
D/UDP-TIMING(12078): 9938 0 -0.505755000
D/UDP-TIMING(12078): 9939 0 -0.505998000
D/UDP-TIMING(12078): 9940 0 -0.505021000
D/UDP-TIMING(12078): 9941 0 -0.505699000
D/UDP-TIMING(12078): 9942 0 -0.505726000
D/UDP-TIMING(12078): 9943 0 -0.506074000
D/UDP-TIMING(12078): 9944 0 -0.503721000
D/UDP-TIMING(12078): 9945 0 -0.505873000
D/UDP-TIMING(12078): 9946 0 -0.505226000
D/UDP-TIMING(12078): 9947 0 -0.494630000
D/UDP-TIMING(12078): 9948 0 -0.505223000
D/UDP-TIMING(12078): 9949 0 -0.505771000
D/UDP-TIMING(12078): 9950 0 -0.505921000
D/UDP-TIMING(12078): 9951 0 -0.502606000
D/UDP-TIMING(12078): 9952 0 -0.505839000
D/UDP-TIMING(12078): 9953 0 -0.504848000
D/UDP-TIMING(12078): 9954 0 -0.497393000
D/UDP-TIMING(12078): 9955 0 -0.499817000
D/UDP-TIMING(12078): 9956 0 -0.495193000
D/UDP-TIMING(12078): 9957 0 -0.498432000
D/UDP-TIMING(12078): 9958 0 -0.496816000
D/UDP-TIMING(12078): 9959 0 -0.498121000
D/UDP-TIMING(12078): 9960 0 -0.505828000
D/UDP-TIMING(12078): 9961 0 -0.505133000
D/UDP-TIMING(12078): 9962 0 -0.506012000
D/UDP-TIMING(12078): 9963 0 -0.505726000
D/UDP-TIMING(12078): 9964 0 -0.505421000
D/UDP-TIMING(12078): 9965 0 -0.504586000
D/UDP-TIMING(12078): 9966 0 -0.506942000
D/UDP-TIMING(12078): 9967 0 -0.505128000
D/UDP-TIMING(12078): 9968 0 -0.505885000
D/UDP-TIMING(12078): 9969 0 -0.505534000
D/UDP-TIMING(12078): 9970 0 -0.499878000
D/UDP-TIMING(12078): 9971 0 -0.505948000
D/UDP-TIMING(12078): 9972 0 -0.503019000
D/UDP-TIMING(12078): 9973 0 -0.505451000
D/UDP-TIMING(12078): 9974 0 -0.505533000
D/UDP-TIMING(12078): 9975 0 -0.506281000
D/UDP-TIMING(12078): 9976 0 -0.505642000
D/UDP-TIMING(12078): 9977 0 -0.504641000
D/UDP-TIMING(12078): 9978 0 -0.503921000
D/UDP-TIMING(12078): 9979 0 -0.505955000
D/UDP-TIMING(12078): 9980 0 -0.506652000
D/UDP-TIMING(12078): 9981 0 -0.505633000
D/UDP-TIMING(12078): 9982 0 -0.503998000
D/UDP-TIMING(12078): 9983 0 -0.501235000
D/UDP-TIMING(12078): 9984 0 -0.502601000
D/UDP-TIMING(12078): 9985 0 -0.504404000
D/UDP-TIMING(12078): 9986 0 -0.505813000
D/UDP-TIMING(12078): 9987 0 -0.506509000
D/UDP-TIMING(12078): 9988 0 -0.505995000
D/UDP-TIMING(12078): 9989 0 -0.504441000
D/UDP-TIMING(12078): 9990 0 -0.506237000
D/UDP-TIMING(12078): 9991 0 -0.506083000
D/UDP-TIMING(12078): 9992 0 -0.504783000
D/UDP-TIMING(12078): 9993 0 -0.498174000
D/UDP-TIMING(12078): 9994 0 -0.505578000
D/UDP-TIMING(12078): 9995 0 -0.493917000
D/UDP-TIMING(12078): 9996 0 -0.495203000
D/UDP-TIMING(12078): 9997 0 -0.496878000
D/UDP-TIMING(12078): 9998 0 -0.506017000
D/UDP-TIMING(12078): 9999 0 -0.504249000
D/UDP-TIMING(12078): 10000 0 -0.505261000
D/UDP-TIMING(12078): 0 0 -0.404151000
D/UDP-TIMING(12078): 1 0 -0.404171000
D/UDP-TIMING(12078): 2 0 -0.404190000
D/UDP-TIMING(12078): 3 0 -0.404201000
D/UDP-TIMING(12078): 4 0 -0.404246000
D/dalvikvm(  412): GC_CONCURRENT freed 434K, 5% free 13334K/13895K, paused 5ms+3ms
D/AndroidRuntime(12136): 
D/AndroidRuntime(12136): >>>>>> AndroidRuntime START com.android.internal.os.RuntimeInit <<<<<<
D/AndroidRuntime(12136): CheckJNI is OFF
D/AndroidRuntime(12136): Calling main entry com.android.commands.pm.Pm
W/ActivityManager(  182): No content provider found for permission revoke: file:///data/local/tmp/HelloJni-debug.apk
W/ActivityManager(  182): No content provider found for permission revoke: file:///data/local/tmp/HelloJni-debug.apk
I/PackageParser(  182): com.example.hellojni: compat added android.permission.READ_PHONE_STATE
I/PackageManager(  182): Removing non-system package:com.example.hellojni
I/ActivityManager(  182): Force stopping package com.example.hellojni uid=10066
I/ActivityManager(  182): Killing proc 12078:com.example.hellojni/10066: force stop
W/ActivityManager(  182): Force removing ActivityRecord{416c9a08 com.example.hellojni/.HelloJni}: app died, no saved state
I/WindowManager(  182): WIN DEATH: Window{41886818 com.example.hellojni/com.example.hellojni.HelloJni paused=false}
D/dalvikvm(  182): GC_CONCURRENT freed 1090K, 14% free 18265K/21191K, paused 2ms+5ms
I/PackageManager(  182): Package com.example.hellojni codePath changed from /data/app/com.example.hellojni-1.apk to /data/app/com.example.hellojni-2.apk; Retaining data and using new
I/PackageManager(  182): Running dexopt on: com.example.hellojni
D/dalvikvm(12147): DexOpt: load 6ms, verify+opt 11ms
W/PackageManager(  182): Code path for pkg : com.example.hellojni changing from /data/app/com.example.hellojni-1.apk to /data/app/com.example.hellojni-2.apk
W/PackageManager(  182): Resource path for pkg : com.example.hellojni changing from /data/app/com.example.hellojni-1.apk to /data/app/com.example.hellojni-2.apk
I/ActivityManager(  182): Force stopping package com.example.hellojni uid=10066
W/InputManagerService(  182): Got RemoteException sending setActive(false) notification to pid 12078 uid 10066
D/PackageManager(  182): New package installed in /data/app/com.example.hellojni-2.apk
I/ActivityManager(  182): Force stopping package com.example.hellojni uid=10066
D/dalvikvm(  462): GC_FOR_ALLOC freed 6126K, 43% free 17648K/30599K, paused 39ms
D/dalvikvm(  511): GC_EXPLICIT freed 235K, 5% free 12904K/13511K, paused 2ms+3ms
I/RegisteredComponentCache(  446): ComponentInfo: ResolveInfo{417055b0 com.android.apps.tag.TagViewer p=0 o=0 m=0x108000}, techs: android.nfc.tech.Ndef, 
D/dalvikvm(  462): GC_CONCURRENT freed 105K, 38% free 19225K/30599K, paused 2ms+25ms
D/SyncManager(  182): setIsSyncable: Account {name=mitexpf1@gmail.com, type=com.google}, provider com.google.android.gallery3d.GooglePhotoProvider -> 0
D/SyncManager(  182): setIsSyncable: already set to 0, doing nothing
D/dalvikvm(  182): GC_EXPLICIT freed 866K, 16% free 17928K/21191K, paused 2ms+6ms
I/RegisteredComponentCache(  446): ComponentInfo: ResolveInfo{417067e8 com.android.apps.tag.TagViewer p=0 o=0 m=0x108000}, techs: android.nfc.tech.Ndef, 
D/PackageManager(  182): generateServicesMap(android.accounts.AccountAuthenticator): 4 services unchanged
D/PackageManager(  182): generateServicesMap(android.content.SyncAdapter): 15 services unchanged
D/BackupManagerService(  182): Received broadcast Intent { act=android.intent.action.PACKAGE_REMOVED dat=package:com.example.hellojni flg=0x10000010 (has extras) }
D/PackageManager(  182): generateServicesMap(android.accounts.AccountAuthenticator): 4 services unchanged
D/PackageManager(  182): generateServicesMap(android.content.SyncAdapter): 15 services unchanged
D/BackupManagerService(  182): Received broadcast Intent { act=android.intent.action.PACKAGE_ADDED dat=package:com.example.hellojni flg=0x10000010 (has extras) }
V/BackupManagerService(  182): updatePackageParticipantsLocked: #1
D/dalvikvm(  462): GC_EXPLICIT freed 1945K, 38% free 19215K/30599K, paused 2ms+2ms
D/SyncManager(  182): setIsSyncable: Account {name=mitexpf1@gmail.com, type=com.google}, provider com.google.android.gallery3d.GooglePhotoProvider -> 0
D/SyncManager(  182): setIsSyncable: already set to 0, doing nothing
D/com.fusionone.android.sync.baclient.receiver.HTSInstalledReceiver(  620): Reset receiver-Invoked
I/HTSINSTALLEDREeciever-package _ action(  620): android.intent.action.PACKAGE_ADDED
I/HTSINSTALLEDREeciever-package(  620): package:com.example.hellojni
D/dalvikvm(  462): GC_FOR_ALLOC freed 1777K, 40% free 18373K/30599K, paused 34ms
D/dalvikvm(11762): GC_CONCURRENT freed 412K, 4% free 12604K/13127K, paused 2ms+11ms
D/BackupManagerService(  182): Received broadcast Intent { act=android.intent.action.PACKAGE_REPLACED dat=package:com.example.hellojni flg=0x10000010 (has extras) }
V/BackupManagerService(  182): updatePackageParticipantsLocked: #1
D/dalvikvm(  462): GC_FOR_ALLOC freed 1977K, 42% free 18029K/30599K, paused 24ms
D/dalvikvm(  182): GC_EXPLICIT freed 1023K, 16% free 17950K/21191K, paused 40ms+7ms
D/dalvikvm(  462): GC_CONCURRENT freed 1269K, 40% free 18565K/30599K, paused 2ms+2ms
D/AndroidRuntime(12136): Shutting down VM
D/dalvikvm(12136): GC_CONCURRENT freed 97K, 89% free 451K/4096K, paused 1ms+1ms
I/AndroidRuntime(12136): NOTE: attach of thread 'Binder Thread #3' failed
D/dalvikvm(  462): GC_CONCURRENT freed 374K, 35% free 20163K/30599K, paused 2ms+2ms
D/dalvikvm(  462): GC_FOR_ALLOC freed 2990K, 41% free 18205K/30599K, paused 42ms
W/ProcessStats(  182): Skipping unknown process pid 12134
W/ProcessStats(  182): Skipping unknown process pid 12136
D/dalvikvm(  462): GC_FOR_ALLOC freed 137K, 38% free 19264K/30599K, paused 16ms
D/dalvikvm(  462): GC_CONCURRENT freed 1220K, 35% free 20067K/30599K, paused 2ms+5ms
D/dalvikvm(  462): GC_FOR_ALLOC freed 1601K, 36% free 19595K/30599K, paused 17ms
D/dalvikvm(  462): GC_FOR_ALLOC freed 906K, 35% free 20023K/30599K, paused 20ms
D/dalvikvm(  462): GC_FOR_ALLOC freed 1297K, 36% free 19783K/30599K, paused 19ms
I/dalvikvm-heap(  462): Grow heap (frag case) to 22.338MB for 3097616-byte allocation
D/dalvikvm(  462): GC_CONCURRENT freed 1K, 26% free 22806K/30599K, paused 4ms+4ms
D/dalvikvm(  462): GC_FOR_ALLOC freed 6108K, 42% free 17757K/30599K, paused 25ms
D/dalvikvm(  462): GC_FOR_ALLOC freed 91K, 38% free 19272K/30599K, paused 17ms
D/dalvikvm(  462): GC_FOR_ALLOC freed 2320K, 41% free 18131K/30599K, paused 34ms
D/dalvikvm(  462): GC_FOR_ALLOC freed 137K, 38% free 19264K/30599K, paused 18ms
D/dalvikvm(  462): GC_CONCURRENT freed 1220K, 35% free 20067K/30599K, paused 2ms+8ms
D/dalvikvm(  462): GC_FOR_ALLOC freed 2506K, 39% free 18768K/30599K, paused 20ms
D/dalvikvm(  462): GC_CONCURRENT freed 2K, 33% free 20778K/30599K, paused 2ms+2ms
D/dalvikvm(  462): GC_FOR_ALLOC freed 1295K, 36% free 19781K/30599K, paused 16ms
I/dalvikvm-heap(  462): Grow heap (frag case) to 22.336MB for 3097616-byte allocation
D/dalvikvm(  462): GC_FOR_ALLOC freed 1K, 26% free 22805K/30599K, paused 33ms
D/dalvikvm(  462): GC_CONCURRENT freed 99K, 26% free 22708K/30599K, paused 4ms+3ms
D/dalvikvm(  462): GC_FOR_ALLOC freed 3811K, 36% free 19748K/30599K, paused 19ms
I/dalvikvm-heap(  462): Grow heap (frag case) to 21.970MB for 2747152-byte allocation
D/dalvikvm(  462): GC_CONCURRENT freed <1K, 27% free 22431K/30599K, paused 2ms+3ms
I/ActivityManager(  182): START {act=android.intent.action.MAIN cat=[android.intent.category.LAUNCHER] flg=0x10200000 cmp=com.example.hellojni/.HelloJni} from pid 462
D/dalvikvm(12156): Late-enabling CheckJNI
I/ActivityManager(  182): Start proc com.example.hellojni for activity com.example.hellojni/.HelloJni: pid=12156 uid=10066 gids={1015, 3003}
I/dalvikvm(12156): Turning on JNI app bug workarounds for target SDK version 3...
D/dalvikvm(12156): Trying to load lib /data/data/com.example.hellojni/lib/libclient.so 0x416b55a8
D/dalvikvm(12156): Added shared lib /data/data/com.example.hellojni/lib/libclient.so 0x416b55a8
D/dalvikvm(12156): No JNI_OnLoad found in /data/data/com.example.hellojni/lib/libclient.so 0x416b55a8, skipping init
D/OpenGLRenderer(  462): Flushing caches (mode 1)
D/OpenGLRenderer(  462): Flushing caches (mode 0)
V/PhoneStatusBar(  335): setLightsOn(true)
I/ActivityManager(  182): Displayed com.example.hellojni/.HelloJni: +350ms
W/InputManagerService(  182): Starting input on non-focused client com.android.internal.view.IInputMethodClient$Stub$Proxy@41825680 (uid=10031 pid=462)
D/UDP-TIMING(12156): 0 0 -0.413522000
D/UDP-TIMING(12156): 1 0 -0.413523000
D/UDP-TIMING(12156): 2 0 -0.413544000
D/UDP-TIMING(12156): 3 0 -0.413529000
D/UDP-TIMING(12156): 4 0 -0.413511000
W/AppWidgetService(  182): updateAppWidgetProvider: provider doesn't exist: ComponentInfo{com.vzw.hss.myverizonged/com.vzw.hss.datameter.widget.DataMeterWidget}
D/AndroidRuntime(12177): 
D/AndroidRuntime(12177): >>>>>> AndroidRuntime START com.android.internal.os.RuntimeInit <<<<<<
D/AndroidRuntime(12177): CheckJNI is OFF
D/AndroidRuntime(12177): Calling main entry com.android.commands.pm.Pm
D/dalvikvm(  182): GC_EXPLICIT freed 237K, 15% free 18134K/21191K, paused 2ms+4ms
W/ActivityManager(  182): No content provider found for permission revoke: file:///data/local/tmp/HelloJni-debug.apk
W/ActivityManager(  182): No content provider found for permission revoke: file:///data/local/tmp/HelloJni-debug.apk
I/PackageParser(  182): com.example.hellojni: compat added android.permission.READ_PHONE_STATE
I/PackageManager(  182): Removing non-system package:com.example.hellojni
I/ActivityManager(  182): Force stopping package com.example.hellojni uid=10066
I/ActivityManager(  182): Killing proc 12156:com.example.hellojni/10066: force stop
W/ActivityManager(  182): Force removing ActivityRecord{416c9a08 com.example.hellojni/.HelloJni}: app died, no saved state
I/WindowManager(  182): WIN DEATH: Window{4190ea68 com.example.hellojni/com.example.hellojni.HelloJni paused=false}
I/PackageManager(  182): Package com.example.hellojni codePath changed from /data/app/com.example.hellojni-2.apk to /data/app/com.example.hellojni-1.apk; Retaining data and using new
I/PackageManager(  182): Running dexopt on: com.example.hellojni
D/dalvikvm(12188): DexOpt: load 7ms, verify+opt 11ms
I/ActivityManager(  182): Force stopping package com.example.hellojni uid=10066
W/PackageManager(  182): Code path for pkg : com.example.hellojni changing from /data/app/com.example.hellojni-2.apk to /data/app/com.example.hellojni-1.apk
W/PackageManager(  182): Resource path for pkg : com.example.hellojni changing from /data/app/com.example.hellojni-2.apk to /data/app/com.example.hellojni-1.apk
W/InputManagerService(  182): Got RemoteException sending setActive(false) notification to pid 12156 uid 10066
D/PackageManager(  182): New package installed in /data/app/com.example.hellojni-1.apk
I/ActivityManager(  182): Force stopping package com.example.hellojni uid=10066
D/dalvikvm(  462): GC_FOR_ALLOC freed 6020K, 43% free 17659K/30599K, paused 48ms
D/dalvikvm(  462): GC_CONCURRENT freed 115K, 38% free 19225K/30599K, paused 2ms+3ms
D/dalvikvm(  462): GC_EXPLICIT freed 63K, 32% free 20971K/30599K, paused 2ms+4ms
D/dalvikvm(  511): GC_EXPLICIT freed 235K, 5% free 12904K/13511K, paused 3ms+2ms
I/RegisteredComponentCache(  446): ComponentInfo: ResolveInfo{41707a78 com.android.apps.tag.TagViewer p=0 o=0 m=0x108000}, techs: android.nfc.tech.Ndef, 
D/dalvikvm(  462): GC_CONCURRENT freed 3111K, 36% free 19872K/30599K, paused 1ms+2ms
D/SyncManager(  182): setIsSyncable: Account {name=mitexpf1@gmail.com, type=com.google}, provider com.google.android.gallery3d.GooglePhotoProvider -> 0
D/SyncManager(  182): setIsSyncable: already set to 0, doing nothing
D/dalvikvm(  182): GC_EXPLICIT freed 926K, 16% free 17915K/21191K, paused 2ms+5ms
D/PackageManager(  182): generateServicesMap(android.accounts.AccountAuthenticator): 4 services unchanged
I/RegisteredComponentCache(  446): ComponentInfo: ResolveInfo{41708cb0 com.android.apps.tag.TagViewer p=0 o=0 m=0x108000}, techs: android.nfc.tech.Ndef, 
D/PackageManager(  182): generateServicesMap(android.content.SyncAdapter): 15 services unchanged
D/PackageManager(  182): generateServicesMap(android.accounts.AccountAuthenticator): 4 services unchanged
D/PackageManager(  182): generateServicesMap(android.content.SyncAdapter): 15 services unchanged
D/BackupManagerService(  182): Received broadcast Intent { act=android.intent.action.PACKAGE_REMOVED dat=package:com.example.hellojni flg=0x10000010 (has extras) }
D/dalvikvm(  446): GC_CONCURRENT freed 294K, 3% free 12645K/12999K, paused 2ms+1ms
D/BackupManagerService(  182): Received broadcast Intent { act=android.intent.action.PACKAGE_ADDED dat=package:com.example.hellojni flg=0x10000010 (has extras) }
V/BackupManagerService(  182): updatePackageParticipantsLocked: #1
D/SyncManager(  182): setIsSyncable: Account {name=mitexpf1@gmail.com, type=com.google}, provider com.google.android.gallery3d.GooglePhotoProvider -> 0
D/SyncManager(  182): setIsSyncable: already set to 0, doing nothing
D/com.fusionone.android.sync.baclient.receiver.HTSInstalledReceiver(  620): Reset receiver-Invoked
I/HTSINSTALLEDREeciever-package _ action(  620): android.intent.action.PACKAGE_ADDED
I/HTSINSTALLEDREeciever-package(  620): package:com.example.hellojni
D/dalvikvm(  462): GC_CONCURRENT freed 3270K, 40% free 18649K/30599K, paused 2ms+4ms
D/BackupManagerService(  182): Received broadcast Intent { act=android.intent.action.PACKAGE_REPLACED dat=package:com.example.hellojni flg=0x10000010 (has extras) }
V/BackupManagerService(  182): updatePackageParticipantsLocked: #1
D/dalvikvm(  182): GC_EXPLICIT freed 708K, 14% free 18250K/21191K, paused 2ms+10ms
D/AndroidRuntime(12177): Shutting down VM
I/AndroidRuntime(12177): NOTE: attach of thread 'Binder Thread #3' failed
D/dalvikvm(12177): GC_CONCURRENT freed 97K, 89% free 451K/4096K, paused 0ms+0ms
D/dalvikvm(  462): GC_FOR_ALLOC freed 1515K, 43% free 17676K/30599K, paused 20ms
D/dalvikvm(  462): GC_CONCURRENT freed 85K, 38% free 19277K/30599K, paused 2ms+7ms
D/dalvikvm(  462): GC_FOR_ALLOC freed 2397K, 41% free 18244K/30599K, paused 52ms
D/dalvikvm(  462): GC_FOR_ALLOC freed 64K, 38% free 19263K/30599K, paused 24ms
D/dalvikvm(  462): GC_FOR_ALLOC freed 2287K, 39% free 18791K/30599K, paused 16ms
D/dalvikvm(  462): GC_FOR_ALLOC freed 533K, 35% free 20130K/30599K, paused 19ms
D/dalvikvm(  462): GC_FOR_ALLOC freed 2201K, 36% free 19784K/30599K, paused 17ms
I/dalvikvm-heap(  462): Grow heap (frag case) to 22.339MB for 3097616-byte allocation
D/dalvikvm(  462): GC_CONCURRENT freed 2K, 26% free 22807K/30599K, paused 2ms+2ms
D/dalvikvm(  462): GC_FOR_ALLOC freed 3784K, 36% free 19874K/30599K, paused 20ms
I/dalvikvm-heap(  462): Grow heap (frag case) to 22.093MB for 2747152-byte allocation
D/dalvikvm(  462): GC_FOR_ALLOC freed 7K, 27% free 22550K/30599K, paused 33ms
D/dalvikvm(  462): GC_CONCURRENT freed 777K, 29% free 21802K/30599K, paused 5ms+4ms
D/dalvikvm(  462): GC_FOR_ALLOC freed 5125K, 43% free 17712K/30599K, paused 19ms
D/dalvikvm(  462): GC_CONCURRENT freed 43K, 38% free 19275K/30599K, paused 2ms+3ms
D/dalvikvm(  462): GC_FOR_ALLOC freed 2320K, 41% free 18207K/30599K, paused 42ms
D/dalvikvm(  462): GC_FOR_ALLOC freed 136K, 38% free 19266K/30599K, paused 16ms
D/dalvikvm(  462): GC_CONCURRENT freed 1220K, 35% free 20068K/30599K, paused 1ms+2ms
D/dalvikvm(  462): GC_FOR_ALLOC freed 2506K, 39% free 18767K/30599K, paused 20ms
D/dalvikvm(  462): GC_CONCURRENT freed 3K, 33% free 20779K/30599K, paused 2ms+3ms
D/dalvikvm(  462): GC_FOR_ALLOC freed 0K, 33% free 20779K/30599K, paused 16ms
I/dalvikvm-heap(  462): Grow heap (frag case) to 23.311MB for 3097616-byte allocation
D/dalvikvm(  462): GC_FOR_ALLOC freed 0K, 23% free 23804K/30599K, paused 20ms
D/dalvikvm(  462): GC_FOR_ALLOC freed 5080K, 36% free 19876K/30599K, paused 18ms
I/dalvikvm-heap(  462): Grow heap (frag case) to 22.095MB for 2747152-byte allocation
D/dalvikvm(  462): GC_CONCURRENT freed 1K, 27% free 22557K/30599K, paused 5ms+4ms
I/ActivityManager(  182): START {act=android.intent.action.MAIN cat=[android.intent.category.LAUNCHER] flg=0x10200000 cmp=com.example.hellojni/.HelloJni} from pid 462
D/dalvikvm(12199): Late-enabling CheckJNI
I/ActivityManager(  182): Start proc com.example.hellojni for activity com.example.hellojni/.HelloJni: pid=12199 uid=10066 gids={1015, 3003}
I/dalvikvm(12199): Turning on JNI app bug workarounds for target SDK version 3...
D/OpenGLRenderer(  462): Flushing caches (mode 1)
D/dalvikvm(12199): Trying to load lib /data/data/com.example.hellojni/lib/libclient.so 0x416b63d8
D/dalvikvm(12199): Added shared lib /data/data/com.example.hellojni/lib/libclient.so 0x416b63d8
D/dalvikvm(12199): No JNI_OnLoad found in /data/data/com.example.hellojni/lib/libclient.so 0x416b63d8, skipping init
D/OpenGLRenderer(  462): Flushing caches (mode 0)
V/PhoneStatusBar(  335): setLightsOn(true)
I/ActivityManager(  182): Displayed com.example.hellojni/.HelloJni: +312ms
W/InputManagerService(  182): Starting input on non-focused client com.android.internal.view.IInputMethodClient$Stub$Proxy@41825680 (uid=10031 pid=462)
D/UDP-TIMING(12199): 0 0 -0.417033000
D/UDP-TIMING(12199): 1 0 -0.419516000
D/UDP-TIMING(12199): 2 0 -0.422134000
D/UDP-TIMING(12199): 3 0 -0.424785000
D/UDP-TIMING(12199): 4 0 -0.427379000
D/UDP-TIMING(12199): 38 0 -0.496779000
D/UDP-TIMING(12199): 14 0 -0.433254000
D/UDP-TIMING(12199): 15 0 -0.435828000
D/UDP-TIMING(12199): 16 0 -0.438421000
D/UDP-TIMING(12199): 17 0 -0.440994000
D/UDP-TIMING(12199): 18 0 -0.443526000
D/UDP-TIMING(12199): 19 0 -0.446090000
D/UDP-TIMING(12199): 20 0 -0.448646000
D/UDP-TIMING(12199): 21 0 -0.451189000
D/UDP-TIMING(12199): 22 0 -0.453763000
D/UDP-TIMING(12199): 23 0 -0.456336000
D/UDP-TIMING(12199): 24 0 -0.458938000
D/UDP-TIMING(12199): 25 0 -0.461539000
D/UDP-TIMING(12199): 26 0 -0.464149000
D/UDP-TIMING(12199): 27 0 -0.466797000
D/UDP-TIMING(12199): 28 0 -0.469456000
D/UDP-TIMING(12199): 29 0 -0.472030000
D/UDP-TIMING(12199): 30 0 -0.474633000
D/UDP-TIMING(12199): 31 0 -0.477233000
D/UDP-TIMING(12199): 32 0 -0.479802000
D/UDP-TIMING(12199): 33 0 -0.482448000
D/UDP-TIMING(12199): 34 0 -0.485067000
D/UDP-TIMING(12199): 35 0 -0.487716000
D/UDP-TIMING(12199): 36 0 -0.490372000
D/UDP-TIMING(12199): 37 0 -0.492991000
D/UDP-TIMING(12199): 39 0 -0.498329000
D/UDP-TIMING(12199): 40 0 -0.496705000
D/UDP-TIMING(12199): 41 0 -0.496281000
D/UDP-TIMING(12199): 42 0 -0.498822000
D/UDP-TIMING(12199): 43 0 -0.498981000
D/UDP-TIMING(12199): 44 0 -0.498577000
D/UDP-TIMING(12199): 45 0 -0.492185000
D/UDP-TIMING(12199): 46 0 -0.487242000
D/UDP-TIMING(12199): 47 0 -0.489761000
D/UDP-TIMING(12199): 48 0 -0.491092000
D/UDP-TIMING(12199): 49 0 -0.493581000
D/UDP-TIMING(12199): 50 0 -0.494307000
D/UDP-TIMING(12199): 51 0 -0.494903000
D/UDP-TIMING(12199): 52 0 -0.497433000
D/UDP-TIMING(12199): 53 0 -0.497203000
D/UDP-TIMING(12199): 54 0 -0.497788000
D/UDP-TIMING(12199): 55 0 -0.495376000
D/UDP-TIMING(12199): 56 0 -0.497903000
D/UDP-TIMING(12199): 57 0 -0.495553000
D/UDP-TIMING(12199): 58 0 -0.498070000
D/UDP-TIMING(12199): 59 0 -0.498689000
D/UDP-TIMING(12199): 60 0 -0.498416000
D/UDP-TIMING(12199): 61 0 -0.495015000
D/UDP-TIMING(12199): 62 0 -0.494613000
D/UDP-TIMING(12199): 63 0 -0.497110000
D/UDP-TIMING(12199): 64 0 -0.499701000
D/UDP-TIMING(12199): 65 0 -0.502264000
D/UDP-TIMING(12199): 66 0 -0.504861000
D/UDP-TIMING(12199): 67 0 -0.506629000
D/UDP-TIMING(12199): 68 0 -0.504342000
D/UDP-TIMING(12199): 69 0 -0.506112000
D/UDP-TIMING(12199): 70 0 -0.505721000
D/UDP-TIMING(12199): 71 0 -0.506247000
D/UDP-TIMING(12199): 72 0 -0.505980000
D/UDP-TIMING(12199): 73 0 -0.505602000
D/UDP-TIMING(12199): 74 0 -0.505188000
D/UDP-TIMING(12199): 75 0 -0.505799000
D/UDP-TIMING(12199): 76 0 -0.506184000
D/UDP-TIMING(12199): 77 0 -0.506066000
D/UDP-TIMING(12199): 78 0 -0.506686000
D/UDP-TIMING(12199): 79 0 -0.507185000
D/UDP-TIMING(12199): 80 0 -0.506952000
D/UDP-TIMING(12199): 81 0 -0.504615000
D/UDP-TIMING(12199): 82 0 -0.506240000
D/UDP-TIMING(12199): 83 0 -0.506859000
D/UDP-TIMING(12199): 84 0 -0.506504000
D/UDP-TIMING(12199): 85 0 -0.507086000
D/UDP-TIMING(12199): 86 0 -0.505586000
D/UDP-TIMING(12199): 87 0 -0.507319000
D/UDP-TIMING(12199): 88 0 -0.506930000
D/UDP-TIMING(12199): 89 0 -0.505098000
D/UDP-TIMING(12199): 90 0 -0.505218000
D/UDP-TIMING(12199): 91 0 -0.505252000
D/UDP-TIMING(12199): 92 0 -0.505423000
D/UDP-TIMING(12199): 93 0 -0.500376000
D/UDP-TIMING(12199): 94 0 -0.502698000
D/UDP-TIMING(12199): 95 0 -0.504206000
D/UDP-TIMING(12199): 96 0 -0.506814000
D/UDP-TIMING(12199): 97 0 -0.504653000
D/UDP-TIMING(12199): 98 0 -0.502652000
D/UDP-TIMING(12199): 99 0 -0.504721000
D/UDP-TIMING(12199): 100 0 -0.506497000
D/UDP-TIMING(12199): 101 0 -0.394928000
D/UDP-TIMING(12199): 102 0 -0.397393000
D/UDP-TIMING(12199): 103 0 -0.400016000
D/UDP-TIMING(12199): 104 0 -0.402669000
D/UDP-TIMING(12199): 105 0 -0.405273000
D/UDP-TIMING(12199): 106 0 -0.407916000
D/UDP-TIMING(12199): 107 0 -0.410537000
D/UDP-TIMING(12199): 108 0 -0.413187000
D/UDP-TIMING(12199): 109 0 -0.415797000
D/UDP-TIMING(12199): 110 0 -0.418364000
D/UDP-TIMING(12199): 111 0 -0.420957000
D/UDP-TIMING(12199): 112 0 -0.423649000
D/UDP-TIMING(12199): 113 0 -0.426339000
D/UDP-TIMING(12199): 114 0 -0.428931000
D/UDP-TIMING(12199): 115 0 -0.431565000
D/UDP-TIMING(12199): 116 0 -0.434127000
D/UDP-TIMING(12199): 117 0 -0.436720000
D/UDP-TIMING(12199): 118 0 -0.439286000
D/UDP-TIMING(12199): 119 0 -0.441949000
D/UDP-TIMING(12199): 120 0 -0.444587000
D/UDP-TIMING(12199): 121 0 -0.447185000
D/UDP-TIMING(12199): 122 0 -0.449832000
D/UDP-TIMING(12199): 123 0 -0.452481000
D/UDP-TIMING(12199): 124 0 -0.455092000
D/UDP-TIMING(12199): 125 0 -0.457738000
D/UDP-TIMING(12199): 126 0 -0.460386000
D/UDP-TIMING(12199): 127 0 -0.463010000
D/UDP-TIMING(12199): 128 0 -0.465662000
D/UDP-TIMING(12199): 129 0 -0.468309000
D/UDP-TIMING(12199): 130 0 -0.470927000
D/UDP-TIMING(12199): 131 0 -0.473589000
D/UDP-TIMING(12199): 132 0 -0.476241000
D/UDP-TIMING(12199): 133 0 -0.478857000
D/UDP-TIMING(12199): 134 0 -0.481504000
D/UDP-TIMING(12199): 135 0 -0.484120000
D/UDP-TIMING(12199): 136 0 -0.486775000
D/UDP-TIMING(12199): 137 0 -0.489427000
D/UDP-TIMING(12199): 138 0 -0.492051000
D/UDP-TIMING(12199): 139 0 -0.494705000
D/UDP-TIMING(12199): 140 0 -0.497352000
D/UDP-TIMING(12199): 141 0 -0.499968000
D/UDP-TIMING(12199): 142 0 -0.502614000
D/UDP-TIMING(12199): 143 0 -0.503290000
D/UDP-TIMING(12199): 144 0 -0.505612000
D/UDP-TIMING(12199): 145 0 -0.505305000
D/UDP-TIMING(12199): 146 0 -0.505921000
D/UDP-TIMING(12199): 147 0 -0.504632000
D/UDP-TIMING(12199): 148 0 -0.504869000
D/UDP-TIMING(12199): 149 0 -0.501992000
D/UDP-TIMING(12199): 150 0 -0.503671000
D/UDP-TIMING(12199): 151 0 -0.506257000
D/UDP-TIMING(12199): 152 0 -0.505986000
D/UDP-TIMING(12199): 153 0 -0.489555000
D/UDP-TIMING(12199): 154 0 -0.491172000
D/UDP-TIMING(12199): 155 0 -0.493706000
D/UDP-TIMING(12199): 156 0 -0.496323000
D/UDP-TIMING(12199): 157 0 -0.498034000
D/UDP-TIMING(12199): 158 0 -0.500278000
D/UDP-TIMING(12199): 159 0 -0.501261000
D/UDP-TIMING(12199): 160 0 -0.500773000
D/UDP-TIMING(12199): 161 0 -0.501732000
D/UDP-TIMING(12199): 162 0 -0.504049000
D/UDP-TIMING(12199): 163 0 -0.506042000
D/UDP-TIMING(12199): 164 0 -0.505714000
D/UDP-TIMING(12199): 165 0 -0.506317000
D/UDP-TIMING(12199): 166 0 -0.506075000
D/UDP-TIMING(12199): 167 0 -0.505493000
D/UDP-TIMING(12199): 168 0 -0.504321000
D/UDP-TIMING(12199): 169 0 -0.504749000
D/UDP-TIMING(12199): 170 0 -0.505611000
D/UDP-TIMING(12199): 171 0 -0.507911000
D/UDP-TIMING(12199): 172 0 -0.503918000
D/UDP-TIMING(12199): 173 0 -0.506464000
D/UDP-TIMING(12199): 174 0 -0.506243000
D/UDP-TIMING(12199): 175 0 -0.504879000
D/UDP-TIMING(12199): 176 0 -0.503521000
D/UDP-TIMING(12199): 177 0 -0.506047000
D/UDP-TIMING(12199): 178 0 -0.504785000
D/UDP-TIMING(12199): 179 0 -0.507360000
D/UDP-TIMING(12199): 180 0 -0.506142000
D/UDP-TIMING(12199): 181 0 -0.506793000
D/UDP-TIMING(12199): 182 0 -0.506412000
D/UDP-TIMING(12199): 183 0 -0.505448000
D/UDP-TIMING(12199): 184 0 -0.506701000
D/UDP-TIMING(12199): 185 0 -0.506365000
D/UDP-TIMING(12199): 186 0 -0.506982000
D/UDP-TIMING(12199): 187 0 -0.503636000
D/UDP-TIMING(12199): 188 0 -0.503268000
D/UDP-TIMING(12199): 189 0 -0.485858000
D/UDP-TIMING(12199): 190 0 -0.488375000
D/UDP-TIMING(12199): 191 0 -0.488259000
D/UDP-TIMING(12199): 192 0 -0.490777000
D/UDP-TIMING(12199): 193 0 -0.493322000
D/UDP-TIMING(12199): 194 0 -0.495917000
D/UDP-TIMING(12199): 195 0 -0.498619000
D/UDP-TIMING(12199): 196 0 -0.501203000
D/UDP-TIMING(12199): 197 0 -0.503773000
D/UDP-TIMING(12199): 198 0 -0.505130000
D/UDP-TIMING(12199): 199 0 -0.502271000
D/UDP-TIMING(12199): 200 0 -0.502242000
D/UDP-TIMING(12199): 201 0 -0.504492000
D/UDP-TIMING(12199): 202 0 -0.387703000
D/UDP-TIMING(12199): 203 0 -0.390049000
D/UDP-TIMING(12199): 204 0 -0.392603000
D/UDP-TIMING(12199): 205 0 -0.395268000
D/UDP-TIMING(12199): 206 0 -0.397909000
D/UDP-TIMING(12199): 207 0 -0.400520000
D/UDP-TIMING(12199): 208 0 -0.403184000
D/UDP-TIMING(12199): 209 0 -0.405817000
D/UDP-TIMING(12199): 210 0 -0.408462000
D/UDP-TIMING(12199): 211 0 -0.411097000
D/UDP-TIMING(12199): 212 0 -0.413700000
D/UDP-TIMING(12199): 213 0 -0.416344000
D/UDP-TIMING(12199): 214 0 -0.418843000
D/UDP-TIMING(12199): 215 0 -0.421479000
D/UDP-TIMING(12199): 216 0 -0.424055000
D/UDP-TIMING(12199): 217 0 -0.426600000
D/UDP-TIMING(12199): 218 0 -0.429184000
D/UDP-TIMING(12199): 219 0 -0.431783000
D/UDP-TIMING(12199): 220 0 -0.434322000
D/UDP-TIMING(12199): 221 0 -0.436911000
D/UDP-TIMING(12199): 222 0 -0.439470000
D/UDP-TIMING(12199): 223 0 -0.442056000
D/UDP-TIMING(12199): 224 0 -0.444638000
D/UDP-TIMING(12199): 225 0 -0.447195000
D/UDP-TIMING(12199): 226 0 -0.449785000
D/UDP-TIMING(12199): 227 0 -0.452377000
D/UDP-TIMING(12199): 228 0 -0.454941000
D/UDP-TIMING(12199): 229 0 -0.457530000
D/UDP-TIMING(12199): 230 0 -0.460115000
D/UDP-TIMING(12199): 231 0 -0.462672000
D/UDP-TIMING(12199): 232 0 -0.465313000
D/UDP-TIMING(12199): 233 0 -0.467964000
D/UDP-TIMING(12199): 234 0 -0.470585000
D/UDP-TIMING(12199): 235 0 -0.473234000
D/UDP-TIMING(12199): 236 0 -0.475885000
D/UDP-TIMING(12199): 237 0 -0.478503000
D/UDP-TIMING(12199): 238 0 -0.481150000
D/UDP-TIMING(12199): 239 0 -0.483810000
D/UDP-TIMING(12199): 240 0 -0.486430000
D/UDP-TIMING(12199): 241 0 -0.489082000
D/UDP-TIMING(12199): 242 0 -0.491695000
D/UDP-TIMING(12199): 243 0 -0.494343000
D/UDP-TIMING(12199): 244 0 -0.496996000
D/UDP-TIMING(12199): 245 0 -0.499612000
D/UDP-TIMING(12199): 246 0 -0.502261000
D/UDP-TIMING(12199): 247 0 -0.504926000
D/UDP-TIMING(12199): 248 0 -0.500859000
D/UDP-TIMING(12199): 249 0 -0.503405000
D/UDP-TIMING(12199): 250 0 -0.505971000
D/UDP-TIMING(12199): 251 0 -0.504038000
