I/ActivityManager(  182): START {act=android.intent.action.MAIN cat=[android.intent.category.HOME] flg=0x10200000 cmp=com.android.launcher/com.android.launcher2.Launcher} from pid 182
I/ActivityManager(  182): START {act=android.intent.action.MAIN cat=[android.intent.category.LAUNCHER] flg=0x10200000 cmp=com.android.settings/.Settings} from pid 462
I/ActivityManager(  182): Start proc com.android.settings for activity com.android.settings/.Settings: pid=3835 uid=1000 gids={1015, 3002, 3001, 3003, 3007}
W/InputManagerService(  182): Starting input on non-focused client com.android.internal.view.IInputMethodClient$Stub$Proxy@41825680 (uid=10031 pid=462)
D/NetworkManagementService(  182): rsp <213 00:90:4c:11:22:33 0.0.0.0 0 [down broadcast multicast]>
D/NetworkManagementService(  182): flags <[down broadcast multicast]>
I/ActivityManager(  182): START {act=android.intent.action.MAIN cmp=com.android.settings/.SubSettings (has extras)} from pid 3835
I/ActivityManager(  182): START {act=android.intent.action.MAIN cmp=com.android.phone/.Settings} from pid 3835
W/InputManagerService(  182): Starting input on non-focused client com.android.internal.view.IInputMethodClient$Stub$Proxy@419668c0 (uid=1000 pid=3835)
I/ActivityManager(  182): No longer want com.android.vending (pid 1189): hidden #16
D/ConnectivityService(  182): setMobileDataEnabled(false)
W/BackupManagerService(  182): dataChanged but no participant pkg='com.android.providers.settings' uid=1001
D/NetlinkEvent(  112): Unexpected netlink message. type=0x11
D/ConnectivityService(  182): ConnectivityChange for mobile_ims: DISCONNECTED/DISCONNECTED
E/ConnectivityService(  182): Exception trying to remove a route: java.lang.IllegalStateException: Unable to communicate with native dameon to add routes - com.android.server.NativeDaemonConnectorException: Cmd {interface route remove rmnet0 default 2001:4888:2:fffe:a0:d:0:3 128 ::} failed with code 400 : {Failed to remove route from default table (No such process)}
E/ConnectivityService(  182): Exception trying to remove a route: java.lang.IllegalStateException: Unable to communicate with native dameon to add routes - com.android.server.NativeDaemonConnectorException: Cmd {interface route remove rmnet0 default 2001:4888:3:fffe:c0:d:0:3 128 ::} failed with code 400 : {Failed to remove route from default table (No such process)}
D/NetlinkEvent(  112): Unexpected netlink message. type=0x11
D/ConnectivityService(  182): resetConnections(rmnet0, 3)
D/ConnectivityService(  182): ConnectivityChange for mobile: DISCONNECTED/DISCONNECTED
D/ConnectivityService(  182): Attempting to switch to wifi
D/ConnectivityService(  182): Attempting to switch to BLUETOOTH_TETHER
E/ConnectivityService(  182): Exception trying to remove a route: java.lang.IllegalStateException: Unable to communicate with native dameon to add routes - com.android.server.NativeDaemonConnectorException: Cmd {interface route remove rmnet1 default 10.178.20.1 32 0.0.0.0} failed with code 400 : {Failed to remove route from default table (No such process)}
E/ConnectivityService(  182): Exception trying to remove a route: java.lang.IllegalStateException: Unable to communicate with native dameon to add routes - com.android.server.NativeDaemonConnectorException: Cmd {interface route remove rmnet1 default 0.0.0.0 0 10.178.20.1} failed with code 400 : {Failed to remove route from default table (No such process)}
E/ConnectivityService(  182): Exception trying to remove a route: java.lang.IllegalStateException: Unable to communicate with native dameon to add routes - com.android.server.NativeDaemonConnectorException: Cmd {interface route remove rmnet1 default 2600:1000:b000:835b::1 128 ::} failed with code 400 : {Failed to remove route from default table (No such process)}
E/ConnectivityService(  182): Exception trying to remove a route: java.lang.IllegalStateException: Unable to communicate with native dameon to add routes - com.android.server.NativeDaemonConnectorException: Cmd {interface route remove rmnet1 default :: 0 2600:1000:b000:835b::1} failed with code 400 : {Failed to remove route from default table (No such process)}
D/ConnectivityService(  182): resetConnections(rmnet1, 3)
D/ConnectivityService(  182): handleInetConditionChange: no active default network - ignore
W/InputManagerService(  182): Starting input on non-focused client com.android.internal.view.IInputMethodClient$Stub$Proxy@41a57430 (uid=1001 pid=412)
W/AppWidgetService(  182): updateAppWidgetProvider: provider doesn't exist: ComponentInfo{com.vzw.hss.myverizonged/com.vzw.hss.datameter.widget.DataMeterWidget}
I/ActivityManager(  182): START {act=android.intent.action.MAIN cmp=com.android.settings/.SubSettings (has extras)} from pid 3835
D/ConnectivityService(  182): ConnectivityChange for WIFI: DISCONNECTED/DISCONNECTED
D/ConnectivityService(  182): Attempting to switch to mobile
D/ConnectivityService(  182): Attempting to switch to BLUETOOTH_TETHER
D/ConnectivityService(  182): ConnectivityChange for WIFI: CONNECTED/CONNECTED
I/ActivityManager(  182): START {act=android.intent.action.MAIN cat=[android.intent.category.HOME] flg=0x10200000 cmp=com.android.launcher/com.android.launcher2.Launcher} from pid 182
W/InputManagerService(  182): Starting input on non-focused client com.android.internal.view.IInputMethodClient$Stub$Proxy@419668c0 (uid=1000 pid=3835)
D/ConnectivityService(  182): handleInetConditionHoldEnd: net=1, condition=100, published condition=0
I/ActivityManager(  182): START {act=android.intent.action.MAIN cat=[android.intent.category.LAUNCHER] flg=0x10200000 cmp=com.Android.CodeInTheAir.UI/.StartDialog} from pid 462
W/InputManagerService(  182): Starting input on non-focused client com.android.internal.view.IInputMethodClient$Stub$Proxy@41825680 (uid=10031 pid=462)
D/PhoneStatusBar(  335): disable: < expand icons alerts ticker system_info back home RECENT* clock >
D/PhoneStatusBar(  335): disable: < expand icons alerts ticker system_info BACK* HOME* RECENT CLOCK* >
W/AppWidgetService(  182): updateAppWidgetProvider: provider doesn't exist: ComponentInfo{com.vzw.hss.myverizonged/com.vzw.hss.datameter.widget.DataMeterWidget}
W/ActivityManager(  182): finishReceiver called but no pending broadcasts
W/AppWidgetService(  182): updateAppWidgetProvider: provider doesn't exist: ComponentInfo{com.vzw.hss.myverizonged/com.vzw.hss.datameter.widget.DataMeterWidget}
W/AppWidgetService(  182): updateAppWidgetProvider: provider doesn't exist: ComponentInfo{com.vzw.hss.myverizonged/com.vzw.hss.datameter.widget.DataMeterWidget}
W/ActivityManager(  182): finishReceiver called but no pending broadcasts
W/ActivityManager(  182): finishReceiver called but no pending broadcasts
W/AppWidgetService(  182): updateAppWidgetProvider: provider doesn't exist: ComponentInfo{com.vzw.hss.myverizonged/com.vzw.hss.datameter.widget.DataMeterWidget}
W/ActivityManager(  182): finishReceiver called but no pending broadcasts
W/AppWidgetService(  182): updateAppWidgetProvider: provider doesn't exist: ComponentInfo{com.vzw.hss.myverizonged/com.vzw.hss.datameter.widget.DataMeterWidget}
W/AppWidgetService(  182): updateAppWidgetProvider: provider doesn't exist: ComponentInfo{com.vzw.hss.myverizonged/com.vzw.hss.datameter.widget.DataMeterWidget}
W/AppWidgetService(  182): updateAppWidgetProvider: provider doesn't exist: ComponentInfo{com.vzw.hss.myverizonged/com.vzw.hss.datameter.widget.DataMeterWidget}
W/ActivityManager(  182): finishReceiver called but no pending broadcasts
W/AppWidgetService(  182): updateAppWidgetProvider: provider doesn't exist: ComponentInfo{com.vzw.hss.myverizonged/com.vzw.hss.datameter.widget.DataMeterWidget}
I/ActivityManager(  182): No longer want com.android.providers.calendar (pid 1161): hidden #16
I/ActivityManager(  182): No longer want com.google.android.calendar (pid 1146): hidden #16
W/AppWidgetService(  182): updateAppWidgetProvider: provider doesn't exist: ComponentInfo{com.vzw.hss.myverizonged/com.vzw.hss.datameter.widget.DataMeterWidget}
I/ActivityManager(  182): No longer want com.android.bip (pid 3747): hidden #16
W/ActivityManager(  182): Scheduling restart of crashed service com.android.bip/.BIPService in 5000ms
W/AppWidgetService(  182): updateAppWidgetProvider: provider doesn't exist: ComponentInfo{com.vzw.hss.myverizonged/com.vzw.hss.datameter.widget.DataMeterWidget}
I/ActivityManager(  182): Start proc com.android.bip for service com.android.bip/.BIPService: pid=8698 uid=10001 gids={3003}
W/ActivityManager(  182): finishReceiver called but no pending broadcasts
D/ConnectivityService(  182): handleInetConditionHoldEnd: net=1, condition=0, published condition=100
D/ConnectivityService(  182): handleInetConditionHoldEnd: net=1, condition=0, published condition=0
D/ConnectivityService(  182): handleInetConditionHoldEnd: net=1, condition=100, published condition=0
W/AppWidgetService(  182): updateAppWidgetProvider: provider doesn't exist: ComponentInfo{com.vzw.hss.myverizonged/com.vzw.hss.datameter.widget.DataMeterWidget}
W/ActivityManager(  182): finishReceiver called but no pending broadcasts
D/ConnectivityService(  182): handleInetConditionHoldEnd: net=1, condition=0, published condition=100
D/ConnectivityService(  182): handleInetConditionHoldEnd: net=1, condition=100, published condition=0
W/AppWidgetService(  182): updateAppWidgetProvider: provider doesn't exist: ComponentInfo{com.vzw.hss.myverizonged/com.vzw.hss.datameter.widget.DataMeterWidget}
W/ProcessStats(  182): Skipping unknown process pid 9481
W/ProcessStats(  182): Skipping unknown process pid 9482
W/ProcessStats(  182): Skipping unknown process pid 9483
W/ProcessStats(  182): Skipping unknown process pid 9484
W/AppWidgetService(  182): updateAppWidgetProvider: provider doesn't exist: ComponentInfo{com.vzw.hss.myverizonged/com.vzw.hss.datameter.widget.DataMeterWidget}
W/AppWidgetService(  182): updateAppWidgetProvider: provider doesn't exist: ComponentInfo{com.vzw.hss.myverizonged/com.vzw.hss.datameter.widget.DataMeterWidget}
W/AppWidgetService(  182): updateAppWidgetProvider: provider doesn't exist: ComponentInfo{com.vzw.hss.myverizonged/com.vzw.hss.datameter.widget.DataMeterWidget}
W/AppWidgetService(  182): updateAppWidgetProvider: provider doesn't exist: ComponentInfo{com.vzw.hss.myverizonged/com.vzw.hss.datameter.widget.DataMeterWidget}
I/WindowManager(  182): Lock screen displayed!
D/PhoneStatusBar(  335): disable: < expand icons alerts ticker system_info BACK HOME recent* CLOCK >
W/InputManagerService(  182): Window already focused, ignoring focus gain of: com.android.internal.view.IInputMethodClient$Stub$Proxy@419a45d8
D/PhoneStatusBar(  335): disable: < expand icons alerts ticker system_info back* home* recent clock* >
W/InputManagerService(  182): Window already focused, ignoring focus gain of: com.android.internal.view.IInputMethodClient$Stub$Proxy@416fa9a0
I/UsageStats(  182): Deleting usage file : usage-20120521
I/ActivityManager(  182): No longer want com.google.android.apps.maps:NetworkLocationService (pid 3764): hidden #16
W/ActivityManager(  182): Scheduling restart of crashed service com.google.android.apps.maps/com.google.android.location.internal.server.NetworkLocationService in 5000ms
I/ActivityManager(  182): Start proc com.google.android.apps.maps:NetworkLocationService for service com.google.android.apps.maps/com.google.android.location.internal.server.NetworkLocationService: pid=11643 uid=10034 gids={3003, 1015}
I/ActivityManager(  182): START {act=android.intent.action.MAIN cat=[android.intent.category.LAUNCHER] flg=0x10200000 cmp=com.android.settings/.Settings} from pid 462
I/UsageStats(  182): No package stats for pkg:com.android.launcher
W/InputManagerService(  182): Starting input on non-focused client com.android.internal.view.IInputMethodClient$Stub$Proxy@41825680 (uid=10031 pid=462)
D/ConnectivityService(  182): ConnectivityChange for WIFI: DISCONNECTED/DISCONNECTED
D/ConnectivityService(  182): Attempting to switch to mobile
D/ConnectivityService(  182): Attempting to switch to BLUETOOTH_TETHER
E/ConnectivityService(  182): Exception trying to remove a route: java.lang.IllegalStateException: Unable to communicate with native dameon to add routes - com.android.server.NativeDaemonConnectorException: Cmd {interface route remove wlan0 default 18.111.32.1 32 0.0.0.0} failed with code 400 : {Failed to remove route from default table (No such process)}
E/ConnectivityService(  182): Exception trying to remove a route: java.lang.IllegalStateException: Unable to communicate with native dameon to add routes - com.android.server.NativeDaemonConnectorException: Cmd {interface route remove wlan0 default 0.0.0.0 0 18.111.32.1} failed with code 400 : {Failed to remove route from default table (No such process)}
D/ConnectivityService(  182): resetConnections(wlan0, 3)
D/ConnectivityService(  182): handleInetConditionChange: no active default network - ignore
I/ActivityManager(  182): START {act=android.intent.action.MAIN cmp=com.android.settings/.SubSettings (has extras)} from pid 3835
D/ConnectivityService(  182): setMobileDataEnabled(true)
W/BackupManagerService(  182): dataChanged but no participant pkg='com.android.providers.settings' uid=1001
D/NetlinkEvent(  112): Unexpected netlink message. type=0xf
D/ConnectivityService(  182): ConnectivityChange for mobile: DISCONNECTED/DISCONNECTED
D/ConnectivityService(  182): Attempting to switch to WIFI
D/ConnectivityService(  182): Attempting to switch to BLUETOOTH_TETHER
D/ConnectivityService(  182): resetConnections(rmnet1, 3)
D/ConnectivityService(  182): ConnectivityChange for mobile: DISCONNECTED/DISCONNECTED
D/ConnectivityService(  182): Attempting to switch to WIFI
D/ConnectivityService(  182): Attempting to switch to BLUETOOTH_TETHER
D/ConnectivityService(  182): resetConnections(rmnet1, 3)
D/ConnectivityService(  182): special network not available
D/NetlinkEvent(  112): Unexpected netlink message. type=0xf
D/ConnectivityService(  182): ConnectivityChange for mobile: CONNECTED/CONNECTED
D/NetworkPolicy(  182): applying policy NetworkPolicy[NetworkTemplate: matchRule=MOBILE_ALL, subscriberId=valid]: cycleDay=1, warningBytes=2147483648, limitBytes=-1, lastSnooze=-1 to ifaces [rmnet1]
D/ConnectivityService(  182): NetTransition Wakelock for WifiStateMachine released by timeout
D/ConnectivityService(  182): handleInetConditionHoldEnd: net=0, condition=100, published condition=0
D/ConnectivityService(  182): startUsingNetworkFeature reconnecting to 0: enableIMS
I/ActivityManager(  182): START {act=android.intent.action.MAIN cmp=com.android.settings/.SubSettings (has extras)} from pid 3835
D/ConnectivityService(  182): ConnectivityChange for mobile_ims: CONNECTED/CONNECTED
D/NetworkPolicy(  182): applying policy NetworkPolicy[NetworkTemplate: matchRule=MOBILE_ALL, subscriberId=valid]: cycleDay=1, warningBytes=2147483648, limitBytes=-1, lastSnooze=-1 to ifaces [rmnet1]
D/ConnectivityService(  182): handleInetConditionHoldEnd: net=0, condition=100, published condition=100
W/AppWidgetService(  182): updateAppWidgetProvider: provider doesn't exist: ComponentInfo{com.vzw.hss.myverizonged/com.vzw.hss.datameter.widget.DataMeterWidget}
W/InputManagerService(  182): Starting input on non-focused client com.android.internal.view.IInputMethodClient$Stub$Proxy@419668c0 (uid=1000 pid=3835)
W/PowerUI (  335): unknown intent: Intent { act=android.intent.action.ACTION_POWER_CONNECTED flg=0x10000010 }
I/ActivityManager(  182): Start proc com.android.defcontainer for service com.android.defcontainer/.DefaultContainerService: pid=11721 uid=10012 gids={1015, 2001}
W/ActivityManager(  182): No content provider found for permission revoke: file:///data/local/tmp/HelloJni-debug.apk
W/ActivityManager(  182): No content provider found for permission revoke: file:///data/local/tmp/HelloJni-debug.apk
I/PackageParser(  182): com.example.hellojni: compat added android.permission.READ_PHONE_STATE
I/ActivityManager(  182): Force stopping package com.example.hellojni uid=10066
I/PackageManager(  182): Package com.example.hellojni codePath changed from /data/app/com.example.hellojni-1.apk to /data/app/com.example.hellojni-2.apk; Retaining data and using new
I/ActivityManager(  182): Force stopping package com.example.hellojni uid=10066
W/PackageManager(  182): Code path for pkg : com.example.hellojni changing from /data/app/com.example.hellojni-1.apk to /data/app/com.example.hellojni-2.apk
W/PackageManager(  182): Resource path for pkg : com.example.hellojni changing from /data/app/com.example.hellojni-1.apk to /data/app/com.example.hellojni-2.apk
I/ActivityManager(  182): Force stopping package com.example.hellojni uid=10066
I/ActivityManager(  182): Start proc com.google.android.gallery3d for broadcast com.google.android.gallery3d/com.android.gallery3d.app.PackagesMonitor: pid=11736 uid=10018 gids={3003, 1015}
D/BackupManagerService(  182): Received broadcast Intent { act=android.intent.action.PACKAGE_REMOVED dat=package:com.example.hellojni flg=0x10000010 (has extras) }
D/BackupManagerService(  182): Received broadcast Intent { act=android.intent.action.PACKAGE_ADDED dat=package:com.example.hellojni flg=0x10000010 (has extras) }
V/BackupManagerService(  182): updatePackageParticipantsLocked: #1
I/ActivityManager(  182): Start proc com.android.keychain for broadcast com.android.keychain/.KeyChainBroadcastReceiver: pid=11749 uid=1000 gids={1015, 3002, 3001, 3003, 3007}
D/BackupManagerService(  182): Received broadcast Intent { act=android.intent.action.PACKAGE_REPLACED dat=package:com.example.hellojni flg=0x10000010 (has extras) }
V/BackupManagerService(  182): updatePackageParticipantsLocked: #1
I/ActivityManager(  182): Start proc com.android.musicfx for broadcast com.android.musicfx/.Compatibility$Receiver: pid=11762 uid=10040 gids={3003, 3002}
I/ActivityManager(  182): No longer want com.google.android.gsf.login (pid 3573): hidden #16
I/ActivityManager(  182): Start proc com.android.vending for broadcast com.android.vending/com.google.android.finsky.receivers.PersistentPackageMonitorReceiver: pid=11775 uid=10046 gids={3003, 1015}
I/ActivityManager(  182): No longer want com.google.android.inputmethod.latin.dictionarypack (pid 3642): hidden #16
I/ActivityManager(  182): Start proc com.android.voicedialer for broadcast com.android.voicedialer/.VoiceDialerReceiver: pid=11804 uid=10062 gids={3002}
I/ActivityManager(  182): No longer want com.Android.CodeInTheAir.UI (pid 3519): hidden #16
I/ActivityManager(  182): Start proc com.google.android.partnersetup for broadcast com.google.android.partnersetup/.RlzPingBroadcastReceiver: pid=11819 uid=10023 gids={3003}
I/ActivityManager(  182): No longer want com.google.android.apps.maps:FriendService (pid 3779): hidden #16
I/ActivityManager(  182): No longer want com.google.android.apps.maps:LocationFriendService (pid 3798): hidden #16
I/ActivityManager(  182): Start proc com.google.android.googlequicksearchbox for broadcast com.google.android.googlequicksearchbox/.SourceUpdateReceiver: pid=11833 uid=10024 gids={3003}
I/ActivityManager(  182): No longer want com.vzw.hss.myverizonged (pid 1343): hidden #16
I/ActivityManager(  182): No longer want com.google.android.talk (pid 1486): hidden #16
I/ActivityManager(  182): START {act=android.intent.action.MAIN cat=[android.intent.category.HOME] flg=0x10200000 cmp=com.android.launcher/com.android.launcher2.Launcher} from pid 182
W/InputManagerService(  182): Window already focused, ignoring focus gain of: com.android.internal.view.IInputMethodClient$Stub$Proxy@41af0ca0
I/ActivityManager(  182): START {act=android.intent.action.MAIN cat=[android.intent.category.LAUNCHER] flg=0x10200000 cmp=com.google.android.browser/com.android.browser.BrowserActivity bnds=[552,1040][680,1168]} from pid 462
I/ActivityManager(  182): Start proc com.google.android.browser for activity com.google.android.browser/com.android.browser.BrowserActivity: pid=11855 uid=10005 gids={3003, 1015}
I/ActivityManager(  182): moveTaskToBack: 10
W/InputManagerService(  182): Starting input on non-focused client com.android.internal.view.IInputMethodClient$Stub$Proxy@419a2fa0 (uid=10005 pid=11855)
I/ActivityManager(  182): START {act=android.intent.action.MAIN cat=[android.intent.category.LAUNCHER] flg=0x10200000 cmp=com.example.hellojni/.HelloJni} from pid 462
I/ActivityManager(  182): Start proc com.example.hellojni for activity com.example.hellojni/.HelloJni: pid=11903 uid=10066 gids={1015, 3003}
W/InputManagerService(  182): Starting input on non-focused client com.android.internal.view.IInputMethodClient$Stub$Proxy@41825680 (uid=10031 pid=462)
I/WindowManager(  182): No lock screen!
W/ActivityManager(  182): No content provider found for permission revoke: file:///data/local/tmp/HelloJni-debug.apk
W/ActivityManager(  182): No content provider found for permission revoke: file:///data/local/tmp/HelloJni-debug.apk
I/PackageParser(  182): com.example.hellojni: compat added android.permission.READ_PHONE_STATE
I/ActivityManager(  182): Force stopping package com.example.hellojni uid=10066
I/ActivityManager(  182): Killing proc 11903:com.example.hellojni/10066: force stop
W/ActivityManager(  182): Force removing ActivityRecord{41875ca0 com.example.hellojni/.HelloJni}: app died, no saved state
I/WindowManager(  182): WIN DEATH: Window{416c66a8 com.example.hellojni/com.example.hellojni.HelloJni paused=false}
I/PackageManager(  182): Package com.example.hellojni codePath changed from /data/app/com.example.hellojni-2.apk to /data/app/com.example.hellojni-1.apk; Retaining data and using new
W/InputManagerService(  182): Got RemoteException sending setActive(false) notification to pid 11903 uid 10066
I/ActivityManager(  182): Force stopping package com.example.hellojni uid=10066
W/PackageManager(  182): Code path for pkg : com.example.hellojni changing from /data/app/com.example.hellojni-2.apk to /data/app/com.example.hellojni-1.apk
W/PackageManager(  182): Resource path for pkg : com.example.hellojni changing from /data/app/com.example.hellojni-2.apk to /data/app/com.example.hellojni-1.apk
I/ActivityManager(  182): Force stopping package com.example.hellojni uid=10066
D/BackupManagerService(  182): Received broadcast Intent { act=android.intent.action.PACKAGE_REMOVED dat=package:com.example.hellojni flg=0x10000010 (has extras) }
D/BackupManagerService(  182): Received broadcast Intent { act=android.intent.action.PACKAGE_ADDED dat=package:com.example.hellojni flg=0x10000010 (has extras) }
V/BackupManagerService(  182): updatePackageParticipantsLocked: #1
I/ActivityManager(  182): Start proc com.google.android.apps.maps:FriendService for broadcast com.google.android.apps.maps/com.google.googlenav.friend.android.ServiceReceiver: pid=11938 uid=10034 gids={3003, 1015}
D/BackupManagerService(  182): Received broadcast Intent { act=android.intent.action.PACKAGE_REPLACED dat=package:com.example.hellojni flg=0x10000010 (has extras) }
V/BackupManagerService(  182): updatePackageParticipantsLocked: #1
I/ActivityManager(  182): Start proc com.google.android.apps.maps:LocationFriendService for broadcast com.google.android.apps.maps/com.google.googlenav.friend.reporting.LocationReportingIntentReceiver: pid=11952 uid=10034 gids={3003, 1015}
I/ActivityManager(  182): START {flg=0x10000000 cmp=com.google.android.apps.maps/com.google.googlenav.login.AndroidLoginActivitySdk5 (has extras)} from pid 11952
I/ActivityManager(  182): No longer want com.google.android.apps.uploader (pid 1401): hidden #16
W/InputManagerService(  182): Window already focused, ignoring focus gain of: com.android.internal.view.IInputMethodClient$Stub$Proxy@41b720a8
I/ActivityManager(  182): No longer want com.samsung.syncservice (pid 946): hidden #16
W/ActivityManager(  182): Scheduling restart of crashed service com.samsung.syncservice/.SyncmlService in 5000ms
I/ActivityManager(  182): START {act=android.intent.action.MAIN cat=[android.intent.category.LAUNCHER] flg=0x10200000 cmp=com.example.hellojni/.HelloJni} from pid 462
I/ActivityManager(  182): Start proc com.example.hellojni for activity com.example.hellojni/.HelloJni: pid=11976 uid=10066 gids={1015, 3003}
W/InputManagerService(  182): Starting input on non-focused client com.android.internal.view.IInputMethodClient$Stub$Proxy@41825680 (uid=10031 pid=462)
I/ActivityManager(  182): Start proc com.samsung.syncservice for service com.samsung.syncservice/.SyncmlService: pid=11989 uid=1000 gids={1015, 3002, 3001, 3003, 3007}
I/ActivityManager(  182): Start proc com.google.android.gsf.login for service com.google.android.gsf.login/com.google.android.gsf.loginservice.GoogleLoginService: pid=12012 uid=10011 gids={3003, 1015, 1007, 2001, 3006}
I/ActivityManager(  182): No longer want com.android.settings (pid 3835): hidden #16
W/ActivityManager(  182): No content provider found for permission revoke: file:///data/local/tmp/HelloJni-debug.apk
W/ActivityManager(  182): No content provider found for permission revoke: file:///data/local/tmp/HelloJni-debug.apk
I/PackageParser(  182): com.example.hellojni: compat added android.permission.READ_PHONE_STATE
I/ActivityManager(  182): Force stopping package com.example.hellojni uid=10066
I/ActivityManager(  182): Killing proc 11976:com.example.hellojni/10066: force stop
W/ActivityManager(  182): Force removing ActivityRecord{416d15d0 com.example.hellojni/.HelloJni}: app died, no saved state
I/WindowManager(  182): WIN DEATH: Window{417d91d0 com.example.hellojni/com.example.hellojni.HelloJni paused=false}
I/PackageManager(  182): Package com.example.hellojni codePath changed from /data/app/com.example.hellojni-1.apk to /data/app/com.example.hellojni-2.apk; Retaining data and using new
I/ActivityManager(  182): Force stopping package com.example.hellojni uid=10066
W/PackageManager(  182): Code path for pkg : com.example.hellojni changing from /data/app/com.example.hellojni-1.apk to /data/app/com.example.hellojni-2.apk
W/PackageManager(  182): Resource path for pkg : com.example.hellojni changing from /data/app/com.example.hellojni-1.apk to /data/app/com.example.hellojni-2.apk
W/InputManagerService(  182): Got RemoteException sending setActive(false) notification to pid 11976 uid 10066
I/ActivityManager(  182): Force stopping package com.example.hellojni uid=10066
D/BackupManagerService(  182): Received broadcast Intent { act=android.intent.action.PACKAGE_REMOVED dat=package:com.example.hellojni flg=0x10000010 (has extras) }
D/BackupManagerService(  182): Received broadcast Intent { act=android.intent.action.PACKAGE_ADDED dat=package:com.example.hellojni flg=0x10000010 (has extras) }
V/BackupManagerService(  182): updatePackageParticipantsLocked: #1
D/BackupManagerService(  182): Received broadcast Intent { act=android.intent.action.PACKAGE_REPLACED dat=package:com.example.hellojni flg=0x10000010 (has extras) }
V/BackupManagerService(  182): updatePackageParticipantsLocked: #1
W/ActivityManager(  182): No content provider found for permission revoke: file:///data/local/tmp/HelloJni-debug.apk
W/ActivityManager(  182): No content provider found for permission revoke: file:///data/local/tmp/HelloJni-debug.apk
I/PackageParser(  182): com.example.hellojni: compat added android.permission.READ_PHONE_STATE
I/ActivityManager(  182): Force stopping package com.example.hellojni uid=10066
I/PackageManager(  182): Package com.example.hellojni codePath changed from /data/app/com.example.hellojni-2.apk to /data/app/com.example.hellojni-1.apk; Retaining data and using new
I/ActivityManager(  182): Force stopping package com.example.hellojni uid=10066
W/PackageManager(  182): Code path for pkg : com.example.hellojni changing from /data/app/com.example.hellojni-2.apk to /data/app/com.example.hellojni-1.apk
W/PackageManager(  182): Resource path for pkg : com.example.hellojni changing from /data/app/com.example.hellojni-2.apk to /data/app/com.example.hellojni-1.apk
I/ActivityManager(  182): Force stopping package com.example.hellojni uid=10066
D/BackupManagerService(  182): Received broadcast Intent { act=android.intent.action.PACKAGE_REMOVED dat=package:com.example.hellojni flg=0x10000010 (has extras) }
D/BackupManagerService(  182): Received broadcast Intent { act=android.intent.action.PACKAGE_ADDED dat=package:com.example.hellojni flg=0x10000010 (has extras) }
V/BackupManagerService(  182): updatePackageParticipantsLocked: #1
D/BackupManagerService(  182): Received broadcast Intent { act=android.intent.action.PACKAGE_REPLACED dat=package:com.example.hellojni flg=0x10000010 (has extras) }
V/BackupManagerService(  182): updatePackageParticipantsLocked: #1
I/ActivityManager(  182): START {act=android.intent.action.MAIN cat=[android.intent.category.LAUNCHER] flg=0x10200000 cmp=com.example.hellojni/.HelloJni} from pid 462
I/ActivityManager(  182): Start proc com.example.hellojni for activity com.example.hellojni/.HelloJni: pid=12078 uid=10066 gids={1015, 3003}
W/InputManagerService(  182): Starting input on non-focused client com.android.internal.view.IInputMethodClient$Stub$Proxy@41825680 (uid=10031 pid=462)
I/ActivityManager(  182): No longer want com.android.bip (pid 8698): hidden #16
W/ActivityManager(  182): Scheduling restart of crashed service com.android.bip/.BIPService in 5000ms
I/ActivityManager(  182): Start proc com.android.bip for service com.android.bip/.BIPService: pid=12094 uid=10001 gids={3003}
I/ActivityManager(  182): Start proc com.vzw.hss.myverizonged for broadcast com.vzw.hss.myverizonged/com.vzw.hss.datameter.receiver.NetMeterReceiver: pid=12114 uid=10041 gids={3003}
I/ActivityManager(  182): No longer want com.google.android.gsf.login (pid 12012): hidden #16
W/ActivityManager(  182): Unable to start service Intent { act=com.vzw.push.vzwservice.service.CometService }: not found
W/AppWidgetService(  182): updateAppWidgetProvider: provider doesn't exist: ComponentInfo{com.vzw.hss.myverizonged/com.vzw.hss.datameter.widget.DataMeterWidget}
W/ActivityManager(  182): No content provider found for permission revoke: file:///data/local/tmp/HelloJni-debug.apk
W/ActivityManager(  182): No content provider found for permission revoke: file:///data/local/tmp/HelloJni-debug.apk
I/PackageParser(  182): com.example.hellojni: compat added android.permission.READ_PHONE_STATE
I/ActivityManager(  182): Force stopping package com.example.hellojni uid=10066
I/ActivityManager(  182): Killing proc 12078:com.example.hellojni/10066: force stop
W/ActivityManager(  182): Force removing ActivityRecord{416c9a08 com.example.hellojni/.HelloJni}: app died, no saved state
I/WindowManager(  182): WIN DEATH: Window{41886818 com.example.hellojni/com.example.hellojni.HelloJni paused=false}
I/PackageManager(  182): Package com.example.hellojni codePath changed from /data/app/com.example.hellojni-1.apk to /data/app/com.example.hellojni-2.apk; Retaining data and using new
W/PackageManager(  182): Code path for pkg : com.example.hellojni changing from /data/app/com.example.hellojni-1.apk to /data/app/com.example.hellojni-2.apk
W/PackageManager(  182): Resource path for pkg : com.example.hellojni changing from /data/app/com.example.hellojni-1.apk to /data/app/com.example.hellojni-2.apk
I/ActivityManager(  182): Force stopping package com.example.hellojni uid=10066
W/InputManagerService(  182): Got RemoteException sending setActive(false) notification to pid 12078 uid 10066
I/ActivityManager(  182): Force stopping package com.example.hellojni uid=10066
D/BackupManagerService(  182): Received broadcast Intent { act=android.intent.action.PACKAGE_REMOVED dat=package:com.example.hellojni flg=0x10000010 (has extras) }
D/BackupManagerService(  182): Received broadcast Intent { act=android.intent.action.PACKAGE_ADDED dat=package:com.example.hellojni flg=0x10000010 (has extras) }
V/BackupManagerService(  182): updatePackageParticipantsLocked: #1
D/BackupManagerService(  182): Received broadcast Intent { act=android.intent.action.PACKAGE_REPLACED dat=package:com.example.hellojni flg=0x10000010 (has extras) }
V/BackupManagerService(  182): updatePackageParticipantsLocked: #1
W/ProcessStats(  182): Skipping unknown process pid 12134
W/ProcessStats(  182): Skipping unknown process pid 12136
I/ActivityManager(  182): START {act=android.intent.action.MAIN cat=[android.intent.category.LAUNCHER] flg=0x10200000 cmp=com.example.hellojni/.HelloJni} from pid 462
I/ActivityManager(  182): Start proc com.example.hellojni for activity com.example.hellojni/.HelloJni: pid=12156 uid=10066 gids={1015, 3003}
W/InputManagerService(  182): Starting input on non-focused client com.android.internal.view.IInputMethodClient$Stub$Proxy@41825680 (uid=10031 pid=462)
W/AppWidgetService(  182): updateAppWidgetProvider: provider doesn't exist: ComponentInfo{com.vzw.hss.myverizonged/com.vzw.hss.datameter.widget.DataMeterWidget}
W/ActivityManager(  182): No content provider found for permission revoke: file:///data/local/tmp/HelloJni-debug.apk
W/ActivityManager(  182): No content provider found for permission revoke: file:///data/local/tmp/HelloJni-debug.apk
I/PackageParser(  182): com.example.hellojni: compat added android.permission.READ_PHONE_STATE
I/ActivityManager(  182): Force stopping package com.example.hellojni uid=10066
I/ActivityManager(  182): Killing proc 12156:com.example.hellojni/10066: force stop
W/ActivityManager(  182): Force removing ActivityRecord{416c9a08 com.example.hellojni/.HelloJni}: app died, no saved state
I/WindowManager(  182): WIN DEATH: Window{4190ea68 com.example.hellojni/com.example.hellojni.HelloJni paused=false}
I/PackageManager(  182): Package com.example.hellojni codePath changed from /data/app/com.example.hellojni-2.apk to /data/app/com.example.hellojni-1.apk; Retaining data and using new
I/ActivityManager(  182): Force stopping package com.example.hellojni uid=10066
W/PackageManager(  182): Code path for pkg : com.example.hellojni changing from /data/app/com.example.hellojni-2.apk to /data/app/com.example.hellojni-1.apk
W/PackageManager(  182): Resource path for pkg : com.example.hellojni changing from /data/app/com.example.hellojni-2.apk to /data/app/com.example.hellojni-1.apk
W/InputManagerService(  182): Got RemoteException sending setActive(false) notification to pid 12156 uid 10066
I/ActivityManager(  182): Force stopping package com.example.hellojni uid=10066
D/BackupManagerService(  182): Received broadcast Intent { act=android.intent.action.PACKAGE_REMOVED dat=package:com.example.hellojni flg=0x10000010 (has extras) }
D/BackupManagerService(  182): Received broadcast Intent { act=android.intent.action.PACKAGE_ADDED dat=package:com.example.hellojni flg=0x10000010 (has extras) }
V/BackupManagerService(  182): updatePackageParticipantsLocked: #1
D/BackupManagerService(  182): Received broadcast Intent { act=android.intent.action.PACKAGE_REPLACED dat=package:com.example.hellojni flg=0x10000010 (has extras) }
V/BackupManagerService(  182): updatePackageParticipantsLocked: #1
I/ActivityManager(  182): START {act=android.intent.action.MAIN cat=[android.intent.category.LAUNCHER] flg=0x10200000 cmp=com.example.hellojni/.HelloJni} from pid 462
I/ActivityManager(  182): Start proc com.example.hellojni for activity com.example.hellojni/.HelloJni: pid=12199 uid=10066 gids={1015, 3003}
W/InputManagerService(  182): Starting input on non-focused client com.android.internal.view.IInputMethodClient$Stub$Proxy@41825680 (uid=10031 pid=462)
--------- beginning of /dev/log/main
D/UDP-TIMING(12199): 5062 0 -0.505826000
D/UDP-TIMING(12199): 5063 0 -0.506704000
D/UDP-TIMING(12199): 5064 0 -0.506844000
D/UDP-TIMING(12199): 5065 0 -0.505920000
D/UDP-TIMING(12199): 5066 0 -0.506423000
D/UDP-TIMING(12199): 5067 0 -0.507238000
D/UDP-TIMING(12199): 5068 0 -0.506161000
D/UDP-TIMING(12199): 5069 0 -0.505786000
D/UDP-TIMING(12199): 5070 0 -0.505693000
D/UDP-TIMING(12199): 5071 0 -0.506330000
D/UDP-TIMING(12199): 5072 0 -0.505885000
D/UDP-TIMING(12199): 5073 0 -0.498459000
D/UDP-TIMING(12199): 5074 0 -0.503313000
D/UDP-TIMING(12199): 5075 0 -0.505318000
D/UDP-TIMING(12199): 5076 0 -0.506417000
D/UDP-TIMING(12199): 5077 0 -0.506513000
D/UDP-TIMING(12199): 5078 0 -0.507599000
D/UDP-TIMING(12199): 5079 0 -0.506365000
D/UDP-TIMING(12199): 5080 0 -0.505199000
D/UDP-TIMING(12199): 5081 0 -0.503953000
D/UDP-TIMING(12199): 5082 0 -0.505081000
D/UDP-TIMING(12199): 5083 0 -0.505570000
D/UDP-TIMING(12199): 5084 0 -0.506701000
D/UDP-TIMING(12199): 5085 0 -0.506448000
D/UDP-TIMING(12199): 5086 0 -0.505778000
D/UDP-TIMING(12199): 5087 0 -0.506693000
D/UDP-TIMING(12199): 5088 0 -0.502204000
D/UDP-TIMING(12199): 5089 0 -0.505344000
D/UDP-TIMING(12199): 5090 0 -0.507050000
D/UDP-TIMING(12199): 5091 0 -0.507201000
D/UDP-TIMING(12199): 5092 0 -0.504327000
D/UDP-TIMING(12199): 5093 0 -0.501439000
D/UDP-TIMING(12199): 5094 0 -0.497528000
D/UDP-TIMING(12199): 5095 0 -0.502405000
D/UDP-TIMING(12199): 5096 0 -0.505731000
D/UDP-TIMING(12199): 5097 0 -0.506850000
D/UDP-TIMING(12199): 5098 0 -0.506248000
D/UDP-TIMING(12199): 5099 0 -0.504501000
D/UDP-TIMING(12199): 5100 0 -0.498172000
D/UDP-TIMING(12199): 5101 0 -0.503058000
D/UDP-TIMING(12199): 5102 0 -0.506443000
D/UDP-TIMING(12199): 5103 0 -0.497954000
D/UDP-TIMING(12199): 5104 0 -0.502876000
D/UDP-TIMING(12199): 5105 0 -0.505565000
D/UDP-TIMING(12199): 5106 0 -0.507126000
D/UDP-TIMING(12199): 5107 0 -0.505314000
D/UDP-TIMING(12199): 5108 0 -0.506360000
D/UDP-TIMING(12199): 5109 0 -0.506513000
D/UDP-TIMING(12199): 5110 0 -0.506689000
D/UDP-TIMING(12199): 5111 0 -0.506855000
D/UDP-TIMING(12199): 5112 0 -0.506251000
D/UDP-TIMING(12199): 5113 0 -0.504145000
D/UDP-TIMING(12199): 5114 0 -0.502402000
D/UDP-TIMING(12199): 5115 0 -0.505399000
D/UDP-TIMING(12199): 5116 0 -0.506499000
D/UDP-TIMING(12199): 5117 0 -0.503571000
D/UDP-TIMING(12199): 5118 0 -0.505969000
D/UDP-TIMING(12199): 5119 0 -0.506783000
D/UDP-TIMING(12199): 5120 0 -0.505614000
D/UDP-TIMING(12199): 5121 0 -0.504905000
D/UDP-TIMING(12199): 5122 0 -0.504342000
D/UDP-TIMING(12199): 5123 0 -0.506260000
D/UDP-TIMING(12199): 5124 0 -0.498949000
D/UDP-TIMING(12199): 5125 0 -0.503840000
D/UDP-TIMING(12199): 5126 0 -0.507686000
D/UDP-TIMING(12199): 5127 0 -0.505930000
D/UDP-TIMING(12199): 5128 0 -0.498907000
D/UDP-TIMING(12199): 5129 0 -0.503827000
D/UDP-TIMING(12199): 5130 0 -0.504847000
D/UDP-TIMING(12199): 5131 0 -0.497563000
D/UDP-TIMING(12199): 5132 0 -0.498915000
D/UDP-TIMING(12199): 5133 0 -0.503745000
D/UDP-TIMING(12199): 5134 0 -0.497496000
D/UDP-TIMING(12199): 5135 0 -0.502307000
D/UDP-TIMING(12199): 5136 0 -0.505659000
D/UDP-TIMING(12199): 5137 0 -0.506260000
D/UDP-TIMING(12199): 5138 0 -0.500797000
D/UDP-TIMING(12199): 5139 0 -0.504065000
D/UDP-TIMING(12199): 5140 0 -0.506604000
D/UDP-TIMING(12199): 5141 0 -0.506761000
D/UDP-TIMING(12199): 5142 0 -0.507826000
D/UDP-TIMING(12199): 5143 0 -0.505229000
D/UDP-TIMING(12199): 5144 0 -0.506088000
D/UDP-TIMING(12199): 5145 0 -0.503214000
D/UDP-TIMING(12199): 5146 0 -0.507330000
D/UDP-TIMING(12199): 5147 0 -0.506505000
D/UDP-TIMING(12199): 5148 0 -0.506592000
D/UDP-TIMING(12199): 5149 0 -0.503669000
D/UDP-TIMING(12199): 5150 0 -0.504801000
D/UDP-TIMING(12199): 5151 0 -0.424345000
D/UDP-TIMING(12199): 5152 0 -0.427413000
D/UDP-TIMING(12199): 5153 0 -0.432565000
D/UDP-TIMING(12199): 5154 0 -0.437674000
D/UDP-TIMING(12199): 5155 0 -0.442792000
D/UDP-TIMING(12199): 5156 0 -0.448172000
D/UDP-TIMING(12199): 5157 0 -0.453387000
D/UDP-TIMING(12199): 5158 0 -0.458414000
D/UDP-TIMING(12199): 5159 0 -0.463543000
D/UDP-TIMING(12199): 5160 0 -0.468575000
D/UDP-TIMING(12199): 5161 0 -0.473666000
D/UDP-TIMING(12199): 5162 0 -0.478741000
D/UDP-TIMING(12199): 5163 0 -0.483788000
D/UDP-TIMING(12199): 5164 0 -0.488878000
D/UDP-TIMING(12199): 5165 0 -0.493973000
D/UDP-TIMING(12199): 5166 0 -0.496870000
D/UDP-TIMING(12199): 5167 0 -0.498733000
D/UDP-TIMING(12199): 5168 0 -0.503814000
D/UDP-TIMING(12199): 5169 0 -0.507103000
D/UDP-TIMING(12199): 5170 0 -0.505261000
D/UDP-TIMING(12199): 5171 0 -0.499442000
D/UDP-TIMING(12199): 5172 0 -0.502557000
D/UDP-TIMING(12199): 5173 0 -0.500726000
D/UDP-TIMING(12199): 5174 0 -0.503838000
D/UDP-TIMING(12199): 5175 0 -0.506917000
D/UDP-TIMING(12199): 5176 0 -0.505967000
D/UDP-TIMING(12199): 5177 0 -0.507098000
D/UDP-TIMING(12199): 5178 0 -0.505199000
D/UDP-TIMING(12199): 5179 0 -0.506279000
D/UDP-TIMING(12199): 5180 0 -0.506383000
D/UDP-TIMING(12199): 5181 0 -0.506977000
D/UDP-TIMING(12199): 5182 0 -0.507604000
D/UDP-TIMING(12199): 5183 0 -0.504714000
D/UDP-TIMING(12199): 5184 0 -0.504214000
D/UDP-TIMING(12199): 5185 0 -0.506957000
D/UDP-TIMING(12199): 5186 0 -0.506467000
D/UDP-TIMING(12199): 5187 0 -0.506587000
D/UDP-TIMING(12199): 5188 0 -0.507314000
D/UDP-TIMING(12199): 5189 0 -0.506211000
D/UDP-TIMING(12199): 5190 0 -0.506089000
D/UDP-TIMING(12199): 5191 0 -0.506697000
D/UDP-TIMING(12199): 5192 0 -0.505810000
D/UDP-TIMING(12199): 5193 0 -0.502451000
D/UDP-TIMING(12199): 5194 0 -0.507392000
D/UDP-TIMING(12199): 5195 0 -0.506178000
D/UDP-TIMING(12199): 5196 0 -0.507284000
D/UDP-TIMING(12199): 5197 0 -0.506238000
D/UDP-TIMING(12199): 5198 0 -0.504452000
D/UDP-TIMING(12199): 5199 0 -0.505926000
D/UDP-TIMING(12199): 5200 0 -0.506525000
D/UDP-TIMING(12199): 5201 0 -0.506301000
D/UDP-TIMING(12199): 5202 0 -0.505886000
D/UDP-TIMING(12199): 5203 0 -0.506738000
D/UDP-TIMING(12199): 5204 0 -0.506224000
D/UDP-TIMING(12199): 5205 0 -0.506372000
D/UDP-TIMING(12199): 5206 0 -0.507495000
D/UDP-TIMING(12199): 5207 0 -0.506452000
D/UDP-TIMING(12199): 5208 0 -0.505685000
D/UDP-TIMING(12199): 5209 0 -0.506233000
D/UDP-TIMING(12199): 5210 0 -0.506964000
D/UDP-TIMING(12199): 5211 0 -0.503521000
D/UDP-TIMING(12199): 5212 0 -0.501750000
D/UDP-TIMING(12199): 5213 0 -0.505488000
D/UDP-TIMING(12199): 5214 0 -0.506488000
D/UDP-TIMING(12199): 5215 0 -0.506613000
D/UDP-TIMING(12199): 5216 0 -0.506669000
D/UDP-TIMING(12199): 5217 0 -0.506805000
D/UDP-TIMING(12199): 5218 0 -0.505949000
D/UDP-TIMING(12199): 5219 0 -0.505609000
D/UDP-TIMING(12199): 5220 0 -0.506229000
D/UDP-TIMING(12199): 5221 0 -0.501718000
D/UDP-TIMING(12199): 5222 0 -0.504822000
D/UDP-TIMING(12199): 5223 0 -0.505526000
D/UDP-TIMING(12199): 5224 0 -0.506015000
D/UDP-TIMING(12199): 5225 0 -0.505726000
D/UDP-TIMING(12199): 5226 0 -0.505914000
D/UDP-TIMING(12199): 5227 0 -0.498411000
D/UDP-TIMING(12199): 5228 0 -0.503361000
D/UDP-TIMING(12199): 5229 0 -0.499277000
D/UDP-TIMING(12199): 5230 0 -0.504216000
D/UDP-TIMING(12199): 5231 0 -0.505905000
D/UDP-TIMING(12199): 5232 0 -0.496364000
D/UDP-TIMING(12199): 5233 0 -0.501277000
D/UDP-TIMING(12199): 5234 0 -0.504638000
D/UDP-TIMING(12199): 5235 0 -0.498385000
D/UDP-TIMING(12199): 5236 0 -0.503240000
D/UDP-TIMING(12199): 5237 0 -0.507078000
D/UDP-TIMING(12199): 5238 0 -0.506339000
D/UDP-TIMING(12199): 5239 0 -0.498478000
D/UDP-TIMING(12199): 5240 0 -0.498611000
D/UDP-TIMING(12199): 5241 0 -0.503593000
D/UDP-TIMING(12199): 5242 0 -0.499855000
D/UDP-TIMING(12199): 5243 0 -0.504907000
D/UDP-TIMING(12199): 5244 0 -0.507160000
D/UDP-TIMING(12199): 5245 0 -0.504333000
D/UDP-TIMING(12199): 5246 0 -0.507486000
D/UDP-TIMING(12199): 5247 0 -0.506630000
D/UDP-TIMING(12199): 5248 0 -0.506804000
D/UDP-TIMING(12199): 5249 0 -0.506921000
D/UDP-TIMING(12199): 5250 0 -0.507041000
D/UDP-TIMING(12199): 5251 0 -0.507215000
D/UDP-TIMING(12199): 5252 0 -0.505670000
D/UDP-TIMING(12199): 5253 0 -0.418231000
D/UDP-TIMING(12199): 5254 0 -0.423165000
D/UDP-TIMING(12199): 5255 0 -0.428123000
D/UDP-TIMING(12199): 5256 0 -0.433367000
D/UDP-TIMING(12199): 5257 0 -0.438457000
D/UDP-TIMING(12199): 5258 0 -0.443511000
D/UDP-TIMING(12199): 5259 0 -0.448531000
D/UDP-TIMING(12199): 5260 0 -0.453659000
D/UDP-TIMING(12199): 5261 0 -0.458756000
D/UDP-TIMING(12199): 5262 0 -0.463848000
D/UDP-TIMING(12199): 5263 0 -0.468975000
D/UDP-TIMING(12199): 5264 0 -0.474186000
D/UDP-TIMING(12199): 5265 0 -0.479280000
D/UDP-TIMING(12199): 5266 0 -0.484374000
D/UDP-TIMING(12199): 5267 0 -0.489434000
D/UDP-TIMING(12199): 5268 0 -0.494568000
D/UDP-TIMING(12199): 5269 0 -0.499706000
D/UDP-TIMING(12199): 5270 0 -0.504814000
D/UDP-TIMING(12199): 5271 0 -0.506607000
D/UDP-TIMING(12199): 5272 0 -0.506106000
D/UDP-TIMING(12199): 5273 0 -0.501341000
D/UDP-TIMING(12199): 5274 0 -0.504327000
D/UDP-TIMING(12199): 5275 0 -0.506225000
D/UDP-TIMING(12199): 5276 0 -0.507330000
D/UDP-TIMING(12199): 5277 0 -0.506783000
D/UDP-TIMING(12199): 5278 0 -0.506376000
D/UDP-TIMING(12199): 5279 0 -0.506684000
D/UDP-TIMING(12199): 5280 0 -0.506801000
D/UDP-TIMING(12199): 5281 0 -0.505945000
D/UDP-TIMING(12199): 5282 0 -0.506104000
D/UDP-TIMING(12199): 5283 0 -0.506230000
D/UDP-TIMING(12199): 5284 0 -0.506743000
D/UDP-TIMING(12199): 5285 0 -0.507475000
D/UDP-TIMING(12199): 5286 0 -0.505582000
D/UDP-TIMING(12199): 5287 0 -0.507227000
D/UDP-TIMING(12199): 5288 0 -0.505335000
D/UDP-TIMING(12199): 5289 0 -0.496360000
D/UDP-TIMING(12199): 5290 0 -0.501210000
D/UDP-TIMING(12199): 5291 0 -0.505969000
D/UDP-TIMING(12199): 5292 0 -0.498335000
D/UDP-TIMING(12199): 5293 0 -0.503217000
D/UDP-TIMING(12199): 5294 0 -0.505550000
D/UDP-TIMING(12199): 5295 0 -0.505633000
D/UDP-TIMING(12199): 5296 0 -0.503872000
D/UDP-TIMING(12199): 5297 0 -0.506878000
D/UDP-TIMING(12199): 5298 0 -0.506297000
D/UDP-TIMING(12199): 5299 0 -0.505904000
D/UDP-TIMING(12199): 5300 0 -0.505150000
D/UDP-TIMING(12199): 5301 0 -0.501895000
D/UDP-TIMING(12199): 5302 0 -0.506778000
D/UDP-TIMING(12199): 5303 0 -0.506639000
D/UDP-TIMING(12199): 5304 0 -0.505960000
D/UDP-TIMING(12199): 5305 0 -0.506880000
D/UDP-TIMING(12199): 5306 0 -0.506016000
D/UDP-TIMING(12199): 5307 0 -0.499564000
D/UDP-TIMING(12199): 5308 0 -0.501720000
D/UDP-TIMING(12199): 5309 0 -0.504433000
D/UDP-TIMING(12199): 5310 0 -0.505583000
D/UDP-TIMING(12199): 5311 0 -0.505642000
D/UDP-TIMING(12199): 5312 0 -0.501951000
D/UDP-TIMING(12199): 5313 0 -0.506796000
D/UDP-TIMING(12199): 5314 0 -0.507039000
D/UDP-TIMING(12199): 5315 0 -0.506127000
D/UDP-TIMING(12199): 5316 0 -0.505410000
D/UDP-TIMING(12199): 5317 0 -0.498084000
D/UDP-TIMING(12199): 5318 0 -0.497715000
D/UDP-TIMING(12199): 5319 0 -0.497935000
D/UDP-TIMING(12199): 5320 0 -0.497494000
D/UDP-TIMING(12199): 5321 0 -0.502394000
D/UDP-TIMING(12199): 5322 0 -0.503438000
D/UDP-TIMING(12199): 5323 0 -0.494471000
D/UDP-TIMING(12199): 5324 0 -0.495206000
D/UDP-TIMING(12199): 5325 0 -0.499965000
D/UDP-TIMING(12199): 5326 0 -0.498520000
D/UDP-TIMING(12199): 5327 0 -0.497876000
D/UDP-TIMING(12199): 5328 0 -0.496958000
D/UDP-TIMING(12199): 5329 0 -0.493877000
D/UDP-TIMING(12199): 5330 0 -0.498768000
D/UDP-TIMING(12199): 5331 0 -0.498150000
D/UDP-TIMING(12199): 5332 0 -0.486741000
D/UDP-TIMING(12199): 5333 0 -0.490492000
D/UDP-TIMING(12199): 5334 0 -0.495221000
D/UDP-TIMING(12199): 5335 0 -0.498672000
D/UDP-TIMING(12199): 5336 0 -0.502672000
D/UDP-TIMING(12199): 5337 0 -0.506842000
D/UDP-TIMING(12199): 5338 0 -0.502215000
D/UDP-TIMING(12199): 5339 0 -0.504905000
D/UDP-TIMING(12199): 5340 0 -0.506251000
D/UDP-TIMING(12199): 5341 0 -0.505343000
D/UDP-TIMING(12199): 5342 0 -0.506435000
D/UDP-TIMING(12199): 5343 0 -0.506584000
D/UDP-TIMING(12199): 5344 0 -0.506732000
D/UDP-TIMING(12199): 5345 0 -0.506335000
D/UDP-TIMING(12199): 5346 0 -0.507010000
D/UDP-TIMING(12199): 5347 0 -0.507131000
D/UDP-TIMING(12199): 5348 0 -0.506088000
D/UDP-TIMING(12199): 5349 0 -0.506424000
D/UDP-TIMING(12199): 5350 0 -0.506066000
D/UDP-TIMING(12199): 5351 0 -0.497184000
D/UDP-TIMING(12199): 5352 0 -0.502126000
D/UDP-TIMING(12199): 5353 0 -0.410902000
D/UDP-TIMING(12199): 5354 0 -0.416002000
D/UDP-TIMING(12199): 5355 0 -0.421050000
D/UDP-TIMING(12199): 5356 0 -0.426095000
D/UDP-TIMING(12199): 5357 0 -0.431157000
D/UDP-TIMING(12199): 5358 0 -0.436216000
D/UDP-TIMING(12199): 5359 0 -0.441235000
D/UDP-TIMING(12199): 5360 0 -0.446330000
D/UDP-TIMING(12199): 5361 0 -0.451443000
D/UDP-TIMING(12199): 5362 0 -0.456517000
D/UDP-TIMING(12199): 5363 0 -0.461660000
D/UDP-TIMING(12199): 5364 0 -0.466766000
D/UDP-TIMING(12199): 5365 0 -0.471911000
D/UDP-TIMING(12199): 5366 0 -0.477028000
D/UDP-TIMING(12199): 5367 0 -0.482102000
D/UDP-TIMING(12199): 5368 0 -0.487252000
D/UDP-TIMING(12199): 5369 0 -0.492368000
D/UDP-TIMING(12199): 5370 0 -0.497428000
D/UDP-TIMING(12199): 5371 0 -0.502522000
D/UDP-TIMING(12199): 5372 0 -0.506695000
D/UDP-TIMING(12199): 5373 0 -0.503055000
D/UDP-TIMING(12199): 5374 0 -0.507225000
D/UDP-TIMING(12199): 5375 0 -0.506810000
D/UDP-TIMING(12199): 5376 0 -0.507416000
D/UDP-TIMING(12199): 5377 0 -0.506315000
D/UDP-TIMING(12199): 5378 0 -0.505976000
D/UDP-TIMING(12199): 5379 0 -0.505716000
D/UDP-TIMING(12199): 5380 0 -0.506198000
D/UDP-TIMING(12199): 5381 0 -0.507905000
D/UDP-TIMING(12199): 5382 0 -0.507026000
D/UDP-TIMING(12199): 5383 0 -0.505075000
D/UDP-TIMING(12199): 5384 0 -0.505590000
D/UDP-TIMING(12199): 5385 0 -0.507355000
D/UDP-TIMING(12199): 5386 0 -0.506317000
D/UDP-TIMING(12199): 5387 0 -0.504650000
D/UDP-TIMING(12199): 5388 0 -0.506728000
D/UDP-TIMING(12199): 5389 0 -0.505719000
D/UDP-TIMING(12199): 5390 0 -0.504606000
D/UDP-TIMING(12199): 5391 0 -0.504102000
D/UDP-TIMING(12199): 5392 0 -0.500403000
D/UDP-TIMING(12199): 5393 0 -0.505470000
D/UDP-TIMING(12199): 5394 0 -0.506590000
D/UDP-TIMING(12199): 5395 0 -0.506677000
D/UDP-TIMING(12199): 5396 0 -0.506773000
D/UDP-TIMING(12199): 5397 0 -0.506991000
D/UDP-TIMING(12199): 5398 0 -0.507101000
D/UDP-TIMING(12199): 5399 0 -0.507214000
D/UDP-TIMING(12199): 5400 0 -0.506374000
D/UDP-TIMING(12199): 5401 0 -0.505225000
D/UDP-TIMING(12199): 5402 0 -0.504984000
D/UDP-TIMING(12199): 5403 0 -0.506718000
D/UDP-TIMING(12199): 5404 0 -0.503889000
D/UDP-TIMING(12199): 5405 0 -0.506431000
D/UDP-TIMING(12199): 5406 0 -0.506213000
D/UDP-TIMING(12199): 5407 0 -0.505290000
D/UDP-TIMING(12199): 5408 0 -0.497720000
D/UDP-TIMING(12199): 5409 0 -0.502752000
D/UDP-TIMING(12199): 5410 0 -0.506092000
D/UDP-TIMING(12199): 5411 0 -0.505919000
D/UDP-TIMING(12199): 5412 0 -0.504186000
D/UDP-TIMING(12199): 5413 0 -0.506621000
D/UDP-TIMING(12199): 5414 0 -0.505386000
D/UDP-TIMING(12199): 5415 0 -0.505857000
D/UDP-TIMING(12199): 5416 0 -0.507611000
