I/ActivityManager(  181): START {act=android.intent.action.MAIN cat=[android.intent.category.LAUNCHER] flg=0x10200000 cmp=com.google.android.browser/com.android.browser.BrowserActivity bnds=[552,1040][680,1168]} from pid 472
D/dalvikvm(  181): GC_FOR_ALLOC freed 541K, 10% free 18631K/20615K, paused 66ms
I/WindowManager(  181): createSurface Window{41c0fbd0 Starting com.google.android.browser paused=false}: DRAW NOW PENDING
I/ActivityManager(  181): Start proc com.google.android.browser for activity com.google.android.browser/com.android.browser.BrowserActivity: pid=1663 uid=10005 gids={3003, 1015}
D/OpenGLRenderer(  472): Flushing caches (mode 1)
I/ActivityThread( 1663): Pub com.android.browser.home: com.android.browser.homepages.HomeProvider
I/ActivityThread( 1663): Pub com.android.browser.snapshots: com.android.browser.provider.SnapshotProvider
I/ActivityThread( 1663): Pub com.android.browser;browser: com.android.browser.provider.BrowserProvider2
D/OpenGLRenderer(  472): Flushing caches (mode 0)
D/dalvikvm( 1663): GC_CONCURRENT freed 248K, 3% free 14231K/14599K, paused 7ms+4ms
E/libEGL  ( 1663): call to OpenGL ES API with no current context (logged once per thread)
D/ShaderProgram( 1663): couldn't load the vertex shader!
E/libEGL  ( 1663): call to OpenGL ES API with no current context (logged once per thread)
D/ShaderProgram( 1663): couldn't load the vertex shader!
E/libEGL  ( 1663): call to OpenGL ES API with no current context (logged once per thread)
D/ShaderProgram( 1663): couldn't load the vertex shader!
E/libEGL  ( 1663): call to OpenGL ES API with no current context (logged once per thread)
D/ShaderProgram( 1663): couldn't load the vertex shader!
E/libEGL  ( 1663): call to OpenGL ES API with no current context (logged once per thread)
D/ShaderProgram( 1663): couldn't load the vertex shader!
D/TransferQueue( 1663): Now we set the upload to GpuUpload
D/dalvikvm( 1663): GC_FOR_ALLOC freed 62K, 2% free 14507K/14663K, paused 40ms
D/WebViewTimersControl( 1663): onBrowserActivityResume
D/WebViewTimersControl( 1663): Resuming webview timers, view=com.android.browser.BrowserWebView@418711a0
W/BaseUi  ( 1663): mMainView is already attached to wrapper in attachTabToContentView!
W/BaseUi  ( 1663): mContainer is already attached to content in attachTabToContentView!
D/dalvikvm( 1663): GC_CONCURRENT freed 86K, 2% free 14835K/15047K, paused 5ms+7ms
I/WindowManager(  181): createSurface Window{41c95be0 com.google.android.browser/com.android.browser.BrowserActivity paused=false}: DRAW NOW PENDING
D/libEGL  ( 1663): loaded /system/lib/egl/libGLES_android.so
D/libEGL  ( 1663): loaded /vendor/lib/egl/libEGL_POWERVR_SGX540_120.so
D/libEGL  ( 1663): loaded /vendor/lib/egl/libGLESv1_CM_POWERVR_SGX540_120.so
D/libEGL  ( 1663): loaded /vendor/lib/egl/libGLESv2_POWERVR_SGX540_120.so
D/OpenGLRenderer( 1663): Enabling debug mode 0
I/ActivityManager(  181): Displayed com.google.android.browser/com.android.browser.BrowserActivity: +1s561ms
D/dalvikvm( 1663): GC_CONCURRENT freed 65K, 2% free 15176K/15367K, paused 2ms+3ms
D/dalvikvm( 1663): GC_FOR_ALLOC freed 0K, 2% free 15176K/15367K, paused 13ms
I/dalvikvm-heap( 1663): Grow heap (frag case) to 16.305MB for 1483216-byte allocation
D/dalvikvm( 1663): GC_FOR_ALLOC freed 10K, 2% free 16614K/16839K, paused 21ms
I/ActivityManager(  181): START {act=android.intent.action.MAIN cat=[android.intent.category.HOME] flg=0x10200000 cmp=com.android.launcher/com.android.launcher2.Launcher} from pid 181
D/dalvikvm(  181): GC_FOR_ALLOC freed 88K, 9% free 18844K/20615K, paused 50ms
I/dalvikvm-heap(  181): Grow heap (frag case) to 18.698MB for 230416-byte allocation
D/dalvikvm(  181): GC_FOR_ALLOC freed 8K, 9% free 19061K/20871K, paused 46ms
I/WindowManager(  181): createSurface Window{41d56018 com.android.launcher/com.android.launcher2.Launcher paused=false}: DRAW NOW PENDING
D/OpenGLRenderer( 1663): Flushing caches (mode 1)
W/InputManagerService(  181): Starting input on non-focused client com.android.internal.view.IInputMethodClient$Stub$Proxy@41c6b9f8 (uid=10005 pid=1663)
D/OpenGLRenderer( 1663): Flushing caches (mode 0)
I/ActivityManager(  181): No longer want com.google.android.apps.uploader (pid 1360): hidden #16
W/TextLayoutCache(  472): computeValuesWithHarfbuzz -- need to force to single run
I/ActivityManager(  181): START {act=android.intent.action.MAIN cat=[android.intent.category.LAUNCHER] flg=0x10200000 cmp=com.example.hellojni/.HelloJni} from pid 472
D/dalvikvm(  181): GC_FOR_ALLOC freed 271K, 10% free 18872K/20871K, paused 39ms
I/WindowManager(  181): createSurface Window{41c21aa0 Starting com.example.hellojni paused=false}: DRAW NOW PENDING
D/dalvikvm( 1711): Late-enabling CheckJNI
I/ActivityManager(  181): Start proc com.example.hellojni for activity com.example.hellojni/.HelloJni: pid=1711 uid=10066 gids={1015, 3003}
I/dalvikvm( 1711): Turning on JNI app bug workarounds for target SDK version 3...
V/PhoneStatusBar(  261): setLightsOn(true)
D/dalvikvm( 1711): Trying to load lib /data/data/com.example.hellojni/lib/libclient.so 0x41824858
D/dalvikvm( 1711): Added shared lib /data/data/com.example.hellojni/lib/libclient.so 0x41824858
D/dalvikvm( 1711): No JNI_OnLoad found in /data/data/com.example.hellojni/lib/libclient.so 0x41824858, skipping init
D/dalvikvm(  115): GC_EXPLICIT freed 38K, 3% free 14022K/14339K, paused 1ms+5ms
D/OpenGLRenderer(  472): Flushing caches (mode 1)
D/dalvikvm(  115): GC_EXPLICIT freed <1K, 3% free 14022K/14339K, paused 1ms+3ms
I/WindowManager(  181): createSurface Window{41d07dc0 com.example.hellojni/com.example.hellojni.HelloJni paused=false}: DRAW NOW PENDING
D/dalvikvm(  115): GC_EXPLICIT freed <1K, 3% free 14022K/14339K, paused 1ms+2ms
D/OpenGLRenderer(  472): Flushing caches (mode 0)
W/TextLayoutCache( 1711): computeValuesWithHarfbuzz -- need to force to single run
V/PhoneStatusBar(  261): setLightsOn(true)
W/InputManagerService(  181): Starting input on non-focused client com.android.internal.view.IInputMethodClient$Stub$Proxy@41c82dd0 (uid=10031 pid=472)
D/WebViewTimersControl( 1663): onBrowserActivityPause
D/WebViewTimersControl( 1663): Pausing webview timers, view=com.android.browser.BrowserWebView@418711a0
I/ActivityManager(  181): Displayed com.example.hellojni/.HelloJni: +671ms
D/dalvikvm( 1663): GC_CONCURRENT freed 456K, 4% free 17043K/17607K, paused 10ms+3ms
D/UDP-TIMING( 1711): 0 0 -0.338994000
D/UDP-TIMING( 1711): 1 0 -0.348161000
D/UDP-TIMING( 1711): 2 0 -0.348318000
D/UDP-TIMING( 1711): 3 0 -0.346484000
D/UDP-TIMING( 1711): 4 0 -0.346856000
D/UDP-TIMING( 1711): 5 0 -0.347075000
D/UDP-TIMING( 1711): 6 0 -0.345168000
D/UDP-TIMING( 1711): 7 0 -0.346329000
D/UDP-TIMING( 1711): 8 0 -0.346432000
D/UDP-TIMING( 1711): 9 0 -0.344662000
D/UDP-TIMING( 1711): 10 0 -0.345479000
D/UDP-TIMING( 1711): 11 0 -0.344936000
D/UDP-TIMING( 1711): 12 0 -0.344568000
D/UDP-TIMING( 1711): 13 0 -0.342856000
D/UDP-TIMING( 1711): 14 0 -0.348468000
D/UDP-TIMING( 1711): 15 0 -0.347653000
D/UDP-TIMING( 1711): 16 0 -0.347688000
D/UDP-TIMING( 1711): 17 0 -0.347329000
D/UDP-TIMING( 1711): 18 0 -0.346901000
D/UDP-TIMING( 1711): 19 0 -0.347914000
D/UDP-TIMING( 1711): 20 0 -0.348253000
D/UDP-TIMING( 1711): 21 0 -0.347433000
D/UDP-TIMING( 1711): 22 0 -0.347800000
D/UDP-TIMING( 1711): 23 0 -0.346980000
D/UDP-TIMING( 1711): 24 0 -0.348138000
D/UDP-TIMING( 1711): 25 0 -0.347956000
D/UDP-TIMING( 1711): 26 0 -0.347413000
D/UDP-TIMING( 1711): 27 0 -0.347369000
D/UDP-TIMING( 1711): 28 0 -0.347812000
D/UDP-TIMING( 1711): 29 0 -0.347982000
D/UDP-TIMING( 1711): 30 0 -0.346942000
D/UDP-TIMING( 1711): 31 0 -0.346274000
D/UDP-TIMING( 1711): 32 0 -0.347433000
D/UDP-TIMING( 1711): 33 0 -0.348592000
D/UDP-TIMING( 1711): 34 0 -0.339764000
D/UDP-TIMING( 1711): 35 0 -0.347731000
D/UDP-TIMING( 1711): 36 0 -0.344836000
D/dalvikvm(  421): GC_CONCURRENT freed 443K, 4% free 14552K/15111K, paused 5ms+3ms
D/UDP-TIMING( 1711): 37 0 -0.347986000
D/UDP-TIMING( 1711): 38 0 -0.348139000
D/UDP-TIMING( 1711): 39 0 -0.347564000
D/UDP-TIMING( 1711): 40 0 -0.347728000
D/UDP-TIMING( 1711): 41 0 -0.347946000
D/UDP-TIMING( 1711): 42 0 -0.348006000
D/UDP-TIMING( 1711): 43 0 -0.332200000
D/UDP-TIMING( 1711): 44 0 -0.339373000
D/UDP-TIMING( 1711): 45 0 -0.340539000
D/UDP-TIMING( 1711): 46 0 -0.339718000
D/UDP-TIMING( 1711): 47 0 -0.338827000
D/UDP-TIMING( 1711): 48 0 -0.348050000
D/UDP-TIMING( 1711): 49 0 -0.323216000
D/UDP-TIMING( 1711): 50 0 0.260520000
D/UDP-TIMING( 1711): 51 0 0.160702000
D/UDP-TIMING( 1711): 52 0 0.060945000
D/UDP-TIMING( 1711): 53 0 -0.038877000
D/UDP-TIMING( 1711): 54 0 -0.137815000
D/UDP-TIMING( 1711): 55 0 -0.237575000
D/UDP-TIMING( 1711): 56 0 -0.323602000
D/UDP-TIMING( 1711): 57 0 -0.347496000
D/UDP-TIMING( 1711): 58 0 -0.331660000
D/UDP-TIMING( 1711): 59 0 -0.339734000
D/UDP-TIMING( 1711): 60 0 -0.330938000
D/UDP-TIMING( 1711): 61 0 -0.340124000
D/UDP-TIMING( 1711): 62 0 -0.338301000
D/UDP-TIMING( 1711): 63 0 -0.337455000
D/UDP-TIMING( 1711): 64 0 -0.338400000
D/UDP-TIMING( 1711): 65 0 -0.346702000
D/UDP-TIMING( 1711): 66 0 -0.346778000
D/UDP-TIMING( 1711): 67 0 -0.347978000
D/UDP-TIMING( 1711): 68 0 -0.347011000
D/UDP-TIMING( 1711): 69 0 -0.339113000
D/UDP-TIMING( 1711): 70 0 -0.339572000
D/UDP-TIMING( 1711): 71 0 -0.346591000
D/UDP-TIMING( 1711): 72 0 -0.346776000
D/UDP-TIMING( 1711): 73 0 -0.346926000
D/UDP-TIMING( 1711): 74 0 -0.347109000
D/UDP-TIMING( 1711): 75 0 -0.348205000
D/UDP-TIMING( 1711): 76 0 -0.347353000
D/UDP-TIMING( 1711): 77 0 -0.346556000
D/UDP-TIMING( 1711): 78 0 -0.339723000
D/UDP-TIMING( 1711): 79 0 -0.339886000
D/UDP-TIMING( 1711): 80 0 -0.347063000
D/UDP-TIMING( 1711): 81 0 -0.339023000
D/UDP-TIMING( 1711): 82 0 -0.347301000
D/UDP-TIMING( 1711): 83 0 -0.339975000
D/UDP-TIMING( 1711): 84 0 -0.347633000
D/UDP-TIMING( 1711): 85 0 -0.336801000
D/UDP-TIMING( 1711): 86 0 -0.332710000
D/UDP-TIMING( 1711): 87 0 -0.347080000
D/UDP-TIMING( 1711): 88 0 -0.337248000
D/UDP-TIMING( 1711): 89 0 -0.337433000
D/UDP-TIMING( 1711): 90 0 -0.346567000
D/UDP-TIMING( 1711): 91 0 -0.337717000
D/UDP-TIMING( 1711): 92 0 -0.337909000
D/UDP-TIMING( 1711): 93 0 -0.347014000
D/UDP-TIMING( 1711): 94 0 -0.347239000
D/UDP-TIMING( 1711): 95 0 -0.347390000
D/UDP-TIMING( 1711): 96 0 -0.347621000
D/UDP-TIMING( 1711): 97 0 -0.347473000
D/UDP-TIMING( 1711): 98 0 -0.347908000
D/UDP-TIMING( 1711): 99 0 -0.347965000
D/UDP-TIMING( 1711): 100 0 -0.347268000
D/UDP-TIMING( 1711): 101 0 -0.347422000
D/UDP-TIMING( 1711): 102 0 -0.347534000
D/UDP-TIMING( 1711): 103 0 -0.346834000
D/UDP-TIMING( 1711): 104 0 -0.347967000
D/UDP-TIMING( 1711): 105 0 -0.348112000
D/UDP-TIMING( 1711): 106 0 -0.346951000
D/UDP-TIMING( 1711): 107 0 -0.347418000
D/UDP-TIMING( 1711): 108 0 -0.347725000
D/UDP-TIMING( 1711): 109 0 -0.347759000
D/UDP-TIMING( 1711): 110 0 -0.347943000
D/UDP-TIMING( 1711): 111 0 -0.347087000
D/UDP-TIMING( 1711): 112 0 -0.345221000
D/UDP-TIMING( 1711): 113 0 -0.347385000
D/UDP-TIMING( 1711): 114 0 -0.348299000
D/UDP-TIMING( 1711): 115 0 -0.345777000
D/UDP-TIMING( 1711): 116 0 -0.347888000
D/UDP-TIMING( 1711): 117 0 -0.347074000
D/UDP-TIMING( 1711): 118 0 -0.348200000
D/UDP-TIMING( 1711): 119 0 -0.347130000
D/UDP-TIMING( 1711): 120 0 -0.347613000
D/UDP-TIMING( 1711): 121 0 -0.346638000
D/UDP-TIMING( 1711): 122 0 -0.348589000
D/UDP-TIMING( 1711): 123 0 -0.347983000
D/UDP-TIMING( 1711): 124 0 -0.347178000
D/UDP-TIMING( 1711): 125 0 -0.346342000
D/UDP-TIMING( 1711): 126 0 -0.348280000
D/UDP-TIMING( 1711): 127 0 -0.347669000
D/UDP-TIMING( 1711): 128 0 -0.347818000
D/UDP-TIMING( 1711): 129 0 -0.346997000
D/UDP-TIMING( 1711): 130 0 -0.347232000
D/UDP-TIMING( 1711): 131 0 -0.347853000
D/UDP-TIMING( 1711): 132 0 -0.347459000
D/UDP-TIMING( 1711): 133 0 -0.347634000
D/UDP-TIMING( 1711): 134 0 -0.347791000
D/UDP-TIMING( 1711): 135 0 -0.346969000
D/UDP-TIMING( 1711): 136 0 -0.347212000
D/UDP-TIMING( 1711): 137 0 -0.347240000
D/UDP-TIMING( 1711): 138 0 -0.347432000
D/UDP-TIMING( 1711): 139 0 -0.346710000
D/UDP-TIMING( 1711): 140 0 -0.346771000
D/UDP-TIMING( 1711): 141 0 -0.346925000
D/UDP-TIMING( 1711): 142 0 -0.348010000
D/UDP-TIMING( 1711): 143 0 -0.347952000
D/UDP-TIMING( 1711): 144 0 -0.347346000
D/UDP-TIMING( 1711): 145 0 -0.347533000
D/UDP-TIMING( 1711): 146 0 -0.347706000
D/UDP-TIMING( 1711): 147 0 -0.346873000
D/UDP-TIMING( 1711): 148 0 -0.345076000
D/UDP-TIMING( 1711): 149 0 -0.348265000
D/UDP-TIMING( 1711): 150 0 -0.348304000
D/UDP-TIMING( 1711): 151 0 -0.347726000
D/UDP-TIMING( 1711): 152 0 -0.346749000
D/UDP-TIMING( 1711): 153 0 -0.348366000
D/UDP-TIMING( 1711): 154 0 -0.347054000
D/UDP-TIMING( 1711): 155 0 -0.331368000
D/UDP-TIMING( 1711): 156 0 -0.347392000
D/UDP-TIMING( 1711): 157 0 -0.347151000
D/UDP-TIMING( 1711): 158 0 -0.344828000
D/UDP-TIMING( 1711): 159 0 -0.348004000
D/ConnectivityService(  181): stopUsingNetworkFeature: teardown net 0: enableFOTA
D/UDP-TIMING( 1711): 160 0 -0.346963000
W/Netd    (  111): No subsystem found in netlink event
D/Tethering(  181): interfaceLinkStateChanged rmnet2, false
D/Tethering(  181): interfaceStatusChanged rmnet2, false
D/NetlinkEvent(  111): Unexpected netlink message. type=0x11
D/Tethering(  181): interfaceLinkStateChanged rmnet2, false
D/Tethering(  181): interfaceStatusChanged rmnet2, false
D/Tethering(  181): interfaceLinkStateChanged rmnet2, false
D/Tethering(  181): interfaceStatusChanged rmnet2, false
D/Tethering(  181): interfaceLinkStateChanged lte_rmnet2, false
D/Tethering(  181): interfaceStatusChanged lte_rmnet2, false
D/ConnectivityService(  181): ConnectivityChange for mobile_fota: DISCONNECTED/DISCONNECTED
V/com.fusionone.android.sync.service.SyncService(  642): onStart() invoked
V/com.fusionone.android.sync.service.SyncService(  642): handleNotification invoked: Intent { act=com.fusionone.android.sync.rpc.ISyncManager (has extras) }
E/SecondaryTablController(  111): ip route del failed
W/FrameworkListener(  111): Handler 'interface' error (No such device)
E/SecondaryTablController(  111): ip route del failed
W/FrameworkListener(  111): Handler 'interface' error (No such device)
D/NetUtils(  181): android_net_utils_resetConnections in env=0x1e9fe0 clazz=0x39a00001 iface=rmnet2 mask=0x3
D/ConnectivityService(  181): resetConnections(rmnet2, 3)
D/UDP-TIMING( 1711): 161 0 -0.153025000
D/UDP-TIMING( 1711): 162 0 -0.253030000
D/UDP-TIMING( 1711): 163 0 -0.345350000
D/NetworkPolicy(  181): applying policy NetworkPolicy[NetworkTemplate: matchRule=MOBILE_ALL, subscriberId=valid]: cycleDay=1, warningBytes=2147483648, limitBytes=-1, lastSnooze=-1 to ifaces [rmnet1]
D/NetworkPolicy(  181): applying policy NetworkPolicy[NetworkTemplate: matchRule=MOBILE_ALL, subscriberId=valid]: cycleDay=1, warningBytes=2147483648, limitBytes=-1, lastSnooze=-1 to ifaces [rmnet1]
D/UDP-TIMING( 1711): 164 0 -0.261453000
D/UDP-TIMING( 1711): 165 0 -0.268947000
D/UDP-TIMING( 1711): 166 0 -0.332030000
D/UDP-TIMING( 1711): 167 0 -0.277196000
D/UDP-TIMING( 1711): 168 0 -0.322198000
D/UDP-TIMING( 1711): 169 0 -0.347472000
D/UDP-TIMING( 1711): 170 0 -0.330704000
D/UDP-TIMING( 1711): 171 0 -0.347843000
D/UDP-TIMING( 1711): 172 0 -0.347765000
D/UDP-TIMING( 1711): 173 0 -0.347200000
D/UDP-TIMING( 1711): 174 0 -0.347370000
D/UDP-TIMING( 1711): 175 0 -0.348284000
D/UDP-TIMING( 1711): 176 0 -0.347527000
D/UDP-TIMING( 1711): 177 0 -0.347833000
D/UDP-TIMING( 1711): 178 0 -0.346952000
D/UDP-TIMING( 1711): 179 0 -0.347116000
D/UDP-TIMING( 1711): 180 0 -0.347300000
D/UDP-TIMING( 1711): 181 0 -0.346204000
D/UDP-TIMING( 1711): 182 0 -0.346693000
D/UDP-TIMING( 1711): 183 0 -0.347720000
D/UDP-TIMING( 1711): 184 0 -0.347918000
D/UDP-TIMING( 1711): 185 0 -0.347308000
D/UDP-TIMING( 1711): 186 0 -0.346944000
D/UDP-TIMING( 1711): 187 0 -0.347481000
D/UDP-TIMING( 1711): 188 0 -0.347576000
D/UDP-TIMING( 1711): 189 0 -0.338735000
D/UDP-TIMING( 1711): 190 0 -0.345913000
D/UDP-TIMING( 1711): 191 0 -0.347781000
D/Tethering(  181): Tethering got CONNECTIVITY_ACTION
D/Tethering(  181): MasterInitialState.processMessage what=3
D/Tethering(  181): Tethering got CONNECTIVITY_ACTION
D/Tethering(  181): MasterInitialState.processMessage what=3
D/UDP-TIMING( 1711): 192 0 -0.348894000
D/StatsUploadService(  340): Upload disabled
I/dalvikvm( 1729): Turning on JNI app bug workarounds for target SDK version 11...
E/TelephonyManager(  340): Hidden constructor called more than once per process!
E/TelephonyManager(  340): Original: com.google.android.location, new: com.google.android.gsf
I/ActivityManager(  181): Start proc com.google.android.apps.uploader for broadcast com.google.android.apps.uploader/.ConnectivityBroadcastReceiver: pid=1729 uid=10036 gids={3003}
D/dalvikvm(  181): GC_CONCURRENT freed 884K, 9% free 19123K/20871K, paused 3ms+4ms
I/ActivityThread( 1729): Pub com.google.android.apps.uploader: com.google.android.apps.uploader.UploadsContentProvider
I/ActivityThread( 1729): Pub com.google.photos.provider.Album: com.google.android.apps.uploader.clients.picasa.AlbumProvider
D/UDP-TIMING( 1711): 193 0 -0.348140000
D/MediaUploader( 1729): UploaderApplication.onCreate
D/MediaUploader( 1729): nonWifiLimit=20971520, default=20971520
I/MediaUploader( 1729): No need to wake up
I/ActivityManager(  181): No longer want com.google.android.gsf.login (pid 1491): hidden #16
E/TelephonyManager(  340): Hidden constructor called more than once per process!
E/TelephonyManager(  340): Original: com.google.android.location, new: com.google.android.gsf
D/StatsUploadService(  340): Upload disabled
I/MediaUploader( 1729): No need to wake up
D/UDP-TIMING( 1711): 194 0 -0.348225000
D/UDP-TIMING( 1711): 195 0 -0.346765000
D/UDP-TIMING( 1711): 196 0 -0.346864000
D/ConnectivityService(  181): handleInetConditionHoldEnd: net=0, condition=100, published condition=100
D/UDP-TIMING( 1711): 197 0 -0.347971000
D/UDP-TIMING( 1711): 198 0 -0.347669000
D/UDP-TIMING( 1711): 199 0 -0.346330000
D/UDP-TIMING( 1711): 200 0 -0.347491000
D/UDP-TIMING( 1711): 201 0 -0.347693000
D/UDP-TIMING( 1711): 202 0 -0.347852000
D/UDP-TIMING( 1711): 203 0 -0.347329000
D/UDP-TIMING( 1711): 204 0 -0.338874000
D/UDP-TIMING( 1711): 205 0 -0.347303000
D/UDP-TIMING( 1711): 206 0 -0.347424000
D/UDP-TIMING( 1711): 207 0 -0.347604000
D/UDP-TIMING( 1711): 208 0 -0.347806000
D/UDP-TIMING( 1711): 209 0 -0.339820000
D/UDP-TIMING( 1711): 210 0 -0.348039000
D/UDP-TIMING( 1711): 211 0 -0.346187000
D/UDP-TIMING( 1711): 212 0 -0.347344000
D/UDP-TIMING( 1711): 213 0 -0.347496000
D/UDP-TIMING( 1711): 214 0 -0.346676000
D/UDP-TIMING( 1711): 215 0 -0.346829000
D/UDP-TIMING( 1711): 216 0 -0.346963000
D/UDP-TIMING( 1711): 217 0 -0.348124000
D/UDP-TIMING( 1711): 218 0 -0.347251000
D/UDP-TIMING( 1711): 219 0 -0.347411000
D/UDP-TIMING( 1711): 220 0 -0.347933000
D/UDP-TIMING( 1711): 221 0 -0.346714000
D/UDP-TIMING( 1711): 222 0 -0.347881000
D/UDP-TIMING( 1711): 223 0 -0.347986000
D/UDP-TIMING( 1711): 224 0 -0.346108000
D/UDP-TIMING( 1711): 225 0 -0.347517000
D/UDP-TIMING( 1711): 226 0 -0.347399000
D/UDP-TIMING( 1711): 227 0 -0.347585000
D/UDP-TIMING( 1711): 228 0 -0.346763000
D/UDP-TIMING( 1711): 229 0 -0.284913000
D/UDP-TIMING( 1711): 230 0 -0.347089000
D/UDP-TIMING( 1711): 231 0 -0.346862000
D/UDP-TIMING( 1711): 232 0 -0.347322000
D/UDP-TIMING( 1711): 233 0 -0.347539000
D/UDP-TIMING( 1711): 234 0 -0.347694000
D/UDP-TIMING( 1711): 235 0 -0.347864000
D/UDP-TIMING( 1711): 236 0 -0.347719000
D/UDP-TIMING( 1711): 237 0 -0.347479000
D/UDP-TIMING( 1711): 238 0 -0.347392000
D/UDP-TIMING( 1711): 239 0 -0.347517000
D/UDP-TIMING( 1711): 240 0 -0.344562000
D/UDP-TIMING( 1711): 241 0 -0.347816000
D/UDP-TIMING( 1711): 242 0 -0.346031000
D/UDP-TIMING( 1711): 243 0 -0.347134000
D/UDP-TIMING( 1711): 244 0 -0.337573000
D/UDP-TIMING( 1711): 245 0 -0.347464000
D/UDP-TIMING( 1711): 246 0 -0.346280000
D/UDP-TIMING( 1711): 247 0 -0.343794000
D/UDP-TIMING( 1711): 248 0 -0.347933000
D/UDP-TIMING( 1711): 249 0 -0.347124000
D/UDP-TIMING( 1711): 250 0 -0.347272000
D/UDP-TIMING( 1711): 251 0 -0.347428000
D/UDP-TIMING( 1711): 252 0 -0.346453000
D/UDP-TIMING( 1711): 253 0 -0.348476000
D/UDP-TIMING( 1711): 254 0 -0.347078000
D/UDP-TIMING( 1711): 255 0 -0.348087000
D/UDP-TIMING( 1711): 256 0 -0.347109000
D/UDP-TIMING( 1711): 257 0 -0.347330000
D/UDP-TIMING( 1711): 258 0 -0.347382000
D/UDP-TIMING( 1711): 259 0 -0.347483000
D/UDP-TIMING( 1711): 260 0 -0.346776000
D/UDP-TIMING( 1711): 261 0 -0.347330000
D/UDP-TIMING( 1711): 262 0 -0.347157000
D/UDP-TIMING( 1711): 263 0 -0.347313000
D/UDP-TIMING( 1711): 264 0 -0.347510000
D/UDP-TIMING( 1711): 265 0 -0.347221000
D/UDP-TIMING( 1711): 266 0 -0.347831000
D/UDP-TIMING( 1711): 267 0 -0.346991000
D/UDP-TIMING( 1711): 268 0 -0.347113000
D/UDP-TIMING( 1711): 269 0 -0.347312000
D/UDP-TIMING( 1711): 270 0 -0.348022000
D/UDP-TIMING( 1711): 271 0 -0.347624000
D/UDP-TIMING( 1711): 272 0 -0.347780000
D/UDP-TIMING( 1711): 273 0 -0.346882000
D/UDP-TIMING( 1711): 274 0 -0.347062000
D/UDP-TIMING( 1711): 275 0 -0.346914000
D/UDP-TIMING( 1711): 276 0 -0.348317000
D/UDP-TIMING( 1711): 277 0 -0.346461000
D/UDP-TIMING( 1711): 278 0 -0.347669000
D/UDP-TIMING( 1711): 279 0 -0.347800000
D/UDP-TIMING( 1711): 280 0 -0.346705000
D/UDP-TIMING( 1711): 281 0 -0.346969000
D/UDP-TIMING( 1711): 282 0 -0.347219000
D/UDP-TIMING( 1711): 283 0 -0.347387000
D/UDP-TIMING( 1711): 284 0 -0.347542000
D/UDP-TIMING( 1711): 285 0 -0.346690000
D/UDP-TIMING( 1711): 286 0 -0.347770000
D/UDP-TIMING( 1711): 287 0 -0.347857000
D/UDP-TIMING( 1711): 288 0 -0.347144000
D/UDP-TIMING( 1711): 289 0 -0.347311000
D/UDP-TIMING( 1711): 290 0 -0.347491000
D/UDP-TIMING( 1711): 291 0 -0.347678000
D/UDP-TIMING( 1711): 292 0 -0.347154000
D/UDP-TIMING( 1711): 293 0 -0.347932000
D/UDP-TIMING( 1711): 294 0 -0.348018000
D/UDP-TIMING( 1711): 295 0 -0.348126000
D/UDP-TIMING( 1711): 296 0 -0.347307000
D/UDP-TIMING( 1711): 297 0 -0.347804000
D/UDP-TIMING( 1711): 298 0 -0.345658000
D/UDP-TIMING( 1711): 299 0 -0.347796000
D/UDP-TIMING( 1711): 300 0 -0.347954000
D/UDP-TIMING( 1711): 301 0 -0.347104000
D/UDP-TIMING( 1711): 302 0 -0.346287000
D/UDP-TIMING( 1711): 303 0 -0.347238000
D/UDP-TIMING( 1711): 304 0 -0.347541000
D/UDP-TIMING( 1711): 305 0 -0.347753000
D/UDP-TIMING( 1711): 306 0 -0.347908000
D/UDP-TIMING( 1711): 307 0 -0.347055000
D/UDP-TIMING( 1711): 308 0 -0.347239000
D/UDP-TIMING( 1711): 309 0 -0.347706000
D/UDP-TIMING( 1711): 310 0 -0.347560000
D/UDP-TIMING( 1711): 311 0 -0.347677000
D/UDP-TIMING( 1711): 312 0 -0.346857000
D/UDP-TIMING( 1711): 313 0 -0.347008000
D/UDP-TIMING( 1711): 314 0 -0.347348000
D/UDP-TIMING( 1711): 315 0 -0.347285000
D/UDP-TIMING( 1711): 316 0 -0.346311000
D/UDP-TIMING( 1711): 317 0 -0.346599000
D/UDP-TIMING( 1711): 318 0 -0.345741000
D/UDP-TIMING( 1711): 319 0 -0.348127000
D/UDP-TIMING( 1711): 320 0 -0.347822000
D/UDP-TIMING( 1711): 321 0 -0.347063000
D/UDP-TIMING( 1711): 322 0 -0.347403000
D/UDP-TIMING( 1711): 323 0 -0.347514000
D/UDP-TIMING( 1711): 324 0 -0.347670000
D/UDP-TIMING( 1711): 325 0 -0.347459000
D/UDP-TIMING( 1711): 326 0 -0.347202000
D/UDP-TIMING( 1711): 327 0 -0.347190000
D/UDP-TIMING( 1711): 328 0 -0.348305000
D/UDP-TIMING( 1711): 329 0 -0.347452000
D/UDP-TIMING( 1711): 330 0 -0.347515000
D/UDP-TIMING( 1711): 331 0 -0.347670000
D/UDP-TIMING( 1711): 332 0 -0.339903000
D/UDP-TIMING( 1711): 333 0 -0.347074000
D/UDP-TIMING( 1711): 334 0 -0.345336000
D/UDP-TIMING( 1711): 335 0 -0.347380000
D/UDP-TIMING( 1711): 336 0 -0.345471000
D/UDP-TIMING( 1711): 337 0 -0.347604000
D/UDP-TIMING( 1711): 338 0 -0.348166000
D/UDP-TIMING( 1711): 339 0 -0.346989000
D/UDP-TIMING( 1711): 340 0 -0.347153000
D/UDP-TIMING( 1711): 341 0 -0.347264000
D/UDP-TIMING( 1711): 342 0 -0.346149000
D/UDP-TIMING( 1711): 343 0 -0.347747000
D/UDP-TIMING( 1711): 344 0 -0.346692000
D/UDP-TIMING( 1711): 345 0 -0.346667000
D/UDP-TIMING( 1711): 346 0 -0.347005000
D/UDP-TIMING( 1711): 347 0 -0.347036000
D/UDP-TIMING( 1711): 348 0 -0.347413000
D/UDP-TIMING( 1711): 349 0 -0.347557000
D/UDP-TIMING( 1711): 350 0 -0.347670000
D/UDP-TIMING( 1711): 351 0 -0.346726000
D/UDP-TIMING( 1711): 352 0 -0.347399000
D/UDP-TIMING( 1711): 353 0 -0.348133000
D/UDP-TIMING( 1711): 354 0 -0.348350000
D/UDP-TIMING( 1711): 355 0 -0.347421000
D/UDP-TIMING( 1711): 356 0 -0.347439000
D/UDP-TIMING( 1711): 357 0 -0.347786000
D/UDP-TIMING( 1711): 358 0 -0.346961000
D/UDP-TIMING( 1711): 359 0 -0.347782000
D/UDP-TIMING( 1711): 360 0 -0.347295000
D/UDP-TIMING( 1711): 361 0 -0.348451000
D/UDP-TIMING( 1711): 362 0 -0.347558000
D/UDP-TIMING( 1711): 363 0 -0.347699000
D/UDP-TIMING( 1711): 364 0 -0.347062000
D/UDP-TIMING( 1711): 365 0 -0.346967000
D/UDP-TIMING( 1711): 366 0 -0.347155000
D/UDP-TIMING( 1711): 367 0 -0.346303000
D/UDP-TIMING( 1711): 368 0 -0.348502000
D/UDP-TIMING( 1711): 369 0 -0.347881000
D/UDP-TIMING( 1711): 370 0 -0.347761000
D/UDP-TIMING( 1711): 371 0 -0.346832000
D/UDP-TIMING( 1711): 372 0 -0.347152000
D/UDP-TIMING( 1711): 373 0 -0.347281000
D/UDP-TIMING( 1711): 374 0 -0.347466000
D/UDP-TIMING( 1711): 375 0 -0.346581000
D/UDP-TIMING( 1711): 376 0 -0.347074000
D/UDP-TIMING( 1711): 377 0 -0.346920000
D/UDP-TIMING( 1711): 378 0 -0.347063000
D/UDP-TIMING( 1711): 379 0 -0.347214000
D/UDP-TIMING( 1711): 380 0 -0.345513000
D/UDP-TIMING( 1711): 381 0 -0.347870000
D/UDP-TIMING( 1711): 382 0 -0.346778000
D/UDP-TIMING( 1711): 383 0 -0.347949000
D/UDP-TIMING( 1711): 384 0 -0.347012000
D/UDP-TIMING( 1711): 385 0 -0.347228000
D/UDP-TIMING( 1711): 386 0 -0.347534000
D/UDP-TIMING( 1711): 387 0 -0.347688000
D/UDP-TIMING( 1711): 388 0 -0.347717000
D/UDP-TIMING( 1711): 389 0 -0.347010000
D/UDP-TIMING( 1711): 390 0 -0.347162000
D/UDP-TIMING( 1711): 391 0 -0.347312000
D/UDP-TIMING( 1711): 392 0 -0.346179000
D/UDP-TIMING( 1711): 393 0 -0.347581000
D/UDP-TIMING( 1711): 394 0 -0.347792000
D/UDP-TIMING( 1711): 395 0 -0.346937000
D/UDP-TIMING( 1711): 396 0 -0.338972000
D/UDP-TIMING( 1711): 397 0 -0.339128000
D/UDP-TIMING( 1711): 398 0 -0.339735000
D/UDP-TIMING( 1711): 399 0 -0.348034000
D/UDP-TIMING( 1711): 400 0 -0.346726000
D/UDP-TIMING( 1711): 401 0 -0.347884000
D/UDP-TIMING( 1711): 402 0 -0.347867000
D/UDP-TIMING( 1711): 403 0 -0.346905000
D/UDP-TIMING( 1711): 404 0 -0.347359000
D/UDP-TIMING( 1711): 405 0 -0.347554000
D/UDP-TIMING( 1711): 406 0 -0.346680000
D/UDP-TIMING( 1711): 407 0 -0.347817000
D/UDP-TIMING( 1711): 408 0 -0.345986000
D/UDP-TIMING( 1711): 409 0 -0.347738000
D/UDP-TIMING( 1711): 410 0 -0.338302000
D/UDP-TIMING( 1711): 411 0 -0.347493000
D/UDP-TIMING( 1711): 412 0 -0.338649000
D/UDP-TIMING( 1711): 413 0 -0.347814000
D/UDP-TIMING( 1711): 414 0 -0.346665000
D/UDP-TIMING( 1711): 415 0 -0.347164000
D/UDP-TIMING( 1711): 416 0 -0.345777000
D/UDP-TIMING( 1711): 417 0 -0.339474000
D/UDP-TIMING( 1711): 418 0 -0.339628000
D/UDP-TIMING( 1711): 419 0 -0.339691000
D/UDP-TIMING( 1711): 420 0 -0.347954000
D/UDP-TIMING( 1711): 421 0 -0.347041000
D/UDP-TIMING( 1711): 422 0 -0.347294000
D/UDP-TIMING( 1711): 423 0 -0.347424000
D/UDP-TIMING( 1711): 424 0 -0.346922000
D/UDP-TIMING( 1711): 425 0 -0.347695000
D/UDP-TIMING( 1711): 426 0 -0.346289000
D/UDP-TIMING( 1711): 427 0 -0.348071000
D/UDP-TIMING( 1711): 428 0 -0.339251000
D/UDP-TIMING( 1711): 429 0 -0.347404000
D/UDP-TIMING( 1711): 430 0 -0.346561000
D/UDP-TIMING( 1711): 431 0 -0.347980000
D/UDP-TIMING( 1711): 432 0 -0.346805000
D/UDP-TIMING( 1711): 433 0 -0.347923000
D/UDP-TIMING( 1711): 434 0 -0.347084000
D/UDP-TIMING( 1711): 435 0 -0.347238000
D/UDP-TIMING( 1711): 436 0 -0.346381000
D/UDP-TIMING( 1711): 437 0 -0.345527000
D/UDP-TIMING( 1711): 438 0 -0.347695000
D/UDP-TIMING( 1711): 439 0 -0.346801000
D/UDP-TIMING( 1711): 440 0 -0.346944000
D/UDP-TIMING( 1711): 441 0 -0.347075000
D/UDP-TIMING( 1711): 442 0 -0.346296000
D/UDP-TIMING( 1711): 443 0 -0.346794000
D/UDP-TIMING( 1711): 444 0 -0.346607000
D/UDP-TIMING( 1711): 445 0 -0.347754000
D/UDP-TIMING( 1711): 446 0 -0.346943000
D/UDP-TIMING( 1711): 447 0 -0.345115000
D/UDP-TIMING( 1711): 448 0 -0.343262000
D/UDP-TIMING( 1711): 449 0 -0.347447000
D/UDP-TIMING( 1711): 450 0 -0.343709000
D/UDP-TIMING( 1711): 451 0 -0.345762000
D/UDP-TIMING( 1711): 452 0 -0.344789000
D/UDP-TIMING( 1711): 453 0 -0.342047000
D/UDP-TIMING( 1711): 454 0 -0.342234000
D/UDP-TIMING( 1711): 455 0 -0.345554000
D/UDP-TIMING( 1711): 456 0 -0.344181000
D/UDP-TIMING( 1711): 457 0 -0.346701000
D/UDP-TIMING( 1711): 458 0 -0.348062000
D/UDP-TIMING( 1711): 459 0 -0.346731000
D/UDP-TIMING( 1711): 460 0 -0.346424000
D/UDP-TIMING( 1711): 461 0 -0.347416000
D/UDP-TIMING( 1711): 462 0 -0.347530000
D/UDP-TIMING( 1711): 463 0 -0.347705000
D/UDP-TIMING( 1711): 464 0 -0.346768000
D/UDP-TIMING( 1711): 465 0 -0.347224000
D/UDP-TIMING( 1711): 466 0 -0.347200000
D/UDP-TIMING( 1711): 467 0 -0.347350000
D/UDP-TIMING( 1711): 468 0 -0.345479000
D/UDP-TIMING( 1711): 469 0 -0.346574000
D/UDP-TIMING( 1711): 470 0 -0.346864000
D/UDP-TIMING( 1711): 471 0 -0.346914000
D/UDP-TIMING( 1711): 472 0 -0.347708000
D/UDP-TIMING( 1711): 473 0 -0.348271000
D/UDP-TIMING( 1711): 474 0 -0.347424000
D/UDP-TIMING( 1711): 475 0 -0.347867000
D/UDP-TIMING( 1711): 476 0 -0.347429000
D/UDP-TIMING( 1711): 477 0 -0.347902000
D/UDP-TIMING( 1711): 478 0 -0.347000000
D/UDP-TIMING( 1711): 479 0 -0.347197000
D/UDP-TIMING( 1711): 480 0 -0.347355000
D/UDP-TIMING( 1711): 481 0 -0.348162000
D/UDP-TIMING( 1711): 482 0 -0.345421000
D/UDP-TIMING( 1711): 483 0 -0.346857000
D/UDP-TIMING( 1711): 484 0 -0.348029000
D/UDP-TIMING( 1711): 485 0 -0.347110000
D/UDP-TIMING( 1711): 486 0 -0.347081000
D/UDP-TIMING( 1711): 487 0 -0.347547000
D/UDP-TIMING( 1711): 488 0 -0.347615000
D/UDP-TIMING( 1711): 489 0 -0.347706000
D/UDP-TIMING( 1711): 490 0 -0.346886000
D/UDP-TIMING( 1711): 491 0 -0.346070000
D/UDP-TIMING( 1711): 492 0 -0.347106000
D/UDP-TIMING( 1711): 493 0 -0.347322000
D/UDP-TIMING( 1711): 494 0 -0.347498000
D/UDP-TIMING( 1711): 495 0 -0.347647000
D/UDP-TIMING( 1711): 496 0 -0.346002000
D/UDP-TIMING( 1711): 497 0 -0.347967000
D/UDP-TIMING( 1711): 498 0 -0.347739000
D/UDP-TIMING( 1711): 499 0 -0.347267000
D/UDP-TIMING( 1711): 500 0 -0.347453000
D/UDP-TIMING( 1711): 501 0 -0.347604000
D/UDP-TIMING( 1711): 502 0 -0.346779000
D/UDP-TIMING( 1711): 503 0 -0.347295000
D/UDP-TIMING( 1711): 504 0 -0.347067000
D/UDP-TIMING( 1711): 505 0 -0.347218000
D/UDP-TIMING( 1711): 506 0 -0.347380000
D/UDP-TIMING( 1711): 507 0 -0.345549000
D/UDP-TIMING( 1711): 508 0 -0.346712000
D/UDP-TIMING( 1711): 509 0 -0.346724000
D/UDP-TIMING( 1711): 510 0 -0.347059000
D/UDP-TIMING( 1711): 511 0 -0.347274000
D/UDP-TIMING( 1711): 512 0 -0.346422000
D/UDP-TIMING( 1711): 513 0 -0.346592000
D/UDP-TIMING( 1711): 514 0 -0.347541000
D/UDP-TIMING( 1711): 515 0 -0.347245000
D/UDP-TIMING( 1711): 516 0 -0.347050000
D/UDP-TIMING( 1711): 517 0 -0.347326000
D/UDP-TIMING( 1711): 518 0 -0.347367000
D/UDP-TIMING( 1711): 519 0 -0.347305000
D/UDP-TIMING( 1711): 520 0 -0.348042000
D/UDP-TIMING( 1711): 521 0 -0.338818000
D/UDP-TIMING( 1711): 522 0 -0.346948000
D/UDP-TIMING( 1711): 523 0 -0.347184000
D/UDP-TIMING( 1711): 524 0 -0.347223000
D/UDP-TIMING( 1711): 525 0 -0.347619000
D/UDP-TIMING( 1711): 526 0 -0.338371000
D/UDP-TIMING( 1711): 527 0 -0.346576000
D/UDP-TIMING( 1711): 528 0 -0.346842000
D/UDP-TIMING( 1711): 529 0 -0.345925000
D/UDP-TIMING( 1711): 530 0 -0.347161000
D/UDP-TIMING( 1711): 531 0 -0.348255000
D/UDP-TIMING( 1711): 532 0 -0.347247000
D/UDP-TIMING( 1711): 533 0 -0.347482000
D/UDP-TIMING( 1711): 534 0 -0.347651000
D/UDP-TIMING( 1711): 535 0 -0.346816000
D/UDP-TIMING( 1711): 536 0 -0.346949000
D/UDP-TIMING( 1711): 537 0 -0.347445000
D/UDP-TIMING( 1711): 538 0 -0.340123000
D/UDP-TIMING( 1711): 539 0 -0.347508000
D/UDP-TIMING( 1711): 540 0 -0.347821000
D/UDP-TIMING( 1711): 541 0 -0.346974000
D/UDP-TIMING( 1711): 542 0 -0.347159000
D/UDP-TIMING( 1711): 543 0 -0.347190000
D/UDP-TIMING( 1711): 544 0 -0.347254000
D/UDP-TIMING( 1711): 545 0 -0.347492000
D/UDP-TIMING( 1711): 546 0 -0.347674000
D/UDP-TIMING( 1711): 547 0 -0.344592000
D/UDP-TIMING( 1711): 548 0 -0.347823000
D/UDP-TIMING( 1711): 549 0 -0.347118000
D/UDP-TIMING( 1711): 550 0 -0.347273000
D/UDP-TIMING( 1711): 551 0 -0.347410000
D/UDP-TIMING( 1711): 552 0 -0.347402000
D/UDP-TIMING( 1711): 553 0 -0.348326000
D/UDP-TIMING( 1711): 554 0 -0.347633000
D/UDP-TIMING( 1711): 555 0 -0.339947000
D/UDP-TIMING( 1711): 556 0 -0.347017000
D/UDP-TIMING( 1711): 557 0 -0.347299000
D/UDP-TIMING( 1711): 558 0 -0.347184000
D/UDP-TIMING( 1711): 559 0 -0.347641000
D/UDP-TIMING( 1711): 560 0 -0.347728000
D/UDP-TIMING( 1711): 561 0 -0.346840000
D/UDP-TIMING( 1711): 562 0 -0.347030000
D/UDP-TIMING( 1711): 563 0 -0.347211000
D/UDP-TIMING( 1711): 564 0 -0.347270000
D/UDP-TIMING( 1711): 565 0 -0.347480000
D/UDP-TIMING( 1711): 566 0 -0.346705000
D/UDP-TIMING( 1711): 567 0 -0.346851000
D/UDP-TIMING( 1711): 568 0 -0.348010000
D/UDP-TIMING( 1711): 569 0 -0.347105000
D/UDP-TIMING( 1711): 570 0 -0.346590000
D/UDP-TIMING( 1711): 571 0 -0.348181000
D/UDP-TIMING( 1711): 572 0 -0.347558000
D/UDP-TIMING( 1711): 573 0 -0.346722000
D/UDP-TIMING( 1711): 574 0 -0.346807000
D/UDP-TIMING( 1711): 575 0 -0.348413000
D/UDP-TIMING( 1711): 576 0 -0.346944000
D/UDP-TIMING( 1711): 577 0 -0.347174000
D/UDP-TIMING( 1711): 578 0 -0.347321000
D/UDP-TIMING( 1711): 579 0 -0.347491000
D/UDP-TIMING( 1711): 580 0 -0.348024000
D/UDP-TIMING( 1711): 581 0 -0.347611000
D/UDP-TIMING( 1711): 582 0 -0.346990000
D/UDP-TIMING( 1711): 583 0 -0.347190000
D/UDP-TIMING( 1711): 584 0 -0.347348000
D/UDP-TIMING( 1711): 585 0 -0.346467000
D/UDP-TIMING( 1711): 586 0 -0.347318000
D/UDP-TIMING( 1711): 587 0 -0.347777000
D/UDP-TIMING( 1711): 588 0 -0.348001000
D/UDP-TIMING( 1711): 589 0 -0.346153000
D/UDP-TIMING( 1711): 590 0 -0.347322000
D/UDP-TIMING( 1711): 591 0 -0.347473000
D/UDP-TIMING( 1711): 592 0 -0.348042000
D/UDP-TIMING( 1711): 593 0 -0.347902000
D/UDP-TIMING( 1711): 594 0 -0.348028000
D/UDP-TIMING( 1711): 595 0 -0.347221000
D/UDP-TIMING( 1711): 596 0 -0.347373000
D/UDP-TIMING( 1711): 597 0 -0.334132000
D/UDP-TIMING( 1711): 598 0 -0.347164000
D/UDP-TIMING( 1711): 599 0 -0.347830000
D/UDP-TIMING( 1711): 600 0 -0.347002000
D/UDP-TIMING( 1711): 601 0 -0.348136000
D/UDP-TIMING( 1711): 602 0 -0.347318000
D/UDP-TIMING( 1711): 603 0 -0.347109000
D/UDP-TIMING( 1711): 604 0 -0.347615000
D/UDP-TIMING( 1711): 605 0 -0.348570000
D/UDP-TIMING( 1711): 606 0 -0.346974000
D/UDP-TIMING( 1711): 607 0 -0.348131000
D/UDP-TIMING( 1711): 608 0 -0.347202000
D/UDP-TIMING( 1711): 609 0 -0.347647000
D/UDP-TIMING( 1711): 610 0 -0.346613000
D/UDP-TIMING( 1711): 611 0 -0.347803000
D/UDP-TIMING( 1711): 612 0 -0.347862000
D/UDP-TIMING( 1711): 613 0 -0.339707000
D/UDP-TIMING( 1711): 614 0 -0.347352000
D/UDP-TIMING( 1711): 615 0 -0.347421000
D/UDP-TIMING( 1711): 616 0 -0.346555000
D/UDP-TIMING( 1711): 617 0 -0.346785000
D/UDP-TIMING( 1711): 618 0 -0.347965000
D/UDP-TIMING( 1711): 619 0 -0.347098000
D/UDP-TIMING( 1711): 620 0 -0.347963000
D/UDP-TIMING( 1711): 621 0 -0.338765000
D/UDP-TIMING( 1711): 622 0 -0.339623000
D/UDP-TIMING( 1711): 623 0 -0.346803000
D/UDP-TIMING( 1711): 624 0 -0.346965000
D/UDP-TIMING( 1711): 625 0 -0.346911000
D/UDP-TIMING( 1711): 626 0 -0.344141000
D/UDP-TIMING( 1711): 627 0 -0.346445000
D/UDP-TIMING( 1711): 628 0 -0.347652000
D/UDP-TIMING( 1711): 629 0 -0.346781000
D/UDP-TIMING( 1711): 630 0 -0.346919000
D/UDP-TIMING( 1711): 631 0 -0.346854000
D/UDP-TIMING( 1711): 632 0 -0.347106000
D/UDP-TIMING( 1711): 633 0 -0.347347000
D/UDP-TIMING( 1711): 634 0 -0.347512000
D/UDP-TIMING( 1711): 635 0 -0.347710000
D/UDP-TIMING( 1711): 636 0 -0.348153000
D/UDP-TIMING( 1711): 637 0 -0.347588000
D/UDP-TIMING( 1711): 638 0 -0.347199000
D/UDP-TIMING( 1711): 639 0 -0.347374000
D/UDP-TIMING( 1711): 640 0 -0.339537000
D/UDP-TIMING( 1711): 641 0 -0.347693000
D/UDP-TIMING( 1711): 642 0 -0.347316000
D/UDP-TIMING( 1711): 643 0 -0.347049000
D/UDP-TIMING( 1711): 644 0 -0.347260000
D/UDP-TIMING( 1711): 645 0 -0.346344000
D/UDP-TIMING( 1711): 646 0 -0.347257000
D/UDP-TIMING( 1711): 647 0 -0.347985000
D/UDP-TIMING( 1711): 648 0 -0.346551000
D/UDP-TIMING( 1711): 649 0 -0.346863000
D/UDP-TIMING( 1711): 650 0 -0.347066000
D/UDP-TIMING( 1711): 651 0 -0.347255000
D/UDP-TIMING( 1711): 652 0 -0.345394000
D/UDP-TIMING( 1711): 653 0 -0.347396000
D/UDP-TIMING( 1711): 654 0 -0.347119000
D/UDP-TIMING( 1711): 655 0 -0.346920000
D/UDP-TIMING( 1711): 656 0 -0.347086000
D/UDP-TIMING( 1711): 657 0 -0.347258000
D/UDP-TIMING( 1711): 658 0 -0.347429000
D/UDP-TIMING( 1711): 659 0 -0.347992000
D/UDP-TIMING( 1711): 660 0 -0.345394000
D/UDP-TIMING( 1711): 661 0 -0.345111000
D/UDP-TIMING( 1711): 662 0 -0.347010000
D/UDP-TIMING( 1711): 663 0 -0.347198000
D/UDP-TIMING( 1711): 664 0 -0.347607000
D/UDP-TIMING( 1711): 665 0 -0.339522000
D/UDP-TIMING( 1711): 666 0 -0.347682000
D/UDP-TIMING( 1711): 667 0 -0.346864000
D/UDP-TIMING( 1711): 668 0 -0.347034000
D/UDP-TIMING( 1711): 669 0 -0.347186000
D/UDP-TIMING( 1711): 670 0 -0.347963000
D/UDP-TIMING( 1711): 671 0 -0.338703000
D/UDP-TIMING( 1711): 672 0 -0.339667000
D/UDP-TIMING( 1711): 673 0 -0.346825000
D/UDP-TIMING( 1711): 674 0 -0.345988000
D/UDP-TIMING( 1711): 675 0 -0.339872000
D/UDP-TIMING( 1711): 676 0 -0.340101000
D/UDP-TIMING( 1711): 677 0 -0.348285000
D/UDP-TIMING( 1711): 678 0 -0.346671000
D/UDP-TIMING( 1711): 679 0 -0.330849000
D/UDP-TIMING( 1711): 680 0 -0.347007000
D/UDP-TIMING( 1711): 681 0 -0.347359000
D/UDP-TIMING( 1711): 682 0 -0.347393000
D/UDP-TIMING( 1711): 683 0 -0.347480000
D/UDP-TIMING( 1711): 684 0 -0.348354000
D/UDP-TIMING( 1711): 685 0 -0.346727000
D/UDP-TIMING( 1711): 686 0 -0.346828000
D/UDP-TIMING( 1711): 687 0 -0.347650000
D/UDP-TIMING( 1711): 688 0 -0.339034000
D/UDP-TIMING( 1711): 689 0 -0.347251000
D/UDP-TIMING( 1711): 690 0 -0.347402000
D/UDP-TIMING( 1711): 691 0 -0.339467000
D/UDP-TIMING( 1711): 692 0 -0.338688000
D/UDP-TIMING( 1711): 693 0 -0.347826000
D/UDP-TIMING( 1711): 694 0 -0.346010000
D/UDP-TIMING( 1711): 695 0 -0.346183000
D/UDP-TIMING( 1711): 696 0 -0.347268000
D/UDP-TIMING( 1711): 697 0 -0.347280000
D/UDP-TIMING( 1711): 698 0 -0.347751000
D/UDP-TIMING( 1711): 699 0 -0.346755000
D/UDP-TIMING( 1711): 700 0 -0.347947000
D/UDP-TIMING( 1711): 701 0 -0.347136000
D/UDP-TIMING( 1711): 702 0 -0.347304000
D/UDP-TIMING( 1711): 703 0 -0.339655000
D/UDP-TIMING( 1711): 704 0 -0.347634000
D/UDP-TIMING( 1711): 705 0 -0.346626000
D/UDP-TIMING( 1711): 706 0 -0.347899000
D/UDP-TIMING( 1711): 707 0 -0.345093000
D/UDP-TIMING( 1711): 708 0 -0.343242000
D/UDP-TIMING( 1711): 709 0 -0.342426000
D/UDP-TIMING( 1711): 710 0 -0.346613000
D/UDP-TIMING( 1711): 711 0 -0.345153000
D/UDP-TIMING( 1711): 712 0 -0.346899000
D/UDP-TIMING( 1711): 713 0 -0.342044000
D/UDP-TIMING( 1711): 714 0 -0.346927000
D/UDP-TIMING( 1711): 715 0 -0.347340000
D/UDP-TIMING( 1711): 716 0 -0.347449000
D/UDP-TIMING( 1711): 717 0 -0.347605000
D/UDP-TIMING( 1711): 718 0 -0.346780000
D/UDP-TIMING( 1711): 719 0 -0.346941000
D/UDP-TIMING( 1711): 720 0 -0.346942000
D/UDP-TIMING( 1711): 721 0 -0.347220000
D/UDP-TIMING( 1711): 722 0 -0.347469000
D/UDP-TIMING( 1711): 723 0 -0.347650000
D/UDP-TIMING( 1711): 724 0 -0.346811000
D/UDP-TIMING( 1711): 725 0 -0.347830000
D/UDP-TIMING( 1711): 726 0 -0.347588000
D/UDP-TIMING( 1711): 727 0 -0.347211000
D/UDP-TIMING( 1711): 728 0 -0.347539000
D/UDP-TIMING( 1711): 729 0 -0.344579000
D/UDP-TIMING( 1711): 730 0 -0.346873000
D/UDP-TIMING( 1711): 731 0 -0.347236000
D/UDP-TIMING( 1711): 732 0 -0.347058000
D/UDP-TIMING( 1711): 733 0 -0.347241000
D/UDP-TIMING( 1711): 734 0 -0.347398000
D/UDP-TIMING( 1711): 735 0 -0.346578000
D/UDP-TIMING( 1711): 736 0 -0.338696000
D/UDP-TIMING( 1711): 737 0 -0.347792000
D/UDP-TIMING( 1711): 738 0 -0.347153000
D/UDP-TIMING( 1711): 739 0 -0.346363000
D/UDP-TIMING( 1711): 740 0 -0.347524000
D/UDP-TIMING( 1711): 741 0 -0.347676000
D/UDP-TIMING( 1711): 742 0 -0.348320000
D/UDP-TIMING( 1711): 743 0 -0.347830000
D/UDP-TIMING( 1711): 744 0 -0.347190000
D/UDP-TIMING( 1711): 745 0 -0.347330000
D/UDP-TIMING( 1711): 746 0 -0.348207000
D/UDP-TIMING( 1711): 747 0 -0.347542000
D/UDP-TIMING( 1711): 748 0 -0.347995000
D/UDP-TIMING( 1711): 749 0 -0.347742000
D/UDP-TIMING( 1711): 750 0 -0.347038000
D/UDP-TIMING( 1711): 751 0 -0.347232000
D/UDP-TIMING( 1711): 752 0 -0.347279000
D/UDP-TIMING( 1711): 753 0 -0.347633000
D/UDP-TIMING( 1711): 754 0 -0.347384000
D/UDP-TIMING( 1711): 755 0 -0.338876000
D/UDP-TIMING( 1711): 756 0 -0.348044000
D/UDP-TIMING( 1711): 757 0 -0.345205000
D/UDP-TIMING( 1711): 758 0 -0.347376000
D/UDP-TIMING( 1711): 759 0 -0.348358000
D/UDP-TIMING( 1711): 760 0 -0.346863000
D/UDP-TIMING( 1711): 761 0 -0.346990000
D/UDP-TIMING( 1711): 762 0 -0.339148000
D/UDP-TIMING( 1711): 763 0 -0.347330000
D/UDP-TIMING( 1711): 764 0 -0.347249000
D/UDP-TIMING( 1711): 765 0 -0.346519000
D/UDP-TIMING( 1711): 766 0 -0.339756000
D/UDP-TIMING( 1711): 767 0 -0.346941000
D/UDP-TIMING( 1711): 768 0 -0.339002000
D/UDP-TIMING( 1711): 769 0 -0.347181000
D/UDP-TIMING( 1711): 770 0 -0.347308000
D/UDP-TIMING( 1711): 771 0 -0.340103000
D/UDP-TIMING( 1711): 772 0 -0.347675000
D/UDP-TIMING( 1711): 773 0 -0.347833000
D/UDP-TIMING( 1711): 774 0 -0.346974000
D/UDP-TIMING( 1711): 775 0 -0.347136000
D/UDP-TIMING( 1711): 776 0 -0.346649000
D/UDP-TIMING( 1711): 777 0 -0.347454000
D/UDP-TIMING( 1711): 778 0 -0.346598000
D/UDP-TIMING( 1711): 779 0 -0.347792000
D/UDP-TIMING( 1711): 780 0 -0.347919000
D/UDP-TIMING( 1711): 781 0 -0.346722000
D/UDP-TIMING( 1711): 782 0 -0.347213000
D/UDP-TIMING( 1711): 783 0 -0.347367000
D/UDP-TIMING( 1711): 784 0 -0.346551000
D/UDP-TIMING( 1711): 785 0 -0.347714000
D/UDP-TIMING( 1711): 786 0 -0.346864000
D/UDP-TIMING( 1711): 787 0 -0.346865000
D/UDP-TIMING( 1711): 788 0 -0.347128000
D/UDP-TIMING( 1711): 789 0 -0.347270000
D/UDP-TIMING( 1711): 790 0 -0.347377000
D/UDP-TIMING( 1711): 791 0 -0.338517000
D/UDP-TIMING( 1711): 792 0 -0.346665000
D/UDP-TIMING( 1711): 793 0 -0.346938000
D/UDP-TIMING( 1711): 794 0 -0.347981000
D/UDP-TIMING( 1711): 795 0 -0.347087000
D/UDP-TIMING( 1711): 796 0 -0.347257000
D/UDP-TIMING( 1711): 797 0 -0.346449000
D/UDP-TIMING( 1711): 798 0 -0.346861000
D/UDP-TIMING( 1711): 799 0 -0.346813000
D/UDP-TIMING( 1711): 800 0 -0.346801000
D/UDP-TIMING( 1711): 801 0 -0.339111000
D/UDP-TIMING( 1711): 802 0 -0.339292000
D/UDP-TIMING( 1711): 803 0 -0.347666000
D/UDP-TIMING( 1711): 804 0 -0.347527000
D/UDP-TIMING( 1711): 805 0 -0.347742000
D/UDP-TIMING( 1711): 806 0 -0.347938000
D/UDP-TIMING( 1711): 807 0 -0.347859000
D/UDP-TIMING( 1711): 808 0 -0.347250000
D/UDP-TIMING( 1711): 809 0 -0.347146000
D/UDP-TIMING( 1711): 810 0 -0.339549000
D/UDP-TIMING( 1711): 811 0 -0.347719000
D/UDP-TIMING( 1711): 812 0 -0.347883000
D/UDP-TIMING( 1711): 813 0 -0.348062000
D/UDP-TIMING( 1711): 814 0 -0.347712000
D/UDP-TIMING( 1711): 815 0 -0.346482000
D/UDP-TIMING( 1711): 816 0 -0.346487000
D/UDP-TIMING( 1711): 817 0 -0.347621000
D/UDP-TIMING( 1711): 818 0 -0.347802000
D/UDP-TIMING( 1711): 819 0 -0.346902000
D/UDP-TIMING( 1711): 820 0 -0.347175000
D/UDP-TIMING( 1711): 821 0 -0.347057000
D/UDP-TIMING( 1711): 822 0 -0.347396000
D/UDP-TIMING( 1711): 823 0 -0.345530000
D/UDP-TIMING( 1711): 824 0 -0.346621000
D/UDP-TIMING( 1711): 825 0 -0.346804000
D/UDP-TIMING( 1711): 826 0 -0.347635000
D/UDP-TIMING( 1711): 827 0 -0.347083000
D/UDP-TIMING( 1711): 828 0 -0.347264000
D/UDP-TIMING( 1711): 829 0 -0.347476000
D/UDP-TIMING( 1711): 830 0 -0.347629000
D/UDP-TIMING( 1711): 831 0 -0.346632000
D/UDP-TIMING( 1711): 832 0 -0.347015000
D/UDP-TIMING( 1711): 833 0 -0.347001000
D/UDP-TIMING( 1711): 834 0 -0.347355000
D/UDP-TIMING( 1711): 835 0 -0.344277000
D/UDP-TIMING( 1711): 836 0 -0.347334000
D/UDP-TIMING( 1711): 837 0 -0.338914000
D/UDP-TIMING( 1711): 838 0 -0.347846000
D/UDP-TIMING( 1711): 839 0 -0.346981000
D/UDP-TIMING( 1711): 840 0 -0.347168000
D/UDP-TIMING( 1711): 841 0 -0.346314000
D/UDP-TIMING( 1711): 842 0 -0.347491000
D/UDP-TIMING( 1711): 843 0 -0.347596000
D/UDP-TIMING( 1711): 844 0 -0.344609000
D/UDP-TIMING( 1711): 845 0 -0.346963000
D/UDP-TIMING( 1711): 846 0 -0.338149000
D/UDP-TIMING( 1711): 847 0 -0.347304000
D/UDP-TIMING( 1711): 848 0 -0.348159000
D/UDP-TIMING( 1711): 849 0 -0.347532000
D/UDP-TIMING( 1711): 850 0 -0.346674000
D/UDP-TIMING( 1711): 851 0 -0.346869000
D/UDP-TIMING( 1711): 852 0 -0.346977000
D/UDP-TIMING( 1711): 853 0 -0.346810000
D/UDP-TIMING( 1711): 854 0 -0.347953000
D/UDP-TIMING( 1711): 855 0 -0.347300000
D/UDP-TIMING( 1711): 856 0 -0.346558000
D/UDP-TIMING( 1711): 857 0 -0.346711000
D/UDP-TIMING( 1711): 858 0 -0.347968000
D/UDP-TIMING( 1711): 859 0 -0.346918000
D/UDP-TIMING( 1711): 860 0 -0.347199000
D/UDP-TIMING( 1711): 861 0 -0.347388000
D/UDP-TIMING( 1711): 862 0 -0.347543000
D/UDP-TIMING( 1711): 863 0 -0.346672000
D/UDP-TIMING( 1711): 864 0 -0.346891000
D/UDP-TIMING( 1711): 865 0 -0.347185000
D/UDP-TIMING( 1711): 866 0 -0.347231000
D/UDP-TIMING( 1711): 867 0 -0.347381000
D/UDP-TIMING( 1711): 868 0 -0.346562000
D/UDP-TIMING( 1711): 869 0 -0.346784000
D/UDP-TIMING( 1711): 870 0 -0.347306000
D/UDP-TIMING( 1711): 871 0 -0.347098000
D/UDP-TIMING( 1711): 872 0 -0.340224000
D/UDP-TIMING( 1711): 873 0 -0.347346000
D/UDP-TIMING( 1711): 874 0 -0.347494000
D/UDP-TIMING( 1711): 875 0 -0.346676000
D/UDP-TIMING( 1711): 876 0 -0.346530000
D/UDP-TIMING( 1711): 877 0 -0.346290000
D/UDP-TIMING( 1711): 878 0 -0.285148000
D/UDP-TIMING( 1711): 879 0 -0.347560000
D/UDP-TIMING( 1711): 880 0 -0.347514000
D/UDP-TIMING( 1711): 881 0 -0.346617000
D/UDP-TIMING( 1711): 882 0 -0.323836000
D/UDP-TIMING( 1711): 883 0 -0.347043000
D/UDP-TIMING( 1711): 884 0 -0.347200000
D/UDP-TIMING( 1711): 885 0 -0.285348000
D/UDP-TIMING( 1711): 886 0 -0.284501000
D/UDP-TIMING( 1711): 887 0 -0.339065000
D/UDP-TIMING( 1711): 888 0 -0.338826000
D/UDP-TIMING( 1711): 889 0 -0.347023000
D/UDP-TIMING( 1711): 890 0 -0.285193000
D/UDP-TIMING( 1711): 891 0 -0.339327000
D/UDP-TIMING( 1711): 892 0 -0.346459000
D/UDP-TIMING( 1711): 893 0 -0.323860000
D/UDP-TIMING( 1711): 894 0 -0.339794000
D/UDP-TIMING( 1711): 895 0 -0.346912000
D/UDP-TIMING( 1711): 896 0 -0.347037000
D/UDP-TIMING( 1711): 897 0 -0.347226000
D/UDP-TIMING( 1711): 898 0 -0.348108000
D/UDP-TIMING( 1711): 899 0 -0.323541000
D/UDP-TIMING( 1711): 900 0 -0.346706000
D/UDP-TIMING( 1711): 901 0 -0.339044000
D/UDP-TIMING( 1711): 902 0 -0.347226000
D/UDP-TIMING( 1711): 903 0 -0.346220000
D/UDP-TIMING( 1711): 904 0 -0.285373000
D/UDP-TIMING( 1711): 905 0 -0.269446000
D/UDP-TIMING( 1711): 906 0 -0.345833000
D/UDP-TIMING( 1711): 907 0 -0.346870000
D/UDP-TIMING( 1711): 908 0 -0.347916000
D/UDP-TIMING( 1711): 909 0 -0.347318000
D/UDP-TIMING( 1711): 910 0 -0.347502000
D/UDP-TIMING( 1711): 911 0 -0.346559000
D/UDP-TIMING( 1711): 912 0 -0.331865000
D/UDP-TIMING( 1711): 913 0 -0.347032000
D/UDP-TIMING( 1711): 914 0 -0.339229000
D/UDP-TIMING( 1711): 915 0 -0.346017000
D/UDP-TIMING( 1711): 916 0 -0.347619000
D/UDP-TIMING( 1711): 917 0 -0.347760000
D/UDP-TIMING( 1711): 918 0 -0.344923000
D/UDP-TIMING( 1711): 919 0 -0.347074000
D/UDP-TIMING( 1711): 920 0 -0.347576000
D/UDP-TIMING( 1711): 921 0 -0.346248000
D/UDP-TIMING( 1711): 922 0 -0.323587000
D/UDP-TIMING( 1711): 923 0 -0.344782000
D/UDP-TIMING( 1711): 924 0 -0.346949000
D/UDP-TIMING( 1711): 925 0 -0.347163000
D/UDP-TIMING( 1711): 926 0 -0.347117000
D/UDP-TIMING( 1711): 927 0 -0.347459000
D/UDP-TIMING( 1711): 928 0 -0.347654000
D/UDP-TIMING( 1711): 929 0 -0.346835000
D/UDP-TIMING( 1711): 930 0 -0.348741000
D/UDP-TIMING( 1711): 931 0 -0.347045000
D/UDP-TIMING( 1711): 932 0 -0.345305000
D/UDP-TIMING( 1711): 933 0 -0.346434000
D/UDP-TIMING( 1711): 934 0 -0.339445000
D/UDP-TIMING( 1711): 935 0 -0.346721000
D/UDP-TIMING( 1711): 936 0 -0.347898000
D/UDP-TIMING( 1711): 937 0 -0.347793000
D/UDP-TIMING( 1711): 938 0 -0.347227000
D/UDP-TIMING( 1711): 939 0 -0.347447000
D/UDP-TIMING( 1711): 940 0 -0.347577000
D/UDP-TIMING( 1711): 941 0 -0.347770000
D/UDP-TIMING( 1711): 942 0 -0.346931000
D/UDP-TIMING( 1711): 943 0 -0.347850000
D/UDP-TIMING( 1711): 944 0 -0.323233000
D/UDP-TIMING( 1711): 945 0 -0.347448000
D/UDP-TIMING( 1711): 946 0 -0.347540000
D/UDP-TIMING( 1711): 947 0 -0.346652000
D/UDP-TIMING( 1711): 948 0 -0.347472000
D/UDP-TIMING( 1711): 949 0 -0.347104000
D/UDP-TIMING( 1711): 950 0 -0.346996000
D/UDP-TIMING( 1711): 951 0 -0.345955000
D/UDP-TIMING( 1711): 952 0 -0.344247000
D/UDP-TIMING( 1711): 953 0 -0.345377000
D/UDP-TIMING( 1711): 954 0 -0.338550000
D/UDP-TIMING( 1711): 955 0 -0.340758000
D/UDP-TIMING( 1711): 956 0 -0.345000000
D/UDP-TIMING( 1711): 957 0 -0.347066000
D/UDP-TIMING( 1711): 958 0 -0.347274000
D/UDP-TIMING( 1711): 959 0 -0.347564000
D/UDP-TIMING( 1711): 960 0 -0.347275000
D/UDP-TIMING( 1711): 961 0 -0.347760000
D/UDP-TIMING( 1711): 962 0 -0.346924000
D/UDP-TIMING( 1711): 963 0 -0.347092000
D/UDP-TIMING( 1711): 964 0 -0.347208000
D/UDP-TIMING( 1711): 965 0 -0.348020000
D/UDP-TIMING( 1711): 966 0 -0.347429000
D/UDP-TIMING( 1711): 967 0 -0.346557000
D/UDP-TIMING( 1711): 968 0 -0.345662000
D/UDP-TIMING( 1711): 969 0 -0.347753000
D/UDP-TIMING( 1711): 970 0 -0.348556000
D/UDP-TIMING( 1711): 971 0 -0.347156000
D/UDP-TIMING( 1711): 972 0 -0.347237000
D/UDP-TIMING( 1711): 973 0 -0.346398000
D/UDP-TIMING( 1711): 974 0 -0.347588000
D/UDP-TIMING( 1711): 975 0 -0.346733000
D/UDP-TIMING( 1711): 976 0 -0.348015000
D/UDP-TIMING( 1711): 977 0 -0.342996000
D/UDP-TIMING( 1711): 978 0 -0.347131000
D/UDP-TIMING( 1711): 979 0 -0.347235000
D/UDP-TIMING( 1711): 980 0 -0.347399000
D/UDP-TIMING( 1711): 981 0 -0.338576000
D/UDP-TIMING( 1711): 982 0 -0.347675000
D/UDP-TIMING( 1711): 983 0 -0.345888000
D/UDP-TIMING( 1711): 984 0 -0.347051000
D/UDP-TIMING( 1711): 985 0 -0.347208000
D/UDP-TIMING( 1711): 986 0 -0.340133000
D/UDP-TIMING( 1711): 987 0 -0.348138000
D/UDP-TIMING( 1711): 988 0 -0.348406000
D/UDP-TIMING( 1711): 989 0 -0.346791000
D/UDP-TIMING( 1711): 990 0 -0.347787000
D/UDP-TIMING( 1711): 991 0 -0.347083000
D/UDP-TIMING( 1711): 992 0 -0.347648000
D/UDP-TIMING( 1711): 993 0 -0.347394000
D/UDP-TIMING( 1711): 994 0 -0.324167000
D/UDP-TIMING( 1711): 995 0 -0.348420000
D/UDP-TIMING( 1711): 996 0 -0.346759000
D/UDP-TIMING( 1711): 997 0 -0.346865000
D/UDP-TIMING( 1711): 998 0 -0.346866000
D/UDP-TIMING( 1711): 999 0 -0.347046000
D/UDP-TIMING( 1711): 1000 0 -0.346239000
D/UDP-TIMING( 1711): 1001 0 -0.347353000
D/UDP-TIMING( 1711): 1002 0 -0.344237000
D/UDP-TIMING( 1711): 1003 0 -0.347456000
D/UDP-TIMING( 1711): 1004 0 -0.347228000
