D/UDP-TIMING( 1711): 5757 0 -0.349379000
D/UDP-TIMING( 1711): 5758 0 -0.349530000
D/UDP-TIMING( 1711): 5759 0 -0.349789000
D/UDP-TIMING( 1711): 5760 0 -0.349903000
D/UDP-TIMING( 1711): 5761 0 -0.350026000
D/UDP-TIMING( 1711): 5762 0 -0.349126000
D/UDP-TIMING( 1711): 5763 0 -0.349266000
D/UDP-TIMING( 1711): 5764 0 -0.349451000
D/UDP-TIMING( 1711): 5765 0 -0.349574000
D/UDP-TIMING( 1711): 5766 0 -0.350341000
D/UDP-TIMING( 1711): 5767 0 -0.347803000
D/UDP-TIMING( 1711): 5768 0 -0.349010000
D/UDP-TIMING( 1711): 5769 0 -0.342298000
D/UDP-TIMING( 1711): 5770 0 -0.350351000
D/UDP-TIMING( 1711): 5771 0 -0.349222000
D/UDP-TIMING( 1711): 5772 0 -0.349675000
D/UDP-TIMING( 1711): 5773 0 -0.349950000
D/UDP-TIMING( 1711): 5774 0 -0.350146000
D/UDP-TIMING( 1711): 5775 0 -0.349172000
D/UDP-TIMING( 1711): 5776 0 -0.350826000
D/UDP-TIMING( 1711): 5777 0 -0.341609000
D/UDP-TIMING( 1711): 5778 0 -0.349607000
D/UDP-TIMING( 1711): 5779 0 -0.349856000
D/UDP-TIMING( 1711): 5780 0 -0.339974000
D/UDP-TIMING( 1711): 5781 0 -0.350292000
D/UDP-TIMING( 1711): 5782 0 -0.349318000
D/UDP-TIMING( 1711): 5783 0 -0.349923000
D/UDP-TIMING( 1711): 5784 0 -0.349769000
D/UDP-TIMING( 1711): 5785 0 -0.349806000
D/UDP-TIMING( 1711): 5786 0 -0.350085000
D/UDP-TIMING( 1711): 5787 0 -0.350077000
D/UDP-TIMING( 1711): 5788 0 -0.349564000
D/UDP-TIMING( 1711): 5789 0 -0.341551000
D/UDP-TIMING( 1711): 5790 0 -0.349599000
D/UDP-TIMING( 1711): 5791 0 -0.348909000
D/UDP-TIMING( 1711): 5792 0 -0.341034000
D/UDP-TIMING( 1711): 5793 0 -0.349183000
D/UDP-TIMING( 1711): 5794 0 -0.349022000
D/UDP-TIMING( 1711): 5795 0 -0.349522000
D/UDP-TIMING( 1711): 5796 0 -0.349699000
D/UDP-TIMING( 1711): 5797 0 -0.349853000
D/UDP-TIMING( 1711): 5798 0 -0.347015000
D/UDP-TIMING( 1711): 5799 0 -0.349030000
D/UDP-TIMING( 1711): 5800 0 -0.350284000
D/UDP-TIMING( 1711): 5801 0 -0.350498000
D/UDP-TIMING( 1711): 5802 0 -0.349649000
D/UDP-TIMING( 1711): 5803 0 -0.349833000
D/UDP-TIMING( 1711): 5804 0 -0.349869000
D/UDP-TIMING( 1711): 5805 0 -0.350357000
D/UDP-TIMING( 1711): 5806 0 -0.350347000
D/UDP-TIMING( 1711): 5807 0 -0.350513000
D/UDP-TIMING( 1711): 5808 0 -0.349622000
D/UDP-TIMING( 1711): 5809 0 -0.349774000
D/UDP-TIMING( 1711): 5810 0 -0.349988000
D/UDP-TIMING( 1711): 5811 0 -0.350107000
D/UDP-TIMING( 1711): 5812 0 -0.349252000
D/UDP-TIMING( 1711): 5813 0 -0.340438000
D/UDP-TIMING( 1711): 5814 0 -0.349599000
D/UDP-TIMING( 1711): 5815 0 -0.340753000
D/UDP-TIMING( 1711): 5816 0 -0.350522000
D/UDP-TIMING( 1711): 5817 0 -0.350068000
D/UDP-TIMING( 1711): 5818 0 -0.341186000
D/UDP-TIMING( 1711): 5819 0 -0.350328000
D/UDP-TIMING( 1711): 5820 0 -0.349475000
D/UDP-TIMING( 1711): 5821 0 -0.349383000
D/UDP-TIMING( 1711): 5822 0 -0.349840000
D/UDP-TIMING( 1711): 5823 0 -0.349917000
D/UDP-TIMING( 1711): 5824 0 -0.349090000
D/UDP-TIMING( 1711): 5825 0 -0.349248000
D/UDP-TIMING( 1711): 5826 0 -0.342368000
D/UDP-TIMING( 1711): 5827 0 -0.349383000
D/UDP-TIMING( 1711): 5828 0 -0.341673000
D/UDP-TIMING( 1711): 5829 0 -0.349861000
D/UDP-TIMING( 1711): 5830 0 -0.342024000
D/UDP-TIMING( 1711): 5831 0 -0.348148000
D/UDP-TIMING( 1711): 5832 0 -0.349266000
D/UDP-TIMING( 1711): 5833 0 -0.350322000
D/UDP-TIMING( 1711): 5834 0 -0.350534000
D/UDP-TIMING( 1711): 5835 0 -0.349680000
D/UDP-TIMING( 1711): 5836 0 -0.349856000
D/UDP-TIMING( 1711): 5837 0 -0.350009000
D/UDP-TIMING( 1711): 5838 0 -0.348122000
D/UDP-TIMING( 1711): 5839 0 -0.350316000
D/UDP-TIMING( 1711): 5840 0 -0.350474000
D/UDP-TIMING( 1711): 5841 0 -0.341618000
D/UDP-TIMING( 1711): 5842 0 -0.347785000
D/UDP-TIMING( 1711): 5843 0 -0.347793000
D/UDP-TIMING( 1711): 5844 0 -0.350099000
D/UDP-TIMING( 1711): 5845 0 -0.349257000
D/UDP-TIMING( 1711): 5846 0 -0.340467000
D/UDP-TIMING( 1711): 5847 0 -0.348499000
D/UDP-TIMING( 1711): 5848 0 -0.346796000
D/UDP-TIMING( 1711): 5849 0 -0.344892000
D/UDP-TIMING( 1711): 5850 0 -0.347055000
D/UDP-TIMING( 1711): 5851 0 -0.341184000
D/UDP-TIMING( 1711): 5852 0 -0.349289000
D/UDP-TIMING( 1711): 5853 0 -0.350402000
D/UDP-TIMING( 1711): 5854 0 -0.349563000
D/UDP-TIMING( 1711): 5855 0 -0.350053000
D/UDP-TIMING( 1711): 5856 0 -0.349841000
D/UDP-TIMING( 1711): 5857 0 -0.349124000
D/UDP-TIMING( 1711): 5858 0 -0.349320000
D/UDP-TIMING( 1711): 5859 0 -0.349474000
D/UDP-TIMING( 1711): 5860 0 -0.349796000
D/UDP-TIMING( 1711): 5861 0 -0.349676000
D/UDP-TIMING( 1711): 5862 0 -0.349845000
D/UDP-TIMING( 1711): 5863 0 -0.349969000
D/UDP-TIMING( 1711): 5864 0 -0.350143000
D/UDP-TIMING( 1711): 5865 0 -0.350491000
D/UDP-TIMING( 1711): 5866 0 -0.350234000
D/UDP-TIMING( 1711): 5867 0 -0.350436000
D/UDP-TIMING( 1711): 5868 0 -0.350587000
D/UDP-TIMING( 1711): 5869 0 -0.349983000
D/UDP-TIMING( 1711): 5870 0 -0.350185000
D/UDP-TIMING( 1711): 5871 0 -0.351026000
D/UDP-TIMING( 1711): 5872 0 -0.349597000
D/UDP-TIMING( 1711): 5873 0 -0.349562000
D/UDP-TIMING( 1711): 5874 0 -0.349730000
D/UDP-TIMING( 1711): 5875 0 -0.349853000
D/UDP-TIMING( 1711): 5876 0 -0.349903000
D/UDP-TIMING( 1711): 5877 0 -0.350373000
D/UDP-TIMING( 1711): 5878 0 -0.348968000
D/UDP-TIMING( 1711): 5879 0 -0.349547000
D/UDP-TIMING( 1711): 5880 0 -0.349673000
D/UDP-TIMING( 1711): 5881 0 -0.349860000
D/UDP-TIMING( 1711): 5882 0 -0.350013000
D/UDP-TIMING( 1711): 5883 0 -0.350125000
D/UDP-TIMING( 1711): 5884 0 -0.349270000
D/UDP-TIMING( 1711): 5885 0 -0.350396000
D/UDP-TIMING( 1711): 5886 0 -0.350594000
D/UDP-TIMING( 1711): 5887 0 -0.349755000
D/UDP-TIMING( 1711): 5888 0 -0.350564000
D/UDP-TIMING( 1711): 5889 0 -0.350092000
D/UDP-TIMING( 1711): 5890 0 -0.350294000
D/UDP-TIMING( 1711): 5891 0 -0.350458000
D/UDP-TIMING( 1711): 5892 0 -0.350572000
D/UDP-TIMING( 1711): 5893 0 -0.350116000
D/UDP-TIMING( 1711): 5894 0 -0.349937000
D/UDP-TIMING( 1711): 5895 0 -0.350050000
D/UDP-TIMING( 1711): 5896 0 -0.349205000
D/UDP-TIMING( 1711): 5897 0 -0.350378000
D/UDP-TIMING( 1711): 5898 0 -0.350224000
D/UDP-TIMING( 1711): 5899 0 -0.349638000
D/UDP-TIMING( 1711): 5900 0 -0.349796000
D/UDP-TIMING( 1711): 5901 0 -0.350009000
D/UDP-TIMING( 1711): 5902 0 -0.349184000
D/UDP-TIMING( 1711): 5903 0 -0.350348000
D/UDP-TIMING( 1711): 5904 0 -0.349487000
D/UDP-TIMING( 1711): 5905 0 -0.350104000
D/UDP-TIMING( 1711): 5906 0 -0.349829000
D/UDP-TIMING( 1711): 5907 0 -0.340319000
D/UDP-TIMING( 1711): 5908 0 -0.349134000
D/UDP-TIMING( 1711): 5909 0 -0.350230000
D/UDP-TIMING( 1711): 5910 0 -0.350848000
D/UDP-TIMING( 1711): 5911 0 -0.349490000
D/UDP-TIMING( 1711): 5912 0 -0.348635000
D/UDP-TIMING( 1711): 5913 0 -0.349780000
D/UDP-TIMING( 1711): 5914 0 -0.349891000
D/UDP-TIMING( 1711): 5915 0 -0.350333000
D/UDP-TIMING( 1711): 5916 0 -0.341194000
D/UDP-TIMING( 1711): 5917 0 -0.350312000
D/UDP-TIMING( 1711): 5918 0 -0.350415000
D/UDP-TIMING( 1711): 5919 0 -0.351336000
D/UDP-TIMING( 1711): 5920 0 -0.349748000
D/UDP-TIMING( 1711): 5921 0 -0.349665000
D/UDP-TIMING( 1711): 5922 0 -0.341047000
D/UDP-TIMING( 1711): 5923 0 -0.350213000
D/UDP-TIMING( 1711): 5924 0 -0.350343000
D/UDP-TIMING( 1711): 5925 0 -0.350526000
D/UDP-TIMING( 1711): 5926 0 -0.349718000
D/UDP-TIMING( 1711): 5927 0 -0.350217000
D/UDP-TIMING( 1711): 5928 0 -0.341977000
D/UDP-TIMING( 1711): 5929 0 -0.349166000
D/UDP-TIMING( 1711): 5930 0 -0.350296000
D/UDP-TIMING( 1711): 5931 0 -0.349406000
D/UDP-TIMING( 1711): 5932 0 -0.349624000
D/UDP-TIMING( 1711): 5933 0 -0.349719000
D/UDP-TIMING( 1711): 5934 0 -0.349764000
D/UDP-TIMING( 1711): 5935 0 -0.349930000
D/UDP-TIMING( 1711): 5936 0 -0.349123000
D/UDP-TIMING( 1711): 5937 0 -0.350464000
D/UDP-TIMING( 1711): 5938 0 -0.350419000
D/UDP-TIMING( 1711): 5939 0 -0.350604000
D/UDP-TIMING( 1711): 5940 0 -0.349796000
D/UDP-TIMING( 1711): 5941 0 -0.339913000
D/UDP-TIMING( 1711): 5942 0 -0.349161000
D/UDP-TIMING( 1711): 5943 0 -0.350931000
D/UDP-TIMING( 1711): 5944 0 -0.350332000
D/UDP-TIMING( 1711): 5945 0 -0.349672000
D/UDP-TIMING( 1711): 5946 0 -0.349796000
D/UDP-TIMING( 1711): 5947 0 -0.340968000
D/UDP-TIMING( 1711): 5948 0 -0.349157000
D/UDP-TIMING( 1711): 5949 0 -0.350396000
D/UDP-TIMING( 1711): 5950 0 -0.350497000
D/UDP-TIMING( 1711): 5951 0 -0.350601000
D/UDP-TIMING( 1711): 5952 0 -0.349775000
D/UDP-TIMING( 1711): 5953 0 -0.349929000
D/UDP-TIMING( 1711): 5954 0 -0.349990000
D/UDP-TIMING( 1711): 5955 0 -0.350080000
D/UDP-TIMING( 1711): 5956 0 -0.348439000
D/UDP-TIMING( 1711): 5957 0 -0.341600000
D/UDP-TIMING( 1711): 5958 0 -0.349771000
D/UDP-TIMING( 1711): 5959 0 -0.349924000
D/UDP-TIMING( 1711): 5960 0 -0.350561000
D/UDP-TIMING( 1711): 5961 0 -0.350197000
D/UDP-TIMING( 1711): 5962 0 -0.350361000
D/UDP-TIMING( 1711): 5963 0 -0.349523000
D/UDP-TIMING( 1711): 5964 0 -0.349698000
D/UDP-TIMING( 1711): 5965 0 -0.350212000
D/UDP-TIMING( 1711): 5966 0 -0.348784000
D/UDP-TIMING( 1711): 5967 0 -0.348507000
D/UDP-TIMING( 1711): 5968 0 -0.351096000
D/UDP-TIMING( 1711): 5969 0 -0.350489000
D/UDP-TIMING( 1711): 5970 0 -0.350946000
D/UDP-TIMING( 1711): 5971 0 -0.349602000
D/UDP-TIMING( 1711): 5972 0 -0.339962000
D/UDP-TIMING( 1711): 5973 0 -0.350144000
D/UDP-TIMING( 1711): 5974 0 -0.350292000
D/UDP-TIMING( 1711): 5975 0 -0.349388000
D/UDP-TIMING( 1711): 5976 0 -0.349498000
D/UDP-TIMING( 1711): 5977 0 -0.351423000
V/SystemUpdateService(  340): onStartCommand: launching task
V/SystemUpdateService(  340): UpdateTask.doInBackground
I/SystemUpdateService(  340): download in progress: [id: 94 compl: true succ: true bytes: 41727304 reason: 0 fn: /cache/12f767e7a5d0.incremental.zip]
I/SystemUpdateService(  340): verification is successful
I/SystemUpdateService(  340): OTA package size = 41727304
I/SystemUpdateService(  340): sIsActivityUp = false
I/SystemUpdateService(  340): when = 1339567786425
I/ActivityManager(  181): START {flg=0x10000000 cmp=com.google.android.gsf/.update.SystemUpdateInstallDialog} from pid 340
D/UDP-TIMING( 1711): 5978 0 -0.341633000
D/dalvikvm(  181): GC_FOR_ALLOC freed 327K, 7% free 20492K/21959K, paused 63ms
V/SystemUpdateService(  340): retry (wakeup: true) in 299998 ms
V/SystemUpdateService(  340): onPostExecute: false
V/SystemUpdateService(  340): shutting down service
V/SystemUpdateService(  340): onStartCommand: launching task
V/SystemUpdateService(  340): UpdateTask.doInBackground
D/UDP-TIMING( 1711): 5979 0 -0.348699000
I/SystemUpdateService(  340): download in progress: [id: 94 compl: true succ: true bytes: 41727304 reason: 0 fn: /cache/12f767e7a5d0.incremental.zip]
I/SystemUpdateService(  340): verification is successful
I/SystemUpdateService(  340): OTA package size = 41727304
I/SystemUpdateService(  340): sIsActivityUp = false
I/SystemUpdateService(  340): when = 1339568084602
V/SystemUpdateService(  340): retry (wakeup: true) in 297921 ms
V/SystemUpdateService(  340): onPostExecute: false
V/SystemUpdateService(  340): shutting down service
D/UDP-TIMING( 1711): 5980 0 -0.350870000
D/UDP-TIMING( 1711): 5981 0 -0.350874000
D/UDP-TIMING( 1711): 5982 0 -0.349955000
D/UDP-TIMING( 1711): 5983 0 -0.350463000
D/UDP-TIMING( 1711): 5984 0 -0.350488000
D/UDP-TIMING( 1711): 5985 0 -0.349790000
D/UDP-TIMING( 1711): 5986 0 -0.349945000
D/UDP-TIMING( 1711): 5987 0 -0.350325000
D/UDP-TIMING( 1711): 5988 0 -0.350156000
D/UDP-TIMING( 1711): 5989 0 -0.348677000
D/UDP-TIMING( 1711): 5990 0 -0.348615000
D/UDP-TIMING( 1711): 5991 0 -0.349771000
D/UDP-TIMING( 1711): 5992 0 -0.348942000
D/UDP-TIMING( 1711): 5993 0 -0.350835000
D/UDP-TIMING( 1711): 5994 0 -0.350194000
D/UDP-TIMING( 1711): 5995 0 -0.349438000
D/UDP-TIMING( 1711): 5996 0 -0.350564000
D/UDP-TIMING( 1711): 5997 0 -0.349738000
D/UDP-TIMING( 1711): 5998 0 -0.349768000
D/UDP-TIMING( 1711): 5999 0 -0.350198000
D/UDP-TIMING( 1711): 6000 0 -0.350224000
D/UDP-TIMING( 1711): 6001 0 -0.349384000
D/UDP-TIMING( 1711): 6002 0 -0.350558000
D/UDP-TIMING( 1711): 6003 0 -0.349728000
D/UDP-TIMING( 1711): 6004 0 -0.349841000
D/UDP-TIMING( 1711): 6005 0 -0.349993000
D/UDP-TIMING( 1711): 6006 0 -0.340093000
D/UDP-TIMING( 1711): 6007 0 -0.350258000
D/UDP-TIMING( 1711): 6008 0 -0.350423000
D/UDP-TIMING( 1711): 6009 0 -0.350707000
D/UDP-TIMING( 1711): 6010 0 -0.348578000
D/UDP-TIMING( 1711): 6011 0 -0.349978000
D/UDP-TIMING( 1711): 6012 0 -0.350158000
D/UDP-TIMING( 1711): 6013 0 -0.350313000
D/UDP-TIMING( 1711): 6014 0 -0.350469000
D/UDP-TIMING( 1711): 6015 0 -0.351265000
D/UDP-TIMING( 1711): 6016 0 -0.341805000
D/UDP-TIMING( 1711): 6017 0 -0.349958000
D/UDP-TIMING( 1711): 6018 0 -0.349103000
D/UDP-TIMING( 1711): 6019 0 -0.348250000
D/UDP-TIMING( 1711): 6020 0 -0.346418000
D/UDP-TIMING( 1711): 6021 0 -0.350584000
D/UDP-TIMING( 1711): 6022 0 -0.342635000
D/UDP-TIMING( 1711): 6023 0 -0.350769000
D/UDP-TIMING( 1711): 6024 0 -0.349875000
D/UDP-TIMING( 1711): 6025 0 -0.349995000
D/UDP-TIMING( 1711): 6026 0 -0.349178000
D/UDP-TIMING( 1711): 6027 0 -0.351115000
D/UDP-TIMING( 1711): 6028 0 -0.350516000
D/UDP-TIMING( 1711): 6029 0 -0.349678000
D/UDP-TIMING( 1711): 6030 0 -0.349872000
D/UDP-TIMING( 1711): 6031 0 -0.350039000
D/UDP-TIMING( 1711): 6032 0 -0.350697000
D/UDP-TIMING( 1711): 6033 0 -0.350130000
D/UDP-TIMING( 1711): 6034 0 -0.350586000
D/UDP-TIMING( 1711): 6035 0 -0.349741000
D/UDP-TIMING( 1711): 6036 0 -0.349941000
D/UDP-TIMING( 1711): 6037 0 -0.350448000
D/UDP-TIMING( 1711): 6038 0 -0.350242000
D/UDP-TIMING( 1711): 6039 0 -0.349394000
D/UDP-TIMING( 1711): 6040 0 -0.350887000
D/UDP-TIMING( 1711): 6041 0 -0.350701000
D/UDP-TIMING( 1711): 6042 0 -0.349810000
D/UDP-TIMING( 1711): 6043 0 -0.349657000
D/UDP-TIMING( 1711): 6044 0 -0.341607000
D/UDP-TIMING( 1711): 6045 0 -0.350207000
D/UDP-TIMING( 1711): 6046 0 -0.350373000
D/UDP-TIMING( 1711): 6047 0 -0.349527000
D/UDP-TIMING( 1711): 6048 0 -0.349606000
D/UDP-TIMING( 1711): 6049 0 -0.351641000
D/UDP-TIMING( 1711): 6050 0 -0.350067000
D/UDP-TIMING( 1711): 6051 0 -0.350229000
D/UDP-TIMING( 1711): 6052 0 -0.350428000
D/UDP-TIMING( 1711): 6053 0 -0.342601000
D/UDP-TIMING( 1711): 6054 0 -0.349867000
D/UDP-TIMING( 1711): 6055 0 -0.349830000
D/UDP-TIMING( 1711): 6056 0 -0.349981000
D/UDP-TIMING( 1711): 6057 0 -0.350142000
D/UDP-TIMING( 1711): 6058 0 -0.350314000
D/UDP-TIMING( 1711): 6059 0 -0.350667000
D/UDP-TIMING( 1711): 6060 0 -0.350362000
D/UDP-TIMING( 1711): 6061 0 -0.347877000
D/UDP-TIMING( 1711): 6062 0 -0.348992000
D/UDP-TIMING( 1711): 6063 0 -0.350162000
D/UDP-TIMING( 1711): 6064 0 -0.350320000
D/UDP-TIMING( 1711): 6065 0 -0.349325000
D/UDP-TIMING( 1711): 6066 0 -0.350617000
D/UDP-TIMING( 1711): 6067 0 -0.350847000
D/UDP-TIMING( 1711): 6068 0 -0.347016000
D/UDP-TIMING( 1711): 6069 0 -0.350154000
D/UDP-TIMING( 1711): 6070 0 -0.350246000
D/UDP-TIMING( 1711): 6071 0 -0.350714000
D/UDP-TIMING( 1711): 6072 0 -0.350690000
D/UDP-TIMING( 1711): 6073 0 -0.349873000
D/UDP-TIMING( 1711): 6074 0 -0.349024000
D/UDP-TIMING( 1711): 6075 0 -0.347169000
D/UDP-TIMING( 1711): 6076 0 -0.350304000
D/UDP-TIMING( 1711): 6077 0 -0.349984000
D/UDP-TIMING( 1711): 6078 0 -0.348533000
D/UDP-TIMING( 1711): 6079 0 -0.348761000
D/UDP-TIMING( 1711): 6080 0 -0.348749000
D/UDP-TIMING( 1711): 6081 0 -0.348903000
D/UDP-TIMING( 1711): 6082 0 -0.347082000
D/UDP-TIMING( 1711): 6083 0 -0.339237000
D/UDP-TIMING( 1711): 6084 0 -0.348348000
D/UDP-TIMING( 1711): 6085 0 -0.346567000
D/UDP-TIMING( 1711): 6086 0 -0.339743000
D/UDP-TIMING( 1711): 6087 0 -0.347930000
D/UDP-TIMING( 1711): 6088 0 -0.346074000
D/UDP-TIMING( 1711): 6089 0 -0.350257000
D/UDP-TIMING( 1711): 6090 0 -0.350376000
D/UDP-TIMING( 1711): 6091 0 -0.349527000
D/UDP-TIMING( 1711): 6092 0 -0.349708000
D/UDP-TIMING( 1711): 6093 0 -0.349778000
D/UDP-TIMING( 1711): 6094 0 -0.350005000
D/UDP-TIMING( 1711): 6095 0 -0.349213000
D/UDP-TIMING( 1711): 6096 0 -0.339359000
D/UDP-TIMING( 1711): 6097 0 -0.350531000
D/UDP-TIMING( 1711): 6098 0 -0.349682000
D/UDP-TIMING( 1711): 6099 0 -0.350262000
D/UDP-TIMING( 1711): 6100 0 -0.350020000
D/UDP-TIMING( 1711): 6101 0 -0.349172000
D/UDP-TIMING( 1711): 6102 0 -0.342418000
D/UDP-TIMING( 1711): 6103 0 -0.347482000
D/UDP-TIMING( 1711): 6104 0 -0.349900000
D/UDP-TIMING( 1711): 6105 0 -0.349919000
D/UDP-TIMING( 1711): 6106 0 -0.349949000
D/UDP-TIMING( 1711): 6107 0 -0.349154000
D/UDP-TIMING( 1711): 6108 0 -0.341328000
D/UDP-TIMING( 1711): 6109 0 -0.350840000
D/UDP-TIMING( 1711): 6110 0 -0.350713000
D/UDP-TIMING( 1711): 6111 0 -0.349704000
D/UDP-TIMING( 1711): 6112 0 -0.350023000
D/UDP-TIMING( 1711): 6113 0 -0.350223000
D/UDP-TIMING( 1711): 6114 0 -0.350406000
D/UDP-TIMING( 1711): 6115 0 -0.351312000
D/UDP-TIMING( 1711): 6116 0 -0.350679000
D/UDP-TIMING( 1711): 6117 0 -0.349933000
D/UDP-TIMING( 1711): 6118 0 -0.349972000
D/UDP-TIMING( 1711): 6119 0 -0.350142000
D/UDP-TIMING( 1711): 6120 0 -0.350292000
D/UDP-TIMING( 1711): 6121 0 -0.350762000
D/UDP-TIMING( 1711): 6122 0 -0.350778000
D/UDP-TIMING( 1711): 6123 0 -0.349969000
D/UDP-TIMING( 1711): 6124 0 -0.351096000
D/UDP-TIMING( 1711): 6125 0 -0.350285000
D/UDP-TIMING( 1711): 6126 0 -0.349448000
D/UDP-TIMING( 1711): 6127 0 -0.350620000
D/UDP-TIMING( 1711): 6128 0 -0.350793000
D/UDP-TIMING( 1711): 6129 0 -0.349981000
D/UDP-TIMING( 1711): 6130 0 -0.350131000
D/UDP-TIMING( 1711): 6131 0 -0.350301000
D/UDP-TIMING( 1711): 6132 0 -0.351074000
D/UDP-TIMING( 1711): 6133 0 -0.349645000
D/UDP-TIMING( 1711): 6134 0 -0.349808000
D/UDP-TIMING( 1711): 6135 0 -0.350975000
D/UDP-TIMING( 1711): 6136 0 -0.350100000
D/UDP-TIMING( 1711): 6137 0 -0.349219000
D/UDP-TIMING( 1711): 6138 0 -0.346391000
D/UDP-TIMING( 1711): 6139 0 -0.350556000
D/UDP-TIMING( 1711): 6140 0 -0.350709000
D/UDP-TIMING( 1711): 6141 0 -0.341899000
D/UDP-TIMING( 1711): 6142 0 -0.350045000
D/UDP-TIMING( 1711): 6143 0 -0.350142000
D/UDP-TIMING( 1711): 6144 0 -0.350341000
D/UDP-TIMING( 1711): 6145 0 -0.349565000
D/UDP-TIMING( 1711): 6146 0 -0.349730000
D/UDP-TIMING( 1711): 6147 0 -0.341934000
D/UDP-TIMING( 1711): 6148 0 -0.350100000
D/UDP-TIMING( 1711): 6149 0 -0.350786000
D/UDP-TIMING( 1711): 6150 0 -0.350387000
D/UDP-TIMING( 1711): 6151 0 -0.350569000
D/UDP-TIMING( 1711): 6152 0 -0.350734000
D/UDP-TIMING( 1711): 6153 0 -0.349927000
D/UDP-TIMING( 1711): 6154 0 -0.350398000
D/UDP-TIMING( 1711): 6155 0 -0.350179000
D/UDP-TIMING( 1711): 6156 0 -0.349340000
D/UDP-TIMING( 1711): 6157 0 -0.350530000
D/UDP-TIMING( 1711): 6158 0 -0.349590000
D/UDP-TIMING( 1711): 6159 0 -0.351165000
D/UDP-TIMING( 1711): 6160 0 -0.349790000
D/UDP-TIMING( 1711): 6161 0 -0.350139000
D/UDP-TIMING( 1711): 6162 0 -0.350321000
D/UDP-TIMING( 1711): 6163 0 -0.350480000
D/UDP-TIMING( 1711): 6164 0 -0.342656000
D/UDP-TIMING( 1711): 6165 0 -0.342750000
D/UDP-TIMING( 1711): 6166 0 -0.350207000
D/UDP-TIMING( 1711): 6167 0 -0.350067000
D/UDP-TIMING( 1711): 6168 0 -0.350177000
D/UDP-TIMING( 1711): 6169 0 -0.350282000
D/UDP-TIMING( 1711): 6170 0 -0.350419000
D/UDP-TIMING( 1711): 6171 0 -0.349770000
D/UDP-TIMING( 1711): 6172 0 -0.349859000
D/UDP-TIMING( 1711): 6173 0 -0.348987000
D/UDP-TIMING( 1711): 6174 0 -0.350299000
D/UDP-TIMING( 1711): 6175 0 -0.350396000
D/UDP-TIMING( 1711): 6176 0 -0.350754000
D/UDP-TIMING( 1711): 6177 0 -0.350738000
D/UDP-TIMING( 1711): 6178 0 -0.349900000
D/UDP-TIMING( 1711): 6179 0 -0.350102000
D/UDP-TIMING( 1711): 6180 0 -0.350296000
D/UDP-TIMING( 1711): 6181 0 -0.350465000
D/UDP-TIMING( 1711): 6182 0 -0.349537000
D/UDP-TIMING( 1711): 6183 0 -0.349979000
D/UDP-TIMING( 1711): 6184 0 -0.349996000
D/UDP-TIMING( 1711): 6185 0 -0.350164000
D/UDP-TIMING( 1711): 6186 0 -0.350350000
D/UDP-TIMING( 1711): 6187 0 -0.350397000
D/UDP-TIMING( 1711): 6188 0 -0.350874000
D/UDP-TIMING( 1711): 6189 0 -0.347629000
D/UDP-TIMING( 1711): 6190 0 -0.350057000
D/UDP-TIMING( 1711): 6191 0 -0.350259000
D/UDP-TIMING( 1711): 6192 0 -0.350424000
D/UDP-TIMING( 1711): 6193 0 -0.350596000
D/UDP-TIMING( 1711): 6194 0 -0.350401000
D/UDP-TIMING( 1711): 6195 0 -0.349930000
D/UDP-TIMING( 1711): 6196 0 -0.350130000
D/UDP-TIMING( 1711): 6197 0 -0.350294000
D/UDP-TIMING( 1711): 6198 0 -0.350459000
D/UDP-TIMING( 1711): 6199 0 -0.349405000
D/UDP-TIMING( 1711): 6200 0 -0.349579000
D/UDP-TIMING( 1711): 6201 0 -0.349986000
D/UDP-TIMING( 1711): 6202 0 -0.350192000
D/UDP-TIMING( 1711): 6203 0 -0.341361000
D/UDP-TIMING( 1711): 6204 0 -0.349524000
D/UDP-TIMING( 1711): 6205 0 -0.350709000
D/UDP-TIMING( 1711): 6206 0 -0.349785000
D/UDP-TIMING( 1711): 6207 0 -0.350974000
D/UDP-TIMING( 1711): 6208 0 -0.342137000
D/UDP-TIMING( 1711): 6209 0 -0.350326000
D/UDP-TIMING( 1711): 6210 0 -0.348475000
D/UDP-TIMING( 1711): 6211 0 -0.342615000
D/UDP-TIMING( 1711): 6212 0 -0.349801000
D/UDP-TIMING( 1711): 6213 0 -0.349997000
D/UDP-TIMING( 1711): 6214 0 -0.350119000
D/UDP-TIMING( 1711): 6215 0 -0.350289000
D/UDP-TIMING( 1711): 6216 0 -0.350915000
D/UDP-TIMING( 1711): 6217 0 -0.347504000
D/UDP-TIMING( 1711): 6218 0 -0.341817000
D/UDP-TIMING( 1711): 6219 0 -0.349975000
D/UDP-TIMING( 1711): 6220 0 -0.350139000
D/UDP-TIMING( 1711): 6221 0 -0.350640000
D/UDP-TIMING( 1711): 6222 0 -0.349253000
D/UDP-TIMING( 1711): 6223 0 -0.342679000
D/UDP-TIMING( 1711): 6224 0 -0.349863000
D/UDP-TIMING( 1711): 6225 0 -0.350992000
D/UDP-TIMING( 1711): 6226 0 -0.350102000
D/UDP-TIMING( 1711): 6227 0 -0.349978000
D/UDP-TIMING( 1711): 6228 0 -0.350361000
D/UDP-TIMING( 1711): 6229 0 -0.349579000
D/UDP-TIMING( 1711): 6230 0 -0.350753000
D/UDP-TIMING( 1711): 6231 0 -0.349781000
D/UDP-TIMING( 1711): 6232 0 -0.350828000
D/UDP-TIMING( 1711): 6233 0 -0.350571000
D/UDP-TIMING( 1711): 6234 0 -0.350393000
D/UDP-TIMING( 1711): 6235 0 -0.348471000
D/UDP-TIMING( 1711): 6236 0 -0.349659000
D/UDP-TIMING( 1711): 6237 0 -0.349533000
D/UDP-TIMING( 1711): 6238 0 -0.350047000
D/UDP-TIMING( 1711): 6239 0 -0.350009000
D/UDP-TIMING( 1711): 6240 0 -0.350200000
D/UDP-TIMING( 1711): 6241 0 -0.350371000
I/power   (  181): *** set_screen_state 1
D/UDP-TIMING( 1711): 6242 0 -0.350295000
I/WindowManager(  181): Lock screen displayed!
D/UDP-TIMING( 1711): 6243 0 -0.349698000
D/UDP-TIMING( 1711): 6244 0 -0.350629000
D/UDP-TIMING( 1711): 6245 0 -0.349983000
D/SurfaceFlinger(  114): Screen about to return, flinger = 0xf918
D/UDP-TIMING( 1711): 6246 0 -0.347983000
D/NfcService(  448): EnableDisableDiscoveryTask: enable = false
D/NfcService(  448): Ignoring disable request
D/UDP-TIMING( 1711): 6247 0 -0.351113000
D/UDP-TIMING( 1711): 6248 0 -0.351270000
D/UDP-TIMING( 1711): 6249 0 -0.350396000
D/UDP-TIMING( 1711): 6250 0 -0.339847000
D/UDP-TIMING( 1711): 6251 0 -0.350209000
D/UDP-TIMING( 1711): 6252 0 -0.340840000
D/UDP-TIMING( 1711): 6253 0 -0.351049000
D/UDP-TIMING( 1711): 6254 0 -0.341263000
D/UDP-TIMING( 1711): 6255 0 -0.340668000
D/UDP-TIMING( 1711): 6256 0 -0.350648000
D/UDP-TIMING( 1711): 6257 0 -0.350817000
D/UDP-TIMING( 1711): 6258 0 -0.350979000
D/UDP-TIMING( 1711): 6259 0 -0.351144000
D/PhoneStatusBar(  261): disable: < expand icons alerts ticker system_info BACK HOME recent* CLOCK >
D/UDP-TIMING( 1711): 6260 0 -0.348290000
D/NfcService(  448): EnableDisableDiscoveryTask: enable = true
D/NfcService(  448): NFC-EE routing OFF
D/OpenGLRenderer(  181): Flushing caches (mode 0)
W/InputManagerService(  181): Window already focused, ignoring focus gain of: com.android.internal.view.IInputMethodClient$Stub$Proxy@41c206c8
D/PhoneStatusBar(  261): disable: < expand icons alerts ticker system_info back* home* recent clock* >
D/UDP-TIMING( 1711): 6261 0 -0.349649000
D/UDP-TIMING( 1711): 6262 0 -0.349015000
D/UDP-TIMING( 1711): 6263 0 -0.350856000
D/UDP-TIMING( 1711): 6264 0 -0.350995000
D/UDP-TIMING( 1711): 6265 0 -0.350097000
D/UDP-TIMING( 1711): 6266 0 -0.342396000
D/UDP-TIMING( 1711): 6267 0 -0.351562000
D/UDP-TIMING( 1711): 6268 0 -0.350142000
D/UDP-TIMING( 1711): 6269 0 -0.341521000
D/UDP-TIMING( 1711): 6270 0 -0.350323000
D/UDP-TIMING( 1711): 6271 0 -0.350494000
D/UDP-TIMING( 1711): 6272 0 -0.350744000
D/UDP-TIMING( 1711): 6273 0 -0.343636000
D/UDP-TIMING( 1711): 6274 0 -0.350002000
D/UDP-TIMING( 1711): 6275 0 -0.342127000
D/UDP-TIMING( 1711): 6276 0 -0.350368000
D/UDP-TIMING( 1711): 6277 0 -0.350210000
D/UDP-TIMING( 1711): 6278 0 -0.349967000
D/UDP-TIMING( 1711): 6279 0 -0.350635000
D/UDP-TIMING( 1711): 6280 0 -0.339879000
D/NfcService(  448): NFC-C polling ON
D/UDP-TIMING( 1711): 6281 0 -0.342097000
D/UDP-TIMING( 1711): 6282 0 -0.350131000
D/UDP-TIMING( 1711): 6283 0 -0.342972000
D/UDP-TIMING( 1711): 6284 0 -0.351193000
I/SystemUpdateInstallDialog(  340): OTA update dismissed by user
D/UDP-TIMING( 1711): 6285 0 -0.351515000
D/dalvikvm(  181): GC_FOR_ALLOC freed 879K, 10% free 20026K/22215K, paused 62ms
V/PhoneStatusBar(  261): setLightsOn(true)
D/UDP-TIMING( 1711): 6286 0 -0.350551000
D/UDP-TIMING( 1711): 6287 0 -0.349766000
D/UDP-TIMING( 1711): 6288 0 -0.351032000
D/UDP-TIMING( 1711): 6289 0 -0.351234000
D/UDP-TIMING( 1711): 6290 0 -0.333878000
D/UDP-TIMING( 1711): 6291 0 -0.340487000
D/UDP-TIMING( 1711): 6292 0 -0.333853000
D/UDP-TIMING( 1711): 6293 0 -0.350348000
D/UDP-TIMING( 1711): 6294 0 -0.349236000
D/UDP-TIMING( 1711): 6295 0 -0.342476000
D/UDP-TIMING( 1711): 6296 0 -0.349594000
D/UDP-TIMING( 1711): 6297 0 -0.332879000
D/UDP-TIMING( 1711): 6298 0 -0.287904000
D/UDP-TIMING( 1711): 6299 0 -0.341069000
D/UDP-TIMING( 1711): 6300 0 -0.342791000
D/UDP-TIMING( 1711): 6301 0 -0.350429000
D/UDP-TIMING( 1711): 6302 0 -0.349499000
D/UDP-TIMING( 1711): 6303 0 -0.350859000
D/UDP-TIMING( 1711): 6304 0 -0.342066000
D/UDP-TIMING( 1711): 6305 0 -0.342476000
D/UDP-TIMING( 1711): 6306 0 -0.351156000
D/UDP-TIMING( 1711): 6307 0 -0.350547000
D/UDP-TIMING( 1711): 6308 0 -0.350665000
D/UDP-TIMING( 1711): 6309 0 -0.350777000
D/UDP-TIMING( 1711): 6310 0 -0.349937000
D/UDP-TIMING( 1711): 6311 0 -0.350680000
D/UDP-TIMING( 1711): 6312 0 -0.350168000
D/UDP-TIMING( 1711): 6313 0 -0.350266000
D/UDP-TIMING( 1711): 6314 0 -0.350376000
D/UDP-TIMING( 1711): 6315 0 -0.350500000
D/UDP-TIMING( 1711): 6316 0 -0.350868000
D/UDP-TIMING( 1711): 6317 0 -0.350792000
D/UDP-TIMING( 1711): 6318 0 -0.349958000
D/UDP-TIMING( 1711): 6319 0 -0.350129000
D/UDP-TIMING( 1711): 6320 0 -0.350288000
D/UDP-TIMING( 1711): 6321 0 -0.341490000
D/UDP-TIMING( 1711): 6322 0 -0.350645000
D/UDP-TIMING( 1711): 6323 0 -0.341550000
D/UDP-TIMING( 1711): 6324 0 -0.342686000
D/UDP-TIMING( 1711): 6325 0 -0.351119000
D/UDP-TIMING( 1711): 6326 0 -0.342251000
D/UDP-TIMING( 1711): 6327 0 -0.350296000
D/UDP-TIMING( 1711): 6328 0 -0.350554000
D/UDP-TIMING( 1711): 6329 0 -0.349800000
D/UDP-TIMING( 1711): 6330 0 -0.350697000
D/UDP-TIMING( 1711): 6331 0 -0.333010000
D/UDP-TIMING( 1711): 6332 0 -0.350331000
D/UDP-TIMING( 1711): 6333 0 -0.349714000
D/UDP-TIMING( 1711): 6334 0 -0.350521000
D/UDP-TIMING( 1711): 6335 0 -0.350704000
D/UDP-TIMING( 1711): 6336 0 -0.349856000
D/UDP-TIMING( 1711): 6337 0 -0.348762000
D/UDP-TIMING( 1711): 6338 0 -0.349173000
D/UDP-TIMING( 1711): 6339 0 -0.348370000
D/UDP-TIMING( 1711): 6340 0 -0.331195000
D/UDP-TIMING( 1711): 6341 0 -0.261681000
D/UDP-TIMING( 1711): 6342 0 -0.269859000
D/UDP-TIMING( 1711): 6343 0 -0.345010000
D/UDP-TIMING( 1711): 6344 0 -0.342146000
D/UDP-TIMING( 1711): 6345 0 -0.334336000
D/UDP-TIMING( 1711): 6346 0 -0.349547000
D/UDP-TIMING( 1711): 6347 0 -0.342696000
D/UDP-TIMING( 1711): 6348 0 -0.332886000
D/UDP-TIMING( 1711): 6349 0 -0.332933000
D/UDP-TIMING( 1711): 6350 0 -0.350519000
D/UDP-TIMING( 1711): 6351 0 -0.350359000
D/UDP-TIMING( 1711): 6352 0 -0.350487000
D/UDP-TIMING( 1711): 6353 0 -0.350649000
D/UDP-TIMING( 1711): 6354 0 -0.350755000
D/UDP-TIMING( 1711): 6355 0 -0.350100000
D/UDP-TIMING( 1711): 6356 0 -0.350073000
D/UDP-TIMING( 1711): 6357 0 -0.350171000
D/UDP-TIMING( 1711): 6358 0 -0.350421000
D/UDP-TIMING( 1711): 6359 0 -0.350605000
D/UDP-TIMING( 1711): 6360 0 -0.351026000
D/UDP-TIMING( 1711): 6361 0 -0.350911000
D/UDP-TIMING( 1711): 6362 0 -0.342003000
D/UDP-TIMING( 1711): 6363 0 -0.342211000
D/UDP-TIMING( 1711): 6364 0 -0.350346000
D/UDP-TIMING( 1711): 6365 0 -0.342562000
D/UDP-TIMING( 1711): 6366 0 -0.341743000
D/UDP-TIMING( 1711): 6367 0 -0.342473000
D/UDP-TIMING( 1711): 6368 0 -0.350987000
D/UDP-TIMING( 1711): 6369 0 -0.350119000
D/UDP-TIMING( 1711): 6370 0 -0.350272000
D/UDP-TIMING( 1711): 6371 0 -0.339437000
D/UDP-TIMING( 1711): 6372 0 -0.285568000
D/UDP-TIMING( 1711): 6373 0 -0.342728000
D/UDP-TIMING( 1711): 6374 0 -0.350908000
D/UDP-TIMING( 1711): 6375 0 -0.330009000
D/UDP-TIMING( 1711): 6376 0 -0.280201000
D/UDP-TIMING( 1711): 6377 0 -0.350362000
D/UDP-TIMING( 1711): 6378 0 -0.350517000
D/UDP-TIMING( 1711): 6379 0 -0.350667000
D/UDP-TIMING( 1711): 6380 0 -0.349839000
D/UDP-TIMING( 1711): 6381 0 -0.340993000
D/UDP-TIMING( 1711): 6382 0 -0.350147000
D/UDP-TIMING( 1711): 6383 0 -0.350877000
D/UDP-TIMING( 1711): 6384 0 -0.350482000
D/UDP-TIMING( 1711): 6385 0 -0.350653000
W/ActivityManager(  181): Launch timeout has expired, giving up wake lock!
W/ActivityManager(  181): Activity idle timeout for ActivityRecord{41c362b8 com.example.hellojni/.HelloJni}
I/ActivityManager(  181): No longer want com.google.android.talk (pid 1522): hidden #16
D/UDP-TIMING( 1711): 6386 0 -0.350807000
D/UDP-TIMING( 1711): 6387 0 -0.349942000
D/UDP-TIMING( 1711): 6388 0 -0.349758000
D/UDP-TIMING( 1711): 6389 0 -0.350200000
D/UDP-TIMING( 1711): 6390 0 -0.350354000
D/UDP-TIMING( 1711): 6391 0 -0.350508000
D/UDP-TIMING( 1711): 6392 0 -0.350691000
D/UDP-TIMING( 1711): 6393 0 -0.349839000
D/UDP-TIMING( 1711): 6394 0 -0.349842000
D/UDP-TIMING( 1711): 6395 0 -0.350117000
D/UDP-TIMING( 1711): 6396 0 -0.350336000
D/UDP-TIMING( 1711): 6397 0 -0.350490000
D/UDP-TIMING( 1711): 6398 0 -0.350646000
D/UDP-TIMING( 1711): 6399 0 -0.349830000
D/UDP-TIMING( 1711): 6400 0 -0.340750000
D/UDP-TIMING( 1711): 6401 0 -0.350161000
D/UDP-TIMING( 1711): 6402 0 -0.342301000
D/UDP-TIMING( 1711): 6403 0 -0.350478000
D/UDP-TIMING( 1711): 6404 0 -0.350617000
D/UDP-TIMING( 1711): 6405 0 -0.333789000
D/UDP-TIMING( 1711): 6406 0 -0.341966000
D/UDP-TIMING( 1711): 6407 0 -0.350057000
D/UDP-TIMING( 1711): 6408 0 -0.334232000
D/UDP-TIMING( 1711): 6409 0 -0.350391000
D/UDP-TIMING( 1711): 6410 0 -0.349580000
D/UDP-TIMING( 1711): 6411 0 -0.272751000
D/UDP-TIMING( 1711): 6412 0 -0.333621000
D/UDP-TIMING( 1711): 6413 0 -0.325090000
D/UDP-TIMING( 1711): 6414 0 -0.341279000
D/UDP-TIMING( 1711): 6415 0 -0.162501000
D/UDP-TIMING( 1711): 6416 0 -0.262579000
D/UDP-TIMING( 1711): 6417 0 -0.271992000
D/UDP-TIMING( 1711): 6418 0 0.064999000
D/UDP-TIMING( 1711): 6419 0 -0.035085000
D/UDP-TIMING( 1711): 6420 0 -0.095924000
D/UDP-TIMING( 1711): 6421 0 -0.196003000
D/UDP-TIMING( 1711): 6422 0 -0.280859000
D/UDP-TIMING( 1711): 6423 0 -0.326890000
D/UDP-TIMING( 1711): 6424 0 -0.350071000
D/UDP-TIMING( 1711): 6425 0 -0.268690000
D/UDP-TIMING( 1711): 6426 0 -0.325403000
D/UDP-TIMING( 1711): 6427 0 -0.333597000
D/UDP-TIMING( 1711): 6428 0 -0.350760000
D/UDP-TIMING( 1711): 6429 0 -0.333871000
D/UDP-TIMING( 1711): 6430 0 -0.350123000
D/UDP-TIMING( 1711): 6431 0 -0.350293000
D/UDP-TIMING( 1711): 6432 0 -0.342129000
D/UDP-TIMING( 1711): 6433 0 -0.342414000
D/UDP-TIMING( 1711): 6434 0 -0.334767000
D/UDP-TIMING( 1711): 6435 0 -0.342845000
D/UDP-TIMING( 1711): 6436 0 -0.330415000
D/UDP-TIMING( 1711): 6437 0 -0.343451000
D/UDP-TIMING( 1711): 6438 0 -0.330490000
D/UDP-TIMING( 1711): 6439 0 -0.320678000
D/UDP-TIMING( 1711): 6440 0 -0.349924000
D/UDP-TIMING( 1711): 6441 0 -0.331257000
D/UDP-TIMING( 1711): 6442 0 -0.331177000
D/UDP-TIMING( 1711): 6443 0 -0.341352000
D/UDP-TIMING( 1711): 6444 0 -0.350214000
D/UDP-TIMING( 1711): 6445 0 -0.321693000
D/UDP-TIMING( 1711): 6446 0 -0.349876000
D/UDP-TIMING( 1711): 6447 0 -0.342064000
D/UDP-TIMING( 1711): 6448 0 -0.342328000
D/UDP-TIMING( 1711): 6449 0 -0.342400000
D/UDP-TIMING( 1711): 6450 0 -0.351113000
D/UDP-TIMING( 1711): 6451 0 -0.350726000
D/UDP-TIMING( 1711): 6452 0 -0.342948000
D/UDP-TIMING( 1711): 6453 0 -0.342143000
D/UDP-TIMING( 1711): 6454 0 -0.350304000
D/UDP-TIMING( 1711): 6455 0 -0.350902000
D/UDP-TIMING( 1711): 6456 0 -0.349511000
D/UDP-TIMING( 1711): 6457 0 -0.341932000
D/UDP-TIMING( 1711): 6458 0 -0.351131000
D/UDP-TIMING( 1711): 6459 0 -0.350313000
D/UDP-TIMING( 1711): 6460 0 -0.350368000
D/UDP-TIMING( 1711): 6461 0 -0.350348000
D/UDP-TIMING( 1711): 6462 0 -0.342791000
D/UDP-TIMING( 1711): 6463 0 -0.350001000
D/UDP-TIMING( 1711): 6464 0 -0.350201000
D/UDP-TIMING( 1711): 6465 0 -0.342399000
D/UDP-TIMING( 1711): 6466 0 -0.342567000
D/UDP-TIMING( 1711): 6467 0 -0.343196000
D/UDP-TIMING( 1711): 6468 0 -0.342910000
D/UDP-TIMING( 1711): 6469 0 -0.350956000
D/UDP-TIMING( 1711): 6470 0 -0.347119000
D/UDP-TIMING( 1711): 6471 0 -0.350436000
D/UDP-TIMING( 1711): 6472 0 -0.350757000
D/UDP-TIMING( 1711): 6473 0 -0.333773000
D/UDP-TIMING( 1711): 6474 0 -0.341785000
D/UDP-TIMING( 1711): 6475 0 -0.326144000
D/UDP-TIMING( 1711): 6476 0 -0.342204000
D/UDP-TIMING( 1711): 6477 0 -0.350237000
D/UDP-TIMING( 1711): 6478 0 -0.341519000
D/UDP-TIMING( 1711): 6479 0 -0.342775000
D/UDP-TIMING( 1711): 6480 0 -0.342969000
D/UDP-TIMING( 1711): 6481 0 -0.325033000
D/UDP-TIMING( 1711): 6482 0 -0.342317000
D/UDP-TIMING( 1711): 6483 0 -0.342628000
D/UDP-TIMING( 1711): 6484 0 -0.342981000
D/UDP-TIMING( 1711): 6485 0 -0.333805000
D/UDP-TIMING( 1711): 6486 0 -0.349992000
D/UDP-TIMING( 1711): 6487 0 -0.350188000
D/UDP-TIMING( 1711): 6488 0 -0.350348000
D/UDP-TIMING( 1711): 6489 0 -0.350478000
D/UDP-TIMING( 1711): 6490 0 -0.350552000
D/UDP-TIMING( 1711): 6491 0 -0.350874000
D/UDP-TIMING( 1711): 6492 0 -0.350187000
D/UDP-TIMING( 1711): 6493 0 -0.340218000
D/UDP-TIMING( 1711): 6494 0 -0.350204000
D/UDP-TIMING( 1711): 6495 0 -0.330517000
D/UDP-TIMING( 1711): 6496 0 -0.350675000
D/UDP-TIMING( 1711): 6497 0 -0.350873000
D/UDP-TIMING( 1711): 6498 0 -0.341035000
D/UDP-TIMING( 1711): 6499 0 -0.341201000
D/UDP-TIMING( 1711): 6500 0 -0.341366000
D/UDP-TIMING( 1711): 6501 0 -0.350592000
D/UDP-TIMING( 1711): 6502 0 -0.350722000
D/UDP-TIMING( 1711): 6503 0 -0.341884000
D/UDP-TIMING( 1711): 6504 0 -0.342045000
D/UDP-TIMING( 1711): 6505 0 -0.342234000
D/UDP-TIMING( 1711): 6506 0 -0.342458000
D/UDP-TIMING( 1711): 6507 0 -0.350526000
D/UDP-TIMING( 1711): 6508 0 -0.342763000
D/UDP-TIMING( 1711): 6509 0 -0.342895000
D/UDP-TIMING( 1711): 6510 0 -0.343069000
D/UDP-TIMING( 1711): 6511 0 -0.350218000
D/UDP-TIMING( 1711): 6512 0 -0.343064000
D/UDP-TIMING( 1711): 6513 0 -0.350504000
D/UDP-TIMING( 1711): 6514 0 -0.349657000
D/UDP-TIMING( 1711): 6515 0 -0.323814000
D/UDP-TIMING( 1711): 6516 0 -0.350006000
D/UDP-TIMING( 1711): 6517 0 -0.343762000
D/UDP-TIMING( 1711): 6518 0 -0.342360000
D/UDP-TIMING( 1711): 6519 0 -0.343430000
D/UDP-TIMING( 1711): 6520 0 -0.342617000
D/UDP-TIMING( 1711): 6521 0 -0.350781000
D/UDP-TIMING( 1711): 6522 0 -0.341974000
D/UDP-TIMING( 1711): 6523 0 -0.349792000
D/UDP-TIMING( 1711): 6524 0 -0.342232000
D/UDP-TIMING( 1711): 6525 0 -0.342495000
D/UDP-TIMING( 1711): 6526 0 -0.342633000
D/UDP-TIMING( 1711): 6527 0 -0.343255000
D/UDP-TIMING( 1711): 6528 0 -0.270971000
D/UDP-TIMING( 1711): 6529 0 -0.351925000
D/UDP-TIMING( 1711): 6530 0 -0.349164000
D/UDP-TIMING( 1711): 6531 0 -0.350401000
D/UDP-TIMING( 1711): 6532 0 -0.350490000
D/UDP-TIMING( 1711): 6533 0 -0.350562000
D/UDP-TIMING( 1711): 6534 0 -0.349955000
D/UDP-TIMING( 1711): 6535 0 -0.350942000
D/UDP-TIMING( 1711): 6536 0 -0.351879000
D/UDP-TIMING( 1711): 6537 0 -0.349262000
D/UDP-TIMING( 1711): 6538 0 -0.351444000
D/UDP-TIMING( 1711): 6539 0 -0.350755000
D/UDP-TIMING( 1711): 6540 0 -0.350724000
D/UDP-TIMING( 1711): 6541 0 -0.349914000
D/UDP-TIMING( 1711): 6542 0 -0.348066000
D/UDP-TIMING( 1711): 6543 0 -0.351002000
D/UDP-TIMING( 1711): 6544 0 -0.350376000
D/UDP-TIMING( 1711): 6545 0 -0.351474000
D/UDP-TIMING( 1711): 6546 0 -0.350590000
D/UDP-TIMING( 1711): 6547 0 -0.349857000
D/UDP-TIMING( 1711): 6548 0 -0.350961000
D/UDP-TIMING( 1711): 6549 0 -0.351105000
D/UDP-TIMING( 1711): 6550 0 -0.349872000
D/UDP-TIMING( 1711): 6551 0 -0.351310000
D/UDP-TIMING( 1711): 6552 0 -0.349461000
D/UDP-TIMING( 1711): 6553 0 -0.342596000
D/UDP-TIMING( 1711): 6554 0 -0.350824000
D/UDP-TIMING( 1711): 6555 0 -0.339807000
D/UDP-TIMING( 1711): 6556 0 -0.330126000
D/UDP-TIMING( 1711): 6557 0 -0.330312000
D/UDP-TIMING( 1711): 6558 0 -0.340636000
D/UDP-TIMING( 1711): 6559 0 -0.340634000
D/UDP-TIMING( 1711): 6560 0 -0.349819000
D/UDP-TIMING( 1711): 6561 0 -0.350908000
D/UDP-TIMING( 1711): 6562 0 -0.350670000
D/UDP-TIMING( 1711): 6563 0 -0.350256000
D/UDP-TIMING( 1711): 6564 0 -0.321420000
D/UDP-TIMING( 1711): 6565 0 -0.341546000
D/UDP-TIMING( 1711): 6566 0 -0.331661000
D/UDP-TIMING( 1711): 6567 0 -0.350945000
D/UDP-TIMING( 1711): 6568 0 -0.321867000
D/UDP-TIMING( 1711): 6569 0 -0.349964000
D/UDP-TIMING( 1711): 6570 0 -0.272107000
D/UDP-TIMING( 1711): 6571 0 -0.345417000
D/UDP-TIMING( 1711): 6572 0 -0.350921000
D/UDP-TIMING( 1711): 6573 0 -0.342649000
D/UDP-TIMING( 1711): 6574 0 -0.350760000
D/UDP-TIMING( 1711): 6575 0 -0.342870000
D/UDP-TIMING( 1711): 6576 0 -0.333829000
D/UDP-TIMING( 1711): 6577 0 -0.272248000
D/UDP-TIMING( 1711): 6578 0 -0.323398000
D/UDP-TIMING( 1711): 6579 0 -0.334322000
D/UDP-TIMING( 1711): 6580 0 -0.351422000
D/UDP-TIMING( 1711): 6581 0 -0.342802000
D/UDP-TIMING( 1711): 6582 0 -0.350988000
D/UDP-TIMING( 1711): 6583 0 -0.350083000
D/UDP-TIMING( 1711): 6584 0 -0.350614000
D/UDP-TIMING( 1711): 6585 0 -0.342188000
D/UDP-TIMING( 1711): 6586 0 -0.350500000
D/UDP-TIMING( 1711): 6587 0 -0.348428000
D/UDP-TIMING( 1711): 6588 0 -0.350836000
D/UDP-TIMING( 1711): 6589 0 -0.351389000
D/UDP-TIMING( 1711): 6590 0 -0.349900000
D/UDP-TIMING( 1711): 6591 0 -0.347438000
D/UDP-TIMING( 1711): 6592 0 -0.347194000
D/UDP-TIMING( 1711): 6593 0 -0.350649000
D/UDP-TIMING( 1711): 6594 0 -0.351043000
D/UDP-TIMING( 1711): 6595 0 -0.349342000
D/UDP-TIMING( 1711): 6596 0 -0.348306000
D/UDP-TIMING( 1711): 6597 0 -0.341320000
D/UDP-TIMING( 1711): 6598 0 -0.350479000
D/UDP-TIMING( 1711): 6599 0 -0.350637000
D/UDP-TIMING( 1711): 6600 0 -0.350458000
D/UDP-TIMING( 1711): 6601 0 -0.351043000
D/UDP-TIMING( 1711): 6602 0 -0.350125000
D/UDP-TIMING( 1711): 6603 0 -0.350233000
D/UDP-TIMING( 1711): 6604 0 -0.342394000
D/UDP-TIMING( 1711): 6605 0 -0.349571000
D/UDP-TIMING( 1711): 6606 0 -0.350951000
D/UDP-TIMING( 1711): 6607 0 -0.350887000
D/UDP-TIMING( 1711): 6608 0 -0.350159000
D/UDP-TIMING( 1711): 6609 0 -0.350340000
D/UDP-TIMING( 1711): 6610 0 -0.350378000
D/UDP-TIMING( 1711): 6611 0 -0.350624000
D/UDP-TIMING( 1711): 6612 0 -0.350740000
D/UDP-TIMING( 1711): 6613 0 -0.350916000
D/UDP-TIMING( 1711): 6614 0 -0.333958000
D/UDP-TIMING( 1711): 6615 0 -0.350126000
D/UDP-TIMING( 1711): 6616 0 -0.343298000
D/UDP-TIMING( 1711): 6617 0 -0.341277000
D/UDP-TIMING( 1711): 6618 0 -0.350603000
D/UDP-TIMING( 1711): 6619 0 -0.350832000
D/UDP-TIMING( 1711): 6620 0 -0.350135000
D/UDP-TIMING( 1711): 6621 0 -0.350336000
D/UDP-TIMING( 1711): 6622 0 -0.349511000
D/UDP-TIMING( 1711): 6623 0 -0.350651000
D/UDP-TIMING( 1711): 6624 0 -0.351317000
D/UDP-TIMING( 1711): 6625 0 -0.346932000
D/UDP-TIMING( 1711): 6626 0 -0.351110000
D/UDP-TIMING( 1711): 6627 0 -0.339852000
D/UDP-TIMING( 1711): 6628 0 -0.271368000
D/UDP-TIMING( 1711): 6629 0 -0.350525000
D/UDP-TIMING( 1711): 6630 0 -0.321627000
D/UDP-TIMING( 1711): 6631 0 -0.341924000
D/UDP-TIMING( 1711): 6632 0 -0.262098000
D/UDP-TIMING( 1711): 6633 0 -0.342270000
D/UDP-TIMING( 1711): 6634 0 -0.350789000
D/UDP-TIMING( 1711): 6635 0 -0.333307000
D/UDP-TIMING( 1711): 6636 0 -0.350730000
D/UDP-TIMING( 1711): 6637 0 -0.350847000
D/UDP-TIMING( 1711): 6638 0 -0.351032000
D/UDP-TIMING( 1711): 6639 0 -0.350428000
D/UDP-TIMING( 1711): 6640 0 -0.350353000
D/UDP-TIMING( 1711): 6641 0 -0.350559000
D/UDP-TIMING( 1711): 6642 0 -0.350728000
D/UDP-TIMING( 1711): 6643 0 -0.350851000
D/UDP-TIMING( 1711): 6644 0 -0.351261000
D/UDP-TIMING( 1711): 6645 0 -0.351186000
D/UDP-TIMING( 1711): 6646 0 -0.350352000
D/UDP-TIMING( 1711): 6647 0 -0.350582000
D/UDP-TIMING( 1711): 6648 0 -0.351691000
D/UDP-TIMING( 1711): 6649 0 -0.350882000
D/UDP-TIMING( 1711): 6650 0 -0.349956000
D/UDP-TIMING( 1711): 6651 0 -0.350062000
D/UDP-TIMING( 1711): 6652 0 -0.342362000
D/UDP-TIMING( 1711): 6653 0 -0.350532000
D/UDP-TIMING( 1711): 6654 0 -0.342656000
D/UDP-TIMING( 1711): 6655 0 -0.349806000
D/UDP-TIMING( 1711): 6656 0 -0.350047000
D/UDP-TIMING( 1711): 6657 0 -0.351019000
D/UDP-TIMING( 1711): 6658 0 -0.351213000
D/UDP-TIMING( 1711): 6659 0 -0.351385000
D/UDP-TIMING( 1711): 6660 0 -0.349540000
D/UDP-TIMING( 1711): 6661 0 -0.350539000
D/UDP-TIMING( 1711): 6662 0 -0.350726000
D/UDP-TIMING( 1711): 6663 0 -0.337874000
D/UDP-TIMING( 1711): 6664 0 -0.349968000
D/UDP-TIMING( 1711): 6665 0 -0.351073000
D/UDP-TIMING( 1711): 6666 0 -0.350259000
D/UDP-TIMING( 1711): 6667 0 -0.349894000
D/UDP-TIMING( 1711): 6668 0 -0.352127000
D/UDP-TIMING( 1711): 6669 0 -0.176252000
D/UDP-TIMING( 1711): 6670 0 -0.276281000
D/UDP-TIMING( 1711): 6671 0 -0.333240000
D/UDP-TIMING( 1711): 6672 0 -0.273628000
D/UDP-TIMING( 1711): 6673 0 -0.350370000
D/UDP-TIMING( 1711): 6674 0 -0.278455000
D/UDP-TIMING( 1711): 6675 0 -0.342555000
D/UDP-TIMING( 1711): 6676 0 -0.341592000
D/UDP-TIMING( 1711): 6677 0 -0.350657000
D/UDP-TIMING( 1711): 6678 0 -0.351130000
D/UDP-TIMING( 1711): 6679 0 -0.351270000
D/UDP-TIMING( 1711): 6680 0 -0.350381000
D/UDP-TIMING( 1711): 6681 0 -0.348489000
D/UDP-TIMING( 1711): 6682 0 -0.349542000
D/UDP-TIMING( 1711): 6683 0 -0.350875000
D/UDP-TIMING( 1711): 6684 0 -0.350995000
D/UDP-TIMING( 1711): 6685 0 -0.350178000
D/UDP-TIMING( 1711): 6686 0 -0.350327000
D/UDP-TIMING( 1711): 6687 0 -0.328695000
D/UDP-TIMING( 1711): 6688 0 -0.343726000
D/UDP-TIMING( 1711): 6689 0 -0.351211000
D/UDP-TIMING( 1711): 6690 0 -0.340866000
D/UDP-TIMING( 1711): 6691 0 -0.351001000
D/UDP-TIMING( 1711): 6692 0 -0.350113000
D/UDP-TIMING( 1711): 6693 0 -0.341220000
D/UDP-TIMING( 1711): 6694 0 -0.331324000
D/UDP-TIMING( 1711): 6695 0 -0.350414000
D/UDP-TIMING( 1711): 6696 0 -0.351619000
D/UDP-TIMING( 1711): 6697 0 -0.350747000
D/UDP-TIMING( 1711): 6698 0 -0.341836000
D/UDP-TIMING( 1711): 6699 0 -0.348092000
D/UDP-TIMING( 1711): 6700 0 -0.348209000
D/UDP-TIMING( 1711): 6701 0 -0.350323000
D/UDP-TIMING( 1711): 6702 0 -0.342537000
D/UDP-TIMING( 1711): 6703 0 -0.342705000
D/UDP-TIMING( 1711): 6704 0 -0.350904000
D/UDP-TIMING( 1711): 6705 0 -0.351360000
D/UDP-TIMING( 1711): 6706 0 -0.342775000
D/UDP-TIMING( 1711): 6707 0 -0.350347000
D/UDP-TIMING( 1711): 6708 0 -0.350425000
D/UDP-TIMING( 1711): 6709 0 -0.350532000
D/UDP-TIMING( 1711): 6710 0 -0.350694000
D/UDP-TIMING( 1711): 6711 0 -0.342872000
D/UDP-TIMING( 1711): 6712 0 -0.351860000
D/UDP-TIMING( 1711): 6713 0 -0.351281000
D/UDP-TIMING( 1711): 6714 0 -0.351382000
D/UDP-TIMING( 1711): 6715 0 -0.343504000
D/UDP-TIMING( 1711): 6716 0 -0.350850000
D/UDP-TIMING( 1711): 6717 0 -0.342802000
D/UDP-TIMING( 1711): 6718 0 -0.341972000
D/UDP-TIMING( 1711): 6719 0 -0.350974000
D/UDP-TIMING( 1711): 6720 0 -0.335303000
D/UDP-TIMING( 1711): 6721 0 -0.342483000
D/UDP-TIMING( 1711): 6722 0 -0.351320000
D/UDP-TIMING( 1711): 6723 0 -0.334709000
D/UDP-TIMING( 1711): 6724 0 -0.350916000
D/UDP-TIMING( 1711): 6725 0 -0.351053000
D/UDP-TIMING( 1711): 6726 0 -0.350201000
D/UDP-TIMING( 1711): 6727 0 -0.341334000
D/UDP-TIMING( 1711): 6728 0 -0.343476000
D/UDP-TIMING( 1711): 6729 0 -0.350588000
D/UDP-TIMING( 1711): 6730 0 -0.350790000
D/UDP-TIMING( 1711): 6731 0 -0.341953000
D/UDP-TIMING( 1711): 6732 0 -0.349222000
D/UDP-TIMING( 1711): 6733 0 -0.350375000
D/UDP-TIMING( 1711): 6734 0 -0.350299000
D/UDP-TIMING( 1711): 6735 0 -0.342544000
D/UDP-TIMING( 1711): 6736 0 -0.350505000
D/UDP-TIMING( 1711): 6737 0 -0.334746000
D/UDP-TIMING( 1711): 6738 0 -0.350966000
D/UDP-TIMING( 1711): 6739 0 -0.335034000
D/UDP-TIMING( 1711): 6740 0 -0.350214000
D/UDP-TIMING( 1711): 6741 0 -0.325404000
D/UDP-TIMING( 1711): 6742 0 -0.333520000
D/UDP-TIMING( 1711): 6743 0 -0.342642000
D/UDP-TIMING( 1711): 6744 0 -0.351378000
D/UDP-TIMING( 1711): 6745 0 -0.342950000
D/UDP-TIMING( 1711): 6746 0 -0.343150000
D/UDP-TIMING( 1711): 6747 0 -0.344064000
D/UDP-TIMING( 1711): 6748 0 -0.342495000
D/UDP-TIMING( 1711): 6749 0 -0.343358000
D/UDP-TIMING( 1711): 6750 0 -0.349698000
D/UDP-TIMING( 1711): 6751 0 -0.339708000
D/UDP-TIMING( 1711): 6752 0 -0.343139000
D/UDP-TIMING( 1711): 6753 0 -0.343291000
D/UDP-TIMING( 1711): 6754 0 -0.350483000
D/UDP-TIMING( 1711): 6755 0 -0.330628000
D/UDP-TIMING( 1711): 6756 0 -0.340544000
D/UDP-TIMING( 1711): 6757 0 -0.350932000
D/UDP-TIMING( 1711): 6758 0 -0.289122000
D/UDP-TIMING( 1711): 6759 0 -0.350293000
D/UDP-TIMING( 1711): 6760 0 -0.341454000
D/UDP-TIMING( 1711): 6761 0 -0.351034000
D/UDP-TIMING( 1711): 6762 0 -0.350744000
D/UDP-TIMING( 1711): 6763 0 -0.350909000
D/UDP-TIMING( 1711): 6764 0 -0.350098000
D/UDP-TIMING( 1711): 6765 0 -0.342293000
D/UDP-TIMING( 1711): 6766 0 -0.342214000
D/UDP-TIMING( 1711): 6767 0 -0.350593000
D/UDP-TIMING( 1711): 6768 0 -0.350795000
D/UDP-TIMING( 1711): 6769 0 -0.350997000
D/UDP-TIMING( 1711): 6770 0 -0.350144000
D/UDP-TIMING( 1711): 6771 0 -0.342301000
D/UDP-TIMING( 1711): 6772 0 -0.342401000
D/UDP-TIMING( 1711): 6773 0 -0.342595000
D/UDP-TIMING( 1711): 6774 0 -0.341809000
D/UDP-TIMING( 1711): 6775 0 -0.350986000
D/UDP-TIMING( 1711): 6776 0 -0.334142000
D/UDP-TIMING( 1711): 6777 0 -0.344014000
D/UDP-TIMING( 1711): 6778 0 -0.351361000
D/UDP-TIMING( 1711): 6779 0 -0.342544000
D/UDP-TIMING( 1711): 6780 0 -0.350664000
D/UDP-TIMING( 1711): 6781 0 -0.349848000
D/UDP-TIMING( 1711): 6782 0 -0.343042000
D/UDP-TIMING( 1711): 6783 0 -0.343686000
D/UDP-TIMING( 1711): 6784 0 -0.350331000
D/UDP-TIMING( 1711): 6785 0 -0.342670000
D/UDP-TIMING( 1711): 6786 0 -0.342763000
D/UDP-TIMING( 1711): 6787 0 -0.342931000
D/UDP-TIMING( 1711): 6788 0 -0.351201000
D/UDP-TIMING( 1711): 6789 0 -0.350879000
D/UDP-TIMING( 1711): 6790 0 -0.350260000
D/UDP-TIMING( 1711): 6791 0 -0.350664000
D/UDP-TIMING( 1711): 6792 0 -0.350710000
D/UDP-TIMING( 1711): 6793 0 -0.341956000
D/UDP-TIMING( 1711): 6794 0 -0.341958000
D/UDP-TIMING( 1711): 6795 0 -0.342436000
D/UDP-TIMING( 1711): 6796 0 -0.342346000
D/UDP-TIMING( 1711): 6797 0 -0.342500000
D/UDP-TIMING( 1711): 6798 0 -0.351489000
D/UDP-TIMING( 1711): 6799 0 -0.350439000
D/UDP-TIMING( 1711): 6800 0 -0.351179000
D/UDP-TIMING( 1711): 6801 0 -0.343036000
D/UDP-TIMING( 1711): 6802 0 -0.350251000
D/UDP-TIMING( 1711): 6803 0 -0.342426000
D/UDP-TIMING( 1711): 6804 0 -0.349566000
D/UDP-TIMING( 1711): 6805 0 -0.349736000
D/UDP-TIMING( 1711): 6806 0 -0.347870000
D/UDP-TIMING( 1711): 6807 0 -0.349587000
D/UDP-TIMING( 1711): 6808 0 -0.339744000
D/UDP-TIMING( 1711): 6809 0 -0.338370000
D/UDP-TIMING( 1711): 6810 0 -0.348578000
D/UDP-TIMING( 1711): 6811 0 -0.351145000
D/UDP-TIMING( 1711): 6812 0 -0.350897000
D/UDP-TIMING( 1711): 6813 0 -0.351044000
D/UDP-TIMING( 1711): 6814 0 -0.351055000
D/UDP-TIMING( 1711): 6815 0 -0.351295000
D/UDP-TIMING( 1711): 6816 0 -0.350771000
D/UDP-TIMING( 1711): 6817 0 -0.350424000
D/UDP-TIMING( 1711): 6818 0 -0.350735000
D/UDP-TIMING( 1711): 6819 0 -0.340894000
D/UDP-TIMING( 1711): 6820 0 -0.341053000
D/UDP-TIMING( 1711): 6821 0 -0.349899000
D/UDP-TIMING( 1711): 6822 0 -0.350267000
D/UDP-TIMING( 1711): 6823 0 -0.351547000
D/UDP-TIMING( 1711): 6824 0 -0.341649000
D/UDP-TIMING( 1711): 6825 0 -0.341876000
D/UDP-TIMING( 1711): 6826 0 -0.342026000
D/UDP-TIMING( 1711): 6827 0 -0.342192000
D/UDP-TIMING( 1711): 6828 0 -0.350684000
D/UDP-TIMING( 1711): 6829 0 -0.350579000
D/UDP-TIMING( 1711): 6830 0 -0.342739000
D/UDP-TIMING( 1711): 6831 0 -0.342901000
D/UDP-TIMING( 1711): 6832 0 -0.351819000
D/UDP-TIMING( 1711): 6833 0 -0.350344000
D/UDP-TIMING( 1711): 6834 0 -0.343368000
D/UDP-TIMING( 1711): 6835 0 -0.333417000
D/UDP-TIMING( 1711): 6836 0 -0.341572000
D/UDP-TIMING( 1711): 6837 0 -0.333712000
D/UDP-TIMING( 1711): 6838 0 -0.350982000
D/UDP-TIMING( 1711): 6839 0 -0.342894000
D/UDP-TIMING( 1711): 6840 0 -0.343103000
D/UDP-TIMING( 1711): 6841 0 -0.350234000
D/UDP-TIMING( 1711): 6842 0 -0.351343000
D/UDP-TIMING( 1711): 6843 0 -0.342474000
D/UDP-TIMING( 1711): 6844 0 -0.351323000
D/UDP-TIMING( 1711): 6845 0 -0.350744000
D/UDP-TIMING( 1711): 6846 0 -0.350914000
D/UDP-TIMING( 1711): 6847 0 -0.347795000
D/UDP-TIMING( 1711): 6848 0 -0.351260000
D/UDP-TIMING( 1711): 6849 0 -0.352051000
D/UDP-TIMING( 1711): 6850 0 -0.350620000
D/UDP-TIMING( 1711): 6851 0 -0.342619000
D/UDP-TIMING( 1711): 6852 0 -0.350744000
D/UDP-TIMING( 1711): 6853 0 -0.350853000
D/UDP-TIMING( 1711): 6854 0 -0.350940000
D/UDP-TIMING( 1711): 6855 0 -0.351433000
D/UDP-TIMING( 1711): 6856 0 -0.350348000
D/UDP-TIMING( 1711): 6857 0 -0.350560000
D/UDP-TIMING( 1711): 6858 0 -0.335732000
D/UDP-TIMING( 1711): 6859 0 -0.350873000
D/UDP-TIMING( 1711): 6860 0 -0.342056000
D/UDP-TIMING( 1711): 6861 0 -0.351117000
D/UDP-TIMING( 1711): 6862 0 -0.343110000
D/UDP-TIMING( 1711): 6863 0 -0.351509000
D/UDP-TIMING( 1711): 6864 0 -0.334695000
D/UDP-TIMING( 1711): 6865 0 -0.343330000
D/UDP-TIMING( 1711): 6866 0 -0.351470000
D/UDP-TIMING( 1711): 6867 0 -0.335740000
D/UDP-TIMING( 1711): 6868 0 -0.343286000
D/UDP-TIMING( 1711): 6869 0 -0.335439000
D/UDP-TIMING( 1711): 6870 0 -0.335643000
D/UDP-TIMING( 1711): 6871 0 -0.350466000
D/UDP-TIMING( 1711): 6872 0 -0.325952000
D/UDP-TIMING( 1711): 6873 0 -0.334050000
D/UDP-TIMING( 1711): 6874 0 -0.350950000
D/UDP-TIMING( 1711): 6875 0 -0.334314000
D/UDP-TIMING( 1711): 6876 0 -0.343368000
D/UDP-TIMING( 1711): 6877 0 -0.350470000
D/UDP-TIMING( 1711): 6878 0 -0.350749000
D/UDP-TIMING( 1711): 6879 0 -0.342926000
D/UDP-TIMING( 1711): 6880 0 -0.350031000
D/UDP-TIMING( 1711): 6881 0 -0.343034000
D/UDP-TIMING( 1711): 6882 0 -0.351075000
D/UDP-TIMING( 1711): 6883 0 -0.342397000
D/UDP-TIMING( 1711): 6884 0 -0.340448000
D/UDP-TIMING( 1711): 6885 0 -0.348628000
D/UDP-TIMING( 1711): 6886 0 -0.348851000
D/UDP-TIMING( 1711): 6887 0 -0.351037000
D/UDP-TIMING( 1711): 6888 0 -0.321163000
D/UDP-TIMING( 1711): 6889 0 -0.341247000
D/UDP-TIMING( 1711): 6890 0 -0.341494000
D/UDP-TIMING( 1711): 6891 0 -0.341683000
D/UDP-TIMING( 1711): 6892 0 -0.341849000
D/UDP-TIMING( 1711): 6893 0 -0.350031000
D/UDP-TIMING( 1711): 6894 0 -0.342083000
D/UDP-TIMING( 1711): 6895 0 -0.350299000
D/UDP-TIMING( 1711): 6896 0 -0.322502000
D/UDP-TIMING( 1711): 6897 0 -0.342406000
D/UDP-TIMING( 1711): 6898 0 -0.342793000
D/UDP-TIMING( 1711): 6899 0 -0.342744000
D/UDP-TIMING( 1711): 6900 0 -0.350980000
D/UDP-TIMING( 1711): 6901 0 -0.351161000
D/UDP-TIMING( 1711): 6902 0 -0.342843000
D/UDP-TIMING( 1711): 6903 0 -0.350462000
D/UDP-TIMING( 1711): 6904 0 -0.343478000
D/UDP-TIMING( 1711): 6905 0 -0.349865000
D/UDP-TIMING( 1711): 6906 0 -0.349670000
D/UDP-TIMING( 1711): 6907 0 -0.343115000
D/UDP-TIMING( 1711): 6908 0 -0.350317000
