D/UDP-TIMING( 1711): 2182 0 -0.339233000
D/UDP-TIMING( 1711): 2183 0 -0.347415000
D/UDP-TIMING( 1711): 2184 0 -0.346719000
D/UDP-TIMING( 1711): 2185 0 -0.346372000
D/UDP-TIMING( 1711): 2186 0 -0.348047000
D/UDP-TIMING( 1711): 2187 0 -0.346217000
D/UDP-TIMING( 1711): 2188 0 -0.347349000
D/UDP-TIMING( 1711): 2189 0 -0.347408000
D/UDP-TIMING( 1711): 2190 0 -0.346548000
D/UDP-TIMING( 1711): 2191 0 -0.337551000
D/UDP-TIMING( 1711): 2192 0 -0.338912000
D/UDP-TIMING( 1711): 2193 0 -0.347074000
D/UDP-TIMING( 1711): 2194 0 -0.346115000
D/UDP-TIMING( 1711): 2195 0 -0.346407000
D/UDP-TIMING( 1711): 2196 0 -0.345586000
D/UDP-TIMING( 1711): 2197 0 -0.342750000
D/UDP-TIMING( 1711): 2198 0 -0.344105000
D/UDP-TIMING( 1711): 2199 0 -0.348820000
D/UDP-TIMING( 1711): 2200 0 -0.348209000
D/UDP-TIMING( 1711): 2201 0 -0.347679000
D/UDP-TIMING( 1711): 2202 0 -0.347525000
D/UDP-TIMING( 1711): 2203 0 -0.347756000
D/UDP-TIMING( 1711): 2204 0 -0.347891000
D/UDP-TIMING( 1711): 2205 0 -0.348091000
D/UDP-TIMING( 1711): 2206 0 -0.347616000
D/UDP-TIMING( 1711): 2207 0 -0.347116000
D/UDP-TIMING( 1711): 2208 0 -0.347515000
D/UDP-TIMING( 1711): 2209 0 -0.346677000
D/UDP-TIMING( 1711): 2210 0 -0.347853000
D/UDP-TIMING( 1711): 2211 0 -0.348020000
D/UDP-TIMING( 1711): 2212 0 -0.347888000
D/UDP-TIMING( 1711): 2213 0 -0.347630000
D/UDP-TIMING( 1711): 2214 0 -0.323540000
D/UDP-TIMING( 1711): 2215 0 -0.347673000
D/UDP-TIMING( 1711): 2216 0 -0.347871000
D/UDP-TIMING( 1711): 2217 0 -0.337985000
D/UDP-TIMING( 1711): 2218 0 -0.348406000
D/UDP-TIMING( 1711): 2219 0 -0.347273000
D/UDP-TIMING( 1711): 2220 0 -0.348452000
D/UDP-TIMING( 1711): 2221 0 -0.347639000
D/UDP-TIMING( 1711): 2222 0 -0.338796000
D/UDP-TIMING( 1711): 2223 0 -0.346941000
D/UDP-TIMING( 1711): 2224 0 -0.348038000
D/UDP-TIMING( 1711): 2225 0 -0.348226000
D/UDP-TIMING( 1711): 2226 0 -0.347383000
D/UDP-TIMING( 1711): 2227 0 -0.347549000
D/UDP-TIMING( 1711): 2228 0 -0.347751000
D/UDP-TIMING( 1711): 2229 0 -0.348175000
D/UDP-TIMING( 1711): 2230 0 -0.347160000
D/UDP-TIMING( 1711): 2231 0 -0.347209000
D/UDP-TIMING( 1711): 2232 0 -0.347379000
D/UDP-TIMING( 1711): 2233 0 -0.346493000
D/UDP-TIMING( 1711): 2234 0 -0.347485000
D/UDP-TIMING( 1711): 2235 0 -0.347953000
D/UDP-TIMING( 1711): 2236 0 -0.346928000
D/UDP-TIMING( 1711): 2237 0 -0.348128000
D/UDP-TIMING( 1711): 2238 0 -0.347269000
D/UDP-TIMING( 1711): 2239 0 -0.347439000
D/UDP-TIMING( 1711): 2240 0 -0.347581000
D/UDP-TIMING( 1711): 2241 0 -0.347714000
D/UDP-TIMING( 1711): 2242 0 -0.347893000
D/UDP-TIMING( 1711): 2243 0 -0.346968000
D/UDP-TIMING( 1711): 2244 0 -0.339157000
D/UDP-TIMING( 1711): 2245 0 -0.339316000
D/UDP-TIMING( 1711): 2246 0 -0.348058000
D/UDP-TIMING( 1711): 2247 0 -0.347667000
D/UDP-TIMING( 1711): 2248 0 -0.338542000
D/UDP-TIMING( 1711): 2249 0 -0.339914000
D/UDP-TIMING( 1711): 2250 0 -0.346091000
D/UDP-TIMING( 1711): 2251 0 -0.338236000
D/UDP-TIMING( 1711): 2252 0 -0.347390000
D/UDP-TIMING( 1711): 2253 0 -0.348569000
D/UDP-TIMING( 1711): 2254 0 -0.347764000
D/UDP-TIMING( 1711): 2255 0 -0.346918000
D/UDP-TIMING( 1711): 2256 0 -0.347086000
D/UDP-TIMING( 1711): 2257 0 -0.348571000
D/UDP-TIMING( 1711): 2258 0 -0.346846000
D/UDP-TIMING( 1711): 2259 0 -0.339582000
D/UDP-TIMING( 1711): 2260 0 -0.347744000
D/UDP-TIMING( 1711): 2261 0 -0.347942000
D/UDP-TIMING( 1711): 2262 0 -0.346045000
D/UDP-TIMING( 1711): 2263 0 -0.339184000
D/UDP-TIMING( 1711): 2264 0 -0.339378000
D/UDP-TIMING( 1711): 2265 0 -0.339539000
D/UDP-TIMING( 1711): 2266 0 -0.346730000
D/UDP-TIMING( 1711): 2267 0 -0.335930000
D/UDP-TIMING( 1711): 2268 0 -0.347391000
D/UDP-TIMING( 1711): 2269 0 -0.347256000
D/UDP-TIMING( 1711): 2270 0 -0.347456000
D/UDP-TIMING( 1711): 2271 0 -0.347642000
D/UDP-TIMING( 1711): 2272 0 -0.347760000
D/UDP-TIMING( 1711): 2273 0 -0.347933000
D/UDP-TIMING( 1711): 2274 0 -0.346813000
D/UDP-TIMING( 1711): 2275 0 -0.347148000
D/UDP-TIMING( 1711): 2276 0 -0.347379000
D/UDP-TIMING( 1711): 2277 0 -0.347573000
D/UDP-TIMING( 1711): 2278 0 -0.337717000
D/UDP-TIMING( 1711): 2279 0 -0.348679000
D/UDP-TIMING( 1711): 2280 0 -0.348012000
D/UDP-TIMING( 1711): 2281 0 -0.348199000
D/UDP-TIMING( 1711): 2282 0 -0.347395000
D/UDP-TIMING( 1711): 2283 0 -0.347601000
D/UDP-TIMING( 1711): 2284 0 -0.347773000
D/UDP-TIMING( 1711): 2285 0 -0.348225000
D/UDP-TIMING( 1711): 2286 0 -0.346840000
D/UDP-TIMING( 1711): 2287 0 -0.347329000
D/UDP-TIMING( 1711): 2288 0 -0.347457000
D/UDP-TIMING( 1711): 2289 0 -0.347630000
D/UDP-TIMING( 1711): 2290 0 -0.340147000
D/UDP-TIMING( 1711): 2291 0 -0.347898000
D/UDP-TIMING( 1711): 2292 0 -0.347047000
D/UDP-TIMING( 1711): 2293 0 -0.347262000
D/UDP-TIMING( 1711): 2294 0 -0.347370000
D/UDP-TIMING( 1711): 2295 0 -0.346473000
D/UDP-TIMING( 1711): 2296 0 -0.348365000
D/UDP-TIMING( 1711): 2297 0 -0.347748000
D/UDP-TIMING( 1711): 2298 0 -0.347960000
D/UDP-TIMING( 1711): 2299 0 -0.347143000
D/UDP-TIMING( 1711): 2300 0 -0.348230000
D/UDP-TIMING( 1711): 2301 0 -0.347743000
D/UDP-TIMING( 1711): 2302 0 -0.347689000
D/UDP-TIMING( 1711): 2303 0 -0.346688000
D/UDP-TIMING( 1711): 2304 0 -0.347884000
D/UDP-TIMING( 1711): 2305 0 -0.348071000
D/UDP-TIMING( 1711): 2306 0 -0.347176000
D/UDP-TIMING( 1711): 2307 0 -0.347320000
D/UDP-TIMING( 1711): 2308 0 -0.348242000
D/UDP-TIMING( 1711): 2309 0 -0.347621000
D/UDP-TIMING( 1711): 2310 0 -0.347863000
D/UDP-TIMING( 1711): 2311 0 -0.347011000
D/UDP-TIMING( 1711): 2312 0 -0.338213000
D/UDP-TIMING( 1711): 2313 0 -0.347934000
D/UDP-TIMING( 1711): 2314 0 -0.347554000
D/UDP-TIMING( 1711): 2315 0 -0.348488000
D/UDP-TIMING( 1711): 2316 0 -0.346925000
D/UDP-TIMING( 1711): 2317 0 -0.348094000
D/UDP-TIMING( 1711): 2318 0 -0.339263000
D/UDP-TIMING( 1711): 2319 0 -0.339622000
D/UDP-TIMING( 1711): 2320 0 -0.347601000
D/UDP-TIMING( 1711): 2321 0 -0.346793000
D/UDP-TIMING( 1711): 2322 0 -0.347715000
D/UDP-TIMING( 1711): 2323 0 -0.347121000
D/UDP-TIMING( 1711): 2324 0 -0.344299000
D/UDP-TIMING( 1711): 2325 0 -0.339445000
D/UDP-TIMING( 1711): 2326 0 -0.347630000
D/UDP-TIMING( 1711): 2327 0 -0.339802000
D/UDP-TIMING( 1711): 2328 0 -0.347933000
D/UDP-TIMING( 1711): 2329 0 -0.347748000
D/UDP-TIMING( 1711): 2330 0 -0.347693000
D/UDP-TIMING( 1711): 2331 0 -0.347419000
D/UDP-TIMING( 1711): 2332 0 -0.347531000
D/UDP-TIMING( 1711): 2333 0 -0.346683000
D/UDP-TIMING( 1711): 2334 0 -0.347881000
D/UDP-TIMING( 1711): 2335 0 -0.337050000
D/UDP-TIMING( 1711): 2336 0 -0.337209000
D/UDP-TIMING( 1711): 2337 0 -0.337853000
D/UDP-TIMING( 1711): 2338 0 -0.347698000
D/UDP-TIMING( 1711): 2339 0 -0.337732000
D/UDP-TIMING( 1711): 2340 0 -0.346888000
D/UDP-TIMING( 1711): 2341 0 -0.348023000
D/UDP-TIMING( 1711): 2342 0 -0.347176000
D/UDP-TIMING( 1711): 2343 0 -0.347416000
D/UDP-TIMING( 1711): 2344 0 -0.347573000
D/UDP-TIMING( 1711): 2345 0 -0.347726000
D/UDP-TIMING( 1711): 2346 0 -0.338874000
D/UDP-TIMING( 1711): 2347 0 -0.347027000
D/UDP-TIMING( 1711): 2348 0 -0.339230000
D/UDP-TIMING( 1711): 2349 0 -0.347409000
D/UDP-TIMING( 1711): 2350 0 -0.339656000
D/UDP-TIMING( 1711): 2351 0 -0.347665000
D/UDP-TIMING( 1711): 2352 0 -0.338882000
D/UDP-TIMING( 1711): 2353 0 -0.347004000
D/UDP-TIMING( 1711): 2354 0 -0.347365000
D/UDP-TIMING( 1711): 2355 0 -0.347413000
D/UDP-TIMING( 1711): 2356 0 -0.347588000
D/UDP-TIMING( 1711): 2357 0 -0.347911000
D/UDP-TIMING( 1711): 2358 0 -0.348022000
D/UDP-TIMING( 1711): 2359 0 -0.347241000
D/UDP-TIMING( 1711): 2360 0 -0.347413000
D/UDP-TIMING( 1711): 2361 0 -0.347476000
D/UDP-TIMING( 1711): 2362 0 -0.342595000
D/UDP-TIMING( 1711): 2363 0 -0.348484000
D/UDP-TIMING( 1711): 2364 0 -0.347901000
D/UDP-TIMING( 1711): 2365 0 -0.337151000
D/UDP-TIMING( 1711): 2366 0 -0.347302000
D/UDP-TIMING( 1711): 2367 0 -0.347457000
D/UDP-TIMING( 1711): 2368 0 -0.347338000
D/UDP-TIMING( 1711): 2369 0 -0.340013000
D/UDP-TIMING( 1711): 2370 0 -0.348721000
D/dalvikvm(  421): GC_CONCURRENT freed 425K, 4% free 14555K/15111K, paused 5ms+2ms
D/UDP-TIMING( 1711): 2371 0 -0.348088000
D/UDP-TIMING( 1711): 2372 0 -0.347265000
D/UDP-TIMING( 1711): 2373 0 -0.347324000
D/UDP-TIMING( 1711): 2374 0 -0.349344000
D/UDP-TIMING( 1711): 2375 0 -0.347729000
D/UDP-TIMING( 1711): 2376 0 -0.347914000
D/UDP-TIMING( 1711): 2377 0 -0.346971000
D/UDP-TIMING( 1711): 2378 0 -0.345234000
D/UDP-TIMING( 1711): 2379 0 -0.347100000
D/UDP-TIMING( 1711): 2380 0 -0.348323000
D/UDP-TIMING( 1711): 2381 0 -0.347714000
D/UDP-TIMING( 1711): 2382 0 -0.339898000
D/UDP-TIMING( 1711): 2383 0 -0.348052000
D/UDP-TIMING( 1711): 2384 0 -0.347661000
D/UDP-TIMING( 1711): 2385 0 -0.347652000
D/UDP-TIMING( 1711): 2386 0 -0.347479000
D/UDP-TIMING( 1711): 2387 0 -0.348061000
D/UDP-TIMING( 1711): 2388 0 -0.347831000
D/UDP-TIMING( 1711): 2389 0 -0.345733000
D/UDP-TIMING( 1711): 2390 0 -0.348482000
D/UDP-TIMING( 1711): 2391 0 -0.347099000
D/UDP-TIMING( 1711): 2392 0 -0.347500000
D/UDP-TIMING( 1711): 2393 0 -0.346664000
D/UDP-TIMING( 1711): 2394 0 -0.347672000
D/UDP-TIMING( 1711): 2395 0 -0.346978000
D/UDP-TIMING( 1711): 2396 0 -0.346883000
D/UDP-TIMING( 1711): 2397 0 -0.347618000
D/UDP-TIMING( 1711): 2398 0 -0.346431000
D/UDP-TIMING( 1711): 2399 0 -0.346601000
D/UDP-TIMING( 1711): 2400 0 -0.337823000
D/UDP-TIMING( 1711): 2401 0 -0.347957000
D/UDP-TIMING( 1711): 2402 0 -0.348451000
D/UDP-TIMING( 1711): 2403 0 -0.347301000
D/UDP-TIMING( 1711): 2404 0 -0.347486000
D/UDP-TIMING( 1711): 2405 0 -0.338644000
D/UDP-TIMING( 1711): 2406 0 -0.345781000
D/UDP-TIMING( 1711): 2407 0 -0.348019000
D/UDP-TIMING( 1711): 2408 0 -0.338822000
D/UDP-TIMING( 1711): 2409 0 -0.339100000
D/UDP-TIMING( 1711): 2410 0 -0.347345000
D/UDP-TIMING( 1711): 2411 0 -0.347196000
D/UDP-TIMING( 1711): 2412 0 -0.347657000
D/UDP-TIMING( 1711): 2413 0 -0.348506000
D/UDP-TIMING( 1711): 2414 0 -0.347870000
D/UDP-TIMING( 1711): 2415 0 -0.340087000
D/UDP-TIMING( 1711): 2416 0 -0.347262000
D/UDP-TIMING( 1711): 2417 0 -0.347414000
D/UDP-TIMING( 1711): 2418 0 -0.347453000
D/UDP-TIMING( 1711): 2419 0 -0.345748000
D/UDP-TIMING( 1711): 2420 0 -0.347894000
D/UDP-TIMING( 1711): 2421 0 -0.347089000
D/UDP-TIMING( 1711): 2422 0 -0.347246000
D/UDP-TIMING( 1711): 2423 0 -0.347359000
D/UDP-TIMING( 1711): 2424 0 -0.348308000
D/UDP-TIMING( 1711): 2425 0 -0.347665000
D/UDP-TIMING( 1711): 2426 0 -0.336928000
D/UDP-TIMING( 1711): 2427 0 -0.348007000
D/UDP-TIMING( 1711): 2428 0 -0.339170000
D/UDP-TIMING( 1711): 2429 0 -0.347316000
D/UDP-TIMING( 1711): 2430 0 -0.339184000
D/UDP-TIMING( 1711): 2431 0 -0.344544000
D/UDP-TIMING( 1711): 2432 0 -0.347856000
D/UDP-TIMING( 1711): 2433 0 -0.343993000
D/UDP-TIMING( 1711): 2434 0 -0.344192000
D/UDP-TIMING( 1711): 2435 0 -0.343339000
D/UDP-TIMING( 1711): 2436 0 -0.338464000
D/UDP-TIMING( 1711): 2437 0 -0.342648000
D/UDP-TIMING( 1711): 2438 0 -0.345826000
D/UDP-TIMING( 1711): 2439 0 -0.345938000
D/UDP-TIMING( 1711): 2440 0 -0.345098000
D/UDP-TIMING( 1711): 2441 0 -0.343275000
D/UDP-TIMING( 1711): 2442 0 -0.339446000
D/UDP-TIMING( 1711): 2443 0 -0.347311000
D/UDP-TIMING( 1711): 2444 0 -0.339820000
D/UDP-TIMING( 1711): 2445 0 -0.347828000
D/UDP-TIMING( 1711): 2446 0 -0.348080000
D/UDP-TIMING( 1711): 2447 0 -0.347833000
D/UDP-TIMING( 1711): 2448 0 -0.347473000
D/UDP-TIMING( 1711): 2449 0 -0.347660000
D/UDP-TIMING( 1711): 2450 0 -0.339787000
D/UDP-TIMING( 1711): 2451 0 -0.347913000
D/UDP-TIMING( 1711): 2452 0 -0.348521000
D/UDP-TIMING( 1711): 2453 0 -0.346021000
D/UDP-TIMING( 1711): 2454 0 -0.347400000
D/UDP-TIMING( 1711): 2455 0 -0.347565000
D/UDP-TIMING( 1711): 2456 0 -0.347719000
D/UDP-TIMING( 1711): 2457 0 -0.346900000
D/UDP-TIMING( 1711): 2458 0 -0.346814000
D/UDP-TIMING( 1711): 2459 0 -0.336959000
D/UDP-TIMING( 1711): 2460 0 -0.347368000
D/UDP-TIMING( 1711): 2461 0 -0.337618000
D/UDP-TIMING( 1711): 2462 0 -0.340547000
D/UDP-TIMING( 1711): 2463 0 -0.327921000
D/UDP-TIMING( 1711): 2464 0 -0.348099000
D/UDP-TIMING( 1711): 2465 0 -0.337263000
D/UDP-TIMING( 1711): 2466 0 -0.348405000
D/UDP-TIMING( 1711): 2467 0 -0.347583000
D/UDP-TIMING( 1711): 2468 0 -0.347525000
D/UDP-TIMING( 1711): 2469 0 -0.347103000
D/UDP-TIMING( 1711): 2470 0 -0.347809000
D/UDP-TIMING( 1711): 2471 0 -0.348234000
D/UDP-TIMING( 1711): 2472 0 -0.329354000
D/UDP-TIMING( 1711): 2473 0 -0.339594000
D/UDP-TIMING( 1711): 2474 0 -0.340160000
D/UDP-TIMING( 1711): 2475 0 -0.338733000
D/UDP-TIMING( 1711): 2476 0 -0.340015000
D/UDP-TIMING( 1711): 2477 0 -0.347188000
D/UDP-TIMING( 1711): 2478 0 -0.347352000
D/UDP-TIMING( 1711): 2479 0 -0.347506000
D/UDP-TIMING( 1711): 2480 0 -0.348311000
D/UDP-TIMING( 1711): 2481 0 -0.339774000
D/UDP-TIMING( 1711): 2482 0 -0.348728000
D/UDP-TIMING( 1711): 2483 0 -0.347130000
D/UDP-TIMING( 1711): 2484 0 -0.347331000
D/UDP-TIMING( 1711): 2485 0 -0.347409000
D/UDP-TIMING( 1711): 2486 0 -0.338926000
D/UDP-TIMING( 1711): 2487 0 -0.347867000
D/UDP-TIMING( 1711): 2488 0 -0.348052000
D/UDP-TIMING( 1711): 2489 0 -0.347875000
D/UDP-TIMING( 1711): 2490 0 -0.347364000
D/UDP-TIMING( 1711): 2491 0 -0.348733000
D/UDP-TIMING( 1711): 2492 0 -0.347306000
D/UDP-TIMING( 1711): 2493 0 -0.346804000
D/UDP-TIMING( 1711): 2494 0 -0.340031000
D/UDP-TIMING( 1711): 2495 0 -0.348186000
D/UDP-TIMING( 1711): 2496 0 -0.347484000
D/UDP-TIMING( 1711): 2497 0 -0.348121000
D/UDP-TIMING( 1711): 2498 0 -0.338879000
D/UDP-TIMING( 1711): 2499 0 -0.338857000
D/UDP-TIMING( 1711): 2500 0 -0.347772000
D/UDP-TIMING( 1711): 2501 0 -0.347168000
D/UDP-TIMING( 1711): 2502 0 -0.339268000
D/UDP-TIMING( 1711): 2503 0 -0.347542000
D/UDP-TIMING( 1711): 2504 0 -0.347666000
D/UDP-TIMING( 1711): 2505 0 -0.347777000
D/UDP-TIMING( 1711): 2506 0 -0.346923000
D/UDP-TIMING( 1711): 2507 0 -0.111084000
D/UDP-TIMING( 1711): 2508 0 -0.211157000
D/UDP-TIMING( 1711): 2509 0 -0.311259000
D/UDP-TIMING( 1711): 2510 0 -0.347533000
D/UDP-TIMING( 1711): 2511 0 -0.347684000
D/UDP-TIMING( 1711): 2512 0 -0.285855000
D/UDP-TIMING( 1711): 2513 0 -0.347983000
D/UDP-TIMING( 1711): 2514 0 -0.347611000
D/UDP-TIMING( 1711): 2515 0 -0.347244000
D/UDP-TIMING( 1711): 2516 0 -0.347417000
D/UDP-TIMING( 1711): 2517 0 -0.347586000
D/UDP-TIMING( 1711): 2518 0 -0.347764000
D/UDP-TIMING( 1711): 2519 0 -0.348390000
D/UDP-TIMING( 1711): 2520 0 -0.348132000
D/UDP-TIMING( 1711): 2521 0 -0.348298000
D/UDP-TIMING( 1711): 2522 0 -0.337445000
D/UDP-TIMING( 1711): 2523 0 -0.347634000
D/UDP-TIMING( 1711): 2524 0 -0.348051000
D/UDP-TIMING( 1711): 2525 0 -0.347898000
D/UDP-TIMING( 1711): 2526 0 -0.348039000
D/UDP-TIMING( 1711): 2527 0 -0.347307000
D/UDP-TIMING( 1711): 2528 0 -0.338341000
D/UDP-TIMING( 1711): 2529 0 -0.346589000
D/UDP-TIMING( 1711): 2530 0 -0.348484000
D/UDP-TIMING( 1711): 2531 0 -0.347847000
D/UDP-TIMING( 1711): 2532 0 -0.348061000
D/UDP-TIMING( 1711): 2533 0 -0.348092000
D/UDP-TIMING( 1711): 2534 0 -0.347267000
D/UDP-TIMING( 1711): 2535 0 -0.347481000
D/UDP-TIMING( 1711): 2536 0 -0.347897000
D/UDP-TIMING( 1711): 2537 0 -0.347842000
D/UDP-TIMING( 1711): 2538 0 -0.347994000
D/UDP-TIMING( 1711): 2539 0 -0.347136000
D/UDP-TIMING( 1711): 2540 0 -0.347230000
D/UDP-TIMING( 1711): 2541 0 -0.339727000
D/UDP-TIMING( 1711): 2542 0 -0.347468000
D/UDP-TIMING( 1711): 2543 0 -0.347772000
D/UDP-TIMING( 1711): 2544 0 -0.347934000
D/UDP-TIMING( 1711): 2545 0 -0.348119000
D/UDP-TIMING( 1711): 2546 0 -0.348229000
D/UDP-TIMING( 1711): 2547 0 -0.348600000
D/UDP-TIMING( 1711): 2548 0 -0.347384000
D/UDP-TIMING( 1711): 2549 0 -0.347728000
D/UDP-TIMING( 1711): 2550 0 -0.347766000
D/UDP-TIMING( 1711): 2551 0 -0.347953000
D/UDP-TIMING( 1711): 2552 0 -0.346995000
D/UDP-TIMING( 1711): 2553 0 -0.348350000
D/UDP-TIMING( 1711): 2554 0 -0.339577000
D/UDP-TIMING( 1711): 2555 0 -0.347741000
D/UDP-TIMING( 1711): 2556 0 -0.339982000
D/UDP-TIMING( 1711): 2557 0 -0.347843000
D/UDP-TIMING( 1711): 2558 0 -0.340568000
D/UDP-TIMING( 1711): 2559 0 -0.347380000
D/UDP-TIMING( 1711): 2560 0 -0.347583000
D/UDP-TIMING( 1711): 2561 0 -0.347589000
D/UDP-TIMING( 1711): 2562 0 -0.346750000
D/UDP-TIMING( 1711): 2563 0 -0.347998000
D/UDP-TIMING( 1711): 2564 0 -0.345837000
D/UDP-TIMING( 1711): 2565 0 -0.348328000
D/UDP-TIMING( 1711): 2566 0 -0.347549000
D/UDP-TIMING( 1711): 2567 0 -0.346720000
D/UDP-TIMING( 1711): 2568 0 -0.339887000
D/UDP-TIMING( 1711): 2569 0 -0.347366000
D/UDP-TIMING( 1711): 2570 0 -0.347187000
D/UDP-TIMING( 1711): 2571 0 -0.347347000
D/UDP-TIMING( 1711): 2572 0 -0.339482000
D/UDP-TIMING( 1711): 2573 0 -0.347585000
D/UDP-TIMING( 1711): 2574 0 -0.348129000
D/UDP-TIMING( 1711): 2575 0 -0.347894000
D/UDP-TIMING( 1711): 2576 0 -0.348127000
D/UDP-TIMING( 1711): 2577 0 -0.347223000
D/UDP-TIMING( 1711): 2578 0 -0.347329000
D/UDP-TIMING( 1711): 2579 0 -0.347530000
D/UDP-TIMING( 1711): 2580 0 -0.347509000
D/UDP-TIMING( 1711): 2581 0 -0.347779000
D/UDP-TIMING( 1711): 2582 0 -0.348062000
D/UDP-TIMING( 1711): 2583 0 -0.348214000
D/UDP-TIMING( 1711): 2584 0 -0.347395000
D/UDP-TIMING( 1711): 2585 0 -0.337492000
D/UDP-TIMING( 1711): 2586 0 -0.337635000
D/UDP-TIMING( 1711): 2587 0 -0.337640000
D/UDP-TIMING( 1711): 2588 0 -0.327880000
D/UDP-TIMING( 1711): 2589 0 -0.338071000
D/UDP-TIMING( 1711): 2590 0 -0.347204000
D/UDP-TIMING( 1711): 2591 0 -0.347356000
D/UDP-TIMING( 1711): 2592 0 -0.338543000
D/UDP-TIMING( 1711): 2593 0 -0.347700000
D/UDP-TIMING( 1711): 2594 0 -0.347854000
D/UDP-TIMING( 1711): 2595 0 -0.348036000
D/UDP-TIMING( 1711): 2596 0 -0.338835000
D/UDP-TIMING( 1711): 2597 0 -0.339203000
D/UDP-TIMING( 1711): 2598 0 -0.348211000
D/UDP-TIMING( 1711): 2599 0 -0.339607000
D/UDP-TIMING( 1711): 2600 0 -0.347792000
D/UDP-TIMING( 1711): 2601 0 -0.347915000
D/UDP-TIMING( 1711): 2602 0 -0.347717000
D/UDP-TIMING( 1711): 2603 0 -0.339524000
D/UDP-TIMING( 1711): 2604 0 -0.347439000
D/UDP-TIMING( 1711): 2605 0 -0.347971000
D/UDP-TIMING( 1711): 2606 0 -0.347768000
D/UDP-TIMING( 1711): 2607 0 -0.339959000
D/UDP-TIMING( 1711): 2608 0 -0.340524000
D/UDP-TIMING( 1711): 2609 0 -0.347240000
D/UDP-TIMING( 1711): 2610 0 -0.347452000
D/UDP-TIMING( 1711): 2611 0 -0.347601000
D/UDP-TIMING( 1711): 2612 0 -0.338747000
D/UDP-TIMING( 1711): 2613 0 -0.338904000
D/UDP-TIMING( 1711): 2614 0 -0.348077000
D/UDP-TIMING( 1711): 2615 0 -0.347189000
D/UDP-TIMING( 1711): 2616 0 -0.347364000
D/UDP-TIMING( 1711): 2617 0 -0.347433000
D/UDP-TIMING( 1711): 2618 0 -0.347616000
D/UDP-TIMING( 1711): 2619 0 -0.346533000
D/UDP-TIMING( 1711): 2620 0 -0.337934000
D/UDP-TIMING( 1711): 2621 0 -0.347091000
D/UDP-TIMING( 1711): 2622 0 -0.348236000
D/UDP-TIMING( 1711): 2623 0 -0.347427000
D/UDP-TIMING( 1711): 2624 0 -0.347407000
D/UDP-TIMING( 1711): 2625 0 -0.344767000
D/UDP-TIMING( 1711): 2626 0 -0.346889000
D/UDP-TIMING( 1711): 2627 0 -0.347000000
D/UDP-TIMING( 1711): 2628 0 -0.346312000
D/UDP-TIMING( 1711): 2629 0 -0.346479000
D/UDP-TIMING( 1711): 2630 0 -0.347617000
D/UDP-TIMING( 1711): 2631 0 -0.347299000
D/UDP-TIMING( 1711): 2632 0 -0.347942000
D/UDP-TIMING( 1711): 2633 0 -0.348105000
D/UDP-TIMING( 1711): 2634 0 -0.347249000
D/UDP-TIMING( 1711): 2635 0 -0.340417000
D/UDP-TIMING( 1711): 2636 0 -0.340291000
D/UDP-TIMING( 1711): 2637 0 -0.347735000
D/UDP-TIMING( 1711): 2638 0 -0.347891000
D/UDP-TIMING( 1711): 2639 0 -0.347040000
D/UDP-TIMING( 1711): 2640 0 -0.347193000
D/UDP-TIMING( 1711): 2641 0 -0.346381000
D/UDP-TIMING( 1711): 2642 0 -0.347187000
D/UDP-TIMING( 1711): 2643 0 -0.347716000
D/UDP-TIMING( 1711): 2644 0 -0.347914000
D/UDP-TIMING( 1711): 2645 0 -0.348077000
D/UDP-TIMING( 1711): 2646 0 -0.348565000
D/UDP-TIMING( 1711): 2647 0 -0.345390000
D/UDP-TIMING( 1711): 2648 0 -0.348289000
D/UDP-TIMING( 1711): 2649 0 -0.346510000
D/UDP-TIMING( 1711): 2650 0 -0.347933000
D/UDP-TIMING( 1711): 2651 0 -0.338079000
D/UDP-TIMING( 1711): 2652 0 -0.346190000
D/UDP-TIMING( 1711): 2653 0 -0.338049000
D/UDP-TIMING( 1711): 2654 0 -0.328493000
D/UDP-TIMING( 1711): 2655 0 -0.338677000
D/UDP-TIMING( 1711): 2656 0 -0.345568000
D/UDP-TIMING( 1711): 2657 0 -0.337979000
D/UDP-TIMING( 1711): 2658 0 -0.345116000
D/UDP-TIMING( 1711): 2659 0 -0.347223000
D/UDP-TIMING( 1711): 2660 0 -0.344441000
D/UDP-TIMING( 1711): 2661 0 -0.347489000
D/UDP-TIMING( 1711): 2662 0 -0.339607000
D/UDP-TIMING( 1711): 2663 0 -0.339450000
D/UDP-TIMING( 1711): 2664 0 -0.339874000
D/UDP-TIMING( 1711): 2665 0 -0.347988000
D/UDP-TIMING( 1711): 2666 0 -0.339103000
D/UDP-TIMING( 1711): 2667 0 -0.347249000
D/UDP-TIMING( 1711): 2668 0 -0.347347000
D/UDP-TIMING( 1711): 2669 0 -0.347159000
D/UDP-TIMING( 1711): 2670 0 -0.347551000
D/UDP-TIMING( 1711): 2671 0 -0.339780000
D/UDP-TIMING( 1711): 2672 0 -0.336259000
D/UDP-TIMING( 1711): 2673 0 -0.340151000
D/UDP-TIMING( 1711): 2674 0 -0.340171000
D/UDP-TIMING( 1711): 2675 0 -0.347723000
D/UDP-TIMING( 1711): 2676 0 -0.347678000
D/UDP-TIMING( 1711): 2677 0 -0.347799000
D/UDP-TIMING( 1711): 2678 0 -0.347917000
D/UDP-TIMING( 1711): 2679 0 -0.347809000
D/UDP-TIMING( 1711): 2680 0 -0.339235000
D/UDP-TIMING( 1711): 2681 0 -0.347367000
D/UDP-TIMING( 1711): 2682 0 -0.337555000
D/UDP-TIMING( 1711): 2683 0 -0.347762000
D/UDP-TIMING( 1711): 2684 0 -0.347922000
D/UDP-TIMING( 1711): 2685 0 -0.338075000
D/UDP-TIMING( 1711): 2686 0 -0.338267000
D/UDP-TIMING( 1711): 2687 0 -0.338712000
D/UDP-TIMING( 1711): 2688 0 -0.347562000
D/UDP-TIMING( 1711): 2689 0 -0.347727000
D/UDP-TIMING( 1711): 2690 0 -0.346867000
D/UDP-TIMING( 1711): 2691 0 -0.348665000
D/UDP-TIMING( 1711): 2692 0 -0.348086000
D/UDP-TIMING( 1711): 2693 0 -0.339229000
D/UDP-TIMING( 1711): 2694 0 -0.339350000
D/UDP-TIMING( 1711): 2695 0 -0.347494000
D/UDP-TIMING( 1711): 2696 0 -0.346610000
D/UDP-TIMING( 1711): 2697 0 -0.347535000
D/UDP-TIMING( 1711): 2698 0 -0.346794000
D/UDP-TIMING( 1711): 2699 0 -0.347981000
D/UDP-TIMING( 1711): 2700 0 -0.347947000
D/UDP-TIMING( 1711): 2701 0 -0.347981000
D/UDP-TIMING( 1711): 2702 0 -0.339307000
D/UDP-TIMING( 1711): 2703 0 -0.346968000
D/UDP-TIMING( 1711): 2704 0 -0.346573000
D/UDP-TIMING( 1711): 2705 0 -0.339706000
D/UDP-TIMING( 1711): 2706 0 -0.347816000
D/UDP-TIMING( 1711): 2707 0 -0.340063000
D/UDP-TIMING( 1711): 2708 0 -0.348025000
D/UDP-TIMING( 1711): 2709 0 -0.348234000
D/UDP-TIMING( 1711): 2710 0 -0.340454000
D/UDP-TIMING( 1711): 2711 0 -0.347630000
D/UDP-TIMING( 1711): 2712 0 -0.347670000
D/UDP-TIMING( 1711): 2713 0 -0.348348000
D/UDP-TIMING( 1711): 2714 0 -0.337007000
D/UDP-TIMING( 1711): 2715 0 -0.348314000
D/UDP-TIMING( 1711): 2716 0 -0.348432000
D/UDP-TIMING( 1711): 2717 0 -0.347422000
D/UDP-TIMING( 1711): 2718 0 -0.347506000
D/UDP-TIMING( 1711): 2719 0 -0.347788000
D/UDP-TIMING( 1711): 2720 0 -0.347930000
D/UDP-TIMING( 1711): 2721 0 -0.347972000
D/UDP-TIMING( 1711): 2722 0 -0.348293000
D/UDP-TIMING( 1711): 2723 0 -0.338444000
D/UDP-TIMING( 1711): 2724 0 -0.347364000
D/UDP-TIMING( 1711): 2725 0 -0.347652000
D/UDP-TIMING( 1711): 2726 0 -0.347971000
D/UDP-TIMING( 1711): 2727 0 -0.339137000
D/UDP-TIMING( 1711): 2728 0 -0.348333000
D/UDP-TIMING( 1711): 2729 0 -0.347484000
D/UDP-TIMING( 1711): 2730 0 -0.347615000
D/UDP-TIMING( 1711): 2731 0 -0.347812000
D/UDP-TIMING( 1711): 2732 0 -0.347854000
D/UDP-TIMING( 1711): 2733 0 -0.347979000
D/UDP-TIMING( 1711): 2734 0 -0.348115000
D/UDP-TIMING( 1711): 2735 0 -0.348586000
D/UDP-TIMING( 1711): 2736 0 -0.339449000
D/UDP-TIMING( 1711): 2737 0 -0.348218000
D/UDP-TIMING( 1711): 2738 0 -0.339749000
D/UDP-TIMING( 1711): 2739 0 -0.339915000
D/UDP-TIMING( 1711): 2740 0 -0.347088000
D/UDP-TIMING( 1711): 2741 0 -0.348185000
D/UDP-TIMING( 1711): 2742 0 -0.347320000
D/UDP-TIMING( 1711): 2743 0 -0.347458000
D/UDP-TIMING( 1711): 2744 0 -0.347754000
D/UDP-TIMING( 1711): 2745 0 -0.347724000
D/UDP-TIMING( 1711): 2746 0 -0.348615000
D/UDP-TIMING( 1711): 2747 0 -0.348012000
D/UDP-TIMING( 1711): 2748 0 -0.348229000
D/UDP-TIMING( 1711): 2749 0 -0.348348000
D/UDP-TIMING( 1711): 2750 0 -0.347527000
D/UDP-TIMING( 1711): 2751 0 -0.347518000
D/UDP-TIMING( 1711): 2752 0 -0.348801000
D/UDP-TIMING( 1711): 2753 0 -0.347975000
D/UDP-TIMING( 1711): 2754 0 -0.348088000
D/UDP-TIMING( 1711): 2755 0 -0.348290000
D/UDP-TIMING( 1711): 2756 0 -0.347451000
D/UDP-TIMING( 1711): 2757 0 -0.347593000
D/UDP-TIMING( 1711): 2758 0 -0.347391000
D/UDP-TIMING( 1711): 2759 0 -0.347958000
D/UDP-TIMING( 1711): 2760 0 -0.339157000
D/UDP-TIMING( 1711): 2761 0 -0.347315000
D/UDP-TIMING( 1711): 2762 0 -0.339471000
D/UDP-TIMING( 1711): 2763 0 -0.348143000
D/UDP-TIMING( 1711): 2764 0 -0.347509000
D/UDP-TIMING( 1711): 2765 0 -0.347971000
D/UDP-TIMING( 1711): 2766 0 -0.339186000
D/UDP-TIMING( 1711): 2767 0 -0.348128000
D/UDP-TIMING( 1711): 2768 0 -0.347870000
D/UDP-TIMING( 1711): 2769 0 -0.347715000
D/UDP-TIMING( 1711): 2770 0 -0.347843000
D/UDP-TIMING( 1711): 2771 0 -0.348030000
D/UDP-TIMING( 1711): 2772 0 -0.340951000
D/UDP-TIMING( 1711): 2773 0 -0.348734000
D/UDP-TIMING( 1711): 2774 0 -0.348187000
D/UDP-TIMING( 1711): 2775 0 -0.347607000
D/UDP-TIMING( 1711): 2776 0 -0.347829000
D/UDP-TIMING( 1711): 2777 0 -0.347983000
D/UDP-TIMING( 1711): 2778 0 -0.348132000
D/UDP-TIMING( 1711): 2779 0 -0.347349000
D/UDP-TIMING( 1711): 2780 0 -0.348450000
D/UDP-TIMING( 1711): 2781 0 -0.348424000
D/UDP-TIMING( 1711): 2782 0 -0.347818000
D/UDP-TIMING( 1711): 2783 0 -0.348002000
D/UDP-TIMING( 1711): 2784 0 -0.347150000
D/UDP-TIMING( 1711): 2785 0 -0.338350000
D/UDP-TIMING( 1711): 2786 0 -0.347474000
D/UDP-TIMING( 1711): 2787 0 -0.347654000
D/UDP-TIMING( 1711): 2788 0 -0.348213000
D/UDP-TIMING( 1711): 2789 0 -0.338929000
D/UDP-TIMING( 1711): 2790 0 -0.348372000
D/UDP-TIMING( 1711): 2791 0 -0.346999000
D/UDP-TIMING( 1711): 2792 0 -0.347301000
D/UDP-TIMING( 1711): 2793 0 -0.347544000
D/UDP-TIMING( 1711): 2794 0 -0.339656000
D/UDP-TIMING( 1711): 2795 0 -0.347713000
D/UDP-TIMING( 1711): 2796 0 -0.346982000
D/UDP-TIMING( 1711): 2797 0 -0.347487000
D/UDP-TIMING( 1711): 2798 0 -0.339386000
D/UDP-TIMING( 1711): 2799 0 -0.347584000
D/UDP-TIMING( 1711): 2800 0 -0.339722000
D/UDP-TIMING( 1711): 2801 0 -0.347846000
D/UDP-TIMING( 1711): 2802 0 -0.348309000
D/UDP-TIMING( 1711): 2803 0 -0.348221000
D/UDP-TIMING( 1711): 2804 0 -0.347398000
D/UDP-TIMING( 1711): 2805 0 -0.348525000
D/UDP-TIMING( 1711): 2806 0 -0.346709000
D/UDP-TIMING( 1711): 2807 0 -0.347966000
D/UDP-TIMING( 1711): 2808 0 -0.347753000
D/UDP-TIMING( 1711): 2809 0 -0.339134000
D/UDP-TIMING( 1711): 2810 0 -0.347330000
D/UDP-TIMING( 1711): 2811 0 -0.339502000
D/UDP-TIMING( 1711): 2812 0 -0.339656000
D/UDP-TIMING( 1711): 2813 0 -0.348541000
D/UDP-TIMING( 1711): 2814 0 -0.347962000
D/UDP-TIMING( 1711): 2815 0 -0.348145000
D/UDP-TIMING( 1711): 2816 0 -0.340338000
D/UDP-TIMING( 1711): 2817 0 -0.347494000
D/UDP-TIMING( 1711): 2818 0 -0.347859000
D/UDP-TIMING( 1711): 2819 0 -0.338997000
D/UDP-TIMING( 1711): 2820 0 -0.347987000
D/UDP-TIMING( 1711): 2821 0 -0.339153000
D/UDP-TIMING( 1711): 2822 0 -0.347198000
D/UDP-TIMING( 1711): 2823 0 -0.339520000
D/UDP-TIMING( 1711): 2824 0 -0.347607000
D/UDP-TIMING( 1711): 2825 0 -0.348570000
D/UDP-TIMING( 1711): 2826 0 -0.347974000
D/UDP-TIMING( 1711): 2827 0 -0.340150000
D/UDP-TIMING( 1711): 2828 0 -0.347290000
D/UDP-TIMING( 1711): 2829 0 -0.348350000
D/UDP-TIMING( 1711): 2830 0 -0.341118000
D/UDP-TIMING( 1711): 2831 0 -0.347715000
D/UDP-TIMING( 1711): 2832 0 -0.348026000
D/UDP-TIMING( 1711): 2833 0 -0.348033000
D/UDP-TIMING( 1711): 2834 0 -0.348202000
D/UDP-TIMING( 1711): 2835 0 -0.348918000
D/UDP-TIMING( 1711): 2836 0 -0.348581000
D/UDP-TIMING( 1711): 2837 0 -0.347792000
D/UDP-TIMING( 1711): 2838 0 -0.347915000
D/UDP-TIMING( 1711): 2839 0 -0.348445000
D/UDP-TIMING( 1711): 2840 0 -0.347909000
D/UDP-TIMING( 1711): 2841 0 -0.348393000
D/UDP-TIMING( 1711): 2842 0 -0.347496000
D/UDP-TIMING( 1711): 2843 0 -0.348653000
D/UDP-TIMING( 1711): 2844 0 -0.347798000
D/UDP-TIMING( 1711): 2845 0 -0.337947000
D/UDP-TIMING( 1711): 2846 0 -0.347809000
D/UDP-TIMING( 1711): 2847 0 -0.347692000
D/UDP-TIMING( 1711): 2848 0 -0.347464000
D/UDP-TIMING( 1711): 2849 0 -0.348627000
D/UDP-TIMING( 1711): 2850 0 -0.347804000
D/UDP-TIMING( 1711): 2851 0 -0.339126000
D/UDP-TIMING( 1711): 2852 0 -0.347556000
D/UDP-TIMING( 1711): 2853 0 -0.348410000
D/UDP-TIMING( 1711): 2854 0 -0.347553000
D/UDP-TIMING( 1711): 2855 0 -0.347678000
D/UDP-TIMING( 1711): 2856 0 -0.347800000
D/UDP-TIMING( 1711): 2857 0 -0.346942000
D/UDP-TIMING( 1711): 2858 0 -0.348092000
D/UDP-TIMING( 1711): 2859 0 -0.348292000
D/UDP-TIMING( 1711): 2860 0 -0.347450000
D/UDP-TIMING( 1711): 2861 0 -0.339621000
D/UDP-TIMING( 1711): 2862 0 -0.347811000
D/UDP-TIMING( 1711): 2863 0 -0.347708000
D/UDP-TIMING( 1711): 2864 0 -0.348053000
D/UDP-TIMING( 1711): 2865 0 -0.348274000
D/UDP-TIMING( 1711): 2866 0 -0.348504000
D/UDP-TIMING( 1711): 2867 0 -0.346723000
D/UDP-TIMING( 1711): 2868 0 -0.346783000
D/UDP-TIMING( 1711): 2869 0 -0.347797000
D/UDP-TIMING( 1711): 2870 0 -0.348168000
D/UDP-TIMING( 1711): 2871 0 -0.348321000
D/UDP-TIMING( 1711): 2872 0 -0.348309000
D/UDP-TIMING( 1711): 2873 0 -0.348399000
D/UDP-TIMING( 1711): 2874 0 -0.347794000
D/UDP-TIMING( 1711): 2875 0 -0.345594000
D/UDP-TIMING( 1711): 2876 0 -0.338008000
D/UDP-TIMING( 1711): 2877 0 -0.348050000
D/UDP-TIMING( 1711): 2878 0 -0.347318000
D/UDP-TIMING( 1711): 2879 0 -0.347472000
D/UDP-TIMING( 1711): 2880 0 -0.348206000
D/UDP-TIMING( 1711): 2881 0 -0.346791000
D/UDP-TIMING( 1711): 2882 0 -0.338874000
D/UDP-TIMING( 1711): 2883 0 -0.345927000
D/UDP-TIMING( 1711): 2884 0 -0.347222000
D/UDP-TIMING( 1711): 2885 0 -0.344396000
D/UDP-TIMING( 1711): 2886 0 -0.345563000
D/UDP-TIMING( 1711): 2887 0 -0.347740000
D/UDP-TIMING( 1711): 2888 0 -0.347744000
D/UDP-TIMING( 1711): 2889 0 -0.340037000
D/UDP-TIMING( 1711): 2890 0 -0.348427000
D/UDP-TIMING( 1711): 2891 0 -0.348296000
D/UDP-TIMING( 1711): 2892 0 -0.348319000
D/UDP-TIMING( 1711): 2893 0 -0.348600000
D/UDP-TIMING( 1711): 2894 0 -0.347753000
D/UDP-TIMING( 1711): 2895 0 -0.347861000
D/UDP-TIMING( 1711): 2896 0 -0.347044000
D/UDP-TIMING( 1711): 2897 0 -0.340165000
D/UDP-TIMING( 1711): 2898 0 -0.340320000
D/UDP-TIMING( 1711): 2899 0 -0.347499000
D/UDP-TIMING( 1711): 2900 0 -0.347657000
D/UDP-TIMING( 1711): 2901 0 -0.347814000
D/UDP-TIMING( 1711): 2902 0 -0.348423000
D/UDP-TIMING( 1711): 2903 0 -0.343833000
D/UDP-TIMING( 1711): 2904 0 -0.348242000
D/UDP-TIMING( 1711): 2905 0 -0.347419000
D/UDP-TIMING( 1711): 2906 0 -0.348452000
D/UDP-TIMING( 1711): 2907 0 -0.348006000
D/UDP-TIMING( 1711): 2908 0 -0.347898000
D/UDP-TIMING( 1711): 2909 0 -0.347060000
D/UDP-TIMING( 1711): 2910 0 -0.338287000
D/UDP-TIMING( 1711): 2911 0 -0.347457000
D/UDP-TIMING( 1711): 2912 0 -0.338614000
D/UDP-TIMING( 1711): 2913 0 -0.347860000
D/UDP-TIMING( 1711): 2914 0 -0.347915000
D/UDP-TIMING( 1711): 2915 0 -0.348138000
D/UDP-TIMING( 1711): 2916 0 -0.347299000
D/UDP-TIMING( 1711): 2917 0 -0.348412000
D/UDP-TIMING( 1711): 2918 0 -0.348266000
D/UDP-TIMING( 1711): 2919 0 -0.348050000
D/UDP-TIMING( 1711): 2920 0 -0.347929000
D/UDP-TIMING( 1711): 2921 0 -0.348052000
D/UDP-TIMING( 1711): 2922 0 -0.348261000
D/UDP-TIMING( 1711): 2923 0 -0.339413000
D/UDP-TIMING( 1711): 2924 0 -0.347702000
D/UDP-TIMING( 1711): 2925 0 -0.347733000
D/UDP-TIMING( 1711): 2926 0 -0.347931000
D/UDP-TIMING( 1711): 2927 0 -0.348300000
D/UDP-TIMING( 1711): 2928 0 -0.348257000
D/UDP-TIMING( 1711): 2929 0 -0.348583000
D/UDP-TIMING( 1711): 2930 0 -0.348494000
D/UDP-TIMING( 1711): 2931 0 -0.349060000
D/UDP-TIMING( 1711): 2932 0 -0.340685000
D/UDP-TIMING( 1711): 2933 0 -0.348041000
D/UDP-TIMING( 1711): 2934 0 -0.348445000
D/UDP-TIMING( 1711): 2935 0 -0.349070000
D/UDP-TIMING( 1711): 2936 0 -0.339804000
D/UDP-TIMING( 1711): 2937 0 -0.347665000
D/UDP-TIMING( 1711): 2938 0 -0.346843000
D/UDP-TIMING( 1711): 2939 0 -0.347973000
D/UDP-TIMING( 1711): 2940 0 -0.347972000
D/UDP-TIMING( 1711): 2941 0 -0.338303000
D/UDP-TIMING( 1711): 2942 0 -0.347430000
D/UDP-TIMING( 1711): 2943 0 -0.347659000
D/UDP-TIMING( 1711): 2944 0 -0.347788000
D/UDP-TIMING( 1711): 2945 0 -0.347976000
D/UDP-TIMING( 1711): 2946 0 -0.347132000
D/UDP-TIMING( 1711): 2947 0 -0.348353000
D/UDP-TIMING( 1711): 2948 0 -0.348534000
D/UDP-TIMING( 1711): 2949 0 -0.348690000
D/UDP-TIMING( 1711): 2950 0 -0.347795000
D/UDP-TIMING( 1711): 2951 0 -0.347844000
D/UDP-TIMING( 1711): 2952 0 -0.348718000
D/UDP-TIMING( 1711): 2953 0 -0.348052000
D/UDP-TIMING( 1711): 2954 0 -0.347353000
D/UDP-TIMING( 1711): 2955 0 -0.339546000
D/UDP-TIMING( 1711): 2956 0 -0.347698000
D/UDP-TIMING( 1711): 2957 0 -0.345873000
D/UDP-TIMING( 1711): 2958 0 -0.340021000
D/UDP-TIMING( 1711): 2959 0 -0.348162000
D/UDP-TIMING( 1711): 2960 0 -0.340301000
D/UDP-TIMING( 1711): 2961 0 -0.347493000
D/UDP-TIMING( 1711): 2962 0 -0.348670000
D/UDP-TIMING( 1711): 2963 0 -0.347714000
D/UDP-TIMING( 1711): 2964 0 -0.348799000
D/UDP-TIMING( 1711): 2965 0 -0.348203000
D/UDP-TIMING( 1711): 2966 0 -0.348324000
D/UDP-TIMING( 1711): 2967 0 -0.347198000
D/UDP-TIMING( 1711): 2968 0 -0.348399000
D/UDP-TIMING( 1711): 2969 0 -0.348219000
D/UDP-TIMING( 1711): 2970 0 -0.347976000
D/UDP-TIMING( 1711): 2971 0 -0.348051000
D/UDP-TIMING( 1711): 2972 0 -0.338243000
D/UDP-TIMING( 1711): 2973 0 -0.347445000
D/UDP-TIMING( 1711): 2974 0 -0.347916000
D/UDP-TIMING( 1711): 2975 0 -0.347737000
D/UDP-TIMING( 1711): 2976 0 -0.347921000
D/UDP-TIMING( 1711): 2977 0 -0.347989000
D/UDP-TIMING( 1711): 2978 0 -0.347992000
D/UDP-TIMING( 1711): 2979 0 -0.347396000
D/UDP-TIMING( 1711): 2980 0 -0.346572000
D/UDP-TIMING( 1711): 2981 0 -0.347677000
D/UDP-TIMING( 1711): 2982 0 -0.339858000
D/UDP-TIMING( 1711): 2983 0 -0.348031000
D/UDP-TIMING( 1711): 2984 0 -0.348185000
D/UDP-TIMING( 1711): 2985 0 -0.347895000
D/UDP-TIMING( 1711): 2986 0 -0.347739000
D/UDP-TIMING( 1711): 2987 0 -0.347614000
D/UDP-TIMING( 1711): 2988 0 -0.347797000
D/UDP-TIMING( 1711): 2989 0 -0.347950000
D/UDP-TIMING( 1711): 2990 0 -0.348099000
D/UDP-TIMING( 1711): 2991 0 -0.348528000
D/UDP-TIMING( 1711): 2992 0 -0.347399000
D/UDP-TIMING( 1711): 2993 0 -0.348555000
D/UDP-TIMING( 1711): 2994 0 -0.348537000
D/UDP-TIMING( 1711): 2995 0 -0.348168000
D/UDP-TIMING( 1711): 2996 0 -0.346063000
D/UDP-TIMING( 1711): 2997 0 -0.348921000
D/UDP-TIMING( 1711): 2998 0 -0.347309000
D/UDP-TIMING( 1711): 2999 0 -0.347586000
I/power   (  181): *** set_screen_state 0
D/SurfaceFlinger(  114): About to give-up screen, flinger = 0xf918
D/UDP-TIMING( 1711): 3000 0 -0.349447000
D/dalvikvm(  181): GC_FOR_ALLOC freed 49K, 9% free 19326K/21127K, paused 59ms
I/dalvikvm-heap(  181): Grow heap (frag case) to 19.167MB for 230416-byte allocation
D/UDP-TIMING( 1711): 3001 0 -0.348715000
D/dalvikvm(  181): GC_FOR_ALLOC freed 8K, 9% free 19543K/21383K, paused 51ms
D/NfcService(  448): EnableDisableDiscoveryTask: enable = false
D/NfcService(  448): NFC-C polling OFF
D/UDP-TIMING( 1711): 3002 0 -0.340772000
V/SystemUpdateService(  340): onStartCommand: launching task
V/SystemUpdateService(  340): UpdateTask.doInBackground
I/SystemUpdateService(  340): download in progress: [id: 94 compl: true succ: true bytes: 41727304 reason: 0 fn: /cache/12f767e7a5d0.incremental.zip]
I/SystemUpdateService(  340): verification is successful
I/SystemUpdateService(  340): OTA package size = 41727304
I/SystemUpdateService(  340): sIsActivityUp = false
I/SystemUpdateService(  340): when = 1339567786425
D/UDP-TIMING( 1711): 3003 0 -0.348915000
D/dalvikvm(  181): GC_EXPLICIT freed 54K, 9% free 19548K/21383K, paused 4ms+6ms
V/SystemUpdateService(  340): retry (wakeup: true) in 297805 ms
V/SystemUpdateService(  340): onPostExecute: false
V/SystemUpdateService(  340): shutting down service
D/UDP-TIMING( 1711): 3004 0 -0.348109000
D/UDP-TIMING( 1711): 3005 0 -0.349239000
D/UDP-TIMING( 1711): 3006 0 -0.348453000
D/UDP-TIMING( 1711): 3007 0 -0.347659000
D/UDP-TIMING( 1711): 3008 0 -0.339239000
D/UDP-TIMING( 1711): 3009 0 -0.347660000
D/UDP-TIMING( 1711): 3010 0 -0.348820000
D/UDP-TIMING( 1711): 3011 0 -0.347913000
D/UDP-TIMING( 1711): 3012 0 -0.348309000
D/NfcService(  448): NFC-EE routing OFF
D/UDP-TIMING( 1711): 3013 0 -0.347851000
D/UDP-TIMING( 1711): 3014 0 -0.348982000
D/UDP-TIMING( 1711): 3015 0 -0.348091000
D/UDP-TIMING( 1711): 3016 0 -0.348152000
D/UDP-TIMING( 1711): 3017 0 -0.339459000
D/UDP-TIMING( 1711): 3018 0 -0.347686000
D/UDP-TIMING( 1711): 3019 0 -0.348389000
D/UDP-TIMING( 1711): 3020 0 -0.339964000
D/UDP-TIMING( 1711): 3021 0 -0.348140000
D/UDP-TIMING( 1711): 3022 0 -0.340665000
D/UDP-TIMING( 1711): 3023 0 -0.348455000
D/UDP-TIMING( 1711): 3024 0 -0.347322000
D/UDP-TIMING( 1711): 3025 0 -0.347776000
D/UDP-TIMING( 1711): 3026 0 -0.347883000
D/UDP-TIMING( 1711): 3027 0 -0.336836000
D/UDP-TIMING( 1711): 3028 0 -0.337202000
D/UDP-TIMING( 1711): 3029 0 -0.347364000
D/UDP-TIMING( 1711): 3030 0 -0.347427000
D/UDP-TIMING( 1711): 3031 0 -0.337693000
D/UDP-TIMING( 1711): 3032 0 -0.348861000
D/UDP-TIMING( 1711): 3033 0 -0.348002000
D/UDP-TIMING( 1711): 3034 0 -0.348154000
D/UDP-TIMING( 1711): 3035 0 -0.348231000
D/UDP-TIMING( 1711): 3036 0 -0.347966000
D/UDP-TIMING( 1711): 3037 0 -0.347785000
D/UDP-TIMING( 1711): 3038 0 -0.347967000
D/UDP-TIMING( 1711): 3039 0 -0.347120000
D/UDP-TIMING( 1711): 3040 0 -0.348277000
D/UDP-TIMING( 1711): 3041 0 -0.348860000
D/UDP-TIMING( 1711): 3042 0 -0.347534000
D/UDP-TIMING( 1711): 3043 0 -0.347759000
D/UDP-TIMING( 1711): 3044 0 -0.347907000
D/UDP-TIMING( 1711): 3045 0 -0.340069000
D/UDP-TIMING( 1711): 3046 0 -0.348525000
D/UDP-TIMING( 1711): 3047 0 -0.348379000
D/UDP-TIMING( 1711): 3048 0 -0.340570000
D/UDP-TIMING( 1711): 3049 0 -0.347877000
D/UDP-TIMING( 1711): 3050 0 -0.348667000
D/dalvikvm(  181): GC_FOR_ALLOC freed 13K, 8% free 19811K/21383K, paused 51ms
I/dalvikvm-heap(  181): Grow heap (frag case) to 19.600MB for 186640-byte allocation
D/dalvikvm(  181): GC_FOR_ALLOC freed 3K, 8% free 19990K/21575K, paused 50ms
D/UDP-TIMING( 1711): 3051 0 -0.348938000
D/dalvikvm(  181): GC_FOR_ALLOC freed <1K, 8% free 19991K/21575K, paused 50ms
I/dalvikvm-heap(  181): Grow heap (frag case) to 19.776MB for 186640-byte allocation
D/dalvikvm(  181): GC_FOR_ALLOC freed <1K, 8% free 20173K/21767K, paused 51ms
D/UDP-TIMING( 1711): 3052 0 -0.347952000
D/dalvikvm(  181): GC_FOR_ALLOC freed <1K, 8% free 20173K/21767K, paused 51ms
I/dalvikvm-heap(  181): Grow heap (frag case) to 19.954MB for 186640-byte allocation
D/dalvikvm(  181): GC_FOR_ALLOC freed <1K, 8% free 20355K/21959K, paused 50ms
D/UDP-TIMING( 1711): 3053 0 -0.349344000
V/TransportControlView(  181): Create TCV com.android.internal.widget.TransportControlView@41c484d0
I/ActivityManager(  181): Start proc com.google.android.gsf.login for service com.google.android.gsf.login/com.google.android.gsf.loginservice.GoogleLoginService: pid=1751 uid=10011 gids={3003, 1015, 1007, 2001, 3006}
D/PhoneStatusBar(  261): disable: < expand icons alerts ticker system_info back home RECENT* clock >
I/WindowManager(  181): createSurface Window{41a29be0 Keyguard paused=false}: DRAW NOW PENDING
D/UDP-TIMING( 1711): 3054 0 -0.348482000
D/PhoneStatusBar(  261): disable: < expand icons alerts ticker system_info BACK* HOME* RECENT CLOCK* >
D/UDP-TIMING( 1711): 3055 0 -0.348676000
D/UDP-TIMING( 1711): 3056 0 -0.348803000
D/UDP-TIMING( 1711): 3057 0 -0.348988000
D/UDP-TIMING( 1711): 3058 0 -0.340135000
D/UDP-TIMING( 1711): 3059 0 -0.348485000
D/UDP-TIMING( 1711): 3060 0 -0.347571000
D/UDP-TIMING( 1711): 3061 0 -0.347881000
D/UDP-TIMING( 1711): 3062 0 -0.346897000
D/UDP-TIMING( 1711): 3063 0 -0.347171000
D/UDP-TIMING( 1711): 3064 0 -0.348300000
D/UDP-TIMING( 1711): 3065 0 -0.348388000
D/UDP-TIMING( 1711): 3066 0 -0.347654000
D/UDP-TIMING( 1711): 3067 0 -0.347809000
D/UDP-TIMING( 1711): 3068 0 -0.348384000
D/UDP-TIMING( 1711): 3069 0 -0.348708000
D/UDP-TIMING( 1711): 3070 0 -0.345231000
D/UDP-TIMING( 1711): 3071 0 -0.348392000
D/UDP-TIMING( 1711): 3072 0 -0.347328000
D/UDP-TIMING( 1711): 3073 0 -0.347487000
D/UDP-TIMING( 1711): 3074 0 -0.347605000
D/UDP-TIMING( 1711): 3075 0 -0.348128000
D/UDP-TIMING( 1711): 3076 0 -0.348226000
D/UDP-TIMING( 1711): 3077 0 -0.347372000
D/UDP-TIMING( 1711): 3078 0 -0.347486000
D/UDP-TIMING( 1711): 3079 0 -0.348424000
D/UDP-TIMING( 1711): 3080 0 -0.347727000
D/UDP-TIMING( 1711): 3081 0 -0.347973000
D/UDP-TIMING( 1711): 3082 0 -0.348156000
D/UDP-TIMING( 1711): 3083 0 -0.348310000
D/UDP-TIMING( 1711): 3084 0 -0.348374000
D/UDP-TIMING( 1711): 3085 0 -0.347644000
D/UDP-TIMING( 1711): 3086 0 -0.348259000
D/UDP-TIMING( 1711): 3087 0 -0.347987000
D/UDP-TIMING( 1711): 3088 0 -0.347175000
D/UDP-TIMING( 1711): 3089 0 -0.348301000
D/UDP-TIMING( 1711): 3090 0 -0.348456000
D/UDP-TIMING( 1711): 3091 0 -0.347935000
D/UDP-TIMING( 1711): 3092 0 -0.347671000
D/UDP-TIMING( 1711): 3093 0 -0.337940000
D/UDP-TIMING( 1711): 3094 0 -0.348108000
D/UDP-TIMING( 1711): 3095 0 -0.348258000
D/UDP-TIMING( 1711): 3096 0 -0.338438000
D/UDP-TIMING( 1711): 3097 0 -0.347325000
D/UDP-TIMING( 1711): 3098 0 -0.347738000
D/UDP-TIMING( 1711): 3099 0 -0.347833000
D/UDP-TIMING( 1711): 3100 0 -0.348110000
D/UDP-TIMING( 1711): 3101 0 -0.348276000
D/UDP-TIMING( 1711): 3102 0 -0.347408000
D/UDP-TIMING( 1711): 3103 0 -0.339531000
D/UDP-TIMING( 1711): 3104 0 -0.348718000
D/UDP-TIMING( 1711): 3105 0 -0.347868000
D/UDP-TIMING( 1711): 3106 0 -0.340021000
D/UDP-TIMING( 1711): 3107 0 -0.347191000
D/UDP-TIMING( 1711): 3108 0 -0.348660000
D/UDP-TIMING( 1711): 3109 0 -0.347498000
D/UDP-TIMING( 1711): 3110 0 -0.348694000
D/UDP-TIMING( 1711): 3111 0 -0.346837000
D/UDP-TIMING( 1711): 3112 0 -0.347997000
D/UDP-TIMING( 1711): 3113 0 -0.348309000
D/UDP-TIMING( 1711): 3114 0 -0.348311000
D/UDP-TIMING( 1711): 3115 0 -0.347451000
D/UDP-TIMING( 1711): 3116 0 -0.348638000
D/UDP-TIMING( 1711): 3117 0 -0.347783000
D/UDP-TIMING( 1711): 3118 0 -0.347953000
D/UDP-TIMING( 1711): 3119 0 -0.348846000
D/UDP-TIMING( 1711): 3120 0 -0.347471000
D/UDP-TIMING( 1711): 3121 0 -0.348417000
D/UDP-TIMING( 1711): 3122 0 -0.347638000
D/UDP-TIMING( 1711): 3123 0 -0.348800000
D/UDP-TIMING( 1711): 3124 0 -0.347822000
D/UDP-TIMING( 1711): 3125 0 -0.348324000
D/UDP-TIMING( 1711): 3126 0 -0.348311000
D/UDP-TIMING( 1711): 3127 0 -0.338459000
D/UDP-TIMING( 1711): 3128 0 -0.347611000
D/UDP-TIMING( 1711): 3129 0 -0.347797000
D/UDP-TIMING( 1711): 3130 0 -0.346945000
D/UDP-TIMING( 1711): 3131 0 -0.347708000
D/UDP-TIMING( 1711): 3132 0 -0.346308000
D/UDP-TIMING( 1711): 3133 0 -0.346434000
D/UDP-TIMING( 1711): 3134 0 -0.345613000
D/UDP-TIMING( 1711): 3135 0 -0.344783000
D/UDP-TIMING( 1711): 3136 0 -0.338996000
D/UDP-TIMING( 1711): 3137 0 -0.345209000
D/UDP-TIMING( 1711): 3138 0 -0.334359000
D/UDP-TIMING( 1711): 3139 0 -0.335529000
D/UDP-TIMING( 1711): 3140 0 -0.347640000
D/UDP-TIMING( 1711): 3141 0 -0.347609000
D/UDP-TIMING( 1711): 3142 0 -0.346932000
D/UDP-TIMING( 1711): 3143 0 -0.347194000
D/UDP-TIMING( 1711): 3144 0 -0.347380000
D/UDP-TIMING( 1711): 3145 0 -0.348553000
D/UDP-TIMING( 1711): 3146 0 -0.347717000
D/UDP-TIMING( 1711): 3147 0 -0.340892000
D/UDP-TIMING( 1711): 3148 0 -0.348016000
D/UDP-TIMING( 1711): 3149 0 -0.348199000
D/UDP-TIMING( 1711): 3150 0 -0.348369000
D/UDP-TIMING( 1711): 3151 0 -0.348535000
D/UDP-TIMING( 1711): 3152 0 -0.337719000
D/UDP-TIMING( 1711): 3153 0 -0.337888000
D/UDP-TIMING( 1711): 3154 0 -0.348061000
D/UDP-TIMING( 1711): 3155 0 -0.348230000
D/UDP-TIMING( 1711): 3156 0 -0.338369000
D/UDP-TIMING( 1711): 3157 0 -0.338541000
D/UDP-TIMING( 1711): 3158 0 -0.348047000
D/UDP-TIMING( 1711): 3159 0 -0.347877000
D/UDP-TIMING( 1711): 3160 0 -0.339044000
D/UDP-TIMING( 1711): 3161 0 -0.348306000
D/UDP-TIMING( 1711): 3162 0 -0.339461000
D/UDP-TIMING( 1711): 3163 0 -0.348913000
D/UDP-TIMING( 1711): 3164 0 -0.347514000
D/UDP-TIMING( 1711): 3165 0 -0.336879000
D/UDP-TIMING( 1711): 3166 0 -0.339983000
D/UDP-TIMING( 1711): 3167 0 -0.348165000
D/UDP-TIMING( 1711): 3168 0 -0.348320000
D/UDP-TIMING( 1711): 3169 0 -0.340482000
D/UDP-TIMING( 1711): 3170 0 -0.348578000
D/UDP-TIMING( 1711): 3171 0 -0.346810000
D/UDP-TIMING( 1711): 3172 0 -0.339975000
D/UDP-TIMING( 1711): 3173 0 -0.348108000
D/UDP-TIMING( 1711): 3174 0 -0.348217000
D/UDP-TIMING( 1711): 3175 0 -0.340944000
D/UDP-TIMING( 1711): 3176 0 -0.340540000
D/UDP-TIMING( 1711): 3177 0 -0.340694000
D/UDP-TIMING( 1711): 3178 0 -0.347882000
D/UDP-TIMING( 1711): 3179 0 -0.348082000
D/UDP-TIMING( 1711): 3180 0 -0.348405000
D/UDP-TIMING( 1711): 3181 0 -0.348304000
D/UDP-TIMING( 1711): 3182 0 -0.347455000
D/UDP-TIMING( 1711): 3183 0 -0.348606000
D/UDP-TIMING( 1711): 3184 0 -0.347752000
D/UDP-TIMING( 1711): 3185 0 -0.339916000
D/UDP-TIMING( 1711): 3186 0 -0.348812000
D/UDP-TIMING( 1711): 3187 0 -0.340208000
D/UDP-TIMING( 1711): 3188 0 -0.348281000
D/UDP-TIMING( 1711): 3189 0 -0.340435000
D/UDP-TIMING( 1711): 3190 0 -0.340590000
D/UDP-TIMING( 1711): 3191 0 -0.349497000
D/UDP-TIMING( 1711): 3192 0 -0.348061000
D/UDP-TIMING( 1711): 3193 0 -0.338960000
D/UDP-TIMING( 1711): 3194 0 -0.348112000
D/UDP-TIMING( 1711): 3195 0 -0.348264000
D/UDP-TIMING( 1711): 3196 0 -0.348239000
D/UDP-TIMING( 1711): 3197 0 -0.339791000
D/UDP-TIMING( 1711): 3198 0 -0.347254000
D/UDP-TIMING( 1711): 3199 0 -0.347811000
D/UDP-TIMING( 1711): 3200 0 -0.347980000
D/UDP-TIMING( 1711): 3201 0 -0.348170000
D/UDP-TIMING( 1711): 3202 0 -0.348355000
D/UDP-TIMING( 1711): 3203 0 -0.348319000
D/UDP-TIMING( 1711): 3204 0 -0.348582000
D/UDP-TIMING( 1711): 3205 0 -0.339735000
D/UDP-TIMING( 1711): 3206 0 -0.347987000
D/UDP-TIMING( 1711): 3207 0 -0.348143000
D/UDP-TIMING( 1711): 3208 0 -0.348911000
D/UDP-TIMING( 1711): 3209 0 -0.347506000
D/UDP-TIMING( 1711): 3210 0 -0.348076000
D/UDP-TIMING( 1711): 3211 0 -0.347835000
D/UDP-TIMING( 1711): 3212 0 -0.347989000
D/UDP-TIMING( 1711): 3213 0 -0.348561000
D/UDP-TIMING( 1711): 3214 0 -0.348406000
D/UDP-TIMING( 1711): 3215 0 -0.348450000
D/UDP-TIMING( 1711): 3216 0 -0.348574000
D/UDP-TIMING( 1711): 3217 0 -0.347861000
D/UDP-TIMING( 1711): 3218 0 -0.337940000
D/UDP-TIMING( 1711): 3219 0 -0.338118000
D/UDP-TIMING( 1711): 3220 0 -0.348101000
D/UDP-TIMING( 1711): 3221 0 -0.347443000
D/UDP-TIMING( 1711): 3222 0 -0.347600000
D/UDP-TIMING( 1711): 3223 0 -0.347760000
D/UDP-TIMING( 1711): 3224 0 -0.347780000
D/UDP-TIMING( 1711): 3225 0 -0.348404000
D/UDP-TIMING( 1711): 3226 0 -0.348233000
D/UDP-TIMING( 1711): 3227 0 -0.348275000
D/UDP-TIMING( 1711): 3228 0 -0.348387000
D/UDP-TIMING( 1711): 3229 0 -0.347578000
D/UDP-TIMING( 1711): 3230 0 -0.348024000
D/UDP-TIMING( 1711): 3231 0 -0.348936000
D/UDP-TIMING( 1711): 3232 0 -0.347991000
D/UDP-TIMING( 1711): 3233 0 -0.348240000
D/UDP-TIMING( 1711): 3234 0 -0.347405000
D/UDP-TIMING( 1711): 3235 0 -0.340542000
D/UDP-TIMING( 1711): 3236 0 -0.348695000
D/UDP-TIMING( 1711): 3237 0 -0.347859000
D/UDP-TIMING( 1711): 3238 0 -0.349051000
D/UDP-TIMING( 1711): 3239 0 -0.348167000
D/UDP-TIMING( 1711): 3240 0 -0.348325000
D/UDP-TIMING( 1711): 3241 0 -0.348188000
D/UDP-TIMING( 1711): 3242 0 -0.348584000
D/UDP-TIMING( 1711): 3243 0 -0.348790000
D/UDP-TIMING( 1711): 3244 0 -0.348007000
D/UDP-TIMING( 1711): 3245 0 -0.348173000
D/UDP-TIMING( 1711): 3246 0 -0.348195000
D/UDP-TIMING( 1711): 3247 0 -0.348652000
D/UDP-TIMING( 1711): 3248 0 -0.348633000
D/UDP-TIMING( 1711): 3249 0 -0.348783000
D/UDP-TIMING( 1711): 3250 0 -0.347768000
D/UDP-TIMING( 1711): 3251 0 -0.340069000
D/UDP-TIMING( 1711): 3252 0 -0.347071000
D/UDP-TIMING( 1711): 3253 0 -0.346961000
D/UDP-TIMING( 1711): 3254 0 -0.348542000
D/UDP-TIMING( 1711): 3255 0 -0.340718000
D/UDP-TIMING( 1711): 3256 0 -0.347907000
D/UDP-TIMING( 1711): 3257 0 -0.339057000
D/UDP-TIMING( 1711): 3258 0 -0.339303000
D/UDP-TIMING( 1711): 3259 0 -0.347541000
D/UDP-TIMING( 1711): 3260 0 -0.347511000
D/UDP-TIMING( 1711): 3261 0 -0.347803000
D/UDP-TIMING( 1711): 3262 0 -0.349030000
D/UDP-TIMING( 1711): 3263 0 -0.348007000
D/UDP-TIMING( 1711): 3264 0 -0.348446000
D/UDP-TIMING( 1711): 3265 0 -0.347467000
D/UDP-TIMING( 1711): 3266 0 -0.340597000
D/UDP-TIMING( 1711): 3267 0 -0.347783000
D/UDP-TIMING( 1711): 3268 0 -0.347955000
D/UDP-TIMING( 1711): 3269 0 -0.348039000
D/UDP-TIMING( 1711): 3270 0 -0.348273000
D/UDP-TIMING( 1711): 3271 0 -0.347442000
D/UDP-TIMING( 1711): 3272 0 -0.347602000
D/UDP-TIMING( 1711): 3273 0 -0.340767000
D/UDP-TIMING( 1711): 3274 0 -0.347935000
D/UDP-TIMING( 1711): 3275 0 -0.348571000
D/UDP-TIMING( 1711): 3276 0 -0.348243000
D/UDP-TIMING( 1711): 3277 0 -0.348434000
D/UDP-TIMING( 1711): 3278 0 -0.348595000
D/UDP-TIMING( 1711): 3279 0 -0.348751000
D/UDP-TIMING( 1711): 3280 0 -0.348290000
D/UDP-TIMING( 1711): 3281 0 -0.348051000
D/UDP-TIMING( 1711): 3282 0 -0.348235000
D/UDP-TIMING( 1711): 3283 0 -0.348381000
D/UDP-TIMING( 1711): 3284 0 -0.348526000
D/UDP-TIMING( 1711): 3285 0 -0.349032000
D/UDP-TIMING( 1711): 3286 0 -0.338876000
D/UDP-TIMING( 1711): 3287 0 -0.339574000
D/UDP-TIMING( 1711): 3288 0 -0.339208000
D/UDP-TIMING( 1711): 3289 0 -0.348365000
D/UDP-TIMING( 1711): 3290 0 -0.347508000
D/UDP-TIMING( 1711): 3291 0 -0.348481000
D/UDP-TIMING( 1711): 3292 0 -0.347105000
D/UDP-TIMING( 1711): 3293 0 -0.347992000
D/UDP-TIMING( 1711): 3294 0 -0.348140000
D/UDP-TIMING( 1711): 3295 0 -0.348289000
D/UDP-TIMING( 1711): 3296 0 -0.347468000
D/UDP-TIMING( 1711): 3297 0 -0.347897000
D/UDP-TIMING( 1711): 3298 0 -0.347779000
D/UDP-TIMING( 1711): 3299 0 -0.347935000
D/UDP-TIMING( 1711): 3300 0 -0.340092000
D/UDP-TIMING( 1711): 3301 0 -0.340276000
D/UDP-TIMING( 1711): 3302 0 -0.349152000
D/UDP-TIMING( 1711): 3303 0 -0.348540000
D/UDP-TIMING( 1711): 3304 0 -0.348718000
D/UDP-TIMING( 1711): 3305 0 -0.347895000
D/UDP-TIMING( 1711): 3306 0 -0.348077000
D/UDP-TIMING( 1711): 3307 0 -0.339156000
D/UDP-TIMING( 1711): 3308 0 -0.349107000
D/UDP-TIMING( 1711): 3309 0 -0.347736000
D/UDP-TIMING( 1711): 3310 0 -0.347651000
D/UDP-TIMING( 1711): 3311 0 -0.347835000
D/UDP-TIMING( 1711): 3312 0 -0.346983000
D/UDP-TIMING( 1711): 3313 0 -0.348055000
D/UDP-TIMING( 1711): 3314 0 -0.347478000
D/UDP-TIMING( 1711): 3315 0 -0.340520000
D/UDP-TIMING( 1711): 3316 0 -0.348702000
D/UDP-TIMING( 1711): 3317 0 -0.338858000
D/UDP-TIMING( 1711): 3318 0 -0.348014000
D/UDP-TIMING( 1711): 3319 0 -0.348260000
D/UDP-TIMING( 1711): 3320 0 -0.348318000
D/UDP-TIMING( 1711): 3321 0 -0.339502000
D/UDP-TIMING( 1711): 3322 0 -0.339671000
D/UDP-TIMING( 1711): 3323 0 -0.348875000
D/UDP-TIMING( 1711): 3324 0 -0.347025000
D/UDP-TIMING( 1711): 3325 0 -0.347817000
D/UDP-TIMING( 1711): 3326 0 -0.340339000
D/UDP-TIMING( 1711): 3327 0 -0.348363000
D/UDP-TIMING( 1711): 3328 0 -0.347660000
D/UDP-TIMING( 1711): 3329 0 -0.347810000
D/UDP-TIMING( 1711): 3330 0 -0.349638000
D/UDP-TIMING( 1711): 3331 0 -0.347080000
D/UDP-TIMING( 1711): 3332 0 -0.340262000
D/UDP-TIMING( 1711): 3333 0 -0.340415000
D/UDP-TIMING( 1711): 3334 0 -0.348561000
D/UDP-TIMING( 1711): 3335 0 -0.347732000
