--------- beginning of /dev/log/main
I/DEBUG   (  112): debuggerd: Dec  8 2011 00:55:26
--------- beginning of /dev/log/system
I/Vold    (  106): Vold 2.1 (the revenge) firing up
E/Vold    (  106): Error reading configuration (No such file or directory)... continuing anyways
I/Netd    (  111): Netd 1.0 starting
E/IMGSRV  (  107): :0: SetupuKernel : EDM status value DevVAddr: 0x0F004000 pvLinAddrKM: 0xC89BC000
I/        (  116): ServiceManager: 0x18910
D/AndroidRuntime(  115): 
D/AndroidRuntime(  115): >>>>>> AndroidRuntime START com.android.internal.os.ZygoteInit <<<<<<
D/AndroidRuntime(  115): CheckJNI is OFF
I/SurfaceFlinger(  114): SurfaceFlinger is starting
I/SurfaceFlinger(  114): SurfaceFlinger's main thread ready to run. Initializing graphics H/W...
I/        (  117): ServiceManager: 0xf958
D/libEGL  (  114): loaded /system/lib/egl/libGLES_android.so
I/AudioFlinger(  117): Loaded primary audio interface from Tuna audio HW HAL (audio)
I/AudioFlinger(  117): Using 'Tuna audio HW HAL' (audio.primary) as the primary audio interface
I/AudioFlinger(  117): Loaded a2dp audio interface from A2DP Audio HW HAL (audio)
I/CameraService(  117): CameraService started (pid=117)
D/libEGL  (  114): loaded /vendor/lib/egl/libEGL_POWERVR_SGX540_120.so
I/AudioFlinger(  117): AudioFlinger's thread 0x16458 ready to run
W/AudioFlinger(  117): Thread AudioOut_1 cannot connect to the power manager service
W/AudioFlinger(  117): Thread AudioOut_1 cannot connect to the power manager service
I/AudioPolicyService(  117): Loaded audio policy from LEGACY Audio Policy HAL (audio_policy)
D/libEGL  (  114): loaded /vendor/lib/egl/libGLESv1_CM_POWERVR_SGX540_120.so
D/libEGL  (  114): loaded /vendor/lib/egl/libGLESv2_POWERVR_SGX540_120.so
E/libEGL  (  114): eglSetSwapRectangleANDROID:1460 error 3008 (EGL_BAD_DISPLAY)
I/SurfaceFlinger(  114): EGL informations:
I/SurfaceFlinger(  114): # of configs : 30
I/SurfaceFlinger(  114): vendor    : Android
I/SurfaceFlinger(  114): version   : 1.4 Android META-EGL
I/SurfaceFlinger(  114): extensions: EGL_KHR_image EGL_KHR_image_base EGL_KHR_image_pixmap EGL_KHR_gl_texture_2D_image EGL_KHR_gl_texture_cubemap_image EGL_KHR_gl_renderbuffer_image EGL_KHR_fence_sync EGL_ANDROID_image_native_buffer EGL_ANDROID_swap_rectangle EGL_NV_system_time 
I/SurfaceFlinger(  114): Client API: OpenGL ES
I/SurfaceFlinger(  114): EGLSurface: 8-8-8-8, config=0x1
I/SurfaceFlinger(  114): OpenGL informations:
I/SurfaceFlinger(  114): vendor    : Imagination Technologies
I/SurfaceFlinger(  114): renderer  : PowerVR SGX 540
I/SurfaceFlinger(  114): version   : OpenGL ES-CM 1.1
I/SurfaceFlinger(  114): extensions: GL_OES_byte_coordinates GL_OES_fixed_point GL_OES_single_precision GL_OES_matrix_get GL_OES_read_format GL_OES_compressed_paletted_texture GL_OES_point_sprite GL_OES_point_size_array GL_OES_matrix_palette GL_OES_draw_texture GL_OES_query_matrix GL_OES_texture_env_crossbar GL_OES_texture_mirrored_repeat GL_OES_texture_cube_map GL_OES_blend_subtract GL_OES_blend_func_separate GL_OES_blend_equation_separate GL_OES_stencil_wrap GL_OES_extended_matrix_palette GL_OES_framebuffer_object GL_OES_rgb8_rgba8 GL_OES_depth24 GL_OES_stencil8 GL_OES_compressed_ETC1_RGB8_texture GL_OES_mapbuffer GL_OES_EGL_image GL_OES_EGL_image_external GL_EXT_multi_draw_arrays GL_OES_required_internalformat GL_IMG_read_format GL_IMG_texture_compression_pvrtc GL_IMG_texture_format_BGRA8888 GL_EXT_texture_format_BGRA8888 GL_OES_egl_sync GL_IMG_vertex_array_object
I/SurfaceFlinger(  114): GL_MAX_TEXTURE_SIZE = 2048
I/SurfaceFlinger(  114): GL_MAX_VIEWPORT_DIMS = 2048 x 2048
I/SurfaceFlinger(  114): flags = 00010000
I/ti_hwc  (  114): clone region is set to (0,0) to (720,1280)
I/ti_hwc  (  114): external display changed (state=0, mirror={disabled tform=0deg}, dock={disabled tform=0deg}, tv=0
E/ti_hwc  (  114): omap4_hwc_device_open(rgb_order=1 nv12_only=0)
D/libEGL  (  165): loaded /system/lib/egl/libGLES_android.so
D/libEGL  (  165): loaded /vendor/lib/egl/libEGL_POWERVR_SGX540_120.so
D/libEGL  (  165): loaded /vendor/lib/egl/libGLESv1_CM_POWERVR_SGX540_120.so
D/libEGL  (  165): loaded /vendor/lib/egl/libGLESv2_POWERVR_SGX540_120.so
I/SamplingProfilerIntegration(  115): Profiling disabled.
I/Zygote  (  115): Preloading classes...
D/dalvikvm(  115): GC_EXPLICIT freed 36K, 91% free 407K/4096K, paused 1ms+1ms
D/dalvikvm(  115): GC_EXPLICIT freed 4K, 89% free 471K/4096K, paused 0ms+0ms
D/dalvikvm(  115): GC_EXPLICIT freed 18K, 88% free 506K/4096K, paused 0ms+1ms
D/dalvikvm(  115): GC_EXPLICIT freed 28K, 87% free 533K/4096K, paused 0ms+0ms
D/dalvikvm(  115): GC_EXPLICIT freed 15K, 86% free 574K/4096K, paused 0ms+0ms
D/dalvikvm(  115): GC_EXPLICIT freed 28K, 86% free 600K/4096K, paused 1ms+1ms
D/TextLayoutCache(  115): Using debug level: 0 - Debug Enabled: 0
D/dalvikvm(  115): GC_EXPLICIT freed 25K, 85% free 631K/4096K, paused 0ms+0ms
W/Zygote  (  115): Class not found for preloading: android.media.AudioManager$2
I/dalvikvm(  115): threadid=1: recursive native library load attempt (/system/lib/libmedia_jni.so)
D/MtpDeviceJNI(  115): register_android_mtp_MtpDevice
I/dalvikvm(  115): threadid=1: recursive native library load attempt (/system/lib/libmedia_jni.so)
I/dalvikvm(  115): threadid=1: recursive native library load attempt (/system/lib/libmedia_jni.so)
W/Zygote  (  115): Class not found for preloading: android.media.IRemoteControlClientDispatcher
W/Zygote  (  115): Class not found for preloading: android.media.IRemoteControlClientDispatcher$Stub
D/dalvikvm(  115): GC_EXPLICIT freed 23K, 84% free 676K/4096K, paused 0ms+0ms
D/dalvikvm(  115): GC_FOR_ALLOC freed 222K, 77% free 966K/4096K, paused 6ms
D/dalvikvm(  115): GC_EXPLICIT freed 34K, 76% free 1014K/4096K, paused 0ms+1ms
D/dalvikvm(  115): GC_EXPLICIT freed 27K, 75% free 1043K/4096K, paused 1ms+1ms
D/dalvikvm(  115): GC_EXPLICIT freed 9K, 74% free 1091K/4096K, paused 2ms+1ms
D/dalvikvm(  115): GC_EXPLICIT freed 23K, 72% free 1157K/4096K, paused 0ms+1ms
D/dalvikvm(  115): GC_EXPLICIT freed 48K, 65% free 1436K/4096K, paused 1ms+1ms
W/Zygote  (  115): Class not found for preloading: android.text.TextDirectionHeuristics$CharCount
W/Zygote  (  115): Class not found for preloading: android.text.method.WordIterator$1
D/dalvikvm(  115): GC_EXPLICIT freed 34K, 65% free 1470K/4096K, paused 1ms+2ms
D/dalvikvm(  115): GC_EXPLICIT freed 32K, 64% free 1493K/4096K, paused 1ms+1ms
I/dalvikvm(  115): threadid=1: recursive native library load attempt (/system/lib/libwebcore.so)
D/dalvikvm(  115): No JNI_OnLoad found in /system/lib/libchromium_net.so 0x0, skipping init
D/dalvikvm(  115): GC_EXPLICIT freed 25K, 63% free 1541K/4096K, paused 0ms+4ms
W/Zygote  (  115): Class not found for preloading: android.widget.EdgeGlow
D/dalvikvm(  115): GC_EXPLICIT freed 24K, 62% free 1569K/4096K, paused 1ms+1ms
D/dalvikvm(  115): GC_EXPLICIT freed 65K, 61% free 1610K/4096K, paused 1ms+1ms
E/PhonePolicy(  115): Could not preload class for phone policy: com.android.internal.policy.impl.PhoneWindow$ContextMenuCallback
D/dalvikvm(  115): GC_EXPLICIT freed 32K, 61% free 1632K/4096K, paused 1ms+1ms
D/dalvikvm(  115): GC_EXPLICIT freed 28K, 60% free 1660K/4096K, paused 1ms+1ms
D/dalvikvm(  115): GC_EXPLICIT freed 25K, 59% free 1691K/4096K, paused 1ms+1ms
D/dalvikvm(  115): GC_EXPLICIT freed 32K, 59% free 1716K/4096K, paused 1ms+2ms
D/dalvikvm(  115): GC_EXPLICIT freed 32K, 58% free 1744K/4096K, paused 2ms+1ms
D/dalvikvm(  115): GC_EXPLICIT freed 71K, 57% free 1800K/4096K, paused 1ms+1ms
D/dalvikvm(  115): GC_EXPLICIT freed 39K, 56% free 1816K/4096K, paused 1ms+1ms
I/System  (  115): Loaded time zone names for  in 504ms (501ms in ICU)
I/System  (  115): Loaded time zone names for en_US in 459ms (456ms in ICU)
D/dalvikvm(  115): GC_EXPLICIT freed 325K, 53% free 1933K/4096K, paused 1ms+2ms
D/dalvikvm(  115): GC_EXPLICIT freed 15K, 52% free 1993K/4096K, paused 1ms+2ms
D/dalvikvm(  115): GC_EXPLICIT freed 51K, 51% free 2025K/4096K, paused 1ms+2ms
D/dalvikvm(  115): GC_EXPLICIT freed 28K, 50% free 2055K/4096K, paused 2ms+1ms
D/dalvikvm(  115): GC_EXPLICIT freed 38K, 50% free 2072K/4096K, paused 1ms+1ms
D/dalvikvm(  115): GC_EXPLICIT freed 32K, 49% free 2094K/4096K, paused 1ms+2ms
I/Zygote  (  115): ...preloaded 2252 classes in 3001ms.
D/dalvikvm(  115): GC_EXPLICIT freed 22K, 49% free 2098K/4096K, paused 1ms+1ms
I/Zygote  (  115): Preloading resources...
D/dalvikvm(  115): GC_EXPLICIT freed <1K, 48% free 2157K/4096K, paused 1ms+2ms
D/dalvikvm(  115): GC_EXPLICIT freed <1K, 46% free 2238K/4096K, paused 1ms+1ms
D/dalvikvm(  115): GC_EXPLICIT freed 1K, 43% free 2360K/4096K, paused 1ms+1ms
D/dalvikvm(  115): GC_EXPLICIT freed <1K, 41% free 2420K/4096K, paused 1ms+1ms
D/dalvikvm(  115): GC_EXPLICIT freed <1K, 40% free 2481K/4096K, paused 2ms+2ms
D/dalvikvm(  115): GC_EXPLICIT freed 1K, 38% free 2543K/4096K, paused 2ms+1ms
D/dalvikvm(  115): GC_EXPLICIT freed 1K, 37% free 2604K/4096K, paused 2ms+2ms
D/dalvikvm(  115): GC_EXPLICIT freed 1K, 36% free 2654K/4096K, paused 2ms+2ms
D/dalvikvm(  115): GC_EXPLICIT freed 1K, 35% free 2703K/4096K, paused 2ms+2ms
D/dalvikvm(  115): GC_EXPLICIT freed 17K, 33% free 2761K/4096K, paused 2ms+1ms
D/dalvikvm(  115): GC_EXPLICIT freed 1K, 32% free 2818K/4096K, paused 2ms+2ms
D/dalvikvm(  115): GC_EXPLICIT freed 1K, 30% free 2881K/4096K, paused 1ms+5ms
D/dalvikvm(  115): GC_EXPLICIT freed 1K, 29% free 2930K/4096K, paused 4ms+1ms
D/dalvikvm(  115): GC_EXPLICIT freed 1K, 28% free 2979K/4096K, paused 1ms+1ms
D/dalvikvm(  115): GC_EXPLICIT freed 1K, 26% free 3041K/4096K, paused 1ms+1ms
D/dalvikvm(  115): GC_EXPLICIT freed 1K, 25% free 3093K/4096K, paused 1ms+1ms
D/dalvikvm(  115): GC_EXPLICIT freed 2K, 23% free 3161K/4096K, paused 1ms+4ms
D/dalvikvm(  115): GC_EXPLICIT freed 1K, 22% free 3223K/4096K, paused 1ms+1ms
D/dalvikvm(  115): GC_EXPLICIT freed 1K, 21% free 3272K/4096K, paused 1ms+2ms
D/dalvikvm(  115): GC_EXPLICIT freed 1K, 19% free 3321K/4096K, paused 1ms+1ms
D/dalvikvm(  115): GC_EXPLICIT freed 1K, 18% free 3383K/4096K, paused 1ms+1ms
D/dalvikvm(  115): GC_EXPLICIT freed 1K, 16% free 3445K/4096K, paused 1ms+1ms
D/dalvikvm(  115): GC_EXPLICIT freed 2K, 15% free 3507K/4096K, paused 1ms+2ms
D/dalvikvm(  115): GC_EXPLICIT freed 1K, 14% free 3556K/4096K, paused 2ms+1ms
D/dalvikvm(  115): GC_EXPLICIT freed 1K, 12% free 3605K/4096K, paused 1ms+2ms
D/dalvikvm(  115): GC_EXPLICIT freed 1K, 11% free 3660K/4096K, paused 2ms+1ms
D/dalvikvm(  115): GC_EXPLICIT freed 1K, 10% free 3714K/4096K, paused 1ms+1ms
D/dalvikvm(  115): GC_EXPLICIT freed 1K, 8% free 3769K/4096K, paused 1ms+2ms
D/dalvikvm(  115): GC_EXPLICIT freed 1K, 7% free 3828K/4096K, paused 1ms+1ms
D/dalvikvm(  115): GC_EXPLICIT freed 1K, 6% free 3883K/4096K, paused 1ms+2ms
D/dalvikvm(  115): GC_EXPLICIT freed 1K, 4% free 3937K/4096K, paused 1ms+2ms
D/dalvikvm(  115): GC_EXPLICIT freed 3K, 4% free 4033K/4163K, paused 1ms+1ms
D/dalvikvm(  115): GC_EXPLICIT freed 1K, 4% free 4093K/4227K, paused 1ms+1ms
D/dalvikvm(  115): GC_EXPLICIT freed <1K, 4% free 4154K/4291K, paused 1ms+1ms
D/dalvikvm(  115): GC_EXPLICIT freed <1K, 4% free 4216K/4355K, paused 1ms+1ms
D/dalvikvm(  115): GC_EXPLICIT freed <1K, 4% free 4277K/4419K, paused 1ms+2ms
D/dalvikvm(  115): GC_EXPLICIT freed 1K, 4% free 4326K/4483K, paused 2ms+2ms
D/dalvikvm(  115): GC_EXPLICIT freed 1K, 3% free 4376K/4483K, paused 2ms+1ms
D/dalvikvm(  115): GC_EXPLICIT freed 1K, 3% free 4425K/4547K, paused 1ms+1ms
D/dalvikvm(  115): GC_EXPLICIT freed 1K, 3% free 4474K/4611K, paused 1ms+2ms
D/dalvikvm(  115): GC_EXPLICIT freed 1K, 4% free 4523K/4675K, paused 1ms+2ms
D/dalvikvm(  115): GC_EXPLICIT freed 1K, 3% free 4572K/4675K, paused 1ms+1ms
D/dalvikvm(  115): GC_EXPLICIT freed 1K, 3% free 4621K/4739K, paused 1ms+2ms
D/dalvikvm(  115): GC_EXPLICIT freed 4K, 3% free 4676K/4803K, paused 1ms+1ms
D/dalvikvm(  115): GC_EXPLICIT freed 1K, 3% free 4725K/4867K, paused 1ms+2ms
D/dalvikvm(  115): GC_EXPLICIT freed 1K, 2% free 4774K/4867K, paused 1ms+2ms
D/dalvikvm(  115): GC_EXPLICIT freed 3K, 3% free 4823K/4931K, paused 1ms+1ms
D/dalvikvm(  115): GC_EXPLICIT freed 1K, 3% free 4877K/4995K, paused 1ms+2ms
D/dalvikvm(  115): GC_EXPLICIT freed 1K, 3% free 4932K/5059K, paused 1ms+1ms
D/dalvikvm(  115): GC_EXPLICIT freed 1K, 2% free 4983K/5059K, paused 1ms+1ms
D/dalvikvm(  115): GC_EXPLICIT freed 1K, 2% free 5037K/5123K, paused 1ms+1ms
D/dalvikvm(  115): GC_EXPLICIT freed 1K, 2% free 5088K/5187K, paused 1ms+1ms
D/dalvikvm(  115): GC_EXPLICIT freed 9K, 2% free 5228K/5315K, paused 1ms+1ms
D/dalvikvm(  115): GC_EXPLICIT freed 6K, 2% free 5349K/5443K, paused 1ms+1ms
D/dalvikvm(  115): GC_EXPLICIT freed 2K, 2% free 5418K/5507K, paused 1ms+1ms
D/dalvikvm(  115): GC_EXPLICIT freed 1K, 2% free 5505K/5571K, paused 1ms+2ms
D/dalvikvm(  115): GC_EXPLICIT freed 1K, 2% free 5570K/5635K, paused 1ms+2ms
D/dalvikvm(  115): GC_EXPLICIT freed 2K, 2% free 5623K/5699K, paused 1ms+1ms
D/dalvikvm(  115): GC_EXPLICIT freed 2K, 2% free 5692K/5763K, paused 1ms+2ms
D/dalvikvm(  115): GC_EXPLICIT freed 2K, 1% free 5841K/5891K, paused 1ms+1ms
D/dalvikvm(  115): GC_EXPLICIT freed 2K, 2% free 5893K/5955K, paused 1ms+2ms
D/dalvikvm(  115): GC_EXPLICIT freed 3K, 2% free 5950K/6019K, paused 1ms+1ms
D/dalvikvm(  115): GC_EXPLICIT freed 1K, 1% free 6011K/6019K, paused 1ms+1ms
D/dalvikvm(  115): GC_EXPLICIT freed 1K, 1% free 6134K/6147K, paused 1ms+2ms
D/dalvikvm(  115): GC_EXPLICIT freed 1K, 1% free 6198K/6211K, paused 1ms+1ms
D/dalvikvm(  115): GC_EXPLICIT freed <1K, 1% free 6296K/6339K, paused 1ms+1ms
D/dalvikvm(  115): GC_EXPLICIT freed <1K, 2% free 7398K/7491K, paused 1ms+1ms
D/dalvikvm(  115): GC_EXPLICIT freed <1K, 1% free 7469K/7491K, paused 1ms+1ms
D/dalvikvm(  115): GC_EXPLICIT freed 2K, 1% free 7532K/7555K, paused 1ms+2ms
D/dalvikvm(  115): GC_EXPLICIT freed 4K, 1% free 7587K/7619K, paused 1ms+1ms
D/dalvikvm(  115): GC_EXPLICIT freed 1K, 1% free 7658K/7683K, paused 1ms+2ms
D/dalvikvm(  115): GC_EXPLICIT freed <1K, 1% free 7737K/7747K, paused 1ms+2ms
D/dalvikvm(  115): GC_EXPLICIT freed <1K, 1% free 7786K/7811K, paused 1ms+1ms
D/dalvikvm(  115): GC_EXPLICIT freed <1K, 1% free 7835K/7875K, paused 1ms+2ms
D/dalvikvm(  115): GC_EXPLICIT freed <1K, 1% free 7884K/7939K, paused 1ms+2ms
D/dalvikvm(  115): GC_EXPLICIT freed 4K, 1% free 7933K/8003K, paused 1ms+1ms
D/dalvikvm(  115): GC_EXPLICIT freed 4K, 1% free 8618K/8643K, paused 2ms+1ms
D/dalvikvm(  115): GC_EXPLICIT freed 2K, 2% free 8800K/8899K, paused 1ms+2ms
D/dalvikvm(  115): GC_EXPLICIT freed 2K, 1% free 8874K/8899K, paused 1ms+1ms
D/dalvikvm(  115): GC_EXPLICIT freed 5K, 2% free 9925K/10051K, paused 1ms+1ms
D/dalvikvm(  115): GC_EXPLICIT freed 4K, 2% free 10947K/11139K, paused 2ms+2ms
D/dalvikvm(  115): GC_EXPLICIT freed 2K, 2% free 11003K/11139K, paused 1ms+1ms
D/dalvikvm(  115): GC_EXPLICIT freed 2K, 1% free 11061K/11139K, paused 1ms+1ms
D/dalvikvm(  115): GC_EXPLICIT freed 2K, 1% free 11119K/11139K, paused 2ms+1ms
D/dalvikvm(  115): GC_EXPLICIT freed 2K, 1% free 11176K/11203K, paused 1ms+2ms
D/dalvikvm(  115): GC_EXPLICIT freed 2K, 1% free 11230K/11267K, paused 1ms+2ms
D/dalvikvm(  115): GC_EXPLICIT freed 3K, 1% free 11288K/11331K, paused 1ms+2ms
D/dalvikvm(  115): GC_EXPLICIT freed 2K, 1% free 11336K/11395K, paused 1ms+2ms
D/dalvikvm(  115): GC_EXPLICIT freed 1K, 1% free 11387K/11395K, paused 1ms+2ms
D/dalvikvm(  115): GC_EXPLICIT freed 1K, 1% free 11436K/11459K, paused 1ms+1ms
D/dalvikvm(  115): GC_EXPLICIT freed 10K, 1% free 11486K/11523K, paused 1ms+1ms
D/dalvikvm(  115): GC_EXPLICIT freed 2K, 1% free 11535K/11587K, paused 1ms+1ms
D/dalvikvm(  115): GC_EXPLICIT freed 1K, 1% free 11601K/11651K, paused 2ms+2ms
D/dalvikvm(  115): GC_EXPLICIT freed <1K, 1% free 11662K/11715K, paused 1ms+1ms
D/dalvikvm(  115): GC_EXPLICIT freed <1K, 1% free 11722K/11779K, paused 1ms+2ms
D/dalvikvm(  115): GC_EXPLICIT freed <1K, 1% free 11771K/11843K, paused 1ms+2ms
D/dalvikvm(  115): GC_EXPLICIT freed <1K, 1% free 11838K/11907K, paused 1ms+1ms
D/dalvikvm(  115): GC_EXPLICIT freed 1K, 1% free 11888K/11907K, paused 1ms+2ms
D/dalvikvm(  115): GC_EXPLICIT freed 1K, 1% free 12255K/12291K, paused 2ms+2ms
D/dalvikvm(  115): GC_EXPLICIT freed 1K, 1% free 13394K/13443K, paused 1ms+1ms
D/dalvikvm(  115): GC_EXPLICIT freed 1K, 1% free 13450K/13507K, paused 1ms+2ms
D/dalvikvm(  115): GC_EXPLICIT freed 2K, 1% free 13507K/13571K, paused 1ms+2ms
D/dalvikvm(  115): GC_EXPLICIT freed 3K, 1% free 13597K/13635K, paused 1ms+1ms
D/dalvikvm(  115): GC_EXPLICIT freed 2K, 1% free 13683K/13763K, paused 1ms+1ms
D/dalvikvm(  115): GC_EXPLICIT freed <1K, 1% free 13767K/13891K, paused 1ms+1ms
D/dalvikvm(  115): GC_EXPLICIT freed 1K, 1% free 13855K/13891K, paused 1ms+2ms
D/dalvikvm(  115): GC_EXPLICIT freed <1K, 1% free 13939K/14019K, paused 1ms+1ms
D/dalvikvm(  115): GC_EXPLICIT freed 5K, 1% free 13996K/14019K, paused 1ms+2ms
I/Zygote  (  115): ...preloaded 381 resources in 3217ms.
I/Zygote  (  115): ...preloaded 31 resources in 8ms.
D/dalvikvm(  115): GC_EXPLICIT freed 25K, 1% free 14020K/14083K, paused 1ms+2ms
D/dalvikvm(  115): GC_EXPLICIT freed 9K, 1% free 14010K/14083K, paused 1ms+2ms
D/dalvikvm(  115): GC_EXPLICIT freed <1K, 1% free 14010K/14083K, paused 1ms+1ms
I/dalvikvm(  115): System server process 181 has been created
I/Zygote  (  115): Accepting command socket connections
E/BatteryService(  181): batteryPresentPath not found
I/sysproc (  181): Entered system_init()
I/sysproc (  181): ServiceManager: 0x9c730
D/SensorService(  181): nuSensorService starting...
I/MPL-mlsl(  181): inv_serial_open: /dev/mpu
E/        (  181): hardware/invensense/mlsdk/./mllite/mldl_cfg_mpu.c|inv_mpu_get_slave_config|457 returning 4
E/        (  181): hardware/invensense/mlsdk/./mllite/compass.c|inv_compass_read_scale|500 returning 4
E/MPL-mlsl(  181): Cannot open file "/data/cal.bin" for read
I/MPL-storeload(  181): Calibration data not loaded
I/SensorService(  181): GP2A Light sensor
I/SensorService(  181): GP2A Proximity sensor
I/SensorService(  181): BMP180 Pressure sensor
I/SensorService(  181): MPL Gyroscope
I/SensorService(  181): MPL Accelerometer
I/SensorService(  181): MPL Magnetic Field
I/SensorService(  181): MPL Orientation
I/SensorService(  181): MPL Rotation Vector
I/SensorService(  181): MPL Linear Acceleration
I/SensorService(  181): MPL Gravity
I/sysproc (  181): System server: starting Android runtime.
I/sysproc (  181): System server: starting Android services.
D/SensorService(  181): nuSensorService thread starting...
I/sysproc (  181): System server: entering thread pool.
I/SystemServer(  181): Entered the Android system server!
I/SystemServer(  181): Entropy Service
I/SystemServer(  181): Power Manager
I/SystemServer(  181): Activity Manager
I/ActivityManager(  181): Memory class: 64
I/UsageStats(  181): Deleting usage file : usage-20120518
D/dalvikvm(  181): GC_CONCURRENT freed 288K, 3% free 14215K/14599K, paused 5ms+4ms
I/SystemServer(  181): Telephony Registry
I/SystemServer(  181): Package Manager
D/dalvikvm(  181): GC_CONCURRENT freed 411K, 5% free 14261K/14855K, paused 5ms+2ms
D/dalvikvm(  181): GC_FOR_ALLOC freed 393K, 5% free 14236K/14855K, paused 14ms
D/dalvikvm(  181): GC_CONCURRENT freed 167K, 3% free 14471K/14855K, paused 1ms+2ms
W/PackageParser(  181): No actions in intent filter at /system/app/Bluetooth.apk Binary XML file line #125
D/dalvikvm(  181): GC_CONCURRENT freed 243K, 3% free 14702K/15047K, paused 5ms+3ms
W/PackageParser(  181): No actions in intent filter at /system/app/Contacts.apk Binary XML file line #539
W/PackageParser(  181): Unknown element under <manifest>: supports-gl-texture at /system/app/GoogleEarth.apk Binary XML file line #3
D/dalvikvm(  181): GC_CONCURRENT freed 195K, 2% free 14940K/15239K, paused 5ms+4ms
W/ResourceType(  181): Failure getting entry for 0x7f02004b (t=1 e=75) in package 0 (error -75)
D/dalvikvm(  181): GC_CONCURRENT freed 212K, 3% free 15225K/15559K, paused 2ms+9ms
D/dalvikvm(  181): GC_CONCURRENT freed 224K, 2% free 15511K/15815K, paused 5ms+3ms
I/PackageManager(  181): Package com.android.vending at /system/app/Phonesky.apk ignored: updated version 8010004 better than this 8009012
D/dalvikvm(  181): GC_CONCURRENT freed 191K, 2% free 15803K/16071K, paused 5ms+4ms
I/PackageManager(  181): /system/app/VZWAPNLib.apk changed; collecting certs
I/PackageParser(  181): com.vzw.apnlib: compat added android.permission.WRITE_EXTERNAL_STORAGE android.permission.READ_PHONE_STATE
W/PackageManager(  181): Application package com.vzw.apnlib already installed.  Skipping duplicate.
I/PackageParser(  181): com.vzw.apnservice: compat added android.permission.WRITE_EXTERNAL_STORAGE android.permission.READ_PHONE_STATE
D/dalvikvm(  181): GC_CONCURRENT freed 337K, 3% free 15976K/16391K, paused 5ms+5ms
W/ResourceType(  181): Failure getting entry for 0x7f0c0013 (t=11 e=19) in package 0 (error -75)
D/PackageManager(  181): No files in app dir /vendor/app
I/installd(  119): new connection
I/Installer(  181): connecting...
I/PackageManager(  181): Time to scan packages: 3.841 seconds
W/PackageManager(  181): Not granting permission android.permission.SEND_DOWNLOAD_COMPLETED_INTENTS to package com.google.android.browser (protectionLevel=2 flags=0x9be45)
W/PackageManager(  181): Unknown permission com.android.vending.permission.UPDATE_MARKET_FAILURE in package com.android.vending.updater
W/PackageManager(  181): Unknown permission android.permission.ADD_SYSTEM_SERVICE in package com.android.phone
W/PackageManager(  181): Unknown permission com.android.smspush.WAPPUSH_MANAGER_BIND in package com.android.phone
W/PackageManager(  181): Unknown permission com.google.android.apps.googlevoice.permission.AUTO_SEND in package com.google.android.voicesearch
W/PackageManager(  181): Unknown permission com.android.vending.billing.IBillingAccountService.BIND2 in package com.google.android.gsf.login
W/PackageManager(  181): Not granting permission android.permission.DEVICE_POWER to package com.google.android.deskclock (protectionLevel=2 flags=0x8be45)
W/PackageManager(  181): Unknown permission android.permission.READ_OWNER_DATA in package com.google.android.setupwizard
W/PackageManager(  181): Unknown permission android.permission.WRITE_OWNER_DATA in package com.google.android.setupwizard
W/PackageManager(  181): Not granting permission com.google.android.gm.permission.READ_GMAIL to package com.google.android.apps.uploader (protectionLevel=2 flags=0x8be45)
W/PackageManager(  181): Unknown permission android.permission.READ_EXTERNAL_STORAGE in package com.android.vending
W/PackageManager(  181): Not granting permission android.permission.SEND_DOWNLOAD_COMPLETED_INTENTS to package com.android.vending (protectionLevel=2 flags=0xabec5)
W/PackageManager(  181): Not granting permission android.permission.ACCOUNT_MANAGER to package com.google.android.music (protectionLevel=2 flags=0x8be65)
W/PackageManager(  181): Unknown permission com.android.providers.im.permission.READ_ONLY in package com.google.android.apps.maps
W/PackageManager(  181): Not granting permission android.permission.DEVICE_POWER to package com.android.facelock (protectionLevel=2 flags=0x8be45)
W/PackageManager(  181): Unknown permission android.permission.READ_EXTERNAL_STORAGE in package com.google.android.videoeditor
D/dalvikvm(  181): GC_CONCURRENT freed 403K, 3% free 16091K/16583K, paused 3ms+3ms
D/dalvikvm(  181): GC_EXPLICIT freed 243K, 4% free 15939K/16583K, paused 4ms+2ms
I/SystemServer(  181): Account Manager
D/PackageManager(  181): generateServicesMap(android.accounts.AccountAuthenticator): 4 services unchanged
I/SystemServer(  181): Content Manager
D/PackageManager(  181): generateServicesMap(android.content.SyncAdapter): 15 services unchanged
I/ActivityThread(  181): Pub settings: com.android.providers.settings.SettingsProvider
I/SystemServer(  181): System Content Providers
D/SettingsProvider(  181): cache for settings table 'secure' rows=49; fullycached=true
D/SettingsProvider(  181): cache for settings table 'system' rows=53; fullycached=true
D/dalvikvm(  181): GC_CONCURRENT freed 247K, 3% free 16138K/16583K, paused 2ms+4ms
I/SystemServer(  181): Lights Service
I/SystemServer(  181): Battery Service
I/SystemServer(  181): Vibrator Service
I/power   (  181): *** set_screen_state 1
D/AlarmManagerService(  181): Kernel timezone updated to 240 minutes west of GMT
I/SystemServer(  181): Alarm Manager
I/SystemServer(  181): Init Watchdog
I/SystemServer(  181): Window Manager
I/InputManager(  181): Initializing input manager
W/StatusBarManager(  181): warning: no STATUS_BAR_SERVICE
D/EventHub(  181): No input device configuration file found for device 'lightsensor-level'.
I/InputManager(  181): Starting input manager
I/SystemServer(  181): Bluetooth Service
I/BluetoothProfileState(  181): Message:Entering Stable State
I/BluetoothProfileState(  181): Message:Entering Stable State
D/EventHub(  181): No input device configuration file found for device 'proximity'.
I/BluetoothProfileState(  181): Message:Entering Stable State
D/BluetoothAdapterStateMachine(  181): PowerOff process message: 5
I/bluedroid(  181): Starting hciattach daemon
I/SystemServer(  181): Input Method Service
W/InputManagerService(  181): Couldn't create dir.: /data/system/inputmethod
D/EventHub(  181): No input device configuration file found for device 'tuna-gpio-keypad'.
I/EventHub(  181): New device: id=3, fd=119, path='/dev/input/event2', name='tuna-gpio-keypad', classes=0x1, configuration='', keyLayout='/system/usr/keylayout/Generic.kl', keyCharacterMap='/system/usr/keychars/Generic.kcm', builtinKeyboard=true
E/EventHub(  181): could not get driver version for /dev/input/mice, Not a typewriter
D/EventHub(  181): No input device configuration file found for device 'barometer'.
D/dalvikvm(  181): GC_CONCURRENT freed 412K, 3% free 16237K/16711K, paused 3ms+4ms
I/SystemServer(  181): Accessibility Manager
I/ActivityManager(  181): Config changed: {1.0 0mcc0mnc en_US layoutdir=0 sw360dp w360dp h592dp nrml port ?uimode ?night -touch -keyb/v/h -nav/h s.2}
D/PermissionCache(  114): checking android.permission.ACCESS_SURFACE_FLINGER for uid=1000 => granted (244 us)
D/EventHub(  181): No input device configuration file found for device 'Tuna Headset Jack'.
I/EventHub(  181): New device: id=5, fd=122, path='/dev/input/event5', name='Tuna Headset Jack', classes=0x80, configuration='', keyLayout='', keyCharacterMap='', builtinKeyboard=false
I/EventHub(  181): New device: id=6, fd=123, path='/dev/input/event1', name='Melfas MMSxxx Touchscreen', classes=0x14, configuration='/system/usr/idc/Melfas_MMSxxx_Touchscreen.idc', keyLayout='', keyCharacterMap='', builtinKeyboard=false
I/InputReader(  181):   Touch device 'Melfas MMSxxx Touchscreen' could not query the properties of its associated display 0.  The device will be inoperable until the display size becomes available.
I/InputReader(  181): Device added: id=6, name='Melfas MMSxxx Touchscreen', sources=0x00001002
I/InputReader(  181): Device added: id=5, name='Tuna Headset Jack', sources=0x80000000
I/InputReader(  181): Device added: id=0, name='tuna-gpio-keypad', sources=0x00000101
I/InputReader(  181): Reconfiguring input devices.  changes=0x00000004
I/InputReader(  181): Device reconfigured: id=6, name='Melfas MMSxxx Touchscreen', surface size is now 720x1280, mode is 1
I/SystemServer(  181): Device Policy
I/SystemServer(  181): Status Bar
I/SystemServer(  181): Clipboard Service
I/SystemServer(  181): NetworkManagement Service
I/ActivityManager(  181): Config changed: {1.0 0mcc0mnc en_US layoutdir=0 sw360dp w360dp h592dp nrml port ?uimode ?night finger -keyb/v/h -nav/h s.3}
I/SystemServer(  181): Text Service Manager Service
I/SystemServer(  181): NetworkStats Service
I/SystemServer(  181): NetworkPolicy Service
I/SystemServer(  181): Wi-Fi P2pService
I/SystemServer(  181): Wi-Fi Service
I/SystemServer(  181): Connectivity Service
D/ConnectivityService(  181): ConnectivityService starting up
E/MobileDataStateTracker(  181): default: Ignoring feature request because could not acquire PhoneService
E/MobileDataStateTracker(  181): default: Could not enable APN type "default"
D/NetworkManagementService(  181): Registering observer
D/NetworkManagementService(  181): Registering observer
I/WifiService(  181): WifiService starting up with Wi-Fi disabled
I/SystemServer(  181): Throttle Service
I/SystemServer(  181): Mount Service
D/MountService(  181): got storage path: /mnt/sdcard description: Internal Storage primary: true removable: false emulated: true mtpReserve: 100 allowMassStorage: false maxFileSize: 0
D/MountService(  181): using emulated external storage
I/SystemServer(  181): Notification Manager
I/SystemServer(  181): Device Storage Monitor
D/VoldCmdListener(  106): volume list
I/SystemServer(  181): Location Manager
I/SystemServer(  181): Country Detector
I/SystemServer(  181): Search Service
I/SystemServer(  181): DropBox Service
I/SystemServer(  181): Wallpaper Service
I/SystemServer(  181): Audio Service
I/SystemServer(  181): Dock Observer
I/SystemServer(  181): Wired Accessory Observer
I/SystemServer(  181): USB Service
I/SystemServer(  181): UI Mode Manager Service
I/SystemServer(  181): Backup Service
V/BackupManagerService(  181): Initializing package tracking
E/brcm_patchram_plus(  223): Done setting line discpline
V/BackupManagerService(  181): addPackageParticipantsLocked: null
D/dalvikvm(  181): GC_CONCURRENT freed 261K, 3% free 16559K/16903K, paused 6ms+3ms
V/BackupManagerService(  181): Registering transport android/com.android.internal.backup.LocalTransport = com.android.internal.backup.LocalTransport@41a85fb8
V/BackupManagerService(  181): Starting with transport com.google.android.backup/.BackupTransportService
V/BackupManagerService(  181): Binding to Google transport
I/BackupManagerService(  181): Found stale backup journal, scheduling
I/BackupManagerService(  181):   com.android.providers.settings
I/BackupManagerService(  181): Backup enabled => true
I/SystemServer(  181): AppWidget Service
I/SystemServer(  181): Recognition Service
I/SystemServer(  181): DiskStats Service
I/SystemServer(  181): SamplingProfiler Service
I/WindowManager(  181): SAFE MODE not enabled
D/dalvikvm(  181): JIT started for system_server
I/SystemServer(  181): NetworkTimeUpdateService
D/PowerManagerService(  181): system ready!
I/ActivityManager(  181): System now ready
I/SystemServer(  181): Making services ready
D/SystemServer(  181): Starting service: Intent { cmp=com.android.systemui/.SystemUIService }
I/Zygote  (  181): Process: zygote socket opened
I/ActivityManager(  181): Start proc com.android.systemui for service com.android.systemui/.SystemUIService: pid=261 uid=1000 gids={1015, 3002, 3001, 3003, 3007}
D/NetworkManagementService(  181): enabling bandwidth control
D/dalvikvm(  181): GC_CONCURRENT freed 299K, 3% free 16794K/17223K, paused 3ms+3ms
D/dalvikvm(  181): GC_FOR_ALLOC freed 3K, 3% free 17159K/17607K, paused 36ms
D/SystemUIService(  261): loading: class com.android.systemui.statusbar.phone.PhoneStatusBar
D/SystemUIService(  261): running: com.android.systemui.statusbar.phone.PhoneStatusBar@4183c330
V/TransportControlView(  181): Create TCV com.android.internal.widget.TransportControlView@4182cb50
I/ActivityManager(  181): Start proc com.google.android.gsf.login for service com.google.android.gsf.login/com.google.android.gsf.loginservice.GoogleLoginService: pid=310 uid=10011 gids={3003, 1015, 1007, 2001, 3006}
I/WindowManager(  181): createSurface Window{41a29be0 Keyguard paused=false}: DRAW NOW PENDING
D/libEGL  (  181): loaded /system/lib/egl/libGLES_android.so
D/libEGL  (  181): loaded /vendor/lib/egl/libEGL_POWERVR_SGX540_120.so
D/libEGL  (  181): loaded /vendor/lib/egl/libGLESv1_CM_POWERVR_SGX540_120.so
D/libEGL  (  181): loaded /vendor/lib/egl/libGLESv2_POWERVR_SGX540_120.so
D/dalvikvm(  261): GC_CONCURRENT freed 96K, 2% free 14391K/14599K, paused 2ms+5ms
D/dalvikvm(  261): GC_CONCURRENT freed 18K, 1% free 14851K/14983K, paused 2ms+2ms
I/ActivityManager(  181): Start proc com.google.process.gapps for content provider com.google.android.gsf/.gservices.GservicesProvider: pid=340 uid=10011 gids={3003, 1015, 1007, 2001, 3006}
D/OpenGLRenderer(  181): Enabling debug mode 0
D/dalvikvm(  261): GC_CONCURRENT freed 21K, 1% free 15249K/15367K, paused 2ms+2ms
I/ActivityThread(  340): Pub com.google.settings: com.google.android.gsf.settings.GoogleSettingsProvider
I/ActivityThread(  340): Pub subscribedfeeds: com.google.android.gsf.subscribedfeeds.SubscribedFeedsProvider
I/StatusBarManagerService(  181): registerStatusBar bar=com.android.internal.statusbar.IStatusBar$Stub$Proxy@41900ed0
D/PhoneStatusBar(  261): disable: < expand icons alerts ticker system_info BACK* HOME* RECENT* clock >
I/ActivityThread(  340): Pub com.google.contacts.gal.provider: com.google.android.syncadapters.contacts.GalProvider
D/StorageNotification(  261): Startup with UMS connection false (media state mounted)
D/SystemUIService(  261): loading: class com.android.systemui.power.PowerUI
D/SystemUIService(  261): running: com.android.systemui.power.PowerUI@4199d7b0
I/ActivityThread(  340): Pub com.google.android.gsf.gservices: com.google.android.gsf.gservices.GservicesProvider
I/GservicesProvider(  340): Gservices pushing to system: true; secure: true
I/ActivityThread(  340): Pub com.google.android.providers.talk: com.google.android.gsf.talk.TalkProvider
I/StorageNotification(  261): UMS connection changed to false (media state mounted)
D/SyncManager(  181): setSyncAutomatically: , provider subscribedfeeds -> true
D/SyncManager(  181): setSyncAutomatically: already set to true, doing nothing
D/dalvikvm(  181): GC_CONCURRENT freed 71K, 2% free 17855K/18055K, paused 33ms+4ms
D/WifiService(  181): New client listening to asynchronous messages
D/NetworkManagementService(  181): Registering observer
I/WindowManager(  181): createSurface Window{41ab1cf8 StatusBar paused=false}: DRAW NOW PENDING
D/NetworkManagementService(  181): Registering observer
I/ActivityManager(  181): Start proc android.process.media for broadcast com.android.providers.media/.UsbReceiver: pid=377 uid=10014 gids={1015, 1023, 1024, 2001, 3003, 3007}
I/ActivityManager(  181): Config changed: {1.0 0mcc0mnc en_US layoutdir=0 sw360dp w360dp h592dp nrml port finger -keyb/v/h -nav/h s.4}
I/ActivityThread(  377): Pub media: com.android.providers.media.MediaProvider
W/AppWidgetService(  181): No android.appwidget.provider meta-data for AppWidget provider 'ComponentInfo{com.vzw.hss.myverizonged/com.vzw.hss.datameter.receiver.DataMeterReceiver}'
I/WindowManager(  181): createSurface Window{41a776a8 NavigationBar paused=false}: DRAW NOW PENDING
I/ActivityManager(  181): Start proc com.android.phasebeam for service com.android.phasebeam/.PhaseBeamWallpaper: pid=392 uid=10045 gids={}
W/InputManagerService(  181): Ignoring setImeWindowStatus of uid 1000 token: null
I/ActivityManager(  181): Start proc com.google.android.inputmethod.latin for service com.google.android.inputmethod.latin/com.android.inputmethod.latin.LatinIME: pid=405 uid=10030 gids={}
D/NetworkManagementService(  181): Registering observer
D/libEGL  (  261): loaded /system/lib/egl/libGLES_android.so
D/libEGL  (  261): loaded /vendor/lib/egl/libEGL_POWERVR_SGX540_120.so
D/libEGL  (  261): loaded /vendor/lib/egl/libGLESv1_CM_POWERVR_SGX540_120.so
D/libEGL  (  261): loaded /vendor/lib/egl/libGLESv2_POWERVR_SGX540_120.so
I/ActivityManager(  181): Start proc com.android.phone for added application com.android.phone: pid=421 uid=1001 gids={3002, 3001, 3003, 1015}
I/ActivityManager(  181): Start proc com.sec.android.internal.ims for added application com.sec.android.internal.ims: pid=436 uid=10028 gids={3003, 1015}
W/ThrottleService(  181): unable to find stats for iface rmnet0
I/ActivityManager(  181): Start proc com.android.nfc3 for added application com.android.nfc3: pid=448 uid=1025 gids={3002, 3001}
I/ActivityManager(  181): START {act=android.intent.action.MAIN cat=[android.intent.category.HOME] flg=0x10000000 cmp=com.android.launcher/com.android.launcher2.Launcher} from pid 0
I/ActivityThread(  377): Pub downloads: com.android.providers.downloads.DownloadProvider
D/OpenGLRenderer(  261): Enabling debug mode 0
D/dalvikvm(  115): GC_EXPLICIT freed 35K, 3% free 14022K/14339K, paused 1ms+12ms
D/dalvikvm(  261): GC_CONCURRENT freed 139K, 2% free 15609K/15879K, paused 1ms+3ms
D/dalvikvm(  115): GC_EXPLICIT freed <1K, 3% free 14022K/14339K, paused 1ms+2ms
D/dalvikvm(  115): GC_EXPLICIT freed <1K, 3% free 14022K/14339K, paused 1ms+2ms
I/ActivityManager(  181): Start proc com.android.launcher for activity com.android.launcher/com.android.launcher2.Launcher: pid=472 uid=10031 gids={}
I/ActivityThread(  377): Pub drm: com.android.providers.drm.DrmProvider
I/DownloadManager(  377): in removeSpuriousFiles
D/OpenGLRenderer(  261): Flushing caches (mode 0)
D/PhoneStatusBar(  261): disable: < expand icons alerts ticker system_info BACK HOME RECENT CLOCK* >
W/TextLayoutCache(  261): computeValuesWithHarfbuzz -- need to force to single run
I/ActivityThread(  436): Pub ims: com.sec.android.internal.ims.provider.IMSProvider
I/NfcService(  448): Starting NFC service
I/DownloadManager(  377): deleting spurious file /cache/com.android.providers.settings.data
I/WindowManager(  181): createSurface Window{41c44c50 StatusBarExpanded paused=false}: DRAW NOW PENDING
I/ActivityThread(  421): Pub telephony: com.android.providers.telephony.TelephonyProvider
D/NFC JNI (  448): NFC Service : loading JNI
I/ActivityThread(  472): Pub com.android.launcher2.settings: com.android.launcher2.LauncherProvider
W/TelephonyProvider(  421): onCreate: confFile=/system/etc/apns-conf.xml oldCheckSum=424723469
W/TelephonyProvider(  421): onCreate: newCheckSum=424723469
I/ActivityThread(  421): Pub icc: com.android.phone.IccProvider
I/ActivityThread(  421): Pub mms: com.android.providers.telephony.MmsProvider
I/ActivityThread(  421): Pub sms: com.android.providers.telephony.SmsProvider
I/ActivityThread(  421): Pub mms-sms: com.android.providers.telephony.MmsSmsProvider
D/dalvikvm(  448): GC_CONCURRENT freed 81K, 3% free 14330K/14663K, paused 2ms+2ms
D/dalvikvm(  448): GC_FOR_ALLOC freed 1K, 3% free 14328K/14663K, paused 23ms
I/dalvikvm-heap(  448): Grow heap (frag case) to 14.502MB for 465140-byte allocation
D/dalvikvm(  448): GC_FOR_ALLOC freed 0K, 3% free 14782K/15175K, paused 46ms
I/RegisteredComponentCache(  448): ComponentInfo: ResolveInfo{4182af40 com.android.apps.tag.TagViewer p=0 o=0 m=0x108000}, techs: android.nfc.tech.Ndef, 
D/NfcService(  448): checking on firmware download
D/NfcService(  448): NFC is on. Doing normal stuff
I/NfcService(  448): Enabling NFC
D/NFC JNI (  448): Start Initialization
I/ActivityManager(  181): Start proc com.google.android.inputmethod.latin.dictionarypack for content provider com.google.android.inputmethod.latin.dictionarypack/.DictionaryProvider: pid=527 uid=10029 gids={3003, 1015}
W/ActivityManager(  181): Unable to start service Intent { act=com.android.internal.telephony.IWapPushManager }: not found
D/dalvikvm(  405): GC_CONCURRENT freed 169K, 2% free 14360K/14599K, paused 2ms+3ms
D/dalvikvm(  421): GC_CONCURRENT freed 225K, 3% free 14225K/14535K, paused 3ms+2ms
I/bluedroid(  181): Starting bluetoothd deamon
I/ActivityManager(  181): Start proc android.process.acore for content provider com.android.providers.userdictionary/.UserDictionaryProvider: pid=546 uid=10000 gids={3003, 1015}
E/BluetoothEventLoop.cpp(  181): get_adapter_path: D-Bus error: org.freedesktop.DBus.Error.ServiceUnknown (The name org.bluez was not provided by any .service files)
E/BluetoothEventLoop.cpp(  181): get_adapter_path: D-Bus error: org.freedesktop.DBus.Error.ServiceUnknown (The name org.bluez was not provided by any .service files)
E/BluetoothEventLoop.cpp(  181): get_adapter_path: D-Bus error: org.freedesktop.DBus.Error.ServiceUnknown (The name org.bluez was not provided by any .service files)
E/BluetoothEventLoop.cpp(  181): get_adapter_path: D-Bus error: org.freedesktop.DBus.Error.ServiceUnknown (The name org.bluez was not provided by any .service files)
E/BluetoothEventLoop.cpp(  181): get_adapter_path: D-Bus error: org.freedesktop.DBus.Error.ServiceUnknown (The name org.bluez was not provided by any .service files)
E/BluetoothEventLoop.cpp(  181): get_adapter_path: D-Bus error: org.freedesktop.DBus.Error.ServiceUnknown (The name org.bluez was not provided by any .service files)
E/BluetoothEventLoop.cpp(  181): get_adapter_path: D-Bus error: org.freedesktop.DBus.Error.ServiceUnknown (The name org.bluez was not provided by any .service files)
E/BluetoothEventLoop.cpp(  181): get_adapter_path: D-Bus error: org.freedesktop.DBus.Error.ServiceUnknown (The name org.bluez was not provided by any .service files)
D/NFC JNI (  448): NFC capabilities: HAL = 8150100, FW = a76d07, HW = 620003, Model = 10, HCI = 1, Full_FW = 109, Rev = 7, FW Update Info = 0
E/BluetoothEventLoop.cpp(  181): get_adapter_path: D-Bus error: org.bluez.Error.NoSuchAdapter (No such adapter)
E/BluetoothEventLoop.cpp(  181): failure setting up Event Loop!
D/dalvikvm(  472): GC_CONCURRENT freed 133K, 2% free 14393K/14599K, paused 3ms+1ms
D/CAT     (  421): CatService: Is running
D/CAT     (  421): CatService: NEW sInstance
D/NetworkLocationService(  340): onCreate com.google.android.location.NetworkLocationService@4185d658
I/ActivityThread(  546): Pub com.android.voicemail: com.android.providers.contacts.VoicemailContentProvider
I/ActivityThread(  527): Pub com.android.inputmethod.latin.dictionarypack: com.google.android.inputmethod.latin.dictionarypack.DictionaryProvider
D/NetworkLocationClient(  340): ANDROID minProtocolVersion 1 maxProtocolVersion 1 releaseVersion -1
D/NetworkLocationClient(  340): binding to Intent { act=com.google.android.location.internal.ANDROID_NLP }
D/NFC JNI (  448): phLibNfc_SE_GetSecureElementList()
D/NFC JNI (  448): 
D/NFC JNI (  448): > Number of Secure Element(s) : 1
D/NFC JNI (  448): phLibNfc_SE_GetSecureElementList(): SMX detected, handle=0xabcdef
D/NFC JNI (  448): phLibNfc_SE_SetMode() returned 0x000d[NFCSTATUS_PENDING]
I/NFC JNI (  448): NFC Initialized
D/NdefPushServer(  448): start, thread = null
D/NdefPushServer(  448): starting new server thread
D/NdefPushServer(  448): about create LLCP service socket
D/NdefPushServer(  448): created LLCP service socket
D/NdefPushServer(  448): about to accept
D/NfcService(  448): NFC-EE routing OFF
D/NfcService(  448): NFC-C polling OFF
I/ActivityManager(  181): Start proc com.android.settings for broadcast com.android.settings/.widget.SettingsAppWidgetProvider: pid=581 uid=1000 gids={1015, 3002, 3001, 3003, 3007}
D/dalvikvm(  340): GC_CONCURRENT freed 210K, 3% free 14209K/14535K, paused 2ms+2ms
I/ActivityThread(  546): Pub user_dictionary: com.android.providers.userdictionary.UserDictionaryProvider
I/ActivityThread(  546): Pub com.android.social: com.android.providers.contacts.SocialProvider
I/ActivityThread(  546): Pub applications: com.android.providers.applications.ApplicationsProvider
D/dalvikvm(  377): GC_CONCURRENT freed 210K, 2% free 14191K/14471K, paused 1ms+2ms
D/dalvikvm(  472): GC_CONCURRENT freed 72K, 2% free 14776K/14983K, paused 2ms+2ms
D/NetworkLocationService(  340): onBind com.google.android.location.NetworkLocationProvidercom.google.android.location.NetworkLocationService@4185d658
D/dalvikvm(  181): GC_CONCURRENT freed 620K, 5% free 18129K/18887K, paused 3ms+8ms
D/NetworkLocationService(  340): onBind com.google.android.location.GeocodeProvidercom.google.android.location.NetworkLocationService@4185d658
D/androidInternalNlpService(  340): onCreate com.google.android.location.internal.server.NetworkLocationService@41848340
D/NetworkLocationRealOs(  340): NLPv2 file already exists; ignoring any NLPv1 files
D/androidNlpServiceThread(  340): ANDROID minProtocolVersion 1 maxProtocolVersion 1 releaseVersion -1
V/BackupManagerService(  181): Connected to Google transport
V/BackupManagerService(  181): Registering transport com.google.android.backup/.BackupTransportService = com.google.android.backup.BackupTransportService$1@41c4b5d8
D/dalvikvm(  181): GC_EXPLICIT freed 74K, 4% free 18138K/18887K, paused 3ms+3ms
I/WindowManager(  181): createSurface Window{41a904d0 com.android.phasebeam.PhaseBeamWallpaper paused=false}: DRAW NOW PENDING
D/NetworkLocationClient(  340): onServiceConnected to ComponentInfo{com.google.android.location/com.google.android.location.internal.server.NetworkLocationService}
I/ActivityThread(  546): Pub contacts;com.android.contacts: com.android.providers.contacts.ContactsProvider2
V/RenderScript(  392): rsContextCreateGL dev=0x16d1f8
D/LocalBluetoothProfileManager(  581): LocalBluetoothProfileManager construction complete
V/RenderScript(  392): 0x1b0bb8 Launching thread(s), CPUs 2
V/RenderScript(  392): 0x1b0bb8 initEGL start
D/libEGL  (  392): loaded /system/lib/egl/libGLES_android.so
I/SearchManagerService(  181): Building list of searchable activities
D/libEGL  (  392): loaded /vendor/lib/egl/libEGL_POWERVR_SGX540_120.so
D/libEGL  (  392): loaded /vendor/lib/egl/libGLESv1_CM_POWERVR_SGX540_120.so
D/libEGL  (  392): loaded /vendor/lib/egl/libGLESv2_POWERVR_SGX540_120.so
D/MccTable(  421): updateMccMncConfiguration: mcc=310, mnc=4
D/MccTable(  421): locale set to en_us
D/MccTable(  421): WIFI_COUNTRY_CODE set to us
I/WifiService(  181): WifiService trying to set country code to us with persist set to true
I/ActivityManager(  181): Config changed: {1.0 310mcc4mnc en_US layoutdir=0 sw360dp w360dp h592dp nrml port finger -keyb/v/h -nav/h s.5}
V/RenderScript(  392): 0x1b0bb8 initGLThread end
V/RenderScript(  392): 0x1b0bb8 rsContextCreateGL ret
I/ActivityThread(  546): Pub call_log: com.android.providers.contacts.CallLogProvider
W/ActivityManager(  181): Unable to start service Intent { act=com.android.internal.telephony.IWapPushManager }: not found
D/OpenGLRenderer(  261): Flushing caches (mode 0)
D/OpenGLRenderer(  261): Flushing caches (mode 0)
V/ScriptC (  392): Create script for resource = phasebeam
I/bcc     (  392): LIBBCC build time: 2011/12/08 01:04:20
I/bcc     (  392): LIBBCC build revision: df1bc78e24cf2b6a71f2b3809ffb46521e5521a8 (git)
D/CallManager(  421): registerPhone(CDMA Handler (com.android.internal.telephony.PhoneProxy) {41859b88})
D/StopWatch(  392): StopWatch calcFileSHA1 time (us): 18737 
D/StopWatch(  392): StopWatch calcFileSHA1 time (us): 5889 
D/bcc     (  392): Read object file size 4200
D/StopWatch(  392): StopWatch bcc: PrepareExecutable time (us): 2624 
E/bcc     (  392): Symbol not found: init
E/BluetoothService.cpp(  181): setBluetoothTetheringNative true
D/BluetoothEventLoop(  181): Property Changed: Pairable : false
D/BluetoothEventLoop(  181): Property Changed: Powered : false
D/BluetoothEventLoop(  181): Property Changed: UUIDs : 6
D/BluetoothAdapterStateMachine(  181): WarmUp process message: 54
D/Bluetooth HS/HF(  421): CDMA call state: IDLE prev state:IDLE
D/BluetoothEventLoop(  181): Property Changed: UUIDs : 7
D/BluetoothEventLoop(  181): Property Changed: UUIDs : 8
D/BluetoothEventLoop(  181): Property Changed: UUIDs : 9
D/BluetoothEventLoop(  181): Property Changed: UUIDs : 10
D/dalvikvm(  472): GC_CONCURRENT freed 203K, 2% free 15005K/15303K, paused 2ms+2ms
D/BluetoothAdapterStateMachine(  181): WarmUp process message: 51
W/ActivityManager(  181): Unable to start service Intent { act=com.android.ussd.IExtendedNetworkService }: not found
D/OtaUtils(  421): CdmaOtaConfigData constructor!
D/OtaUtils(  421): CdmaOtaInCallScreenState: constructor init to UNDEFINED
I/ActivityManager(  181): Start proc com.google.android.deskclock for broadcast com.google.android.deskclock/com.android.alarmclock.AnalogAppWidgetProvider: pid=630 uid=10013 gids={}
D/dalvikvm(  472): GC_CONCURRENT freed 288K, 3% free 15197K/15623K, paused 2ms+11ms
D/dalvikvm(  392): GC_CONCURRENT freed 294K, 3% free 14162K/14599K, paused 1ms+2ms
I/ActivityThread(  630): Pub com.android.deskclock: com.android.deskclock.AlarmProvider
I/ActivityManager(  181): Start proc com.fusionone.android.sync.sprimebaclient for broadcast com.fusionone.android.sync.sprimebaclient/com.fusionone.android.sync.receivers.NetworkBroadcastReceiver: pid=642 uid=10057 gids={1015, 3003, 1006}
D/dalvikvm(  472): GC_CONCURRENT freed 362K, 3% free 15352K/15815K, paused 2ms+2ms
D/SipService(  421):  service started!
D/SipService(  421): SIP service started
D/Bluetooth HSHFP(  421): Starting BluetoothHeadsetService
I/ActivityThread(  642): Pub com.fusionone.android.sync.provider.sprime.dataclasses: com.fusionone.android.sync.provider.dataclasses.SPrimeDataclassesProvider
I/ActivityThread(  642): Pub com.fusionone.android.sync.provider.sprime.settings: com.fusionone.android.sync.provider.settings.SPrimeSettingsProvider
V/com.fusionone.android.sync.service.SyncService(  642): onCreate() invoked
D/Launcher.Model(  472): Reload apps on config change. curr_mcc:310 prevmcc:0
I/DSP     (  642): network_timeout_int missing. New value read from PreferencesService: 110
I/DSP     (  642): network_retries_count_int missing. New value read from PreferencesService: 3
I/DSP     (  642): network_retry_delay_int missing. New value read from PreferencesService: 5
I/WindowManager(  181): createSurface Window{41cc3a18 com.android.launcher/com.android.launcher2.Launcher paused=false}: DRAW NOW PENDING
D/dalvikvm(  546): GC_CONCURRENT freed 196K, 3% free 14294K/14599K, paused 2ms+2ms
I/System.out(  642): *******    BuA  app TelephonyManager.getDeviceId() is NULL, attempt count= 1
D/dalvikvm(  472): GC_CONCURRENT freed 736K, 6% free 15133K/15943K, paused 2ms+22ms
W/TextLayoutCache(  181): computeValuesWithHarfbuzz -- need to force to single run
D/libEGL  (  472): loaded /system/lib/egl/libGLES_android.so
D/libEGL  (  472): loaded /vendor/lib/egl/libEGL_POWERVR_SGX540_120.so
D/libEGL  (  472): loaded /vendor/lib/egl/libGLESv1_CM_POWERVR_SGX540_120.so
D/libEGL  (  472): loaded /vendor/lib/egl/libGLESv2_POWERVR_SGX540_120.so
