D/DATA    ( 1860): sentSinceLastRecv=0,watchdogTrigger=10,maxindex=0
E/TrafficStats( 1673): [QCTMM]tryAll index=0
E/TrafficStats( 1673): [QCTMM]tryAll index=1
E/TrafficStats( 1673): [QCTMM]tryAll index=2
E/TrafficStats( 1673): [QCTMM]tryAll index=0
E/TrafficStats( 1673): [QCTMM]tryAll index=1
E/TrafficStats( 1673): [QCTMM]tryAll index=2
D/DATA    ( 1860): [QCTMM] DataNetStatistics sent == 0 && received == 0 newActivity=NONE
D/DATA    ( 1860): sentSinceLastRecv=0,watchdogTrigger=10,maxindex=0
D/MMDCT   ( 1860): onDCLChanged dcs=DataCallState: { cid: 0, active: 1, type: IP, apn: vzwinternet, address: 10.174.234.255 }
D/MMDCT   ( 1860): onDCLChanged dcs=DataCallState: { cid: 1, active: 2, type: IPV6, apn: vzwinternet, address: 2600:1000:b022:700a:f3ca:40ba:6903:3d04 }
D/MMDCT   ( 1860): onDCLChanged dcs=DataCallState: { cid: 2, active: 0, type: null, apn: null, address: null }
D/MMDCT   ( 1860): onDCLChanged dcs=DataCallState: { cid: 3, active: 0, type: null, apn: null, address: null }
D/MMDCT   ( 1860): onDCLChanged dcs=DataCallState: { cid: 4, active: 0, type: null, apn: null, address: null }
D/MMDCT   ( 1860): onDCLChanged dcs=DataCallState: { cid: 5, active: 0, type: null, apn: null, address: null }
D/MMDCT   ( 1860): onDCLChanged dcs=DataCallState: { cid: 6, active: 0, type: null, apn: null, address: null }
D/MMDCT   ( 1860): onDCLChanged dcs=DataCallState: { cid: 7, active: 0, type: null, apn: null, address: null }
D/MMDCT   ( 1860): onDCLChanged dcs=DataCallState: { cid: 8, active: 0, type: null, apn: null, address: null }
D/MMDCT   ( 1860): onDCLChanged dcs=DataCallState: { cid: 9, active: 0, type: null, apn: null, address: null }
D/MMDCT   ( 1860): onDCLChanged dcs=DataCallState: { cid: 10, active: 0, type: null, apn: null, address: null }
D/MMDCT   ( 1860): onDCLChanged dcs=DataCallState: { cid: 11, active: 0, type: null, apn: null, address: null }
D/MMDCT   ( 1860): onDCLChanged dcs=DataCallState: { cid: 12, active: 0, type: null, apn: null, address: null }
D/MMDCT   ( 1860): onDCLChanged dcs=DataCallState: { cid: 13, active: 0, type: null, apn: null, address: null }
D/MMDCT   ( 1860): onDCLChanged dcs=DataCallState: { cid: 14, active: 0, type: null, apn: null, address: null }
D/MMDCT   ( 1860): onDCLChanged dcs=DataCallState: { cid: 15, active: 0, type: null, apn: null, address: null }
D/MMDCT   ( 1860): onDCLChanged dcs=DataCallState: { cid: 16, active: 0, type: null, apn: null, address: null }
D/MMDCT   ( 1860): onDCLChanged dcs=DataCallState: { cid: 17, active: 0, type: null, apn: null, address: null }
D/MMDCT   ( 1860): onDCLChanged dcs=DataCallState: { cid: 18, active: 0, type: null, apn: null, address: null }
D/MMDCT   ( 1860): onDCLChanged dcs=DataCallState: { cid: 19, active: 0, type: null, apn: null, address: null }
D/MMDCT   ( 1860): onDCLChanged() DC is active : activeDC.active=1
D/MMDCT   ( 1860): onDCLChanged() DC is active : activeDC.active=2
D/MMDCT   ( 1860):  ======= check all DC disconnected ======= 
D/MMDCT   ( 1860): DC-0: state=DcActiveState if=rmnet_sdio0 ip=10.174.234.255 ipv=IPV4
D/MMDCT   ( 1860): DC-1: state=DcActiveState if=rmnet_sdio1 ip=2600:1000:b022:700a:f3ca:40ba:6903:3d04 ipv=IPV6
D/MMDCT   ( 1860): DC-2: state=DcInactiveState if=null ip=null ipv=null
D/MMDCT   ( 1860): DC-3: state=DcInactiveState if=null ip=null ipv=null
D/MMDCT   ( 1860): DC-4: state=DcInactiveState if=null ip=null ipv=null
D/MMDCT   ( 1860): DC-5: state=DcInactiveState if=null ip=null ipv=null
D/MMDCT   ( 1860): DC-6: state=DcInactiveState if=null ip=null ipv=null
D/MMDCT   ( 1860): DC-7: state=DcInactiveState if=null ip=null ipv=null
D/MMDCT   ( 1860): ifAllDataDisconnected ret=false
D/DATA    ( 1860): [QCTMM]isEnablePoll   enablePoll=true
D/MMDCT   ( 1860): onDCLChanged() DA=NONE
D/MMDCT   ( 1860): onDCLChanged() notifyDA() now
D/DATA    ( 1860): [PhoneNotifier] notifyDataActivityLTE
D/StatusBarPolicy( 1816): hasService()=true ,mDataState=2 ,mPhone.htcModemLinkOn()=false ,mDataActivity=0
D/StatusBarPolicy( 1816): slotType[0]=RUIM
D/dalvikvm(15957): GC_EXPLICIT freed 38K, 48% free 2837K/5379K, external 0K/0K, paused 25ms
E/TrafficStats( 1673): [QCTMM]tryAll index=0
E/TrafficStats( 1673): [QCTMM]tryAll index=1
E/TrafficStats( 1673): [QCTMM]tryAll index=2
E/TrafficStats( 1673): [QCTMM]tryAll index=0
E/TrafficStats( 1673): [QCTMM]tryAll index=1
E/TrafficStats( 1673): [QCTMM]tryAll index=2
D/DATA    ( 1860): [QCTMM] DataNetStatistics sent == 0 && received == 0 newActivity=NONE
D/DATA    ( 1860): sentSinceLastRecv=0,watchdogTrigger=10,maxindex=0
E/TrafficStats( 1673): [QCTMM]tryAll index=0
E/TrafficStats( 1673): [QCTMM]tryAll index=1
E/TrafficStats( 1673): [QCTMM]tryAll index=2
E/TrafficStats( 1673): [QCTMM]tryAll index=0
E/TrafficStats( 1673): [QCTMM]tryAll index=1
E/TrafficStats( 1673): [QCTMM]tryAll index=2
D/DATA    ( 1860): [QCTMM] DataNetStatistics sent == 0 && received == 0 newActivity=NONE
D/DATA    ( 1860): sentSinceLastRecv=0,watchdogTrigger=10,maxindex=0
E/TrafficStats(16531): [QCTMM]tryAll index=0
E/TrafficStats(16531): [QCTMM]tryAll index=1
E/TrafficStats(16531): [QCTMM]tryAll index=2
E/TrafficStats(16531): [QCTMM]tryAll index=0
E/TrafficStats(16531): [QCTMM]tryAll index=1
E/TrafficStats(16531): [QCTMM]tryAll index=2
E/TrafficStats(16531): [QCTMM]tryAll index=0
E/TrafficStats(16531): [QCTMM]tryAll index=1
E/TrafficStats(16531): [QCTMM]tryAll index=2
E/TrafficStats(16531): [QCTMM]tryAll index=0
E/TrafficStats(16531): [QCTMM]tryAll index=1
E/TrafficStats(16531): [QCTMM]tryAll index=2
D/Database(16531): dbopen(): path = /data/data/com.onavo.android.onavoid/databases/ui_events, flag = 6, file size = 14057472
D/Database(16531): dbopen(): path = /data/data/com.onavo.android.onavoid/databases/ui_events, mode: wal, disk free size: 2000 M, handle: 0x386398
D/dalvikvm(15489): GC_CONCURRENT freed 26K, 46% free 3666K/6727K, external 0K/0K, paused 2ms+13ms
D/Database(16531): dbclose(): path = /data/data/com.onavo.android.onavoid/databases/ui_events, handle = 0x386398
D/dalvikvm(16531): GC_CONCURRENT freed 863K, 52% free 3358K/6855K, external 0K/0K, paused 3ms+2ms
D/dalvikvm(15489): GC_CONCURRENT freed 201K, 43% free 3858K/6727K, external 0K/0K, paused 2ms+2ms
D/Finsky  (15489): [1] 5.onFinished: Installation state replication succeeded.
E/TrafficStats( 1673): [QCTMM]tryAll index=0
E/TrafficStats( 1673): [QCTMM]tryAll index=1
E/TrafficStats( 1673): [QCTMM]tryAll index=2
E/TrafficStats( 1673): [QCTMM]tryAll index=0
E/TrafficStats( 1673): [QCTMM]tryAll index=1
E/TrafficStats( 1673): [QCTMM]tryAll index=2
D/DATA    ( 1860): [QCTMM] DataNetStatistics sent == 0 && received == 0 newActivity=NONE
D/DATA    ( 1860): sentSinceLastRecv=0,watchdogTrigger=10,maxindex=0
E/TrafficStats( 1673): [QCTMM]tryAll index=0
E/TrafficStats( 1673): [QCTMM]tryAll index=1
E/TrafficStats( 1673): [QCTMM]tryAll index=2
E/TrafficStats( 1673): [QCTMM]tryAll index=0
E/TrafficStats( 1673): [QCTMM]tryAll index=1
E/TrafficStats( 1673): [QCTMM]tryAll index=2
D/DATA    ( 1860): [QCTMM] DataNetStatistics sent == 0 && received == 0 newActivity=NONE
D/DATA    ( 1860): sentSinceLastRecv=0,watchdogTrigger=10,maxindex=0
E/TrafficStats( 1673): [QCTMM]tryAll index=0
E/TrafficStats( 1673): [QCTMM]tryAll index=1
E/TrafficStats( 1673): [QCTMM]tryAll index=2
E/TrafficStats( 1673): [QCTMM]tryAll index=0
E/TrafficStats( 1673): [QCTMM]tryAll index=1
E/TrafficStats( 1673): [QCTMM]tryAll index=2
D/DATA    ( 1860): [QCTMM] DataNetStatistics sent == 0 && received == 0 newActivity=NONE
D/DATA    ( 1860): sentSinceLastRecv=0,watchdogTrigger=10,maxindex=0
D/dalvikvm(15967): GC_EXPLICIT freed 2K, 48% free 2829K/5379K, external 0K/0K, paused 67ms
E/TrafficStats( 1673): [QCTMM]tryAll index=0
E/TrafficStats( 1673): [QCTMM]tryAll index=1
E/TrafficStats( 1673): [QCTMM]tryAll index=2
E/TrafficStats( 1673): [QCTMM]tryAll index=0
E/TrafficStats( 1673): [QCTMM]tryAll index=1
E/TrafficStats( 1673): [QCTMM]tryAll index=2
D/DATA    ( 1860): [QCTMM] DataNetStatistics sent == 0 && received == 0 newActivity=NONE
D/DATA    ( 1860): sentSinceLastRecv=0,watchdogTrigger=10,maxindex=0
E/TrafficStats( 1673): [QCTMM]tryAll index=0
E/TrafficStats( 1673): [QCTMM]tryAll index=1
E/TrafficStats( 1673): [QCTMM]tryAll index=2
E/TrafficStats( 1673): [QCTMM]tryAll index=0
E/TrafficStats( 1673): [QCTMM]tryAll index=1
E/TrafficStats( 1673): [QCTMM]tryAll index=2
D/DATA    ( 1860): [QCTMM] DataNetStatistics sent == 0 && received == 0 newActivity=NONE
D/DATA    ( 1860): sentSinceLastRecv=0,watchdogTrigger=10,maxindex=0
E/TrafficStats(16531): [QCTMM]tryAll index=0
E/TrafficStats(16531): [QCTMM]tryAll index=1
E/TrafficStats(16531): [QCTMM]tryAll index=2
E/TrafficStats(16531): [QCTMM]tryAll index=0
E/TrafficStats(16531): [QCTMM]tryAll index=1
E/TrafficStats(16531): [QCTMM]tryAll index=2
E/TrafficStats(16531): [QCTMM]tryAll index=0
E/TrafficStats(16531): [QCTMM]tryAll index=1
E/TrafficStats(16531): [QCTMM]tryAll index=2
E/TrafficStats(16531): [QCTMM]tryAll index=0
E/TrafficStats(16531): [QCTMM]tryAll index=1
E/TrafficStats(16531): [QCTMM]tryAll index=2
E/TrafficStats( 1673): [QCTMM]tryAll index=0
E/TrafficStats( 1673): [QCTMM]tryAll index=1
E/TrafficStats( 1673): [QCTMM]tryAll index=2
E/TrafficStats( 1673): [QCTMM]tryAll index=0
E/TrafficStats( 1673): [QCTMM]tryAll index=1
E/TrafficStats( 1673): [QCTMM]tryAll index=2
D/DATA    ( 1860): [QCTMM] DataNetStatistics sent == 0 && received == 0 newActivity=NONE
D/DATA    ( 1860): sentSinceLastRecv=0,watchdogTrigger=10,maxindex=0
E/TrafficStats( 1673): [QCTMM]tryAll index=0
E/TrafficStats( 1673): [QCTMM]tryAll index=1
E/TrafficStats( 1673): [QCTMM]tryAll index=2
E/TrafficStats( 1673): [QCTMM]tryAll index=0
E/TrafficStats( 1673): [QCTMM]tryAll index=1
E/TrafficStats( 1673): [QCTMM]tryAll index=2
D/DATA    ( 1860): [QCTMM] DataNetStatistics sent == 0 && received == 0 newActivity=NONE
D/DATA    ( 1860): sentSinceLastRecv=0,watchdogTrigger=10,maxindex=0
D/StatusBarPolicy( 1816): iconIndex=1
V/StatusBarPolicy( 1816): cdmaLevel:3;max:4
D/StatusBarPolicy( 1816): iconLevel:3
I/PhoneInfo( 2188): getCdmaLevel - cdmaDbm: -72 cdmaEcio:-90
I/PhoneInfo( 2188): getEvdoLevel - evdoDbm: -120 evdoSnr:-1 evdoEcio:-1
I/PhoneInfo( 2188): getLteLevel - lteRsrp: -1 lteCqi:-1
E/TrafficStats( 1673): [QCTMM]tryAll index=0
E/TrafficStats( 1673): [QCTMM]tryAll index=1
E/TrafficStats( 1673): [QCTMM]tryAll index=2
E/TrafficStats( 1673): [QCTMM]tryAll index=0
E/TrafficStats( 1673): [QCTMM]tryAll index=1
E/TrafficStats( 1673): [QCTMM]tryAll index=2
D/DATA    ( 1860): [QCTMM] DataNetStatistics sent == 0 && received == 0 newActivity=NONE
D/DATA    ( 1860): sentSinceLastRecv=0,watchdogTrigger=10,maxindex=0
E/TrafficStats( 1673): [QCTMM]tryAll index=0
E/TrafficStats( 1673): [QCTMM]tryAll index=1
E/TrafficStats( 1673): [QCTMM]tryAll index=2
E/TrafficStats( 1673): [QCTMM]tryAll index=0
E/TrafficStats( 1673): [QCTMM]tryAll index=1
E/TrafficStats( 1673): [QCTMM]tryAll index=2
D/DATA    ( 1860): [QCTMM] DataNetStatistics sent == 0 && received == 0 newActivity=NONE
D/DATA    ( 1860): sentSinceLastRecv=0,watchdogTrigger=10,maxindex=0
E/TrafficStats( 1673): [QCTMM]tryAll index=0
E/TrafficStats( 1673): [QCTMM]tryAll index=1
E/TrafficStats( 1673): [QCTMM]tryAll index=2
E/TrafficStats( 1673): [QCTMM]tryAll index=0
E/TrafficStats( 1673): [QCTMM]tryAll index=1
E/TrafficStats( 1673): [QCTMM]tryAll index=2
D/DATA    ( 1860): [QCTMM] DataNetStatistics sent == 0 && received == 0 newActivity=NONE
D/DATA    ( 1860): sentSinceLastRecv=0,watchdogTrigger=10,maxindex=0
E/TrafficStats( 1673): [QCTMM]tryAll index=0
E/TrafficStats( 1673): [QCTMM]tryAll index=1
E/TrafficStats( 1673): [QCTMM]tryAll index=2
E/TrafficStats( 1673): [QCTMM]tryAll index=0
E/TrafficStats( 1673): [QCTMM]tryAll index=1
E/TrafficStats( 1673): [QCTMM]tryAll index=2
D/DATA    ( 1860): [QCTMM] DataNetStatistics sent == 0 && received == 0 newActivity=NONE
D/DATA    ( 1860): sentSinceLastRecv=0,watchdogTrigger=10,maxindex=0
E/TrafficStats(16531): [QCTMM]tryAll index=0
E/TrafficStats(16531): [QCTMM]tryAll index=1
E/TrafficStats(16531): [QCTMM]tryAll index=2
E/TrafficStats(16531): [QCTMM]tryAll index=0
E/TrafficStats(16531): [QCTMM]tryAll index=1
E/TrafficStats(16531): [QCTMM]tryAll index=2
E/TrafficStats(16531): [QCTMM]tryAll index=0
E/TrafficStats(16531): [QCTMM]tryAll index=1
E/TrafficStats(16531): [QCTMM]tryAll index=2
E/TrafficStats(16531): [QCTMM]tryAll index=0
E/TrafficStats(16531): [QCTMM]tryAll index=1
E/TrafficStats(16531): [QCTMM]tryAll index=2
D/Database(16531): dbopen(): path = /data/data/com.onavo.android.onavoid/databases/ui_events, flag = 6, file size = 14057472
D/Database(16531): dbopen(): path = /data/data/com.onavo.android.onavoid/databases/ui_events, mode: wal, disk free size: 2000 M, handle: 0x3b97a0
D/Database(16531): dbclose(): path = /data/data/com.onavo.android.onavoid/databases/ui_events, handle = 0x3b97a0
E/TrafficStats( 1673): [QCTMM]tryAll index=0
E/TrafficStats( 1673): [QCTMM]tryAll index=1
E/TrafficStats( 1673): [QCTMM]tryAll index=2
E/TrafficStats( 1673): [QCTMM]tryAll index=0
E/TrafficStats( 1673): [QCTMM]tryAll index=1
E/TrafficStats( 1673): [QCTMM]tryAll index=2
D/DATA    ( 1860): [QCTMM] DataNetStatistics sent == 0 && received == 0 newActivity=NONE
D/DATA    ( 1860): sentSinceLastRecv=0,watchdogTrigger=10,maxindex=0
D/dalvikvm(16937): GC_EXPLICIT freed 26K, 41% free 3673K/6151K, external 0K/0K, paused 67ms
E/TrafficStats( 1673): [QCTMM]tryAll index=0
E/TrafficStats( 1673): [QCTMM]tryAll index=1
E/TrafficStats( 1673): [QCTMM]tryAll index=2
E/TrafficStats( 1673): [QCTMM]tryAll index=0
E/TrafficStats( 1673): [QCTMM]tryAll index=1
E/TrafficStats( 1673): [QCTMM]tryAll index=2
D/DATA    ( 1860): [QCTMM] DataNetStatistics sent == 0 && received == 0 newActivity=NONE
D/DATA    ( 1860): sentSinceLastRecv=0,watchdogTrigger=10,maxindex=0
E/TrafficStats( 1673): [QCTMM]tryAll index=0
E/TrafficStats( 1673): [QCTMM]tryAll index=1
E/TrafficStats( 1673): [QCTMM]tryAll index=2
E/TrafficStats( 1673): [QCTMM]tryAll index=0
E/TrafficStats( 1673): [QCTMM]tryAll index=1
E/TrafficStats( 1673): [QCTMM]tryAll index=2
D/DATA    ( 1860): [QCTMM] DataNetStatistics sent == 0 && received == 0 newActivity=NONE
D/DATA    ( 1860): sentSinceLastRecv=0,watchdogTrigger=10,maxindex=0
I/ActivityManager( 1673): Starting activity: Intent { act=android.intent.action.MAIN cat=[android.intent.category.LAUNCHER] flg=0x10100000 cmp=com.example.hellojni/.HelloJni } from pid 1816
V/HtcAppUsageStats( 1673): handleMessage msg=1
D/Background traffic light( 1845): traffic light: GREEN, mBackgroundTrafficLight = true
V/HtcAppUsageStats( 1673): (launch app, package): (HelloJni, com.example.hellojni)
I/ActivityManager( 1673): Start proc com.example.hellojni for activity com.example.hellojni/.HelloJni: pid=17342 uid=10167 gids={1015, 3003}
E/TrafficStats( 1673): [QCTMM]tryAll index=0
E/TrafficStats( 1673): [QCTMM]tryAll index=1
E/TrafficStats( 1673): [QCTMM]tryAll index=2
E/TrafficStats( 1673): [QCTMM]tryAll index=0
E/TrafficStats( 1673): [QCTMM]tryAll index=1
E/TrafficStats( 1673): [QCTMM]tryAll index=2
D/DATA    ( 1860): [QCTMM] DataNetStatistics sent == 0 && received == 0 newActivity=NONE
D/DATA    ( 1860): sentSinceLastRecv=0,watchdogTrigger=10,maxindex=0
D/lights  ( 1673): [LedInfo] write attr ok name=/sys/class/leds/amber/brightness string=1,len=1
D/lights  ( 1673): [LedInfo] write attr ok name=/sys/class/leds/amber/blink string=0,len=1
D/lights  ( 1673): [LedInfo] write attr ok name=/sys/class/leds/amber/off_timer string=0 0,len=3
D/lights  ( 1673): [LedInfo] write attr ok name=/sys/class/leds/green/brightness string=0,len=1
V/NotificationService( 1673): Charging...
D/lights  ( 1673): [LedInfo] write attr ok name=/sys/class/leds/green/blink string=0,len=1
D/lights  ( 1673): [LedInfo] write attr ok name=/sys/class/leds/green/off_timer string=0 0,len=3
D/dalvikvm(17342): Trying to load lib /data/data/com.example.hellojni/lib/libclient.so 0x4051b148
D/dalvikvm(17342): Added shared lib /data/data/com.example.hellojni/lib/libclient.so 0x4051b148
D/dalvikvm(17342): No JNI_OnLoad found in /data/data/com.example.hellojni/lib/libclient.so 0x4051b148, skipping init
D/ATRecorder(17342): com.htc.autotest.dlib.RecordEngine in loader dalvik.system.DexClassLoader@40527c20
W/InputManagerService( 1673): [unbindCurrentClientLocked] Disable input method client.
W/InputManagerService( 1673): [startInputLocked] Enable input method client.
I/ActivityManager( 1673): Displayed com.example.hellojni/.HelloJni: +510ms
V/DeviceStorageMonitorService( 1673): freeMemory=2097827840
D/DeviceStorageMonitorService( 1673): OoO SMS Memory available. SMS_AVAILABLE_THRESHOLD == 524288
I/DeviceStorageMonitorService( 1673): Posting Message again
E/TrafficStats( 1673): [QCTMM]tryAll index=0
E/TrafficStats( 1673): [QCTMM]tryAll index=1
E/TrafficStats( 1673): [QCTMM]tryAll index=2
E/TrafficStats( 1673): [QCTMM]tryAll index=0
E/TrafficStats( 1673): [QCTMM]tryAll index=1
E/TrafficStats( 1673): [QCTMM]tryAll index=2
D/DATA    ( 1860): [QCTMM] DataNetStatistics sent == 0 && received == 0 newActivity=NONE
D/DATA    ( 1860): sentSinceLastRecv=0,watchdogTrigger=10,maxindex=0
E/TrafficStats(16531): [QCTMM]tryAll index=0
E/TrafficStats(16531): [QCTMM]tryAll index=1
E/TrafficStats(16531): [QCTMM]tryAll index=2
E/TrafficStats(16531): [QCTMM]tryAll index=0
E/TrafficStats(16531): [QCTMM]tryAll index=1
E/TrafficStats(16531): [QCTMM]tryAll index=2
E/TrafficStats(16531): [QCTMM]tryAll index=0
E/TrafficStats(16531): [QCTMM]tryAll index=1
E/TrafficStats(16531): [QCTMM]tryAll index=2
E/TrafficStats(16531): [QCTMM]tryAll index=0
E/TrafficStats(16531): [QCTMM]tryAll index=1
E/TrafficStats(16531): [QCTMM]tryAll index=2
E/TrafficStats( 1673): [QCTMM]tryAll index=0
E/TrafficStats( 1673): [QCTMM]tryAll index=1
E/TrafficStats( 1673): [QCTMM]tryAll index=2
E/TrafficStats( 1673): [QCTMM]tryAll index=0
E/TrafficStats( 1673): [QCTMM]tryAll index=1
E/TrafficStats( 1673): [QCTMM]tryAll index=2
D/DATA    ( 1860): [QCTMM] DataNetStatistics sent == 0 && received == 0 newActivity=NONE
D/DATA    ( 1860): sentSinceLastRecv=0,watchdogTrigger=10,maxindex=0
E/TrafficStats( 1673): [QCTMM]tryAll index=0
E/TrafficStats( 1673): [QCTMM]tryAll index=1
E/TrafficStats( 1673): [QCTMM]tryAll index=2
E/TrafficStats( 1673): [QCTMM]tryAll index=0
E/TrafficStats( 1673): [QCTMM]tryAll index=1
E/TrafficStats( 1673): [QCTMM]tryAll index=2
D/DATA    ( 1860): [QCTMM] DataNetStatistics sent == 0 && received == 0 newActivity=NONE
D/DATA    ( 1860): sentSinceLastRecv=0,watchdogTrigger=10,maxindex=0
D/StatusBarPolicy( 1816): iconIndex=1
V/StatusBarPolicy( 1816): cdmaLevel:4;max:4
D/StatusBarPolicy( 1816): iconLevel:4
I/PhoneInfo( 2188): getCdmaLevel - cdmaDbm: -72 cdmaEcio:-70
I/PhoneInfo( 2188): getEvdoLevel - evdoDbm: -120 evdoSnr:-1 evdoEcio:-1
I/PhoneInfo( 2188): getLteLevel - lteRsrp: -1 lteCqi:-1
E/TrafficStats( 1673): [QCTMM]tryAll index=0
E/TrafficStats( 1673): [QCTMM]tryAll index=1
E/TrafficStats( 1673): [QCTMM]tryAll index=2
E/TrafficStats( 1673): [QCTMM]tryAll index=0
E/TrafficStats( 1673): [QCTMM]tryAll index=1
E/TrafficStats( 1673): [QCTMM]tryAll index=2
D/DATA    ( 1860): [QCTMM] DataNetStatistics sent == 0 && received == 0 newActivity=NONE
D/DATA    ( 1860): sentSinceLastRecv=0,watchdogTrigger=10,maxindex=0
D/MMDCT   ( 1860): onDCLChanged dcs=DataCallState: { cid: 0, active: 2, type: IP, apn: vzwinternet, address: 10.174.234.255 }
D/MMDCT   ( 1860): onDCLChanged dcs=DataCallState: { cid: 1, active: 2, type: IPV6, apn: vzwinternet, address: 2600:1000:b022:700a:f3ca:40ba:6903:3d04 }
D/MMDCT   ( 1860): onDCLChanged dcs=DataCallState: { cid: 2, active: 0, type: null, apn: null, address: null }
D/MMDCT   ( 1860): onDCLChanged dcs=DataCallState: { cid: 3, active: 0, type: null, apn: null, address: null }
D/MMDCT   ( 1860): onDCLChanged dcs=DataCallState: { cid: 4, active: 0, type: null, apn: null, address: null }
D/MMDCT   ( 1860): onDCLChanged dcs=DataCallState: { cid: 5, active: 0, type: null, apn: null, address: null }
D/MMDCT   ( 1860): onDCLChanged dcs=DataCallState: { cid: 6, active: 0, type: null, apn: null, address: null }
D/MMDCT   ( 1860): onDCLChanged dcs=DataCallState: { cid: 7, active: 0, type: null, apn: null, address: null }
D/MMDCT   ( 1860): onDCLChanged dcs=DataCallState: { cid: 8, active: 0, type: null, apn: null, address: null }
D/MMDCT   ( 1860): onDCLChanged dcs=DataCallState: { cid: 9, active: 0, type: null, apn: null, address: null }
D/MMDCT   ( 1860): onDCLChanged dcs=DataCallState: { cid: 10, active: 0, type: null, apn: null, address: null }
D/MMDCT   ( 1860): onDCLChanged dcs=DataCallState: { cid: 11, active: 0, type: null, apn: null, address: null }
D/MMDCT   ( 1860): onDCLChanged dcs=DataCallState: { cid: 12, active: 0, type: null, apn: null, address: null }
D/MMDCT   ( 1860): onDCLChanged dcs=DataCallState: { cid: 13, active: 0, type: null, apn: null, address: null }
D/MMDCT   ( 1860): onDCLChanged dcs=DataCallState: { cid: 14, active: 0, type: null, apn: null, address: null }
D/MMDCT   ( 1860): onDCLChanged dcs=DataCallState: { cid: 15, active: 0, type: null, apn: null, address: null }
D/MMDCT   ( 1860): onDCLChanged dcs=DataCallState: { cid: 16, active: 0, type: null, apn: null, address: null }
D/MMDCT   ( 1860): onDCLChanged dcs=DataCallState: { cid: 17, active: 0, type: null, apn: null, address: null }
D/MMDCT   ( 1860): onDCLChanged dcs=DataCallState: { cid: 18, active: 0, type: null, apn: null, address: null }
D/MMDCT   ( 1860): onDCLChanged dcs=DataCallState: { cid: 19, active: 0, type: null, apn: null, address: null }
D/MMDCT   ( 1860): onDCLChanged() DC is active : activeDC.active=2
D/MMDCT   ( 1860): onDCLChanged() DC is active : activeDC.active=2
D/MMDCT   ( 1860):  ======= check all DC disconnected ======= 
D/MMDCT   ( 1860): DC-0: state=DcActiveState if=rmnet_sdio0 ip=10.174.234.255 ipv=IPV4
D/MMDCT   ( 1860): DC-1: state=DcActiveState if=rmnet_sdio1 ip=2600:1000:b022:700a:f3ca:40ba:6903:3d04 ipv=IPV6
D/MMDCT   ( 1860): DC-2: state=DcInactiveState if=null ip=null ipv=null
D/MMDCT   ( 1860): DC-3: state=DcInactiveState if=null ip=null ipv=null
D/MMDCT   ( 1860): DC-4: state=DcInactiveState if=null ip=null ipv=null
D/MMDCT   ( 1860): DC-5: state=DcInactiveState if=null ip=null ipv=null
D/MMDCT   ( 1860): DC-6: state=DcInactiveState if=null ip=null ipv=null
D/MMDCT   ( 1860): DC-7: state=DcInactiveState if=null ip=null ipv=null
D/MMDCT   ( 1860): ifAllDataDisconnected ret=false
D/DATA    ( 1860): [QCTMM]isEnablePoll   enablePoll=true
D/MMDCT   ( 1860): onDCLChanged() DA=NONE
D/MMDCT   ( 1860): onDCLChanged() notifyDA() now
D/DATA    ( 1860): [PhoneNotifier] notifyDataActivityLTE
D/StatusBarPolicy( 1816): hasService()=true ,mDataState=2 ,mPhone.htcModemLinkOn()=false ,mDataActivity=0
D/StatusBarPolicy( 1816): slotType[0]=RUIM
D/UDP-TIMING(17342): 0 0 0.178322000
D/UDP-TIMING(17342): 1 0 0.198725000
D/UDP-TIMING(17342): 2 0 0.188608000
D/UDP-TIMING(17342): 3 0 0.178488000
D/UDP-TIMING(17342): 4 0 0.168364000
D/UDP-TIMING(17342): 5 0 0.158203000
D/UDP-TIMING(17342): 6 0 0.148081000
D/UDP-TIMING(17342): 7 0 0.138011000
D/UDP-TIMING(17342): 8 0 0.157902000
D/UDP-TIMING(17342): 9 0 0.147782000
D/UDP-TIMING(17342): 10 0 0.137602000
D/UDP-TIMING(17342): 11 0 0.157691000
D/UDP-TIMING(17342): 12 0 0.147512000
D/UDP-TIMING(17342): 13 0 0.137411000
D/UDP-TIMING(17342): 14 0 0.156922000
D/UDP-TIMING(17342): 15 0 0.146758000
D/UDP-TIMING(17342): 16 0 0.136633000
D/UDP-TIMING(17342): 17 0 0.156814000
D/UDP-TIMING(17342): 18 0 0.146643000
D/UDP-TIMING(17342): 19 0 0.136460000
D/UDP-TIMING(17342): 20 0 0.156006000
D/UDP-TIMING(17342): 21 0 0.145812000
D/UDP-TIMING(17342): 22 0 0.135648000
D/UDP-TIMING(17342): 23 0 0.155680000
D/UDP-TIMING(17342): 24 0 0.145491000
D/UDP-TIMING(17342): 25 0 0.135342000
D/UDP-TIMING(17342): 26 0 0.154876000
D/UDP-TIMING(17342): 27 0 0.144714000
D/UDP-TIMING(17342): 28 0 0.134559000
D/UDP-TIMING(17342): 29 0 0.154640000
D/UDP-TIMING(17342): 30 0 0.144452000
D/UDP-TIMING(17342): 31 0 0.134296000
D/UDP-TIMING(17342): 32 0 0.154410000
D/UDP-TIMING(17342): 33 0 0.144232000
D/UDP-TIMING(17342): 34 0 0.134040000
D/UDP-TIMING(17342): 35 0 0.153383000
D/UDP-TIMING(17342): 36 0 0.143287000
D/UDP-TIMING(17342): 37 0 0.133220000
D/UDP-TIMING(17342): 38 0 0.153661000
D/UDP-TIMING(17342): 39 0 0.143513000
D/UDP-TIMING(17342): 40 0 0.133335000
D/UDP-TIMING(17342): 41 0 0.152610000
D/UDP-TIMING(17342): 42 0 0.142452000
D/UDP-TIMING(17342): 43 0 0.132346000
D/UDP-TIMING(17342): 44 0 0.152450000
D/UDP-TIMING(17342): 45 0 0.142346000
D/UDP-TIMING(17342): 46 0 0.132232000
D/UDP-TIMING(17342): 47 0 0.151088000
D/UDP-TIMING(17342): 48 0 0.140934000
D/UDP-TIMING(17342): 49 0 0.130752000
D/UDP-TIMING(17342): 50 0 0.150990000
D/UDP-TIMING(17342): 51 0 0.140813000
D/UDP-TIMING(17342): 52 0 0.130565000
D/UDP-TIMING(17342): 53 0 0.150469000
D/UDP-TIMING(17342): 54 0 0.140293000
D/UDP-TIMING(17342): 55 0 0.130138000
D/UDP-TIMING(17342): 56 0 0.150462000
D/UDP-TIMING(17342): 57 0 0.140320000
D/UDP-TIMING(17342): 58 0 0.130193000
D/UDP-TIMING(17342): 59 0 0.149639000
D/UDP-TIMING(17342): 60 0 0.139454000
D/UDP-TIMING(17342): 61 0 0.129264000
E/TrafficStats( 1673): [QCTMM]tryAll index=0
E/TrafficStats( 1673): [QCTMM]tryAll index=1
E/TrafficStats( 1673): [QCTMM]tryAll index=2
E/TrafficStats( 1673): [QCTMM]tryAll index=0
E/TrafficStats( 1673): [QCTMM]tryAll index=1
E/TrafficStats( 1673): [QCTMM]tryAll index=2
D/DATA    ( 1860): [PhoneNotifier] notifyDataActivityLTE
D/UDP-TIMING(17342): 62 0 0.149818000
D/UDP-TIMING(17342): 63 0 0.139611000
D/UDP-TIMING(17342): 64 0 0.129454000
D/StatusBarPolicy( 1816): hasService()=true ,mDataState=2 ,mPhone.htcModemLinkOn()=false ,mDataActivity=3
D/DATA    ( 1860): [QCTMM] DataNetStatistics mIsScreenOn newActivity=DATAINANDOUT
D/DATA    ( 1860): sentSinceLastRecv=0,watchdogTrigger=10,maxindex=0
D/StatusBarPolicy( 1816): slotType[0]=RUIM
D/UDP-TIMING(17342): 65 0 0.148985000
D/UDP-TIMING(17342): 66 0 0.138893000
D/UDP-TIMING(17342): 67 0 0.157886000
D/UDP-TIMING(17342): 68 0 0.147703000
D/UDP-TIMING(17342): 69 0 0.137516000
D/UDP-TIMING(17342): 70 0 0.157548000
D/UDP-TIMING(17342): 71 0 0.147358000
D/UDP-TIMING(17342): 72 0 0.137202000
D/UDP-TIMING(17342): 73 0 0.157042000
D/UDP-TIMING(17342): 74 0 0.146891000
D/UDP-TIMING(17342): 75 0 0.136734000
D/UDP-TIMING(17342): 76 0 0.156884000
D/UDP-TIMING(17342): 77 0 0.146712000
D/UDP-TIMING(17342): 78 0 0.136529000
D/UDP-TIMING(17342): 79 0 0.156129000
D/UDP-TIMING(17342): 80 0 0.145972000
D/UDP-TIMING(17342): 81 0 0.135875000
D/UDP-TIMING(17342): 82 0 0.155964000
D/UDP-TIMING(17342): 83 0 0.145783000
D/UDP-TIMING(17342): 84 0 0.135662000
D/UDP-TIMING(17342): 85 0 0.155385000
D/UDP-TIMING(17342): 86 0 0.145310000
D/UDP-TIMING(17342): 87 0 0.135203000
D/UDP-TIMING(17342): 88 0 0.155278000
D/UDP-TIMING(17342): 89 0 0.145192000
D/UDP-TIMING(17342): 90 0 0.135088000
D/UDP-TIMING(17342): 91 0 0.154647000
D/UDP-TIMING(17342): 92 0 0.144529000
D/UDP-TIMING(17342): 93 0 0.134317000
D/UDP-TIMING(17342): 94 0 0.154661000
D/UDP-TIMING(17342): 95 0 0.144525000
D/UDP-TIMING(17342): 96 0 0.134360000
D/UDP-TIMING(17342): 97 0 0.153723000
D/UDP-TIMING(17342): 98 0 0.143601000
D/UDP-TIMING(17342): 99 0 0.133471000
D/UDP-TIMING(17342): 100 0 0.153581000
D/UDP-TIMING(17342): 101 0 0.143474000
D/UDP-TIMING(17342): 102 0 0.133319000
D/UDP-TIMING(17342): 103 0 0.152826000
D/UDP-TIMING(17342): 104 0 0.142725000
D/UDP-TIMING(17342): 105 0 0.132628000
D/UDP-TIMING(17342): 106 0 0.152549000
D/UDP-TIMING(17342): 107 0 0.142377000
D/UDP-TIMING(17342): 108 0 0.132206000
D/UDP-TIMING(17342): 109 0 0.151971000
D/UDP-TIMING(17342): 110 0 0.141805000
D/UDP-TIMING(17342): 111 0 0.131636000
D/UDP-TIMING(17342): 112 0 0.151494000
D/UDP-TIMING(17342): 113 0 0.141327000
D/UDP-TIMING(17342): 114 0 0.131223000
D/UDP-TIMING(17342): 115 0 0.151403000
D/UDP-TIMING(17342): 116 0 0.141254000
D/UDP-TIMING(17342): 117 0 0.131073000
D/UDP-TIMING(17342): 118 0 0.150631000
D/UDP-TIMING(17342): 119 0 0.140397000
D/UDP-TIMING(17342): 120 0 0.130215000
D/UDP-TIMING(17342): 121 0 0.150491000
D/UDP-TIMING(17342): 122 0 0.140314000
D/UDP-TIMING(17342): 123 0 0.130167000
D/UDP-TIMING(17342): 124 0 0.149620000
D/UDP-TIMING(17342): 125 0 0.139453000
D/UDP-TIMING(17342): 126 0 0.159620000
D/UDP-TIMING(17342): 127 0 0.149481000
D/UDP-TIMING(17342): 128 0 0.139330000
D/UDP-TIMING(17342): 129 0 0.129151000
D/UDP-TIMING(17342): 130 0 0.148680000
D/UDP-TIMING(17342): 131 0 0.138546000
D/UDP-TIMING(17342): 132 0 0.128425000
D/UDP-TIMING(17342): 133 0 0.148525000
D/UDP-TIMING(17342): 134 0 0.138397000
D/UDP-TIMING(17342): 135 0 0.129245000
D/UDP-TIMING(17342): 136 0 0.147923000
D/UDP-TIMING(17342): 137 0 0.137818000
D/UDP-TIMING(17342): 138 0 0.128629000
D/UDP-TIMING(17342): 139 0 0.147591000
D/UDP-TIMING(17342): 140 0 0.137439000
D/UDP-TIMING(17342): 141 0 0.157015000
D/UDP-TIMING(17342): 142 0 0.146839000
D/UDP-TIMING(17342): 143 0 0.136662000
D/UDP-TIMING(17342): 144 0 0.156520000
D/UDP-TIMING(17342): 145 0 0.146398000
D/UDP-TIMING(17342): 146 0 0.136253000
D/UDP-TIMING(17342): 147 0 0.156427000
D/UDP-TIMING(17342): 148 0 0.146250000
D/UDP-TIMING(17342): 149 0 0.136063000
D/UDP-TIMING(17342): 150 0 0.155557000
D/UDP-TIMING(17342): 151 0 0.145380000
D/UDP-TIMING(17342): 152 0 0.135226000
D/UDP-TIMING(17342): 153 0 0.155257000
D/UDP-TIMING(17342): 154 0 0.145131000
D/UDP-TIMING(17342): 155 0 0.134961000
D/UDP-TIMING(17342): 156 0 0.154490000
D/UDP-TIMING(17342): 157 0 0.144310000
D/UDP-TIMING(17342): 158 0 0.134152000
D/UDP-TIMING(17342): 159 0 0.154212000
D/UDP-TIMING(17342): 160 0 0.144033000
D/UDP-TIMING(17342): 161 0 0.133866000
D/UDP-TIMING(17342): 162 0 0.153382000
D/UDP-TIMING(17342): 163 0 0.143188000
D/UDP-TIMING(17342): 164 0 0.133014000
E/TrafficStats( 1673): [QCTMM]tryAll index=0
E/TrafficStats( 1673): [QCTMM]tryAll index=1
E/TrafficStats( 1673): [QCTMM]tryAll index=2
E/TrafficStats( 1673): [QCTMM]tryAll index=0
E/TrafficStats( 1673): [QCTMM]tryAll index=1
E/TrafficStats( 1673): [QCTMM]tryAll index=2
D/DATA    ( 1860): [PhoneNotifier] notifyDataActivityLTE
D/DATA    ( 1860): [QCTMM] DataNetStatistics mIsScreenOn newActivity=DATAIN
D/DATA    ( 1860): sentSinceLastRecv=0,watchdogTrigger=10,maxindex=0
D/StatusBarPolicy( 1816): hasService()=true ,mDataState=2 ,mPhone.htcModemLinkOn()=false ,mDataActivity=1
D/UDP-TIMING(17342): 165 0 0.153322000
D/UDP-TIMING(17342): 166 0 0.143141000
D/UDP-TIMING(17342): 167 0 0.132957000
D/StatusBarPolicy( 1816): slotType[0]=RUIM
D/UDP-TIMING(17342): 168 0 0.152373000
D/UDP-TIMING(17342): 169 0 0.142271000
D/UDP-TIMING(17342): 170 0 0.132149000
D/UDP-TIMING(17342): 171 0 0.152118000
D/UDP-TIMING(17342): 172 0 0.141957000
D/UDP-TIMING(17342): 173 0 0.131766000
D/UDP-TIMING(17342): 174 0 0.157848000
D/UDP-TIMING(17342): 175 0 0.147773000
D/UDP-TIMING(17342): 176 0 0.137633000
D/UDP-TIMING(17342): 177 0 0.151160000
D/UDP-TIMING(17342): 178 0 0.141010000
D/UDP-TIMING(17342): 179 0 0.130826000
D/UDP-TIMING(17342): 180 0 0.150472000
D/UDP-TIMING(17342): 181 0 0.140377000
D/UDP-TIMING(17342): 182 0 0.130270000
D/UDP-TIMING(17342): 183 0 0.150016000
D/UDP-TIMING(17342): 184 0 0.139886000
D/UDP-TIMING(17342): 185 0 0.129827000
D/UDP-TIMING(17342): 186 0 0.150041000
D/UDP-TIMING(17342): 187 0 0.139942000
D/UDP-TIMING(17342): 188 0 0.129632000
D/UDP-TIMING(17342): 189 0 0.149129000
D/UDP-TIMING(17342): 190 0 0.138956000
D/UDP-TIMING(17342): 191 0 0.128784000
D/UDP-TIMING(17342): 192 0 0.148922000
D/UDP-TIMING(17342): 193 0 0.138786000
D/UDP-TIMING(17342): 194 0 0.129902000
D/UDP-TIMING(17342): 195 0 0.148057000
D/UDP-TIMING(17342): 196 0 0.137871000
D/UDP-TIMING(17342): 197 0 0.158133000
D/UDP-TIMING(17342): 198 0 0.147997000
D/UDP-TIMING(17342): 199 0 0.137848000
D/UDP-TIMING(17342): 200 0 0.157240000
D/UDP-TIMING(17342): 201 0 0.147051000
D/UDP-TIMING(17342): 202 0 0.136900000
D/UDP-TIMING(17342): 203 0 0.157005000
D/UDP-TIMING(17342): 204 0 0.146880000
D/UDP-TIMING(17342): 205 0 0.136763000
D/UDP-TIMING(17342): 206 0 0.156281000
D/UDP-TIMING(17342): 207 0 0.146103000
D/UDP-TIMING(17342): 208 0 0.135944000
D/UDP-TIMING(17342): 209 0 0.156090000
D/UDP-TIMING(17342): 210 0 0.145923000
D/UDP-TIMING(17342): 211 0 0.135744000
D/UDP-TIMING(17342): 212 0 0.155388000
D/UDP-TIMING(17342): 213 0 0.145261000
D/UDP-TIMING(17342): 214 0 0.135188000
D/UDP-TIMING(17342): 215 0 0.155271000
D/UDP-TIMING(17342): 216 0 0.145157000
D/UDP-TIMING(17342): 217 0 0.134998000
D/UDP-TIMING(17342): 218 0 0.154569000
D/UDP-TIMING(17342): 219 0 0.144391000
D/UDP-TIMING(17342): 220 0 0.134225000
D/UDP-TIMING(17342): 221 0 0.154068000
D/UDP-TIMING(17342): 222 0 0.143888000
D/UDP-TIMING(17342): 223 0 0.133784000
D/UDP-TIMING(17342): 224 0 0.153937000
D/UDP-TIMING(17342): 225 0 0.143767000
D/UDP-TIMING(17342): 226 0 0.133650000
D/UDP-TIMING(17342): 227 0 0.153270000
D/UDP-TIMING(17342): 228 0 0.143100000
D/UDP-TIMING(17342): 229 0 0.132966000
D/UDP-TIMING(17342): 230 0 0.153096000
D/UDP-TIMING(17342): 231 0 0.142931000
D/UDP-TIMING(17342): 232 0 0.132781000
D/UDP-TIMING(17342): 233 0 0.152314000
D/UDP-TIMING(17342): 234 0 0.142212000
D/UDP-TIMING(17342): 235 0 0.132088000
D/UDP-TIMING(17342): 236 0 0.152180000
D/UDP-TIMING(17342): 237 0 0.141979000
D/UDP-TIMING(17342): 238 0 0.131871000
D/UDP-TIMING(17342): 239 0 0.151359000
D/UDP-TIMING(17342): 240 0 0.141146000
D/UDP-TIMING(17342): 241 0 0.130960000
D/UDP-TIMING(17342): 242 0 0.151095000
D/UDP-TIMING(17342): 243 0 0.140935000
D/UDP-TIMING(17342): 244 0 0.130855000
D/UDP-TIMING(17342): 245 0 0.150332000
D/UDP-TIMING(17342): 246 0 0.140152000
D/UDP-TIMING(17342): 247 0 0.129974000
D/UDP-TIMING(17342): 248 0 0.150173000
D/UDP-TIMING(17342): 249 0 0.139994000
D/UDP-TIMING(17342): 250 0 0.129845000
D/UDP-TIMING(17342): 251 0 0.149301000
D/UDP-TIMING(17342): 252 0 0.139118000
D/UDP-TIMING(17342): 253 0 0.129026000
D/UDP-TIMING(17342): 254 0 0.149115000
D/UDP-TIMING(17342): 255 0 0.138928000
D/UDP-TIMING(17342): 256 0 0.158468000
D/UDP-TIMING(17342): 257 0 0.148290000
D/UDP-TIMING(17342): 258 0 0.138143000
D/UDP-TIMING(17342): 259 0 0.157922000
D/UDP-TIMING(17342): 260 0 0.147776000
D/UDP-TIMING(17342): 261 0 0.137598000
D/UDP-TIMING(17342): 262 0 0.157756000
D/UDP-TIMING(17342): 263 0 0.147631000
D/UDP-TIMING(17342): 264 0 0.137540000
E/TrafficStats( 1673): [QCTMM]tryAll index=0
E/TrafficStats( 1673): [QCTMM]tryAll index=1
E/TrafficStats( 1673): [QCTMM]tryAll index=2
E/TrafficStats( 1673): [QCTMM]tryAll index=0
E/TrafficStats( 1673): [QCTMM]tryAll index=1
E/TrafficStats( 1673): [QCTMM]tryAll index=2
D/UDP-TIMING(17342): 265 0 0.157564000
D/UDP-TIMING(17342): 266 0 0.147460000
D/UDP-TIMING(17342): 267 0 0.137326000
D/DATA    ( 1860): sentSinceLastRecv=0,watchdogTrigger=10,maxindex=0
D/UDP-TIMING(17342): 268 0 0.156907000
D/UDP-TIMING(17342): 269 0 0.146755000
D/UDP-TIMING(17342): 270 0 0.136575000
D/UDP-TIMING(17342): 271 0 0.156052000
D/UDP-TIMING(17342): 272 0 0.145842000
D/UDP-TIMING(17342): 273 0 0.135676000
D/UDP-TIMING(17342): 274 0 0.155895000
D/UDP-TIMING(17342): 275 0 0.145718000
D/UDP-TIMING(17342): 276 0 0.135551000
D/UDP-TIMING(17342): 277 0 0.155130000
D/UDP-TIMING(17342): 278 0 0.144981000
D/UDP-TIMING(17342): 279 0 0.134793000
D/UDP-TIMING(17342): 280 0 0.154791000
D/UDP-TIMING(17342): 281 0 0.144608000
D/UDP-TIMING(17342): 282 0 0.134479000
D/UDP-TIMING(17342): 283 0 0.154174000
D/UDP-TIMING(17342): 284 0 0.144083000
D/UDP-TIMING(17342): 285 0 0.133932000
D/UDP-TIMING(17342): 286 0 0.153920000
D/UDP-TIMING(17342): 287 0 0.143776000
D/UDP-TIMING(17342): 288 0 0.133595000
D/UDP-TIMING(17342): 289 0 0.153171000
D/UDP-TIMING(17342): 290 0 0.142983000
D/UDP-TIMING(17342): 291 0 0.132831000
D/UDP-TIMING(17342): 292 0 0.152843000
D/UDP-TIMING(17342): 293 0 0.142665000
D/UDP-TIMING(17342): 294 0 0.132525000
D/UDP-TIMING(17342): 295 0 0.152175000
D/UDP-TIMING(17342): 296 0 0.142040000
D/UDP-TIMING(17342): 297 0 0.131873000
D/UDP-TIMING(17342): 298 0 0.151663000
D/UDP-TIMING(17342): 299 0 0.141484000
D/UDP-TIMING(17342): 300 0 0.131299000
D/UDP-TIMING(17342): 301 0 0.151353000
D/UDP-TIMING(17342): 302 0 0.141182000
D/UDP-TIMING(17342): 303 0 0.131061000
D/UDP-TIMING(17342): 304 0 0.150592000
D/UDP-TIMING(17342): 305 0 0.140401000
D/UDP-TIMING(17342): 306 0 0.130222000
D/UDP-TIMING(17342): 307 0 0.150379000
D/UDP-TIMING(17342): 308 0 0.140209000
D/UDP-TIMING(17342): 309 0 0.130032000
D/UDP-TIMING(17342): 310 0 0.149677000
D/UDP-TIMING(17342): 311 0 0.139495000
D/UDP-TIMING(17342): 312 0 0.129369000
D/UDP-TIMING(17342): 313 0 0.149417000
D/UDP-TIMING(17342): 314 0 0.139245000
D/UDP-TIMING(17342): 315 0 0.129069000
D/UDP-TIMING(17342): 316 0 0.148524000
D/UDP-TIMING(17342): 317 0 0.138371000
D/UDP-TIMING(17342): 318 0 0.158525000
D/UDP-TIMING(17342): 319 0 0.148349000
D/UDP-TIMING(17342): 320 0 0.138171000
D/UDP-TIMING(17342): 321 0 0.157681000
D/UDP-TIMING(17342): 322 0 0.147503000
D/UDP-TIMING(17342): 323 0 0.137378000
D/UDP-TIMING(17342): 324 0 0.157646000
D/UDP-TIMING(17342): 325 0 0.147451000
D/UDP-TIMING(17342): 326 0 0.137296000
D/UDP-TIMING(17342): 327 0 0.156720000
D/UDP-TIMING(17342): 328 0 0.146543000
D/UDP-TIMING(17342): 329 0 0.136366000
D/UDP-TIMING(17342): 330 0 0.156457000
D/UDP-TIMING(17342): 331 0 0.146275000
D/UDP-TIMING(17342): 332 0 0.136139000
D/UDP-TIMING(17342): 333 0 0.155674000
D/UDP-TIMING(17342): 334 0 0.145497000
D/UDP-TIMING(17342): 335 0 0.135345000
D/UDP-TIMING(17342): 336 0 0.155134000
D/UDP-TIMING(17342): 337 0 0.144968000
D/UDP-TIMING(17342): 338 0 0.134797000
D/UDP-TIMING(17342): 339 0 0.154987000
D/UDP-TIMING(17342): 340 0 0.144809000
D/UDP-TIMING(17342): 341 0 0.134629000
D/UDP-TIMING(17342): 342 0 0.154179000
D/UDP-TIMING(17342): 343 0 0.144077000
D/UDP-TIMING(17342): 344 0 0.133905000
D/UDP-TIMING(17342): 345 0 0.154323000
D/UDP-TIMING(17342): 346 0 0.144228000
D/UDP-TIMING(17342): 347 0 0.134058000
D/UDP-TIMING(17342): 348 0 0.153303000
D/UDP-TIMING(17342): 349 0 0.143136000
D/UDP-TIMING(17342): 350 0 0.132965000
D/UDP-TIMING(17342): 351 0 0.153059000
D/UDP-TIMING(17342): 352 0 0.142884000
D/UDP-TIMING(17342): 353 0 0.132748000
D/UDP-TIMING(17342): 354 0 0.152356000
D/UDP-TIMING(17342): 355 0 0.142182000
D/UDP-TIMING(17342): 356 0 0.132003000
E/TrafficStats(16531): [QCTMM]tryAll index=0
E/TrafficStats(16531): [QCTMM]tryAll index=1
E/TrafficStats(16531): [QCTMM]tryAll index=2
E/TrafficStats(16531): [QCTMM]tryAll index=0
E/TrafficStats(16531): [QCTMM]tryAll index=1
E/TrafficStats(16531): [QCTMM]tryAll index=2
D/UDP-TIMING(17342): 357 0 0.152097000
D/UDP-TIMING(17342): 358 0 0.141918000
D/UDP-TIMING(17342): 359 0 0.131735000
E/TrafficStats(16531): [QCTMM]tryAll index=0
E/TrafficStats(16531): [QCTMM]tryAll index=1
E/TrafficStats(16531): [QCTMM]tryAll index=2
D/UDP-TIMING(17342): 360 0 0.151622000
D/UDP-TIMING(17342): 361 0 0.141434000
D/UDP-TIMING(17342): 362 0 0.131254000
E/TrafficStats(16531): [QCTMM]tryAll index=0
E/TrafficStats(16531): [QCTMM]tryAll index=1
E/TrafficStats(16531): [QCTMM]tryAll index=2
D/UDP-TIMING(17342): 363 0 0.150964000
D/UDP-TIMING(17342): 364 0 0.140851000
D/UDP-TIMING(17342): 365 0 0.130610000
E/TrafficStats( 1673): [QCTMM]tryAll index=0
E/TrafficStats( 1673): [QCTMM]tryAll index=1
E/TrafficStats( 1673): [QCTMM]tryAll index=2
E/TrafficStats( 1673): [QCTMM]tryAll index=0
E/TrafficStats( 1673): [QCTMM]tryAll index=1
E/TrafficStats( 1673): [QCTMM]tryAll index=2
D/UDP-TIMING(17342): 366 0 0.150561000
D/UDP-TIMING(17342): 367 0 0.140381000
D/UDP-TIMING(17342): 368 0 0.130218000
D/DATA    ( 1860): sentSinceLastRecv=0,watchdogTrigger=10,maxindex=0
D/UDP-TIMING(17342): 369 0 0.149987000
D/UDP-TIMING(17342): 370 0 0.139829000
D/UDP-TIMING(17342): 371 0 0.129699000
D/UDP-TIMING(17342): 372 0 0.149015000
D/UDP-TIMING(17342): 373 0 0.138881000
D/UDP-TIMING(17342): 374 0 0.158845000
D/UDP-TIMING(17342): 375 0 0.148682000
D/UDP-TIMING(17342): 376 0 0.138545000
D/UDP-TIMING(17342): 377 0 0.158610000
D/UDP-TIMING(17342): 378 0 0.148463000
D/UDP-TIMING(17342): 379 0 0.138275000
D/UDP-TIMING(17342): 380 0 0.157883000
D/UDP-TIMING(17342): 381 0 0.147736000
D/UDP-TIMING(17342): 382 0 0.137609000
D/UDP-TIMING(17342): 383 0 0.158062000
D/UDP-TIMING(17342): 384 0 0.147857000
D/UDP-TIMING(17342): 385 0 0.137685000
D/UDP-TIMING(17342): 386 0 0.156835000
D/UDP-TIMING(17342): 387 0 0.146684000
D/UDP-TIMING(17342): 388 0 0.136495000
D/UDP-TIMING(17342): 389 0 0.156592000
D/UDP-TIMING(17342): 390 0 0.146433000
D/UDP-TIMING(17342): 391 0 0.136305000
D/UDP-TIMING(17342): 392 0 0.155813000
D/UDP-TIMING(17342): 393 0 0.145683000
D/UDP-TIMING(17342): 394 0 0.135509000
D/UDP-TIMING(17342): 395 0 0.155635000
D/UDP-TIMING(17342): 396 0 0.145448000
D/UDP-TIMING(17342): 397 0 0.135265000
D/UDP-TIMING(17342): 398 0 0.154845000
D/UDP-TIMING(17342): 399 0 0.144700000
D/UDP-TIMING(17342): 400 0 0.134520000
D/StatusBarPolicy( 1816): iconIndex=1
V/StatusBarPolicy( 1816): cdmaLevel:3;max:4
D/StatusBarPolicy( 1816): iconLevel:3
D/UDP-TIMING(17342): 401 0 0.154565000
D/UDP-TIMING(17342): 402 0 0.144393000
D/UDP-TIMING(17342): 403 0 0.134231000
I/PhoneInfo( 2188): getCdmaLevel - cdmaDbm: -73 cdmaEcio:-90
I/PhoneInfo( 2188): getEvdoLevel - evdoDbm: -120 evdoSnr:-1 evdoEcio:-1
I/PhoneInfo( 2188): getLteLevel - lteRsrp: -1 lteCqi:-1
D/UDP-TIMING(17342): 404 0 0.153305000
D/UDP-TIMING(17342): 405 0 0.143184000
D/UDP-TIMING(17342): 406 0 0.133014000
D/UDP-TIMING(17342): 407 0 0.153085000
D/UDP-TIMING(17342): 408 0 0.142929000
D/UDP-TIMING(17342): 409 0 0.132755000
D/UDP-TIMING(17342): 410 0 0.152884000
D/UDP-TIMING(17342): 411 0 0.142750000
D/UDP-TIMING(17342): 412 0 0.132580000
D/UDP-TIMING(17342): 413 0 0.152494000
D/UDP-TIMING(17342): 414 0 0.142318000
D/UDP-TIMING(17342): 415 0 0.132194000
D/UDP-TIMING(17342): 416 0 0.152258000
D/UDP-TIMING(17342): 417 0 0.142115000
D/UDP-TIMING(17342): 418 0 0.131936000
D/Database(16531): dbopen(): path = /data/data/com.onavo.android.onavoid/databases/ui_events, flag = 6, file size = 14057472
D/UDP-TIMING(17342): 419 0 0.151542000
D/UDP-TIMING(17342): 420 0 0.141354000
D/UDP-TIMING(17342): 421 0 0.131213000
D/Database(16531): dbopen(): path = /data/data/com.onavo.android.onavoid/databases/ui_events, mode: wal, disk free size: 2000 M, handle: 0x386398
D/UDP-TIMING(17342): 422 0 0.151239000
D/UDP-TIMING(17342): 423 0 0.141072000
D/UDP-TIMING(17342): 424 0 0.130889000
D/Database(16531): dbclose(): path = /data/data/com.onavo.android.onavoid/databases/ui_events, handle = 0x386398
D/UDP-TIMING(17342): 425 0 0.149904000
D/UDP-TIMING(17342): 426 0 0.139781000
D/UDP-TIMING(17342): 427 0 0.129551000
D/UDP-TIMING(17342): 428 0 0.149772000
D/UDP-TIMING(17342): 429 0 0.139594000
D/UDP-TIMING(17342): 430 0 0.129415000
D/UDP-TIMING(17342): 431 0 0.149302000
D/UDP-TIMING(17342): 432 0 0.139105000
D/UDP-TIMING(17342): 433 0 0.159422000
D/UDP-TIMING(17342): 434 0 0.149244000
D/UDP-TIMING(17342): 435 0 0.139063000
D/UDP-TIMING(17342): 436 0 0.128885000
D/UDP-TIMING(17342): 437 0 0.148249000
D/UDP-TIMING(17342): 438 0 0.138139000
D/UDP-TIMING(17342): 439 0 0.158359000
D/UDP-TIMING(17342): 440 0 0.148243000
D/UDP-TIMING(17342): 441 0 0.138162000
D/UDP-TIMING(17342): 442 0 0.157887000
D/UDP-TIMING(17342): 443 0 0.147786000
D/UDP-TIMING(17342): 444 0 0.137621000
D/UDP-TIMING(17342): 445 0 0.157659000
D/UDP-TIMING(17342): 446 0 0.147552000
D/UDP-TIMING(17342): 447 0 0.137471000
D/UDP-TIMING(17342): 448 0 0.157036000
D/UDP-TIMING(17342): 449 0 0.146911000
D/UDP-TIMING(17342): 450 0 0.136733000
D/UDP-TIMING(17342): 451 0 0.156566000
D/UDP-TIMING(17342): 452 0 0.145127000
D/UDP-TIMING(17342): 453 0 0.135016000
D/UDP-TIMING(17342): 454 0 0.155173000
D/UDP-TIMING(17342): 455 0 0.145078000
D/UDP-TIMING(17342): 456 0 0.134962000
D/UDP-TIMING(17342): 457 0 0.154453000
D/UDP-TIMING(17342): 458 0 0.144331000
D/UDP-TIMING(17342): 459 0 0.134236000
D/UDP-TIMING(17342): 460 0 0.154422000
D/UDP-TIMING(17342): 461 0 0.144308000
D/UDP-TIMING(17342): 462 0 0.134236000
D/UDP-TIMING(17342): 463 0 0.152992000
D/UDP-TIMING(17342): 464 0 0.142896000
D/UDP-TIMING(17342): 465 0 0.132808000
E/TrafficStats( 1673): [QCTMM]tryAll index=0
E/TrafficStats( 1673): [QCTMM]tryAll index=1
E/TrafficStats( 1673): [QCTMM]tryAll index=2
E/TrafficStats( 1673): [QCTMM]tryAll index=0
E/TrafficStats( 1673): [QCTMM]tryAll index=1
E/TrafficStats( 1673): [QCTMM]tryAll index=2
D/DATA    ( 1860): sentSinceLastRecv=0,watchdogTrigger=10,maxindex=0
D/UDP-TIMING(17342): 466 0 0.153397000
D/UDP-TIMING(17342): 467 0 0.143230000
D/UDP-TIMING(17342): 468 0 0.133090000
D/UDP-TIMING(17342): 469 0 0.152142000
D/UDP-TIMING(17342): 470 0 0.141967000
D/UDP-TIMING(17342): 471 0 0.131877000
D/UDP-TIMING(17342): 472 0 0.152031000
D/UDP-TIMING(17342): 473 0 0.141899000
D/UDP-TIMING(17342): 474 0 0.131728000
D/UDP-TIMING(17342): 475 0 0.151404000
D/UDP-TIMING(17342): 476 0 0.141274000
D/UDP-TIMING(17342): 477 0 0.131184000
D/UDP-TIMING(17342): 478 0 0.151408000
D/UDP-TIMING(17342): 479 0 0.141310000
D/UDP-TIMING(17342): 480 0 0.131240000
D/UDP-TIMING(17342): 481 0 0.150670000
D/UDP-TIMING(17342): 482 0 0.140579000
D/UDP-TIMING(17342): 483 0 0.160530000
D/UDP-TIMING(17342): 484 0 0.150323000
D/UDP-TIMING(17342): 485 0 0.140158000
D/UDP-TIMING(17342): 486 0 0.129984000
D/UDP-TIMING(17342): 487 0 0.149861000
D/UDP-TIMING(17342): 488 0 0.139698000
D/UDP-TIMING(17342): 489 0 0.129605000
D/UDP-TIMING(17342): 490 0 0.149405000
D/UDP-TIMING(17342): 491 0 0.139214000
D/UDP-TIMING(17342): 492 0 0.129071000
D/UDP-TIMING(17342): 493 0 0.149295000
D/UDP-TIMING(17342): 494 0 0.139222000
D/UDP-TIMING(17342): 495 0 0.129114000
D/UDP-TIMING(17342): 496 0 0.148486000
D/UDP-TIMING(17342): 497 0 0.138314000
D/UDP-TIMING(17342): 498 0 0.158445000
D/UDP-TIMING(17342): 499 0 0.148309000
D/UDP-TIMING(17342): 500 0 0.138127000
D/UDP-TIMING(17342): 501 0 0.157641000
D/UDP-TIMING(17342): 502 0 0.147464000
D/UDP-TIMING(17342): 503 0 0.137384000
D/UDP-TIMING(17342): 504 0 0.157533000
D/UDP-TIMING(17342): 505 0 0.147418000
D/UDP-TIMING(17342): 506 0 0.137241000
D/UDP-TIMING(17342): 507 0 0.156827000
D/UDP-TIMING(17342): 508 0 0.146659000
D/UDP-TIMING(17342): 509 0 0.136506000
D/UDP-TIMING(17342): 510 0 0.156562000
D/UDP-TIMING(17342): 511 0 0.146379000
D/UDP-TIMING(17342): 512 0 0.136192000
D/UDP-TIMING(17342): 513 0 0.155854000
D/UDP-TIMING(17342): 514 0 0.145751000
D/UDP-TIMING(17342): 515 0 0.135648000
D/UDP-TIMING(17342): 516 0 0.155684000
D/UDP-TIMING(17342): 517 0 0.145496000
D/UDP-TIMING(17342): 518 0 0.135313000
D/UDP-TIMING(17342): 519 0 0.154820000
D/UDP-TIMING(17342): 520 0 0.144632000
D/UDP-TIMING(17342): 521 0 0.134444000
D/UDP-TIMING(17342): 522 0 0.154291000
D/UDP-TIMING(17342): 523 0 0.144156000
D/UDP-TIMING(17342): 524 0 0.133987000
D/UDP-TIMING(17342): 525 0 0.154270000
D/UDP-TIMING(17342): 526 0 0.144116000
D/UDP-TIMING(17342): 527 0 0.133928000
D/UDP-TIMING(17342): 528 0 0.153289000
D/UDP-TIMING(17342): 529 0 0.143114000
D/UDP-TIMING(17342): 530 0 0.132943000
D/UDP-TIMING(17342): 531 0 0.152976000
D/UDP-TIMING(17342): 532 0 0.142804000
D/UDP-TIMING(17342): 533 0 0.132682000
D/UDP-TIMING(17342): 534 0 0.152620000
D/UDP-TIMING(17342): 535 0 0.142454000
D/UDP-TIMING(17342): 536 0 0.162238000
D/UDP-TIMING(17342): 537 0 0.152116000
D/UDP-TIMING(17342): 538 0 0.141972000
D/UDP-TIMING(17342): 539 0 0.131793000
D/UDP-TIMING(17342): 540 0 0.151397000
D/UDP-TIMING(17342): 541 0 0.141208000
D/UDP-TIMING(17342): 542 0 0.131112000
D/UDP-TIMING(17342): 543 0 0.151134000
D/UDP-TIMING(17342): 544 0 0.140952000
D/UDP-TIMING(17342): 545 0 0.130778000
D/UDP-TIMING(17342): 546 0 0.150476000
D/UDP-TIMING(17342): 547 0 0.140294000
D/UDP-TIMING(17342): 548 0 0.130142000
D/UDP-TIMING(17342): 549 0 0.150115000
D/UDP-TIMING(17342): 550 0 0.139938000
D/UDP-TIMING(17342): 551 0 0.129759000
D/UDP-TIMING(17342): 552 0 0.149382000
D/UDP-TIMING(17342): 553 0 0.139267000
D/UDP-TIMING(17342): 554 0 0.129093000
D/UDP-TIMING(17342): 555 0 0.149298000
D/UDP-TIMING(17342): 556 0 0.139136000
D/UDP-TIMING(17342): 557 0 0.128992000
D/skia    ( 1845): purging 39K from font cache [5 entries]
D/UDP-TIMING(17342): 558 0 0.148478000
D/UDP-TIMING(17342): 559 0 0.138295000
D/UDP-TIMING(17342): 560 0 0.158145000
D/UDP-TIMING(17342): 561 0 0.147998000
D/UDP-TIMING(17342): 562 0 0.137826000
D/UDP-TIMING(17342): 563 0 0.158002000
D/UDP-TIMING(17342): 564 0 0.147835000
D/UDP-TIMING(17342): 565 0 0.137656000
E/TrafficStats( 1673): [QCTMM]tryAll index=0
E/TrafficStats( 1673): [QCTMM]tryAll index=1
E/TrafficStats( 1673): [QCTMM]tryAll index=2
E/TrafficStats( 1673): [QCTMM]tryAll index=0
E/TrafficStats( 1673): [QCTMM]tryAll index=1
E/TrafficStats( 1673): [QCTMM]tryAll index=2
D/DATA    ( 1860): sentSinceLastRecv=0,watchdogTrigger=10,maxindex=0
D/UDP-TIMING(17342): 566 0 0.156856000
D/UDP-TIMING(17342): 567 0 0.146707000
D/UDP-TIMING(17342): 568 0 0.136529000
D/dalvikvm( 1845): GC_EXPLICIT freed 696K, 49% free 4105K/8007K, external 18441K/20489K, paused 110ms
D/UDP-TIMING(17342): 569 0 0.156196000
D/UDP-TIMING(17342): 570 0 0.146018000
D/UDP-TIMING(17342): 571 0 0.135834000
D/UDP-TIMING(17342): 572 0 0.155517000
D/UDP-TIMING(17342): 573 0 0.145346000
D/UDP-TIMING(17342): 574 0 0.135223000
D/UDP-TIMING(17342): 575 0 0.155847000
D/UDP-TIMING(17342): 576 0 0.145681000
D/UDP-TIMING(17342): 577 0 0.135497000
D/UDP-TIMING(17342): 578 0 0.154975000
D/UDP-TIMING(17342): 579 0 0.144828000
D/UDP-TIMING(17342): 580 0 0.164958000
D/UDP-TIMING(17342): 581 0 0.154750000
D/UDP-TIMING(17342): 582 0 0.144604000
D/UDP-TIMING(17342): 583 0 0.164256000
D/UDP-TIMING(17342): 584 0 0.154164000
D/UDP-TIMING(17342): 585 0 0.143983000
D/UDP-TIMING(17342): 586 0 0.133808000
D/UDP-TIMING(17342): 587 0 0.153781000
D/UDP-TIMING(17342): 588 0 0.143598000
D/UDP-TIMING(17342): 589 0 0.133415000
D/UDP-TIMING(17342): 590 0 0.153062000
D/UDP-TIMING(17342): 591 0 0.142876000
D/UDP-TIMING(17342): 592 0 0.132696000
D/UDP-TIMING(17342): 593 0 0.152787000
D/UDP-TIMING(17342): 594 0 0.142622000
D/UDP-TIMING(17342): 595 0 0.132438000
D/UDP-TIMING(17342): 596 0 0.151912000
D/UDP-TIMING(17342): 597 0 0.141757000
D/UDP-TIMING(17342): 598 0 0.131566000
