D/UDP-TIMING(17342): 599 0 0.151289000
D/UDP-TIMING(17342): 600 0 0.141132000
D/UDP-TIMING(17342): 601 0 0.161248000
D/UDP-TIMING(17342): 602 0 0.151120000
D/UDP-TIMING(17342): 603 0 0.140965000
D/UDP-TIMING(17342): 604 0 0.160562000
D/UDP-TIMING(17342): 605 0 0.150416000
D/UDP-TIMING(17342): 606 0 0.140242000
D/UDP-TIMING(17342): 607 0 0.130517000
D/UDP-TIMING(17342): 608 0 0.150170000
D/UDP-TIMING(17342): 609 0 0.139985000
D/UDP-TIMING(17342): 610 0 0.129852000
D/UDP-TIMING(17342): 611 0 0.149364000
D/UDP-TIMING(17342): 612 0 0.139147000
D/UDP-TIMING(17342): 613 0 0.129037000
D/UDP-TIMING(17342): 614 0 0.149205000
D/UDP-TIMING(17342): 615 0 0.139024000
D/UDP-TIMING(17342): 616 0 0.128887000
D/UDP-TIMING(17342): 617 0 0.148333000
D/UDP-TIMING(17342): 618 0 0.138178000
D/UDP-TIMING(17342): 619 0 0.129124000
D/UDP-TIMING(17342): 620 0 0.148118000
D/UDP-TIMING(17342): 621 0 0.137963000
D/UDP-TIMING(17342): 622 0 0.157456000
D/UDP-TIMING(17342): 623 0 0.147358000
D/UDP-TIMING(17342): 624 0 0.137214000
D/UDP-TIMING(17342): 625 0 0.157465000
D/UDP-TIMING(17342): 626 0 0.147348000
D/UDP-TIMING(17342): 627 0 0.137230000
D/UDP-TIMING(17342): 628 0 0.156777000
D/UDP-TIMING(17342): 629 0 0.146655000
D/UDP-TIMING(17342): 630 0 0.136569000
D/UDP-TIMING(17342): 631 0 0.156636000
D/UDP-TIMING(17342): 632 0 0.146544000
D/UDP-TIMING(17342): 633 0 0.136445000
D/UDP-TIMING(17342): 634 0 0.156035000
D/UDP-TIMING(17342): 635 0 0.145906000
D/UDP-TIMING(17342): 636 0 0.135783000
D/UDP-TIMING(17342): 637 0 0.155714000
D/UDP-TIMING(17342): 638 0 0.145602000
D/UDP-TIMING(17342): 639 0 0.135484000
D/UDP-TIMING(17342): 640 0 0.155068000
D/UDP-TIMING(17342): 641 0 0.144967000
D/UDP-TIMING(17342): 642 0 0.134862000
D/UDP-TIMING(17342): 643 0 0.154999000
D/UDP-TIMING(17342): 644 0 0.144881000
D/UDP-TIMING(17342): 645 0 0.134787000
D/UDP-TIMING(17342): 646 0 0.155017000
D/UDP-TIMING(17342): 647 0 0.144897000
D/UDP-TIMING(17342): 648 0 0.134778000
D/UDP-TIMING(17342): 649 0 0.154264000
D/UDP-TIMING(17342): 650 0 0.144148000
D/UDP-TIMING(17342): 651 0 0.134063000
D/UDP-TIMING(17342): 652 0 0.154205000
D/UDP-TIMING(17342): 653 0 0.144091000
D/UDP-TIMING(17342): 654 0 0.133966000
D/UDP-TIMING(17342): 655 0 0.153567000
D/UDP-TIMING(17342): 656 0 0.143446000
D/UDP-TIMING(17342): 657 0 0.133329000
D/UDP-TIMING(17342): 658 0 0.153511000
D/UDP-TIMING(17342): 659 0 0.143398000
D/UDP-TIMING(17342): 660 0 0.133343000
D/UDP-TIMING(17342): 661 0 0.152974000
D/UDP-TIMING(17342): 662 0 0.142912000
D/UDP-TIMING(17342): 663 0 0.132772000
E/TrafficStats( 1673): [QCTMM]tryAll index=0
D/UDP-TIMING(17342): 664 0 0.152903000
D/UDP-TIMING(17342): 665 0 0.142714000
D/UDP-TIMING(17342): 666 0 0.132529000
E/TrafficStats( 1673): [QCTMM]tryAll index=1
E/TrafficStats( 1673): [QCTMM]tryAll index=2
E/TrafficStats( 1673): [QCTMM]tryAll index=0
E/TrafficStats( 1673): [QCTMM]tryAll index=1
E/TrafficStats( 1673): [QCTMM]tryAll index=2
D/DATA    ( 1860): sentSinceLastRecv=0,watchdogTrigger=10,maxindex=0
D/UDP-TIMING(17342): 667 0 0.152370000
D/UDP-TIMING(17342): 668 0 0.142250000
D/UDP-TIMING(17342): 669 0 0.132069000
D/UDP-TIMING(17342): 670 0 0.151766000
D/UDP-TIMING(17342): 671 0 0.141456000
D/UDP-TIMING(17342): 672 0 0.131292000
D/UDP-TIMING(17342): 673 0 0.150877000
D/UDP-TIMING(17342): 674 0 0.140759000
D/UDP-TIMING(17342): 675 0 0.130622000
D/UDP-TIMING(17342): 676 0 0.150526000
D/UDP-TIMING(17342): 677 0 0.140354000
D/UDP-TIMING(17342): 678 0 0.130218000
D/UDP-TIMING(17342): 679 0 0.150302000
D/UDP-TIMING(17342): 680 0 0.140148000
D/UDP-TIMING(17342): 681 0 0.130055000
D/UDP-TIMING(17342): 682 0 0.149627000
D/UDP-TIMING(17342): 683 0 0.139522000
D/UDP-TIMING(17342): 684 0 0.129458000
D/UDP-TIMING(17342): 685 0 0.149550000
D/UDP-TIMING(17342): 686 0 0.139399000
D/UDP-TIMING(17342): 687 0 0.159002000
D/UDP-TIMING(17342): 688 0 0.148878000
D/UDP-TIMING(17342): 689 0 0.138731000
D/UDP-TIMING(17342): 690 0 0.158913000
D/UDP-TIMING(17342): 691 0 0.148771000
D/UDP-TIMING(17342): 692 0 0.138641000
D/UDP-TIMING(17342): 693 0 0.128468000
D/UDP-TIMING(17342): 694 0 0.147917000
D/UDP-TIMING(17342): 695 0 0.137737000
D/UDP-TIMING(17342): 696 0 0.157983000
D/UDP-TIMING(17342): 697 0 0.147890000
D/UDP-TIMING(17342): 698 0 0.137703000
D/UDP-TIMING(17342): 699 0 0.157146000
D/UDP-TIMING(17342): 700 0 0.147022000
D/UDP-TIMING(17342): 701 0 0.136847000
D/UDP-TIMING(17342): 702 0 0.156992000
D/UDP-TIMING(17342): 703 0 0.146880000
D/UDP-TIMING(17342): 704 0 0.136766000
D/UDP-TIMING(17342): 705 0 0.156281000
D/UDP-TIMING(17342): 706 0 0.146121000
D/UDP-TIMING(17342): 707 0 0.136030000
D/UDP-TIMING(17342): 708 0 0.156186000
D/UDP-TIMING(17342): 709 0 0.146057000
D/UDP-TIMING(17342): 710 0 0.135892000
D/UDP-TIMING(17342): 711 0 0.155546000
D/UDP-TIMING(17342): 712 0 0.145395000
D/UDP-TIMING(17342): 713 0 0.135260000
D/UDP-TIMING(17342): 714 0 0.155097000
D/UDP-TIMING(17342): 715 0 0.144920000
D/UDP-TIMING(17342): 716 0 0.134759000
D/UDP-TIMING(17342): 717 0 0.154835000
D/UDP-TIMING(17342): 718 0 0.144665000
D/UDP-TIMING(17342): 719 0 0.134499000
D/UDP-TIMING(17342): 720 0 0.153981000
D/UDP-TIMING(17342): 721 0 0.143812000
D/UDP-TIMING(17342): 722 0 0.164048000
D/UDP-TIMING(17342): 723 0 0.153884000
D/UDP-TIMING(17342): 724 0 0.143703000
D/UDP-TIMING(17342): 725 0 0.133546000
D/UDP-TIMING(17342): 726 0 0.153060000
D/UDP-TIMING(17342): 727 0 0.142877000
D/UDP-TIMING(17342): 728 0 0.132688000
D/UDP-TIMING(17342): 729 0 0.152756000
D/UDP-TIMING(17342): 730 0 0.142580000
D/UDP-TIMING(17342): 731 0 0.132406000
D/UDP-TIMING(17342): 732 0 0.151950000
D/UDP-TIMING(17342): 733 0 0.141764000
D/UDP-TIMING(17342): 734 0 0.131579000
D/UDP-TIMING(17342): 735 0 0.151699000
D/UDP-TIMING(17342): 736 0 0.141483000
D/UDP-TIMING(17342): 737 0 0.131307000
D/UDP-TIMING(17342): 738 0 0.150848000
D/UDP-TIMING(17342): 739 0 0.140673000
D/UDP-TIMING(17342): 740 0 0.160932000
D/UDP-TIMING(17342): 741 0 0.150781000
D/UDP-TIMING(17342): 742 0 0.140605000
D/UDP-TIMING(17342): 743 0 0.159962000
D/UDP-TIMING(17342): 744 0 0.149856000
D/UDP-TIMING(17342): 745 0 0.139720000
D/UDP-TIMING(17342): 746 0 0.129615000
D/UDP-TIMING(17342): 747 0 0.149718000
D/UDP-TIMING(17342): 748 0 0.139584000
D/UDP-TIMING(17342): 749 0 0.129485000
D/UDP-TIMING(17342): 750 0 0.149018000
D/UDP-TIMING(17342): 751 0 0.138909000
D/UDP-TIMING(17342): 752 0 0.128861000
D/UDP-TIMING(17342): 753 0 0.148710000
D/UDP-TIMING(17342): 754 0 0.138562000
D/UDP-TIMING(17342): 755 0 0.128378000
D/UDP-TIMING(17342): 756 0 0.148575000
D/UDP-TIMING(17342): 757 0 0.138392000
D/UDP-TIMING(17342): 758 0 0.128236000
D/UDP-TIMING(17342): 759 0 0.147709000
D/UDP-TIMING(17342): 760 0 0.137526000
D/UDP-TIMING(17342): 761 0 0.157853000
D/UDP-TIMING(17342): 762 0 0.147758000
D/UDP-TIMING(17342): 763 0 0.137578000
E/TrafficStats( 1673): [QCTMM]tryAll index=0
E/TrafficStats( 1673): [QCTMM]tryAll index=1
E/TrafficStats( 1673): [QCTMM]tryAll index=2
E/TrafficStats( 1673): [QCTMM]tryAll index=0
E/TrafficStats( 1673): [QCTMM]tryAll index=1
E/TrafficStats( 1673): [QCTMM]tryAll index=2
D/UDP-TIMING(17342): 764 0 0.157094000
D/UDP-TIMING(17342): 765 0 0.146946000
D/UDP-TIMING(17342): 766 0 0.136765000
D/DATA    ( 1860): sentSinceLastRecv=0,watchdogTrigger=10,maxindex=0
D/UDP-TIMING(17342): 767 0 0.156769000
D/UDP-TIMING(17342): 768 0 0.146619000
D/UDP-TIMING(17342): 769 0 0.136434000
D/UDP-TIMING(17342): 770 0 0.156008000
D/UDP-TIMING(17342): 771 0 0.145856000
D/UDP-TIMING(17342): 772 0 0.135751000
D/UDP-TIMING(17342): 773 0 0.155951000
D/UDP-TIMING(17342): 774 0 0.145830000
D/UDP-TIMING(17342): 775 0 0.135710000
D/UDP-TIMING(17342): 776 0 0.155255000
D/UDP-TIMING(17342): 777 0 0.145080000
D/UDP-TIMING(17342): 778 0 0.134932000
D/UDP-TIMING(17342): 779 0 0.155022000
D/UDP-TIMING(17342): 780 0 0.144894000
D/UDP-TIMING(17342): 781 0 0.134829000
D/UDP-TIMING(17342): 782 0 0.154304000
D/UDP-TIMING(17342): 783 0 0.144176000
D/UDP-TIMING(17342): 784 0 0.133990000
D/UDP-TIMING(17342): 785 0 0.154085000
D/UDP-TIMING(17342): 786 0 0.143962000
D/UDP-TIMING(17342): 787 0 0.163589000
D/UDP-TIMING(17342): 788 0 0.153465000
D/UDP-TIMING(17342): 789 0 0.143349000
D/UDP-TIMING(17342): 790 0 0.133237000
D/UDP-TIMING(17342): 791 0 0.153170000
D/UDP-TIMING(17342): 792 0 0.143027000
D/UDP-TIMING(17342): 793 0 0.132844000
D/UDP-TIMING(17342): 794 0 0.152935000
D/UDP-TIMING(17342): 795 0 0.142753000
D/UDP-TIMING(17342): 796 0 0.132567000
D/UDP-TIMING(17342): 797 0 0.152076000
D/UDP-TIMING(17342): 798 0 0.141891000
D/UDP-TIMING(17342): 799 0 0.131701000
D/UDP-TIMING(17342): 800 0 0.151807000
D/UDP-TIMING(17342): 801 0 0.141647000
D/UDP-TIMING(17342): 802 0 0.131474000
D/UDP-TIMING(17342): 803 0 0.151012000
D/UDP-TIMING(17342): 804 0 0.140885000
D/UDP-TIMING(17342): 805 0 0.130742000
D/UDP-TIMING(17342): 806 0 0.150922000
D/UDP-TIMING(17342): 807 0 0.140742000
D/UDP-TIMING(17342): 808 0 0.130570000
D/UDP-TIMING(17342): 809 0 0.150018000
D/UDP-TIMING(17342): 810 0 0.139850000
D/UDP-TIMING(17342): 811 0 0.129672000
D/UDP-TIMING(17342): 812 0 0.149802000
D/UDP-TIMING(17342): 813 0 0.139683000
D/UDP-TIMING(17342): 814 0 0.129532000
D/UDP-TIMING(17342): 815 0 0.149114000
D/UDP-TIMING(17342): 816 0 0.139000000
D/UDP-TIMING(17342): 817 0 0.128882000
D/UDP-TIMING(17342): 818 0 0.149072000
D/UDP-TIMING(17342): 819 0 0.138943000
D/UDP-TIMING(17342): 820 0 0.128866000
D/UDP-TIMING(17342): 821 0 0.148458000
D/UDP-TIMING(17342): 822 0 0.138347000
D/UDP-TIMING(17342): 823 0 0.128923000
D/UDP-TIMING(17342): 824 0 0.148315000
D/UDP-TIMING(17342): 825 0 0.138191000
D/UDP-TIMING(17342): 826 0 0.128808000
D/UDP-TIMING(17342): 827 0 0.147654000
D/UDP-TIMING(17342): 828 0 0.137537000
D/UDP-TIMING(17342): 829 0 0.157450000
D/UDP-TIMING(17342): 830 0 0.147346000
D/UDP-TIMING(17342): 831 0 0.137278000
D/UDP-TIMING(17342): 832 0 0.157404000
D/UDP-TIMING(17342): 833 0 0.147238000
D/UDP-TIMING(17342): 834 0 0.137056000
D/UDP-TIMING(17342): 835 0 0.156626000
D/UDP-TIMING(17342): 836 0 0.146447000
D/UDP-TIMING(17342): 837 0 0.136272000
D/UDP-TIMING(17342): 838 0 0.156380000
D/UDP-TIMING(17342): 839 0 0.146208000
D/UDP-TIMING(17342): 840 0 0.136044000
D/StatusBarPolicy( 1816): iconIndex=1
V/StatusBarPolicy( 1816): cdmaLevel:4;max:4
D/StatusBarPolicy( 1816): iconLevel:4
D/UDP-TIMING(17342): 841 0 0.156073000
D/UDP-TIMING(17342): 842 0 0.145938000
D/UDP-TIMING(17342): 843 0 0.135761000
I/PhoneInfo( 2188): getCdmaLevel - cdmaDbm: -72 cdmaEcio:-70
I/PhoneInfo( 2188): getEvdoLevel - evdoDbm: -120 evdoSnr:-1 evdoEcio:-1
I/PhoneInfo( 2188): getLteLevel - lteRsrp: -1 lteCqi:-1
D/UDP-TIMING(17342): 844 0 0.155788000
D/UDP-TIMING(17342): 845 0 0.145638000
D/UDP-TIMING(17342): 846 0 0.135457000
D/UDP-TIMING(17342): 847 0 0.153962000
D/UDP-TIMING(17342): 848 0 0.143793000
D/UDP-TIMING(17342): 849 0 0.133632000
D/UDP-TIMING(17342): 850 0 0.153978000
D/UDP-TIMING(17342): 851 0 0.143840000
D/UDP-TIMING(17342): 852 0 0.133678000
D/UDP-TIMING(17342): 853 0 0.153508000
D/UDP-TIMING(17342): 854 0 0.143321000
D/UDP-TIMING(17342): 855 0 0.133136000
D/UDP-TIMING(17342): 856 0 0.153227000
D/UDP-TIMING(17342): 857 0 0.143049000
D/UDP-TIMING(17342): 858 0 0.132862000
D/UDP-TIMING(17342): 859 0 0.152468000
D/UDP-TIMING(17342): 860 0 0.142315000
D/UDP-TIMING(17342): 861 0 0.132142000
D/UDP-TIMING(17342): 862 0 0.151913000
D/UDP-TIMING(17342): 863 0 0.141761000
D/UDP-TIMING(17342): 864 0 0.131575000
E/TrafficStats( 1673): [QCTMM]tryAll index=0
E/TrafficStats( 1673): [QCTMM]tryAll index=1
E/TrafficStats( 1673): [QCTMM]tryAll index=2
E/TrafficStats( 1673): [QCTMM]tryAll index=0
E/TrafficStats( 1673): [QCTMM]tryAll index=1
E/TrafficStats( 1673): [QCTMM]tryAll index=2
D/UDP-TIMING(17342): 865 0 0.151865000
D/UDP-TIMING(17342): 866 0 0.141619000
D/UDP-TIMING(17342): 867 0 0.131439000
D/DATA    ( 1860): sentSinceLastRecv=0,watchdogTrigger=10,maxindex=0
D/UDP-TIMING(17342): 868 0 0.151221000
D/UDP-TIMING(17342): 869 0 0.141053000
D/UDP-TIMING(17342): 870 0 0.130897000
D/UDP-TIMING(17342): 871 0 0.150598000
D/UDP-TIMING(17342): 872 0 0.140533000
D/UDP-TIMING(17342): 873 0 0.130409000
D/UDP-TIMING(17342): 874 0 0.150016000
D/UDP-TIMING(17342): 875 0 0.139900000
D/UDP-TIMING(17342): 876 0 0.129759000
D/UDP-TIMING(17342): 877 0 0.149887000
D/UDP-TIMING(17342): 878 0 0.139769000
D/UDP-TIMING(17342): 879 0 0.159503000
D/UDP-TIMING(17342): 880 0 0.149428000
D/UDP-TIMING(17342): 881 0 0.139262000
D/UDP-TIMING(17342): 882 0 0.129129000
D/UDP-TIMING(17342): 883 0 0.149093000
D/UDP-TIMING(17342): 884 0 0.138928000
D/UDP-TIMING(17342): 885 0 0.128777000
D/UDP-TIMING(17342): 886 0 0.148227000
D/UDP-TIMING(17342): 887 0 0.138070000
D/UDP-TIMING(17342): 888 0 0.158256000
D/UDP-TIMING(17342): 889 0 0.148073000
D/UDP-TIMING(17342): 890 0 0.137941000
D/UDP-TIMING(17342): 891 0 0.157406000
D/UDP-TIMING(17342): 892 0 0.147239000
D/UDP-TIMING(17342): 893 0 0.137055000
D/UDP-TIMING(17342): 894 0 0.157204000
D/UDP-TIMING(17342): 895 0 0.147054000
D/UDP-TIMING(17342): 896 0 0.136871000
D/UDP-TIMING(17342): 897 0 0.156320000
D/UDP-TIMING(17342): 898 0 0.146174000
D/UDP-TIMING(17342): 899 0 0.136051000
D/UDP-TIMING(17342): 900 0 0.155897000
D/UDP-TIMING(17342): 901 0 0.145721000
D/UDP-TIMING(17342): 902 0 0.135584000
D/UDP-TIMING(17342): 903 0 0.155678000
D/UDP-TIMING(17342): 904 0 0.145491000
D/UDP-TIMING(17342): 905 0 0.135328000
D/UDP-TIMING(17342): 906 0 0.154791000
D/UDP-TIMING(17342): 907 0 0.144614000
D/UDP-TIMING(17342): 908 0 0.164900000
D/UDP-TIMING(17342): 909 0 0.154739000
D/UDP-TIMING(17342): 910 0 0.144577000
D/UDP-TIMING(17342): 911 0 0.134447000
D/UDP-TIMING(17342): 912 0 0.153869000
D/UDP-TIMING(17342): 913 0 0.143689000
D/UDP-TIMING(17342): 914 0 0.133503000
D/UDP-TIMING(17342): 915 0 0.153567000
D/UDP-TIMING(17342): 916 0 0.143389000
D/UDP-TIMING(17342): 917 0 0.133258000
D/UDP-TIMING(17342): 918 0 0.152780000
D/UDP-TIMING(17342): 919 0 0.142630000
D/UDP-TIMING(17342): 920 0 0.132511000
D/UDP-TIMING(17342): 921 0 0.152594000
D/UDP-TIMING(17342): 922 0 0.142415000
D/UDP-TIMING(17342): 923 0 0.132259000
D/UDP-TIMING(17342): 924 0 0.151774000
D/UDP-TIMING(17342): 925 0 0.141598000
D/UDP-TIMING(17342): 926 0 0.131447000
D/UDP-TIMING(17342): 927 0 0.151425000
D/UDP-TIMING(17342): 928 0 0.141248000
D/UDP-TIMING(17342): 929 0 0.131074000
D/UDP-TIMING(17342): 930 0 0.150625000
D/UDP-TIMING(17342): 931 0 0.140459000
D/UDP-TIMING(17342): 932 0 0.130281000
D/UDP-TIMING(17342): 933 0 0.150385000
D/UDP-TIMING(17342): 934 0 0.140219000
D/UDP-TIMING(17342): 935 0 0.159912000
D/UDP-TIMING(17342): 936 0 0.149771000
D/UDP-TIMING(17342): 937 0 0.139594000
D/UDP-TIMING(17342): 938 0 0.159353000
D/UDP-TIMING(17342): 939 0 0.149216000
D/UDP-TIMING(17342): 940 0 0.139115000
D/UDP-TIMING(17342): 941 0 0.129008000
D/UDP-TIMING(17342): 942 0 0.148940000
D/UDP-TIMING(17342): 943 0 0.138783000
D/UDP-TIMING(17342): 944 0 0.158511000
D/UDP-TIMING(17342): 945 0 0.148334000
D/UDP-TIMING(17342): 946 0 0.138155000
D/UDP-TIMING(17342): 947 0 0.158245000
D/UDP-TIMING(17342): 948 0 0.148064000
D/UDP-TIMING(17342): 949 0 0.137968000
D/UDP-TIMING(17342): 950 0 0.157478000
D/UDP-TIMING(17342): 951 0 0.147316000
D/UDP-TIMING(17342): 952 0 0.137112000
D/UDP-TIMING(17342): 953 0 0.157245000
D/UDP-TIMING(17342): 954 0 0.147067000
D/UDP-TIMING(17342): 955 0 0.136891000
D/UDP-TIMING(17342): 956 0 0.156410000
D/UDP-TIMING(17342): 957 0 0.146233000
D/UDP-TIMING(17342): 958 0 0.136054000
E/TrafficStats(16531): [QCTMM]tryAll index=0
E/TrafficStats(16531): [QCTMM]tryAll index=1
E/TrafficStats(16531): [QCTMM]tryAll index=2
E/TrafficStats(16531): [QCTMM]tryAll index=0
E/TrafficStats(16531): [QCTMM]tryAll index=1
E/TrafficStats(16531): [QCTMM]tryAll index=2
D/UDP-TIMING(17342): 959 0 0.156765000
D/UDP-TIMING(17342): 960 0 0.146668000
D/UDP-TIMING(17342): 961 0 0.136552000
E/TrafficStats(16531): [QCTMM]tryAll index=0
E/TrafficStats(16531): [QCTMM]tryAll index=1
E/TrafficStats(16531): [QCTMM]tryAll index=2
E/TrafficStats(16531): [QCTMM]tryAll index=0
E/TrafficStats(16531): [QCTMM]tryAll index=1
E/TrafficStats(16531): [QCTMM]tryAll index=2
D/UDP-TIMING(17342): 962 0 0.156002000
D/UDP-TIMING(17342): 963 0 0.145825000
D/UDP-TIMING(17342): 964 0 0.135733000
E/TrafficStats( 1673): [QCTMM]tryAll index=0
E/TrafficStats( 1673): [QCTMM]tryAll index=1
E/TrafficStats( 1673): [QCTMM]tryAll index=2
E/TrafficStats( 1673): [QCTMM]tryAll index=0
E/TrafficStats( 1673): [QCTMM]tryAll index=1
E/TrafficStats( 1673): [QCTMM]tryAll index=2
D/DATA    ( 1860): sentSinceLastRecv=0,watchdogTrigger=10,maxindex=0
D/UDP-TIMING(17342): 965 0 0.154854000
D/UDP-TIMING(17342): 966 0 0.144735000
D/UDP-TIMING(17342): 967 0 0.134571000
D/UDP-TIMING(17342): 968 0 0.154025000
D/UDP-TIMING(17342): 969 0 0.143852000
D/UDP-TIMING(17342): 970 0 0.132953000
D/UDP-TIMING(17342): 971 0 0.153662000
D/UDP-TIMING(17342): 972 0 0.143527000
D/UDP-TIMING(17342): 973 0 0.133342000
D/UDP-TIMING(17342): 974 0 0.153190000
D/UDP-TIMING(17342): 975 0 0.143010000
D/UDP-TIMING(17342): 976 0 0.132826000
D/UDP-TIMING(17342): 977 0 0.152552000
D/UDP-TIMING(17342): 978 0 0.142364000
D/UDP-TIMING(17342): 979 0 0.132237000
D/UDP-TIMING(17342): 980 0 0.152102000
D/UDP-TIMING(17342): 981 0 0.141923000
D/UDP-TIMING(17342): 982 0 0.131739000
D/UDP-TIMING(17342): 983 0 0.151286000
D/UDP-TIMING(17342): 984 0 0.141097000
D/UDP-TIMING(17342): 985 0 0.130924000
D/UDP-TIMING(17342): 986 0 0.151753000
D/UDP-TIMING(17342): 987 0 0.141564000
D/UDP-TIMING(17342): 988 0 0.131378000
D/UDP-TIMING(17342): 989 0 0.150362000
D/UDP-TIMING(17342): 990 0 0.140218000
D/UDP-TIMING(17342): 991 0 0.130068000
D/UDP-TIMING(17342): 992 0 0.150132000
D/UDP-TIMING(17342): 993 0 0.139953000
D/UDP-TIMING(17342): 994 0 0.129769000
D/UDP-TIMING(17342): 995 0 0.148733000
D/UDP-TIMING(17342): 996 0 0.138558000
D/UDP-TIMING(17342): 997 0 0.128381000
D/UDP-TIMING(17342): 998 0 0.148349000
D/UDP-TIMING(17342): 999 0 0.138183000
D/UDP-TIMING(17342): 1000 0 0.157960000
D/UDP-TIMING(17342): 1001 0 0.147835000
D/UDP-TIMING(17342): 1002 0 0.137652000
D/UDP-TIMING(17342): 1003 0 0.157820000
D/UDP-TIMING(17342): 1004 0 0.147670000
D/UDP-TIMING(17342): 1005 0 0.137488000
D/UDP-TIMING(17342): 1006 0 0.157763000
D/UDP-TIMING(17342): 1007 0 0.147583000
D/UDP-TIMING(17342): 1008 0 0.137416000
D/UDP-TIMING(17342): 1009 0 0.157016000
D/UDP-TIMING(17342): 1010 0 0.146883000
D/UDP-TIMING(17342): 1011 0 0.136701000
D/UDP-TIMING(17342): 1012 0 0.156787000
D/UDP-TIMING(17342): 1013 0 0.146606000
D/UDP-TIMING(17342): 1014 0 0.136429000
D/UDP-TIMING(17342): 1015 0 0.156026000
D/UDP-TIMING(17342): 1016 0 0.145929000
D/UDP-TIMING(17342): 1017 0 0.135799000
D/UDP-TIMING(17342): 1018 0 0.155987000
D/UDP-TIMING(17342): 1019 0 0.145860000
D/UDP-TIMING(17342): 1020 0 0.135722000
D/UDP-TIMING(17342): 1021 0 0.155142000
D/UDP-TIMING(17342): 1022 0 0.144961000
D/UDP-TIMING(17342): 1023 0 0.134778000
D/Database(16531): dbopen(): path = /data/data/com.onavo.android.onavoid/databases/ui_events, flag = 6, file size = 14057472
D/Database(16531): dbopen(): path = /data/data/com.onavo.android.onavoid/databases/ui_events, mode: wal, disk free size: 2000 M, handle: 0x3b97a0
D/UDP-TIMING(17342): 1024 0 0.154445000
D/UDP-TIMING(17342): 1025 0 0.144262000
D/UDP-TIMING(17342): 1026 0 0.134076000
D/Database(16531): dbclose(): path = /data/data/com.onavo.android.onavoid/databases/ui_events, handle = 0x3b97a0
D/UDP-TIMING(17342): 1027 0 0.153736000
D/UDP-TIMING(17342): 1028 0 0.143573000
D/UDP-TIMING(17342): 1029 0 0.133448000
D/dalvikvm(16531): GC_CONCURRENT freed 404K, 51% free 3373K/6855K, external 0K/0K, paused 10ms+4ms
D/UDP-TIMING(17342): 1030 0 0.153160000
D/UDP-TIMING(17342): 1031 0 0.143016000
D/UDP-TIMING(17342): 1032 0 0.132884000
D/UDP-TIMING(17342): 1033 0 0.152849000
D/UDP-TIMING(17342): 1034 0 0.142721000
D/UDP-TIMING(17342): 1035 0 0.132583000
D/UDP-TIMING(17342): 1036 0 0.152697000
D/UDP-TIMING(17342): 1037 0 0.142599000
D/UDP-TIMING(17342): 1038 0 0.132474000
D/UDP-TIMING(17342): 1039 0 0.152474000
D/UDP-TIMING(17342): 1040 0 0.142310000
D/UDP-TIMING(17342): 1041 0 0.132129000
D/UDP-TIMING(17342): 1042 0 0.151851000
D/UDP-TIMING(17342): 1043 0 0.141681000
D/UDP-TIMING(17342): 1044 0 0.131528000
D/UDP-TIMING(17342): 1045 0 0.151585000
D/UDP-TIMING(17342): 1046 0 0.141375000
D/UDP-TIMING(17342): 1047 0 0.131226000
D/UDP-TIMING(17342): 1048 0 0.150798000
D/UDP-TIMING(17342): 1049 0 0.140664000
D/UDP-TIMING(17342): 1050 0 0.130531000
D/UDP-TIMING(17342): 1051 0 0.150477000
D/UDP-TIMING(17342): 1052 0 0.140299000
D/UDP-TIMING(17342): 1053 0 0.130120000
D/UDP-TIMING(17342): 1054 0 0.149671000
D/UDP-TIMING(17342): 1055 0 0.139529000
D/UDP-TIMING(17342): 1056 0 0.129345000
D/UDP-TIMING(17342): 1057 0 0.149478000
D/UDP-TIMING(17342): 1058 0 0.139348000
D/UDP-TIMING(17342): 1059 0 0.129282000
D/UDP-TIMING(17342): 1060 0 0.148960000
D/UDP-TIMING(17342): 1061 0 0.138838000
D/UDP-TIMING(17342): 1062 0 0.128717000
D/UDP-TIMING(17342): 1063 0 0.148993000
D/UDP-TIMING(17342): 1064 0 0.138887000
D/UDP-TIMING(17342): 1065 0 0.128707000
E/TrafficStats( 1673): [QCTMM]tryAll index=0
E/TrafficStats( 1673): [QCTMM]tryAll index=1
E/TrafficStats( 1673): [QCTMM]tryAll index=2
E/TrafficStats( 1673): [QCTMM]tryAll index=0
E/TrafficStats( 1673): [QCTMM]tryAll index=1
E/TrafficStats( 1673): [QCTMM]tryAll index=2
D/DATA    ( 1860): sentSinceLastRecv=0,watchdogTrigger=10,maxindex=0
D/UDP-TIMING(17342): 1066 0 0.148524000
D/UDP-TIMING(17342): 1067 0 0.138346000
D/UDP-TIMING(17342): 1068 0 0.158315000
D/UDP-TIMING(17342): 1069 0 0.148229000
D/UDP-TIMING(17342): 1070 0 0.138064000
D/UDP-TIMING(17342): 1071 0 0.157425000
D/UDP-TIMING(17342): 1072 0 0.147246000
D/UDP-TIMING(17342): 1073 0 0.137065000
D/UDP-TIMING(17342): 1074 0 0.157343000
D/UDP-TIMING(17342): 1075 0 0.147166000
D/UDP-TIMING(17342): 1076 0 0.136983000
D/UDP-TIMING(17342): 1077 0 0.156340000
D/UDP-TIMING(17342): 1078 0 0.146200000
D/UDP-TIMING(17342): 1079 0 0.136038000
D/UDP-TIMING(17342): 1080 0 0.155878000
D/UDP-TIMING(17342): 1081 0 0.145733000
D/UDP-TIMING(17342): 1082 0 0.135546000
D/UDP-TIMING(17342): 1083 0 0.155705000
D/UDP-TIMING(17342): 1084 0 0.145526000
D/UDP-TIMING(17342): 1085 0 0.135377000
D/UDP-TIMING(17342): 1086 0 0.154846000
D/UDP-TIMING(17342): 1087 0 0.144680000
D/UDP-TIMING(17342): 1088 0 0.134516000
D/UDP-TIMING(17342): 1089 0 0.154600000
D/UDP-TIMING(17342): 1090 0 0.144418000
D/UDP-TIMING(17342): 1091 0 0.134241000
D/UDP-TIMING(17342): 1092 0 0.153754000
D/UDP-TIMING(17342): 1093 0 0.143574000
D/UDP-TIMING(17342): 1094 0 0.133397000
D/UDP-TIMING(17342): 1095 0 0.153518000
D/UDP-TIMING(17342): 1096 0 0.143338000
D/UDP-TIMING(17342): 1097 0 0.133191000
D/UDP-TIMING(17342): 1098 0 0.152801000
D/UDP-TIMING(17342): 1099 0 0.142636000
D/UDP-TIMING(17342): 1100 0 0.132470000
D/UDP-TIMING(17342): 1101 0 0.152519000
D/UDP-TIMING(17342): 1102 0 0.142357000
D/UDP-TIMING(17342): 1103 0 0.132211000
D/UDP-TIMING(17342): 1104 0 0.151632000
D/UDP-TIMING(17342): 1105 0 0.141445000
D/UDP-TIMING(17342): 1106 0 0.131291000
D/UDP-TIMING(17342): 1107 0 0.151382000
D/UDP-TIMING(17342): 1108 0 0.141213000
D/UDP-TIMING(17342): 1109 0 0.130987000
D/UDP-TIMING(17342): 1110 0 0.150502000
D/UDP-TIMING(17342): 1111 0 0.140318000
D/UDP-TIMING(17342): 1112 0 0.130131000
D/UDP-TIMING(17342): 1113 0 0.150381000
D/UDP-TIMING(17342): 1114 0 0.140213000
D/UDP-TIMING(17342): 1115 0 0.129992000
D/UDP-TIMING(17342): 1116 0 0.149446000
D/UDP-TIMING(17342): 1117 0 0.139316000
D/UDP-TIMING(17342): 1118 0 0.129220000
D/UDP-TIMING(17342): 1119 0 0.148960000
D/UDP-TIMING(17342): 1120 0 0.138785000
D/UDP-TIMING(17342): 1121 0 0.158936000
D/UDP-TIMING(17342): 1122 0 0.148793000
D/UDP-TIMING(17342): 1123 0 0.138625000
D/UDP-TIMING(17342): 1124 0 0.128445000
D/UDP-TIMING(17342): 1125 0 0.147930000
D/UDP-TIMING(17342): 1126 0 0.137744000
D/UDP-TIMING(17342): 1127 0 0.158000000
D/UDP-TIMING(17342): 1128 0 0.147827000
D/UDP-TIMING(17342): 1129 0 0.137654000
D/UDP-TIMING(17342): 1130 0 0.157083000
D/UDP-TIMING(17342): 1131 0 0.146905000
D/UDP-TIMING(17342): 1132 0 0.136755000
D/UDP-TIMING(17342): 1133 0 0.156212000
D/UDP-TIMING(17342): 1134 0 0.146032000
D/UDP-TIMING(17342): 1135 0 0.135877000
D/UDP-TIMING(17342): 1136 0 0.156032000
D/UDP-TIMING(17342): 1137 0 0.145901000
D/UDP-TIMING(17342): 1138 0 0.135778000
D/UDP-TIMING(17342): 1139 0 0.155863000
D/UDP-TIMING(17342): 1140 0 0.145693000
D/UDP-TIMING(17342): 1141 0 0.135512000
D/UDP-TIMING(17342): 1142 0 0.155108000
D/UDP-TIMING(17342): 1143 0 0.144930000
D/UDP-TIMING(17342): 1144 0 0.134746000
D/UDP-TIMING(17342): 1145 0 0.154810000
D/UDP-TIMING(17342): 1146 0 0.144638000
D/UDP-TIMING(17342): 1147 0 0.134467000
D/UDP-TIMING(17342): 1148 0 0.153995000
D/UDP-TIMING(17342): 1149 0 0.143835000
D/UDP-TIMING(17342): 1150 0 0.133644000
D/UDP-TIMING(17342): 1151 0 0.153760000
D/UDP-TIMING(17342): 1152 0 0.143576000
D/UDP-TIMING(17342): 1153 0 0.133396000
D/UDP-TIMING(17342): 1154 0 0.152902000
D/UDP-TIMING(17342): 1155 0 0.142759000
D/UDP-TIMING(17342): 1156 0 0.132573000
D/UDP-TIMING(17342): 1157 0 0.152419000
D/UDP-TIMING(17342): 1158 0 0.142293000
D/UDP-TIMING(17342): 1159 0 0.132146000
D/UDP-TIMING(17342): 1160 0 0.152173000
D/UDP-TIMING(17342): 1161 0 0.141992000
D/UDP-TIMING(17342): 1162 0 0.131809000
D/UDP-TIMING(17342): 1163 0 0.151408000
D/UDP-TIMING(17342): 1164 0 0.141228000
E/TrafficStats( 1673): [QCTMM]tryAll index=0
D/UDP-TIMING(17342): 1165 0 0.131074000
E/TrafficStats( 1673): [QCTMM]tryAll index=1
E/TrafficStats( 1673): [QCTMM]tryAll index=2
E/TrafficStats( 1673): [QCTMM]tryAll index=0
E/TrafficStats( 1673): [QCTMM]tryAll index=1
E/TrafficStats( 1673): [QCTMM]tryAll index=2
D/DATA    ( 1860): sentSinceLastRecv=0,watchdogTrigger=10,maxindex=0
D/UDP-TIMING(17342): 1166 0 0.151592000
D/UDP-TIMING(17342): 1167 0 0.141462000
D/UDP-TIMING(17342): 1168 0 0.131381000
D/UDP-TIMING(17342): 1169 0 0.150472000
D/UDP-TIMING(17342): 1170 0 0.140290000
D/UDP-TIMING(17342): 1171 0 0.130108000
D/UDP-TIMING(17342): 1172 0 0.150536000
D/UDP-TIMING(17342): 1173 0 0.140354000
D/UDP-TIMING(17342): 1174 0 0.130233000
D/UDP-TIMING(17342): 1175 0 0.149397000
D/UDP-TIMING(17342): 1176 0 0.139216000
D/UDP-TIMING(17342): 1177 0 0.159386000
D/UDP-TIMING(17342): 1178 0 0.149249000
D/UDP-TIMING(17342): 1179 0 0.139078000
D/UDP-TIMING(17342): 1180 0 0.128910000
D/UDP-TIMING(17342): 1181 0 0.148437000
D/UDP-TIMING(17342): 1182 0 0.138278000
D/UDP-TIMING(17342): 1183 0 0.128098000
D/UDP-TIMING(17342): 1184 0 0.148189000
D/UDP-TIMING(17342): 1185 0 0.138036000
D/UDP-TIMING(17342): 1186 0 0.187886000
D/UDP-TIMING(17342): 1187 0 0.177762000
D/UDP-TIMING(17342): 1188 0 0.167594000
D/UDP-TIMING(17342): 1189 0 0.157413000
D/UDP-TIMING(17342): 1190 0 0.147234000
D/UDP-TIMING(17342): 1191 0 0.137052000
D/UDP-TIMING(17342): 1192 0 0.156468000
D/UDP-TIMING(17342): 1193 0 0.146279000
D/UDP-TIMING(17342): 1194 0 0.136126000
D/UDP-TIMING(17342): 1195 0 0.155902000
D/UDP-TIMING(17342): 1196 0 0.145722000
D/UDP-TIMING(17342): 1197 0 0.135596000
D/UDP-TIMING(17342): 1198 0 0.155693000
D/UDP-TIMING(17342): 1199 0 0.145523000
D/UDP-TIMING(17342): 1200 0 0.135414000
D/UDP-TIMING(17342): 1201 0 0.154925000
D/UDP-TIMING(17342): 1202 0 0.144797000
D/UDP-TIMING(17342): 1203 0 0.134624000
D/UDP-TIMING(17342): 1204 0 0.154742000
D/UDP-TIMING(17342): 1205 0 0.144555000
D/UDP-TIMING(17342): 1206 0 0.134376000
D/UDP-TIMING(17342): 1207 0 0.153901000
D/UDP-TIMING(17342): 1208 0 0.143804000
D/UDP-TIMING(17342): 1209 0 0.133680000
D/UDP-TIMING(17342): 1210 0 0.153869000
D/UDP-TIMING(17342): 1211 0 0.143695000
D/UDP-TIMING(17342): 1212 0 0.133514000
D/UDP-TIMING(17342): 1213 0 0.152915000
D/UDP-TIMING(17342): 1214 0 0.142733000
D/UDP-TIMING(17342): 1215 0 0.162890000
D/UDP-TIMING(17342): 1216 0 0.152761000
D/UDP-TIMING(17342): 1217 0 0.142635000
D/UDP-TIMING(17342): 1218 0 0.132474000
D/UDP-TIMING(17342): 1219 0 0.151960000
D/UDP-TIMING(17342): 1220 0 0.141780000
D/UDP-TIMING(17342): 1221 0 0.131624000
D/UDP-TIMING(17342): 1222 0 0.151687000
D/UDP-TIMING(17342): 1223 0 0.141506000
D/UDP-TIMING(17342): 1224 0 0.131320000
D/UDP-TIMING(17342): 1225 0 0.150831000
D/UDP-TIMING(17342): 1226 0 0.140703000
D/UDP-TIMING(17342): 1227 0 0.160846000
D/UDP-TIMING(17342): 1228 0 0.150644000
D/UDP-TIMING(17342): 1229 0 0.140505000
D/UDP-TIMING(17342): 1230 0 0.130321000
D/UDP-TIMING(17342): 1231 0 0.149864000
D/UDP-TIMING(17342): 1232 0 0.140677000
D/UDP-TIMING(17342): 1233 0 0.130506000
D/UDP-TIMING(17342): 1234 0 0.149512000
D/UDP-TIMING(17342): 1235 0 0.139319000
D/UDP-TIMING(17342): 1236 0 0.129148000
D/UDP-TIMING(17342): 1237 0 0.149293000
D/UDP-TIMING(17342): 1238 0 0.139176000
D/UDP-TIMING(17342): 1239 0 0.129048000
D/UDP-TIMING(17342): 1240 0 0.148658000
D/UDP-TIMING(17342): 1241 0 0.138542000
D/UDP-TIMING(17342): 1242 0 0.158696000
D/UDP-TIMING(17342): 1243 0 0.148575000
D/UDP-TIMING(17342): 1244 0 0.138476000
D/UDP-TIMING(17342): 1245 0 0.158052000
D/UDP-TIMING(17342): 1246 0 0.147959000
D/UDP-TIMING(17342): 1247 0 0.137858000
D/UDP-TIMING(17342): 1248 0 0.129154000
D/UDP-TIMING(17342): 1249 0 0.147941000
D/UDP-TIMING(17342): 1250 0 0.137799000
D/UDP-TIMING(17342): 1251 0 0.127686000
D/UDP-TIMING(17342): 1252 0 0.147208000
D/UDP-TIMING(17342): 1253 0 0.137106000
D/UDP-TIMING(17342): 1254 0 0.157349000
D/UDP-TIMING(17342): 1255 0 0.147234000
D/UDP-TIMING(17342): 1256 0 0.137122000
D/UDP-TIMING(17342): 1257 0 0.156657000
D/UDP-TIMING(17342): 1258 0 0.146559000
D/UDP-TIMING(17342): 1259 0 0.136440000
D/UDP-TIMING(17342): 1260 0 0.156714000
D/UDP-TIMING(17342): 1261 0 0.146604000
D/UDP-TIMING(17342): 1262 0 0.136479000
D/UDP-TIMING(17342): 1263 0 0.156002000
D/UDP-TIMING(17342): 1264 0 0.145914000
D/UDP-TIMING(17342): 1265 0 0.135790000
E/TrafficStats( 1673): [QCTMM]tryAll index=0
E/TrafficStats( 1673): [QCTMM]tryAll index=1
E/TrafficStats( 1673): [QCTMM]tryAll index=2
E/TrafficStats( 1673): [QCTMM]tryAll index=0
E/TrafficStats( 1673): [QCTMM]tryAll index=1
E/TrafficStats( 1673): [QCTMM]tryAll index=2
D/DATA    ( 1860): sentSinceLastRecv=0,watchdogTrigger=10,maxindex=0
D/UDP-TIMING(17342): 1266 0 0.155940000
D/UDP-TIMING(17342): 1267 0 0.145810000
D/UDP-TIMING(17342): 1268 0 0.135688000
D/UDP-TIMING(17342): 1269 0 0.155231000
D/UDP-TIMING(17342): 1270 0 0.145109000
D/UDP-TIMING(17342): 1271 0 0.135016000
D/UDP-TIMING(17342): 1272 0 0.154898000
D/UDP-TIMING(17342): 1273 0 0.144782000
D/UDP-TIMING(17342): 1274 0 0.134667000
D/UDP-TIMING(17342): 1275 0 0.154885000
D/UDP-TIMING(17342): 1276 0 0.144761000
D/UDP-TIMING(17342): 1277 0 0.134662000
D/UDP-TIMING(17342): 1278 0 0.154104000
D/UDP-TIMING(17342): 1279 0 0.143916000
D/UDP-TIMING(17342): 1280 0 0.133733000
D/UDP-TIMING(17342): 1281 0 0.153857000
D/UDP-TIMING(17342): 1282 0 0.143669000
D/UDP-TIMING(17342): 1283 0 0.133488000
D/UDP-TIMING(17342): 1284 0 0.153021000
D/UDP-TIMING(17342): 1285 0 0.142875000
D/UDP-TIMING(17342): 1286 0 0.132692000
D/UDP-TIMING(17342): 1287 0 0.152832000
D/UDP-TIMING(17342): 1288 0 0.142664000
D/UDP-TIMING(17342): 1289 0 0.132481000
D/UDP-TIMING(17342): 1290 0 0.152068000
D/UDP-TIMING(17342): 1291 0 0.141901000
D/UDP-TIMING(17342): 1292 0 0.131753000
D/UDP-TIMING(17342): 1293 0 0.151784000
D/UDP-TIMING(17342): 1294 0 0.141606000
D/UDP-TIMING(17342): 1295 0 0.131435000
D/UDP-TIMING(17342): 1296 0 0.151007000
D/UDP-TIMING(17342): 1297 0 0.140869000
D/UDP-TIMING(17342): 1298 0 0.130704000
D/UDP-TIMING(17342): 1299 0 0.150824000
D/UDP-TIMING(17342): 1300 0 0.140646000
D/UDP-TIMING(17342): 1301 0 0.130475000
D/UDP-TIMING(17342): 1302 0 0.150021000
D/UDP-TIMING(17342): 1303 0 0.139877000
D/UDP-TIMING(17342): 1304 0 0.129707000
D/UDP-TIMING(17342): 1305 0 0.149636000
D/UDP-TIMING(17342): 1306 0 0.139484000
D/UDP-TIMING(17342): 1307 0 0.129281000
D/UDP-TIMING(17342): 1308 0 0.149039000
D/UDP-TIMING(17342): 1309 0 0.138901000
D/UDP-TIMING(17342): 1310 0 0.128769000
D/UDP-TIMING(17342): 1311 0 0.148547000
D/UDP-TIMING(17342): 1312 0 0.138409000
D/UDP-TIMING(17342): 1313 0 0.128927000
D/UDP-TIMING(17342): 1314 0 0.148394000
D/UDP-TIMING(17342): 1315 0 0.138213000
D/UDP-TIMING(17342): 1316 0 0.128098000
D/UDP-TIMING(17342): 1317 0 0.147606000
D/UDP-TIMING(17342): 1318 0 0.137409000
D/UDP-TIMING(17342): 1319 0 0.157648000
D/UDP-TIMING(17342): 1320 0 0.147467000
D/UDP-TIMING(17342): 1321 0 0.137315000
D/UDP-TIMING(17342): 1322 0 0.156767000
D/UDP-TIMING(17342): 1323 0 0.146592000
D/UDP-TIMING(17342): 1324 0 0.136408000
D/UDP-TIMING(17342): 1325 0 0.156494000
D/UDP-TIMING(17342): 1326 0 0.146333000
D/UDP-TIMING(17342): 1327 0 0.136206000
D/UDP-TIMING(17342): 1328 0 0.155776000
D/UDP-TIMING(17342): 1329 0 0.145630000
D/UDP-TIMING(17342): 1330 0 0.135462000
D/UDP-TIMING(17342): 1331 0 0.155525000
D/UDP-TIMING(17342): 1332 0 0.145342000
D/UDP-TIMING(17342): 1333 0 0.165113000
D/UDP-TIMING(17342): 1334 0 0.154980000
D/UDP-TIMING(17342): 1335 0 0.144815000
D/UDP-TIMING(17342): 1336 0 0.134651000
D/UDP-TIMING(17342): 1337 0 0.154579000
D/UDP-TIMING(17342): 1338 0 0.144414000
D/UDP-TIMING(17342): 1339 0 0.134234000
D/UDP-TIMING(17342): 1340 0 0.153730000
D/UDP-TIMING(17342): 1341 0 0.143558000
D/UDP-TIMING(17342): 1342 0 0.133422000
D/UDP-TIMING(17342): 1343 0 0.153209000
D/UDP-TIMING(17342): 1344 0 0.143032000
D/UDP-TIMING(17342): 1345 0 0.132873000
D/UDP-TIMING(17342): 1346 0 0.152995000
D/UDP-TIMING(17342): 1347 0 0.142832000
D/UDP-TIMING(17342): 1348 0 0.132669000
D/UDP-TIMING(17342): 1349 0 0.152259000
D/UDP-TIMING(17342): 1350 0 0.142079000
D/UDP-TIMING(17342): 1351 0 0.131927000
D/UDP-TIMING(17342): 1352 0 0.151973000
D/UDP-TIMING(17342): 1353 0 0.141793000
D/UDP-TIMING(17342): 1354 0 0.131615000
D/UDP-TIMING(17342): 1355 0 0.151212000
D/UDP-TIMING(17342): 1356 0 0.141054000
D/UDP-TIMING(17342): 1357 0 0.130891000
D/UDP-TIMING(17342): 1358 0 0.151051000
D/UDP-TIMING(17342): 1359 0 0.140872000
D/UDP-TIMING(17342): 1360 0 0.130691000
D/UDP-TIMING(17342): 1361 0 0.150234000
D/UDP-TIMING(17342): 1362 0 0.140044000
D/UDP-TIMING(17342): 1363 0 0.129869000
E/TrafficStats( 1673): [QCTMM]tryAll index=0
D/UDP-TIMING(17342): 1364 0 0.150456000
D/UDP-TIMING(17342): 1365 0 0.140256000
D/UDP-TIMING(17342): 1366 0 0.130162000
E/TrafficStats( 1673): [QCTMM]tryAll index=1
E/TrafficStats( 1673): [QCTMM]tryAll index=2
E/TrafficStats( 1673): [QCTMM]tryAll index=0
E/TrafficStats( 1673): [QCTMM]tryAll index=1
E/TrafficStats( 1673): [QCTMM]tryAll index=2
D/DATA    ( 1860): sentSinceLastRecv=0,watchdogTrigger=10,maxindex=0
D/UDP-TIMING(17342): 1367 0 0.149678000
D/UDP-TIMING(17342): 1368 0 0.139506000
D/UDP-TIMING(17342): 1369 0 0.129383000
D/UDP-TIMING(17342): 1370 0 0.149056000
D/UDP-TIMING(17342): 1371 0 0.138940000
D/UDP-TIMING(17342): 1372 0 0.128844000
D/UDP-TIMING(17342): 1373 0 0.148259000
D/UDP-TIMING(17342): 1374 0 0.138083000
D/UDP-TIMING(17342): 1375 0 0.158222000
D/UDP-TIMING(17342): 1376 0 0.148046000
D/UDP-TIMING(17342): 1377 0 0.137953000
D/UDP-TIMING(17342): 1378 0 0.157534000
D/UDP-TIMING(17342): 1379 0 0.147352000
D/UDP-TIMING(17342): 1380 0 0.137175000
D/UDP-TIMING(17342): 1381 0 0.156965000
D/UDP-TIMING(17342): 1382 0 0.146786000
D/UDP-TIMING(17342): 1383 0 0.136638000
D/UDP-TIMING(17342): 1384 0 0.156788000
D/UDP-TIMING(17342): 1385 0 0.146656000
D/UDP-TIMING(17342): 1386 0 0.136535000
D/UDP-TIMING(17342): 1387 0 0.155979000
D/UDP-TIMING(17342): 1388 0 0.145802000
D/UDP-TIMING(17342): 1389 0 0.135628000
D/UDP-TIMING(17342): 1390 0 0.155839000
D/UDP-TIMING(17342): 1391 0 0.145665000
D/UDP-TIMING(17342): 1392 0 0.135487000
D/UDP-TIMING(17342): 1393 0 0.154945000
D/UDP-TIMING(17342): 1394 0 0.144760000
D/UDP-TIMING(17342): 1395 0 0.134659000
D/UDP-TIMING(17342): 1396 0 0.154780000
D/UDP-TIMING(17342): 1397 0 0.144655000
D/UDP-TIMING(17342): 1398 0 0.134474000
D/UDP-TIMING(17342): 1399 0 0.154020000
D/UDP-TIMING(17342): 1400 0 0.143843000
D/UDP-TIMING(17342): 1401 0 0.133660000
D/UDP-TIMING(17342): 1402 0 0.153784000
D/UDP-TIMING(17342): 1403 0 0.143606000
D/UDP-TIMING(17342): 1404 0 0.133428000
D/UDP-TIMING(17342): 1405 0 0.152967000
D/UDP-TIMING(17342): 1406 0 0.142839000
D/UDP-TIMING(17342): 1407 0 0.132744000
D/UDP-TIMING(17342): 1408 0 0.152777000
D/UDP-TIMING(17342): 1409 0 0.142631000
D/UDP-TIMING(17342): 1410 0 0.132453000
D/UDP-TIMING(17342): 1411 0 0.152000000
D/UDP-TIMING(17342): 1412 0 0.141822000
D/UDP-TIMING(17342): 1413 0 0.161913000
D/UDP-TIMING(17342): 1414 0 0.151761000
D/UDP-TIMING(17342): 1415 0 0.141586000
D/UDP-TIMING(17342): 1416 0 0.131454000
D/UDP-TIMING(17342): 1417 0 0.150994000
D/UDP-TIMING(17342): 1418 0 0.140868000
D/UDP-TIMING(17342): 1419 0 0.130775000
D/UDP-TIMING(17342): 1420 0 0.150625000
D/UDP-TIMING(17342): 1421 0 0.140510000
D/UDP-TIMING(17342): 1422 0 0.130430000
D/UDP-TIMING(17342): 1423 0 0.150498000
D/UDP-TIMING(17342): 1424 0 0.140401000
D/UDP-TIMING(17342): 1425 0 0.160111000
D/UDP-TIMING(17342): 1426 0 0.150035000
D/UDP-TIMING(17342): 1427 0 0.139951000
D/UDP-TIMING(17342): 1428 0 0.129770000
D/UDP-TIMING(17342): 1429 0 0.149223000
D/UDP-TIMING(17342): 1430 0 0.139137000
D/UDP-TIMING(17342): 1431 0 0.129017000
D/UDP-TIMING(17342): 1432 0 0.149224000
D/UDP-TIMING(17342): 1433 0 0.139105000
D/UDP-TIMING(17342): 1434 0 0.128997000
D/UDP-TIMING(17342): 1435 0 0.149166000
D/UDP-TIMING(17342): 1436 0 0.139101000
D/UDP-TIMING(17342): 1437 0 0.128970000
D/UDP-TIMING(17342): 1438 0 0.148517000
D/UDP-TIMING(17342): 1439 0 0.138394000
D/UDP-TIMING(17342): 1440 0 0.129371000
D/UDP-TIMING(17342): 1441 0 0.148489000
D/UDP-TIMING(17342): 1442 0 0.138370000
D/UDP-TIMING(17342): 1443 0 0.157951000
D/UDP-TIMING(17342): 1444 0 0.147835000
D/UDP-TIMING(17342): 1445 0 0.137770000
D/UDP-TIMING(17342): 1446 0 0.157983000
D/UDP-TIMING(17342): 1447 0 0.147814000
D/UDP-TIMING(17342): 1448 0 0.137631000
D/UDP-TIMING(17342): 1449 0 0.157116000
D/UDP-TIMING(17342): 1450 0 0.146934000
D/UDP-TIMING(17342): 1451 0 0.136754000
D/UDP-TIMING(17342): 1452 0 0.156877000
D/UDP-TIMING(17342): 1453 0 0.146695000
D/UDP-TIMING(17342): 1454 0 0.136509000
D/UDP-TIMING(17342): 1455 0 0.156070000
D/UDP-TIMING(17342): 1456 0 0.145915000
D/UDP-TIMING(17342): 1457 0 0.135739000
D/UDP-TIMING(17342): 1458 0 0.155558000
D/UDP-TIMING(17342): 1459 0 0.145393000
D/UDP-TIMING(17342): 1460 0 0.135248000
D/UDP-TIMING(17342): 1461 0 0.155405000
D/UDP-TIMING(17342): 1462 0 0.145221000
D/UDP-TIMING(17342): 1463 0 0.135082000
D/UDP-TIMING(17342): 1464 0 0.154560000
D/UDP-TIMING(17342): 1465 0 0.144390000
D/UDP-TIMING(17342): 1466 0 0.134255000
E/TrafficStats( 1673): [QCTMM]tryAll index=0
E/TrafficStats( 1673): [QCTMM]tryAll index=1
E/TrafficStats( 1673): [QCTMM]tryAll index=2
E/TrafficStats( 1673): [QCTMM]tryAll index=0
E/TrafficStats( 1673): [QCTMM]tryAll index=1
E/TrafficStats( 1673): [QCTMM]tryAll index=2
D/DATA    ( 1860): sentSinceLastRecv=0,watchdogTrigger=10,maxindex=0
D/UDP-TIMING(17342): 1467 0 0.154881000
D/UDP-TIMING(17342): 1468 0 0.144698000
D/UDP-TIMING(17342): 1469 0 0.134532000
D/UDP-TIMING(17342): 1470 0 0.153602000
D/UDP-TIMING(17342): 1471 0 0.143435000
D/UDP-TIMING(17342): 1472 0 0.133298000
D/UDP-TIMING(17342): 1473 0 0.153361000
D/UDP-TIMING(17342): 1474 0 0.143192000
D/UDP-TIMING(17342): 1475 0 0.133063000
D/UDP-TIMING(17342): 1476 0 0.152580000
D/UDP-TIMING(17342): 1477 0 0.142400000
D/UDP-TIMING(17342): 1478 0 0.132218000
D/UDP-TIMING(17342): 1479 0 0.152311000
D/UDP-TIMING(17342): 1480 0 0.142132000
D/UDP-TIMING(17342): 1481 0 0.131953000
D/UDP-TIMING(17342): 1482 0 0.151523000
D/UDP-TIMING(17342): 1483 0 0.141339000
D/UDP-TIMING(17342): 1484 0 0.131153000
D/UDP-TIMING(17342): 1485 0 0.151295000
D/UDP-TIMING(17342): 1486 0 0.141174000
D/UDP-TIMING(17342): 1487 0 0.130992000
D/UDP-TIMING(17342): 1488 0 0.150498000
D/UDP-TIMING(17342): 1489 0 0.140316000
D/UDP-TIMING(17342): 1490 0 0.130136000
D/UDP-TIMING(17342): 1491 0 0.150341000
D/UDP-TIMING(17342): 1492 0 0.140162000
D/UDP-TIMING(17342): 1493 0 0.130009000
D/UDP-TIMING(17342): 1494 0 0.149454000
D/UDP-TIMING(17342): 1495 0 0.139361000
D/UDP-TIMING(17342): 1496 0 0.129244000
D/dalvikvm( 1845): GC_EXPLICIT freed 41K, 50% free 4064K/8007K, external 18441K/20489K, paused 96ms
D/UDP-TIMING(17342): 1497 0 0.148467000
D/UDP-TIMING(17342): 1498 0 0.138296000
D/UDP-TIMING(17342): 1499 0 0.128106000
D/UDP-TIMING(17342): 1500 0 0.147928000
D/UDP-TIMING(17342): 1501 0 0.137749000
D/UDP-TIMING(17342): 1502 0 0.157639000
D/UDP-TIMING(17342): 1503 0 0.147460000
D/UDP-TIMING(17342): 1504 0 0.137283000
D/UDP-TIMING(17342): 1505 0 0.157552000
D/UDP-TIMING(17342): 1506 0 0.147427000
D/UDP-TIMING(17342): 1507 0 0.137302000
D/UDP-TIMING(17342): 1508 0 0.157942000
D/UDP-TIMING(17342): 1509 0 0.147826000
D/UDP-TIMING(17342): 1510 0 0.137709000
D/UDP-TIMING(17342): 1511 0 0.157158000
D/UDP-TIMING(17342): 1512 0 0.147043000
D/UDP-TIMING(17342): 1513 0 0.136925000
D/UDP-TIMING(17342): 1514 0 0.156524000
D/UDP-TIMING(17342): 1515 0 0.146406000
D/UDP-TIMING(17342): 1516 0 0.136283000
D/UDP-TIMING(17342): 1517 0 0.156437000
D/UDP-TIMING(17342): 1518 0 0.146320000
D/UDP-TIMING(17342): 1519 0 0.136202000
D/UDP-TIMING(17342): 1520 0 0.155901000
D/UDP-TIMING(17342): 1521 0 0.145786000
D/UDP-TIMING(17342): 1522 0 0.135696000
D/UDP-TIMING(17342): 1523 0 0.155783000
D/UDP-TIMING(17342): 1524 0 0.145689000
D/UDP-TIMING(17342): 1525 0 0.135501000
D/UDP-TIMING(17342): 1526 0 0.155012000
D/UDP-TIMING(17342): 1527 0 0.144895000
D/UDP-TIMING(17342): 1528 0 0.134802000
D/UDP-TIMING(17342): 1529 0 0.154978000
D/UDP-TIMING(17342): 1530 0 0.144856000
D/UDP-TIMING(17342): 1531 0 0.134761000
D/UDP-TIMING(17342): 1532 0 0.154468000
D/UDP-TIMING(17342): 1533 0 0.144348000
D/UDP-TIMING(17342): 1534 0 0.134227000
D/UDP-TIMING(17342): 1535 0 0.154072000
D/UDP-TIMING(17342): 1536 0 0.143960000
D/UDP-TIMING(17342): 1537 0 0.133838000
D/UDP-TIMING(17342): 1538 0 0.153903000
D/UDP-TIMING(17342): 1539 0 0.143784000
D/UDP-TIMING(17342): 1540 0 0.133663000
D/UDP-TIMING(17342): 1541 0 0.153178000
D/UDP-TIMING(17342): 1542 0 0.143059000
D/UDP-TIMING(17342): 1543 0 0.163304000
D/UDP-TIMING(17342): 1544 0 0.153178000
D/UDP-TIMING(17342): 1545 0 0.143053000
D/UDP-TIMING(17342): 1546 0 0.132869000
D/UDP-TIMING(17342): 1547 0 0.152356000
D/UDP-TIMING(17342): 1548 0 0.142186000
D/UDP-TIMING(17342): 1549 0 0.132032000
D/UDP-TIMING(17342): 1550 0 0.152150000
D/UDP-TIMING(17342): 1551 0 0.141970000
D/UDP-TIMING(17342): 1552 0 0.131822000
D/UDP-TIMING(17342): 1553 0 0.151272000
D/UDP-TIMING(17342): 1554 0 0.141098000
D/UDP-TIMING(17342): 1555 0 0.131004000
D/UDP-TIMING(17342): 1556 0 0.151173000
D/UDP-TIMING(17342): 1557 0 0.140995000
D/UDP-TIMING(17342): 1558 0 0.130810000
D/UDP-TIMING(17342): 1559 0 0.150269000
D/UDP-TIMING(17342): 1560 0 0.140111000
D/UDP-TIMING(17342): 1561 0 0.129880000
D/UDP-TIMING(17342): 1562 0 0.150093000
D/UDP-TIMING(17342): 1563 0 0.139916000
D/UDP-TIMING(17342): 1564 0 0.129853000
D/UDP-TIMING(17342): 1565 0 0.149463000
D/UDP-TIMING(17342): 1566 0 0.139299000
D/UDP-TIMING(17342): 1567 0 0.129210000
E/TrafficStats( 1673): [QCTMM]tryAll index=0
E/TrafficStats( 1673): [QCTMM]tryAll index=1
E/TrafficStats( 1673): [QCTMM]tryAll index=2
E/TrafficStats( 1673): [QCTMM]tryAll index=0
E/TrafficStats( 1673): [QCTMM]tryAll index=1
E/TrafficStats( 1673): [QCTMM]tryAll index=2
D/DATA    ( 1860): sentSinceLastRecv=0,watchdogTrigger=10,maxindex=0
D/UDP-TIMING(17342): 1568 0 0.149631000
D/UDP-TIMING(17342): 1569 0 0.139475000
D/UDP-TIMING(17342): 1570 0 0.129356000
D/UDP-TIMING(17342): 1571 0 0.148370000
D/UDP-TIMING(17342): 1572 0 0.138251000
D/UDP-TIMING(17342): 1573 0 0.158111000
D/UDP-TIMING(17342): 1574 0 0.147996000
D/UDP-TIMING(17342): 1575 0 0.137833000
D/UDP-TIMING(17342): 1576 0 0.158082000
D/UDP-TIMING(17342): 1577 0 0.147906000
D/UDP-TIMING(17342): 1578 0 0.137757000
D/UDP-TIMING(17342): 1579 0 0.157090000
D/UDP-TIMING(17342): 1580 0 0.146913000
D/UDP-TIMING(17342): 1581 0 0.136738000
D/UDP-TIMING(17342): 1582 0 0.156951000
D/UDP-TIMING(17342): 1583 0 0.146783000
D/UDP-TIMING(17342): 1584 0 0.136586000
D/UDP-TIMING(17342): 1585 0 0.155999000
D/UDP-TIMING(17342): 1586 0 0.145823000
D/UDP-TIMING(17342): 1587 0 0.135643000
D/UDP-TIMING(17342): 1588 0 0.155682000
D/UDP-TIMING(17342): 1589 0 0.145503000
D/UDP-TIMING(17342): 1590 0 0.165111000
D/UDP-TIMING(17342): 1591 0 0.154979000
D/UDP-TIMING(17342): 1592 0 0.144802000
D/UDP-TIMING(17342): 1593 0 0.134656000
D/UDP-TIMING(17342): 1594 0 0.154779000
D/UDP-TIMING(17342): 1595 0 0.144621000
D/UDP-TIMING(17342): 1596 0 0.134482000
D/UDP-TIMING(17342): 1597 0 0.153992000
D/UDP-TIMING(17342): 1598 0 0.143846000
D/UDP-TIMING(17342): 1599 0 0.163971000
D/UDP-TIMING(17342): 1600 0 0.153793000
D/UDP-TIMING(17342): 1601 0 0.143607000
D/UDP-TIMING(17342): 1602 0 0.133425000
D/UDP-TIMING(17342): 1603 0 0.153035000
D/UDP-TIMING(17342): 1604 0 0.142868000
D/UDP-TIMING(17342): 1605 0 0.132694000
E/TrafficStats(16531): [QCTMM]tryAll index=0
E/TrafficStats(16531): [QCTMM]tryAll index=1
E/TrafficStats(16531): [QCTMM]tryAll index=2
E/TrafficStats(16531): [QCTMM]tryAll index=0
E/TrafficStats(16531): [QCTMM]tryAll index=1
D/UDP-TIMING(17342): 1606 0 0.153382000
D/UDP-TIMING(17342): 1607 0 0.143199000
D/UDP-TIMING(17342): 1608 0 0.133043000
E/TrafficStats(16531): [QCTMM]tryAll index=2
E/TrafficStats(16531): [QCTMM]tryAll index=0
E/TrafficStats(16531): [QCTMM]tryAll index=1
E/TrafficStats(16531): [QCTMM]tryAll index=2
D/UDP-TIMING(17342): 1609 0 0.152405000
D/UDP-TIMING(17342): 1610 0 0.142259000
D/UDP-TIMING(17342): 1611 0 0.132078000
E/TrafficStats(16531): [QCTMM]tryAll index=0
E/TrafficStats(16531): [QCTMM]tryAll index=1
E/TrafficStats(16531): [QCTMM]tryAll index=2
D/UDP-TIMING(17342): 1612 0 0.151900000
D/UDP-TIMING(17342): 1613 0 0.141729000
D/UDP-TIMING(17342): 1614 0 0.131560000
D/UDP-TIMING(17342): 1615 0 0.150381000
D/UDP-TIMING(17342): 1616 0 0.140222000
D/UDP-TIMING(17342): 1617 0 0.130041000
D/UDP-TIMING(17342): 1618 0 0.150093000
D/UDP-TIMING(17342): 1619 0 0.139943000
D/UDP-TIMING(17342): 1620 0 0.129818000
D/UDP-TIMING(17342): 1621 0 0.150094000
D/UDP-TIMING(17342): 1622 0 0.139925000
D/UDP-TIMING(17342): 1623 0 0.129833000
D/UDP-TIMING(17342): 1624 0 0.149313000
D/UDP-TIMING(17342): 1625 0 0.139222000
D/UDP-TIMING(17342): 1626 0 0.159500000
D/UDP-TIMING(17342): 1627 0 0.149389000
D/UDP-TIMING(17342): 1628 0 0.139267000
D/UDP-TIMING(17342): 1629 0 0.129164000
D/UDP-TIMING(17342): 1630 0 0.148676000
D/UDP-TIMING(17342): 1631 0 0.138586000
D/UDP-TIMING(17342): 1632 0 0.158839000
D/UDP-TIMING(17342): 1633 0 0.148721000
D/UDP-TIMING(17342): 1634 0 0.138622000
D/UDP-TIMING(17342): 1635 0 0.128481000
D/UDP-TIMING(17342): 1636 0 0.147888000
D/UDP-TIMING(17342): 1637 0 0.137706000
D/UDP-TIMING(17342): 1638 0 0.157862000
D/UDP-TIMING(17342): 1639 0 0.147698000
D/UDP-TIMING(17342): 1640 0 0.137514000
D/UDP-TIMING(17342): 1641 0 0.157032000
D/UDP-TIMING(17342): 1642 0 0.146874000
D/UDP-TIMING(17342): 1643 0 0.136711000
D/UDP-TIMING(17342): 1644 0 0.156786000
D/UDP-TIMING(17342): 1645 0 0.146597000
D/UDP-TIMING(17342): 1646 0 0.136441000
D/UDP-TIMING(17342): 1647 0 0.155956000
D/UDP-TIMING(17342): 1648 0 0.145787000
D/UDP-TIMING(17342): 1649 0 0.135637000
D/UDP-TIMING(17342): 1650 0 0.155302000
D/UDP-TIMING(17342): 1651 0 0.145170000
D/UDP-TIMING(17342): 1652 0 0.165348000
D/UDP-TIMING(17342): 1653 0 0.155187000
D/UDP-TIMING(17342): 1654 0 0.145051000
D/UDP-TIMING(17342): 1655 0 0.134890000
D/UDP-TIMING(17342): 1656 0 0.154404000
D/UDP-TIMING(17342): 1657 0 0.144264000
D/UDP-TIMING(17342): 1658 0 0.134097000
D/UDP-TIMING(17342): 1659 0 0.154284000
D/UDP-TIMING(17342): 1660 0 0.144135000
D/UDP-TIMING(17342): 1661 0 0.133950000
D/UDP-TIMING(17342): 1662 0 0.153397000
D/UDP-TIMING(17342): 1663 0 0.143271000
D/UDP-TIMING(17342): 1664 0 0.133140000
D/UDP-TIMING(17342): 1665 0 0.153468000
D/UDP-TIMING(17342): 1666 0 0.143282000
D/UDP-TIMING(17342): 1667 0 0.133116000
E/TrafficStats( 1673): [QCTMM]tryAll index=0
E/TrafficStats( 1673): [QCTMM]tryAll index=1
E/TrafficStats( 1673): [QCTMM]tryAll index=2
E/TrafficStats( 1673): [QCTMM]tryAll index=0
E/TrafficStats( 1673): [QCTMM]tryAll index=1
E/TrafficStats( 1673): [QCTMM]tryAll index=2
D/DATA    ( 1860): sentSinceLastRecv=0,watchdogTrigger=10,maxindex=0
D/UDP-TIMING(17342): 1668 0 0.152127000
D/UDP-TIMING(17342): 1669 0 0.141952000
D/UDP-TIMING(17342): 1670 0 0.131778000
D/UDP-TIMING(17342): 1671 0 0.151423000
D/UDP-TIMING(17342): 1672 0 0.141246000
D/UDP-TIMING(17342): 1673 0 0.131146000
D/UDP-TIMING(17342): 1674 0 0.150953000
D/UDP-TIMING(17342): 1675 0 0.140827000
D/UDP-TIMING(17342): 1676 0 0.130684000
D/UDP-TIMING(17342): 1677 0 0.151130000
D/UDP-TIMING(17342): 1678 0 0.140961000
D/UDP-TIMING(17342): 1679 0 0.130772000
D/UDP-TIMING(17342): 1680 0 0.150470000
D/UDP-TIMING(17342): 1681 0 0.140283000
D/UDP-TIMING(17342): 1682 0 0.130160000
D/UDP-TIMING(17342): 1683 0 0.150081000
D/UDP-TIMING(17342): 1684 0 0.139931000
D/UDP-TIMING(17342): 1685 0 0.129812000
D/UDP-TIMING(17342): 1686 0 0.149727000
D/UDP-TIMING(17342): 1687 0 0.139617000
D/UDP-TIMING(17342): 1688 0 0.129502000
D/UDP-TIMING(17342): 1689 0 0.149354000
D/UDP-TIMING(17342): 1690 0 0.139211000
D/UDP-TIMING(17342): 1691 0 0.159524000
D/UDP-TIMING(17342): 1692 0 0.149431000
D/UDP-TIMING(17342): 1693 0 0.139369000
D/UDP-TIMING(17342): 1694 0 0.129294000
D/UDP-TIMING(17342): 1695 0 0.148747000
D/UDP-TIMING(17342): 1696 0 0.138662000
D/UDP-TIMING(17342): 1697 0 0.158820000
D/UDP-TIMING(17342): 1698 0 0.148738000
D/UDP-TIMING(17342): 1699 0 0.138618000
D/UDP-TIMING(17342): 1700 0 0.128498000
D/UDP-TIMING(17342): 1701 0 0.148016000
D/UDP-TIMING(17342): 1702 0 0.137944000
D/UDP-TIMING(17342): 1703 0 0.128924000
D/UDP-TIMING(17342): 1704 0 0.147920000
D/UDP-TIMING(17342): 1705 0 0.137738000
D/UDP-TIMING(17342): 1706 0 0.157368000
D/UDP-TIMING(17342): 1707 0 0.147190000
D/UDP-TIMING(17342): 1708 0 0.137020000
D/UDP-TIMING(17342): 1709 0 0.157079000
D/UDP-TIMING(17342): 1710 0 0.146912000
D/UDP-TIMING(17342): 1711 0 0.136774000
D/UDP-TIMING(17342): 1712 0 0.156279000
D/UDP-TIMING(17342): 1713 0 0.146151000
D/UDP-TIMING(17342): 1714 0 0.135987000
D/UDP-TIMING(17342): 1715 0 0.156108000
