D/UDP-TIMING(17342): 3896 0 0.135066000
D/UDP-TIMING(17342): 3897 0 0.154519000
D/UDP-TIMING(17342): 3898 0 0.144371000
D/UDP-TIMING(17342): 3899 0 0.134187000
D/UDP-TIMING(17342): 3900 0 0.154246000
D/UDP-TIMING(17342): 3901 0 0.144067000
D/UDP-TIMING(17342): 3902 0 0.133924000
D/UDP-TIMING(17342): 3903 0 0.153495000
D/UDP-TIMING(17342): 3904 0 0.143325000
D/UDP-TIMING(17342): 3905 0 0.133138000
D/UDP-TIMING(17342): 3906 0 0.153368000
D/UDP-TIMING(17342): 3907 0 0.143188000
D/UDP-TIMING(17342): 3908 0 0.133005000
D/UDP-TIMING(17342): 3909 0 0.152424000
D/UDP-TIMING(17342): 3910 0 0.142242000
D/UDP-TIMING(17342): 3911 0 0.132058000
D/UDP-TIMING(17342): 3912 0 0.152263000
D/UDP-TIMING(17342): 3913 0 0.142101000
D/UDP-TIMING(17342): 3914 0 0.131946000
D/UDP-TIMING(17342): 3915 0 0.151405000
D/UDP-TIMING(17342): 3916 0 0.141226000
D/UDP-TIMING(17342): 3917 0 0.161040000
D/UDP-TIMING(17342): 3918 0 0.150861000
D/UDP-TIMING(17342): 3919 0 0.140697000
D/UDP-TIMING(17342): 3920 0 0.130510000
D/UDP-TIMING(17342): 3921 0 0.150656000
D/UDP-TIMING(17342): 3922 0 0.140513000
D/UDP-TIMING(17342): 3923 0 0.130337000
D/UDP-TIMING(17342): 3924 0 0.149880000
D/UDP-TIMING(17342): 3925 0 0.139757000
D/UDP-TIMING(17342): 3926 0 0.129586000
D/UDP-TIMING(17342): 3927 0 0.150041000
D/UDP-TIMING(17342): 3928 0 0.139861000
D/UDP-TIMING(17342): 3929 0 0.129802000
D/UDP-TIMING(17342): 3930 0 0.149099000
D/UDP-TIMING(17342): 3931 0 0.138947000
D/UDP-TIMING(17342): 3932 0 0.128783000
D/UDP-TIMING(17342): 3933 0 0.149025000
D/UDP-TIMING(17342): 3934 0 0.138901000
D/UDP-TIMING(17342): 3935 0 0.128843000
D/UDP-TIMING(17342): 3936 0 0.148669000
D/UDP-TIMING(17342): 3937 0 0.138489000
D/UDP-TIMING(17342): 3938 0 0.128368000
D/UDP-TIMING(17342): 3939 0 0.148121000
D/UDP-TIMING(17342): 3940 0 0.138026000
D/UDP-TIMING(17342): 3941 0 0.157576000
D/UDP-TIMING(17342): 3942 0 0.147403000
D/UDP-TIMING(17342): 3943 0 0.137306000
D/UDP-TIMING(17342): 3944 0 0.157411000
D/UDP-TIMING(17342): 3945 0 0.147233000
D/UDP-TIMING(17342): 3946 0 0.137050000
D/UDP-TIMING(17342): 3947 0 0.156597000
D/UDP-TIMING(17342): 3948 0 0.146444000
D/UDP-TIMING(17342): 3949 0 0.136256000
D/UDP-TIMING(17342): 3950 0 0.156102000
D/UDP-TIMING(17342): 3951 0 0.146008000
D/UDP-TIMING(17342): 3952 0 0.135848000
D/UDP-TIMING(17342): 3953 0 0.155612000
D/UDP-TIMING(17342): 3954 0 0.145434000
D/UDP-TIMING(17342): 3955 0 0.135281000
D/UDP-TIMING(17342): 3956 0 0.155102000
D/UDP-TIMING(17342): 3957 0 0.144924000
D/UDP-TIMING(17342): 3958 0 0.134744000
D/UDP-TIMING(17342): 3959 0 0.154794000
D/UDP-TIMING(17342): 3960 0 0.144614000
D/UDP-TIMING(17342): 3961 0 0.164252000
D/UDP-TIMING(17342): 3962 0 0.154095000
D/UDP-TIMING(17342): 3963 0 0.143922000
D/UDP-TIMING(17342): 3964 0 0.133737000
D/UDP-TIMING(17342): 3965 0 0.153768000
D/UDP-TIMING(17342): 3966 0 0.143580000
D/UDP-TIMING(17342): 3967 0 0.133431000
D/UDP-TIMING(17342): 3968 0 0.153038000
D/UDP-TIMING(17342): 3969 0 0.142862000
D/UDP-TIMING(17342): 3970 0 0.132714000
D/UDP-TIMING(17342): 3971 0 0.152693000
D/UDP-TIMING(17342): 3972 0 0.142523000
D/UDP-TIMING(17342): 3973 0 0.132383000
D/UDP-TIMING(17342): 3974 0 0.151928000
D/UDP-TIMING(17342): 3975 0 0.141737000
D/UDP-TIMING(17342): 3976 0 0.131583000
D/UDP-TIMING(17342): 3977 0 0.151548000
D/UDP-TIMING(17342): 3978 0 0.141409000
D/UDP-TIMING(17342): 3979 0 0.161043000
E/TrafficStats( 1673): [QCTMM]tryAll index=0
D/UDP-TIMING(17342): 3980 0 0.150873000
D/UDP-TIMING(17342): 3981 0 0.140735000
D/UDP-TIMING(17342): 3982 0 0.130612000
E/TrafficStats( 1673): [QCTMM]tryAll index=1
E/TrafficStats( 1673): [QCTMM]tryAll index=2
E/TrafficStats( 1673): [QCTMM]tryAll index=0
E/TrafficStats( 1673): [QCTMM]tryAll index=1
E/TrafficStats( 1673): [QCTMM]tryAll index=2
D/DATA    ( 1860): sentSinceLastRecv=0,watchdogTrigger=10,maxindex=0
D/UDP-TIMING(17342): 3983 0 0.151185000
D/UDP-TIMING(17342): 3984 0 0.141020000
D/UDP-TIMING(17342): 3985 0 0.130869000
D/UDP-TIMING(17342): 3986 0 0.149405000
D/UDP-TIMING(17342): 3987 0 0.139228000
D/UDP-TIMING(17342): 3988 0 0.129080000
D/dalvikvm(15489): GC_EXPLICIT freed 786K, 52% free 3243K/6727K, external 0K/0K, paused 50ms
D/UDP-TIMING(17342): 3989 0 0.149022000
D/UDP-TIMING(17342): 3990 0 0.138846000
D/UDP-TIMING(17342): 3991 0 0.128725000
D/UDP-TIMING(17342): 3992 0 0.148568000
D/UDP-TIMING(17342): 3993 0 0.138435000
D/UDP-TIMING(17342): 3994 0 0.128316000
D/UDP-TIMING(17342): 3995 0 0.148365000
D/UDP-TIMING(17342): 3996 0 0.138180000
D/UDP-TIMING(17342): 3997 0 0.158433000
D/UDP-TIMING(17342): 3998 0 0.148310000
D/UDP-TIMING(17342): 3999 0 0.138189000
D/UDP-TIMING(17342): 4000 0 0.157725000
D/UDP-TIMING(17342): 4001 0 0.147611000
D/UDP-TIMING(17342): 4002 0 0.137486000
D/UDP-TIMING(17342): 4003 0 0.157635000
D/UDP-TIMING(17342): 4004 0 0.147500000
D/UDP-TIMING(17342): 4005 0 0.137342000
D/UDP-TIMING(17342): 4006 0 0.156850000
D/UDP-TIMING(17342): 4007 0 0.146663000
D/UDP-TIMING(17342): 4008 0 0.136479000
D/UDP-TIMING(17342): 4009 0 0.156693000
D/UDP-TIMING(17342): 4010 0 0.146514000
D/UDP-TIMING(17342): 4011 0 0.136370000
D/UDP-TIMING(17342): 4012 0 0.155803000
D/UDP-TIMING(17342): 4013 0 0.145624000
D/UDP-TIMING(17342): 4014 0 0.135438000
D/UDP-TIMING(17342): 4015 0 0.155555000
D/UDP-TIMING(17342): 4016 0 0.145373000
D/UDP-TIMING(17342): 4017 0 0.135184000
D/UDP-TIMING(17342): 4018 0 0.154721000
D/UDP-TIMING(17342): 4019 0 0.144533000
D/UDP-TIMING(17342): 4020 0 0.134341000
E/TrafficStats(16531): [QCTMM]tryAll index=0
E/TrafficStats(16531): [QCTMM]tryAll index=1
E/TrafficStats(16531): [QCTMM]tryAll index=2
E/TrafficStats(16531): [QCTMM]tryAll index=0
E/TrafficStats(16531): [QCTMM]tryAll index=1
E/TrafficStats(16531): [QCTMM]tryAll index=2
D/UDP-TIMING(17342): 4021 0 0.154470000
D/UDP-TIMING(17342): 4022 0 0.144340000
D/UDP-TIMING(17342): 4023 0 0.134168000
E/TrafficStats(16531): [QCTMM]tryAll index=0
E/TrafficStats(16531): [QCTMM]tryAll index=1
E/TrafficStats(16531): [QCTMM]tryAll index=2
D/UDP-TIMING(17342): 4024 0 0.154196000
D/UDP-TIMING(17342): 4025 0 0.144017000
D/UDP-TIMING(17342): 4026 0 0.133854000
E/TrafficStats(16531): [QCTMM]tryAll index=0
E/TrafficStats(16531): [QCTMM]tryAll index=1
E/TrafficStats(16531): [QCTMM]tryAll index=2
D/UDP-TIMING(17342): 4027 0 0.153709000
D/UDP-TIMING(17342): 4028 0 0.143541000
D/UDP-TIMING(17342): 4029 0 0.133425000
D/UDP-TIMING(17342): 4030 0 0.153028000
D/UDP-TIMING(17342): 4031 0 0.142839000
D/UDP-TIMING(17342): 4032 0 0.132668000
D/UDP-TIMING(17342): 4033 0 0.152240000
D/UDP-TIMING(17342): 4034 0 0.142057000
D/UDP-TIMING(17342): 4035 0 0.131866000
D/UDP-TIMING(17342): 4036 0 0.151963000
D/UDP-TIMING(17342): 4037 0 0.141869000
D/UDP-TIMING(17342): 4038 0 0.131693000
D/UDP-TIMING(17342): 4039 0 0.151291000
D/UDP-TIMING(17342): 4040 0 0.141091000
D/UDP-TIMING(17342): 4041 0 0.130960000
D/UDP-TIMING(17342): 4042 0 0.150941000
D/UDP-TIMING(17342): 4043 0 0.140799000
D/UDP-TIMING(17342): 4044 0 0.130621000
D/UDP-TIMING(17342): 4045 0 0.150105000
D/UDP-TIMING(17342): 4046 0 0.139923000
D/UDP-TIMING(17342): 4047 0 0.129753000
D/UDP-TIMING(17342): 4048 0 0.149884000
D/UDP-TIMING(17342): 4049 0 0.139730000
D/UDP-TIMING(17342): 4050 0 0.129637000
D/UDP-TIMING(17342): 4051 0 0.149319000
D/UDP-TIMING(17342): 4052 0 0.139143000
D/UDP-TIMING(17342): 4053 0 0.129054000
D/UDP-TIMING(17342): 4054 0 0.149032000
D/UDP-TIMING(17342): 4055 0 0.138850000
D/UDP-TIMING(17342): 4056 0 0.158486000
D/UDP-TIMING(17342): 4057 0 0.148368000
D/UDP-TIMING(17342): 4058 0 0.138189000
D/UDP-TIMING(17342): 4059 0 0.128073000
D/UDP-TIMING(17342): 4060 0 0.148121000
D/UDP-TIMING(17342): 4061 0 0.137967000
D/UDP-TIMING(17342): 4062 0 0.157583000
D/UDP-TIMING(17342): 4063 0 0.147437000
D/UDP-TIMING(17342): 4064 0 0.137261000
D/UDP-TIMING(17342): 4065 0 0.157079000
D/UDP-TIMING(17342): 4066 0 0.146903000
D/UDP-TIMING(17342): 4067 0 0.136718000
D/UDP-TIMING(17342): 4068 0 0.156875000
D/UDP-TIMING(17342): 4069 0 0.146734000
D/UDP-TIMING(17342): 4070 0 0.136607000
D/UDP-TIMING(17342): 4071 0 0.156118000
D/UDP-TIMING(17342): 4072 0 0.145966000
D/UDP-TIMING(17342): 4073 0 0.135796000
D/UDP-TIMING(17342): 4074 0 0.155989000
D/UDP-TIMING(17342): 4075 0 0.145821000
D/UDP-TIMING(17342): 4076 0 0.135647000
D/UDP-TIMING(17342): 4077 0 0.155218000
D/UDP-TIMING(17342): 4078 0 0.145075000
D/UDP-TIMING(17342): 4079 0 0.134898000
D/Database(16531): dbopen(): path = /data/data/com.onavo.android.onavoid/databases/ui_events, flag = 6, file size = 14057472
E/TrafficStats( 1673): [QCTMM]tryAll index=0
E/TrafficStats( 1673): [QCTMM]tryAll index=1
E/TrafficStats( 1673): [QCTMM]tryAll index=2
D/UDP-TIMING(17342): 4080 0 0.155152000
D/UDP-TIMING(17342): 4081 0 0.144992000
D/UDP-TIMING(17342): 4082 0 0.134817000
E/TrafficStats( 1673): [QCTMM]tryAll index=0
E/TrafficStats( 1673): [QCTMM]tryAll index=1
E/TrafficStats( 1673): [QCTMM]tryAll index=2
D/DATA    ( 1860): sentSinceLastRecv=0,watchdogTrigger=10,maxindex=0
D/Database(16531): dbopen(): path = /data/data/com.onavo.android.onavoid/databases/ui_events, mode: wal, disk free size: 2000 M, handle: 0x3b97a0
D/UDP-TIMING(17342): 4083 0 0.154481000
D/UDP-TIMING(17342): 4084 0 0.144307000
D/UDP-TIMING(17342): 4085 0 0.134127000
D/Database(16531): dbclose(): path = /data/data/com.onavo.android.onavoid/databases/ui_events, handle = 0x3b97a0
D/UDP-TIMING(17342): 4086 0 0.153330000
D/UDP-TIMING(17342): 4087 0 0.143155000
D/UDP-TIMING(17342): 4088 0 0.133023000
D/UDP-TIMING(17342): 4089 0 0.152626000
D/UDP-TIMING(17342): 4090 0 0.142462000
D/UDP-TIMING(17342): 4091 0 0.132248000
D/UDP-TIMING(17342): 4092 0 0.152107000
D/UDP-TIMING(17342): 4093 0 0.141992000
D/UDP-TIMING(17342): 4094 0 0.131812000
D/UDP-TIMING(17342): 4095 0 0.152089000
D/UDP-TIMING(17342): 4096 0 0.141903000
D/UDP-TIMING(17342): 4097 0 0.131727000
D/UDP-TIMING(17342): 4098 0 0.151851000
D/UDP-TIMING(17342): 4099 0 0.141670000
D/UDP-TIMING(17342): 4100 0 0.131506000
D/UDP-TIMING(17342): 4101 0 0.151100000
D/UDP-TIMING(17342): 4102 0 0.140902000
D/UDP-TIMING(17342): 4103 0 0.130720000
D/UDP-TIMING(17342): 4104 0 0.150560000
D/UDP-TIMING(17342): 4105 0 0.140376000
D/UDP-TIMING(17342): 4106 0 0.130206000
D/UDP-TIMING(17342): 4107 0 0.150275000
D/UDP-TIMING(17342): 4108 0 0.140097000
D/UDP-TIMING(17342): 4109 0 0.129919000
D/UDP-TIMING(17342): 4110 0 0.149512000
D/UDP-TIMING(17342): 4111 0 0.139407000
D/UDP-TIMING(17342): 4112 0 0.129228000
D/UDP-TIMING(17342): 4113 0 0.149414000
D/UDP-TIMING(17342): 4114 0 0.139286000
D/UDP-TIMING(17342): 4115 0 0.129169000
D/UDP-TIMING(17342): 4116 0 0.148651000
D/UDP-TIMING(17342): 4117 0 0.138466000
D/UDP-TIMING(17342): 4118 0 0.128289000
D/UDP-TIMING(17342): 4119 0 0.148491000
D/UDP-TIMING(17342): 4120 0 0.138323000
D/UDP-TIMING(17342): 4121 0 0.128216000
D/UDP-TIMING(17342): 4122 0 0.147665000
D/UDP-TIMING(17342): 4123 0 0.137481000
D/UDP-TIMING(17342): 4124 0 0.157598000
D/UDP-TIMING(17342): 4125 0 0.147448000
D/UDP-TIMING(17342): 4126 0 0.137270000
D/UDP-TIMING(17342): 4127 0 0.156786000
D/UDP-TIMING(17342): 4128 0 0.146608000
D/UDP-TIMING(17342): 4129 0 0.136423000
D/UDP-TIMING(17342): 4130 0 0.156554000
D/UDP-TIMING(17342): 4131 0 0.146383000
D/UDP-TIMING(17342): 4132 0 0.136215000
D/UDP-TIMING(17342): 4133 0 0.155795000
D/UDP-TIMING(17342): 4134 0 0.145619000
D/UDP-TIMING(17342): 4135 0 0.135444000
D/UDP-TIMING(17342): 4136 0 0.155479000
D/UDP-TIMING(17342): 4137 0 0.145302000
D/UDP-TIMING(17342): 4138 0 0.135156000
D/UDP-TIMING(17342): 4139 0 0.154637000
D/UDP-TIMING(17342): 4140 0 0.144524000
D/UDP-TIMING(17342): 4141 0 0.134356000
D/UDP-TIMING(17342): 4142 0 0.154144000
D/UDP-TIMING(17342): 4143 0 0.143966000
D/UDP-TIMING(17342): 4144 0 0.133787000
D/UDP-TIMING(17342): 4145 0 0.153939000
D/UDP-TIMING(17342): 4146 0 0.143762000
D/UDP-TIMING(17342): 4147 0 0.133584000
D/UDP-TIMING(17342): 4148 0 0.153163000
D/UDP-TIMING(17342): 4149 0 0.143017000
D/UDP-TIMING(17342): 4150 0 0.132843000
D/UDP-TIMING(17342): 4151 0 0.152883000
D/UDP-TIMING(17342): 4152 0 0.142705000
D/UDP-TIMING(17342): 4153 0 0.132588000
D/UDP-TIMING(17342): 4154 0 0.152076000
D/UDP-TIMING(17342): 4155 0 0.142013000
D/UDP-TIMING(17342): 4156 0 0.131841000
D/UDP-TIMING(17342): 4157 0 0.151940000
D/UDP-TIMING(17342): 4158 0 0.141762000
D/UDP-TIMING(17342): 4159 0 0.131661000
D/UDP-TIMING(17342): 4160 0 0.151231000
D/UDP-TIMING(17342): 4161 0 0.141080000
D/UDP-TIMING(17342): 4162 0 0.130917000
D/UDP-TIMING(17342): 4163 0 0.151059000
D/UDP-TIMING(17342): 4164 0 0.140881000
D/UDP-TIMING(17342): 4165 0 0.132596000
D/UDP-TIMING(17342): 4166 0 0.150216000
D/UDP-TIMING(17342): 4167 0 0.140030000
D/UDP-TIMING(17342): 4168 0 0.129851000
D/UDP-TIMING(17342): 4169 0 0.150149000
D/UDP-TIMING(17342): 4170 0 0.140055000
D/UDP-TIMING(17342): 4171 0 0.129890000
D/UDP-TIMING(17342): 4172 0 0.149275000
D/UDP-TIMING(17342): 4173 0 0.139094000
D/UDP-TIMING(17342): 4174 0 0.128935000
D/UDP-TIMING(17342): 4175 0 0.149042000
D/UDP-TIMING(17342): 4176 0 0.138863000
D/UDP-TIMING(17342): 4177 0 0.158607000
D/UDP-TIMING(17342): 4178 0 0.148426000
D/UDP-TIMING(17342): 4179 0 0.138296000
D/UDP-TIMING(17342): 4180 0 0.158112000
E/TrafficStats( 1673): [QCTMM]tryAll index=0
E/TrafficStats( 1673): [QCTMM]tryAll index=1
E/TrafficStats( 1673): [QCTMM]tryAll index=2
D/UDP-TIMING(17342): 4181 0 0.147954000
D/UDP-TIMING(17342): 4182 0 0.137773000
D/UDP-TIMING(17342): 4183 0 0.127586000
E/TrafficStats( 1673): [QCTMM]tryAll index=0
E/TrafficStats( 1673): [QCTMM]tryAll index=1
E/TrafficStats( 1673): [QCTMM]tryAll index=2
D/DATA    ( 1860): sentSinceLastRecv=0,watchdogTrigger=10,maxindex=0
D/UDP-TIMING(17342): 4184 0 0.148072000
D/UDP-TIMING(17342): 4185 0 0.137920000
D/UDP-TIMING(17342): 4186 0 0.157099000
D/UDP-TIMING(17342): 4187 0 0.146919000
D/UDP-TIMING(17342): 4188 0 0.136741000
D/UDP-TIMING(17342): 4189 0 0.156753000
D/UDP-TIMING(17342): 4190 0 0.146631000
D/UDP-TIMING(17342): 4191 0 0.136512000
D/UDP-TIMING(17342): 4192 0 0.156077000
D/UDP-TIMING(17342): 4193 0 0.145900000
D/UDP-TIMING(17342): 4194 0 0.135717000
D/UDP-TIMING(17342): 4195 0 0.155781000
D/UDP-TIMING(17342): 4196 0 0.145604000
D/UDP-TIMING(17342): 4197 0 0.135418000
D/UDP-TIMING(17342): 4198 0 0.154960000
D/UDP-TIMING(17342): 4199 0 0.144803000
D/UDP-TIMING(17342): 4200 0 0.134703000
D/UDP-TIMING(17342): 4201 0 0.154815000
D/UDP-TIMING(17342): 4202 0 0.144649000
D/UDP-TIMING(17342): 4203 0 0.134483000
D/UDP-TIMING(17342): 4204 0 0.153998000
D/UDP-TIMING(17342): 4205 0 0.143816000
D/UDP-TIMING(17342): 4206 0 0.133664000
D/UDP-TIMING(17342): 4207 0 0.153821000
D/UDP-TIMING(17342): 4208 0 0.143644000
D/UDP-TIMING(17342): 4209 0 0.133476000
D/UDP-TIMING(17342): 4210 0 0.152941000
D/UDP-TIMING(17342): 4211 0 0.142786000
D/UDP-TIMING(17342): 4212 0 0.132610000
D/UDP-TIMING(17342): 4213 0 0.152689000
D/UDP-TIMING(17342): 4214 0 0.142447000
D/UDP-TIMING(17342): 4215 0 0.132350000
D/UDP-TIMING(17342): 4216 0 0.151862000
D/UDP-TIMING(17342): 4217 0 0.141685000
D/UDP-TIMING(17342): 4218 0 0.131505000
D/UDP-TIMING(17342): 4219 0 0.151383000
D/UDP-TIMING(17342): 4220 0 0.141260000
D/UDP-TIMING(17342): 4221 0 0.131180000
D/UDP-TIMING(17342): 4222 0 0.151429000
D/UDP-TIMING(17342): 4223 0 0.141246000
D/UDP-TIMING(17342): 4224 0 0.131069000
D/UDP-TIMING(17342): 4225 0 0.150525000
D/UDP-TIMING(17342): 4226 0 0.140346000
D/UDP-TIMING(17342): 4227 0 0.130158000
D/UDP-TIMING(17342): 4228 0 0.150268000
D/UDP-TIMING(17342): 4229 0 0.140126000
D/UDP-TIMING(17342): 4230 0 0.129898000
D/UDP-TIMING(17342): 4231 0 0.149451000
D/UDP-TIMING(17342): 4232 0 0.139306000
D/UDP-TIMING(17342): 4233 0 0.129128000
D/UDP-TIMING(17342): 4234 0 0.149251000
D/UDP-TIMING(17342): 4235 0 0.139122000
D/UDP-TIMING(17342): 4236 0 0.128998000
D/UDP-TIMING(17342): 4237 0 0.148593000
D/UDP-TIMING(17342): 4238 0 0.138410000
D/UDP-TIMING(17342): 4239 0 0.128286000
D/UDP-TIMING(17342): 4240 0 0.148286000
D/UDP-TIMING(17342): 4241 0 0.138153000
D/UDP-TIMING(17342): 4242 0 0.157699000
D/UDP-TIMING(17342): 4243 0 0.147522000
D/UDP-TIMING(17342): 4244 0 0.137371000
D/UDP-TIMING(17342): 4245 0 0.157498000
D/UDP-TIMING(17342): 4246 0 0.147328000
D/UDP-TIMING(17342): 4247 0 0.137179000
D/UDP-TIMING(17342): 4248 0 0.156740000
D/UDP-TIMING(17342): 4249 0 0.146566000
D/UDP-TIMING(17342): 4250 0 0.136321000
D/UDP-TIMING(17342): 4251 0 0.156574000
D/UDP-TIMING(17342): 4252 0 0.146452000
D/UDP-TIMING(17342): 4253 0 0.136326000
D/UDP-TIMING(17342): 4254 0 0.155835000
D/UDP-TIMING(17342): 4255 0 0.145709000
D/UDP-TIMING(17342): 4256 0 0.135527000
D/UDP-TIMING(17342): 4257 0 0.155372000
D/UDP-TIMING(17342): 4258 0 0.145250000
D/UDP-TIMING(17342): 4259 0 0.135127000
D/UDP-TIMING(17342): 4260 0 0.155327000
D/UDP-TIMING(17342): 4261 0 0.145150000
D/UDP-TIMING(17342): 4262 0 0.134972000
D/UDP-TIMING(17342): 4263 0 0.154515000
D/UDP-TIMING(17342): 4264 0 0.144335000
D/UDP-TIMING(17342): 4265 0 0.164512000
D/UDP-TIMING(17342): 4266 0 0.154408000
D/UDP-TIMING(17342): 4267 0 0.144225000
D/UDP-TIMING(17342): 4268 0 0.163677000
D/UDP-TIMING(17342): 4269 0 0.153581000
D/UDP-TIMING(17342): 4270 0 0.143510000
D/UDP-TIMING(17342): 4271 0 0.133329000
D/UDP-TIMING(17342): 4272 0 0.153481000
D/UDP-TIMING(17342): 4273 0 0.143400000
D/UDP-TIMING(17342): 4274 0 0.133224000
D/UDP-TIMING(17342): 4275 0 0.152673000
D/UDP-TIMING(17342): 4276 0 0.142524000
D/UDP-TIMING(17342): 4277 0 0.162676000
D/UDP-TIMING(17342): 4278 0 0.152539000
D/UDP-TIMING(17342): 4279 0 0.142373000
D/UDP-TIMING(17342): 4280 0 0.132204000
D/UDP-TIMING(17342): 4281 0 0.151748000
D/UDP-TIMING(17342): 4282 0 0.141569000
D/UDP-TIMING(17342): 4283 0 0.131424000
E/TrafficStats( 1673): [QCTMM]tryAll index=0
E/TrafficStats( 1673): [QCTMM]tryAll index=1
E/TrafficStats( 1673): [QCTMM]tryAll index=2
E/TrafficStats( 1673): [QCTMM]tryAll index=0
E/TrafficStats( 1673): [QCTMM]tryAll index=1
E/TrafficStats( 1673): [QCTMM]tryAll index=2
D/DATA    ( 1860): sentSinceLastRecv=0,watchdogTrigger=10,maxindex=0
D/UDP-TIMING(17342): 4284 0 0.151854000
D/UDP-TIMING(17342): 4285 0 0.141676000
D/UDP-TIMING(17342): 4286 0 0.131493000
D/UDP-TIMING(17342): 4287 0 0.150278000
D/UDP-TIMING(17342): 4288 0 0.140109000
D/UDP-TIMING(17342): 4289 0 0.129987000
D/UDP-TIMING(17342): 4290 0 0.150508000
D/UDP-TIMING(17342): 4291 0 0.140393000
D/UDP-TIMING(17342): 4292 0 0.130188000
D/UDP-TIMING(17342): 4293 0 0.149511000
D/UDP-TIMING(17342): 4294 0 0.139326000
D/UDP-TIMING(17342): 4295 0 0.129143000
D/UDP-TIMING(17342): 4296 0 0.149124000
D/UDP-TIMING(17342): 4297 0 0.138947000
D/UDP-TIMING(17342): 4298 0 0.128841000
D/UDP-TIMING(17342): 4299 0 0.148944000
D/UDP-TIMING(17342): 4300 0 0.138781000
D/UDP-TIMING(17342): 4301 0 0.158412000
D/UDP-TIMING(17342): 4302 0 0.148236000
D/UDP-TIMING(17342): 4303 0 0.138090000
D/UDP-TIMING(17342): 4304 0 0.127904000
D/UDP-TIMING(17342): 4305 0 0.148027000
D/UDP-TIMING(17342): 4306 0 0.137882000
D/UDP-TIMING(17342): 4307 0 0.157457000
D/UDP-TIMING(17342): 4308 0 0.147323000
D/UDP-TIMING(17342): 4309 0 0.137232000
D/UDP-TIMING(17342): 4310 0 0.157397000
D/UDP-TIMING(17342): 4311 0 0.147277000
D/UDP-TIMING(17342): 4312 0 0.137101000
D/UDP-TIMING(17342): 4313 0 0.156587000
D/UDP-TIMING(17342): 4314 0 0.146466000
D/UDP-TIMING(17342): 4315 0 0.136288000
D/UDP-TIMING(17342): 4316 0 0.156385000
D/UDP-TIMING(17342): 4317 0 0.146295000
D/UDP-TIMING(17342): 4318 0 0.136024000
D/UDP-TIMING(17342): 4319 0 0.155545000
D/UDP-TIMING(17342): 4320 0 0.145428000
D/UDP-TIMING(17342): 4321 0 0.135247000
D/UDP-TIMING(17342): 4322 0 0.155348000
D/UDP-TIMING(17342): 4323 0 0.145172000
D/UDP-TIMING(17342): 4324 0 0.135000000
D/UDP-TIMING(17342): 4325 0 0.154632000
D/UDP-TIMING(17342): 4326 0 0.144454000
D/UDP-TIMING(17342): 4327 0 0.134304000
D/UDP-TIMING(17342): 4328 0 0.154045000
D/UDP-TIMING(17342): 4329 0 0.143914000
D/UDP-TIMING(17342): 4330 0 0.133817000
D/UDP-TIMING(17342): 4331 0 0.153564000
D/UDP-TIMING(17342): 4332 0 0.143389000
D/UDP-TIMING(17342): 4333 0 0.163269000
D/UDP-TIMING(17342): 4334 0 0.153080000
D/UDP-TIMING(17342): 4335 0 0.142905000
D/UDP-TIMING(17342): 4336 0 0.132726000
D/UDP-TIMING(17342): 4337 0 0.152790000
D/UDP-TIMING(17342): 4338 0 0.142608000
D/UDP-TIMING(17342): 4339 0 0.132475000
D/UDP-TIMING(17342): 4340 0 0.152042000
D/UDP-TIMING(17342): 4341 0 0.141951000
D/UDP-TIMING(17342): 4342 0 0.131776000
D/UDP-TIMING(17342): 4343 0 0.151809000
D/UDP-TIMING(17342): 4344 0 0.141631000
D/UDP-TIMING(17342): 4345 0 0.131476000
D/UDP-TIMING(17342): 4346 0 0.151008000
D/UDP-TIMING(17342): 4347 0 0.140831000
D/UDP-TIMING(17342): 4348 0 0.130702000
D/UDP-TIMING(17342): 4349 0 0.150885000
D/UDP-TIMING(17342): 4350 0 0.140719000
D/UDP-TIMING(17342): 4351 0 0.130537000
D/UDP-TIMING(17342): 4352 0 0.150019000
D/UDP-TIMING(17342): 4353 0 0.139870000
D/UDP-TIMING(17342): 4354 0 0.160078000
D/UDP-TIMING(17342): 4355 0 0.149968000
D/UDP-TIMING(17342): 4356 0 0.139789000
D/UDP-TIMING(17342): 4357 0 0.129696000
D/UDP-TIMING(17342): 4358 0 0.149198000
D/UDP-TIMING(17342): 4359 0 0.139046000
D/UDP-TIMING(17342): 4360 0 0.128858000
D/UDP-TIMING(17342): 4361 0 0.149339000
D/UDP-TIMING(17342): 4362 0 0.139154000
D/UDP-TIMING(17342): 4363 0 0.129042000
D/UDP-TIMING(17342): 4364 0 0.148195000
D/UDP-TIMING(17342): 4365 0 0.138011000
D/UDP-TIMING(17342): 4366 0 0.127832000
D/StatusBarPolicy( 1816): iconIndex=1
V/StatusBarPolicy( 1816): cdmaLevel:4;max:4
D/UDP-TIMING(17342): 4367 0 0.147793000
D/UDP-TIMING(17342): 4368 0 0.137669000
D/StatusBarPolicy( 1816): iconLevel:4
I/PhoneInfo( 2188): getCdmaLevel - cdmaDbm: -72 cdmaEcio:-70
D/UDP-TIMING(17342): 4369 0 0.157818000
D/UDP-TIMING(17342): 4370 0 0.147639000
D/UDP-TIMING(17342): 4371 0 0.137461000
I/PhoneInfo( 2188): getEvdoLevel - evdoDbm: -120 evdoSnr:-1 evdoEcio:-1
D/UDP-TIMING(17342): 4372 0 0.157396000
D/UDP-TIMING(17342): 4373 0 0.147218000
D/UDP-TIMING(17342): 4374 0 0.137073000
I/PhoneInfo( 2188): getLteLevel - lteRsrp: -1 lteCqi:-1
D/UDP-TIMING(17342): 4375 0 0.156187000
D/UDP-TIMING(17342): 4376 0 0.146009000
D/UDP-TIMING(17342): 4377 0 0.135847000
D/UDP-TIMING(17342): 4378 0 0.155350000
D/UDP-TIMING(17342): 4379 0 0.145228000
D/UDP-TIMING(17342): 4380 0 0.135057000
E/TrafficStats( 1673): [QCTMM]tryAll index=0
E/TrafficStats( 1673): [QCTMM]tryAll index=1
D/UDP-TIMING(17342): 4381 0 0.155166000
D/UDP-TIMING(17342): 4382 0 0.144999000
D/UDP-TIMING(17342): 4383 0 0.134858000
E/TrafficStats( 1673): [QCTMM]tryAll index=2
E/TrafficStats( 1673): [QCTMM]tryAll index=0
E/TrafficStats( 1673): [QCTMM]tryAll index=1
E/TrafficStats( 1673): [QCTMM]tryAll index=2
D/DATA    ( 1860): sentSinceLastRecv=0,watchdogTrigger=10,maxindex=0
D/UDP-TIMING(17342): 4384 0 0.154598000
D/UDP-TIMING(17342): 4385 0 0.144454000
D/UDP-TIMING(17342): 4386 0 0.164830000
D/UDP-TIMING(17342): 4387 0 0.154664000
D/UDP-TIMING(17342): 4388 0 0.144538000
D/UDP-TIMING(17342): 4389 0 0.134392000
D/UDP-TIMING(17342): 4390 0 0.153883000
D/UDP-TIMING(17342): 4391 0 0.143746000
D/UDP-TIMING(17342): 4392 0 0.133582000
D/UDP-TIMING(17342): 4393 0 0.153680000
D/UDP-TIMING(17342): 4394 0 0.143512000
D/UDP-TIMING(17342): 4395 0 0.163099000
D/UDP-TIMING(17342): 4396 0 0.152950000
D/UDP-TIMING(17342): 4397 0 0.142776000
D/UDP-TIMING(17342): 4398 0 0.132619000
D/UDP-TIMING(17342): 4399 0 0.152635000
D/UDP-TIMING(17342): 4400 0 0.142502000
D/UDP-TIMING(17342): 4401 0 0.132320000
D/UDP-TIMING(17342): 4402 0 0.151959000
D/UDP-TIMING(17342): 4403 0 0.141779000
D/UDP-TIMING(17342): 4404 0 0.131637000
D/UDP-TIMING(17342): 4405 0 0.151408000
D/UDP-TIMING(17342): 4406 0 0.141240000
D/UDP-TIMING(17342): 4407 0 0.131068000
D/UDP-TIMING(17342): 4408 0 0.151146000
D/UDP-TIMING(17342): 4409 0 0.141084000
D/UDP-TIMING(17342): 4410 0 0.160674000
D/UDP-TIMING(17342): 4411 0 0.150512000
D/UDP-TIMING(17342): 4412 0 0.140345000
D/UDP-TIMING(17342): 4413 0 0.130172000
D/UDP-TIMING(17342): 4414 0 0.150186000
D/UDP-TIMING(17342): 4415 0 0.140042000
D/UDP-TIMING(17342): 4416 0 0.159932000
D/UDP-TIMING(17342): 4417 0 0.149843000
D/UDP-TIMING(17342): 4418 0 0.139729000
D/UDP-TIMING(17342): 4419 0 0.129488000
D/UDP-TIMING(17342): 4420 0 0.149296000
D/UDP-TIMING(17342): 4421 0 0.139109000
D/UDP-TIMING(17342): 4422 0 0.158801000
D/UDP-TIMING(17342): 4423 0 0.148718000
D/UDP-TIMING(17342): 4424 0 0.138593000
D/UDP-TIMING(17342): 4425 0 0.128472000
D/UDP-TIMING(17342): 4426 0 0.148375000
D/UDP-TIMING(17342): 4427 0 0.138201000
D/UDP-TIMING(17342): 4428 0 0.157822000
D/UDP-TIMING(17342): 4429 0 0.147699000
D/UDP-TIMING(17342): 4430 0 0.137545000
D/UDP-TIMING(17342): 4431 0 0.157665000
D/UDP-TIMING(17342): 4432 0 0.147503000
D/UDP-TIMING(17342): 4433 0 0.137368000
D/UDP-TIMING(17342): 4434 0 0.156911000
D/UDP-TIMING(17342): 4435 0 0.146749000
D/UDP-TIMING(17342): 4436 0 0.136612000
D/UDP-TIMING(17342): 4437 0 0.156757000
D/UDP-TIMING(17342): 4438 0 0.146674000
D/UDP-TIMING(17342): 4439 0 0.136559000
D/UDP-TIMING(17342): 4440 0 0.156078000
D/UDP-TIMING(17342): 4441 0 0.145991000
D/UDP-TIMING(17342): 4442 0 0.165949000
D/UDP-TIMING(17342): 4443 0 0.155868000
D/UDP-TIMING(17342): 4444 0 0.145691000
D/UDP-TIMING(17342): 4445 0 0.135588000
D/UDP-TIMING(17342): 4446 0 0.155648000
D/UDP-TIMING(17342): 4447 0 0.145568000
D/UDP-TIMING(17342): 4448 0 0.135466000
D/UDP-TIMING(17342): 4449 0 0.155073000
D/UDP-TIMING(17342): 4450 0 0.144962000
D/UDP-TIMING(17342): 4451 0 0.165072000
D/UDP-TIMING(17342): 4452 0 0.154964000
D/UDP-TIMING(17342): 4453 0 0.144876000
D/UDP-TIMING(17342): 4454 0 0.134776000
D/UDP-TIMING(17342): 4455 0 0.154533000
D/UDP-TIMING(17342): 4456 0 0.144451000
D/UDP-TIMING(17342): 4457 0 0.134377000
D/UDP-TIMING(17342): 4458 0 0.154374000
D/UDP-TIMING(17342): 4459 0 0.143520000
D/UDP-TIMING(17342): 4460 0 0.164118000
D/UDP-TIMING(17342): 4461 0 0.154026000
D/UDP-TIMING(17342): 4462 0 0.143940000
D/UDP-TIMING(17342): 4463 0 0.133840000
D/UDP-TIMING(17342): 4464 0 0.153146000
D/UDP-TIMING(17342): 4465 0 0.143040000
D/UDP-TIMING(17342): 4466 0 0.132865000
D/UDP-TIMING(17342): 4467 0 0.152317000
D/UDP-TIMING(17342): 4468 0 0.142188000
D/UDP-TIMING(17342): 4469 0 0.132079000
D/UDP-TIMING(17342): 4470 0 0.152272000
D/UDP-TIMING(17342): 4471 0 0.142166000
D/UDP-TIMING(17342): 4472 0 0.161814000
D/UDP-TIMING(17342): 4473 0 0.151679000
D/UDP-TIMING(17342): 4474 0 0.141597000
D/UDP-TIMING(17342): 4475 0 0.131439000
D/UDP-TIMING(17342): 4476 0 0.151530000
D/UDP-TIMING(17342): 4477 0 0.141340000
D/UDP-TIMING(17342): 4478 0 0.131263000
D/UDP-TIMING(17342): 4479 0 0.150887000
D/UDP-TIMING(17342): 4480 0 0.140800000
D/UDP-TIMING(17342): 4481 0 0.130586000
E/TrafficStats( 1673): [QCTMM]tryAll index=0
E/TrafficStats( 1673): [QCTMM]tryAll index=1
E/TrafficStats( 1673): [QCTMM]tryAll index=2
E/TrafficStats( 1673): [QCTMM]tryAll index=0
E/TrafficStats( 1673): [QCTMM]tryAll index=1
E/TrafficStats( 1673): [QCTMM]tryAll index=2
D/UDP-TIMING(17342): 4482 0 0.152449000
D/UDP-TIMING(17342): 4483 0 0.142309000
D/UDP-TIMING(17342): 4484 0 0.132148000
D/DATA    ( 1860): sentSinceLastRecv=0,watchdogTrigger=10,maxindex=0
D/UDP-TIMING(17342): 4485 0 0.150576000
D/UDP-TIMING(17342): 4486 0 0.140374000
D/UDP-TIMING(17342): 4487 0 0.130203000
D/UDP-TIMING(17342): 4488 0 0.149330000
D/UDP-TIMING(17342): 4489 0 0.139150000
D/UDP-TIMING(17342): 4490 0 0.128987000
D/UDP-TIMING(17342): 4491 0 0.148979000
D/UDP-TIMING(17342): 4492 0 0.138890000
D/UDP-TIMING(17342): 4493 0 0.128771000
D/UDP-TIMING(17342): 4494 0 0.148415000
D/UDP-TIMING(17342): 4495 0 0.138301000
D/UDP-TIMING(17342): 4496 0 0.158446000
D/UDP-TIMING(17342): 4497 0 0.148366000
D/UDP-TIMING(17342): 4498 0 0.138208000
D/UDP-TIMING(17342): 4499 0 0.128044000
D/UDP-TIMING(17342): 4500 0 0.147471000
D/UDP-TIMING(17342): 4501 0 0.137298000
D/UDP-TIMING(17342): 4502 0 0.157390000
D/UDP-TIMING(17342): 4503 0 0.147224000
D/UDP-TIMING(17342): 4504 0 0.137075000
D/UDP-TIMING(17342): 4505 0 0.156593000
D/UDP-TIMING(17342): 4506 0 0.146496000
D/UDP-TIMING(17342): 4507 0 0.136391000
D/UDP-TIMING(17342): 4508 0 0.156547000
D/UDP-TIMING(17342): 4509 0 0.146368000
D/UDP-TIMING(17342): 4510 0 0.136192000
D/UDP-TIMING(17342): 4511 0 0.155646000
D/UDP-TIMING(17342): 4512 0 0.145484000
D/UDP-TIMING(17342): 4513 0 0.135306000
D/UDP-TIMING(17342): 4514 0 0.155374000
D/UDP-TIMING(17342): 4515 0 0.145224000
D/UDP-TIMING(17342): 4516 0 0.135064000
D/UDP-TIMING(17342): 4517 0 0.154940000
D/UDP-TIMING(17342): 4518 0 0.144774000
D/UDP-TIMING(17342): 4519 0 0.134588000
D/UDP-TIMING(17342): 4520 0 0.154075000
D/UDP-TIMING(17342): 4521 0 0.143927000
D/UDP-TIMING(17342): 4522 0 0.133748000
D/UDP-TIMING(17342): 4523 0 0.153934000
D/UDP-TIMING(17342): 4524 0 0.143758000
D/UDP-TIMING(17342): 4525 0 0.133580000
D/UDP-TIMING(17342): 4526 0 0.153037000
D/UDP-TIMING(17342): 4527 0 0.142870000
D/UDP-TIMING(17342): 4528 0 0.132695000
D/UDP-TIMING(17342): 4529 0 0.152874000
D/UDP-TIMING(17342): 4530 0 0.142697000
D/UDP-TIMING(17342): 4531 0 0.132524000
D/UDP-TIMING(17342): 4532 0 0.151981000
D/UDP-TIMING(17342): 4533 0 0.141822000
D/UDP-TIMING(17342): 4534 0 0.131642000
D/UDP-TIMING(17342): 4535 0 0.151801000
D/UDP-TIMING(17342): 4536 0 0.141635000
D/UDP-TIMING(17342): 4537 0 0.131469000
D/UDP-TIMING(17342): 4538 0 0.150922000
D/UDP-TIMING(17342): 4539 0 0.140779000
D/UDP-TIMING(17342): 4540 0 0.130614000
D/UDP-TIMING(17342): 4541 0 0.150751000
D/UDP-TIMING(17342): 4542 0 0.140611000
D/UDP-TIMING(17342): 4543 0 0.130429000
D/UDP-TIMING(17342): 4544 0 0.149986000
D/UDP-TIMING(17342): 4545 0 0.139805000
D/UDP-TIMING(17342): 4546 0 0.129629000
D/UDP-TIMING(17342): 4547 0 0.149724000
D/UDP-TIMING(17342): 4548 0 0.139626000
D/UDP-TIMING(17342): 4549 0 0.129440000
D/UDP-TIMING(17342): 4550 0 0.149138000
D/UDP-TIMING(17342): 4551 0 0.138956000
D/UDP-TIMING(17342): 4552 0 0.128776000
D/UDP-TIMING(17342): 4553 0 0.148898000
D/UDP-TIMING(17342): 4554 0 0.138729000
D/UDP-TIMING(17342): 4555 0 0.128634000
D/UDP-TIMING(17342): 4556 0 0.148117000
D/UDP-TIMING(17342): 4557 0 0.138022000
D/UDP-TIMING(17342): 4558 0 0.127872000
D/UDP-TIMING(17342): 4559 0 0.147602000
D/UDP-TIMING(17342): 4560 0 0.137455000
D/UDP-TIMING(17342): 4561 0 0.157509000
D/UDP-TIMING(17342): 4562 0 0.147344000
D/UDP-TIMING(17342): 4563 0 0.137191000
D/UDP-TIMING(17342): 4564 0 0.156735000
D/UDP-TIMING(17342): 4565 0 0.146557000
D/UDP-TIMING(17342): 4566 0 0.136417000
D/UDP-TIMING(17342): 4567 0 0.156393000
D/UDP-TIMING(17342): 4568 0 0.146223000
D/UDP-TIMING(17342): 4569 0 0.136037000
D/UDP-TIMING(17342): 4570 0 0.155522000
D/UDP-TIMING(17342): 4571 0 0.145377000
D/UDP-TIMING(17342): 4572 0 0.165624000
D/UDP-TIMING(17342): 4573 0 0.155445000
D/UDP-TIMING(17342): 4574 0 0.145267000
D/UDP-TIMING(17342): 4575 0 0.135088000
D/UDP-TIMING(17342): 4576 0 0.154578000
D/UDP-TIMING(17342): 4577 0 0.144426000
D/UDP-TIMING(17342): 4578 0 0.134254000
D/UDP-TIMING(17342): 4579 0 0.154441000
D/UDP-TIMING(17342): 4580 0 0.144263000
D/UDP-TIMING(17342): 4581 0 0.134087000
E/TrafficStats( 1673): [QCTMM]tryAll index=0
E/TrafficStats( 1673): [QCTMM]tryAll index=1
E/TrafficStats( 1673): [QCTMM]tryAll index=2
D/UDP-TIMING(17342): 4582 0 0.153993000
D/UDP-TIMING(17342): 4583 0 0.143846000
D/UDP-TIMING(17342): 4584 0 0.133663000
E/TrafficStats( 1673): [QCTMM]tryAll index=0
E/TrafficStats( 1673): [QCTMM]tryAll index=1
E/TrafficStats( 1673): [QCTMM]tryAll index=2
D/DATA    ( 1860): sentSinceLastRecv=0,watchdogTrigger=10,maxindex=0
D/UDP-TIMING(17342): 4585 0 0.153421000
D/UDP-TIMING(17342): 4586 0 0.143246000
D/UDP-TIMING(17342): 4587 0 0.133104000
D/UDP-TIMING(17342): 4588 0 0.152467000
D/UDP-TIMING(17342): 4589 0 0.142333000
D/UDP-TIMING(17342): 4590 0 0.132215000
D/UDP-TIMING(17342): 4591 0 0.152304000
D/UDP-TIMING(17342): 4592 0 0.142189000
D/UDP-TIMING(17342): 4593 0 0.161947000
D/UDP-TIMING(17342): 4594 0 0.151825000
D/UDP-TIMING(17342): 4595 0 0.141710000
D/UDP-TIMING(17342): 4596 0 0.131578000
D/UDP-TIMING(17342): 4597 0 0.151351000
D/UDP-TIMING(17342): 4598 0 0.141231000
D/UDP-TIMING(17342): 4599 0 0.131135000
D/UDP-TIMING(17342): 4600 0 0.151279000
D/UDP-TIMING(17342): 4601 0 0.141193000
D/UDP-TIMING(17342): 4602 0 0.131065000
D/UDP-TIMING(17342): 4603 0 0.150634000
D/UDP-TIMING(17342): 4604 0 0.140503000
D/UDP-TIMING(17342): 4605 0 0.130413000
D/UDP-TIMING(17342): 4606 0 0.150555000
D/UDP-TIMING(17342): 4607 0 0.140449000
D/UDP-TIMING(17342): 4608 0 0.130360000
D/UDP-TIMING(17342): 4609 0 0.149969000
D/UDP-TIMING(17342): 4610 0 0.139872000
D/UDP-TIMING(17342): 4611 0 0.129750000
D/UDP-TIMING(17342): 4612 0 0.149851000
D/UDP-TIMING(17342): 4613 0 0.139767000
D/UDP-TIMING(17342): 4614 0 0.129659000
D/UDP-TIMING(17342): 4615 0 0.149174000
D/UDP-TIMING(17342): 4616 0 0.139039000
D/UDP-TIMING(17342): 4617 0 0.128935000
D/UDP-TIMING(17342): 4618 0 0.149907000
D/UDP-TIMING(17342): 4619 0 0.139783000
D/UDP-TIMING(17342): 4620 0 0.129692000
D/UDP-TIMING(17342): 4621 0 0.148446000
D/UDP-TIMING(17342): 4622 0 0.138359000
D/UDP-TIMING(17342): 4623 0 0.128250000
D/UDP-TIMING(17342): 4624 0 0.148469000
D/UDP-TIMING(17342): 4625 0 0.138350000
D/UDP-TIMING(17342): 4626 0 0.128264000
D/UDP-TIMING(17342): 4627 0 0.147712000
D/UDP-TIMING(17342): 4628 0 0.137626000
E/TrafficStats(16531): [QCTMM]tryAll index=0
E/TrafficStats(16531): [QCTMM]tryAll index=1
E/TrafficStats(16531): [QCTMM]tryAll index=2
E/TrafficStats(16531): [QCTMM]tryAll index=0
E/TrafficStats(16531): [QCTMM]tryAll index=1
E/TrafficStats(16531): [QCTMM]tryAll index=2
E/TrafficStats(16531): [QCTMM]tryAll index=0
E/TrafficStats(16531): [QCTMM]tryAll index=1
E/TrafficStats(16531): [QCTMM]tryAll index=2
D/UDP-TIMING(17342): 4629 0 0.158565000
D/UDP-TIMING(17342): 4630 0 0.148373000
D/UDP-TIMING(17342): 4631 0 0.138252000
E/TrafficStats(16531): [QCTMM]tryAll index=0
E/TrafficStats(16531): [QCTMM]tryAll index=1
E/TrafficStats(16531): [QCTMM]tryAll index=2
D/UDP-TIMING(17342): 4632 0 0.157538000
D/UDP-TIMING(17342): 4633 0 0.176365000
D/UDP-TIMING(17342): 4634 0 0.166241000
D/UDP-TIMING(17342): 4635 0 0.156080000
D/UDP-TIMING(17342): 4636 0 0.145966000
D/UDP-TIMING(17342): 4637 0 0.135847000
D/UDP-TIMING(17342): 4638 0 0.156116000
D/UDP-TIMING(17342): 4639 0 0.145932000
D/UDP-TIMING(17342): 4640 0 0.135782000
D/UDP-TIMING(17342): 4641 0 0.155747000
D/UDP-TIMING(17342): 4642 0 0.145625000
D/UDP-TIMING(17342): 4643 0 0.135507000
D/UDP-TIMING(17342): 4644 0 0.155651000
D/UDP-TIMING(17342): 4645 0 0.145570000
D/UDP-TIMING(17342): 4646 0 0.135467000
D/UDP-TIMING(17342): 4647 0 0.155106000
D/UDP-TIMING(17342): 4648 0 0.144946000
D/UDP-TIMING(17342): 4649 0 0.134779000
D/UDP-TIMING(17342): 4650 0 0.154901000
D/UDP-TIMING(17342): 4651 0 0.144738000
D/UDP-TIMING(17342): 4652 0 0.134575000
D/UDP-TIMING(17342): 4653 0 0.154468000
D/UDP-TIMING(17342): 4654 0 0.144314000
D/UDP-TIMING(17342): 4655 0 0.134138000
D/UDP-TIMING(17342): 4656 0 0.153849000
D/UDP-TIMING(17342): 4657 0 0.143681000
D/UDP-TIMING(17342): 4658 0 0.133502000
D/UDP-TIMING(17342): 4659 0 0.152986000
D/UDP-TIMING(17342): 4660 0 0.142844000
D/UDP-TIMING(17342): 4661 0 0.132662000
D/UDP-TIMING(17342): 4662 0 0.152789000
D/UDP-TIMING(17342): 4663 0 0.142615000
D/UDP-TIMING(17342): 4664 0 0.132463000
D/UDP-TIMING(17342): 4665 0 0.151972000
D/UDP-TIMING(17342): 4666 0 0.141812000
D/UDP-TIMING(17342): 4667 0 0.131660000
D/UDP-TIMING(17342): 4668 0 0.151851000
D/UDP-TIMING(17342): 4669 0 0.141673000
D/UDP-TIMING(17342): 4670 0 0.131522000
D/UDP-TIMING(17342): 4671 0 0.150973000
D/UDP-TIMING(17342): 4672 0 0.140791000
D/UDP-TIMING(17342): 4673 0 0.130614000
D/UDP-TIMING(17342): 4674 0 0.150405000
D/UDP-TIMING(17342): 4675 0 0.140260000
D/UDP-TIMING(17342): 4676 0 0.130092000
D/UDP-TIMING(17342): 4677 0 0.150212000
D/UDP-TIMING(17342): 4678 0 0.140069000
D/UDP-TIMING(17342): 4679 0 0.129831000
D/UDP-TIMING(17342): 4680 0 0.149250000
D/UDP-TIMING(17342): 4681 0 0.139126000
D/UDP-TIMING(17342): 4682 0 0.129023000
E/TrafficStats( 1673): [QCTMM]tryAll index=0
E/TrafficStats( 1673): [QCTMM]tryAll index=1
E/TrafficStats( 1673): [QCTMM]tryAll index=2
D/UDP-TIMING(17342): 4683 0 0.149395000
D/UDP-TIMING(17342): 4684 0 0.139213000
D/UDP-TIMING(17342): 4685 0 0.129086000
E/TrafficStats( 1673): [QCTMM]tryAll index=0
E/TrafficStats( 1673): [QCTMM]tryAll index=1
E/TrafficStats( 1673): [QCTMM]tryAll index=2
D/DATA    ( 1860): sentSinceLastRecv=0,watchdogTrigger=10,maxindex=0
D/Database(16531): dbopen(): path = /data/data/com.onavo.android.onavoid/databases/ui_events, flag = 6, file size = 14057472
D/Database(16531): dbopen(): path = /data/data/com.onavo.android.onavoid/databases/ui_events, mode: wal, disk free size: 2000 M, handle: 0x386398
D/UDP-TIMING(17342): 4686 0 0.147893000
D/UDP-TIMING(17342): 4687 0 0.137817000
D/UDP-TIMING(17342): 4688 0 0.127688000
D/Database(16531): dbclose(): path = /data/data/com.onavo.android.onavoid/databases/ui_events, handle = 0x386398
D/UDP-TIMING(17342): 4689 0 0.147583000
D/UDP-TIMING(17342): 4690 0 0.137445000
D/UDP-TIMING(17342): 4691 0 0.157340000
D/UDP-TIMING(17342): 4692 0 0.147205000
D/UDP-TIMING(17342): 4693 0 0.137028000
D/UDP-TIMING(17342): 4694 0 0.157322000
D/UDP-TIMING(17342): 4695 0 0.147146000
D/UDP-TIMING(17342): 4696 0 0.136962000
D/UDP-TIMING(17342): 4697 0 0.156856000
D/UDP-TIMING(17342): 4698 0 0.146673000
D/UDP-TIMING(17342): 4699 0 0.136576000
D/UDP-TIMING(17342): 4700 0 0.156727000
D/UDP-TIMING(17342): 4701 0 0.146554000
D/UDP-TIMING(17342): 4702 0 0.136410000
D/UDP-TIMING(17342): 4703 0 0.155954000
D/UDP-TIMING(17342): 4704 0 0.145868000
D/UDP-TIMING(17342): 4705 0 0.135735000
D/UDP-TIMING(17342): 4706 0 0.155515000
D/UDP-TIMING(17342): 4707 0 0.145360000
D/UDP-TIMING(17342): 4708 0 0.135180000
D/UDP-TIMING(17342): 4709 0 0.154997000
D/UDP-TIMING(17342): 4710 0 0.144876000
D/UDP-TIMING(17342): 4711 0 0.134693000
D/UDP-TIMING(17342): 4712 0 0.154601000
D/UDP-TIMING(17342): 4713 0 0.144478000
D/UDP-TIMING(17342): 4714 0 0.134298000
D/UDP-TIMING(17342): 4715 0 0.154323000
D/UDP-TIMING(17342): 4716 0 0.144225000
D/UDP-TIMING(17342): 4717 0 0.134063000
D/UDP-TIMING(17342): 4718 0 0.153693000
D/UDP-TIMING(17342): 4719 0 0.143524000
D/UDP-TIMING(17342): 4720 0 0.133384000
D/UDP-TIMING(17342): 4721 0 0.153419000
D/UDP-TIMING(17342): 4722 0 0.143283000
D/UDP-TIMING(17342): 4723 0 0.133096000
D/UDP-TIMING(17342): 4724 0 0.152667000
D/UDP-TIMING(17342): 4725 0 0.142576000
D/UDP-TIMING(17342): 4726 0 0.132438000
D/UDP-TIMING(17342): 4727 0 0.152610000
D/UDP-TIMING(17342): 4728 0 0.142444000
D/UDP-TIMING(17342): 4729 0 0.132299000
D/UDP-TIMING(17342): 4730 0 0.151737000
D/UDP-TIMING(17342): 4731 0 0.141579000
D/UDP-TIMING(17342): 4732 0 0.131399000
D/UDP-TIMING(17342): 4733 0 0.151559000
D/UDP-TIMING(17342): 4734 0 0.141125000
D/UDP-TIMING(17342): 4735 0 0.131040000
D/UDP-TIMING(17342): 4736 0 0.150551000
D/UDP-TIMING(17342): 4737 0 0.140439000
D/UDP-TIMING(17342): 4738 0 0.130344000
D/UDP-TIMING(17342): 4739 0 0.150449000
D/UDP-TIMING(17342): 4740 0 0.140282000
D/UDP-TIMING(17342): 4741 0 0.130143000
D/UDP-TIMING(17342): 4742 0 0.149583000
D/UDP-TIMING(17342): 4743 0 0.139417000
D/UDP-TIMING(17342): 4744 0 0.129188000
D/UDP-TIMING(17342): 4745 0 0.149041000
D/UDP-TIMING(17342): 4746 0 0.138991000
D/UDP-TIMING(17342): 4747 0 0.128823000
D/UDP-TIMING(17342): 4748 0 0.149041000
D/UDP-TIMING(17342): 4749 0 0.138920000
D/UDP-TIMING(17342): 4750 0 0.128738000
D/UDP-TIMING(17342): 4751 0 0.148280000
D/UDP-TIMING(17342): 4752 0 0.138100000
D/UDP-TIMING(17342): 4753 0 0.127956000
D/UDP-TIMING(17342): 4754 0 0.148133000
D/UDP-TIMING(17342): 4755 0 0.138056000
D/UDP-TIMING(17342): 4756 0 0.129962000
D/UDP-TIMING(17342): 4757 0 0.147465000
D/UDP-TIMING(17342): 4758 0 0.137290000
D/UDP-TIMING(17342): 4759 0 0.157597000
D/UDP-TIMING(17342): 4760 0 0.147415000
D/UDP-TIMING(17342): 4761 0 0.137234000
D/UDP-TIMING(17342): 4762 0 0.129001000
D/UDP-TIMING(17342): 4763 0 0.146435000
D/UDP-TIMING(17342): 4764 0 0.136304000
D/UDP-TIMING(17342): 4765 0 0.156924000
D/UDP-TIMING(17342): 4766 0 0.146820000
D/UDP-TIMING(17342): 4767 0 0.136677000
D/UDP-TIMING(17342): 4768 0 0.155726000
D/UDP-TIMING(17342): 4769 0 0.145609000
D/UDP-TIMING(17342): 4770 0 0.135427000
D/UDP-TIMING(17342): 4771 0 0.155553000
D/UDP-TIMING(17342): 4772 0 0.145407000
D/UDP-TIMING(17342): 4773 0 0.135225000
D/UDP-TIMING(17342): 4774 0 0.154705000
D/UDP-TIMING(17342): 4775 0 0.144574000
D/UDP-TIMING(17342): 4776 0 0.134406000
D/UDP-TIMING(17342): 4777 0 0.154522000
D/UDP-TIMING(17342): 4778 0 0.144353000
D/UDP-TIMING(17342): 4779 0 0.134168000
D/UDP-TIMING(17342): 4780 0 0.153711000
D/UDP-TIMING(17342): 4781 0 0.143533000
D/UDP-TIMING(17342): 4782 0 0.133350000
E/TrafficStats( 1673): [QCTMM]tryAll index=0
E/TrafficStats( 1673): [QCTMM]tryAll index=1
E/TrafficStats( 1673): [QCTMM]tryAll index=2
E/TrafficStats( 1673): [QCTMM]tryAll index=0
E/TrafficStats( 1673): [QCTMM]tryAll index=1
E/TrafficStats( 1673): [QCTMM]tryAll index=2
D/DATA    ( 1860): sentSinceLastRecv=0,watchdogTrigger=10,maxindex=0
D/UDP-TIMING(17342): 4783 0 0.153662000
D/UDP-TIMING(17342): 4784 0 0.143526000
D/UDP-TIMING(17342): 4785 0 0.133387000
D/UDP-TIMING(17342): 4786 0 0.153026000
D/UDP-TIMING(17342): 4787 0 0.142847000
D/UDP-TIMING(17342): 4788 0 0.132682000
D/UDP-TIMING(17342): 4789 0 0.152240000
D/UDP-TIMING(17342): 4790 0 0.142051000
D/UDP-TIMING(17342): 4791 0 0.131878000
D/UDP-TIMING(17342): 4792 0 0.151926000
D/UDP-TIMING(17342): 4793 0 0.141761000
D/UDP-TIMING(17342): 4794 0 0.131588000
D/UDP-TIMING(17342): 4795 0 0.151104000
D/UDP-TIMING(17342): 4796 0 0.140948000
D/UDP-TIMING(17342): 4797 0 0.130757000
D/UDP-TIMING(17342): 4798 0 0.150882000
D/UDP-TIMING(17342): 4799 0 0.140718000
D/UDP-TIMING(17342): 4800 0 0.130564000
D/UDP-TIMING(17342): 4801 0 0.150014000
D/UDP-TIMING(17342): 4802 0 0.139833000
D/UDP-TIMING(17342): 4803 0 0.129687000
D/UDP-TIMING(17342): 4804 0 0.149922000
D/UDP-TIMING(17342): 4805 0 0.139792000
D/UDP-TIMING(17342): 4806 0 0.129585000
D/UDP-TIMING(17342): 4807 0 0.149070000
D/UDP-TIMING(17342): 4808 0 0.138926000
D/UDP-TIMING(17342): 4809 0 0.159231000
D/UDP-TIMING(17342): 4810 0 0.149055000
D/UDP-TIMING(17342): 4811 0 0.138874000
D/UDP-TIMING(17342): 4812 0 0.128755000
D/UDP-TIMING(17342): 4813 0 0.148208000
D/UDP-TIMING(17342): 4814 0 0.138128000
D/UDP-TIMING(17342): 4815 0 0.128011000
D/UDP-TIMING(17342): 4816 0 0.148307000
D/UDP-TIMING(17342): 4817 0 0.138126000
D/UDP-TIMING(17342): 4818 0 0.127940000
D/UDP-TIMING(17342): 4819 0 0.147250000
D/UDP-TIMING(17342): 4820 0 0.137072000
D/UDP-TIMING(17342): 4821 0 0.156953000
D/UDP-TIMING(17342): 4822 0 0.146821000
D/UDP-TIMING(17342): 4823 0 0.136676000
D/UDP-TIMING(17342): 4824 0 0.156915000
D/UDP-TIMING(17342): 4825 0 0.146843000
D/UDP-TIMING(17342): 4826 0 0.136674000
D/UDP-TIMING(17342): 4827 0 0.156005000
D/UDP-TIMING(17342): 4828 0 0.145826000
D/UDP-TIMING(17342): 4829 0 0.135644000
D/UDP-TIMING(17342): 4830 0 0.155736000
D/UDP-TIMING(17342): 4831 0 0.145554000
D/UDP-TIMING(17342): 4832 0 0.135372000
D/UDP-TIMING(17342): 4833 0 0.154942000
D/UDP-TIMING(17342): 4834 0 0.144764000
D/UDP-TIMING(17342): 4835 0 0.134557000
D/UDP-TIMING(17342): 4836 0 0.154788000
D/UDP-TIMING(17342): 4837 0 0.144687000
D/UDP-TIMING(17342): 4838 0 0.134566000
D/UDP-TIMING(17342): 4839 0 0.154118000
D/UDP-TIMING(17342): 4840 0 0.143989000
D/UDP-TIMING(17342): 4841 0 0.133868000
D/UDP-TIMING(17342): 4842 0 0.154011000
D/UDP-TIMING(17342): 4843 0 0.143879000
D/UDP-TIMING(17342): 4844 0 0.133821000
D/UDP-TIMING(17342): 4845 0 0.153435000
D/UDP-TIMING(17342): 4846 0 0.143330000
D/UDP-TIMING(17342): 4847 0 0.133210000
D/UDP-TIMING(17342): 4848 0 0.153359000
D/UDP-TIMING(17342): 4849 0 0.143281000
D/UDP-TIMING(17342): 4850 0 0.133159000
D/UDP-TIMING(17342): 4851 0 0.152801000
D/UDP-TIMING(17342): 4852 0 0.142712000
D/UDP-TIMING(17342): 4853 0 0.132591000
D/UDP-TIMING(17342): 4854 0 0.152664000
D/UDP-TIMING(17342): 4855 0 0.142574000
D/UDP-TIMING(17342): 4856 0 0.132394000
D/UDP-TIMING(17342): 4857 0 0.151998000
D/UDP-TIMING(17342): 4858 0 0.141878000
D/UDP-TIMING(17342): 4859 0 0.131787000
D/UDP-TIMING(17342): 4860 0 0.151635000
D/UDP-TIMING(17342): 4861 0 0.141520000
D/UDP-TIMING(17342): 4862 0 0.131400000
D/UDP-TIMING(17342): 4863 0 0.151529000
D/UDP-TIMING(17342): 4864 0 0.141447000
D/UDP-TIMING(17342): 4865 0 0.131356000
D/UDP-TIMING(17342): 4866 0 0.151223000
D/UDP-TIMING(17342): 4867 0 0.141141000
D/UDP-TIMING(17342): 4868 0 0.161143000
D/UDP-TIMING(17342): 4869 0 0.151021000
D/UDP-TIMING(17342): 4870 0 0.140912000
D/UDP-TIMING(17342): 4871 0 0.130793000
D/UDP-TIMING(17342): 4872 0 0.150586000
D/UDP-TIMING(17342): 4873 0 0.140466000
D/UDP-TIMING(17342): 4874 0 0.130281000
D/UDP-TIMING(17342): 4875 0 0.150097000
D/UDP-TIMING(17342): 4876 0 0.140031000
D/UDP-TIMING(17342): 4877 0 0.129909000
D/dalvikvm(16055): GC_EXPLICIT freed 104K, 48% free 2897K/5511K, external 0K/0K, paused 89ms
D/UDP-TIMING(17342): 4878 0 0.149155000
D/UDP-TIMING(17342): 4879 0 0.139040000
D/UDP-TIMING(17342): 4880 0 0.128920000
D/UDP-TIMING(17342): 4881 0 0.148929000
D/UDP-TIMING(17342): 4882 0 0.138734000
D/UDP-TIMING(17342): 4883 0 0.128630000
E/TrafficStats( 1673): [QCTMM]tryAll index=0
E/TrafficStats( 1673): [QCTMM]tryAll index=1
E/TrafficStats( 1673): [QCTMM]tryAll index=2
E/TrafficStats( 1673): [QCTMM]tryAll index=0
E/TrafficStats( 1673): [QCTMM]tryAll index=1
E/TrafficStats( 1673): [QCTMM]tryAll index=2
D/DATA    ( 1860): sentSinceLastRecv=0,watchdogTrigger=10,maxindex=0
D/UDP-TIMING(17342): 4884 0 0.148554000
D/UDP-TIMING(17342): 4885 0 0.138473000
D/UDP-TIMING(17342): 4886 0 0.128368000
D/UDP-TIMING(17342): 4887 0 0.148617000
D/UDP-TIMING(17342): 4888 0 0.138533000
D/UDP-TIMING(17342): 4889 0 0.129153000
D/UDP-TIMING(17342): 4890 0 0.148026000
D/UDP-TIMING(17342): 4891 0 0.137908000
D/UDP-TIMING(17342): 4892 0 0.158156000
D/UDP-TIMING(17342): 4893 0 0.148054000
D/UDP-TIMING(17342): 4894 0 0.137941000
D/UDP-TIMING(17342): 4895 0 0.127836000
D/UDP-TIMING(17342): 4896 0 0.147394000
D/UDP-TIMING(17342): 4897 0 0.137246000
D/UDP-TIMING(17342): 4898 0 0.157036000
D/UDP-TIMING(17342): 4899 0 0.146890000
D/UDP-TIMING(17342): 4900 0 0.136711000
D/UDP-TIMING(17342): 4901 0 0.156933000
D/UDP-TIMING(17342): 4902 0 0.146807000
D/UDP-TIMING(17342): 4903 0 0.136639000
D/UDP-TIMING(17342): 4904 0 0.156135000
D/UDP-TIMING(17342): 4905 0 0.145982000
D/UDP-TIMING(17342): 4906 0 0.135840000
D/UDP-TIMING(17342): 4907 0 0.155994000
D/UDP-TIMING(17342): 4908 0 0.145818000
D/UDP-TIMING(17342): 4909 0 0.135635000
D/UDP-TIMING(17342): 4910 0 0.155091000
D/UDP-TIMING(17342): 4911 0 0.144917000
D/UDP-TIMING(17342): 4912 0 0.134737000
D/UDP-TIMING(17342): 4913 0 0.154843000
D/UDP-TIMING(17342): 4914 0 0.144746000
D/UDP-TIMING(17342): 4915 0 0.134581000
D/UDP-TIMING(17342): 4916 0 0.154104000
D/UDP-TIMING(17342): 4917 0 0.143925000
D/UDP-TIMING(17342): 4918 0 0.133746000
D/UDP-TIMING(17342): 4919 0 0.153900000
D/UDP-TIMING(17342): 4920 0 0.143723000
D/UDP-TIMING(17342): 4921 0 0.133541000
D/UDP-TIMING(17342): 4922 0 0.153145000
D/UDP-TIMING(17342): 4923 0 0.143016000
D/UDP-TIMING(17342): 4924 0 0.132891000
D/UDP-TIMING(17342): 4925 0 0.152899000
D/UDP-TIMING(17342): 4926 0 0.142751000
D/UDP-TIMING(17342): 4927 0 0.132568000
D/UDP-TIMING(17342): 4928 0 0.152083000
D/UDP-TIMING(17342): 4929 0 0.141907000
D/UDP-TIMING(17342): 4930 0 0.131728000
D/UDP-TIMING(17342): 4931 0 0.151848000
D/UDP-TIMING(17342): 4932 0 0.141670000
D/UDP-TIMING(17342): 4933 0 0.131368000
D/UDP-TIMING(17342): 4934 0 0.150903000
D/UDP-TIMING(17342): 4935 0 0.140745000
D/UDP-TIMING(17342): 4936 0 0.130521000
D/UDP-TIMING(17342): 4937 0 0.150458000
D/UDP-TIMING(17342): 4938 0 0.140312000
D/UDP-TIMING(17342): 4939 0 0.130130000
D/UDP-TIMING(17342): 4940 0 0.150238000
D/UDP-TIMING(17342): 4941 0 0.140041000
D/UDP-TIMING(17342): 4942 0 0.129976000
D/UDP-TIMING(17342): 4943 0 0.149441000
D/UDP-TIMING(17342): 4944 0 0.139199000
D/UDP-TIMING(17342): 4945 0 0.129059000
D/UDP-TIMING(17342): 4946 0 0.149215000
D/UDP-TIMING(17342): 4947 0 0.139033000
D/UDP-TIMING(17342): 4948 0 0.128855000
D/UDP-TIMING(17342): 4949 0 0.148416000
D/UDP-TIMING(17342): 4950 0 0.138302000
D/UDP-TIMING(17342): 4951 0 0.128163000
D/UDP-TIMING(17342): 4952 0 0.148547000
D/UDP-TIMING(17342): 4953 0 0.138370000
D/UDP-TIMING(17342): 4954 0 0.128264000
D/UDP-TIMING(17342): 4955 0 0.147780000
D/UDP-TIMING(17342): 4956 0 0.137593000
D/UDP-TIMING(17342): 4957 0 0.157499000
D/UDP-TIMING(17342): 4958 0 0.147315000
D/UDP-TIMING(17342): 4959 0 0.137131000
D/UDP-TIMING(17342): 4960 0 0.156676000
D/UDP-TIMING(17342): 4961 0 0.146497000
D/UDP-TIMING(17342): 4962 0 0.136350000
D/UDP-TIMING(17342): 4963 0 0.156363000
D/UDP-TIMING(17342): 4964 0 0.176017000
D/UDP-TIMING(17342): 4965 0 0.165838000
D/UDP-TIMING(17342): 4966 0 0.155692000
D/UDP-TIMING(17342): 4967 0 0.145510000
D/UDP-TIMING(17342): 4968 0 0.135334000
D/UDP-TIMING(17342): 4969 0 0.155358000
D/UDP-TIMING(17342): 4970 0 0.145179000
D/UDP-TIMING(17342): 4971 0 0.135000000
D/UDP-TIMING(17342): 4972 0 0.154484000
D/UDP-TIMING(17342): 4973 0 0.144362000
D/UDP-TIMING(17342): 4974 0 0.134221000
D/UDP-TIMING(17342): 4975 0 0.154048000
D/UDP-TIMING(17342): 4976 0 0.143899000
D/UDP-TIMING(17342): 4977 0 0.133721000
D/UDP-TIMING(17342): 4978 0 0.153054000
D/UDP-TIMING(17342): 4979 0 0.142875000
D/UDP-TIMING(17342): 4980 0 0.132692000
E/TrafficStats( 1673): [QCTMM]tryAll index=0
E/TrafficStats( 1673): [QCTMM]tryAll index=1
E/TrafficStats( 1673): [QCTMM]tryAll index=2
E/TrafficStats( 1673): [QCTMM]tryAll index=0
E/TrafficStats( 1673): [QCTMM]tryAll index=1
E/TrafficStats( 1673): [QCTMM]tryAll index=2
D/UDP-TIMING(17342): 4981 0 0.156204000
D/UDP-TIMING(17342): 4982 0 0.146052000
D/UDP-TIMING(17342): 4983 0 0.135878000
D/DATA    ( 1860): sentSinceLastRecv=0,watchdogTrigger=10,maxindex=0
D/UDP-TIMING(17342): 4984 0 0.152801000
D/UDP-TIMING(17342): 4985 0 0.142630000
D/UDP-TIMING(17342): 4986 0 0.132454000
D/UDP-TIMING(17342): 4987 0 0.152012000
D/UDP-TIMING(17342): 4988 0 0.141844000
D/UDP-TIMING(17342): 4989 0 0.131698000
D/UDP-TIMING(17342): 4990 0 0.151716000
D/UDP-TIMING(17342): 4991 0 0.141577000
D/UDP-TIMING(17342): 4992 0 0.131393000
D/UDP-TIMING(17342): 4993 0 0.150924000
