D/UDP-TIMING(17342): 1716 0 0.145945000
D/UDP-TIMING(17342): 1717 0 0.135809000
D/UDP-TIMING(17342): 1718 0 0.155296000
D/UDP-TIMING(17342): 1719 0 0.145088000
D/UDP-TIMING(17342): 1720 0 0.134929000
D/UDP-TIMING(17342): 1721 0 0.154854000
D/UDP-TIMING(17342): 1722 0 0.144681000
D/UDP-TIMING(17342): 1723 0 0.134515000
D/UDP-TIMING(17342): 1724 0 0.154555000
D/UDP-TIMING(17342): 1725 0 0.144376000
D/UDP-TIMING(17342): 1726 0 0.134194000
D/UDP-TIMING(17342): 1727 0 0.153722000
D/UDP-TIMING(17342): 1728 0 0.143550000
D/UDP-TIMING(17342): 1729 0 0.133401000
D/UDP-TIMING(17342): 1730 0 0.153495000
D/UDP-TIMING(17342): 1731 0 0.143338000
D/UDP-TIMING(17342): 1732 0 0.133176000
D/UDP-TIMING(17342): 1733 0 0.152715000
D/UDP-TIMING(17342): 1734 0 0.142548000
D/UDP-TIMING(17342): 1735 0 0.132384000
D/UDP-TIMING(17342): 1736 0 0.152553000
D/UDP-TIMING(17342): 1737 0 0.142416000
D/UDP-TIMING(17342): 1738 0 0.161899000
D/UDP-TIMING(17342): 1739 0 0.151733000
D/UDP-TIMING(17342): 1740 0 0.141601000
D/UDP-TIMING(17342): 1741 0 0.131429000
D/UDP-TIMING(17342): 1742 0 0.151459000
D/UDP-TIMING(17342): 1743 0 0.141324000
D/UDP-TIMING(17342): 1744 0 0.131227000
D/UDP-TIMING(17342): 1745 0 0.150859000
D/UDP-TIMING(17342): 1746 0 0.140727000
D/UDP-TIMING(17342): 1747 0 0.130589000
D/UDP-TIMING(17342): 1748 0 0.150623000
D/UDP-TIMING(17342): 1749 0 0.140467000
D/UDP-TIMING(17342): 1750 0 0.160075000
D/UDP-TIMING(17342): 1751 0 0.149908000
D/UDP-TIMING(17342): 1752 0 0.139742000
D/UDP-TIMING(17342): 1753 0 0.129647000
D/UDP-TIMING(17342): 1754 0 0.149729000
D/UDP-TIMING(17342): 1755 0 0.139639000
D/UDP-TIMING(17342): 1756 0 0.129495000
D/UDP-TIMING(17342): 1757 0 0.149055000
D/UDP-TIMING(17342): 1758 0 0.138915000
D/UDP-TIMING(17342): 1759 0 0.128740000
D/UDP-TIMING(17342): 1760 0 0.148500000
D/UDP-TIMING(17342): 1761 0 0.138326000
D/UDP-TIMING(17342): 1762 0 0.158491000
D/UDP-TIMING(17342): 1763 0 0.148386000
D/UDP-TIMING(17342): 1764 0 0.138280000
D/UDP-TIMING(17342): 1765 0 0.128154000
D/UDP-TIMING(17342): 1766 0 0.147726000
D/UDP-TIMING(17342): 1767 0 0.137628000
E/TrafficStats( 1673): [QCTMM]tryAll index=0
E/TrafficStats( 1673): [QCTMM]tryAll index=1
E/TrafficStats( 1673): [QCTMM]tryAll index=2
E/TrafficStats( 1673): [QCTMM]tryAll index=0
E/TrafficStats( 1673): [QCTMM]tryAll index=1
E/TrafficStats( 1673): [QCTMM]tryAll index=2
D/DATA    ( 1860): sentSinceLastRecv=0,watchdogTrigger=10,maxindex=0
D/UDP-TIMING(17342): 1768 0 0.158232000
D/UDP-TIMING(17342): 1769 0 0.148053000
D/UDP-TIMING(17342): 1770 0 0.137877000
D/UDP-TIMING(17342): 1771 0 0.156873000
D/UDP-TIMING(17342): 1772 0 0.146803000
D/UDP-TIMING(17342): 1773 0 0.136646000
D/UDP-TIMING(17342): 1774 0 0.156748000
D/UDP-TIMING(17342): 1775 0 0.146648000
D/UDP-TIMING(17342): 1776 0 0.136481000
D/UDP-TIMING(17342): 1777 0 0.155948000
D/UDP-TIMING(17342): 1778 0 0.145797000
D/UDP-TIMING(17342): 1779 0 0.135622000
D/UDP-TIMING(17342): 1780 0 0.155758000
D/UDP-TIMING(17342): 1781 0 0.145580000
D/UDP-TIMING(17342): 1782 0 0.165125000
D/UDP-TIMING(17342): 1783 0 0.154958000
D/UDP-TIMING(17342): 1784 0 0.144784000
D/UDP-TIMING(17342): 1785 0 0.134620000
D/UDP-TIMING(17342): 1786 0 0.154697000
D/UDP-TIMING(17342): 1787 0 0.144530000
D/UDP-TIMING(17342): 1788 0 0.134346000
D/UDP-TIMING(17342): 1789 0 0.153891000
D/UDP-TIMING(17342): 1790 0 0.143714000
D/UDP-TIMING(17342): 1791 0 0.133536000
D/UDP-TIMING(17342): 1792 0 0.153670000
D/UDP-TIMING(17342): 1793 0 0.143499000
D/UDP-TIMING(17342): 1794 0 0.133320000
D/UDP-TIMING(17342): 1795 0 0.152866000
D/UDP-TIMING(17342): 1796 0 0.142689000
D/UDP-TIMING(17342): 1797 0 0.132542000
D/UDP-TIMING(17342): 1798 0 0.152292000
D/UDP-TIMING(17342): 1799 0 0.142148000
D/UDP-TIMING(17342): 1800 0 0.131964000
D/UDP-TIMING(17342): 1801 0 0.152058000
D/UDP-TIMING(17342): 1802 0 0.141933000
D/UDP-TIMING(17342): 1803 0 0.131768000
D/UDP-TIMING(17342): 1804 0 0.151308000
D/UDP-TIMING(17342): 1805 0 0.141128000
D/UDP-TIMING(17342): 1806 0 0.130944000
D/UDP-TIMING(17342): 1807 0 0.151064000
D/UDP-TIMING(17342): 1808 0 0.140884000
D/UDP-TIMING(17342): 1809 0 0.130728000
D/UDP-TIMING(17342): 1810 0 0.150273000
D/UDP-TIMING(17342): 1811 0 0.140144000
D/UDP-TIMING(17342): 1812 0 0.129977000
D/UDP-TIMING(17342): 1813 0 0.150091000
D/UDP-TIMING(17342): 1814 0 0.139916000
D/UDP-TIMING(17342): 1815 0 0.129685000
D/UDP-TIMING(17342): 1816 0 0.149150000
D/UDP-TIMING(17342): 1817 0 0.138973000
D/UDP-TIMING(17342): 1818 0 0.128822000
D/UDP-TIMING(17342): 1819 0 0.149002000
D/UDP-TIMING(17342): 1820 0 0.138824000
D/UDP-TIMING(17342): 1821 0 0.128645000
D/UDP-TIMING(17342): 1822 0 0.148146000
D/UDP-TIMING(17342): 1823 0 0.138037000
D/UDP-TIMING(17342): 1824 0 0.128981000
D/UDP-TIMING(17342): 1825 0 0.148155000
D/UDP-TIMING(17342): 1826 0 0.138070000
D/UDP-TIMING(17342): 1827 0 0.127951000
D/UDP-TIMING(17342): 1828 0 0.147465000
D/UDP-TIMING(17342): 1829 0 0.137307000
D/UDP-TIMING(17342): 1830 0 0.157396000
D/UDP-TIMING(17342): 1831 0 0.147227000
D/UDP-TIMING(17342): 1832 0 0.137134000
D/UDP-TIMING(17342): 1833 0 0.156681000
D/UDP-TIMING(17342): 1834 0 0.146506000
D/UDP-TIMING(17342): 1835 0 0.136353000
D/UDP-TIMING(17342): 1836 0 0.156142000
D/UDP-TIMING(17342): 1837 0 0.145958000
D/UDP-TIMING(17342): 1838 0 0.135806000
D/UDP-TIMING(17342): 1839 0 0.155891000
D/UDP-TIMING(17342): 1840 0 0.145717000
D/UDP-TIMING(17342): 1841 0 0.135570000
D/UDP-TIMING(17342): 1842 0 0.155276000
D/UDP-TIMING(17342): 1843 0 0.145124000
D/UDP-TIMING(17342): 1844 0 0.134954000
D/UDP-TIMING(17342): 1845 0 0.154962000
D/UDP-TIMING(17342): 1846 0 0.144826000
D/UDP-TIMING(17342): 1847 0 0.134647000
D/UDP-TIMING(17342): 1848 0 0.154114000
D/UDP-TIMING(17342): 1849 0 0.143949000
D/UDP-TIMING(17342): 1850 0 0.133800000
D/UDP-TIMING(17342): 1851 0 0.153881000
D/UDP-TIMING(17342): 1852 0 0.143785000
D/UDP-TIMING(17342): 1853 0 0.133662000
D/UDP-TIMING(17342): 1854 0 0.153202000
D/UDP-TIMING(17342): 1855 0 0.143036000
D/UDP-TIMING(17342): 1856 0 0.132853000
D/UDP-TIMING(17342): 1857 0 0.152985000
D/UDP-TIMING(17342): 1858 0 0.142822000
D/UDP-TIMING(17342): 1859 0 0.132650000
D/UDP-TIMING(17342): 1860 0 0.152254000
D/UDP-TIMING(17342): 1861 0 0.142129000
D/UDP-TIMING(17342): 1862 0 0.132049000
D/UDP-TIMING(17342): 1863 0 0.152102000
D/UDP-TIMING(17342): 1864 0 0.142007000
D/UDP-TIMING(17342): 1865 0 0.131827000
D/UDP-TIMING(17342): 1866 0 0.151322000
D/UDP-TIMING(17342): 1867 0 0.141176000
D/UDP-TIMING(17342): 1868 0 0.131004000
E/TrafficStats( 1673): [QCTMM]tryAll index=0
E/TrafficStats( 1673): [QCTMM]tryAll index=1
E/TrafficStats( 1673): [QCTMM]tryAll index=2
E/TrafficStats( 1673): [QCTMM]tryAll index=0
E/TrafficStats( 1673): [QCTMM]tryAll index=1
E/TrafficStats( 1673): [QCTMM]tryAll index=2
D/DATA    ( 1860): sentSinceLastRecv=0,watchdogTrigger=10,maxindex=0
D/UDP-TIMING(17342): 1869 0 0.151651000
D/UDP-TIMING(17342): 1870 0 0.141492000
D/UDP-TIMING(17342): 1871 0 0.131316000
D/UDP-TIMING(17342): 1872 0 0.150280000
D/UDP-TIMING(17342): 1873 0 0.140124000
D/UDP-TIMING(17342): 1874 0 0.129951000
D/UDP-TIMING(17342): 1875 0 0.149842000
D/UDP-TIMING(17342): 1876 0 0.139665000
D/UDP-TIMING(17342): 1877 0 0.159785000
D/UDP-TIMING(17342): 1878 0 0.149650000
D/UDP-TIMING(17342): 1879 0 0.139491000
D/UDP-TIMING(17342): 1880 0 0.129356000
D/UDP-TIMING(17342): 1881 0 0.148788000
D/UDP-TIMING(17342): 1882 0 0.138684000
D/UDP-TIMING(17342): 1883 0 0.129676000
D/UDP-TIMING(17342): 1884 0 0.148761000
D/UDP-TIMING(17342): 1885 0 0.138643000
D/UDP-TIMING(17342): 1886 0 0.128522000
D/UDP-TIMING(17342): 1887 0 0.148093000
D/UDP-TIMING(17342): 1888 0 0.137909000
D/UDP-TIMING(17342): 1889 0 0.158151000
D/UDP-TIMING(17342): 1890 0 0.147973000
D/UDP-TIMING(17342): 1891 0 0.137856000
D/UDP-TIMING(17342): 1892 0 0.157425000
D/UDP-TIMING(17342): 1893 0 0.147315000
D/UDP-TIMING(17342): 1894 0 0.137195000
D/UDP-TIMING(17342): 1895 0 0.157325000
D/UDP-TIMING(17342): 1896 0 0.147199000
D/UDP-TIMING(17342): 1897 0 0.137073000
D/UDP-TIMING(17342): 1898 0 0.156678000
D/UDP-TIMING(17342): 1899 0 0.146562000
D/UDP-TIMING(17342): 1900 0 0.136393000
D/UDP-TIMING(17342): 1901 0 0.156528000
D/UDP-TIMING(17342): 1902 0 0.146431000
D/UDP-TIMING(17342): 1903 0 0.136342000
D/UDP-TIMING(17342): 1904 0 0.155853000
D/UDP-TIMING(17342): 1905 0 0.145671000
D/UDP-TIMING(17342): 1906 0 0.135494000
D/UDP-TIMING(17342): 1907 0 0.155555000
D/UDP-TIMING(17342): 1908 0 0.145378000
D/UDP-TIMING(17342): 1909 0 0.135211000
D/UDP-TIMING(17342): 1910 0 0.154751000
D/UDP-TIMING(17342): 1911 0 0.144584000
D/UDP-TIMING(17342): 1912 0 0.134465000
D/UDP-TIMING(17342): 1913 0 0.154285000
D/UDP-TIMING(17342): 1914 0 0.144108000
D/UDP-TIMING(17342): 1915 0 0.133931000
D/UDP-TIMING(17342): 1916 0 0.153935000
D/UDP-TIMING(17342): 1917 0 0.143788000
D/UDP-TIMING(17342): 1918 0 0.163427000
D/UDP-TIMING(17342): 1919 0 0.153244000
D/UDP-TIMING(17342): 1920 0 0.143098000
D/UDP-TIMING(17342): 1921 0 0.132971000
D/UDP-TIMING(17342): 1922 0 0.152384000
D/UDP-TIMING(17342): 1923 0 0.142217000
D/UDP-TIMING(17342): 1924 0 0.132065000
D/UDP-TIMING(17342): 1925 0 0.152279000
D/UDP-TIMING(17342): 1926 0 0.142107000
D/UDP-TIMING(17342): 1927 0 0.131927000
D/UDP-TIMING(17342): 1928 0 0.151901000
D/UDP-TIMING(17342): 1929 0 0.141754000
D/UDP-TIMING(17342): 1930 0 0.161335000
D/UDP-TIMING(17342): 1931 0 0.151157000
D/UDP-TIMING(17342): 1932 0 0.140994000
D/UDP-TIMING(17342): 1933 0 0.130826000
D/UDP-TIMING(17342): 1934 0 0.150949000
D/UDP-TIMING(17342): 1935 0 0.140790000
D/UDP-TIMING(17342): 1936 0 0.130608000
D/UDP-TIMING(17342): 1937 0 0.150036000
D/UDP-TIMING(17342): 1938 0 0.139890000
D/UDP-TIMING(17342): 1939 0 0.160105000
D/UDP-TIMING(17342): 1940 0 0.150047000
D/UDP-TIMING(17342): 1941 0 0.139916000
D/UDP-TIMING(17342): 1942 0 0.129831000
D/StatusBarPolicy( 1816): iconIndex=1
V/StatusBarPolicy( 1816): cdmaLevel:3;max:4
D/StatusBarPolicy( 1816): iconLevel:3
D/UDP-TIMING(17342): 1943 0 0.149322000
D/UDP-TIMING(17342): 1944 0 0.139147000
I/PhoneInfo( 2188): getCdmaLevel - cdmaDbm: -73 cdmaEcio:-90
D/UDP-TIMING(17342): 1945 0 0.159309000
D/UDP-TIMING(17342): 1946 0 0.149146000
D/UDP-TIMING(17342): 1947 0 0.139057000
I/PhoneInfo( 2188): getEvdoLevel - evdoDbm: -120 evdoSnr:-1 evdoEcio:-1
I/PhoneInfo( 2188): getLteLevel - lteRsrp: -1 lteCqi:-1
D/UDP-TIMING(17342): 1948 0 0.159028000
D/UDP-TIMING(17342): 1949 0 0.148901000
D/UDP-TIMING(17342): 1950 0 0.138754000
D/UDP-TIMING(17342): 1951 0 0.157711000
D/UDP-TIMING(17342): 1952 0 0.147594000
D/UDP-TIMING(17342): 1953 0 0.137478000
D/UDP-TIMING(17342): 1954 0 0.157536000
D/UDP-TIMING(17342): 1955 0 0.147360000
D/UDP-TIMING(17342): 1956 0 0.137176000
D/UDP-TIMING(17342): 1957 0 0.156903000
D/UDP-TIMING(17342): 1958 0 0.146721000
D/UDP-TIMING(17342): 1959 0 0.136549000
D/UDP-TIMING(17342): 1960 0 0.157146000
D/UDP-TIMING(17342): 1961 0 0.147042000
D/UDP-TIMING(17342): 1962 0 0.136860000
D/UDP-TIMING(17342): 1963 0 0.156418000
D/UDP-TIMING(17342): 1964 0 0.146272000
D/UDP-TIMING(17342): 1965 0 0.136093000
D/UDP-TIMING(17342): 1966 0 0.156160000
D/UDP-TIMING(17342): 1967 0 0.145982000
E/TrafficStats( 1673): [QCTMM]tryAll index=0
E/TrafficStats( 1673): [QCTMM]tryAll index=1
E/TrafficStats( 1673): [QCTMM]tryAll index=2
E/TrafficStats( 1673): [QCTMM]tryAll index=0
E/TrafficStats( 1673): [QCTMM]tryAll index=1
E/TrafficStats( 1673): [QCTMM]tryAll index=2
D/DATA    ( 1860): sentSinceLastRecv=0,watchdogTrigger=10,maxindex=0
D/UDP-TIMING(17342): 1968 0 0.166106000
D/UDP-TIMING(17342): 1969 0 0.155929000
D/UDP-TIMING(17342): 1970 0 0.145743000
D/UDP-TIMING(17342): 1971 0 0.135613000
D/UDP-TIMING(17342): 1972 0 0.155166000
D/UDP-TIMING(17342): 1973 0 0.145019000
D/UDP-TIMING(17342): 1974 0 0.164710000
D/UDP-TIMING(17342): 1975 0 0.154574000
D/UDP-TIMING(17342): 1976 0 0.144396000
D/UDP-TIMING(17342): 1977 0 0.164399000
D/UDP-TIMING(17342): 1978 0 0.154217000
D/UDP-TIMING(17342): 1979 0 0.144063000
D/UDP-TIMING(17342): 1980 0 0.133897000
D/UDP-TIMING(17342): 1981 0 0.153410000
D/UDP-TIMING(17342): 1982 0 0.143290000
D/UDP-TIMING(17342): 1983 0 0.133121000
D/UDP-TIMING(17342): 1984 0 0.153255000
D/UDP-TIMING(17342): 1985 0 0.143083000
D/UDP-TIMING(17342): 1986 0 0.132906000
D/UDP-TIMING(17342): 1987 0 0.152423000
D/UDP-TIMING(17342): 1988 0 0.142244000
D/UDP-TIMING(17342): 1989 0 0.132058000
D/UDP-TIMING(17342): 1990 0 0.152001000
D/UDP-TIMING(17342): 1991 0 0.141876000
D/UDP-TIMING(17342): 1992 0 0.131760000
D/UDP-TIMING(17342): 1993 0 0.151764000
D/UDP-TIMING(17342): 1994 0 0.141614000
D/UDP-TIMING(17342): 1995 0 0.131437000
D/UDP-TIMING(17342): 1996 0 0.150902000
D/UDP-TIMING(17342): 1997 0 0.140723000
D/UDP-TIMING(17342): 1998 0 0.130598000
D/UDP-TIMING(17342): 1999 0 0.150716000
D/UDP-TIMING(17342): 2000 0 0.140553000
D/UDP-TIMING(17342): 2001 0 0.130325000
D/UDP-TIMING(17342): 2002 0 0.149873000
D/UDP-TIMING(17342): 2003 0 0.139694000
D/UDP-TIMING(17342): 2004 0 0.129544000
D/UDP-TIMING(17342): 2005 0 0.149629000
D/UDP-TIMING(17342): 2006 0 0.139477000
D/UDP-TIMING(17342): 2007 0 0.158959000
D/UDP-TIMING(17342): 2008 0 0.148837000
D/UDP-TIMING(17342): 2009 0 0.138690000
D/UDP-TIMING(17342): 2010 0 0.158787000
D/UDP-TIMING(17342): 2011 0 0.148688000
D/UDP-TIMING(17342): 2012 0 0.138517000
D/UDP-TIMING(17342): 2013 0 0.128366000
D/UDP-TIMING(17342): 2014 0 0.147791000
D/UDP-TIMING(17342): 2015 0 0.137611000
D/UDP-TIMING(17342): 2016 0 0.157064000
D/UDP-TIMING(17342): 2017 0 0.146885000
D/UDP-TIMING(17342): 2018 0 0.136705000
D/UDP-TIMING(17342): 2019 0 0.157210000
D/UDP-TIMING(17342): 2020 0 0.147083000
D/UDP-TIMING(17342): 2021 0 0.136915000
D/UDP-TIMING(17342): 2022 0 0.156124000
D/UDP-TIMING(17342): 2023 0 0.146003000
D/UDP-TIMING(17342): 2024 0 0.135855000
D/UDP-TIMING(17342): 2025 0 0.156013000
D/UDP-TIMING(17342): 2026 0 0.145835000
D/UDP-TIMING(17342): 2027 0 0.135658000
D/UDP-TIMING(17342): 2028 0 0.155449000
D/UDP-TIMING(17342): 2029 0 0.145284000
D/UDP-TIMING(17342): 2030 0 0.165514000
D/UDP-TIMING(17342): 2031 0 0.155353000
D/UDP-TIMING(17342): 2032 0 0.145217000
D/UDP-TIMING(17342): 2033 0 0.135054000
D/UDP-TIMING(17342): 2034 0 0.154481000
D/UDP-TIMING(17342): 2035 0 0.144349000
D/UDP-TIMING(17342): 2036 0 0.164482000
D/UDP-TIMING(17342): 2037 0 0.154311000
D/UDP-TIMING(17342): 2038 0 0.144144000
D/UDP-TIMING(17342): 2039 0 0.133980000
D/UDP-TIMING(17342): 2040 0 0.153596000
D/UDP-TIMING(17342): 2041 0 0.143427000
D/UDP-TIMING(17342): 2042 0 0.133259000
D/UDP-TIMING(17342): 2043 0 0.153326000
D/UDP-TIMING(17342): 2044 0 0.143149000
D/UDP-TIMING(17342): 2045 0 0.132997000
D/UDP-TIMING(17342): 2046 0 0.152548000
D/UDP-TIMING(17342): 2047 0 0.142401000
D/UDP-TIMING(17342): 2048 0 0.132218000
D/UDP-TIMING(17342): 2049 0 0.152262000
D/UDP-TIMING(17342): 2050 0 0.142155000
D/UDP-TIMING(17342): 2051 0 0.131988000
D/UDP-TIMING(17342): 2052 0 0.151545000
D/UDP-TIMING(17342): 2053 0 0.141307000
D/UDP-TIMING(17342): 2054 0 0.131161000
D/UDP-TIMING(17342): 2055 0 0.151162000
D/UDP-TIMING(17342): 2056 0 0.141005000
D/UDP-TIMING(17342): 2057 0 0.130835000
D/UDP-TIMING(17342): 2058 0 0.150363000
D/UDP-TIMING(17342): 2059 0 0.140188000
D/UDP-TIMING(17342): 2060 0 0.130011000
D/UDP-TIMING(17342): 2061 0 0.149865000
D/UDP-TIMING(17342): 2062 0 0.139704000
D/UDP-TIMING(17342): 2063 0 0.129553000
D/UDP-TIMING(17342): 2064 0 0.149405000
D/UDP-TIMING(17342): 2065 0 0.139229000
D/UDP-TIMING(17342): 2066 0 0.129051000
D/UDP-TIMING(17342): 2067 0 0.149690000
D/UDP-TIMING(17342): 2068 0 0.139513000
E/TrafficStats( 1673): [QCTMM]tryAll index=0
D/UDP-TIMING(17342): 2069 0 0.129431000
E/TrafficStats( 1673): [QCTMM]tryAll index=1
E/TrafficStats( 1673): [QCTMM]tryAll index=2
E/TrafficStats( 1673): [QCTMM]tryAll index=0
E/TrafficStats( 1673): [QCTMM]tryAll index=1
E/TrafficStats( 1673): [QCTMM]tryAll index=2
D/DATA    ( 1860): sentSinceLastRecv=0,watchdogTrigger=10,maxindex=0
D/UDP-TIMING(17342): 2070 0 0.149264000
D/UDP-TIMING(17342): 2071 0 0.139133000
D/UDP-TIMING(17342): 2072 0 0.158308000
D/UDP-TIMING(17342): 2073 0 0.148134000
D/UDP-TIMING(17342): 2074 0 0.138018000
D/UDP-TIMING(17342): 2075 0 0.127844000
D/UDP-TIMING(17342): 2076 0 0.147820000
D/UDP-TIMING(17342): 2077 0 0.137637000
D/UDP-TIMING(17342): 2078 0 0.157239000
D/UDP-TIMING(17342): 2079 0 0.147104000
D/UDP-TIMING(17342): 2080 0 0.136935000
D/UDP-TIMING(17342): 2081 0 0.157032000
D/UDP-TIMING(17342): 2082 0 0.146936000
D/UDP-TIMING(17342): 2083 0 0.136762000
D/UDP-TIMING(17342): 2084 0 0.156239000
D/UDP-TIMING(17342): 2085 0 0.146063000
D/UDP-TIMING(17342): 2086 0 0.166215000
D/UDP-TIMING(17342): 2087 0 0.156035000
D/UDP-TIMING(17342): 2088 0 0.145890000
D/UDP-TIMING(17342): 2089 0 0.135769000
D/UDP-TIMING(17342): 2090 0 0.155331000
D/UDP-TIMING(17342): 2091 0 0.145168000
D/UDP-TIMING(17342): 2092 0 0.134993000
D/UDP-TIMING(17342): 2093 0 0.155062000
D/UDP-TIMING(17342): 2094 0 0.144884000
D/UDP-TIMING(17342): 2095 0 0.134706000
D/UDP-TIMING(17342): 2096 0 0.154192000
D/UDP-TIMING(17342): 2097 0 0.144015000
D/UDP-TIMING(17342): 2098 0 0.163924000
D/UDP-TIMING(17342): 2099 0 0.153754000
D/UDP-TIMING(17342): 2100 0 0.143603000
D/UDP-TIMING(17342): 2101 0 0.133323000
D/UDP-TIMING(17342): 2102 0 0.153431000
D/UDP-TIMING(17342): 2103 0 0.143248000
D/UDP-TIMING(17342): 2104 0 0.133065000
D/UDP-TIMING(17342): 2105 0 0.152517000
D/UDP-TIMING(17342): 2106 0 0.142352000
D/UDP-TIMING(17342): 2107 0 0.132203000
D/UDP-TIMING(17342): 2108 0 0.152293000
D/UDP-TIMING(17342): 2109 0 0.142118000
D/UDP-TIMING(17342): 2110 0 0.131983000
D/UDP-TIMING(17342): 2111 0 0.151561000
D/UDP-TIMING(17342): 2112 0 0.141382000
D/UDP-TIMING(17342): 2113 0 0.131230000
D/UDP-TIMING(17342): 2114 0 0.151291000
D/UDP-TIMING(17342): 2115 0 0.141144000
D/UDP-TIMING(17342): 2116 0 0.160813000
D/UDP-TIMING(17342): 2117 0 0.150577000
D/UDP-TIMING(17342): 2118 0 0.140408000
D/UDP-TIMING(17342): 2119 0 0.130234000
D/UDP-TIMING(17342): 2120 0 0.150307000
D/UDP-TIMING(17342): 2121 0 0.140128000
D/UDP-TIMING(17342): 2122 0 0.129947000
D/UDP-TIMING(17342): 2123 0 0.149563000
D/UDP-TIMING(17342): 2124 0 0.139382000
D/UDP-TIMING(17342): 2125 0 0.129235000
D/UDP-TIMING(17342): 2126 0 0.149276000
D/UDP-TIMING(17342): 2127 0 0.139118000
D/UDP-TIMING(17342): 2128 0 0.128972000
D/UDP-TIMING(17342): 2129 0 0.148559000
D/UDP-TIMING(17342): 2130 0 0.138388000
D/UDP-TIMING(17342): 2131 0 0.128270000
D/UDP-TIMING(17342): 2132 0 0.148369000
D/UDP-TIMING(17342): 2133 0 0.138203000
D/UDP-TIMING(17342): 2134 0 0.157761000
D/UDP-TIMING(17342): 2135 0 0.147626000
D/UDP-TIMING(17342): 2136 0 0.137463000
D/UDP-TIMING(17342): 2137 0 0.157335000
D/UDP-TIMING(17342): 2138 0 0.147177000
D/UDP-TIMING(17342): 2139 0 0.136998000
D/UDP-TIMING(17342): 2140 0 0.157052000
D/UDP-TIMING(17342): 2141 0 0.146970000
D/UDP-TIMING(17342): 2142 0 0.136803000
D/UDP-TIMING(17342): 2143 0 0.156360000
D/UDP-TIMING(17342): 2144 0 0.146238000
D/UDP-TIMING(17342): 2145 0 0.136061000
D/UDP-TIMING(17342): 2146 0 0.156198000
D/UDP-TIMING(17342): 2147 0 0.146035000
D/UDP-TIMING(17342): 2148 0 0.135879000
D/UDP-TIMING(17342): 2149 0 0.155390000
D/UDP-TIMING(17342): 2150 0 0.145260000
D/UDP-TIMING(17342): 2151 0 0.135089000
D/UDP-TIMING(17342): 2152 0 0.155225000
D/UDP-TIMING(17342): 2153 0 0.145052000
D/UDP-TIMING(17342): 2154 0 0.134882000
D/UDP-TIMING(17342): 2155 0 0.154695000
D/UDP-TIMING(17342): 2156 0 0.144529000
D/UDP-TIMING(17342): 2157 0 0.134356000
D/UDP-TIMING(17342): 2158 0 0.154176000
D/UDP-TIMING(17342): 2159 0 0.144046000
D/UDP-TIMING(17342): 2160 0 0.133881000
D/UDP-TIMING(17342): 2161 0 0.153439000
D/UDP-TIMING(17342): 2162 0 0.143261000
D/UDP-TIMING(17342): 2163 0 0.133110000
D/UDP-TIMING(17342): 2164 0 0.153119000
D/UDP-TIMING(17342): 2165 0 0.142972000
D/UDP-TIMING(17342): 2166 0 0.132790000
D/UDP-TIMING(17342): 2167 0 0.152427000
D/UDP-TIMING(17342): 2168 0 0.142272000
D/UDP-TIMING(17342): 2169 0 0.132171000
E/TrafficStats( 1673): [QCTMM]tryAll index=0
E/TrafficStats( 1673): [QCTMM]tryAll index=1
E/TrafficStats( 1673): [QCTMM]tryAll index=2
E/TrafficStats( 1673): [QCTMM]tryAll index=0
E/TrafficStats( 1673): [QCTMM]tryAll index=1
E/TrafficStats( 1673): [QCTMM]tryAll index=2
D/DATA    ( 1860): [PhoneNotifier] notifyDataActivityLTE
D/DATA    ( 1860): [QCTMM] DataNetStatistics mIsScreenOn newActivity=DATAINANDOUT
D/DATA    ( 1860): sentSinceLastRecv=0,watchdogTrigger=10,maxindex=0
D/StatusBarPolicy( 1816): hasService()=true ,mDataState=2 ,mPhone.htcModemLinkOn()=false ,mDataActivity=3
D/UDP-TIMING(17342): 2170 0 0.152316000
D/UDP-TIMING(17342): 2171 0 0.142137000
D/UDP-TIMING(17342): 2172 0 0.131962000
D/StatusBarPolicy( 1816): slotType[0]=RUIM
D/UDP-TIMING(17342): 2173 0 0.150718000
D/UDP-TIMING(17342): 2174 0 0.140540000
D/UDP-TIMING(17342): 2175 0 0.160423000
D/UDP-TIMING(17342): 2176 0 0.150240000
D/UDP-TIMING(17342): 2177 0 0.140059000
D/UDP-TIMING(17342): 2178 0 0.129448000
D/UDP-TIMING(17342): 2179 0 0.149835000
D/UDP-TIMING(17342): 2180 0 0.139655000
D/UDP-TIMING(17342): 2181 0 0.129538000
D/UDP-TIMING(17342): 2182 0 0.149370000
D/UDP-TIMING(17342): 2183 0 0.139230000
D/UDP-TIMING(17342): 2184 0 0.129062000
D/UDP-TIMING(17342): 2185 0 0.149204000
D/UDP-TIMING(17342): 2186 0 0.139064000
D/UDP-TIMING(17342): 2187 0 0.128888000
D/UDP-TIMING(17342): 2188 0 0.148549000
D/UDP-TIMING(17342): 2189 0 0.138452000
D/UDP-TIMING(17342): 2190 0 0.128374000
D/UDP-TIMING(17342): 2191 0 0.148389000
D/UDP-TIMING(17342): 2192 0 0.138216000
D/UDP-TIMING(17342): 2193 0 0.128053000
D/UDP-TIMING(17342): 2194 0 0.147550000
D/UDP-TIMING(17342): 2195 0 0.137379000
D/UDP-TIMING(17342): 2196 0 0.157579000
D/UDP-TIMING(17342): 2197 0 0.147083000
D/UDP-TIMING(17342): 2198 0 0.136915000
D/UDP-TIMING(17342): 2199 0 0.156404000
D/UDP-TIMING(17342): 2200 0 0.146274000
D/UDP-TIMING(17342): 2201 0 0.136183000
D/UDP-TIMING(17342): 2202 0 0.156397000
D/UDP-TIMING(17342): 2203 0 0.146281000
D/UDP-TIMING(17342): 2204 0 0.136188000
D/UDP-TIMING(17342): 2205 0 0.155699000
D/UDP-TIMING(17342): 2206 0 0.145587000
D/UDP-TIMING(17342): 2207 0 0.135470000
D/UDP-TIMING(17342): 2208 0 0.155539000
D/UDP-TIMING(17342): 2209 0 0.145366000
D/UDP-TIMING(17342): 2210 0 0.135198000
D/UDP-TIMING(17342): 2211 0 0.154780000
D/UDP-TIMING(17342): 2212 0 0.144596000
D/UDP-TIMING(17342): 2213 0 0.134427000
D/UDP-TIMING(17342): 2214 0 0.154188000
D/UDP-TIMING(17342): 2215 0 0.144012000
D/UDP-TIMING(17342): 2216 0 0.133863000
D/UDP-TIMING(17342): 2217 0 0.154014000
D/UDP-TIMING(17342): 2218 0 0.143937000
D/UDP-TIMING(17342): 2219 0 0.133814000
D/UDP-TIMING(17342): 2220 0 0.153297000
D/UDP-TIMING(17342): 2221 0 0.143193000
D/UDP-TIMING(17342): 2222 0 0.133005000
D/UDP-TIMING(17342): 2223 0 0.153071000
D/UDP-TIMING(17342): 2224 0 0.142888000
D/UDP-TIMING(17342): 2225 0 0.132702000
E/TrafficStats(16531): [QCTMM]tryAll index=0
E/TrafficStats(16531): [QCTMM]tryAll index=1
E/TrafficStats(16531): [QCTMM]tryAll index=2
E/TrafficStats(16531): [QCTMM]tryAll index=0
E/TrafficStats(16531): [QCTMM]tryAll index=1
E/TrafficStats(16531): [QCTMM]tryAll index=2
D/UDP-TIMING(17342): 2226 0 0.152943000
D/UDP-TIMING(17342): 2227 0 0.142806000
D/UDP-TIMING(17342): 2228 0 0.132694000
E/TrafficStats(16531): [QCTMM]tryAll index=0
E/TrafficStats(16531): [QCTMM]tryAll index=1
E/TrafficStats(16531): [QCTMM]tryAll index=2
E/TrafficStats(16531): [QCTMM]tryAll index=0
E/TrafficStats(16531): [QCTMM]tryAll index=1
E/TrafficStats(16531): [QCTMM]tryAll index=2
D/UDP-TIMING(17342): 2229 0 0.153110000
D/UDP-TIMING(17342): 2230 0 0.142987000
D/UDP-TIMING(17342): 2231 0 0.132860000
D/UDP-TIMING(17342): 2232 0 0.151599000
D/UDP-TIMING(17342): 2233 0 0.141509000
D/UDP-TIMING(17342): 2234 0 0.131395000
D/UDP-TIMING(17342): 2235 0 0.151552000
D/UDP-TIMING(17342): 2236 0 0.141416000
D/UDP-TIMING(17342): 2237 0 0.131320000
D/UDP-TIMING(17342): 2238 0 0.150887000
D/UDP-TIMING(17342): 2239 0 0.140759000
D/UDP-TIMING(17342): 2240 0 0.130664000
D/UDP-TIMING(17342): 2241 0 0.150784000
D/UDP-TIMING(17342): 2242 0 0.140662000
D/UDP-TIMING(17342): 2243 0 0.130538000
D/UDP-TIMING(17342): 2244 0 0.150169000
D/UDP-TIMING(17342): 2245 0 0.139988000
D/UDP-TIMING(17342): 2246 0 0.129790000
D/UDP-TIMING(17342): 2247 0 0.150206000
D/UDP-TIMING(17342): 2248 0 0.140032000
D/UDP-TIMING(17342): 2249 0 0.129949000
D/UDP-TIMING(17342): 2250 0 0.149167000
D/UDP-TIMING(17342): 2251 0 0.138983000
D/UDP-TIMING(17342): 2252 0 0.128888000
D/UDP-TIMING(17342): 2253 0 0.148694000
D/UDP-TIMING(17342): 2254 0 0.138508000
D/UDP-TIMING(17342): 2255 0 0.128392000
D/UDP-TIMING(17342): 2256 0 0.148460000
D/UDP-TIMING(17342): 2257 0 0.138273000
D/UDP-TIMING(17342): 2258 0 0.157291000
D/UDP-TIMING(17342): 2259 0 0.147176000
D/UDP-TIMING(17342): 2260 0 0.137033000
D/UDP-TIMING(17342): 2261 0 0.157395000
D/UDP-TIMING(17342): 2262 0 0.147220000
D/UDP-TIMING(17342): 2263 0 0.137067000
D/UDP-TIMING(17342): 2264 0 0.156553000
D/UDP-TIMING(17342): 2265 0 0.146370000
D/UDP-TIMING(17342): 2266 0 0.136186000
D/UDP-TIMING(17342): 2267 0 0.156436000
D/UDP-TIMING(17342): 2268 0 0.146271000
D/UDP-TIMING(17342): 2269 0 0.136109000
E/TrafficStats( 1673): [QCTMM]tryAll index=0
E/TrafficStats( 1673): [QCTMM]tryAll index=1
E/TrafficStats( 1673): [QCTMM]tryAll index=2
E/TrafficStats( 1673): [QCTMM]tryAll index=0
E/TrafficStats( 1673): [QCTMM]tryAll index=1
E/TrafficStats( 1673): [QCTMM]tryAll index=2
D/UDP-TIMING(17342): 2270 0 0.155929000
D/UDP-TIMING(17342): 2271 0 0.145816000
D/UDP-TIMING(17342): 2272 0 0.135636000
D/DATA    ( 1860): [PhoneNotifier] notifyDataActivityLTE
D/DATA    ( 1860): [QCTMM] DataNetStatistics mIsScreenOn newActivity=DATAIN
D/DATA    ( 1860): sentSinceLastRecv=0,watchdogTrigger=10,maxindex=0
D/StatusBarPolicy( 1816): hasService()=true ,mDataState=2 ,mPhone.htcModemLinkOn()=false ,mDataActivity=1
D/StatusBarPolicy( 1816): slotType[0]=RUIM
D/UDP-TIMING(17342): 2273 0 0.155790000
D/UDP-TIMING(17342): 2274 0 0.145604000
D/UDP-TIMING(17342): 2275 0 0.135428000
D/UDP-TIMING(17342): 2276 0 0.154604000
D/UDP-TIMING(17342): 2277 0 0.144493000
D/UDP-TIMING(17342): 2278 0 0.134250000
D/UDP-TIMING(17342): 2279 0 0.153508000
D/UDP-TIMING(17342): 2280 0 0.143384000
D/UDP-TIMING(17342): 2281 0 0.133210000
D/Database(16531): dbopen(): path = /data/data/com.onavo.android.onavoid/databases/ui_events, flag = 6, file size = 14057472
D/Database(16531): dbopen(): path = /data/data/com.onavo.android.onavoid/databases/ui_events, mode: wal, disk free size: 2000 M, handle: 0x386398
D/UDP-TIMING(17342): 2282 0 0.153256000
D/UDP-TIMING(17342): 2283 0 0.143167000
D/UDP-TIMING(17342): 2284 0 0.163182000
D/UDP-TIMING(17342): 2285 0 0.153005000
D/UDP-TIMING(17342): 2286 0 0.142824000
D/UDP-TIMING(17342): 2287 0 0.132651000
D/Database(16531): dbclose(): path = /data/data/com.onavo.android.onavoid/databases/ui_events, handle = 0x386398
D/UDP-TIMING(17342): 2288 0 0.152033000
D/UDP-TIMING(17342): 2289 0 0.141877000
D/UDP-TIMING(17342): 2290 0 0.131700000
D/UDP-TIMING(17342): 2291 0 0.151646000
D/UDP-TIMING(17342): 2292 0 0.141470000
D/UDP-TIMING(17342): 2293 0 0.131281000
D/UDP-TIMING(17342): 2294 0 0.151182000
D/UDP-TIMING(17342): 2295 0 0.141058000
D/UDP-TIMING(17342): 2296 0 0.130930000
D/UDP-TIMING(17342): 2297 0 0.151136000
D/UDP-TIMING(17342): 2298 0 0.141029000
D/UDP-TIMING(17342): 2299 0 0.130900000
D/UDP-TIMING(17342): 2300 0 0.151014000
D/UDP-TIMING(17342): 2301 0 0.140922000
D/UDP-TIMING(17342): 2302 0 0.130801000
D/UDP-TIMING(17342): 2303 0 0.150373000
D/UDP-TIMING(17342): 2304 0 0.140253000
D/UDP-TIMING(17342): 2305 0 0.130154000
D/UDP-TIMING(17342): 2306 0 0.150302000
D/UDP-TIMING(17342): 2307 0 0.140096000
D/UDP-TIMING(17342): 2308 0 0.130011000
D/UDP-TIMING(17342): 2309 0 0.149585000
D/UDP-TIMING(17342): 2310 0 0.139454000
D/UDP-TIMING(17342): 2311 0 0.129283000
D/UDP-TIMING(17342): 2312 0 0.149490000
D/UDP-TIMING(17342): 2313 0 0.139350000
D/UDP-TIMING(17342): 2314 0 0.158940000
D/UDP-TIMING(17342): 2315 0 0.148757000
D/UDP-TIMING(17342): 2316 0 0.138578000
D/UDP-TIMING(17342): 2317 0 0.128466000
D/UDP-TIMING(17342): 2318 0 0.148587000
D/UDP-TIMING(17342): 2319 0 0.138475000
D/UDP-TIMING(17342): 2320 0 0.128349000
D/UDP-TIMING(17342): 2321 0 0.147886000
D/UDP-TIMING(17342): 2322 0 0.137753000
D/UDP-TIMING(17342): 2323 0 0.127603000
D/UDP-TIMING(17342): 2324 0 0.147680000
D/UDP-TIMING(17342): 2325 0 0.137530000
D/UDP-TIMING(17342): 2326 0 0.157178000
D/UDP-TIMING(17342): 2327 0 0.147047000
D/UDP-TIMING(17342): 2328 0 0.136945000
D/UDP-TIMING(17342): 2329 0 0.156704000
D/UDP-TIMING(17342): 2330 0 0.146525000
D/UDP-TIMING(17342): 2331 0 0.136346000
D/UDP-TIMING(17342): 2332 0 0.156411000
D/UDP-TIMING(17342): 2333 0 0.146233000
D/UDP-TIMING(17342): 2334 0 0.136056000
D/UDP-TIMING(17342): 2335 0 0.155629000
D/UDP-TIMING(17342): 2336 0 0.145449000
D/UDP-TIMING(17342): 2337 0 0.135311000
D/UDP-TIMING(17342): 2338 0 0.155429000
D/UDP-TIMING(17342): 2339 0 0.145244000
D/UDP-TIMING(17342): 2340 0 0.135064000
D/UDP-TIMING(17342): 2341 0 0.154600000
D/UDP-TIMING(17342): 2342 0 0.144419000
D/UDP-TIMING(17342): 2343 0 0.134274000
D/UDP-TIMING(17342): 2344 0 0.154303000
D/UDP-TIMING(17342): 2345 0 0.144154000
D/UDP-TIMING(17342): 2346 0 0.133972000
D/UDP-TIMING(17342): 2347 0 0.153483000
D/UDP-TIMING(17342): 2348 0 0.143378000
D/UDP-TIMING(17342): 2349 0 0.133187000
D/UDP-TIMING(17342): 2350 0 0.153307000
D/UDP-TIMING(17342): 2351 0 0.143153000
D/UDP-TIMING(17342): 2352 0 0.132970000
D/UDP-TIMING(17342): 2353 0 0.152488000
D/UDP-TIMING(17342): 2354 0 0.142306000
D/UDP-TIMING(17342): 2355 0 0.132158000
D/UDP-TIMING(17342): 2356 0 0.152278000
D/UDP-TIMING(17342): 2357 0 0.142138000
D/UDP-TIMING(17342): 2358 0 0.131964000
D/UDP-TIMING(17342): 2359 0 0.151419000
D/UDP-TIMING(17342): 2360 0 0.141271000
D/UDP-TIMING(17342): 2361 0 0.131085000
D/UDP-TIMING(17342): 2362 0 0.151237000
D/UDP-TIMING(17342): 2363 0 0.141054000
D/UDP-TIMING(17342): 2364 0 0.130901000
D/UDP-TIMING(17342): 2365 0 0.150257000
D/UDP-TIMING(17342): 2366 0 0.140115000
D/UDP-TIMING(17342): 2367 0 0.129985000
D/UDP-TIMING(17342): 2368 0 0.149810000
D/UDP-TIMING(17342): 2369 0 0.139646000
D/UDP-TIMING(17342): 2370 0 0.129470000
D/UDP-TIMING(17342): 2371 0 0.149707000
D/UDP-TIMING(17342): 2372 0 0.139532000
D/UDP-TIMING(17342): 2373 0 0.129443000
E/TrafficStats( 1673): [QCTMM]tryAll index=0
E/TrafficStats( 1673): [QCTMM]tryAll index=1
E/TrafficStats( 1673): [QCTMM]tryAll index=2
E/TrafficStats( 1673): [QCTMM]tryAll index=0
E/TrafficStats( 1673): [QCTMM]tryAll index=1
E/TrafficStats( 1673): [QCTMM]tryAll index=2
D/DATA    ( 1860): sentSinceLastRecv=0,watchdogTrigger=10,maxindex=0
D/UDP-TIMING(17342): 2374 0 0.149385000
D/UDP-TIMING(17342): 2375 0 0.139203000
D/UDP-TIMING(17342): 2376 0 0.129042000
D/UDP-TIMING(17342): 2377 0 0.148826000
D/UDP-TIMING(17342): 2378 0 0.138720000
D/UDP-TIMING(17342): 2379 0 0.128594000
D/UDP-TIMING(17342): 2380 0 0.147958000
D/UDP-TIMING(17342): 2381 0 0.137812000
D/StatusBarPolicy( 1816): iconIndex=1
D/UDP-TIMING(17342): 2382 0 0.158064000
D/UDP-TIMING(17342): 2383 0 0.147970000
D/UDP-TIMING(17342): 2384 0 0.137789000
V/StatusBarPolicy( 1816): cdmaLevel:4;max:4
D/StatusBarPolicy( 1816): iconLevel:4
D/UDP-TIMING(17342): 2385 0 0.157272000
D/UDP-TIMING(17342): 2386 0 0.147104000
D/UDP-TIMING(17342): 2387 0 0.136928000
I/PhoneInfo( 2188): getCdmaLevel - cdmaDbm: -71 cdmaEcio:-70
I/PhoneInfo( 2188): getEvdoLevel - evdoDbm: -120 evdoSnr:-1 evdoEcio:-1
I/PhoneInfo( 2188): getLteLevel - lteRsrp: -1 lteCqi:-1
D/UDP-TIMING(17342): 2388 0 0.156328000
D/UDP-TIMING(17342): 2389 0 0.146237000
D/UDP-TIMING(17342): 2390 0 0.136113000
D/UDP-TIMING(17342): 2391 0 0.156356000
D/UDP-TIMING(17342): 2392 0 0.146234000
D/UDP-TIMING(17342): 2393 0 0.136053000
D/UDP-TIMING(17342): 2394 0 0.156024000
D/UDP-TIMING(17342): 2395 0 0.145841000
D/UDP-TIMING(17342): 2396 0 0.135664000
D/UDP-TIMING(17342): 2397 0 0.155243000
D/UDP-TIMING(17342): 2398 0 0.145085000
D/UDP-TIMING(17342): 2399 0 0.134910000
D/UDP-TIMING(17342): 2400 0 0.155006000
D/UDP-TIMING(17342): 2401 0 0.144827000
D/UDP-TIMING(17342): 2402 0 0.134644000
D/UDP-TIMING(17342): 2403 0 0.154158000
D/UDP-TIMING(17342): 2404 0 0.143976000
D/UDP-TIMING(17342): 2405 0 0.133789000
D/UDP-TIMING(17342): 2406 0 0.153639000
D/UDP-TIMING(17342): 2407 0 0.143476000
D/UDP-TIMING(17342): 2408 0 0.133298000
D/UDP-TIMING(17342): 2409 0 0.153401000
D/UDP-TIMING(17342): 2410 0 0.143223000
D/UDP-TIMING(17342): 2411 0 0.133072000
D/UDP-TIMING(17342): 2412 0 0.152657000
D/UDP-TIMING(17342): 2413 0 0.142483000
D/UDP-TIMING(17342): 2414 0 0.132331000
D/UDP-TIMING(17342): 2415 0 0.152364000
D/UDP-TIMING(17342): 2416 0 0.142182000
D/UDP-TIMING(17342): 2417 0 0.132061000
D/UDP-TIMING(17342): 2418 0 0.151649000
D/UDP-TIMING(17342): 2419 0 0.141478000
D/UDP-TIMING(17342): 2420 0 0.131307000
D/UDP-TIMING(17342): 2421 0 0.151319000
D/UDP-TIMING(17342): 2422 0 0.141145000
D/UDP-TIMING(17342): 2423 0 0.160780000
D/UDP-TIMING(17342): 2424 0 0.150564000
D/UDP-TIMING(17342): 2425 0 0.140412000
D/UDP-TIMING(17342): 2426 0 0.130247000
D/UDP-TIMING(17342): 2427 0 0.150446000
D/UDP-TIMING(17342): 2428 0 0.140265000
D/UDP-TIMING(17342): 2429 0 0.130113000
D/UDP-TIMING(17342): 2430 0 0.149657000
D/UDP-TIMING(17342): 2431 0 0.139477000
D/UDP-TIMING(17342): 2432 0 0.129292000
D/UDP-TIMING(17342): 2433 0 0.149528000
D/UDP-TIMING(17342): 2434 0 0.139295000
D/UDP-TIMING(17342): 2435 0 0.129168000
D/UDP-TIMING(17342): 2436 0 0.148651000
D/UDP-TIMING(17342): 2437 0 0.138526000
D/UDP-TIMING(17342): 2438 0 0.128369000
D/UDP-TIMING(17342): 2439 0 0.148158000
D/UDP-TIMING(17342): 2440 0 0.137972000
D/UDP-TIMING(17342): 2441 0 0.127796000
D/UDP-TIMING(17342): 2442 0 0.147615000
D/UDP-TIMING(17342): 2443 0 0.137433000
D/UDP-TIMING(17342): 2444 0 0.127256000
D/UDP-TIMING(17342): 2445 0 0.147056000
D/UDP-TIMING(17342): 2446 0 0.136918000
D/UDP-TIMING(17342): 2447 0 0.157351000
D/UDP-TIMING(17342): 2448 0 0.147169000
D/UDP-TIMING(17342): 2449 0 0.136993000
D/UDP-TIMING(17342): 2450 0 0.156203000
D/UDP-TIMING(17342): 2451 0 0.146052000
D/UDP-TIMING(17342): 2452 0 0.135872000
D/UDP-TIMING(17342): 2453 0 0.156004000
D/UDP-TIMING(17342): 2454 0 0.145828000
D/UDP-TIMING(17342): 2455 0 0.135675000
D/UDP-TIMING(17342): 2456 0 0.155171000
D/UDP-TIMING(17342): 2457 0 0.144968000
D/UDP-TIMING(17342): 2458 0 0.134878000
D/UDP-TIMING(17342): 2459 0 0.155001000
D/UDP-TIMING(17342): 2460 0 0.144821000
D/UDP-TIMING(17342): 2461 0 0.134633000
D/UDP-TIMING(17342): 2462 0 0.154118000
D/UDP-TIMING(17342): 2463 0 0.143944000
D/UDP-TIMING(17342): 2464 0 0.133758000
D/UDP-TIMING(17342): 2465 0 0.153855000
D/UDP-TIMING(17342): 2466 0 0.143684000
D/UDP-TIMING(17342): 2467 0 0.133625000
D/UDP-TIMING(17342): 2468 0 0.153104000
D/UDP-TIMING(17342): 2469 0 0.142926000
D/UDP-TIMING(17342): 2470 0 0.132749000
E/TrafficStats( 1673): [QCTMM]tryAll index=0
E/TrafficStats( 1673): [QCTMM]tryAll index=1
D/UDP-TIMING(17342): 2471 0 0.152874000
E/TrafficStats( 1673): [QCTMM]tryAll index=2
D/UDP-TIMING(17342): 2472 0 0.142695000
D/UDP-TIMING(17342): 2473 0 0.132513000
E/TrafficStats( 1673): [QCTMM]tryAll index=0
E/TrafficStats( 1673): [QCTMM]tryAll index=1
E/TrafficStats( 1673): [QCTMM]tryAll index=2
D/DATA    ( 1860): sentSinceLastRecv=0,watchdogTrigger=10,maxindex=0
D/UDP-TIMING(17342): 2474 0 0.152853000
D/UDP-TIMING(17342): 2475 0 0.142728000
D/UDP-TIMING(17342): 2476 0 0.132624000
D/UDP-TIMING(17342): 2477 0 0.151727000
D/UDP-TIMING(17342): 2478 0 0.141547000
D/UDP-TIMING(17342): 2479 0 0.131370000
D/UDP-TIMING(17342): 2480 0 0.151520000
D/UDP-TIMING(17342): 2481 0 0.141367000
D/UDP-TIMING(17342): 2482 0 0.131185000
D/UDP-TIMING(17342): 2483 0 0.150681000
D/UDP-TIMING(17342): 2484 0 0.140551000
D/UDP-TIMING(17342): 2485 0 0.130446000
D/UDP-TIMING(17342): 2486 0 0.150693000
D/UDP-TIMING(17342): 2487 0 0.140585000
D/UDP-TIMING(17342): 2488 0 0.130491000
D/UDP-TIMING(17342): 2489 0 0.149930000
D/UDP-TIMING(17342): 2490 0 0.139789000
D/UDP-TIMING(17342): 2491 0 0.129685000
D/UDP-TIMING(17342): 2492 0 0.149833000
D/UDP-TIMING(17342): 2493 0 0.139702000
D/UDP-TIMING(17342): 2494 0 0.129603000
D/UDP-TIMING(17342): 2495 0 0.149072000
D/UDP-TIMING(17342): 2496 0 0.138972000
D/UDP-TIMING(17342): 2497 0 0.159164000
D/UDP-TIMING(17342): 2498 0 0.149062000
D/UDP-TIMING(17342): 2499 0 0.138930000
D/UDP-TIMING(17342): 2500 0 0.128803000
D/UDP-TIMING(17342): 2501 0 0.148412000
D/UDP-TIMING(17342): 2502 0 0.138295000
D/UDP-TIMING(17342): 2503 0 0.128167000
D/UDP-TIMING(17342): 2504 0 0.148220000
D/UDP-TIMING(17342): 2505 0 0.138114000
D/UDP-TIMING(17342): 2506 0 0.157868000
D/UDP-TIMING(17342): 2507 0 0.147781000
D/UDP-TIMING(17342): 2508 0 0.137658000
D/UDP-TIMING(17342): 2509 0 0.127537000
D/UDP-TIMING(17342): 2510 0 0.147529000
D/UDP-TIMING(17342): 2511 0 0.137393000
D/UDP-TIMING(17342): 2512 0 0.156745000
D/UDP-TIMING(17342): 2513 0 0.146618000
D/UDP-TIMING(17342): 2514 0 0.136528000
D/UDP-TIMING(17342): 2515 0 0.156672000
D/UDP-TIMING(17342): 2516 0 0.146575000
D/UDP-TIMING(17342): 2517 0 0.136405000
D/UDP-TIMING(17342): 2518 0 0.156492000
D/UDP-TIMING(17342): 2519 0 0.146313000
D/UDP-TIMING(17342): 2520 0 0.136159000
D/UDP-TIMING(17342): 2521 0 0.155730000
D/UDP-TIMING(17342): 2522 0 0.145551000
D/UDP-TIMING(17342): 2523 0 0.135397000
D/UDP-TIMING(17342): 2524 0 0.155370000
D/UDP-TIMING(17342): 2525 0 0.145211000
D/UDP-TIMING(17342): 2526 0 0.135033000
D/UDP-TIMING(17342): 2527 0 0.154579000
D/UDP-TIMING(17342): 2528 0 0.144400000
D/UDP-TIMING(17342): 2529 0 0.134217000
D/UDP-TIMING(17342): 2530 0 0.154382000
D/UDP-TIMING(17342): 2531 0 0.144199000
D/UDP-TIMING(17342): 2532 0 0.134014000
D/UDP-TIMING(17342): 2533 0 0.153525000
D/UDP-TIMING(17342): 2534 0 0.143335000
D/UDP-TIMING(17342): 2535 0 0.133170000
D/UDP-TIMING(17342): 2536 0 0.153405000
D/UDP-TIMING(17342): 2537 0 0.143245000
D/UDP-TIMING(17342): 2538 0 0.133089000
D/UDP-TIMING(17342): 2539 0 0.152497000
D/UDP-TIMING(17342): 2540 0 0.142311000
D/UDP-TIMING(17342): 2541 0 0.132165000
D/UDP-TIMING(17342): 2542 0 0.152256000
D/UDP-TIMING(17342): 2543 0 0.142070000
D/UDP-TIMING(17342): 2544 0 0.131884000
D/UDP-TIMING(17342): 2545 0 0.151417000
D/UDP-TIMING(17342): 2546 0 0.141250000
D/UDP-TIMING(17342): 2547 0 0.161375000
D/UDP-TIMING(17342): 2548 0 0.151243000
D/UDP-TIMING(17342): 2549 0 0.141062000
D/UDP-TIMING(17342): 2550 0 0.130882000
D/UDP-TIMING(17342): 2551 0 0.150453000
D/UDP-TIMING(17342): 2552 0 0.140274000
D/UDP-TIMING(17342): 2553 0 0.130090000
D/UDP-TIMING(17342): 2554 0 0.149877000
D/UDP-TIMING(17342): 2555 0 0.139746000
D/UDP-TIMING(17342): 2556 0 0.160015000
D/UDP-TIMING(17342): 2557 0 0.149933000
D/UDP-TIMING(17342): 2558 0 0.139753000
D/UDP-TIMING(17342): 2559 0 0.159307000
D/UDP-TIMING(17342): 2560 0 0.149185000
D/UDP-TIMING(17342): 2561 0 0.139008000
D/UDP-TIMING(17342): 2562 0 0.128916000
D/UDP-TIMING(17342): 2563 0 0.148981000
D/UDP-TIMING(17342): 2564 0 0.138836000
D/UDP-TIMING(17342): 2565 0 0.128662000
D/UDP-TIMING(17342): 2566 0 0.148260000
D/UDP-TIMING(17342): 2567 0 0.138175000
D/UDP-TIMING(17342): 2568 0 0.128056000
D/UDP-TIMING(17342): 2569 0 0.148067000
D/UDP-TIMING(17342): 2570 0 0.137925000
D/UDP-TIMING(17342): 2571 0 0.127753000
D/UDP-TIMING(17342): 2572 0 0.147251000
D/UDP-TIMING(17342): 2573 0 0.137086000
E/TrafficStats( 1673): [QCTMM]tryAll index=0
E/TrafficStats( 1673): [QCTMM]tryAll index=1
E/TrafficStats( 1673): [QCTMM]tryAll index=2
E/TrafficStats( 1673): [QCTMM]tryAll index=0
E/TrafficStats( 1673): [QCTMM]tryAll index=1
E/TrafficStats( 1673): [QCTMM]tryAll index=2
D/DATA    ( 1860): [PhoneNotifier] notifyDataActivityLTE
D/DATA    ( 1860): [QCTMM] DataNetStatistics mIsScreenOn newActivity=DATAINANDOUT
D/DATA    ( 1860): sentSinceLastRecv=0,watchdogTrigger=10,maxindex=0
D/UDP-TIMING(17342): 2574 0 0.157391000
D/UDP-TIMING(17342): 2575 0 0.147266000
D/UDP-TIMING(17342): 2576 0 0.137105000
D/StatusBarPolicy( 1816): hasService()=true ,mDataState=2 ,mPhone.htcModemLinkOn()=false ,mDataActivity=3
D/StatusBarPolicy( 1816): slotType[0]=RUIM
D/UDP-TIMING(17342): 2577 0 0.156528000
D/UDP-TIMING(17342): 2578 0 0.146347000
D/UDP-TIMING(17342): 2579 0 0.136223000
D/UDP-TIMING(17342): 2580 0 0.155802000
D/UDP-TIMING(17342): 2581 0 0.145620000
D/UDP-TIMING(17342): 2582 0 0.135440000
D/UDP-TIMING(17342): 2583 0 0.155440000
D/UDP-TIMING(17342): 2584 0 0.145263000
D/UDP-TIMING(17342): 2585 0 0.135120000
D/UDP-TIMING(17342): 2586 0 0.155203000
D/UDP-TIMING(17342): 2587 0 0.145067000
D/UDP-TIMING(17342): 2588 0 0.134901000
D/UDP-TIMING(17342): 2589 0 0.154415000
D/UDP-TIMING(17342): 2590 0 0.144236000
D/UDP-TIMING(17342): 2591 0 0.134083000
D/UDP-TIMING(17342): 2592 0 0.153898000
D/UDP-TIMING(17342): 2593 0 0.143714000
D/UDP-TIMING(17342): 2594 0 0.133553000
D/UDP-TIMING(17342): 2595 0 0.153701000
D/UDP-TIMING(17342): 2596 0 0.143525000
D/UDP-TIMING(17342): 2597 0 0.133343000
D/UDP-TIMING(17342): 2598 0 0.152787000
D/UDP-TIMING(17342): 2599 0 0.142641000
D/UDP-TIMING(17342): 2600 0 0.132469000
D/UDP-TIMING(17342): 2601 0 0.152622000
D/UDP-TIMING(17342): 2602 0 0.142445000
D/UDP-TIMING(17342): 2603 0 0.132277000
D/UDP-TIMING(17342): 2604 0 0.151731000
D/UDP-TIMING(17342): 2605 0 0.141614000
D/UDP-TIMING(17342): 2606 0 0.131453000
D/UDP-TIMING(17342): 2607 0 0.151590000
D/UDP-TIMING(17342): 2608 0 0.141379000
D/UDP-TIMING(17342): 2609 0 0.131207000
D/UDP-TIMING(17342): 2610 0 0.150806000
D/UDP-TIMING(17342): 2611 0 0.140626000
D/UDP-TIMING(17342): 2612 0 0.130443000
D/UDP-TIMING(17342): 2613 0 0.150504000
D/UDP-TIMING(17342): 2614 0 0.140327000
D/UDP-TIMING(17342): 2615 0 0.159830000
D/UDP-TIMING(17342): 2616 0 0.149769000
D/UDP-TIMING(17342): 2617 0 0.139646000
D/UDP-TIMING(17342): 2618 0 0.129445000
D/UDP-TIMING(17342): 2619 0 0.149506000
D/UDP-TIMING(17342): 2620 0 0.139323000
D/UDP-TIMING(17342): 2621 0 0.158928000
D/UDP-TIMING(17342): 2622 0 0.148753000
D/UDP-TIMING(17342): 2623 0 0.138609000
D/UDP-TIMING(17342): 2624 0 0.128451000
D/UDP-TIMING(17342): 2625 0 0.148532000
D/UDP-TIMING(17342): 2626 0 0.138367000
D/UDP-TIMING(17342): 2627 0 0.157938000
D/UDP-TIMING(17342): 2628 0 0.147760000
D/UDP-TIMING(17342): 2629 0 0.137576000
D/UDP-TIMING(17342): 2630 0 0.157439000
D/UDP-TIMING(17342): 2631 0 0.147255000
D/UDP-TIMING(17342): 2632 0 0.137073000
D/UDP-TIMING(17342): 2633 0 0.157165000
D/UDP-TIMING(17342): 2634 0 0.146996000
D/UDP-TIMING(17342): 2635 0 0.136837000
D/UDP-TIMING(17342): 2636 0 0.156332000
D/UDP-TIMING(17342): 2637 0 0.146157000
D/UDP-TIMING(17342): 2638 0 0.136003000
D/UDP-TIMING(17342): 2639 0 0.156394000
D/UDP-TIMING(17342): 2640 0 0.146218000
D/UDP-TIMING(17342): 2641 0 0.136040000
D/UDP-TIMING(17342): 2642 0 0.155275000
D/UDP-TIMING(17342): 2643 0 0.145099000
D/UDP-TIMING(17342): 2644 0 0.134923000
D/UDP-TIMING(17342): 2645 0 0.155012000
D/UDP-TIMING(17342): 2646 0 0.144864000
D/UDP-TIMING(17342): 2647 0 0.134679000
D/UDP-TIMING(17342): 2648 0 0.154127000
D/UDP-TIMING(17342): 2649 0 0.143948000
D/UDP-TIMING(17342): 2650 0 0.133769000
D/UDP-TIMING(17342): 2651 0 0.153894000
D/UDP-TIMING(17342): 2652 0 0.143714000
D/UDP-TIMING(17342): 2653 0 0.133559000
D/UDP-TIMING(17342): 2654 0 0.153155000
D/UDP-TIMING(17342): 2655 0 0.143007000
D/UDP-TIMING(17342): 2656 0 0.132887000
D/UDP-TIMING(17342): 2657 0 0.152862000
D/UDP-TIMING(17342): 2658 0 0.142674000
D/UDP-TIMING(17342): 2659 0 0.132526000
D/UDP-TIMING(17342): 2660 0 0.152104000
D/UDP-TIMING(17342): 2661 0 0.141926000
D/UDP-TIMING(17342): 2662 0 0.131769000
D/UDP-TIMING(17342): 2663 0 0.151806000
D/UDP-TIMING(17342): 2664 0 0.141640000
D/UDP-TIMING(17342): 2665 0 0.131473000
D/UDP-TIMING(17342): 2666 0 0.151014000
D/UDP-TIMING(17342): 2667 0 0.140922000
D/UDP-TIMING(17342): 2668 0 0.130803000
D/UDP-TIMING(17342): 2669 0 0.150686000
D/UDP-TIMING(17342): 2670 0 0.140569000
D/UDP-TIMING(17342): 2671 0 0.130448000
D/UDP-TIMING(17342): 2672 0 0.150633000
D/UDP-TIMING(17342): 2673 0 0.140541000
D/UDP-TIMING(17342): 2674 0 0.130416000
E/TrafficStats( 1673): [QCTMM]tryAll index=0
E/TrafficStats( 1673): [QCTMM]tryAll index=1
E/TrafficStats( 1673): [QCTMM]tryAll index=2
E/TrafficStats( 1673): [QCTMM]tryAll index=0
E/TrafficStats( 1673): [QCTMM]tryAll index=1
E/TrafficStats( 1673): [QCTMM]tryAll index=2
D/DATA    ( 1860): [PhoneNotifier] notifyDataActivityLTE
D/UDP-TIMING(17342): 2675 0 0.150080000
D/UDP-TIMING(17342): 2676 0 0.139958000
D/DATA    ( 1860): [QCTMM] DataNetStatistics mIsScreenOn newActivity=DATAIN
D/DATA    ( 1860): sentSinceLastRecv=0,watchdogTrigger=10,maxindex=0
D/StatusBarPolicy( 1816): hasService()=true ,mDataState=2 ,mPhone.htcModemLinkOn()=false ,mDataActivity=1
D/UDP-TIMING(17342): 2677 0 0.160141000
D/UDP-TIMING(17342): 2678 0 0.150066000
D/UDP-TIMING(17342): 2679 0 0.139949000
D/UDP-TIMING(17342): 2680 0 0.129841000
D/StatusBarPolicy( 1816): slotType[0]=RUIM
D/UDP-TIMING(17342): 2681 0 0.148628000
D/UDP-TIMING(17342): 2682 0 0.138449000
D/UDP-TIMING(17342): 2683 0 0.158557000
D/UDP-TIMING(17342): 2684 0 0.148462000
D/UDP-TIMING(17342): 2685 0 0.138366000
D/UDP-TIMING(17342): 2686 0 0.158707000
D/UDP-TIMING(17342): 2687 0 0.148533000
D/UDP-TIMING(17342): 2688 0 0.138353000
D/UDP-TIMING(17342): 2689 0 0.128165000
D/UDP-TIMING(17342): 2690 0 0.148372000
D/UDP-TIMING(17342): 2691 0 0.138190000
D/UDP-TIMING(17342): 2692 0 0.128006000
D/UDP-TIMING(17342): 2693 0 0.147511000
D/UDP-TIMING(17342): 2694 0 0.137381000
D/UDP-TIMING(17342): 2695 0 0.157602000
D/UDP-TIMING(17342): 2696 0 0.147512000
D/UDP-TIMING(17342): 2697 0 0.137352000
D/UDP-TIMING(17342): 2698 0 0.156834000
D/UDP-TIMING(17342): 2699 0 0.146656000
D/UDP-TIMING(17342): 2700 0 0.136474000
D/UDP-TIMING(17342): 2701 0 0.156560000
D/UDP-TIMING(17342): 2702 0 0.146435000
D/UDP-TIMING(17342): 2703 0 0.136266000
D/UDP-TIMING(17342): 2704 0 0.155928000
D/UDP-TIMING(17342): 2705 0 0.145799000
D/UDP-TIMING(17342): 2706 0 0.135637000
D/UDP-TIMING(17342): 2707 0 0.155427000
D/UDP-TIMING(17342): 2708 0 0.145250000
D/UDP-TIMING(17342): 2709 0 0.135064000
D/UDP-TIMING(17342): 2710 0 0.155246000
D/UDP-TIMING(17342): 2711 0 0.145066000
D/UDP-TIMING(17342): 2712 0 0.134922000
D/UDP-TIMING(17342): 2713 0 0.154353000
D/UDP-TIMING(17342): 2714 0 0.144151000
D/UDP-TIMING(17342): 2715 0 0.133974000
D/UDP-TIMING(17342): 2716 0 0.154159000
D/UDP-TIMING(17342): 2717 0 0.143983000
D/UDP-TIMING(17342): 2718 0 0.133801000
D/UDP-TIMING(17342): 2719 0 0.153196000
D/UDP-TIMING(17342): 2720 0 0.143049000
D/UDP-TIMING(17342): 2721 0 0.163263000
D/UDP-TIMING(17342): 2722 0 0.153119000
D/UDP-TIMING(17342): 2723 0 0.142959000
D/UDP-TIMING(17342): 2724 0 0.132830000
D/UDP-TIMING(17342): 2725 0 0.152271000
D/UDP-TIMING(17342): 2726 0 0.142094000
D/UDP-TIMING(17342): 2727 0 0.131931000
D/UDP-TIMING(17342): 2728 0 0.152050000
D/UDP-TIMING(17342): 2729 0 0.141860000
D/UDP-TIMING(17342): 2730 0 0.161419000
D/UDP-TIMING(17342): 2731 0 0.151241000
D/UDP-TIMING(17342): 2732 0 0.141064000
D/UDP-TIMING(17342): 2733 0 0.161147000
D/UDP-TIMING(17342): 2734 0 0.150972000
D/UDP-TIMING(17342): 2735 0 0.140840000
D/UDP-TIMING(17342): 2736 0 0.160438000
D/UDP-TIMING(17342): 2737 0 0.150257000
D/UDP-TIMING(17342): 2738 0 0.140073000
D/UDP-TIMING(17342): 2739 0 0.129920000
D/UDP-TIMING(17342): 2740 0 0.150020000
D/UDP-TIMING(17342): 2741 0 0.139840000
D/UDP-TIMING(17342): 2742 0 0.129591000
D/UDP-TIMING(17342): 2743 0 0.149357000
D/UDP-TIMING(17342): 2744 0 0.139291000
D/UDP-TIMING(17342): 2745 0 0.129163000
D/UDP-TIMING(17342): 2746 0 0.149013000
D/UDP-TIMING(17342): 2747 0 0.138834000
D/UDP-TIMING(17342): 2748 0 0.128709000
D/UDP-TIMING(17342): 2749 0 0.148631000
D/UDP-TIMING(17342): 2750 0 0.138446000
D/UDP-TIMING(17342): 2751 0 0.128262000
D/UDP-TIMING(17342): 2752 0 0.147738000
D/UDP-TIMING(17342): 2753 0 0.137601000
D/UDP-TIMING(17342): 2754 0 0.157804000
D/UDP-TIMING(17342): 2755 0 0.147718000
D/UDP-TIMING(17342): 2756 0 0.137549000
D/UDP-TIMING(17342): 2757 0 0.157182000
D/UDP-TIMING(17342): 2758 0 0.147018000
D/UDP-TIMING(17342): 2759 0 0.136846000
D/UDP-TIMING(17342): 2760 0 0.156934000
D/UDP-TIMING(17342): 2761 0 0.146810000
D/UDP-TIMING(17342): 2762 0 0.136678000
D/UDP-TIMING(17342): 2763 0 0.156171000
D/UDP-TIMING(17342): 2764 0 0.146078000
D/UDP-TIMING(17342): 2765 0 0.135915000
D/UDP-TIMING(17342): 2766 0 0.156021000
D/UDP-TIMING(17342): 2767 0 0.145855000
D/UDP-TIMING(17342): 2768 0 0.135712000
D/UDP-TIMING(17342): 2769 0 0.155202000
D/UDP-TIMING(17342): 2770 0 0.145054000
D/UDP-TIMING(17342): 2771 0 0.134887000
D/UDP-TIMING(17342): 2772 0 0.154967000
D/UDP-TIMING(17342): 2773 0 0.144837000
D/UDP-TIMING(17342): 2774 0 0.134657000
D/UDP-TIMING(17342): 2775 0 0.154223000
D/UDP-TIMING(17342): 2776 0 0.144045000
D/UDP-TIMING(17342): 2777 0 0.133880000
E/TrafficStats( 1673): [QCTMM]tryAll index=0
E/TrafficStats( 1673): [QCTMM]tryAll index=1
E/TrafficStats( 1673): [QCTMM]tryAll index=2
E/TrafficStats( 1673): [QCTMM]tryAll index=0
E/TrafficStats( 1673): [QCTMM]tryAll index=1
E/TrafficStats( 1673): [QCTMM]tryAll index=2
D/DATA    ( 1860): sentSinceLastRecv=0,watchdogTrigger=10,maxindex=0
D/UDP-TIMING(17342): 2778 0 0.154459000
D/UDP-TIMING(17342): 2779 0 0.144322000
D/UDP-TIMING(17342): 2780 0 0.134148000
D/UDP-TIMING(17342): 2781 0 0.153176000
D/UDP-TIMING(17342): 2782 0 0.143022000
D/UDP-TIMING(17342): 2783 0 0.132913000
D/UDP-TIMING(17342): 2784 0 0.152689000
D/UDP-TIMING(17342): 2785 0 0.142553000
D/UDP-TIMING(17342): 2786 0 0.132430000
D/UDP-TIMING(17342): 2787 0 0.152595000
D/UDP-TIMING(17342): 2788 0 0.142430000
D/UDP-TIMING(17342): 2789 0 0.132267000
D/UDP-TIMING(17342): 2790 0 0.151715000
D/UDP-TIMING(17342): 2791 0 0.141529000
D/UDP-TIMING(17342): 2792 0 0.131367000
D/UDP-TIMING(17342): 2793 0 0.151590000
D/UDP-TIMING(17342): 2794 0 0.141416000
D/UDP-TIMING(17342): 2795 0 0.131272000
D/UDP-TIMING(17342): 2796 0 0.150649000
D/UDP-TIMING(17342): 2797 0 0.140515000
D/UDP-TIMING(17342): 2798 0 0.130329000
D/UDP-TIMING(17342): 2799 0 0.150384000
D/UDP-TIMING(17342): 2800 0 0.140201000
D/UDP-TIMING(17342): 2801 0 0.130031000
D/UDP-TIMING(17342): 2802 0 0.149639000
D/UDP-TIMING(17342): 2803 0 0.139474000
D/UDP-TIMING(17342): 2804 0 0.129303000
