D/UDP-TIMING(17566): 2653 0 0.171795000
D/UDP-TIMING(17566): 2654 0 0.191215000
D/UDP-TIMING(17566): 2655 0 0.181053000
D/UDP-TIMING(17566): 2656 0 0.170929000
D/UDP-TIMING(17566): 2657 0 0.191146000
D/UDP-TIMING(17566): 2658 0 0.180980000
D/UDP-TIMING(17566): 2659 0 0.170797000
D/UDP-TIMING(17566): 2660 0 0.190284000
D/UDP-TIMING(17566): 2661 0 0.180102000
D/UDP-TIMING(17566): 2662 0 0.169992000
D/UDP-TIMING(17566): 2663 0 0.190151000
D/UDP-TIMING(17566): 2664 0 0.180000000
D/UDP-TIMING(17566): 2665 0 0.169846000
D/UDP-TIMING(17566): 2666 0 0.189260000
D/UDP-TIMING(17566): 2667 0 0.179087000
D/UDP-TIMING(17566): 2668 0 0.168904000
D/UDP-TIMING(17566): 2669 0 0.189085000
D/UDP-TIMING(17566): 2670 0 0.178903000
D/UDP-TIMING(17566): 2671 0 0.168722000
D/UDP-TIMING(17566): 2672 0 0.188196000
D/UDP-TIMING(17566): 2673 0 0.178047000
D/UDP-TIMING(17566): 2674 0 0.167868000
D/UDP-TIMING(17566): 2675 0 0.188072000
D/UDP-TIMING(17566): 2676 0 0.177921000
D/UDP-TIMING(17566): 2677 0 0.167758000
D/UDP-TIMING(17566): 2678 0 0.187197000
D/UDP-TIMING(17566): 2679 0 0.177014000
D/UDP-TIMING(17566): 2680 0 0.166866000
D/UDP-TIMING(17566): 2681 0 0.186991000
D/UDP-TIMING(17566): 2682 0 0.176807000
D/UDP-TIMING(17566): 2683 0 0.166657000
D/UDP-TIMING(17566): 2684 0 0.186115000
D/UDP-TIMING(17566): 2685 0 0.175942000
D/UDP-TIMING(17566): 2686 0 0.165784000
D/UDP-TIMING(17566): 2687 0 0.185668000
D/UDP-TIMING(17566): 2688 0 0.175449000
D/UDP-TIMING(17566): 2689 0 0.165293000
D/UDP-TIMING(17566): 2690 0 0.185387000
D/UDP-TIMING(17566): 2691 0 0.175212000
D/UDP-TIMING(17566): 2692 0 0.165032000
D/UDP-TIMING(17566): 2693 0 0.184564000
D/UDP-TIMING(17566): 2694 0 0.174384000
D/UDP-TIMING(17566): 2695 0 0.164244000
D/UDP-TIMING(17566): 2696 0 0.184427000
D/UDP-TIMING(17566): 2697 0 0.174267000
D/UDP-TIMING(17566): 2698 0 0.164135000
D/UDP-TIMING(17566): 2699 0 0.183633000
D/UDP-TIMING(17566): 2700 0 0.173452000
D/UDP-TIMING(17566): 2701 0 0.163356000
D/UDP-TIMING(17566): 2702 0 0.183480000
D/UDP-TIMING(17566): 2703 0 0.173328000
D/UDP-TIMING(17566): 2704 0 0.163197000
D/UDP-TIMING(17566): 2705 0 0.182742000
D/UDP-TIMING(17566): 2706 0 0.172635000
D/UDP-TIMING(17566): 2707 0 0.192895000
D/UDP-TIMING(17566): 2708 0 0.182731000
D/UDP-TIMING(17566): 2709 0 0.172550000
D/UDP-TIMING(17566): 2710 0 0.163362000
D/UDP-TIMING(17566): 2711 0 0.181870000
D/UDP-TIMING(17566): 2712 0 0.171687000
D/UDP-TIMING(17566): 2713 0 0.191888000
D/UDP-TIMING(17566): 2714 0 0.181783000
D/UDP-TIMING(17566): 2715 0 0.171675000
D/UDP-TIMING(17566): 2716 0 0.191252000
D/UDP-TIMING(17566): 2717 0 0.181088000
D/UDP-TIMING(17566): 2718 0 0.170907000
D/StatusBarPolicy( 1816): iconIndex=1
D/UDP-TIMING(17566): 2719 0 0.191136000
D/UDP-TIMING(17566): 2720 0 0.180955000
D/UDP-TIMING(17566): 2721 0 0.170801000
V/StatusBarPolicy( 1816): cdmaLevel:4;max:4
D/StatusBarPolicy( 1816): iconLevel:4
D/UDP-TIMING(17566): 2722 0 0.190363000
D/UDP-TIMING(17566): 2723 0 0.180182000
D/UDP-TIMING(17566): 2724 0 0.170000000
I/PhoneInfo( 2188): getCdmaLevel - cdmaDbm: -70 cdmaEcio:-70
I/PhoneInfo( 2188): getEvdoLevel - evdoDbm: -120 evdoSnr:-1 evdoEcio:-1
I/PhoneInfo( 2188): getLteLevel - lteRsrp: -1 lteCqi:-1
D/UDP-TIMING(17566): 2725 0 0.189412000
D/UDP-TIMING(17566): 2726 0 0.179275000
D/UDP-TIMING(17566): 2727 0 0.169152000
D/UDP-TIMING(17566): 2728 0 0.189120000
D/UDP-TIMING(17566): 2729 0 0.179024000
D/UDP-TIMING(17566): 2730 0 0.168904000
D/UDP-TIMING(17566): 2731 0 0.188508000
D/UDP-TIMING(17566): 2732 0 0.178412000
D/UDP-TIMING(17566): 2733 0 0.168231000
D/UDP-TIMING(17566): 2734 0 0.188450000
D/UDP-TIMING(17566): 2735 0 0.178316000
D/UDP-TIMING(17566): 2736 0 0.168156000
D/UDP-TIMING(17566): 2737 0 0.188039000
D/UDP-TIMING(17566): 2738 0 0.177859000
D/UDP-TIMING(17566): 2739 0 0.167676000
D/UDP-TIMING(17566): 2740 0 0.187832000
D/UDP-TIMING(17566): 2741 0 0.177657000
E/TrafficStats( 1673): [QCTMM]tryAll index=0
E/TrafficStats( 1673): [QCTMM]tryAll index=1
E/TrafficStats( 1673): [QCTMM]tryAll index=2
E/TrafficStats( 1673): [QCTMM]tryAll index=0
E/TrafficStats( 1673): [QCTMM]tryAll index=1
E/TrafficStats( 1673): [QCTMM]tryAll index=2
D/DATA    ( 1860): sentSinceLastRecv=0,watchdogTrigger=10,maxindex=0
D/UDP-TIMING(17566): 2742 0 0.197172000
D/UDP-TIMING(17566): 2743 0 0.186988000
D/UDP-TIMING(17566): 2744 0 0.176813000
D/UDP-TIMING(17566): 2745 0 0.166645000
D/UDP-TIMING(17566): 2746 0 0.186854000
D/UDP-TIMING(17566): 2747 0 0.176727000
D/UDP-TIMING(17566): 2748 0 0.166573000
D/UDP-TIMING(17566): 2749 0 0.186025000
D/UDP-TIMING(17566): 2750 0 0.175844000
D/UDP-TIMING(17566): 2751 0 0.165698000
D/UDP-TIMING(17566): 2752 0 0.185855000
D/UDP-TIMING(17566): 2753 0 0.175697000
D/UDP-TIMING(17566): 2754 0 0.165527000
D/UDP-TIMING(17566): 2755 0 0.185002000
D/UDP-TIMING(17566): 2756 0 0.174889000
D/UDP-TIMING(17566): 2757 0 0.164618000
D/UDP-TIMING(17566): 2758 0 0.184720000
D/UDP-TIMING(17566): 2759 0 0.174555000
D/UDP-TIMING(17566): 2760 0 0.164412000
D/UDP-TIMING(17566): 2761 0 0.183865000
D/UDP-TIMING(17566): 2762 0 0.173686000
D/UDP-TIMING(17566): 2763 0 0.163552000
D/UDP-TIMING(17566): 2764 0 0.182836000
D/UDP-TIMING(17566): 2765 0 0.172672000
D/UDP-TIMING(17566): 2766 0 0.192759000
D/UDP-TIMING(17566): 2767 0 0.182580000
D/UDP-TIMING(17566): 2768 0 0.172426000
D/UDP-TIMING(17566): 2769 0 0.191969000
D/UDP-TIMING(17566): 2770 0 0.183984000
D/UDP-TIMING(17566): 2771 0 0.173802000
D/UDP-TIMING(17566): 2772 0 0.164908000
D/UDP-TIMING(17566): 2773 0 0.181494000
D/UDP-TIMING(17566): 2774 0 0.170022000
D/UDP-TIMING(17566): 2775 0 0.189740000
D/UDP-TIMING(17566): 2776 0 0.179609000
D/UDP-TIMING(17566): 2777 0 0.169429000
D/UDP-TIMING(17566): 2778 0 0.189368000
D/UDP-TIMING(17566): 2779 0 0.179187000
D/UDP-TIMING(17566): 2780 0 0.168999000
D/UDP-TIMING(17566): 2781 0 0.188821000
D/UDP-TIMING(17566): 2782 0 0.178643000
D/UDP-TIMING(17566): 2783 0 0.168488000
D/UDP-TIMING(17566): 2784 0 0.188405000
D/UDP-TIMING(17566): 2785 0 0.178290000
D/UDP-TIMING(17566): 2786 0 0.168122000
D/UDP-TIMING(17566): 2787 0 0.187671000
D/UDP-TIMING(17566): 2788 0 0.177493000
D/UDP-TIMING(17566): 2789 0 0.167304000
D/UDP-TIMING(17566): 2790 0 0.187373000
D/UDP-TIMING(17566): 2791 0 0.177190000
D/UDP-TIMING(17566): 2792 0 0.196796000
D/UDP-TIMING(17566): 2793 0 0.186621000
D/UDP-TIMING(17566): 2794 0 0.176496000
D/UDP-TIMING(17566): 2795 0 0.166338000
D/UDP-TIMING(17566): 2796 0 0.186338000
D/UDP-TIMING(17566): 2797 0 0.176152000
D/UDP-TIMING(17566): 2798 0 0.165998000
D/UDP-TIMING(17566): 2799 0 0.185543000
D/UDP-TIMING(17566): 2800 0 0.175379000
D/UDP-TIMING(17566): 2801 0 0.165188000
D/UDP-TIMING(17566): 2802 0 0.184934000
D/UDP-TIMING(17566): 2803 0 0.174709000
D/UDP-TIMING(17566): 2804 0 0.164534000
D/UDP-TIMING(17566): 2805 0 0.184798000
D/UDP-TIMING(17566): 2806 0 0.174683000
D/UDP-TIMING(17566): 2807 0 0.164499000
D/UDP-TIMING(17566): 2808 0 0.183921000
D/UDP-TIMING(17566): 2809 0 0.173742000
D/UDP-TIMING(17566): 2810 0 0.163623000
D/UDP-TIMING(17566): 2811 0 0.183836000
D/UDP-TIMING(17566): 2812 0 0.173650000
D/UDP-TIMING(17566): 2813 0 0.163537000
D/UDP-TIMING(17566): 2814 0 0.182907000
D/UDP-TIMING(17566): 2815 0 0.172783000
D/UDP-TIMING(17566): 2816 0 0.193068000
D/UDP-TIMING(17566): 2817 0 0.182886000
D/UDP-TIMING(17566): 2818 0 0.172702000
D/UDP-TIMING(17566): 2819 0 0.164712000
D/UDP-TIMING(17566): 2820 0 0.182022000
D/UDP-TIMING(17566): 2821 0 0.171829000
D/UDP-TIMING(17566): 2822 0 0.192163000
D/UDP-TIMING(17566): 2823 0 0.181997000
D/UDP-TIMING(17566): 2824 0 0.171855000
D/UDP-TIMING(17566): 2825 0 0.191257000
D/UDP-TIMING(17566): 2826 0 0.181076000
D/UDP-TIMING(17566): 2827 0 0.170920000
D/UDP-TIMING(17566): 2828 0 0.191009000
D/UDP-TIMING(17566): 2829 0 0.180861000
D/UDP-TIMING(17566): 2830 0 0.170736000
D/UDP-TIMING(17566): 2831 0 0.190250000
D/UDP-TIMING(17566): 2832 0 0.180100000
D/UDP-TIMING(17566): 2833 0 0.169924000
D/UDP-TIMING(17566): 2834 0 0.189694000
D/UDP-TIMING(17566): 2835 0 0.179537000
D/UDP-TIMING(17566): 2836 0 0.169357000
D/UDP-TIMING(17566): 2837 0 0.189117000
D/UDP-TIMING(17566): 2838 0 0.178935000
D/UDP-TIMING(17566): 2839 0 0.168755000
E/TrafficStats( 1673): [QCTMM]tryAll index=0
E/TrafficStats( 1673): [QCTMM]tryAll index=1
E/TrafficStats( 1673): [QCTMM]tryAll index=2
E/TrafficStats( 1673): [QCTMM]tryAll index=0
E/TrafficStats( 1673): [QCTMM]tryAll index=1
E/TrafficStats( 1673): [QCTMM]tryAll index=2
D/UDP-TIMING(17566): 2840 0 0.188717000
D/UDP-TIMING(17566): 2841 0 0.178532000
D/UDP-TIMING(17566): 2842 0 0.168356000
D/DATA    ( 1860): sentSinceLastRecv=0,watchdogTrigger=10,maxindex=0
D/UDP-TIMING(17566): 2843 0 0.188413000
D/UDP-TIMING(17566): 2844 0 0.178245000
D/UDP-TIMING(17566): 2845 0 0.168093000
D/UDP-TIMING(17566): 2846 0 0.187569000
D/UDP-TIMING(17566): 2847 0 0.177389000
D/UDP-TIMING(17566): 2848 0 0.167210000
D/UDP-TIMING(17566): 2849 0 0.187413000
D/UDP-TIMING(17566): 2850 0 0.177227000
D/UDP-TIMING(17566): 2851 0 0.167079000
D/UDP-TIMING(17566): 2852 0 0.186505000
D/UDP-TIMING(17566): 2853 0 0.176323000
D/UDP-TIMING(17566): 2854 0 0.166186000
D/UDP-TIMING(17566): 2855 0 0.186461000
D/UDP-TIMING(17566): 2856 0 0.176323000
D/UDP-TIMING(17566): 2857 0 0.166142000
D/UDP-TIMING(17566): 2858 0 0.185924000
D/UDP-TIMING(17566): 2859 0 0.175742000
D/UDP-TIMING(17566): 2860 0 0.165553000
D/UDP-TIMING(17566): 2861 0 0.185404000
D/UDP-TIMING(17566): 2862 0 0.175225000
D/UDP-TIMING(17566): 2863 0 0.165129000
D/UDP-TIMING(17566): 2864 0 0.184673000
D/UDP-TIMING(17566): 2865 0 0.174553000
D/UDP-TIMING(17566): 2866 0 0.164420000
D/UDP-TIMING(17566): 2867 0 0.184612000
D/UDP-TIMING(17566): 2868 0 0.174522000
D/UDP-TIMING(17566): 2869 0 0.164411000
D/UDP-TIMING(17566): 2870 0 0.183899000
D/UDP-TIMING(17566): 2871 0 0.173781000
D/UDP-TIMING(17566): 2872 0 0.193760000
D/UDP-TIMING(17566): 2873 0 0.183642000
D/UDP-TIMING(17566): 2874 0 0.173471000
D/UDP-TIMING(17566): 2875 0 0.193581000
D/UDP-TIMING(17566): 2876 0 0.183452000
D/UDP-TIMING(17566): 2877 0 0.173326000
D/UDP-TIMING(17566): 2878 0 0.163202000
D/UDP-TIMING(17566): 2879 0 0.182806000
D/UDP-TIMING(17566): 2880 0 0.172686000
D/UDP-TIMING(17566): 2881 0 0.192801000
D/UDP-TIMING(17566): 2882 0 0.182673000
D/UDP-TIMING(17566): 2883 0 0.172565000
D/UDP-TIMING(17566): 2884 0 0.164521000
D/UDP-TIMING(17566): 2885 0 0.182142000
D/UDP-TIMING(17566): 2886 0 0.172005000
D/UDP-TIMING(17566): 2887 0 0.192013000
D/UDP-TIMING(17566): 2888 0 0.181881000
D/UDP-TIMING(17566): 2889 0 0.171762000
D/UDP-TIMING(17566): 2890 0 0.191431000
D/UDP-TIMING(17566): 2891 0 0.181312000
D/UDP-TIMING(17566): 2892 0 0.171221000
D/UDP-TIMING(17566): 2893 0 0.191337000
D/UDP-TIMING(17566): 2894 0 0.181230000
D/UDP-TIMING(17566): 2895 0 0.171136000
D/UDP-TIMING(17566): 2896 0 0.190742000
D/UDP-TIMING(17566): 2897 0 0.180641000
D/UDP-TIMING(17566): 2898 0 0.170512000
D/UDP-TIMING(17566): 2899 0 0.190611000
D/UDP-TIMING(17566): 2900 0 0.180482000
D/UDP-TIMING(17566): 2901 0 0.170391000
D/UDP-TIMING(17566): 2902 0 0.189983000
D/UDP-TIMING(17566): 2903 0 0.179897000
D/UDP-TIMING(17566): 2904 0 0.169802000
D/UDP-TIMING(17566): 2905 0 0.189974000
D/UDP-TIMING(17566): 2906 0 0.179842000
D/UDP-TIMING(17566): 2907 0 0.169723000
D/UDP-TIMING(17566): 2908 0 0.189512000
D/UDP-TIMING(17566): 2909 0 0.179402000
D/UDP-TIMING(17566): 2910 0 0.169317000
D/UDP-TIMING(17566): 2911 0 0.188974000
D/UDP-TIMING(17566): 2912 0 0.178846000
D/UDP-TIMING(17566): 2913 0 0.168667000
D/UDP-TIMING(17566): 2914 0 0.188773000
D/UDP-TIMING(17566): 2915 0 0.178645000
D/UDP-TIMING(17566): 2916 0 0.168523000
D/UDP-TIMING(17566): 2917 0 0.188180000
D/UDP-TIMING(17566): 2918 0 0.178061000
D/UDP-TIMING(17566): 2919 0 0.167934000
D/UDP-TIMING(17566): 2920 0 0.188019000
D/UDP-TIMING(17566): 2921 0 0.177922000
D/UDP-TIMING(17566): 2922 0 0.167795000
D/UDP-TIMING(17566): 2923 0 0.187433000
D/UDP-TIMING(17566): 2924 0 0.177359000
D/UDP-TIMING(17566): 2925 0 0.167239000
D/UDP-TIMING(17566): 2926 0 0.187266000
D/UDP-TIMING(17566): 2927 0 0.177169000
D/UDP-TIMING(17566): 2928 0 0.167050000
D/UDP-TIMING(17566): 2929 0 0.186657000
D/UDP-TIMING(17566): 2930 0 0.176496000
D/UDP-TIMING(17566): 2931 0 0.166343000
D/UDP-TIMING(17566): 2932 0 0.186735000
D/UDP-TIMING(17566): 2933 0 0.176617000
D/UDP-TIMING(17566): 2934 0 0.166504000
D/UDP-TIMING(17566): 2935 0 0.185757000
D/UDP-TIMING(17566): 2936 0 0.175632000
D/UDP-TIMING(17566): 2937 0 0.165447000
D/UDP-TIMING(17566): 2938 0 0.185482000
D/UDP-TIMING(17566): 2939 0 0.175334000
D/UDP-TIMING(17566): 2940 0 0.165110000
E/TrafficStats( 1673): [QCTMM]tryAll index=0
E/TrafficStats( 1673): [QCTMM]tryAll index=1
E/TrafficStats( 1673): [QCTMM]tryAll index=2
E/TrafficStats( 1673): [QCTMM]tryAll index=0
E/TrafficStats( 1673): [QCTMM]tryAll index=1
E/TrafficStats( 1673): [QCTMM]tryAll index=2
D/DATA    ( 1860): sentSinceLastRecv=0,watchdogTrigger=10,maxindex=0
D/UDP-TIMING(17566): 2941 0 0.185097000
D/UDP-TIMING(17566): 2942 0 0.174936000
D/UDP-TIMING(17566): 2943 0 0.164827000
D/UDP-TIMING(17566): 2944 0 0.184500000
D/UDP-TIMING(17566): 2945 0 0.174381000
D/UDP-TIMING(17566): 2946 0 0.164313000
D/UDP-TIMING(17566): 2947 0 0.183837000
D/UDP-TIMING(17566): 2948 0 0.173651000
D/UDP-TIMING(17566): 2949 0 0.163484000
D/UDP-TIMING(17566): 2950 0 0.183358000
D/UDP-TIMING(17566): 2951 0 0.173205000
D/UDP-TIMING(17566): 2952 0 0.163040000
D/UDP-TIMING(17566): 2953 0 0.183004000
D/UDP-TIMING(17566): 2954 0 0.172818000
D/UDP-TIMING(17566): 2955 0 0.192413000
D/UDP-TIMING(17566): 2956 0 0.182269000
D/UDP-TIMING(17566): 2957 0 0.172065000
D/UDP-TIMING(17566): 2958 0 0.192086000
D/UDP-TIMING(17566): 2959 0 0.181898000
D/UDP-TIMING(17566): 2960 0 0.171709000
D/UDP-TIMING(17566): 2961 0 0.191274000
D/UDP-TIMING(17566): 2962 0 0.181097000
D/UDP-TIMING(17566): 2963 0 0.170969000
D/UDP-TIMING(17566): 2964 0 0.191103000
D/UDP-TIMING(17566): 2965 0 0.180940000
D/UDP-TIMING(17566): 2966 0 0.170742000
D/UDP-TIMING(17566): 2967 0 0.190890000
D/UDP-TIMING(17566): 2968 0 0.180726000
D/UDP-TIMING(17566): 2969 0 0.170539000
D/UDP-TIMING(17566): 2970 0 0.189925000
D/UDP-TIMING(17566): 2971 0 0.179769000
D/UDP-TIMING(17566): 2972 0 0.169605000
D/UDP-TIMING(17566): 2973 0 0.189063000
D/UDP-TIMING(17566): 2974 0 0.178915000
D/UDP-TIMING(17566): 2975 0 0.168720000
D/UDP-TIMING(17566): 2976 0 0.188868000
D/UDP-TIMING(17566): 2977 0 0.178682000
D/UDP-TIMING(17566): 2978 0 0.168496000
D/UDP-TIMING(17566): 2979 0 0.188001000
D/UDP-TIMING(17566): 2980 0 0.177819000
D/UDP-TIMING(17566): 2981 0 0.167638000
D/UDP-TIMING(17566): 2982 0 0.187824000
D/UDP-TIMING(17566): 2983 0 0.177656000
D/UDP-TIMING(17566): 2984 0 0.167518000
D/UDP-TIMING(17566): 2985 0 0.186928000
D/UDP-TIMING(17566): 2986 0 0.176742000
D/UDP-TIMING(17566): 2987 0 0.166555000
D/UDP-TIMING(17566): 2988 0 0.186338000
D/UDP-TIMING(17566): 2989 0 0.176183000
D/UDP-TIMING(17566): 2990 0 0.165997000
D/UDP-TIMING(17566): 2991 0 0.186083000
D/UDP-TIMING(17566): 2992 0 0.175905000
D/UDP-TIMING(17566): 2993 0 0.165756000
D/UDP-TIMING(17566): 2994 0 0.185350000
D/UDP-TIMING(17566): 2995 0 0.175172000
D/UDP-TIMING(17566): 2996 0 0.164987000
D/UDP-TIMING(17566): 2997 0 0.185319000
D/UDP-TIMING(17566): 2998 0 0.175165000
D/UDP-TIMING(17566): 2999 0 0.164936000
D/UDP-TIMING(17566): 3000 0 0.184155000
D/UDP-TIMING(17566): 3001 0 0.173970000
D/UDP-TIMING(17566): 3002 0 0.163785000
D/UDP-TIMING(17566): 3003 0 0.184051000
D/UDP-TIMING(17566): 3004 0 0.173863000
D/UDP-TIMING(17566): 3005 0 0.163679000
D/UDP-TIMING(17566): 3006 0 0.183125000
D/UDP-TIMING(17566): 3007 0 0.172940000
D/UDP-TIMING(17566): 3008 0 0.193147000
D/UDP-TIMING(17566): 3009 0 0.182973000
D/UDP-TIMING(17566): 3010 0 0.172818000
D/UDP-TIMING(17566): 3011 0 0.192232000
D/UDP-TIMING(17566): 3012 0 0.182048000
D/UDP-TIMING(17566): 3013 0 0.171901000
D/UDP-TIMING(17566): 3014 0 0.192078000
D/UDP-TIMING(17566): 3015 0 0.181924000
D/UDP-TIMING(17566): 3016 0 0.171739000
D/UDP-TIMING(17566): 3017 0 0.191125000
D/UDP-TIMING(17566): 3018 0 0.180967000
D/UDP-TIMING(17566): 3019 0 0.170781000
D/UDP-TIMING(17566): 3020 0 0.190901000
D/UDP-TIMING(17566): 3021 0 0.180713000
D/UDP-TIMING(17566): 3022 0 0.170533000
D/UDP-TIMING(17566): 3023 0 0.190080000
D/UDP-TIMING(17566): 3024 0 0.179910000
D/UDP-TIMING(17566): 3025 0 0.169723000
D/UDP-TIMING(17566): 3026 0 0.189594000
D/UDP-TIMING(17566): 3027 0 0.179427000
D/UDP-TIMING(17566): 3028 0 0.169239000
D/UDP-TIMING(17566): 3029 0 0.189235000
D/UDP-TIMING(17566): 3030 0 0.179050000
D/UDP-TIMING(17566): 3031 0 0.168894000
D/UDP-TIMING(17566): 3032 0 0.188486000
D/UDP-TIMING(17566): 3033 0 0.178315000
D/UDP-TIMING(17566): 3034 0 0.168128000
D/UDP-TIMING(17566): 3035 0 0.188185000
D/UDP-TIMING(17566): 3036 0 0.177997000
D/UDP-TIMING(17566): 3037 0 0.167812000
D/UDP-TIMING(17566): 3038 0 0.187288000
D/UDP-TIMING(17566): 3039 0 0.177100000
D/UDP-TIMING(17566): 3040 0 0.166942000
E/TrafficStats( 1673): [QCTMM]tryAll index=0
E/TrafficStats( 1673): [QCTMM]tryAll index=1
E/TrafficStats( 1673): [QCTMM]tryAll index=2
E/TrafficStats( 1673): [QCTMM]tryAll index=0
E/TrafficStats( 1673): [QCTMM]tryAll index=1
E/TrafficStats( 1673): [QCTMM]tryAll index=2
D/DATA    ( 1860): sentSinceLastRecv=0,watchdogTrigger=10,maxindex=0
D/UDP-TIMING(17566): 3041 0 0.187505000
D/UDP-TIMING(17566): 3042 0 0.177384000
D/UDP-TIMING(17566): 3043 0 0.168416000
D/UDP-TIMING(17566): 3044 0 0.186284000
D/UDP-TIMING(17566): 3045 0 0.176098000
D/UDP-TIMING(17566): 3046 0 0.165928000
D/UDP-TIMING(17566): 3047 0 0.186047000
D/UDP-TIMING(17566): 3048 0 0.175890000
D/UDP-TIMING(17566): 3049 0 0.165707000
D/UDP-TIMING(17566): 3050 0 0.185184000
D/UDP-TIMING(17566): 3051 0 0.175019000
D/UDP-TIMING(17566): 3052 0 0.164921000
D/UDP-TIMING(17566): 3053 0 0.185212000
D/UDP-TIMING(17566): 3054 0 0.175093000
D/UDP-TIMING(17566): 3055 0 0.164998000
D/UDP-TIMING(17566): 3056 0 0.184408000
D/UDP-TIMING(17566): 3057 0 0.174222000
D/UDP-TIMING(17566): 3058 0 0.164116000
D/UDP-TIMING(17566): 3059 0 0.184249000
D/UDP-TIMING(17566): 3060 0 0.174059000
D/UDP-TIMING(17566): 3061 0 0.163900000
D/UDP-TIMING(17566): 3062 0 0.183401000
D/UDP-TIMING(17566): 3063 0 0.173295000
D/UDP-TIMING(17566): 3064 0 0.163155000
D/UDP-TIMING(17566): 3065 0 0.183049000
D/UDP-TIMING(17566): 3066 0 0.172867000
D/UDP-TIMING(17566): 3067 0 0.192952000
D/UDP-TIMING(17566): 3068 0 0.182724000
D/UDP-TIMING(17566): 3069 0 0.172538000
D/UDP-TIMING(17566): 3070 0 0.192229000
D/UDP-TIMING(17566): 3071 0 0.181976000
D/UDP-TIMING(17566): 3072 0 0.171790000
D/UDP-TIMING(17566): 3073 0 0.191691000
D/UDP-TIMING(17566): 3074 0 0.181505000
D/UDP-TIMING(17566): 3075 0 0.171317000
D/UDP-TIMING(17566): 3076 0 0.190927000
D/UDP-TIMING(17566): 3077 0 0.180819000
D/UDP-TIMING(17566): 3078 0 0.170634000
D/UDP-TIMING(17566): 3079 0 0.190661000
D/UDP-TIMING(17566): 3080 0 0.180519000
D/UDP-TIMING(17566): 3081 0 0.170398000
D/UDP-TIMING(17566): 3082 0 0.190046000
D/UDP-TIMING(17566): 3083 0 0.179868000
D/UDP-TIMING(17566): 3084 0 0.169682000
D/UDP-TIMING(17566): 3085 0 0.189711000
D/UDP-TIMING(17566): 3086 0 0.179520000
D/UDP-TIMING(17566): 3087 0 0.169334000
D/UDP-TIMING(17566): 3088 0 0.188871000
D/UDP-TIMING(17566): 3089 0 0.178715000
D/UDP-TIMING(17566): 3090 0 0.168530000
D/UDP-TIMING(17566): 3091 0 0.188625000
D/UDP-TIMING(17566): 3092 0 0.178468000
D/UDP-TIMING(17566): 3093 0 0.168283000
D/UDP-TIMING(17566): 3094 0 0.187819000
D/UDP-TIMING(17566): 3095 0 0.177650000
D/UDP-TIMING(17566): 3096 0 0.167497000
D/UDP-TIMING(17566): 3097 0 0.187556000
D/UDP-TIMING(17566): 3098 0 0.177366000
D/UDP-TIMING(17566): 3099 0 0.167213000
D/UDP-TIMING(17566): 3100 0 0.186721000
D/UDP-TIMING(17566): 3101 0 0.176622000
D/UDP-TIMING(17566): 3102 0 0.166499000
D/UDP-TIMING(17566): 3103 0 0.186243000
D/UDP-TIMING(17566): 3104 0 0.176056000
D/UDP-TIMING(17566): 3105 0 0.165880000
D/UDP-TIMING(17566): 3106 0 0.186059000
D/UDP-TIMING(17566): 3107 0 0.175885000
D/UDP-TIMING(17566): 3108 0 0.165691000
D/UDP-TIMING(17566): 3109 0 0.185133000
D/UDP-TIMING(17566): 3110 0 0.174950000
D/UDP-TIMING(17566): 3111 0 0.164775000
D/UDP-TIMING(17566): 3112 0 0.184980000
D/UDP-TIMING(17566): 3113 0 0.174800000
D/UDP-TIMING(17566): 3114 0 0.164495000
D/UDP-TIMING(17566): 3115 0 0.183952000
D/UDP-TIMING(17566): 3116 0 0.173766000
D/UDP-TIMING(17566): 3117 0 0.163612000
D/UDP-TIMING(17566): 3118 0 0.183730000
D/UDP-TIMING(17566): 3119 0 0.173540000
D/UDP-TIMING(17566): 3120 0 0.164182000
D/UDP-TIMING(17566): 3121 0 0.182892000
D/UDP-TIMING(17566): 3122 0 0.172717000
D/UDP-TIMING(17566): 3123 0 0.162558000
D/UDP-TIMING(17566): 3124 0 0.182633000
D/UDP-TIMING(17566): 3125 0 0.172440000
D/UDP-TIMING(17566): 3126 0 0.164448000
D/UDP-TIMING(17566): 3127 0 0.181707000
D/UDP-TIMING(17566): 3128 0 0.171519000
D/UDP-TIMING(17566): 3129 0 0.191729000
D/UDP-TIMING(17566): 3130 0 0.181594000
D/UDP-TIMING(17566): 3131 0 0.171411000
D/UDP-TIMING(17566): 3132 0 0.190941000
D/UDP-TIMING(17566): 3133 0 0.180796000
D/UDP-TIMING(17566): 3134 0 0.170608000
D/UDP-TIMING(17566): 3135 0 0.190761000
D/UDP-TIMING(17566): 3136 0 0.180578000
D/UDP-TIMING(17566): 3137 0 0.170390000
D/UDP-TIMING(17566): 3138 0 0.189836000
D/UDP-TIMING(17566): 3139 0 0.179642000
D/UDP-TIMING(17566): 3140 0 0.169491000
E/TrafficStats( 1673): [QCTMM]tryAll index=0
E/TrafficStats( 1673): [QCTMM]tryAll index=1
E/TrafficStats( 1673): [QCTMM]tryAll index=2
E/TrafficStats( 1673): [QCTMM]tryAll index=0
E/TrafficStats( 1673): [QCTMM]tryAll index=1
E/TrafficStats( 1673): [QCTMM]tryAll index=2
D/DATA    ( 1860): sentSinceLastRecv=0,watchdogTrigger=10,maxindex=0
D/UDP-TIMING(17566): 3141 0 0.189731000
D/UDP-TIMING(17566): 3142 0 0.179616000
D/UDP-TIMING(17566): 3143 0 0.169488000
D/UDP-TIMING(17566): 3144 0 0.189212000
D/UDP-TIMING(17566): 3145 0 0.179069000
D/UDP-TIMING(17566): 3146 0 0.168881000
D/UDP-TIMING(17566): 3147 0 0.188386000
D/UDP-TIMING(17566): 3148 0 0.178198000
D/UDP-TIMING(17566): 3149 0 0.168011000
D/UDP-TIMING(17566): 3150 0 0.188164000
D/UDP-TIMING(17566): 3151 0 0.177973000
D/UDP-TIMING(17566): 3152 0 0.169527000
D/UDP-TIMING(17566): 3153 0 0.187572000
D/UDP-TIMING(17566): 3154 0 0.177379000
D/UDP-TIMING(17566): 3155 0 0.167234000
D/UDP-TIMING(17566): 3156 0 0.187077000
D/UDP-TIMING(17566): 3157 0 0.176890000
D/UDP-TIMING(17566): 3158 0 0.166716000
D/UDP-TIMING(17566): 3159 0 0.186161000
D/UDP-TIMING(17566): 3160 0 0.176027000
D/UDP-TIMING(17566): 3161 0 0.165922000
D/UDP-TIMING(17566): 3162 0 0.186078000
D/UDP-TIMING(17566): 3163 0 0.175907000
D/UDP-TIMING(17566): 3164 0 0.165733000
E/TrafficStats(16531): [QCTMM]tryAll index=0
E/TrafficStats(16531): [QCTMM]tryAll index=1
E/TrafficStats(16531): [QCTMM]tryAll index=2
E/TrafficStats(16531): [QCTMM]tryAll index=0
E/TrafficStats(16531): [QCTMM]tryAll index=1
E/TrafficStats(16531): [QCTMM]tryAll index=2
D/UDP-TIMING(17566): 3165 0 0.185804000
D/UDP-TIMING(17566): 3166 0 0.175649000
D/UDP-TIMING(17566): 3167 0 0.165437000
E/TrafficStats(16531): [QCTMM]tryAll index=0
E/TrafficStats(16531): [QCTMM]tryAll index=1
E/TrafficStats(16531): [QCTMM]tryAll index=2
E/TrafficStats(16531): [QCTMM]tryAll index=0
E/TrafficStats(16531): [QCTMM]tryAll index=1
E/TrafficStats(16531): [QCTMM]tryAll index=2
D/UDP-TIMING(17566): 3168 0 0.185495000
D/UDP-TIMING(17566): 3169 0 0.175398000
D/UDP-TIMING(17566): 3170 0 0.165230000
D/UDP-TIMING(17566): 3171 0 0.184209000
D/UDP-TIMING(17566): 3172 0 0.174087000
D/UDP-TIMING(17566): 3173 0 0.163967000
D/UDP-TIMING(17566): 3174 0 0.184036000
D/UDP-TIMING(17566): 3175 0 0.173897000
D/UDP-TIMING(17566): 3176 0 0.163715000
D/UDP-TIMING(17566): 3177 0 0.183764000
D/UDP-TIMING(17566): 3178 0 0.173619000
D/UDP-TIMING(17566): 3179 0 0.163424000
D/UDP-TIMING(17566): 3180 0 0.182642000
D/UDP-TIMING(17566): 3181 0 0.172510000
D/UDP-TIMING(17566): 3182 0 0.192214000
D/UDP-TIMING(17566): 3183 0 0.182076000
D/UDP-TIMING(17566): 3184 0 0.171951000
D/UDP-TIMING(17566): 3185 0 0.191369000
D/UDP-TIMING(17566): 3186 0 0.181245000
D/UDP-TIMING(17566): 3187 0 0.171062000
D/UDP-TIMING(17566): 3188 0 0.190992000
D/UDP-TIMING(17566): 3189 0 0.180851000
D/UDP-TIMING(17566): 3190 0 0.170723000
D/UDP-TIMING(17566): 3191 0 0.190809000
D/UDP-TIMING(17566): 3192 0 0.180665000
D/UDP-TIMING(17566): 3193 0 0.170496000
D/UDP-TIMING(17566): 3194 0 0.190791000
D/UDP-TIMING(17566): 3195 0 0.180636000
D/UDP-TIMING(17566): 3196 0 0.170449000
D/UDP-TIMING(17566): 3197 0 0.189925000
D/UDP-TIMING(17566): 3198 0 0.179767000
D/UDP-TIMING(17566): 3199 0 0.169581000
D/UDP-TIMING(17566): 3200 0 0.189725000
D/UDP-TIMING(17566): 3201 0 0.179609000
D/UDP-TIMING(17566): 3202 0 0.169427000
D/UDP-TIMING(17566): 3203 0 0.188937000
D/UDP-TIMING(17566): 3204 0 0.178791000
D/UDP-TIMING(17566): 3205 0 0.168604000
D/UDP-TIMING(17566): 3206 0 0.189030000
D/UDP-TIMING(17566): 3207 0 0.178840000
D/UDP-TIMING(17566): 3208 0 0.168653000
D/UDP-TIMING(17566): 3209 0 0.187936000
D/UDP-TIMING(17566): 3210 0 0.177758000
D/UDP-TIMING(17566): 3211 0 0.167654000
D/UDP-TIMING(17566): 3212 0 0.187494000
D/UDP-TIMING(17566): 3213 0 0.177388000
D/UDP-TIMING(17566): 3214 0 0.167206000
D/UDP-TIMING(17566): 3215 0 0.187049000
D/UDP-TIMING(17566): 3216 0 0.176850000
D/UDP-TIMING(17566): 3217 0 0.166664000
D/Database(16531): dbopen(): path = /data/data/com.onavo.android.onavoid/databases/ui_events, flag = 6, file size = 14065664
D/Database(16531): dbopen(): path = /data/data/com.onavo.android.onavoid/databases/ui_events, mode: wal, disk free size: 2000 M, handle: 0x3ada48
D/UDP-TIMING(17566): 3218 0 0.186042000
D/UDP-TIMING(17566): 3219 0 0.175869000
D/UDP-TIMING(17566): 3220 0 0.165727000
D/Database(16531): dbclose(): path = /data/data/com.onavo.android.onavoid/databases/ui_events, handle = 0x3ada48
D/UDP-TIMING(17566): 3221 0 0.185463000
D/UDP-TIMING(17566): 3222 0 0.175275000
D/UDP-TIMING(17566): 3223 0 0.165089000
D/dalvikvm(17475): GC_EXPLICIT freed 193K, 41% free 3797K/6343K, external 0K/0K, paused 74ms
D/UDP-TIMING(17566): 3224 0 0.184728000
D/UDP-TIMING(17566): 3225 0 0.174597000
D/UDP-TIMING(17566): 3226 0 0.164414000
D/UDP-TIMING(17566): 3227 0 0.185137000
D/UDP-TIMING(17566): 3228 0 0.174988000
D/UDP-TIMING(17566): 3229 0 0.164775000
D/UDP-TIMING(17566): 3230 0 0.184352000
D/UDP-TIMING(17566): 3231 0 0.174168000
D/UDP-TIMING(17566): 3232 0 0.163988000
D/UDP-TIMING(17566): 3233 0 0.184165000
D/UDP-TIMING(17566): 3234 0 0.173979000
D/UDP-TIMING(17566): 3235 0 0.163785000
D/UDP-TIMING(17566): 3236 0 0.183217000
D/UDP-TIMING(17566): 3237 0 0.173032000
D/UDP-TIMING(17566): 3238 0 0.193184000
D/UDP-TIMING(17566): 3239 0 0.183029000
D/UDP-TIMING(17566): 3240 0 0.172897000
E/TrafficStats( 1673): [QCTMM]tryAll index=0
E/TrafficStats( 1673): [QCTMM]tryAll index=1
E/TrafficStats( 1673): [QCTMM]tryAll index=2
E/TrafficStats( 1673): [QCTMM]tryAll index=0
E/TrafficStats( 1673): [QCTMM]tryAll index=1
E/TrafficStats( 1673): [QCTMM]tryAll index=2
D/DATA    ( 1860): sentSinceLastRecv=0,watchdogTrigger=10,maxindex=0
D/UDP-TIMING(17566): 3241 0 0.192433000
D/UDP-TIMING(17566): 3242 0 0.182245000
D/UDP-TIMING(17566): 3243 0 0.172113000
D/UDP-TIMING(17566): 3244 0 0.192258000
D/UDP-TIMING(17566): 3245 0 0.182070000
D/UDP-TIMING(17566): 3246 0 0.171881000
D/UDP-TIMING(17566): 3247 0 0.191264000
D/UDP-TIMING(17566): 3248 0 0.181077000
D/UDP-TIMING(17566): 3249 0 0.170927000
D/UDP-TIMING(17566): 3250 0 0.190885000
D/UDP-TIMING(17566): 3251 0 0.180705000
D/UDP-TIMING(17566): 3252 0 0.170520000
D/UDP-TIMING(17566): 3253 0 0.190546000
D/UDP-TIMING(17566): 3254 0 0.180381000
D/UDP-TIMING(17566): 3255 0 0.170193000
D/UDP-TIMING(17566): 3256 0 0.189734000
D/UDP-TIMING(17566): 3257 0 0.179547000
D/UDP-TIMING(17566): 3258 0 0.169362000
D/UDP-TIMING(17566): 3259 0 0.189504000
D/UDP-TIMING(17566): 3260 0 0.179431000
D/UDP-TIMING(17566): 3261 0 0.169332000
D/UDP-TIMING(17566): 3262 0 0.189166000
D/UDP-TIMING(17566): 3263 0 0.178983000
D/UDP-TIMING(17566): 3264 0 0.168829000
D/UDP-TIMING(17566): 3265 0 0.188642000
D/UDP-TIMING(17566): 3266 0 0.178457000
D/UDP-TIMING(17566): 3267 0 0.168271000
D/UDP-TIMING(17566): 3268 0 0.187803000
D/UDP-TIMING(17566): 3269 0 0.177732000
D/UDP-TIMING(17566): 3270 0 0.167549000
D/UDP-TIMING(17566): 3271 0 0.187668000
D/UDP-TIMING(17566): 3272 0 0.177484000
D/UDP-TIMING(17566): 3273 0 0.167299000
D/UDP-TIMING(17566): 3274 0 0.186800000
D/UDP-TIMING(17566): 3275 0 0.176610000
D/UDP-TIMING(17566): 3276 0 0.166426000
D/UDP-TIMING(17566): 3277 0 0.186548000
D/UDP-TIMING(17566): 3278 0 0.176392000
D/UDP-TIMING(17566): 3279 0 0.166291000
D/UDP-TIMING(17566): 3280 0 0.185838000
D/UDP-TIMING(17566): 3281 0 0.175689000
D/UDP-TIMING(17566): 3282 0 0.165499000
D/UDP-TIMING(17566): 3283 0 0.185527000
D/UDP-TIMING(17566): 3284 0 0.175363000
D/UDP-TIMING(17566): 3285 0 0.165177000
D/UDP-TIMING(17566): 3286 0 0.184686000
D/UDP-TIMING(17566): 3287 0 0.174504000
D/UDP-TIMING(17566): 3288 0 0.164345000
D/UDP-TIMING(17566): 3289 0 0.184241000
D/UDP-TIMING(17566): 3290 0 0.174138000
D/UDP-TIMING(17566): 3291 0 0.163901000
D/UDP-TIMING(17566): 3292 0 0.184007000
D/UDP-TIMING(17566): 3293 0 0.173851000
D/UDP-TIMING(17566): 3294 0 0.163675000
D/UDP-TIMING(17566): 3295 0 0.183134000
D/UDP-TIMING(17566): 3296 0 0.172948000
D/UDP-TIMING(17566): 3297 0 0.193128000
D/UDP-TIMING(17566): 3298 0 0.182950000
D/UDP-TIMING(17566): 3299 0 0.172866000
D/UDP-TIMING(17566): 3300 0 0.164257000
D/UDP-TIMING(17566): 3301 0 0.182188000
D/UDP-TIMING(17566): 3302 0 0.171999000
D/UDP-TIMING(17566): 3303 0 0.192183000
D/UDP-TIMING(17566): 3304 0 0.181994000
D/UDP-TIMING(17566): 3305 0 0.171806000
D/UDP-TIMING(17566): 3306 0 0.191220000
D/UDP-TIMING(17566): 3307 0 0.181033000
D/UDP-TIMING(17566): 3308 0 0.170882000
D/UDP-TIMING(17566): 3309 0 0.191170000
D/UDP-TIMING(17566): 3310 0 0.180985000
D/UDP-TIMING(17566): 3311 0 0.170804000
D/UDP-TIMING(17566): 3312 0 0.190220000
D/UDP-TIMING(17566): 3313 0 0.180036000
D/UDP-TIMING(17566): 3314 0 0.169875000
D/UDP-TIMING(17566): 3315 0 0.190058000
D/UDP-TIMING(17566): 3316 0 0.179867000
D/UDP-TIMING(17566): 3317 0 0.169682000
I/rmt_storage( 1552): rmt_storage write event
I/rmt_storage( 1552): unblock rmt_storage client thread
I/rmt_storage( 1552): rmt_storage lseek...
I/rmt_storage( 1552): rmt_storage lseek ret = 1
I/rmt_storage( 1552): rmt_storage write buf = 0x40011000, num_sector = 6143
I/rmt_storage( 1552): rmt_storage events processing done
D/UDP-TIMING(17566): 3318 0 0.190495000
D/UDP-TIMING(17566): 3319 0 0.180407000
D/UDP-TIMING(17566): 3320 0 0.170272000
D/UDP-TIMING(17566): 3321 0 0.188869000
D/UDP-TIMING(17566): 3322 0 0.178684000
D/UDP-TIMING(17566): 3323 0 0.168463000
D/UDP-TIMING(17566): 3324 0 0.188518000
D/UDP-TIMING(17566): 3325 0 0.178329000
D/UDP-TIMING(17566): 3326 0 0.168147000
D/UDP-TIMING(17566): 3327 0 0.187225000
D/UDP-TIMING(17566): 3328 0 0.177171000
D/UDP-TIMING(17566): 3329 0 0.167081000
D/UDP-TIMING(17566): 3330 0 0.187132000
D/UDP-TIMING(17566): 3331 0 0.176952000
D/UDP-TIMING(17566): 3332 0 0.166771000
D/UDP-TIMING(17566): 3333 0 0.186376000
D/UDP-TIMING(17566): 3334 0 0.176193000
D/UDP-TIMING(17566): 3335 0 0.166014000
D/UDP-TIMING(17566): 3336 0 0.185707000
D/UDP-TIMING(17566): 3337 0 0.175529000
D/UDP-TIMING(17566): 3338 0 0.165402000
E/TrafficStats( 1673): [QCTMM]tryAll index=0
E/TrafficStats( 1673): [QCTMM]tryAll index=1
E/TrafficStats( 1673): [QCTMM]tryAll index=2
E/TrafficStats( 1673): [QCTMM]tryAll index=0
E/TrafficStats( 1673): [QCTMM]tryAll index=1
E/TrafficStats( 1673): [QCTMM]tryAll index=2
D/UDP-TIMING(17566): 3339 0 0.185168000
D/UDP-TIMING(17566): 3340 0 0.175062000
D/UDP-TIMING(17566): 3341 0 0.164762000
D/DATA    ( 1860): sentSinceLastRecv=0,watchdogTrigger=10,maxindex=0
D/UDP-TIMING(17566): 3342 0 0.184643000
D/UDP-TIMING(17566): 3343 0 0.174466000
D/UDP-TIMING(17566): 3344 0 0.164236000
D/UDP-TIMING(17566): 3345 0 0.183961000
D/UDP-TIMING(17566): 3346 0 0.173776000
D/UDP-TIMING(17566): 3347 0 0.163494000
D/UDP-TIMING(17566): 3348 0 0.183377000
D/UDP-TIMING(17566): 3349 0 0.173246000
D/UDP-TIMING(17566): 3350 0 0.193226000
D/UDP-TIMING(17566): 3351 0 0.183049000
D/UDP-TIMING(17566): 3352 0 0.172868000
D/UDP-TIMING(17566): 3353 0 0.162733000
D/UDP-TIMING(17566): 3354 0 0.182436000
D/UDP-TIMING(17566): 3355 0 0.172246000
D/UDP-TIMING(17566): 3356 0 0.192292000
D/UDP-TIMING(17566): 3357 0 0.182200000
D/UDP-TIMING(17566): 3358 0 0.172026000
D/UDP-TIMING(17566): 3359 0 0.191802000
D/UDP-TIMING(17566): 3360 0 0.181645000
D/UDP-TIMING(17566): 3361 0 0.171449000
D/UDP-TIMING(17566): 3362 0 0.191319000
D/UDP-TIMING(17566): 3363 0 0.181182000
D/UDP-TIMING(17566): 3364 0 0.170999000
D/UDP-TIMING(17566): 3365 0 0.190706000
D/UDP-TIMING(17566): 3366 0 0.180514000
D/UDP-TIMING(17566): 3367 0 0.170322000
D/UDP-TIMING(17566): 3368 0 0.190241000
D/UDP-TIMING(17566): 3369 0 0.180111000
D/UDP-TIMING(17566): 3370 0 0.169929000
D/UDP-TIMING(17566): 3371 0 0.189659000
D/UDP-TIMING(17566): 3372 0 0.179493000
D/UDP-TIMING(17566): 3373 0 0.169297000
D/UDP-TIMING(17566): 3374 0 0.189599000
D/UDP-TIMING(17566): 3375 0 0.179407000
D/UDP-TIMING(17566): 3376 0 0.169218000
D/UDP-TIMING(17566): 3377 0 0.188568000
D/UDP-TIMING(17566): 3378 0 0.178441000
D/UDP-TIMING(17566): 3379 0 0.168298000
D/StatusBarPolicy( 1816): iconIndex=1
D/UDP-TIMING(17566): 3380 0 0.188241000
D/UDP-TIMING(17566): 3381 0 0.178066000
D/UDP-TIMING(17566): 3382 0 0.167879000
I/PhoneInfo( 2188): getCdmaLevel - cdmaDbm: -71 cdmaEcio:-80
V/StatusBarPolicy( 1816): cdmaLevel:4;max:4
D/StatusBarPolicy( 1816): iconLevel:4
I/PhoneInfo( 2188): getEvdoLevel - evdoDbm: -120 evdoSnr:-1 evdoEcio:-1
I/PhoneInfo( 2188): getLteLevel - lteRsrp: -1 lteCqi:-1
D/UDP-TIMING(17566): 3383 0 0.187546000
D/UDP-TIMING(17566): 3384 0 0.177395000
D/UDP-TIMING(17566): 3385 0 0.167217000
D/UDP-TIMING(17566): 3386 0 0.187037000
D/UDP-TIMING(17566): 3387 0 0.176856000
D/UDP-TIMING(17566): 3388 0 0.166693000
D/UDP-TIMING(17566): 3389 0 0.186534000
D/UDP-TIMING(17566): 3390 0 0.176347000
D/UDP-TIMING(17566): 3391 0 0.166158000
D/UDP-TIMING(17566): 3392 0 0.186040000
D/UDP-TIMING(17566): 3393 0 0.175899000
D/UDP-TIMING(17566): 3394 0 0.165716000
I/rmt_storage( 1552): rmt_storage write: bytes written = 3145216
I/rmt_storage( 1552): rmt_storage lseek...
I/rmt_storage( 1552): rmt_storage lseek ret = 6143
I/rmt_storage( 1552): rmt_storage write buf = 0x40310e00, num_sector = 1
I/rmt_storage( 1552): rmt_storage write: bytes written = 512
I/rmt_storage( 1552): rmt_storage status handle = 1
D/UDP-TIMING(17566): 3395 0 0.185902000
D/UDP-TIMING(17566): 3396 0 0.175718000
D/UDP-TIMING(17566): 3397 0 0.165533000
D/UDP-TIMING(17566): 3398 0 0.185283000
D/UDP-TIMING(17566): 3399 0 0.175119000
D/UDP-TIMING(17566): 3400 0 0.164964000
D/UDP-TIMING(17566): 3401 0 0.184505000
D/UDP-TIMING(17566): 3402 0 0.174341000
D/UDP-TIMING(17566): 3403 0 0.194416000
D/UDP-TIMING(17566): 3404 0 0.184236000
D/UDP-TIMING(17566): 3405 0 0.174051000
D/UDP-TIMING(17566): 3406 0 0.163935000
D/UDP-TIMING(17566): 3407 0 0.184167000
D/UDP-TIMING(17566): 3408 0 0.173985000
D/UDP-TIMING(17566): 3409 0 0.193713000
D/UDP-TIMING(17566): 3410 0 0.183571000
D/UDP-TIMING(17566): 3411 0 0.173388000
D/UDP-TIMING(17566): 3412 0 0.163256000
D/UDP-TIMING(17566): 3413 0 0.183289000
D/UDP-TIMING(17566): 3414 0 0.173105000
D/UDP-TIMING(17566): 3415 0 0.163832000
D/UDP-TIMING(17566): 3416 0 0.182528000
D/UDP-TIMING(17566): 3417 0 0.172349000
D/UDP-TIMING(17566): 3418 0 0.163866000
D/UDP-TIMING(17566): 3419 0 0.182313000
D/UDP-TIMING(17566): 3420 0 0.172132000
D/UDP-TIMING(17566): 3421 0 0.191800000
D/UDP-TIMING(17566): 3422 0 0.181663000
D/UDP-TIMING(17566): 3423 0 0.171478000
D/UDP-TIMING(17566): 3424 0 0.191292000
D/UDP-TIMING(17566): 3425 0 0.181114000
D/UDP-TIMING(17566): 3426 0 0.170935000
D/UDP-TIMING(17566): 3427 0 0.190898000
D/UDP-TIMING(17566): 3428 0 0.180778000
D/UDP-TIMING(17566): 3429 0 0.170597000
D/UDP-TIMING(17566): 3430 0 0.190400000
D/UDP-TIMING(17566): 3431 0 0.180221000
D/UDP-TIMING(17566): 3432 0 0.170038000
D/UDP-TIMING(17566): 3433 0 0.190252000
D/UDP-TIMING(17566): 3434 0 0.180102000
D/UDP-TIMING(17566): 3435 0 0.169924000
D/UDP-TIMING(17566): 3436 0 0.189382000
D/UDP-TIMING(17566): 3437 0 0.179256000
D/UDP-TIMING(17566): 3438 0 0.169095000
E/TrafficStats( 1673): [QCTMM]tryAll index=0
E/TrafficStats( 1673): [QCTMM]tryAll index=1
E/TrafficStats( 1673): [QCTMM]tryAll index=2
E/TrafficStats( 1673): [QCTMM]tryAll index=0
E/TrafficStats( 1673): [QCTMM]tryAll index=1
E/TrafficStats( 1673): [QCTMM]tryAll index=2
D/DATA    ( 1860): sentSinceLastRecv=0,watchdogTrigger=10,maxindex=0
D/UDP-TIMING(17566): 3439 0 0.189667000
D/UDP-TIMING(17566): 3440 0 0.179483000
D/UDP-TIMING(17566): 3441 0 0.169300000
D/UDP-TIMING(17566): 3442 0 0.188387000
D/UDP-TIMING(17566): 3443 0 0.178213000
D/UDP-TIMING(17566): 3444 0 0.168035000
D/UDP-TIMING(17566): 3445 0 0.188191000
D/UDP-TIMING(17566): 3446 0 0.178016000
D/UDP-TIMING(17566): 3447 0 0.167889000
D/UDP-TIMING(17566): 3448 0 0.187849000
D/UDP-TIMING(17566): 3449 0 0.177711000
D/UDP-TIMING(17566): 3450 0 0.167529000
D/UDP-TIMING(17566): 3451 0 0.187288000
D/UDP-TIMING(17566): 3452 0 0.177091000
D/UDP-TIMING(17566): 3453 0 0.166914000
D/UDP-TIMING(17566): 3454 0 0.186464000
D/UDP-TIMING(17566): 3455 0 0.176331000
D/UDP-TIMING(17566): 3456 0 0.166148000
D/UDP-TIMING(17566): 3457 0 0.186132000
D/UDP-TIMING(17566): 3458 0 0.175956000
D/UDP-TIMING(17566): 3459 0 0.165795000
D/UDP-TIMING(17566): 3460 0 0.185523000
D/UDP-TIMING(17566): 3461 0 0.175371000
D/UDP-TIMING(17566): 3462 0 0.165186000
D/UDP-TIMING(17566): 3463 0 0.184763000
D/UDP-TIMING(17566): 3464 0 0.174615000
D/UDP-TIMING(17566): 3465 0 0.194787000
D/UDP-TIMING(17566): 3466 0 0.184507000
D/UDP-TIMING(17566): 3467 0 0.174335000
D/UDP-TIMING(17566): 3468 0 0.164236000
D/UDP-TIMING(17566): 3469 0 0.184216000
D/UDP-TIMING(17566): 3470 0 0.174041000
D/UDP-TIMING(17566): 3471 0 0.165751000
D/UDP-TIMING(17566): 3472 0 0.183649000
D/UDP-TIMING(17566): 3473 0 0.173499000
D/UDP-TIMING(17566): 3474 0 0.163379000
D/UDP-TIMING(17566): 3475 0 0.182926000
D/UDP-TIMING(17566): 3476 0 0.172404000
D/UDP-TIMING(17566): 3477 0 0.192528000
D/UDP-TIMING(17566): 3478 0 0.182385000
D/UDP-TIMING(17566): 3479 0 0.172218000
D/UDP-TIMING(17566): 3480 0 0.164194000
D/UDP-TIMING(17566): 3481 0 0.181594000
D/UDP-TIMING(17566): 3482 0 0.171414000
D/UDP-TIMING(17566): 3483 0 0.191640000
D/UDP-TIMING(17566): 3484 0 0.181447000
D/UDP-TIMING(17566): 3485 0 0.171250000
D/UDP-TIMING(17566): 3486 0 0.190722000
D/UDP-TIMING(17566): 3487 0 0.180637000
D/UDP-TIMING(17566): 3488 0 0.170502000
D/UDP-TIMING(17566): 3489 0 0.190745000
D/UDP-TIMING(17566): 3490 0 0.180585000
D/UDP-TIMING(17566): 3491 0 0.170392000
D/UDP-TIMING(17566): 3492 0 0.189864000
D/UDP-TIMING(17566): 3493 0 0.179670000
D/UDP-TIMING(17566): 3494 0 0.169473000
D/UDP-TIMING(17566): 3495 0 0.189602000
D/UDP-TIMING(17566): 3496 0 0.179407000
D/UDP-TIMING(17566): 3497 0 0.169234000
D/UDP-TIMING(17566): 3498 0 0.188760000
D/UDP-TIMING(17566): 3499 0 0.178661000
D/UDP-TIMING(17566): 3500 0 0.168537000
D/UDP-TIMING(17566): 3501 0 0.188773000
D/UDP-TIMING(17566): 3502 0 0.178577000
D/UDP-TIMING(17566): 3503 0 0.168396000
D/UDP-TIMING(17566): 3504 0 0.188158000
D/UDP-TIMING(17566): 3505 0 0.177990000
D/UDP-TIMING(17566): 3506 0 0.167793000
D/UDP-TIMING(17566): 3507 0 0.187374000
D/UDP-TIMING(17566): 3508 0 0.177299000
D/UDP-TIMING(17566): 3509 0 0.167165000
D/UDP-TIMING(17566): 3510 0 0.187266000
D/UDP-TIMING(17566): 3511 0 0.177070000
D/UDP-TIMING(17566): 3512 0 0.166899000
D/UDP-TIMING(17566): 3513 0 0.186435000
D/UDP-TIMING(17566): 3514 0 0.176255000
D/UDP-TIMING(17566): 3515 0 0.166105000
D/UDP-TIMING(17566): 3516 0 0.186086000
D/UDP-TIMING(17566): 3517 0 0.175966000
D/UDP-TIMING(17566): 3518 0 0.195579000
D/UDP-TIMING(17566): 3519 0 0.185433000
D/UDP-TIMING(17566): 3520 0 0.175250000
D/UDP-TIMING(17566): 3521 0 0.165070000
D/UDP-TIMING(17566): 3522 0 0.185435000
D/UDP-TIMING(17566): 3523 0 0.175252000
D/UDP-TIMING(17566): 3524 0 0.165028000
D/UDP-TIMING(17566): 3525 0 0.184329000
D/UDP-TIMING(17566): 3526 0 0.174145000
D/UDP-TIMING(17566): 3527 0 0.164027000
D/UDP-TIMING(17566): 3528 0 0.184077000
D/UDP-TIMING(17566): 3529 0 0.173897000
D/UDP-TIMING(17566): 3530 0 0.164960000
D/UDP-TIMING(17566): 3531 0 0.183260000
D/UDP-TIMING(17566): 3532 0 0.173082000
D/UDP-TIMING(17566): 3533 0 0.193236000
D/UDP-TIMING(17566): 3534 0 0.183074000
D/UDP-TIMING(17566): 3535 0 0.172931000
D/UDP-TIMING(17566): 3536 0 0.163700000
D/UDP-TIMING(17566): 3537 0 0.182213000
D/UDP-TIMING(17566): 3538 0 0.172087000
E/TrafficStats( 1673): [QCTMM]tryAll index=0
E/TrafficStats( 1673): [QCTMM]tryAll index=1
E/TrafficStats( 1673): [QCTMM]tryAll index=2
E/TrafficStats( 1673): [QCTMM]tryAll index=0
E/TrafficStats( 1673): [QCTMM]tryAll index=1
E/TrafficStats( 1673): [QCTMM]tryAll index=2
D/DATA    ( 1860): sentSinceLastRecv=0,watchdogTrigger=10,maxindex=0
D/UDP-TIMING(17566): 3539 0 0.192367000
D/UDP-TIMING(17566): 3540 0 0.182221000
D/UDP-TIMING(17566): 3541 0 0.172039000
D/UDP-TIMING(17566): 3542 0 0.163664000
D/UDP-TIMING(17566): 3543 0 0.181473000
D/UDP-TIMING(17566): 3544 0 0.171326000
D/UDP-TIMING(17566): 3545 0 0.190933000
D/UDP-TIMING(17566): 3546 0 0.180807000
D/UDP-TIMING(17566): 3547 0 0.170687000
D/UDP-TIMING(17566): 3548 0 0.190757000
D/UDP-TIMING(17566): 3549 0 0.180603000
D/UDP-TIMING(17566): 3550 0 0.170415000
D/UDP-TIMING(17566): 3551 0 0.190054000
D/UDP-TIMING(17566): 3552 0 0.179867000
D/UDP-TIMING(17566): 3553 0 0.169688000
D/UDP-TIMING(17566): 3554 0 0.189664000
D/UDP-TIMING(17566): 3555 0 0.179480000
D/UDP-TIMING(17566): 3556 0 0.169318000
D/UDP-TIMING(17566): 3557 0 0.190893000
D/UDP-TIMING(17566): 3558 0 0.180732000
D/UDP-TIMING(17566): 3559 0 0.170585000
D/UDP-TIMING(17566): 3560 0 0.188627000
D/UDP-TIMING(17566): 3561 0 0.178445000
D/UDP-TIMING(17566): 3562 0 0.168285000
D/UDP-TIMING(17566): 3563 0 0.188075000
D/UDP-TIMING(17566): 3564 0 0.177889000
D/UDP-TIMING(17566): 3565 0 0.167704000
D/UDP-TIMING(17566): 3566 0 0.187485000
D/UDP-TIMING(17566): 3567 0 0.177385000
D/UDP-TIMING(17566): 3568 0 0.167214000
D/UDP-TIMING(17566): 3569 0 0.186731000
D/UDP-TIMING(17566): 3570 0 0.176540000
D/UDP-TIMING(17566): 3571 0 0.166355000
D/UDP-TIMING(17566): 3572 0 0.186500000
D/UDP-TIMING(17566): 3573 0 0.176345000
D/UDP-TIMING(17566): 3574 0 0.166156000
D/UDP-TIMING(17566): 3575 0 0.185609000
D/UDP-TIMING(17566): 3576 0 0.175451000
D/UDP-TIMING(17566): 3577 0 0.165290000
D/UDP-TIMING(17566): 3578 0 0.185231000
D/UDP-TIMING(17566): 3579 0 0.175048000
D/UDP-TIMING(17566): 3580 0 0.164865000
D/UDP-TIMING(17566): 3581 0 0.184845000
D/UDP-TIMING(17566): 3582 0 0.174693000
D/UDP-TIMING(17566): 3583 0 0.164533000
D/UDP-TIMING(17566): 3584 0 0.184154000
D/UDP-TIMING(17566): 3585 0 0.173964000
D/UDP-TIMING(17566): 3586 0 0.163837000
D/UDP-TIMING(17566): 3587 0 0.184222000
D/UDP-TIMING(17566): 3588 0 0.174048000
D/UDP-TIMING(17566): 3589 0 0.163919000
D/UDP-TIMING(17566): 3590 0 0.183188000
D/UDP-TIMING(17566): 3591 0 0.173006000
D/UDP-TIMING(17566): 3592 0 0.162868000
D/UDP-TIMING(17566): 3593 0 0.182913000
D/UDP-TIMING(17566): 3594 0 0.172733000
D/UDP-TIMING(17566): 3595 0 0.163436000
D/UDP-TIMING(17566): 3596 0 0.182200000
D/UDP-TIMING(17566): 3597 0 0.172037000
D/UDP-TIMING(17566): 3598 0 0.192148000
D/UDP-TIMING(17566): 3599 0 0.182006000
D/UDP-TIMING(17566): 3600 0 0.171829000
D/UDP-TIMING(17566): 3601 0 0.191304000
D/UDP-TIMING(17566): 3602 0 0.181154000
D/UDP-TIMING(17566): 3603 0 0.170971000
D/UDP-TIMING(17566): 3604 0 0.191189000
D/UDP-TIMING(17566): 3605 0 0.181010000
D/UDP-TIMING(17566): 3606 0 0.170833000
D/UDP-TIMING(17566): 3607 0 0.190260000
D/UDP-TIMING(17566): 3608 0 0.180081000
D/UDP-TIMING(17566): 3609 0 0.169896000
D/UDP-TIMING(17566): 3610 0 0.190045000
D/UDP-TIMING(17566): 3611 0 0.179862000
D/UDP-TIMING(17566): 3612 0 0.169680000
D/UDP-TIMING(17566): 3613 0 0.189165000
D/UDP-TIMING(17566): 3614 0 0.178983000
D/UDP-TIMING(17566): 3615 0 0.168793000
D/UDP-TIMING(17566): 3616 0 0.188712000
D/UDP-TIMING(17566): 3617 0 0.178549000
D/UDP-TIMING(17566): 3618 0 0.168422000
D/UDP-TIMING(17566): 3619 0 0.188425000
D/UDP-TIMING(17566): 3620 0 0.178247000
D/UDP-TIMING(17566): 3621 0 0.168068000
D/UDP-TIMING(17566): 3622 0 0.187705000
D/UDP-TIMING(17566): 3623 0 0.177522000
D/UDP-TIMING(17566): 3624 0 0.167343000
D/UDP-TIMING(17566): 3625 0 0.187346000
D/UDP-TIMING(17566): 3626 0 0.177180000
D/UDP-TIMING(17566): 3627 0 0.167040000
D/UDP-TIMING(17566): 3628 0 0.186619000
D/UDP-TIMING(17566): 3629 0 0.176437000
D/UDP-TIMING(17566): 3630 0 0.166257000
D/UDP-TIMING(17566): 3631 0 0.186292000
D/UDP-TIMING(17566): 3632 0 0.176110000
D/UDP-TIMING(17566): 3633 0 0.165931000
D/UDP-TIMING(17566): 3634 0 0.185538000
D/UDP-TIMING(17566): 3635 0 0.175333000
D/UDP-TIMING(17566): 3636 0 0.165166000
D/UDP-TIMING(17566): 3637 0 0.185194000
D/UDP-TIMING(17566): 3638 0 0.175014000
D/UDP-TIMING(17566): 3639 0 0.164836000
E/TrafficStats( 1673): [QCTMM]tryAll index=0
E/TrafficStats( 1673): [QCTMM]tryAll index=1
E/TrafficStats( 1673): [QCTMM]tryAll index=2
E/TrafficStats( 1673): [QCTMM]tryAll index=0
E/TrafficStats( 1673): [QCTMM]tryAll index=1
E/TrafficStats( 1673): [QCTMM]tryAll index=2
D/DATA    ( 1860): sentSinceLastRecv=0,watchdogTrigger=10,maxindex=0
D/UDP-TIMING(17566): 3640 0 0.184384000
D/UDP-TIMING(17566): 3641 0 0.174197000
D/UDP-TIMING(17566): 3642 0 0.163987000
D/UDP-TIMING(17566): 3643 0 0.184111000
D/UDP-TIMING(17566): 3644 0 0.173964000
D/UDP-TIMING(17566): 3645 0 0.163862000
D/UDP-TIMING(17566): 3646 0 0.183461000
D/UDP-TIMING(17566): 3647 0 0.173292000
D/UDP-TIMING(17566): 3648 0 0.163175000
D/UDP-TIMING(17566): 3649 0 0.183330000
D/UDP-TIMING(17566): 3650 0 0.173148000
D/UDP-TIMING(17566): 3651 0 0.163827000
D/UDP-TIMING(17566): 3652 0 0.182377000
D/UDP-TIMING(17566): 3653 0 0.172227000
D/UDP-TIMING(17566): 3654 0 0.192164000
D/UDP-TIMING(17566): 3655 0 0.182030000
D/UDP-TIMING(17566): 3656 0 0.171872000
D/UDP-TIMING(17566): 3657 0 0.163088000
D/UDP-TIMING(17566): 3658 0 0.181748000
D/UDP-TIMING(17566): 3659 0 0.171559000
D/UDP-TIMING(17566): 3660 0 0.191341000
D/UDP-TIMING(17566): 3661 0 0.181166000
D/UDP-TIMING(17566): 3662 0 0.170990000
D/UDP-TIMING(17566): 3663 0 0.190902000
D/UDP-TIMING(17566): 3664 0 0.180725000
D/UDP-TIMING(17566): 3665 0 0.170592000
D/UDP-TIMING(17566): 3666 0 0.190254000
D/UDP-TIMING(17566): 3667 0 0.180062000
D/UDP-TIMING(17566): 3668 0 0.169880000
D/UDP-TIMING(17566): 3669 0 0.190372000
D/UDP-TIMING(17566): 3670 0 0.180125000
D/UDP-TIMING(17566): 3671 0 0.169940000
D/UDP-TIMING(17566): 3672 0 0.189122000
D/UDP-TIMING(17566): 3673 0 0.178944000
D/UDP-TIMING(17566): 3674 0 0.168766000
D/UDP-TIMING(17566): 3675 0 0.188812000
D/UDP-TIMING(17566): 3676 0 0.178653000
D/UDP-TIMING(17566): 3677 0 0.168558000
D/UDP-TIMING(17566): 3678 0 0.188133000
D/UDP-TIMING(17566): 3679 0 0.177954000
D/UDP-TIMING(17566): 3680 0 0.167769000
D/UDP-TIMING(17566): 3681 0 0.187802000
D/UDP-TIMING(17566): 3682 0 0.177621000
D/UDP-TIMING(17566): 3683 0 0.167441000
D/UDP-TIMING(17566): 3684 0 0.187015000
D/UDP-TIMING(17566): 3685 0 0.176813000
D/UDP-TIMING(17566): 3686 0 0.168696000
D/UDP-TIMING(17566): 3687 0 0.186709000
D/UDP-TIMING(17566): 3688 0 0.176524000
D/UDP-TIMING(17566): 3689 0 0.166380000
D/UDP-TIMING(17566): 3690 0 0.185959000
D/UDP-TIMING(17566): 3691 0 0.175777000
D/UDP-TIMING(17566): 3692 0 0.165592000
D/UDP-TIMING(17566): 3693 0 0.185323000
D/UDP-TIMING(17566): 3694 0 0.175174000
D/UDP-TIMING(17566): 3695 0 0.164998000
D/UDP-TIMING(17566): 3696 0 0.185172000
D/UDP-TIMING(17566): 3697 0 0.174976000
D/UDP-TIMING(17566): 3698 0 0.164867000
D/UDP-TIMING(17566): 3699 0 0.184309000
D/UDP-TIMING(17566): 3700 0 0.174190000
D/UDP-TIMING(17566): 3701 0 0.164043000
D/UDP-TIMING(17566): 3702 0 0.184171000
D/UDP-TIMING(17566): 3703 0 0.174017000
D/UDP-TIMING(17566): 3704 0 0.165960000
D/UDP-TIMING(17566): 3705 0 0.183351000
D/UDP-TIMING(17566): 3706 0 0.173174000
D/UDP-TIMING(17566): 3707 0 0.163074000
D/UDP-TIMING(17566): 3708 0 0.183231000
D/UDP-TIMING(17566): 3709 0 0.173003000
D/UDP-TIMING(17566): 3710 0 0.163652000
D/UDP-TIMING(17566): 3711 0 0.182316000
D/UDP-TIMING(17566): 3712 0 0.172134000
D/UDP-TIMING(17566): 3713 0 0.163939000
D/UDP-TIMING(17566): 3714 0 0.182081000
D/UDP-TIMING(17566): 3715 0 0.171910000
D/UDP-TIMING(17566): 3716 0 0.191530000
D/UDP-TIMING(17566): 3717 0 0.181349000
D/UDP-TIMING(17566): 3718 0 0.171160000
D/UDP-TIMING(17566): 3719 0 0.191193000
D/UDP-TIMING(17566): 3720 0 0.181010000
D/UDP-TIMING(17566): 3721 0 0.170829000
D/UDP-TIMING(17566): 3722 0 0.190491000
D/UDP-TIMING(17566): 3723 0 0.180363000
D/UDP-TIMING(17566): 3724 0 0.170240000
D/UDP-TIMING(17566): 3725 0 0.190326000
D/UDP-TIMING(17566): 3726 0 0.180248000
D/UDP-TIMING(17566): 3727 0 0.170118000
D/UDP-TIMING(17566): 3728 0 0.189761000
D/UDP-TIMING(17566): 3729 0 0.179669000
D/UDP-TIMING(17566): 3730 0 0.169549000
D/UDP-TIMING(17566): 3731 0 0.189342000
D/UDP-TIMING(17566): 3732 0 0.179223000
D/UDP-TIMING(17566): 3733 0 0.169102000
D/UDP-TIMING(17566): 3734 0 0.189351000
D/UDP-TIMING(17566): 3735 0 0.179242000
D/UDP-TIMING(17566): 3736 0 0.169141000
E/TrafficStats( 1673): [QCTMM]tryAll index=0
E/TrafficStats( 1673): [QCTMM]tryAll index=1
E/TrafficStats( 1673): [QCTMM]tryAll index=2
E/TrafficStats( 1673): [QCTMM]tryAll index=0
E/TrafficStats( 1673): [QCTMM]tryAll index=1
E/TrafficStats( 1673): [QCTMM]tryAll index=2
D/UDP-TIMING(17566): 3737 0 0.188692000
D/UDP-TIMING(17566): 3738 0 0.178572000
D/UDP-TIMING(17566): 3739 0 0.168452000
D/DATA    ( 1860): sentSinceLastRecv=0,watchdogTrigger=10,maxindex=0
D/UDP-TIMING(17566): 3740 0 0.188580000
D/UDP-TIMING(17566): 3741 0 0.178460000
D/UDP-TIMING(17566): 3742 0 0.168340000
D/UDP-TIMING(17566): 3743 0 0.188316000
D/UDP-TIMING(17566): 3744 0 0.178150000
D/UDP-TIMING(17566): 3745 0 0.168053000
D/UDP-TIMING(17566): 3746 0 0.187885000
D/UDP-TIMING(17566): 3747 0 0.177733000
D/UDP-TIMING(17566): 3748 0 0.167511000
D/UDP-TIMING(17566): 3749 0 0.187059000
D/UDP-TIMING(17566): 3750 0 0.176880000
D/UDP-TIMING(17566): 3751 0 0.166733000
