D/UDP-TIMING(17566): 1560 0 0.176406000
D/UDP-TIMING(17566): 1561 0 0.166232000
D/UDP-TIMING(17566): 1562 0 0.185798000
D/UDP-TIMING(17566): 1563 0 0.175673000
D/UDP-TIMING(17566): 1564 0 0.165558000
D/UDP-TIMING(17566): 1565 0 0.185496000
D/UDP-TIMING(17566): 1566 0 0.175394000
D/UDP-TIMING(17566): 1567 0 0.165320000
D/UDP-TIMING(17566): 1568 0 0.185307000
D/UDP-TIMING(17566): 1569 0 0.175141000
D/UDP-TIMING(17566): 1570 0 0.164992000
D/UDP-TIMING(17566): 1571 0 0.184585000
D/UDP-TIMING(17566): 1572 0 0.174447000
D/UDP-TIMING(17566): 1573 0 0.164232000
D/UDP-TIMING(17566): 1574 0 0.184288000
D/UDP-TIMING(17566): 1575 0 0.174125000
D/UDP-TIMING(17566): 1576 0 0.193809000
D/UDP-TIMING(17566): 1577 0 0.183710000
D/UDP-TIMING(17566): 1578 0 0.173591000
D/UDP-TIMING(17566): 1579 0 0.163482000
D/UDP-TIMING(17566): 1580 0 0.183580000
D/UDP-TIMING(17566): 1581 0 0.173461000
D/UDP-TIMING(17566): 1582 0 0.163378000
D/UDP-TIMING(17566): 1583 0 0.182955000
D/UDP-TIMING(17566): 1584 0 0.172804000
D/UDP-TIMING(17566): 1585 0 0.192945000
D/UDP-TIMING(17566): 1586 0 0.182861000
D/UDP-TIMING(17566): 1587 0 0.172731000
D/UDP-TIMING(17566): 1588 0 0.192031000
D/UDP-TIMING(17566): 1589 0 0.181934000
D/UDP-TIMING(17566): 1590 0 0.171807000
D/UDP-TIMING(17566): 1591 0 0.192206000
D/UDP-TIMING(17566): 1592 0 0.182085000
D/UDP-TIMING(17566): 1593 0 0.171992000
D/UDP-TIMING(17566): 1594 0 0.191660000
D/UDP-TIMING(17566): 1595 0 0.181528000
D/UDP-TIMING(17566): 1596 0 0.171397000
D/UDP-TIMING(17566): 1597 0 0.191801000
D/UDP-TIMING(17566): 1598 0 0.181683000
D/UDP-TIMING(17566): 1599 0 0.171563000
D/UDP-TIMING(17566): 1600 0 0.190839000
D/UDP-TIMING(17566): 1601 0 0.180660000
D/UDP-TIMING(17566): 1602 0 0.170507000
D/UDP-TIMING(17566): 1603 0 0.190636000
D/UDP-TIMING(17566): 1604 0 0.180470000
D/UDP-TIMING(17566): 1605 0 0.170285000
D/UDP-TIMING(17566): 1606 0 0.190091000
D/UDP-TIMING(17566): 1607 0 0.179971000
D/UDP-TIMING(17566): 1608 0 0.169789000
D/UDP-TIMING(17566): 1609 0 0.189306000
D/UDP-TIMING(17566): 1610 0 0.179125000
D/UDP-TIMING(17566): 1611 0 0.168973000
D/UDP-TIMING(17566): 1612 0 0.189131000
D/UDP-TIMING(17566): 1613 0 0.178960000
D/UDP-TIMING(17566): 1614 0 0.168852000
D/UDP-TIMING(17566): 1615 0 0.188286000
D/UDP-TIMING(17566): 1616 0 0.178187000
D/UDP-TIMING(17566): 1617 0 0.168086000
D/UDP-TIMING(17566): 1618 0 0.188307000
D/UDP-TIMING(17566): 1619 0 0.178162000
D/UDP-TIMING(17566): 1620 0 0.168000000
D/UDP-TIMING(17566): 1621 0 0.187454000
D/UDP-TIMING(17566): 1622 0 0.177265000
D/UDP-TIMING(17566): 1623 0 0.167119000
D/UDP-TIMING(17566): 1624 0 0.187282000
D/UDP-TIMING(17566): 1625 0 0.177155000
D/UDP-TIMING(17566): 1626 0 0.166998000
D/UDP-TIMING(17566): 1627 0 0.186571000
D/UDP-TIMING(17566): 1628 0 0.176388000
D/UDP-TIMING(17566): 1629 0 0.166239000
D/UDP-TIMING(17566): 1630 0 0.186176000
D/UDP-TIMING(17566): 1631 0 0.176076000
D/UDP-TIMING(17566): 1632 0 0.165900000
D/UDP-TIMING(17566): 1633 0 0.185307000
D/UDP-TIMING(17566): 1634 0 0.175169000
D/UDP-TIMING(17566): 1635 0 0.165014000
D/UDP-TIMING(17566): 1636 0 0.184825000
D/UDP-TIMING(17566): 1637 0 0.174677000
D/UDP-TIMING(17566): 1638 0 0.164481000
D/UDP-TIMING(17566): 1639 0 0.184242000
D/UDP-TIMING(17566): 1640 0 0.174058000
E/TrafficStats( 1673): [QCTMM]tryAll index=0
E/TrafficStats( 1673): [QCTMM]tryAll index=1
E/TrafficStats( 1673): [QCTMM]tryAll index=2
E/TrafficStats( 1673): [QCTMM]tryAll index=0
E/TrafficStats( 1673): [QCTMM]tryAll index=1
E/TrafficStats( 1673): [QCTMM]tryAll index=2
D/DATA    ( 1860): [PhoneNotifier] notifyDataActivityLTE
D/DATA    ( 1860): [QCTMM] DataNetStatistics mIsScreenOn newActivity=DATAINANDOUT
D/DATA    ( 1860): sentSinceLastRecv=0,watchdogTrigger=10,maxindex=0
D/UDP-TIMING(17566): 1641 0 0.194078000
D/UDP-TIMING(17566): 1642 0 0.183929000
D/UDP-TIMING(17566): 1643 0 0.173759000
D/UDP-TIMING(17566): 1644 0 0.163645000
D/StatusBarPolicy( 1816): hasService()=true ,mDataState=2 ,mPhone.htcModemLinkOn()=false ,mDataActivity=3
D/StatusBarPolicy( 1816): slotType[0]=RUIM
D/UDP-TIMING(17566): 1645 0 0.183693000
D/UDP-TIMING(17566): 1646 0 0.173510000
D/UDP-TIMING(17566): 1647 0 0.192536000
D/UDP-TIMING(17566): 1648 0 0.182360000
D/UDP-TIMING(17566): 1649 0 0.172173000
D/UDP-TIMING(17566): 1650 0 0.192233000
D/UDP-TIMING(17566): 1651 0 0.182078000
D/UDP-TIMING(17566): 1652 0 0.171899000
D/UDP-TIMING(17566): 1653 0 0.191622000
D/UDP-TIMING(17566): 1654 0 0.181439000
D/UDP-TIMING(17566): 1655 0 0.171293000
D/UDP-TIMING(17566): 1656 0 0.191553000
D/UDP-TIMING(17566): 1657 0 0.181361000
D/UDP-TIMING(17566): 1658 0 0.171179000
D/UDP-TIMING(17566): 1659 0 0.191058000
D/UDP-TIMING(17566): 1660 0 0.180873000
D/UDP-TIMING(17566): 1661 0 0.170692000
D/UDP-TIMING(17566): 1662 0 0.190876000
D/UDP-TIMING(17566): 1663 0 0.180705000
D/UDP-TIMING(17566): 1664 0 0.170531000
D/UDP-TIMING(17566): 1665 0 0.190002000
D/UDP-TIMING(17566): 1666 0 0.179861000
D/UDP-TIMING(17566): 1667 0 0.169677000
D/UDP-TIMING(17566): 1668 0 0.189895000
D/UDP-TIMING(17566): 1669 0 0.179715000
D/UDP-TIMING(17566): 1670 0 0.169532000
D/UDP-TIMING(17566): 1671 0 0.189008000
D/UDP-TIMING(17566): 1672 0 0.178836000
D/UDP-TIMING(17566): 1673 0 0.168676000
D/UDP-TIMING(17566): 1674 0 0.188474000
D/UDP-TIMING(17566): 1675 0 0.178297000
D/UDP-TIMING(17566): 1676 0 0.168129000
D/UDP-TIMING(17566): 1677 0 0.188603000
D/UDP-TIMING(17566): 1678 0 0.178417000
D/UDP-TIMING(17566): 1679 0 0.168235000
D/dalvikvm(17239): GC_EXPLICIT freed 8K, 45% free 3140K/5639K, external 0K/512K, paused 83ms
D/UDP-TIMING(17566): 1680 0 0.186985000
D/UDP-TIMING(17566): 1681 0 0.176819000
D/UDP-TIMING(17566): 1682 0 0.166639000
D/UDP-TIMING(17566): 1683 0 0.186725000
D/UDP-TIMING(17566): 1684 0 0.176570000
D/UDP-TIMING(17566): 1685 0 0.166413000
D/UDP-TIMING(17566): 1686 0 0.186368000
D/UDP-TIMING(17566): 1687 0 0.176187000
D/UDP-TIMING(17566): 1688 0 0.166022000
D/UDP-TIMING(17566): 1689 0 0.186147000
D/UDP-TIMING(17566): 1690 0 0.175964000
D/UDP-TIMING(17566): 1691 0 0.165777000
D/UDP-TIMING(17566): 1692 0 0.185232000
D/UDP-TIMING(17566): 1693 0 0.174980000
D/UDP-TIMING(17566): 1694 0 0.164906000
D/UDP-TIMING(17566): 1695 0 0.185068000
D/UDP-TIMING(17566): 1696 0 0.174928000
D/UDP-TIMING(17566): 1697 0 0.194543000
D/UDP-TIMING(17566): 1698 0 0.184368000
D/UDP-TIMING(17566): 1699 0 0.174195000
D/UDP-TIMING(17566): 1700 0 0.194146000
D/UDP-TIMING(17566): 1701 0 0.184020000
D/UDP-TIMING(17566): 1702 0 0.173931000
D/UDP-TIMING(17566): 1703 0 0.163837000
D/UDP-TIMING(17566): 1704 0 0.183414000
D/UDP-TIMING(17566): 1705 0 0.173282000
D/UDP-TIMING(17566): 1706 0 0.193378000
D/UDP-TIMING(17566): 1707 0 0.183281000
D/UDP-TIMING(17566): 1708 0 0.173084000
D/UDP-TIMING(17566): 1709 0 0.192683000
D/UDP-TIMING(17566): 1710 0 0.182593000
D/UDP-TIMING(17566): 1711 0 0.172440000
D/UDP-TIMING(17566): 1712 0 0.192243000
D/UDP-TIMING(17566): 1713 0 0.182081000
D/UDP-TIMING(17566): 1714 0 0.171923000
D/UDP-TIMING(17566): 1715 0 0.192128000
D/UDP-TIMING(17566): 1716 0 0.182020000
D/UDP-TIMING(17566): 1717 0 0.171836000
D/UDP-TIMING(17566): 1718 0 0.191278000
D/UDP-TIMING(17566): 1719 0 0.181082000
D/UDP-TIMING(17566): 1720 0 0.170893000
D/UDP-TIMING(17566): 1721 0 0.191037000
D/UDP-TIMING(17566): 1722 0 0.180889000
D/UDP-TIMING(17566): 1723 0 0.170705000
D/UDP-TIMING(17566): 1724 0 0.190211000
D/UDP-TIMING(17566): 1725 0 0.180046000
D/UDP-TIMING(17566): 1726 0 0.169887000
D/UDP-TIMING(17566): 1727 0 0.190035000
D/UDP-TIMING(17566): 1728 0 0.179941000
D/UDP-TIMING(17566): 1729 0 0.169749000
D/UDP-TIMING(17566): 1730 0 0.189162000
D/UDP-TIMING(17566): 1731 0 0.178982000
D/UDP-TIMING(17566): 1732 0 0.168791000
D/UDP-TIMING(17566): 1733 0 0.188954000
D/UDP-TIMING(17566): 1734 0 0.178853000
D/UDP-TIMING(17566): 1735 0 0.168663000
D/UDP-TIMING(17566): 1736 0 0.188104000
D/UDP-TIMING(17566): 1737 0 0.177913000
D/UDP-TIMING(17566): 1738 0 0.167733000
D/UDP-TIMING(17566): 1739 0 0.187885000
D/UDP-TIMING(17566): 1740 0 0.177694000
D/UDP-TIMING(17566): 1741 0 0.167531000
E/TrafficStats( 1673): [QCTMM]tryAll index=0
E/TrafficStats( 1673): [QCTMM]tryAll index=1
E/TrafficStats( 1673): [QCTMM]tryAll index=2
E/TrafficStats( 1673): [QCTMM]tryAll index=0
E/TrafficStats( 1673): [QCTMM]tryAll index=1
E/TrafficStats( 1673): [QCTMM]tryAll index=2
D/DATA    ( 1860): [PhoneNotifier] notifyDataActivityLTE
D/DATA    ( 1860): [QCTMM] DataNetStatistics mIsScreenOn newActivity=DATAIN
D/DATA    ( 1860): sentSinceLastRecv=0,watchdogTrigger=10,maxindex=0
D/StatusBarPolicy( 1816): hasService()=true ,mDataState=2 ,mPhone.htcModemLinkOn()=false ,mDataActivity=1
D/StatusBarPolicy( 1816): slotType[0]=RUIM
D/UDP-TIMING(17566): 1742 0 0.187079000
D/UDP-TIMING(17566): 1743 0 0.176907000
D/UDP-TIMING(17566): 1744 0 0.166758000
D/UDP-TIMING(17566): 1745 0 0.186973000
D/UDP-TIMING(17566): 1746 0 0.176796000
D/UDP-TIMING(17566): 1747 0 0.166617000
D/UDP-TIMING(17566): 1748 0 0.185983000
D/UDP-TIMING(17566): 1749 0 0.175826000
D/UDP-TIMING(17566): 1750 0 0.165643000
D/UDP-TIMING(17566): 1751 0 0.185954000
D/UDP-TIMING(17566): 1752 0 0.175803000
D/UDP-TIMING(17566): 1753 0 0.165630000
D/UDP-TIMING(17566): 1754 0 0.185300000
D/UDP-TIMING(17566): 1755 0 0.175189000
D/UDP-TIMING(17566): 1756 0 0.165051000
D/UDP-TIMING(17566): 1757 0 0.184505000
D/UDP-TIMING(17566): 1758 0 0.174320000
D/UDP-TIMING(17566): 1759 0 0.164227000
D/UDP-TIMING(17566): 1760 0 0.184384000
D/UDP-TIMING(17566): 1761 0 0.174200000
D/UDP-TIMING(17566): 1762 0 0.164060000
D/UDP-TIMING(17566): 1763 0 0.183557000
D/UDP-TIMING(17566): 1764 0 0.173427000
D/UDP-TIMING(17566): 1765 0 0.193672000
D/UDP-TIMING(17566): 1766 0 0.183543000
D/UDP-TIMING(17566): 1767 0 0.173372000
D/UDP-TIMING(17566): 1768 0 0.163246000
D/UDP-TIMING(17566): 1769 0 0.182662000
D/UDP-TIMING(17566): 1770 0 0.172469000
D/UDP-TIMING(17566): 1771 0 0.162335000
D/UDP-TIMING(17566): 1772 0 0.182461000
D/UDP-TIMING(17566): 1773 0 0.172280000
D/UDP-TIMING(17566): 1774 0 0.191817000
D/UDP-TIMING(17566): 1775 0 0.181691000
D/UDP-TIMING(17566): 1776 0 0.171509000
D/UDP-TIMING(17566): 1777 0 0.191665000
D/UDP-TIMING(17566): 1778 0 0.181520000
D/UDP-TIMING(17566): 1779 0 0.171328000
D/UDP-TIMING(17566): 1780 0 0.190739000
D/UDP-TIMING(17566): 1781 0 0.180567000
D/UDP-TIMING(17566): 1782 0 0.170397000
D/UDP-TIMING(17566): 1783 0 0.190634000
D/UDP-TIMING(17566): 1784 0 0.180577000
D/UDP-TIMING(17566): 1785 0 0.170395000
D/UDP-TIMING(17566): 1786 0 0.189465000
D/UDP-TIMING(17566): 1787 0 0.179276000
D/UDP-TIMING(17566): 1788 0 0.169085000
D/UDP-TIMING(17566): 1789 0 0.189412000
D/UDP-TIMING(17566): 1790 0 0.179217000
D/UDP-TIMING(17566): 1791 0 0.169064000
D/UDP-TIMING(17566): 1792 0 0.188981000
D/UDP-TIMING(17566): 1793 0 0.178808000
D/UDP-TIMING(17566): 1794 0 0.168677000
D/UDP-TIMING(17566): 1795 0 0.188313000
D/UDP-TIMING(17566): 1796 0 0.178171000
D/UDP-TIMING(17566): 1797 0 0.167983000
D/UDP-TIMING(17566): 1798 0 0.187929000
D/UDP-TIMING(17566): 1799 0 0.177781000
D/UDP-TIMING(17566): 1800 0 0.167600000
D/UDP-TIMING(17566): 1801 0 0.187175000
D/UDP-TIMING(17566): 1802 0 0.176992000
D/UDP-TIMING(17566): 1803 0 0.166831000
D/UDP-TIMING(17566): 1804 0 0.186887000
D/UDP-TIMING(17566): 1805 0 0.176708000
D/UDP-TIMING(17566): 1806 0 0.166525000
D/UDP-TIMING(17566): 1807 0 0.186010000
D/UDP-TIMING(17566): 1808 0 0.175862000
D/UDP-TIMING(17566): 1809 0 0.165674000
D/UDP-TIMING(17566): 1810 0 0.185832000
D/UDP-TIMING(17566): 1811 0 0.175654000
D/UDP-TIMING(17566): 1812 0 0.165557000
D/UDP-TIMING(17566): 1813 0 0.185029000
D/UDP-TIMING(17566): 1814 0 0.174894000
D/UDP-TIMING(17566): 1815 0 0.195257000
D/UDP-TIMING(17566): 1816 0 0.185079000
D/UDP-TIMING(17566): 1817 0 0.174896000
D/UDP-TIMING(17566): 1818 0 0.164806000
D/UDP-TIMING(17566): 1819 0 0.184041000
D/UDP-TIMING(17566): 1820 0 0.173862000
D/UDP-TIMING(17566): 1821 0 0.163735000
D/UDP-TIMING(17566): 1822 0 0.183944000
D/UDP-TIMING(17566): 1823 0 0.173820000
D/UDP-TIMING(17566): 1824 0 0.193725000
D/UDP-TIMING(17566): 1825 0 0.183558000
D/UDP-TIMING(17566): 1826 0 0.173409000
D/UDP-TIMING(17566): 1827 0 0.193002000
D/UDP-TIMING(17566): 1828 0 0.182774000
D/UDP-TIMING(17566): 1829 0 0.172593000
D/UDP-TIMING(17566): 1830 0 0.192590000
D/UDP-TIMING(17566): 1831 0 0.182440000
D/UDP-TIMING(17566): 1832 0 0.172259000
D/UDP-TIMING(17566): 1833 0 0.191940000
D/UDP-TIMING(17566): 1834 0 0.181810000
D/UDP-TIMING(17566): 1835 0 0.171630000
D/UDP-TIMING(17566): 1836 0 0.191710000
D/UDP-TIMING(17566): 1837 0 0.181513000
D/StatusBarPolicy( 1816): iconIndex=1
V/StatusBarPolicy( 1816): cdmaLevel:3;max:4
D/StatusBarPolicy( 1816): iconLevel:3
D/UDP-TIMING(17566): 1838 0 0.201163000
D/UDP-TIMING(17566): 1839 0 0.190996000
D/UDP-TIMING(17566): 1840 0 0.180809000
D/UDP-TIMING(17566): 1841 0 0.170617000
E/TrafficStats( 1673): [QCTMM]tryAll index=0
E/TrafficStats( 1673): [QCTMM]tryAll index=1
E/TrafficStats( 1673): [QCTMM]tryAll index=2
I/PhoneInfo( 2188): getCdmaLevel - cdmaDbm: -71 cdmaEcio:-90
I/PhoneInfo( 2188): getEvdoLevel - evdoDbm: -120 evdoSnr:-1 evdoEcio:-1
I/PhoneInfo( 2188): getLteLevel - lteRsrp: -1 lteCqi:-1
E/TrafficStats( 1673): [QCTMM]tryAll index=0
E/TrafficStats( 1673): [QCTMM]tryAll index=1
D/UDP-TIMING(17566): 1842 0 0.191783000
D/UDP-TIMING(17566): 1843 0 0.181684000
D/UDP-TIMING(17566): 1844 0 0.171583000
E/TrafficStats( 1673): [QCTMM]tryAll index=2
D/DATA    ( 1860): sentSinceLastRecv=0,watchdogTrigger=10,maxindex=0
D/UDP-TIMING(17566): 1845 0 0.189313000
D/UDP-TIMING(17566): 1846 0 0.179169000
D/UDP-TIMING(17566): 1847 0 0.168975000
D/UDP-TIMING(17566): 1848 0 0.189192000
D/UDP-TIMING(17566): 1849 0 0.179047000
D/UDP-TIMING(17566): 1850 0 0.168866000
D/UDP-TIMING(17566): 1851 0 0.188835000
D/UDP-TIMING(17566): 1852 0 0.178663000
D/UDP-TIMING(17566): 1853 0 0.168537000
D/UDP-TIMING(17566): 1854 0 0.188705000
D/UDP-TIMING(17566): 1855 0 0.178524000
D/UDP-TIMING(17566): 1856 0 0.168339000
D/UDP-TIMING(17566): 1857 0 0.187797000
D/UDP-TIMING(17566): 1858 0 0.177617000
D/UDP-TIMING(17566): 1859 0 0.167464000
D/UDP-TIMING(17566): 1860 0 0.187592000
D/UDP-TIMING(17566): 1861 0 0.177435000
D/UDP-TIMING(17566): 1862 0 0.167270000
D/UDP-TIMING(17566): 1863 0 0.186771000
D/UDP-TIMING(17566): 1864 0 0.176583000
D/UDP-TIMING(17566): 1865 0 0.166395000
D/UDP-TIMING(17566): 1866 0 0.186237000
D/UDP-TIMING(17566): 1867 0 0.176082000
D/UDP-TIMING(17566): 1868 0 0.165895000
D/UDP-TIMING(17566): 1869 0 0.185924000
D/UDP-TIMING(17566): 1870 0 0.175741000
D/UDP-TIMING(17566): 1871 0 0.165558000
D/UDP-TIMING(17566): 1872 0 0.185188000
D/UDP-TIMING(17566): 1873 0 0.175061000
D/UDP-TIMING(17566): 1874 0 0.164899000
D/UDP-TIMING(17566): 1875 0 0.184875000
D/UDP-TIMING(17566): 1876 0 0.174694000
D/UDP-TIMING(17566): 1877 0 0.164544000
D/UDP-TIMING(17566): 1878 0 0.184119000
D/UDP-TIMING(17566): 1879 0 0.173935000
D/UDP-TIMING(17566): 1880 0 0.194119000
D/UDP-TIMING(17566): 1881 0 0.183941000
D/UDP-TIMING(17566): 1882 0 0.173836000
D/UDP-TIMING(17566): 1883 0 0.163744000
D/UDP-TIMING(17566): 1884 0 0.183358000
D/UDP-TIMING(17566): 1885 0 0.173234000
D/UDP-TIMING(17566): 1886 0 0.193358000
D/UDP-TIMING(17566): 1887 0 0.183242000
D/UDP-TIMING(17566): 1888 0 0.173119000
D/UDP-TIMING(17566): 1889 0 0.192790000
D/UDP-TIMING(17566): 1890 0 0.182705000
D/UDP-TIMING(17566): 1891 0 0.172583000
D/UDP-TIMING(17566): 1892 0 0.192648000
D/UDP-TIMING(17566): 1893 0 0.182566000
D/UDP-TIMING(17566): 1894 0 0.172478000
D/UDP-TIMING(17566): 1895 0 0.192082000
D/UDP-TIMING(17566): 1896 0 0.181888000
D/UDP-TIMING(17566): 1897 0 0.171761000
D/UDP-TIMING(17566): 1898 0 0.191887000
D/UDP-TIMING(17566): 1899 0 0.181766000
D/UDP-TIMING(17566): 1900 0 0.171642000
D/UDP-TIMING(17566): 1901 0 0.191281000
D/UDP-TIMING(17566): 1902 0 0.181157000
D/UDP-TIMING(17566): 1903 0 0.171075000
D/UDP-TIMING(17566): 1904 0 0.190895000
D/UDP-TIMING(17566): 1905 0 0.180774000
D/UDP-TIMING(17566): 1906 0 0.170682000
D/UDP-TIMING(17566): 1907 0 0.190869000
D/UDP-TIMING(17566): 1908 0 0.180752000
D/UDP-TIMING(17566): 1909 0 0.170633000
D/UDP-TIMING(17566): 1910 0 0.190183000
D/UDP-TIMING(17566): 1911 0 0.180064000
D/UDP-TIMING(17566): 1912 0 0.169969000
D/UDP-TIMING(17566): 1913 0 0.190216000
D/UDP-TIMING(17566): 1914 0 0.180111000
D/UDP-TIMING(17566): 1915 0 0.169987000
D/UDP-TIMING(17566): 1916 0 0.190327000
D/UDP-TIMING(17566): 1917 0 0.180209000
D/UDP-TIMING(17566): 1918 0 0.170086000
D/UDP-TIMING(17566): 1919 0 0.189542000
D/UDP-TIMING(17566): 1920 0 0.179424000
D/UDP-TIMING(17566): 1921 0 0.169305000
E/TrafficStats(16531): [QCTMM]tryAll index=0
E/TrafficStats(16531): [QCTMM]tryAll index=1
E/TrafficStats(16531): [QCTMM]tryAll index=2
E/TrafficStats(16531): [QCTMM]tryAll index=0
E/TrafficStats(16531): [QCTMM]tryAll index=1
E/TrafficStats(16531): [QCTMM]tryAll index=2
D/UDP-TIMING(17566): 1922 0 0.189228000
D/UDP-TIMING(17566): 1923 0 0.179093000
D/UDP-TIMING(17566): 1924 0 0.168917000
E/TrafficStats(16531): [QCTMM]tryAll index=0
E/TrafficStats(16531): [QCTMM]tryAll index=1
E/TrafficStats(16531): [QCTMM]tryAll index=2
E/TrafficStats(16531): [QCTMM]tryAll index=0
E/TrafficStats(16531): [QCTMM]tryAll index=1
E/TrafficStats(16531): [QCTMM]tryAll index=2
D/UDP-TIMING(17566): 1925 0 0.189116000
D/UDP-TIMING(17566): 1926 0 0.178931000
D/UDP-TIMING(17566): 1927 0 0.168751000
D/UDP-TIMING(17566): 1928 0 0.187777000
D/UDP-TIMING(17566): 1929 0 0.177591000
D/UDP-TIMING(17566): 1930 0 0.167528000
D/UDP-TIMING(17566): 1931 0 0.187766000
D/UDP-TIMING(17566): 1932 0 0.177679000
D/UDP-TIMING(17566): 1933 0 0.167597000
D/UDP-TIMING(17566): 1934 0 0.187188000
D/UDP-TIMING(17566): 1935 0 0.177085000
D/UDP-TIMING(17566): 1936 0 0.166954000
D/UDP-TIMING(17566): 1937 0 0.186948000
D/UDP-TIMING(17566): 1938 0 0.176818000
D/UDP-TIMING(17566): 1939 0 0.166689000
D/UDP-TIMING(17566): 1940 0 0.186359000
D/UDP-TIMING(17566): 1941 0 0.176250000
D/UDP-TIMING(17566): 1942 0 0.166150000
E/TrafficStats( 1673): [QCTMM]tryAll index=0
E/TrafficStats( 1673): [QCTMM]tryAll index=1
E/TrafficStats( 1673): [QCTMM]tryAll index=2
E/TrafficStats( 1673): [QCTMM]tryAll index=0
E/TrafficStats( 1673): [QCTMM]tryAll index=1
E/TrafficStats( 1673): [QCTMM]tryAll index=2
D/UDP-TIMING(17566): 1943 0 0.186462000
D/UDP-TIMING(17566): 1944 0 0.176334000
D/UDP-TIMING(17566): 1945 0 0.166193000
D/DATA    ( 1860): sentSinceLastRecv=0,watchdogTrigger=10,maxindex=0
D/UDP-TIMING(17566): 1946 0 0.185821000
D/UDP-TIMING(17566): 1947 0 0.175676000
D/UDP-TIMING(17566): 1948 0 0.195258000
D/UDP-TIMING(17566): 1949 0 0.185105000
D/UDP-TIMING(17566): 1950 0 0.174922000
D/UDP-TIMING(17566): 1951 0 0.164743000
D/UDP-TIMING(17566): 1952 0 0.184803000
D/UDP-TIMING(17566): 1953 0 0.175525000
D/UDP-TIMING(17566): 1954 0 0.194397000
D/UDP-TIMING(17566): 1955 0 0.184227000
D/UDP-TIMING(17566): 1956 0 0.174074000
D/UDP-TIMING(17566): 1957 0 0.163942000
D/UDP-TIMING(17566): 1958 0 0.183920000
D/UDP-TIMING(17566): 1959 0 0.173740000
D/UDP-TIMING(17566): 1960 0 0.163563000
D/UDP-TIMING(17566): 1961 0 0.183075000
D/UDP-TIMING(17566): 1962 0 0.172920000
D/UDP-TIMING(17566): 1963 0 0.193135000
D/UDP-TIMING(17566): 1964 0 0.183057000
D/UDP-TIMING(17566): 1965 0 0.172971000
D/UDP-TIMING(17566): 1966 0 0.192490000
D/UDP-TIMING(17566): 1967 0 0.182403000
D/UDP-TIMING(17566): 1968 0 0.172282000
D/UDP-TIMING(17566): 1969 0 0.192413000
D/UDP-TIMING(17566): 1970 0 0.182329000
D/UDP-TIMING(17566): 1971 0 0.172203000
D/UDP-TIMING(17566): 1972 0 0.192225000
D/UDP-TIMING(17566): 1973 0 0.182082000
D/UDP-TIMING(17566): 1974 0 0.171936000
D/Database(16531): dbopen(): path = /data/data/com.onavo.android.onavoid/databases/ui_events, flag = 6, file size = 14065664
D/UDP-TIMING(17566): 1975 0 0.192247000
D/UDP-TIMING(17566): 1976 0 0.182097000
D/UDP-TIMING(17566): 1977 0 0.171915000
D/Database(16531): dbopen(): path = /data/data/com.onavo.android.onavoid/databases/ui_events, mode: wal, disk free size: 2000 M, handle: 0x3ada48
D/UDP-TIMING(17566): 1978 0 0.191096000
D/UDP-TIMING(17566): 1979 0 0.180929000
D/UDP-TIMING(17566): 1980 0 0.170753000
D/Database(16531): dbclose(): path = /data/data/com.onavo.android.onavoid/databases/ui_events, handle = 0x3ada48
D/UDP-TIMING(17566): 1981 0 0.189672000
D/UDP-TIMING(17566): 1982 0 0.179467000
D/UDP-TIMING(17566): 1983 0 0.169336000
D/UDP-TIMING(17566): 1984 0 0.189611000
D/UDP-TIMING(17566): 1985 0 0.179437000
D/UDP-TIMING(17566): 1986 0 0.169255000
D/UDP-TIMING(17566): 1987 0 0.188986000
D/UDP-TIMING(17566): 1988 0 0.178810000
D/UDP-TIMING(17566): 1989 0 0.168689000
D/UDP-TIMING(17566): 1990 0 0.188999000
D/UDP-TIMING(17566): 1991 0 0.178834000
D/UDP-TIMING(17566): 1992 0 0.168703000
D/UDP-TIMING(17566): 1993 0 0.188302000
D/UDP-TIMING(17566): 1994 0 0.178123000
D/UDP-TIMING(17566): 1995 0 0.168024000
D/UDP-TIMING(17566): 1996 0 0.188174000
D/UDP-TIMING(17566): 1997 0 0.177991000
D/UDP-TIMING(17566): 1998 0 0.167834000
D/UDP-TIMING(17566): 1999 0 0.187262000
D/UDP-TIMING(17566): 2000 0 0.177081000
D/UDP-TIMING(17566): 2001 0 0.166906000
D/UDP-TIMING(17566): 2002 0 0.187187000
D/UDP-TIMING(17566): 2003 0 0.177069000
D/UDP-TIMING(17566): 2004 0 0.166974000
D/UDP-TIMING(17566): 2005 0 0.186488000
D/UDP-TIMING(17566): 2006 0 0.176335000
D/UDP-TIMING(17566): 2007 0 0.166210000
D/UDP-TIMING(17566): 2008 0 0.186396000
D/UDP-TIMING(17566): 2009 0 0.176327000
D/UDP-TIMING(17566): 2010 0 0.166150000
D/UDP-TIMING(17566): 2011 0 0.185624000
D/UDP-TIMING(17566): 2012 0 0.175499000
D/UDP-TIMING(17566): 2013 0 0.195426000
D/UDP-TIMING(17566): 2014 0 0.185269000
D/UDP-TIMING(17566): 2015 0 0.175159000
D/UDP-TIMING(17566): 2016 0 0.165039000
D/UDP-TIMING(17566): 2017 0 0.184864000
D/UDP-TIMING(17566): 2018 0 0.174745000
D/UDP-TIMING(17566): 2019 0 0.164601000
D/UDP-TIMING(17566): 2020 0 0.184455000
D/UDP-TIMING(17566): 2021 0 0.174372000
D/UDP-TIMING(17566): 2022 0 0.164235000
D/UDP-TIMING(17566): 2023 0 0.184457000
D/UDP-TIMING(17566): 2024 0 0.174341000
D/UDP-TIMING(17566): 2025 0 0.164207000
D/UDP-TIMING(17566): 2026 0 0.183648000
D/UDP-TIMING(17566): 2027 0 0.173497000
D/UDP-TIMING(17566): 2028 0 0.193745000
D/UDP-TIMING(17566): 2029 0 0.183567000
D/UDP-TIMING(17566): 2030 0 0.173413000
D/UDP-TIMING(17566): 2031 0 0.163300000
D/UDP-TIMING(17566): 2032 0 0.182672000
D/UDP-TIMING(17566): 2033 0 0.172490000
D/UDP-TIMING(17566): 2034 0 0.192701000
D/UDP-TIMING(17566): 2035 0 0.182552000
D/UDP-TIMING(17566): 2036 0 0.172375000
D/UDP-TIMING(17566): 2037 0 0.191853000
D/UDP-TIMING(17566): 2038 0 0.181672000
D/UDP-TIMING(17566): 2039 0 0.171490000
D/UDP-TIMING(17566): 2040 0 0.191689000
D/UDP-TIMING(17566): 2041 0 0.181504000
D/UDP-TIMING(17566): 2042 0 0.171334000
E/TrafficStats( 1673): [QCTMM]tryAll index=0
E/TrafficStats( 1673): [QCTMM]tryAll index=1
E/TrafficStats( 1673): [QCTMM]tryAll index=2
E/TrafficStats( 1673): [QCTMM]tryAll index=0
E/TrafficStats( 1673): [QCTMM]tryAll index=1
E/TrafficStats( 1673): [QCTMM]tryAll index=2
D/UDP-TIMING(17566): 2043 0 0.191359000
D/UDP-TIMING(17566): 2044 0 0.181207000
D/UDP-TIMING(17566): 2045 0 0.171025000
D/DATA    ( 1860): sentSinceLastRecv=0,watchdogTrigger=10,maxindex=0
D/UDP-TIMING(17566): 2046 0 0.191009000
D/UDP-TIMING(17566): 2047 0 0.180859000
D/UDP-TIMING(17566): 2048 0 0.170735000
D/UDP-TIMING(17566): 2049 0 0.189969000
D/UDP-TIMING(17566): 2050 0 0.179795000
D/UDP-TIMING(17566): 2051 0 0.169630000
D/UDP-TIMING(17566): 2052 0 0.189459000
D/UDP-TIMING(17566): 2053 0 0.179277000
D/UDP-TIMING(17566): 2054 0 0.169093000
D/UDP-TIMING(17566): 2055 0 0.189277000
D/UDP-TIMING(17566): 2056 0 0.179089000
D/UDP-TIMING(17566): 2057 0 0.168905000
D/UDP-TIMING(17566): 2058 0 0.188359000
D/UDP-TIMING(17566): 2059 0 0.178183000
D/UDP-TIMING(17566): 2060 0 0.168019000
D/UDP-TIMING(17566): 2061 0 0.188246000
D/UDP-TIMING(17566): 2062 0 0.178111000
D/UDP-TIMING(17566): 2063 0 0.167942000
D/UDP-TIMING(17566): 2064 0 0.187370000
D/UDP-TIMING(17566): 2065 0 0.177184000
D/UDP-TIMING(17566): 2066 0 0.167004000
D/UDP-TIMING(17566): 2067 0 0.187132000
D/UDP-TIMING(17566): 2068 0 0.176956000
D/UDP-TIMING(17566): 2069 0 0.166802000
D/UDP-TIMING(17566): 2070 0 0.186309000
D/UDP-TIMING(17566): 2071 0 0.176152000
D/UDP-TIMING(17566): 2072 0 0.165973000
D/UDP-TIMING(17566): 2073 0 0.186128000
D/UDP-TIMING(17566): 2074 0 0.175973000
D/UDP-TIMING(17566): 2075 0 0.165792000
D/UDP-TIMING(17566): 2076 0 0.185245000
D/UDP-TIMING(17566): 2077 0 0.175065000
D/UDP-TIMING(17566): 2078 0 0.164903000
D/UDP-TIMING(17566): 2079 0 0.185058000
D/UDP-TIMING(17566): 2080 0 0.174895000
D/UDP-TIMING(17566): 2081 0 0.164795000
D/UDP-TIMING(17566): 2082 0 0.183956000
D/UDP-TIMING(17566): 2083 0 0.173839000
D/UDP-TIMING(17566): 2084 0 0.163786000
D/UDP-TIMING(17566): 2085 0 0.184357000
D/UDP-TIMING(17566): 2086 0 0.174227000
D/UDP-TIMING(17566): 2087 0 0.164136000
D/UDP-TIMING(17566): 2088 0 0.183591000
D/UDP-TIMING(17566): 2089 0 0.173469000
D/UDP-TIMING(17566): 2090 0 0.193459000
D/UDP-TIMING(17566): 2091 0 0.183354000
D/UDP-TIMING(17566): 2092 0 0.173297000
D/UDP-TIMING(17566): 2093 0 0.193393000
D/UDP-TIMING(17566): 2094 0 0.183311000
D/UDP-TIMING(17566): 2095 0 0.173194000
D/UDP-TIMING(17566): 2096 0 0.192777000
D/UDP-TIMING(17566): 2097 0 0.182689000
D/UDP-TIMING(17566): 2098 0 0.172571000
D/UDP-TIMING(17566): 2099 0 0.192639000
D/UDP-TIMING(17566): 2100 0 0.182565000
D/UDP-TIMING(17566): 2101 0 0.172461000
D/UDP-TIMING(17566): 2102 0 0.192024000
D/UDP-TIMING(17566): 2103 0 0.181899000
D/UDP-TIMING(17566): 2104 0 0.171775000
D/UDP-TIMING(17566): 2105 0 0.191996000
D/UDP-TIMING(17566): 2106 0 0.181865000
D/UDP-TIMING(17566): 2107 0 0.171776000
D/UDP-TIMING(17566): 2108 0 0.191352000
D/UDP-TIMING(17566): 2109 0 0.181232000
D/UDP-TIMING(17566): 2110 0 0.171115000
D/UDP-TIMING(17566): 2111 0 0.191343000
D/UDP-TIMING(17566): 2112 0 0.181258000
D/UDP-TIMING(17566): 2113 0 0.171163000
D/UDP-TIMING(17566): 2114 0 0.190645000
D/UDP-TIMING(17566): 2115 0 0.180527000
D/UDP-TIMING(17566): 2116 0 0.170407000
D/UDP-TIMING(17566): 2117 0 0.190680000
D/UDP-TIMING(17566): 2118 0 0.180561000
D/UDP-TIMING(17566): 2119 0 0.200468000
D/UDP-TIMING(17566): 2120 0 0.190397000
D/UDP-TIMING(17566): 2121 0 0.180312000
D/UDP-TIMING(17566): 2122 0 0.200180000
D/UDP-TIMING(17566): 2123 0 0.190060000
D/UDP-TIMING(17566): 2124 0 0.179960000
D/UDP-TIMING(17566): 2125 0 0.199443000
D/UDP-TIMING(17566): 2126 0 0.189355000
D/UDP-TIMING(17566): 2127 0 0.179230000
D/UDP-TIMING(17566): 2128 0 0.199406000
D/UDP-TIMING(17566): 2129 0 0.189287000
D/UDP-TIMING(17566): 2130 0 0.179185000
D/UDP-TIMING(17566): 2131 0 0.169094000
D/UDP-TIMING(17566): 2132 0 0.188949000
D/UDP-TIMING(17566): 2133 0 0.178767000
D/UDP-TIMING(17566): 2134 0 0.168583000
D/UDP-TIMING(17566): 2135 0 0.188211000
D/UDP-TIMING(17566): 2136 0 0.178036000
D/UDP-TIMING(17566): 2137 0 0.198126000
D/UDP-TIMING(17566): 2138 0 0.187947000
D/UDP-TIMING(17566): 2139 0 0.177765000
D/UDP-TIMING(17566): 2140 0 0.197407000
D/UDP-TIMING(17566): 2141 0 0.187325000
D/UDP-TIMING(17566): 2142 0 0.177150000
D/UDP-TIMING(17566): 2143 0 0.166973000
E/TrafficStats( 1673): [QCTMM]tryAll index=0
E/TrafficStats( 1673): [QCTMM]tryAll index=1
E/TrafficStats( 1673): [QCTMM]tryAll index=2
E/TrafficStats( 1673): [QCTMM]tryAll index=0
E/TrafficStats( 1673): [QCTMM]tryAll index=1
E/TrafficStats( 1673): [QCTMM]tryAll index=2
D/DATA    ( 1860): sentSinceLastRecv=0,watchdogTrigger=10,maxindex=0
D/UDP-TIMING(17566): 2144 0 0.187467000
D/UDP-TIMING(17566): 2145 0 0.177319000
D/UDP-TIMING(17566): 2146 0 0.167131000
D/UDP-TIMING(17566): 2147 0 0.186220000
D/UDP-TIMING(17566): 2148 0 0.176037000
D/UDP-TIMING(17566): 2149 0 0.165863000
D/UDP-TIMING(17566): 2150 0 0.185904000
D/UDP-TIMING(17566): 2151 0 0.175777000
D/UDP-TIMING(17566): 2152 0 0.195394000
D/UDP-TIMING(17566): 2153 0 0.185243000
D/UDP-TIMING(17566): 2154 0 0.175054000
D/UDP-TIMING(17566): 2155 0 0.195048000
D/UDP-TIMING(17566): 2156 0 0.184918000
D/UDP-TIMING(17566): 2157 0 0.174735000
D/UDP-TIMING(17566): 2158 0 0.194333000
D/UDP-TIMING(17566): 2159 0 0.184177000
D/UDP-TIMING(17566): 2160 0 0.174007000
D/UDP-TIMING(17566): 2161 0 0.194126000
D/UDP-TIMING(17566): 2162 0 0.183950000
D/UDP-TIMING(17566): 2163 0 0.173764000
D/UDP-TIMING(17566): 2164 0 0.193360000
D/UDP-TIMING(17566): 2165 0 0.183182000
D/UDP-TIMING(17566): 2166 0 0.173003000
D/UDP-TIMING(17566): 2167 0 0.192825000
D/UDP-TIMING(17566): 2168 0 0.182668000
D/UDP-TIMING(17566): 2169 0 0.172494000
D/UDP-TIMING(17566): 2170 0 0.192688000
D/UDP-TIMING(17566): 2171 0 0.182544000
D/UDP-TIMING(17566): 2172 0 0.172381000
D/UDP-TIMING(17566): 2173 0 0.191856000
D/UDP-TIMING(17566): 2174 0 0.181675000
D/UDP-TIMING(17566): 2175 0 0.171497000
D/UDP-TIMING(17566): 2176 0 0.191655000
D/UDP-TIMING(17566): 2177 0 0.181506000
D/UDP-TIMING(17566): 2178 0 0.171324000
D/UDP-TIMING(17566): 2179 0 0.190932000
D/UDP-TIMING(17566): 2180 0 0.180732000
D/UDP-TIMING(17566): 2181 0 0.170569000
D/UDP-TIMING(17566): 2182 0 0.190540000
D/UDP-TIMING(17566): 2183 0 0.180357000
D/UDP-TIMING(17566): 2184 0 0.170171000
D/UDP-TIMING(17566): 2185 0 0.189599000
D/UDP-TIMING(17566): 2186 0 0.179417000
D/UDP-TIMING(17566): 2187 0 0.169266000
D/UDP-TIMING(17566): 2188 0 0.189455000
D/UDP-TIMING(17566): 2189 0 0.179260000
D/UDP-TIMING(17566): 2190 0 0.169089000
D/UDP-TIMING(17566): 2191 0 0.188629000
D/UDP-TIMING(17566): 2192 0 0.178491000
D/UDP-TIMING(17566): 2193 0 0.168310000
D/UDP-TIMING(17566): 2194 0 0.188430000
D/UDP-TIMING(17566): 2195 0 0.178250000
D/UDP-TIMING(17566): 2196 0 0.168061000
D/UDP-TIMING(17566): 2197 0 0.187514000
D/UDP-TIMING(17566): 2198 0 0.177387000
D/UDP-TIMING(17566): 2199 0 0.167185000
D/UDP-TIMING(17566): 2200 0 0.187355000
D/UDP-TIMING(17566): 2201 0 0.177184000
D/UDP-TIMING(17566): 2202 0 0.167029000
D/UDP-TIMING(17566): 2203 0 0.186545000
D/UDP-TIMING(17566): 2204 0 0.176394000
D/UDP-TIMING(17566): 2205 0 0.166213000
D/UDP-TIMING(17566): 2206 0 0.185935000
D/UDP-TIMING(17566): 2207 0 0.175753000
D/UDP-TIMING(17566): 2208 0 0.165598000
D/UDP-TIMING(17566): 2209 0 0.185707000
D/UDP-TIMING(17566): 2210 0 0.175508000
D/UDP-TIMING(17566): 2211 0 0.194965000
D/UDP-TIMING(17566): 2212 0 0.184786000
D/UDP-TIMING(17566): 2213 0 0.174606000
D/UDP-TIMING(17566): 2214 0 0.164388000
D/UDP-TIMING(17566): 2215 0 0.184540000
D/UDP-TIMING(17566): 2216 0 0.174358000
D/UDP-TIMING(17566): 2217 0 0.164232000
D/UDP-TIMING(17566): 2218 0 0.183656000
D/UDP-TIMING(17566): 2219 0 0.173509000
D/UDP-TIMING(17566): 2220 0 0.163335000
D/UDP-TIMING(17566): 2221 0 0.183521000
D/UDP-TIMING(17566): 2222 0 0.173360000
D/UDP-TIMING(17566): 2223 0 0.163183000
D/UDP-TIMING(17566): 2224 0 0.182602000
D/UDP-TIMING(17566): 2225 0 0.172434000
D/UDP-TIMING(17566): 2226 0 0.192622000
D/UDP-TIMING(17566): 2227 0 0.182477000
D/UDP-TIMING(17566): 2228 0 0.172295000
D/UDP-TIMING(17566): 2229 0 0.163928000
D/UDP-TIMING(17566): 2230 0 0.181567000
D/UDP-TIMING(17566): 2231 0 0.171395000
D/UDP-TIMING(17566): 2232 0 0.191599000
D/UDP-TIMING(17566): 2233 0 0.181449000
D/UDP-TIMING(17566): 2234 0 0.171270000
D/UDP-TIMING(17566): 2235 0 0.190786000
D/UDP-TIMING(17566): 2236 0 0.180561000
D/UDP-TIMING(17566): 2237 0 0.170368000
D/UDP-TIMING(17566): 2238 0 0.190499000
D/UDP-TIMING(17566): 2239 0 0.180351000
D/UDP-TIMING(17566): 2240 0 0.170184000
D/UDP-TIMING(17566): 2241 0 0.189638000
D/UDP-TIMING(17566): 2242 0 0.179461000
D/UDP-TIMING(17566): 2243 0 0.169304000
E/TrafficStats( 1673): [QCTMM]tryAll index=0
E/TrafficStats( 1673): [QCTMM]tryAll index=1
E/TrafficStats( 1673): [QCTMM]tryAll index=2
E/TrafficStats( 1673): [QCTMM]tryAll index=0
E/TrafficStats( 1673): [QCTMM]tryAll index=1
E/TrafficStats( 1673): [QCTMM]tryAll index=2
D/DATA    ( 1860): sentSinceLastRecv=0,watchdogTrigger=10,maxindex=0
D/UDP-TIMING(17566): 2244 0 0.189580000
D/UDP-TIMING(17566): 2245 0 0.179399000
D/UDP-TIMING(17566): 2246 0 0.169220000
D/UDP-TIMING(17566): 2247 0 0.188855000
D/UDP-TIMING(17566): 2248 0 0.178706000
D/UDP-TIMING(17566): 2249 0 0.168534000
D/UDP-TIMING(17566): 2250 0 0.188071000
D/UDP-TIMING(17566): 2251 0 0.177900000
D/UDP-TIMING(17566): 2252 0 0.167718000
D/UDP-TIMING(17566): 2253 0 0.187905000
D/UDP-TIMING(17566): 2254 0 0.177728000
D/UDP-TIMING(17566): 2255 0 0.167577000
D/UDP-TIMING(17566): 2256 0 0.186976000
D/UDP-TIMING(17566): 2257 0 0.176823000
D/UDP-TIMING(17566): 2258 0 0.166640000
D/UDP-TIMING(17566): 2259 0 0.186872000
D/UDP-TIMING(17566): 2260 0 0.176787000
D/UDP-TIMING(17566): 2261 0 0.166639000
D/UDP-TIMING(17566): 2262 0 0.186034000
D/UDP-TIMING(17566): 2263 0 0.175852000
D/UDP-TIMING(17566): 2264 0 0.165697000
D/UDP-TIMING(17566): 2265 0 0.185889000
D/UDP-TIMING(17566): 2266 0 0.175737000
D/UDP-TIMING(17566): 2267 0 0.165554000
D/UDP-TIMING(17566): 2268 0 0.185350000
D/UDP-TIMING(17566): 2269 0 0.175240000
D/UDP-TIMING(17566): 2270 0 0.165157000
D/UDP-TIMING(17566): 2271 0 0.185038000
D/UDP-TIMING(17566): 2272 0 0.174856000
D/UDP-TIMING(17566): 2273 0 0.164725000
D/UDP-TIMING(17566): 2274 0 0.184239000
D/UDP-TIMING(17566): 2275 0 0.174060000
D/UDP-TIMING(17566): 2276 0 0.163939000
D/UDP-TIMING(17566): 2277 0 0.184096000
D/UDP-TIMING(17566): 2278 0 0.173970000
D/UDP-TIMING(17566): 2279 0 0.163861000
D/UDP-TIMING(17566): 2280 0 0.183022000
D/UDP-TIMING(17566): 2281 0 0.172850000
D/UDP-TIMING(17566): 2282 0 0.164197000
D/UDP-TIMING(17566): 2283 0 0.182955000
D/UDP-TIMING(17566): 2284 0 0.172773000
D/UDP-TIMING(17566): 2285 0 0.192781000
D/UDP-TIMING(17566): 2286 0 0.182637000
D/UDP-TIMING(17566): 2287 0 0.172458000
D/UDP-TIMING(17566): 2288 0 0.190965000
D/UDP-TIMING(17566): 2289 0 0.180839000
D/UDP-TIMING(17566): 2290 0 0.201136000
D/UDP-TIMING(17566): 2291 0 0.191001000
D/UDP-TIMING(17566): 2292 0 0.180833000
D/UDP-TIMING(17566): 2293 0 0.170680000
D/UDP-TIMING(17566): 2294 0 0.190012000
D/UDP-TIMING(17566): 2295 0 0.179829000
D/UDP-TIMING(17566): 2296 0 0.169648000
D/UDP-TIMING(17566): 2297 0 0.189806000
D/UDP-TIMING(17566): 2298 0 0.179722000
D/UDP-TIMING(17566): 2299 0 0.169610000
D/UDP-TIMING(17566): 2300 0 0.189105000
D/UDP-TIMING(17566): 2301 0 0.179009000
D/UDP-TIMING(17566): 2302 0 0.168885000
D/UDP-TIMING(17566): 2303 0 0.189166000
D/UDP-TIMING(17566): 2304 0 0.179026000
D/UDP-TIMING(17566): 2305 0 0.198519000
D/UDP-TIMING(17566): 2306 0 0.188403000
D/UDP-TIMING(17566): 2307 0 0.178310000
D/UDP-TIMING(17566): 2308 0 0.198600000
D/UDP-TIMING(17566): 2309 0 0.188462000
D/UDP-TIMING(17566): 2310 0 0.178288000
D/UDP-TIMING(17566): 2311 0 0.168104000
D/UDP-TIMING(17566): 2312 0 0.187495000
D/UDP-TIMING(17566): 2313 0 0.207613000
D/UDP-TIMING(17566): 2314 0 0.197460000
D/UDP-TIMING(17566): 2315 0 0.187285000
D/UDP-TIMING(17566): 2316 0 0.177106000
D/UDP-TIMING(17566): 2317 0 0.166901000
D/UDP-TIMING(17566): 2318 0 0.186368000
D/UDP-TIMING(17566): 2319 0 0.176210000
D/UDP-TIMING(17566): 2320 0 0.196109000
D/UDP-TIMING(17566): 2321 0 0.185931000
D/UDP-TIMING(17566): 2322 0 0.175759000
D/UDP-TIMING(17566): 2323 0 0.165575000
D/UDP-TIMING(17566): 2324 0 0.185700000
D/UDP-TIMING(17566): 2325 0 0.175524000
D/UDP-TIMING(17566): 2326 0 0.195038000
D/UDP-TIMING(17566): 2327 0 0.184858000
D/UDP-TIMING(17566): 2328 0 0.174725000
D/UDP-TIMING(17566): 2329 0 0.164517000
D/UDP-TIMING(17566): 2330 0 0.184724000
D/UDP-TIMING(17566): 2331 0 0.174540000
D/UDP-TIMING(17566): 2332 0 0.164439000
D/UDP-TIMING(17566): 2333 0 0.184925000
D/UDP-TIMING(17566): 2334 0 0.174833000
D/UDP-TIMING(17566): 2335 0 0.164719000
D/UDP-TIMING(17566): 2336 0 0.183889000
D/UDP-TIMING(17566): 2337 0 0.173777000
D/UDP-TIMING(17566): 2338 0 0.193334000
D/UDP-TIMING(17566): 2339 0 0.183259000
D/UDP-TIMING(17566): 2340 0 0.173169000
D/dalvikvm( 2023): GC_EXPLICIT freed 37K, 53% free 2907K/6087K, external 0K/0K, paused 72ms
E/TrafficStats( 1673): [QCTMM]tryAll index=0
D/UDP-TIMING(17566): 2341 0 0.193577000
D/UDP-TIMING(17566): 2342 0 0.183458000
D/UDP-TIMING(17566): 2343 0 0.173331000
E/TrafficStats( 1673): [QCTMM]tryAll index=1
E/TrafficStats( 1673): [QCTMM]tryAll index=2
E/TrafficStats( 1673): [QCTMM]tryAll index=0
E/TrafficStats( 1673): [QCTMM]tryAll index=1
E/TrafficStats( 1673): [QCTMM]tryAll index=2
D/DATA    ( 1860): sentSinceLastRecv=0,watchdogTrigger=10,maxindex=0
D/UDP-TIMING(17566): 2344 0 0.192241000
D/UDP-TIMING(17566): 2345 0 0.182155000
D/UDP-TIMING(17566): 2346 0 0.172041000
D/UDP-TIMING(17566): 2347 0 0.191919000
D/UDP-TIMING(17566): 2348 0 0.181841000
D/UDP-TIMING(17566): 2349 0 0.171613000
D/UDP-TIMING(17566): 2350 0 0.191682000
D/UDP-TIMING(17566): 2351 0 0.181550000
D/UDP-TIMING(17566): 2352 0 0.171381000
D/UDP-TIMING(17566): 2353 0 0.191626000
D/UDP-TIMING(17566): 2354 0 0.181449000
D/UDP-TIMING(17566): 2355 0 0.171281000
D/UDP-TIMING(17566): 2356 0 0.190898000
D/UDP-TIMING(17566): 2357 0 0.180751000
D/UDP-TIMING(17566): 2358 0 0.170591000
D/UDP-TIMING(17566): 2359 0 0.190377000
D/UDP-TIMING(17566): 2360 0 0.180261000
D/UDP-TIMING(17566): 2361 0 0.170091000
D/UDP-TIMING(17566): 2362 0 0.190218000
D/UDP-TIMING(17566): 2363 0 0.180062000
D/UDP-TIMING(17566): 2364 0 0.169895000
D/UDP-TIMING(17566): 2365 0 0.189382000
D/UDP-TIMING(17566): 2366 0 0.179203000
D/UDP-TIMING(17566): 2367 0 0.169052000
D/UDP-TIMING(17566): 2368 0 0.189264000
D/UDP-TIMING(17566): 2369 0 0.179079000
D/UDP-TIMING(17566): 2370 0 0.168926000
D/UDP-TIMING(17566): 2371 0 0.188362000
D/UDP-TIMING(17566): 2372 0 0.178178000
D/UDP-TIMING(17566): 2373 0 0.167993000
D/UDP-TIMING(17566): 2374 0 0.188204000
D/UDP-TIMING(17566): 2375 0 0.178019000
D/UDP-TIMING(17566): 2376 0 0.167835000
D/UDP-TIMING(17566): 2377 0 0.187274000
D/UDP-TIMING(17566): 2378 0 0.177194000
D/UDP-TIMING(17566): 2379 0 0.167079000
D/UDP-TIMING(17566): 2380 0 0.187317000
D/UDP-TIMING(17566): 2381 0 0.177136000
D/UDP-TIMING(17566): 2382 0 0.166948000
D/UDP-TIMING(17566): 2383 0 0.186376000
D/UDP-TIMING(17566): 2384 0 0.176224000
D/UDP-TIMING(17566): 2385 0 0.166044000
D/UDP-TIMING(17566): 2386 0 0.186199000
D/UDP-TIMING(17566): 2387 0 0.176046000
D/UDP-TIMING(17566): 2388 0 0.165882000
D/UDP-TIMING(17566): 2389 0 0.185286000
D/UDP-TIMING(17566): 2390 0 0.175149000
D/UDP-TIMING(17566): 2391 0 0.164976000
D/UDP-TIMING(17566): 2392 0 0.184820000
D/UDP-TIMING(17566): 2393 0 0.174636000
D/UDP-TIMING(17566): 2394 0 0.164442000
D/UDP-TIMING(17566): 2395 0 0.184140000
D/UDP-TIMING(17566): 2396 0 0.173987000
D/UDP-TIMING(17566): 2397 0 0.163896000
D/UDP-TIMING(17566): 2398 0 0.183797000
D/UDP-TIMING(17566): 2399 0 0.173667000
D/UDP-TIMING(17566): 2400 0 0.163535000
D/UDP-TIMING(17566): 2401 0 0.183537000
D/UDP-TIMING(17566): 2402 0 0.173381000
D/UDP-TIMING(17566): 2403 0 0.163247000
D/UDP-TIMING(17566): 2404 0 0.182788000
D/UDP-TIMING(17566): 2405 0 0.172602000
D/UDP-TIMING(17566): 2406 0 0.193014000
D/UDP-TIMING(17566): 2407 0 0.182836000
D/UDP-TIMING(17566): 2408 0 0.172664000
D/UDP-TIMING(17566): 2409 0 0.191997000
D/UDP-TIMING(17566): 2410 0 0.181821000
D/UDP-TIMING(17566): 2411 0 0.171631000
D/UDP-TIMING(17566): 2412 0 0.192368000
D/UDP-TIMING(17566): 2413 0 0.182190000
D/UDP-TIMING(17566): 2414 0 0.172038000
D/UDP-TIMING(17566): 2415 0 0.191279000
D/UDP-TIMING(17566): 2416 0 0.181120000
D/UDP-TIMING(17566): 2417 0 0.170941000
D/UDP-TIMING(17566): 2418 0 0.190737000
D/UDP-TIMING(17566): 2419 0 0.180640000
D/UDP-TIMING(17566): 2420 0 0.170480000
D/UDP-TIMING(17566): 2421 0 0.189356000
D/UDP-TIMING(17566): 2422 0 0.179171000
D/UDP-TIMING(17566): 2423 0 0.168986000
D/UDP-TIMING(17566): 2424 0 0.189006000
D/UDP-TIMING(17566): 2425 0 0.178820000
D/UDP-TIMING(17566): 2426 0 0.168640000
D/UDP-TIMING(17566): 2427 0 0.188367000
D/UDP-TIMING(17566): 2428 0 0.178201000
D/UDP-TIMING(17566): 2429 0 0.169044000
D/UDP-TIMING(17566): 2430 0 0.188100000
D/UDP-TIMING(17566): 2431 0 0.177953000
D/UDP-TIMING(17566): 2432 0 0.167771000
D/UDP-TIMING(17566): 2433 0 0.188141000
D/UDP-TIMING(17566): 2434 0 0.177959000
D/UDP-TIMING(17566): 2435 0 0.167779000
D/UDP-TIMING(17566): 2436 0 0.187264000
D/UDP-TIMING(17566): 2437 0 0.177139000
D/UDP-TIMING(17566): 2438 0 0.167019000
D/UDP-TIMING(17566): 2439 0 0.187093000
D/UDP-TIMING(17566): 2440 0 0.176912000
D/UDP-TIMING(17566): 2441 0 0.166765000
E/TrafficStats( 1673): [QCTMM]tryAll index=0
E/TrafficStats( 1673): [QCTMM]tryAll index=1
E/TrafficStats( 1673): [QCTMM]tryAll index=2
E/TrafficStats( 1673): [QCTMM]tryAll index=0
E/TrafficStats( 1673): [QCTMM]tryAll index=1
E/TrafficStats( 1673): [QCTMM]tryAll index=2
D/DATA    ( 1860): sentSinceLastRecv=0,watchdogTrigger=10,maxindex=0
D/UDP-TIMING(17566): 2442 0 0.186733000
D/UDP-TIMING(17566): 2443 0 0.176548000
D/UDP-TIMING(17566): 2444 0 0.166393000
D/UDP-TIMING(17566): 2445 0 0.185967000
D/UDP-TIMING(17566): 2446 0 0.175820000
D/UDP-TIMING(17566): 2447 0 0.165667000
D/UDP-TIMING(17566): 2448 0 0.185214000
D/UDP-TIMING(17566): 2449 0 0.175049000
D/UDP-TIMING(17566): 2450 0 0.164871000
D/UDP-TIMING(17566): 2451 0 0.185003000
D/UDP-TIMING(17566): 2452 0 0.174851000
D/UDP-TIMING(17566): 2453 0 0.164682000
D/UDP-TIMING(17566): 2454 0 0.184106000
D/UDP-TIMING(17566): 2455 0 0.173922000
D/UDP-TIMING(17566): 2456 0 0.163829000
D/UDP-TIMING(17566): 2457 0 0.183715000
D/UDP-TIMING(17566): 2458 0 0.173585000
D/UDP-TIMING(17566): 2459 0 0.163498000
D/UDP-TIMING(17566): 2460 0 0.183198000
D/UDP-TIMING(17566): 2461 0 0.173015000
D/UDP-TIMING(17566): 2462 0 0.192974000
D/UDP-TIMING(17566): 2463 0 0.182822000
D/UDP-TIMING(17566): 2464 0 0.172638000
D/UDP-TIMING(17566): 2465 0 0.192686000
D/UDP-TIMING(17566): 2466 0 0.182507000
D/UDP-TIMING(17566): 2467 0 0.172372000
D/UDP-TIMING(17566): 2468 0 0.191987000
D/UDP-TIMING(17566): 2469 0 0.181854000
D/UDP-TIMING(17566): 2470 0 0.171673000
D/UDP-TIMING(17566): 2471 0 0.191707000
D/UDP-TIMING(17566): 2472 0 0.181532000
D/UDP-TIMING(17566): 2473 0 0.171378000
D/UDP-TIMING(17566): 2474 0 0.192451000
D/UDP-TIMING(17566): 2475 0 0.182298000
D/UDP-TIMING(17566): 2476 0 0.172119000
D/UDP-TIMING(17566): 2477 0 0.163043000
D/UDP-TIMING(17566): 2478 0 0.180510000
D/UDP-TIMING(17566): 2479 0 0.170340000
D/UDP-TIMING(17566): 2480 0 0.189827000
D/UDP-TIMING(17566): 2481 0 0.179652000
D/UDP-TIMING(17566): 2482 0 0.169504000
D/UDP-TIMING(17566): 2483 0 0.189722000
D/UDP-TIMING(17566): 2484 0 0.179539000
D/UDP-TIMING(17566): 2485 0 0.169384000
D/UDP-TIMING(17566): 2486 0 0.188807000
D/UDP-TIMING(17566): 2487 0 0.178675000
D/UDP-TIMING(17566): 2488 0 0.168511000
D/UDP-TIMING(17566): 2489 0 0.188698000
D/UDP-TIMING(17566): 2490 0 0.178549000
D/UDP-TIMING(17566): 2491 0 0.168365000
D/UDP-TIMING(17566): 2492 0 0.187820000
D/UDP-TIMING(17566): 2493 0 0.177636000
D/UDP-TIMING(17566): 2494 0 0.167457000
D/UDP-TIMING(17566): 2495 0 0.187249000
D/UDP-TIMING(17566): 2496 0 0.177066000
D/UDP-TIMING(17566): 2497 0 0.166903000
D/UDP-TIMING(17566): 2498 0 0.187043000
D/UDP-TIMING(17566): 2499 0 0.176896000
D/UDP-TIMING(17566): 2500 0 0.166714000
D/UDP-TIMING(17566): 2501 0 0.186219000
D/UDP-TIMING(17566): 2502 0 0.176038000
D/UDP-TIMING(17566): 2503 0 0.165852000
D/UDP-TIMING(17566): 2504 0 0.186009000
D/UDP-TIMING(17566): 2505 0 0.175826000
D/UDP-TIMING(17566): 2506 0 0.165643000
D/UDP-TIMING(17566): 2507 0 0.185909000
D/UDP-TIMING(17566): 2508 0 0.175788000
D/UDP-TIMING(17566): 2509 0 0.165613000
D/UDP-TIMING(17566): 2510 0 0.184994000
D/UDP-TIMING(17566): 2511 0 0.174816000
D/UDP-TIMING(17566): 2512 0 0.164727000
D/UDP-TIMING(17566): 2513 0 0.184152000
D/UDP-TIMING(17566): 2514 0 0.173970000
D/UDP-TIMING(17566): 2515 0 0.163859000
D/UDP-TIMING(17566): 2516 0 0.183999000
D/UDP-TIMING(17566): 2517 0 0.173837000
D/UDP-TIMING(17566): 2518 0 0.193401000
D/UDP-TIMING(17566): 2519 0 0.183228000
D/UDP-TIMING(17566): 2520 0 0.173047000
D/UDP-TIMING(17566): 2521 0 0.162865000
D/UDP-TIMING(17566): 2522 0 0.183017000
D/UDP-TIMING(17566): 2523 0 0.172833000
D/UDP-TIMING(17566): 2524 0 0.192332000
D/UDP-TIMING(17566): 2525 0 0.182143000
D/UDP-TIMING(17566): 2526 0 0.171961000
D/UDP-TIMING(17566): 2527 0 0.192255000
D/UDP-TIMING(17566): 2528 0 0.182083000
D/UDP-TIMING(17566): 2529 0 0.171934000
D/UDP-TIMING(17566): 2530 0 0.191401000
D/UDP-TIMING(17566): 2531 0 0.181223000
D/UDP-TIMING(17566): 2532 0 0.171073000
D/UDP-TIMING(17566): 2533 0 0.190937000
D/UDP-TIMING(17566): 2534 0 0.180729000
D/UDP-TIMING(17566): 2535 0 0.170579000
D/UDP-TIMING(17566): 2536 0 0.190678000
D/UDP-TIMING(17566): 2537 0 0.180517000
D/UDP-TIMING(17566): 2538 0 0.200183000
D/UDP-TIMING(17566): 2539 0 0.190016000
D/UDP-TIMING(17566): 2540 0 0.179882000
D/UDP-TIMING(17566): 2541 0 0.169697000
E/TrafficStats( 1673): [QCTMM]tryAll index=0
E/TrafficStats( 1673): [QCTMM]tryAll index=1
E/TrafficStats( 1673): [QCTMM]tryAll index=2
E/TrafficStats( 1673): [QCTMM]tryAll index=0
E/TrafficStats( 1673): [QCTMM]tryAll index=1
E/TrafficStats( 1673): [QCTMM]tryAll index=2
D/DATA    ( 1860): sentSinceLastRecv=0,watchdogTrigger=10,maxindex=0
D/UDP-TIMING(17566): 2542 0 0.190162000
D/UDP-TIMING(17566): 2543 0 0.179984000
D/UDP-TIMING(17566): 2544 0 0.169830000
D/UDP-TIMING(17566): 2545 0 0.188918000
D/UDP-TIMING(17566): 2546 0 0.178787000
D/UDP-TIMING(17566): 2547 0 0.168662000
D/UDP-TIMING(17566): 2548 0 0.188766000
D/UDP-TIMING(17566): 2549 0 0.178597000
D/UDP-TIMING(17566): 2550 0 0.168413000
D/UDP-TIMING(17566): 2551 0 0.188008000
D/UDP-TIMING(17566): 2552 0 0.177823000
D/UDP-TIMING(17566): 2553 0 0.167665000
D/UDP-TIMING(17566): 2554 0 0.187668000
D/UDP-TIMING(17566): 2555 0 0.177486000
D/UDP-TIMING(17566): 2556 0 0.197116000
D/UDP-TIMING(17566): 2557 0 0.187067000
D/UDP-TIMING(17566): 2558 0 0.176951000
D/UDP-TIMING(17566): 2559 0 0.166826000
D/UDP-TIMING(17566): 2560 0 0.186840000
D/UDP-TIMING(17566): 2561 0 0.176659000
E/TrafficStats(16531): [QCTMM]tryAll index=0
E/TrafficStats(16531): [QCTMM]tryAll index=1
E/TrafficStats(16531): [QCTMM]tryAll index=2
E/TrafficStats(16531): [QCTMM]tryAll index=0
E/TrafficStats(16531): [QCTMM]tryAll index=1
E/TrafficStats(16531): [QCTMM]tryAll index=2
D/UDP-TIMING(17566): 2562 0 0.197055000
D/UDP-TIMING(17566): 2563 0 0.186962000
D/UDP-TIMING(17566): 2564 0 0.176782000
D/UDP-TIMING(17566): 2565 0 0.166594000
E/TrafficStats(16531): [QCTMM]tryAll index=0
E/TrafficStats(16531): [QCTMM]tryAll index=1
E/TrafficStats(16531): [QCTMM]tryAll index=2
E/TrafficStats(16531): [QCTMM]tryAll index=0
E/TrafficStats(16531): [QCTMM]tryAll index=1
E/TrafficStats(16531): [QCTMM]tryAll index=2
D/UDP-TIMING(17566): 2566 0 0.186668000
D/UDP-TIMING(17566): 2567 0 0.204854000
D/UDP-TIMING(17566): 2568 0 0.194685000
D/UDP-TIMING(17566): 2569 0 0.184520000
D/UDP-TIMING(17566): 2570 0 0.174340000
D/UDP-TIMING(17566): 2571 0 0.164145000
D/UDP-TIMING(17566): 2572 0 0.184361000
D/UDP-TIMING(17566): 2573 0 0.174179000
D/UDP-TIMING(17566): 2574 0 0.164060000
D/UDP-TIMING(17566): 2575 0 0.184367000
D/UDP-TIMING(17566): 2576 0 0.174183000
D/UDP-TIMING(17566): 2577 0 0.164102000
D/UDP-TIMING(17566): 2578 0 0.183819000
D/UDP-TIMING(17566): 2579 0 0.173639000
D/UDP-TIMING(17566): 2580 0 0.163452000
D/UDP-TIMING(17566): 2581 0 0.183407000
D/UDP-TIMING(17566): 2582 0 0.173229000
D/UDP-TIMING(17566): 2583 0 0.163136000
D/UDP-TIMING(17566): 2584 0 0.213071000
D/UDP-TIMING(17566): 2585 0 0.202926000
D/UDP-TIMING(17566): 2586 0 0.192802000
D/UDP-TIMING(17566): 2587 0 0.182696000
D/UDP-TIMING(17566): 2588 0 0.172583000
D/UDP-TIMING(17566): 2589 0 0.164604000
D/UDP-TIMING(17566): 2590 0 0.181920000
D/UDP-TIMING(17566): 2591 0 0.171744000
D/UDP-TIMING(17566): 2592 0 0.191887000
D/UDP-TIMING(17566): 2593 0 0.181714000
D/UDP-TIMING(17566): 2594 0 0.171541000
D/UDP-TIMING(17566): 2595 0 0.191031000
D/UDP-TIMING(17566): 2596 0 0.180931000
D/UDP-TIMING(17566): 2597 0 0.170738000
D/UDP-TIMING(17566): 2598 0 0.190813000
D/UDP-TIMING(17566): 2599 0 0.180717000
D/UDP-TIMING(17566): 2600 0 0.170543000
D/UDP-TIMING(17566): 2601 0 0.190227000
D/UDP-TIMING(17566): 2602 0 0.180046000
D/UDP-TIMING(17566): 2603 0 0.169899000
D/UDP-TIMING(17566): 2604 0 0.189875000
D/UDP-TIMING(17566): 2605 0 0.179728000
D/UDP-TIMING(17566): 2606 0 0.169550000
D/UDP-TIMING(17566): 2607 0 0.189171000
D/UDP-TIMING(17566): 2608 0 0.179021000
D/UDP-TIMING(17566): 2609 0 0.168845000
D/UDP-TIMING(17566): 2610 0 0.188670000
D/UDP-TIMING(17566): 2611 0 0.178519000
D/UDP-TIMING(17566): 2612 0 0.168337000
D/UDP-TIMING(17566): 2613 0 0.188406000
D/UDP-TIMING(17566): 2614 0 0.178225000
D/UDP-TIMING(17566): 2615 0 0.168051000
D/UDP-TIMING(17566): 2616 0 0.187633000
D/UDP-TIMING(17566): 2617 0 0.177536000
D/UDP-TIMING(17566): 2618 0 0.167370000
D/UDP-TIMING(17566): 2619 0 0.187407000
D/UDP-TIMING(17566): 2620 0 0.177220000
D/UDP-TIMING(17566): 2621 0 0.167041000
D/UDP-TIMING(17566): 2622 0 0.186620000
D/UDP-TIMING(17566): 2623 0 0.176442000
D/UDP-TIMING(17566): 2624 0 0.166258000
D/UDP-TIMING(17566): 2625 0 0.186328000
D/UDP-TIMING(17566): 2626 0 0.176160000
D/UDP-TIMING(17566): 2627 0 0.165996000
D/UDP-TIMING(17566): 2628 0 0.185580000
D/UDP-TIMING(17566): 2629 0 0.175392000
D/UDP-TIMING(17566): 2630 0 0.165217000
D/UDP-TIMING(17566): 2631 0 0.185307000
D/UDP-TIMING(17566): 2632 0 0.175130000
D/UDP-TIMING(17566): 2633 0 0.164981000
D/UDP-TIMING(17566): 2634 0 0.184550000
D/UDP-TIMING(17566): 2635 0 0.174372000
D/UDP-TIMING(17566): 2636 0 0.164169000
D/UDP-TIMING(17566): 2637 0 0.184578000
D/UDP-TIMING(17566): 2638 0 0.174489000
D/UDP-TIMING(17566): 2639 0 0.164379000
D/UDP-TIMING(17566): 2640 0 0.183651000
D/UDP-TIMING(17566): 2641 0 0.173425000
E/TrafficStats( 1673): [QCTMM]tryAll index=0
E/TrafficStats( 1673): [QCTMM]tryAll index=1
E/TrafficStats( 1673): [QCTMM]tryAll index=2
E/TrafficStats( 1673): [QCTMM]tryAll index=0
E/TrafficStats( 1673): [QCTMM]tryAll index=1
E/TrafficStats( 1673): [QCTMM]tryAll index=2
D/DATA    ( 1860): sentSinceLastRecv=0,watchdogTrigger=10,maxindex=0
D/UDP-TIMING(17566): 2642 0 0.194024000
D/UDP-TIMING(17566): 2643 0 0.183846000
D/UDP-TIMING(17566): 2644 0 0.173666000
D/UDP-TIMING(17566): 2645 0 0.163551000
D/UDP-TIMING(17566): 2646 0 0.182703000
D/UDP-TIMING(17566): 2647 0 0.172532000
D/UDP-TIMING(17566): 2648 0 0.192292000
D/UDP-TIMING(17566): 2649 0 0.182110000
D/UDP-TIMING(17566): 2650 0 0.171930000
D/UDP-TIMING(17566): 2651 0 0.192118000
D/UDP-TIMING(17566): 2652 0 0.181940000
