D/UDP-TIMING(17566): 3752 0 0.186771000
D/UDP-TIMING(17566): 3753 0 0.176588000
D/UDP-TIMING(17566): 3754 0 0.166459000
D/UDP-TIMING(17566): 3755 0 0.185718000
D/UDP-TIMING(17566): 3756 0 0.175627000
D/UDP-TIMING(17566): 3757 0 0.165442000
D/UDP-TIMING(17566): 3758 0 0.185818000
D/UDP-TIMING(17566): 3759 0 0.175673000
D/UDP-TIMING(17566): 3760 0 0.165491000
D/UDP-TIMING(17566): 3761 0 0.185039000
D/UDP-TIMING(17566): 3762 0 0.174856000
D/UDP-TIMING(17566): 3763 0 0.164684000
D/UDP-TIMING(17566): 3764 0 0.184772000
D/UDP-TIMING(17566): 3765 0 0.174679000
D/UDP-TIMING(17566): 3766 0 0.164513000
D/UDP-TIMING(17566): 3767 0 0.184122000
D/UDP-TIMING(17566): 3768 0 0.173938000
D/UDP-TIMING(17566): 3769 0 0.163829000
D/UDP-TIMING(17566): 3770 0 0.183592000
D/UDP-TIMING(17566): 3771 0 0.173420000
D/UDP-TIMING(17566): 3772 0 0.165682000
D/UDP-TIMING(17566): 3773 0 0.183461000
D/UDP-TIMING(17566): 3774 0 0.173298000
E/TrafficStats(16531): [QCTMM]tryAll index=0
E/TrafficStats(16531): [QCTMM]tryAll index=1
D/UDP-TIMING(17566): 3775 0 0.193432000
D/UDP-TIMING(17566): 3776 0 0.183278000
D/UDP-TIMING(17566): 3777 0 0.173091000
D/UDP-TIMING(17566): 3778 0 0.163972000
E/TrafficStats(16531): [QCTMM]tryAll index=2
E/TrafficStats(16531): [QCTMM]tryAll index=0
E/TrafficStats(16531): [QCTMM]tryAll index=1
E/TrafficStats(16531): [QCTMM]tryAll index=2
E/TrafficStats(16531): [QCTMM]tryAll index=0
E/TrafficStats(16531): [QCTMM]tryAll index=1
E/TrafficStats(16531): [QCTMM]tryAll index=2
D/UDP-TIMING(17566): 3779 0 0.183295000
D/UDP-TIMING(17566): 3780 0 0.173174000
D/UDP-TIMING(17566): 3781 0 0.165839000
E/TrafficStats(16531): [QCTMM]tryAll index=0
E/TrafficStats(16531): [QCTMM]tryAll index=1
E/TrafficStats(16531): [QCTMM]tryAll index=2
D/UDP-TIMING(17566): 3782 0 0.181724000
D/UDP-TIMING(17566): 3783 0 0.171592000
D/UDP-TIMING(17566): 3784 0 0.190930000
D/UDP-TIMING(17566): 3785 0 0.180817000
D/UDP-TIMING(17566): 3786 0 0.170656000
D/UDP-TIMING(17566): 3787 0 0.190752000
D/UDP-TIMING(17566): 3788 0 0.180601000
D/UDP-TIMING(17566): 3789 0 0.170420000
D/UDP-TIMING(17566): 3790 0 0.190758000
D/UDP-TIMING(17566): 3791 0 0.180603000
D/UDP-TIMING(17566): 3792 0 0.170424000
D/UDP-TIMING(17566): 3793 0 0.189880000
D/UDP-TIMING(17566): 3794 0 0.179704000
D/UDP-TIMING(17566): 3795 0 0.169584000
D/UDP-TIMING(17566): 3796 0 0.189779000
D/UDP-TIMING(17566): 3797 0 0.179604000
D/UDP-TIMING(17566): 3798 0 0.169424000
D/UDP-TIMING(17566): 3799 0 0.188900000
D/UDP-TIMING(17566): 3800 0 0.178577000
D/UDP-TIMING(17566): 3801 0 0.168393000
D/UDP-TIMING(17566): 3802 0 0.188245000
D/UDP-TIMING(17566): 3803 0 0.178064000
D/UDP-TIMING(17566): 3804 0 0.167969000
D/UDP-TIMING(17566): 3805 0 0.187781000
D/UDP-TIMING(17566): 3806 0 0.177620000
D/UDP-TIMING(17566): 3807 0 0.167433000
D/UDP-TIMING(17566): 3808 0 0.187252000
D/UDP-TIMING(17566): 3809 0 0.177068000
D/UDP-TIMING(17566): 3810 0 0.166904000
D/UDP-TIMING(17566): 3811 0 0.186964000
D/UDP-TIMING(17566): 3812 0 0.176812000
D/UDP-TIMING(17566): 3813 0 0.166634000
D/UDP-TIMING(17566): 3814 0 0.186130000
D/UDP-TIMING(17566): 3815 0 0.176063000
D/UDP-TIMING(17566): 3816 0 0.165889000
D/UDP-TIMING(17566): 3817 0 0.186444000
D/UDP-TIMING(17566): 3818 0 0.176294000
D/UDP-TIMING(17566): 3819 0 0.166117000
D/UDP-TIMING(17566): 3820 0 0.187188000
D/UDP-TIMING(17566): 3821 0 0.177009000
D/UDP-TIMING(17566): 3822 0 0.166858000
D/StatusBarPolicy( 1816): iconIndex=1
V/StatusBarPolicy( 1816): cdmaLevel:3;max:4
D/StatusBarPolicy( 1816): iconLevel:3
D/UDP-TIMING(17566): 3823 0 0.185061000
D/UDP-TIMING(17566): 3824 0 0.174960000
D/UDP-TIMING(17566): 3825 0 0.164810000
I/PhoneInfo( 2188): getCdmaLevel - cdmaDbm: -71 cdmaEcio:-100
D/UDP-TIMING(17566): 3826 0 0.184344000
D/UDP-TIMING(17566): 3827 0 0.174165000
D/UDP-TIMING(17566): 3828 0 0.163953000
I/PhoneInfo( 2188): getEvdoLevel - evdoDbm: -120 evdoSnr:-1 evdoEcio:-1
I/PhoneInfo( 2188): getLteLevel - lteRsrp: -1 lteCqi:-1
D/UDP-TIMING(17566): 3829 0 0.183174000
D/UDP-TIMING(17566): 3830 0 0.172983000
D/UDP-TIMING(17566): 3831 0 0.162895000
D/UDP-TIMING(17566): 3832 0 0.182985000
D/UDP-TIMING(17566): 3833 0 0.172795000
D/UDP-TIMING(17566): 3834 0 0.162627000
D/UDP-TIMING(17566): 3835 0 0.182755000
D/UDP-TIMING(17566): 3836 0 0.172631000
D/UDP-TIMING(17566): 3837 0 0.163635000
D/Database(16531): dbopen(): path = /data/data/com.onavo.android.onavoid/databases/ui_events, flag = 6, file size = 14065664
D/Database(16531): dbopen(): path = /data/data/com.onavo.android.onavoid/databases/ui_events, mode: wal, disk free size: 2000 M, handle: 0x384a50
E/TrafficStats( 1673): [QCTMM]tryAll index=0
E/TrafficStats( 1673): [QCTMM]tryAll index=1
E/TrafficStats( 1673): [QCTMM]tryAll index=2
D/UDP-TIMING(17566): 3838 0 0.182414000
D/UDP-TIMING(17566): 3839 0 0.172262000
D/UDP-TIMING(17566): 3840 0 0.163055000
E/TrafficStats( 1673): [QCTMM]tryAll index=0
E/TrafficStats( 1673): [QCTMM]tryAll index=1
E/TrafficStats( 1673): [QCTMM]tryAll index=2
D/DATA    ( 1860): sentSinceLastRecv=0,watchdogTrigger=10,maxindex=0
D/UDP-TIMING(17566): 3841 0 0.182494000
D/UDP-TIMING(17566): 3842 0 0.172372000
D/UDP-TIMING(17566): 3843 0 0.190934000
D/UDP-TIMING(17566): 3844 0 0.180812000
D/UDP-TIMING(17566): 3845 0 0.170692000
D/Database(16531): dbclose(): path = /data/data/com.onavo.android.onavoid/databases/ui_events, handle = 0x384a50
D/UDP-TIMING(17566): 3846 0 0.190965000
D/UDP-TIMING(17566): 3847 0 0.180810000
D/UDP-TIMING(17566): 3848 0 0.170631000
D/dalvikvm(16531): GC_CONCURRENT freed 434K, 51% free 3393K/6855K, external 0K/0K, paused 5ms+2ms
D/UDP-TIMING(17566): 3849 0 0.190174000
D/UDP-TIMING(17566): 3850 0 0.179996000
D/UDP-TIMING(17566): 3851 0 0.169871000
D/UDP-TIMING(17566): 3852 0 0.189988000
D/UDP-TIMING(17566): 3853 0 0.179801000
D/UDP-TIMING(17566): 3854 0 0.169732000
D/UDP-TIMING(17566): 3855 0 0.190066000
D/UDP-TIMING(17566): 3856 0 0.179911000
D/UDP-TIMING(17566): 3857 0 0.169736000
D/UDP-TIMING(17566): 3858 0 0.189280000
D/UDP-TIMING(17566): 3859 0 0.179131000
D/UDP-TIMING(17566): 3860 0 0.168945000
D/UDP-TIMING(17566): 3861 0 0.188972000
D/UDP-TIMING(17566): 3862 0 0.178785000
D/UDP-TIMING(17566): 3863 0 0.168566000
D/UDP-TIMING(17566): 3864 0 0.188132000
D/UDP-TIMING(17566): 3865 0 0.178011000
D/UDP-TIMING(17566): 3866 0 0.167888000
D/UDP-TIMING(17566): 3867 0 0.188014000
D/UDP-TIMING(17566): 3868 0 0.177891000
D/UDP-TIMING(17566): 3869 0 0.167799000
D/UDP-TIMING(17566): 3870 0 0.187377000
D/UDP-TIMING(17566): 3871 0 0.177256000
D/UDP-TIMING(17566): 3872 0 0.167126000
D/UDP-TIMING(17566): 3873 0 0.187369000
D/UDP-TIMING(17566): 3874 0 0.177193000
D/UDP-TIMING(17566): 3875 0 0.167020000
D/UDP-TIMING(17566): 3876 0 0.186482000
D/UDP-TIMING(17566): 3877 0 0.176337000
D/UDP-TIMING(17566): 3878 0 0.166153000
D/UDP-TIMING(17566): 3879 0 0.186036000
D/UDP-TIMING(17566): 3880 0 0.175854000
D/UDP-TIMING(17566): 3881 0 0.165671000
D/UDP-TIMING(17566): 3882 0 0.185674000
D/UDP-TIMING(17566): 3883 0 0.175497000
D/UDP-TIMING(17566): 3884 0 0.165322000
D/UDP-TIMING(17566): 3885 0 0.184975000
D/UDP-TIMING(17566): 3886 0 0.174796000
D/UDP-TIMING(17566): 3887 0 0.164616000
D/UDP-TIMING(17566): 3888 0 0.184685000
D/UDP-TIMING(17566): 3889 0 0.174510000
D/UDP-TIMING(17566): 3890 0 0.164421000
D/UDP-TIMING(17566): 3891 0 0.184080000
D/UDP-TIMING(17566): 3892 0 0.173898000
D/UDP-TIMING(17566): 3893 0 0.163755000
D/UDP-TIMING(17566): 3894 0 0.183790000
D/UDP-TIMING(17566): 3895 0 0.173646000
D/UDP-TIMING(17566): 3896 0 0.163548000
D/UDP-TIMING(17566): 3897 0 0.183054000
D/UDP-TIMING(17566): 3898 0 0.172877000
D/UDP-TIMING(17566): 3899 0 0.164315000
D/UDP-TIMING(17566): 3900 0 0.182769000
D/UDP-TIMING(17566): 3901 0 0.172587000
D/UDP-TIMING(17566): 3902 0 0.164020000
D/UDP-TIMING(17566): 3903 0 0.182000000
D/UDP-TIMING(17566): 3904 0 0.171882000
D/UDP-TIMING(17566): 3905 0 0.192050000
D/UDP-TIMING(17566): 3906 0 0.181870000
D/UDP-TIMING(17566): 3907 0 0.171723000
D/UDP-TIMING(17566): 3908 0 0.191269000
D/UDP-TIMING(17566): 3909 0 0.181087000
D/UDP-TIMING(17566): 3910 0 0.170899000
D/UDP-TIMING(17566): 3911 0 0.191087000
D/UDP-TIMING(17566): 3912 0 0.180940000
D/UDP-TIMING(17566): 3913 0 0.170817000
D/UDP-TIMING(17566): 3914 0 0.190254000
D/UDP-TIMING(17566): 3915 0 0.180110000
D/UDP-TIMING(17566): 3916 0 0.169915000
D/UDP-TIMING(17566): 3917 0 0.189766000
D/UDP-TIMING(17566): 3918 0 0.179601000
D/UDP-TIMING(17566): 3919 0 0.169424000
D/UDP-TIMING(17566): 3920 0 0.189444000
D/UDP-TIMING(17566): 3921 0 0.179249000
D/UDP-TIMING(17566): 3922 0 0.169059000
D/UDP-TIMING(17566): 3923 0 0.188596000
D/UDP-TIMING(17566): 3924 0 0.178478000
D/UDP-TIMING(17566): 3925 0 0.168298000
D/UDP-TIMING(17566): 3926 0 0.188319000
D/UDP-TIMING(17566): 3927 0 0.178142000
D/UDP-TIMING(17566): 3928 0 0.167964000
D/UDP-TIMING(17566): 3929 0 0.187558000
D/UDP-TIMING(17566): 3930 0 0.177368000
D/UDP-TIMING(17566): 3931 0 0.167173000
D/UDP-TIMING(17566): 3932 0 0.187195000
D/UDP-TIMING(17566): 3933 0 0.177025000
D/UDP-TIMING(17566): 3934 0 0.166921000
D/UDP-TIMING(17566): 3935 0 0.186464000
D/UDP-TIMING(17566): 3936 0 0.176315000
D/UDP-TIMING(17566): 3937 0 0.166128000
E/TrafficStats( 1673): [QCTMM]tryAll index=0
E/TrafficStats( 1673): [QCTMM]tryAll index=1
E/TrafficStats( 1673): [QCTMM]tryAll index=2
E/TrafficStats( 1673): [QCTMM]tryAll index=0
E/TrafficStats( 1673): [QCTMM]tryAll index=1
E/TrafficStats( 1673): [QCTMM]tryAll index=2
D/DATA    ( 1860): sentSinceLastRecv=0,watchdogTrigger=10,maxindex=0
D/UDP-TIMING(17566): 3938 0 0.186640000
D/UDP-TIMING(17566): 3939 0 0.176448000
D/UDP-TIMING(17566): 3940 0 0.166250000
D/UDP-TIMING(17566): 3941 0 0.185356000
D/UDP-TIMING(17566): 3942 0 0.175182000
D/UDP-TIMING(17566): 3943 0 0.195313000
D/UDP-TIMING(17566): 3944 0 0.185115000
D/UDP-TIMING(17566): 3945 0 0.174928000
D/UDP-TIMING(17566): 3946 0 0.164659000
D/UDP-TIMING(17566): 3947 0 0.184174000
D/UDP-TIMING(17566): 3948 0 0.174024000
D/UDP-TIMING(17566): 3949 0 0.163935000
D/UDP-TIMING(17566): 3950 0 0.183959000
D/UDP-TIMING(17566): 3951 0 0.173776000
D/UDP-TIMING(17566): 3952 0 0.163686000
D/UDP-TIMING(17566): 3953 0 0.183158000
D/UDP-TIMING(17566): 3954 0 0.173027000
D/UDP-TIMING(17566): 3955 0 0.162896000
D/UDP-TIMING(17566): 3956 0 0.182873000
D/UDP-TIMING(17566): 3957 0 0.172677000
D/UDP-TIMING(17566): 3958 0 0.192673000
D/UDP-TIMING(17566): 3959 0 0.182544000
D/UDP-TIMING(17566): 3960 0 0.172344000
D/UDP-TIMING(17566): 3961 0 0.191993000
D/UDP-TIMING(17566): 3962 0 0.181801000
D/UDP-TIMING(17566): 3963 0 0.171623000
D/UDP-TIMING(17566): 3964 0 0.192124000
D/UDP-TIMING(17566): 3965 0 0.182029000
D/UDP-TIMING(17566): 3966 0 0.171840000
D/UDP-TIMING(17566): 3967 0 0.191035000
D/UDP-TIMING(17566): 3968 0 0.180871000
D/UDP-TIMING(17566): 3969 0 0.170650000
D/UDP-TIMING(17566): 3970 0 0.190729000
D/UDP-TIMING(17566): 3971 0 0.180546000
D/UDP-TIMING(17566): 3972 0 0.170422000
D/UDP-TIMING(17566): 3973 0 0.189984000
D/UDP-TIMING(17566): 3974 0 0.179894000
D/UDP-TIMING(17566): 3975 0 0.169718000
D/UDP-TIMING(17566): 3976 0 0.189755000
D/UDP-TIMING(17566): 3977 0 0.179603000
D/UDP-TIMING(17566): 3978 0 0.169424000
D/UDP-TIMING(17566): 3979 0 0.188973000
D/UDP-TIMING(17566): 3980 0 0.178826000
D/UDP-TIMING(17566): 3981 0 0.168644000
D/UDP-TIMING(17566): 3982 0 0.188729000
D/UDP-TIMING(17566): 3983 0 0.178584000
D/UDP-TIMING(17566): 3984 0 0.168411000
D/UDP-TIMING(17566): 3985 0 0.187958000
D/UDP-TIMING(17566): 3986 0 0.177797000
D/UDP-TIMING(17566): 3987 0 0.167614000
D/UDP-TIMING(17566): 3988 0 0.187744000
D/UDP-TIMING(17566): 3989 0 0.177563000
D/UDP-TIMING(17566): 3990 0 0.167380000
D/UDP-TIMING(17566): 3991 0 0.186929000
D/UDP-TIMING(17566): 3992 0 0.176805000
D/UDP-TIMING(17566): 3993 0 0.166714000
D/UDP-TIMING(17566): 3994 0 0.186450000
D/UDP-TIMING(17566): 3995 0 0.176267000
D/UDP-TIMING(17566): 3996 0 0.166090000
D/UDP-TIMING(17566): 3997 0 0.186277000
D/UDP-TIMING(17566): 3998 0 0.176129000
D/UDP-TIMING(17566): 3999 0 0.165946000
D/UDP-TIMING(17566): 4000 0 0.185400000
D/UDP-TIMING(17566): 4001 0 0.175218000
D/UDP-TIMING(17566): 4002 0 0.165047000
D/UDP-TIMING(17566): 4003 0 0.185204000
D/UDP-TIMING(17566): 4004 0 0.175029000
D/UDP-TIMING(17566): 4005 0 0.164866000
D/UDP-TIMING(17566): 4006 0 0.184354000
D/UDP-TIMING(17566): 4007 0 0.174172000
D/UDP-TIMING(17566): 4008 0 0.163966000
D/UDP-TIMING(17566): 4009 0 0.184211000
D/UDP-TIMING(17566): 4010 0 0.174033000
D/UDP-TIMING(17566): 4011 0 0.163952000
D/UDP-TIMING(17566): 4012 0 0.183322000
D/UDP-TIMING(17566): 4013 0 0.173159000
D/UDP-TIMING(17566): 4014 0 0.163048000
D/UDP-TIMING(17566): 4015 0 0.183201000
D/UDP-TIMING(17566): 4016 0 0.173021000
D/UDP-TIMING(17566): 4017 0 0.162896000
D/UDP-TIMING(17566): 4018 0 0.182402000
D/UDP-TIMING(17566): 4019 0 0.172213000
D/UDP-TIMING(17566): 4020 0 0.192408000
D/UDP-TIMING(17566): 4021 0 0.182261000
D/UDP-TIMING(17566): 4022 0 0.172090000
D/UDP-TIMING(17566): 4023 0 0.191581000
D/UDP-TIMING(17566): 4024 0 0.181403000
D/UDP-TIMING(17566): 4025 0 0.171225000
D/UDP-TIMING(17566): 4026 0 0.191438000
D/UDP-TIMING(17566): 4027 0 0.181296000
D/UDP-TIMING(17566): 4028 0 0.171114000
D/UDP-TIMING(17566): 4029 0 0.190564000
D/UDP-TIMING(17566): 4030 0 0.180383000
D/UDP-TIMING(17566): 4031 0 0.170205000
D/UDP-TIMING(17566): 4032 0 0.190128000
D/UDP-TIMING(17566): 4033 0 0.180036000
D/UDP-TIMING(17566): 4034 0 0.169866000
D/UDP-TIMING(17566): 4035 0 0.189901000
D/UDP-TIMING(17566): 4036 0 0.179725000
D/UDP-TIMING(17566): 4037 0 0.169577000
E/TrafficStats( 1673): [QCTMM]tryAll index=0
E/TrafficStats( 1673): [QCTMM]tryAll index=1
E/TrafficStats( 1673): [QCTMM]tryAll index=2
E/TrafficStats( 1673): [QCTMM]tryAll index=0
E/TrafficStats( 1673): [QCTMM]tryAll index=1
E/TrafficStats( 1673): [QCTMM]tryAll index=2
D/DATA    ( 1860): sentSinceLastRecv=0,watchdogTrigger=10,maxindex=0
D/UDP-TIMING(17566): 4038 0 0.189572000
D/UDP-TIMING(17566): 4039 0 0.179420000
D/UDP-TIMING(17566): 4040 0 0.169242000
D/UDP-TIMING(17566): 4041 0 0.188850000
D/UDP-TIMING(17566): 4042 0 0.178712000
D/UDP-TIMING(17566): 4043 0 0.168561000
D/UDP-TIMING(17566): 4044 0 0.188047000
D/UDP-TIMING(17566): 4045 0 0.177921000
D/UDP-TIMING(17566): 4046 0 0.167745000
D/UDP-TIMING(17566): 4047 0 0.187901000
D/UDP-TIMING(17566): 4048 0 0.177719000
D/UDP-TIMING(17566): 4049 0 0.167514000
D/UDP-TIMING(17566): 4050 0 0.187763000
D/UDP-TIMING(17566): 4051 0 0.177618000
D/UDP-TIMING(17566): 4052 0 0.167484000
D/UDP-TIMING(17566): 4053 0 0.186900000
D/UDP-TIMING(17566): 4054 0 0.176722000
D/UDP-TIMING(17566): 4055 0 0.166540000
D/UDP-TIMING(17566): 4056 0 0.185932000
D/UDP-TIMING(17566): 4057 0 0.175780000
D/UDP-TIMING(17566): 4058 0 0.165596000
D/UDP-TIMING(17566): 4059 0 0.185814000
D/UDP-TIMING(17566): 4060 0 0.175635000
D/UDP-TIMING(17566): 4061 0 0.165469000
D/UDP-TIMING(17566): 4062 0 0.184931000
D/UDP-TIMING(17566): 4063 0 0.174797000
D/UDP-TIMING(17566): 4064 0 0.164618000
D/UDP-TIMING(17566): 4065 0 0.184774000
D/UDP-TIMING(17566): 4066 0 0.174596000
D/UDP-TIMING(17566): 4067 0 0.164374000
D/UDP-TIMING(17566): 4068 0 0.183851000
D/UDP-TIMING(17566): 4069 0 0.173668000
D/UDP-TIMING(17566): 4070 0 0.163605000
D/UDP-TIMING(17566): 4071 0 0.183419000
D/UDP-TIMING(17566): 4072 0 0.173262000
D/UDP-TIMING(17566): 4073 0 0.164889000
D/UDP-TIMING(17566): 4074 0 0.183270000
D/UDP-TIMING(17566): 4075 0 0.173121000
D/UDP-TIMING(17566): 4076 0 0.162910000
D/UDP-TIMING(17566): 4077 0 0.182394000
D/UDP-TIMING(17566): 4078 0 0.172212000
D/UDP-TIMING(17566): 4079 0 0.163098000
D/UDP-TIMING(17566): 4080 0 0.182336000
D/UDP-TIMING(17566): 4081 0 0.172166000
D/UDP-TIMING(17566): 4082 0 0.191652000
D/UDP-TIMING(17566): 4083 0 0.181470000
D/UDP-TIMING(17566): 4084 0 0.171289000
D/UDP-TIMING(17566): 4085 0 0.191502000
D/UDP-TIMING(17566): 4086 0 0.181374000
D/UDP-TIMING(17566): 4087 0 0.171186000
D/UDP-TIMING(17566): 4088 0 0.190611000
D/UDP-TIMING(17566): 4089 0 0.180464000
D/UDP-TIMING(17566): 4090 0 0.170280000
D/UDP-TIMING(17566): 4091 0 0.190461000
D/UDP-TIMING(17566): 4092 0 0.180317000
D/UDP-TIMING(17566): 4093 0 0.170154000
D/UDP-TIMING(17566): 4094 0 0.189670000
D/UDP-TIMING(17566): 4095 0 0.179489000
D/UDP-TIMING(17566): 4096 0 0.169338000
D/UDP-TIMING(17566): 4097 0 0.189498000
D/UDP-TIMING(17566): 4098 0 0.179316000
D/UDP-TIMING(17566): 4099 0 0.169168000
D/UDP-TIMING(17566): 4100 0 0.188596000
D/UDP-TIMING(17566): 4101 0 0.178429000
D/UDP-TIMING(17566): 4102 0 0.168256000
D/UDP-TIMING(17566): 4103 0 0.188443000
D/UDP-TIMING(17566): 4104 0 0.178262000
D/UDP-TIMING(17566): 4105 0 0.168074000
D/UDP-TIMING(17566): 4106 0 0.187499000
D/UDP-TIMING(17566): 4107 0 0.177321000
D/UDP-TIMING(17566): 4108 0 0.167175000
D/UDP-TIMING(17566): 4109 0 0.187057000
D/UDP-TIMING(17566): 4110 0 0.176877000
D/UDP-TIMING(17566): 4111 0 0.197408000
D/UDP-TIMING(17566): 4112 0 0.187246000
D/UDP-TIMING(17566): 4113 0 0.177075000
D/UDP-TIMING(17566): 4114 0 0.166902000
D/UDP-TIMING(17566): 4115 0 0.186141000
D/UDP-TIMING(17566): 4116 0 0.176016000
D/UDP-TIMING(17566): 4117 0 0.165894000
D/UDP-TIMING(17566): 4118 0 0.185960000
D/UDP-TIMING(17566): 4119 0 0.175836000
D/UDP-TIMING(17566): 4120 0 0.165712000
D/UDP-TIMING(17566): 4121 0 0.185362000
D/UDP-TIMING(17566): 4122 0 0.175265000
D/UDP-TIMING(17566): 4123 0 0.165149000
D/UDP-TIMING(17566): 4124 0 0.185248000
D/UDP-TIMING(17566): 4125 0 0.175128000
D/UDP-TIMING(17566): 4126 0 0.165042000
D/UDP-TIMING(17566): 4127 0 0.184695000
D/UDP-TIMING(17566): 4128 0 0.174577000
D/UDP-TIMING(17566): 4129 0 0.164493000
D/UDP-TIMING(17566): 4130 0 0.184561000
D/UDP-TIMING(17566): 4131 0 0.174425000
D/UDP-TIMING(17566): 4132 0 0.164231000
D/UDP-TIMING(17566): 4133 0 0.183807000
D/UDP-TIMING(17566): 4134 0 0.173666000
D/UDP-TIMING(17566): 4135 0 0.163577000
D/UDP-TIMING(17566): 4136 0 0.183609000
D/UDP-TIMING(17566): 4137 0 0.173427000
D/UDP-TIMING(17566): 4138 0 0.163292000
E/TrafficStats( 1673): [QCTMM]tryAll index=0
E/TrafficStats( 1673): [QCTMM]tryAll index=1
E/TrafficStats( 1673): [QCTMM]tryAll index=2
E/TrafficStats( 1673): [QCTMM]tryAll index=0
E/TrafficStats( 1673): [QCTMM]tryAll index=1
E/TrafficStats( 1673): [QCTMM]tryAll index=2
D/DATA    ( 1860): sentSinceLastRecv=0,watchdogTrigger=10,maxindex=0
D/UDP-TIMING(17566): 4139 0 0.182902000
D/UDP-TIMING(17566): 4140 0 0.172724000
D/UDP-TIMING(17566): 4141 0 0.192763000
D/UDP-TIMING(17566): 4142 0 0.182669000
D/UDP-TIMING(17566): 4143 0 0.172536000
D/UDP-TIMING(17566): 4144 0 0.163412000
D/UDP-TIMING(17566): 4145 0 0.181909000
D/UDP-TIMING(17566): 4146 0 0.171723000
D/UDP-TIMING(17566): 4147 0 0.191649000
D/UDP-TIMING(17566): 4148 0 0.181513000
D/UDP-TIMING(17566): 4149 0 0.171318000
D/UDP-TIMING(17566): 4150 0 0.191431000
D/UDP-TIMING(17566): 4151 0 0.181254000
D/UDP-TIMING(17566): 4152 0 0.171097000
D/UDP-TIMING(17566): 4153 0 0.190754000
D/UDP-TIMING(17566): 4154 0 0.180573000
D/UDP-TIMING(17566): 4155 0 0.170395000
D/UDP-TIMING(17566): 4156 0 0.190275000
D/UDP-TIMING(17566): 4157 0 0.180131000
D/UDP-TIMING(17566): 4158 0 0.169949000
D/UDP-TIMING(17566): 4159 0 0.189527000
D/UDP-TIMING(17566): 4160 0 0.179376000
D/UDP-TIMING(17566): 4161 0 0.169204000
D/UDP-TIMING(17566): 4162 0 0.189247000
D/UDP-TIMING(17566): 4163 0 0.179065000
D/UDP-TIMING(17566): 4164 0 0.168883000
D/UDP-TIMING(17566): 4165 0 0.188500000
D/UDP-TIMING(17566): 4166 0 0.178321000
D/UDP-TIMING(17566): 4167 0 0.168142000
D/UDP-TIMING(17566): 4168 0 0.188177000
D/UDP-TIMING(17566): 4169 0 0.177999000
D/UDP-TIMING(17566): 4170 0 0.167936000
D/UDP-TIMING(17566): 4171 0 0.187497000
D/UDP-TIMING(17566): 4172 0 0.177336000
D/UDP-TIMING(17566): 4173 0 0.167110000
D/UDP-TIMING(17566): 4174 0 0.187175000
D/UDP-TIMING(17566): 4175 0 0.177031000
D/UDP-TIMING(17566): 4176 0 0.166853000
D/UDP-TIMING(17566): 4177 0 0.186708000
D/UDP-TIMING(17566): 4178 0 0.176529000
D/UDP-TIMING(17566): 4179 0 0.166354000
D/UDP-TIMING(17566): 4180 0 0.185846000
D/UDP-TIMING(17566): 4181 0 0.175724000
D/UDP-TIMING(17566): 4182 0 0.165554000
D/UDP-TIMING(17566): 4183 0 0.185438000
D/UDP-TIMING(17566): 4184 0 0.175256000
D/UDP-TIMING(17566): 4185 0 0.165078000
D/UDP-TIMING(17566): 4186 0 0.185173000
D/UDP-TIMING(17566): 4187 0 0.174991000
D/UDP-TIMING(17566): 4188 0 0.164828000
D/UDP-TIMING(17566): 4189 0 0.184694000
D/UDP-TIMING(17566): 4190 0 0.174517000
D/UDP-TIMING(17566): 4191 0 0.164319000
D/UDP-TIMING(17566): 4192 0 0.184017000
D/UDP-TIMING(17566): 4193 0 0.173858000
D/UDP-TIMING(17566): 4194 0 0.163728000
D/UDP-TIMING(17566): 4195 0 0.183647000
D/UDP-TIMING(17566): 4196 0 0.173499000
D/UDP-TIMING(17566): 4197 0 0.163372000
D/UDP-TIMING(17566): 4198 0 0.182795000
D/UDP-TIMING(17566): 4199 0 0.172617000
D/UDP-TIMING(17566): 4200 0 0.192995000
D/UDP-TIMING(17566): 4201 0 0.182893000
D/UDP-TIMING(17566): 4202 0 0.172720000
D/UDP-TIMING(17566): 4203 0 0.162543000
D/UDP-TIMING(17566): 4204 0 0.181847000
D/UDP-TIMING(17566): 4205 0 0.171668000
D/UDP-TIMING(17566): 4206 0 0.191795000
D/UDP-TIMING(17566): 4207 0 0.181644000
D/UDP-TIMING(17566): 4208 0 0.171460000
D/UDP-TIMING(17566): 4209 0 0.190945000
D/UDP-TIMING(17566): 4210 0 0.180770000
D/UDP-TIMING(17566): 4211 0 0.170591000
D/UDP-TIMING(17566): 4212 0 0.190776000
D/UDP-TIMING(17566): 4213 0 0.180594000
D/UDP-TIMING(17566): 4214 0 0.170415000
D/UDP-TIMING(17566): 4215 0 0.189871000
D/UDP-TIMING(17566): 4216 0 0.179693000
D/UDP-TIMING(17566): 4217 0 0.169510000
D/UDP-TIMING(17566): 4218 0 0.189388000
D/UDP-TIMING(17566): 4219 0 0.179206000
D/UDP-TIMING(17566): 4220 0 0.169026000
D/UDP-TIMING(17566): 4221 0 0.189118000
D/UDP-TIMING(17566): 4222 0 0.178941000
D/UDP-TIMING(17566): 4223 0 0.168760000
D/UDP-TIMING(17566): 4224 0 0.188368000
D/UDP-TIMING(17566): 4225 0 0.178193000
D/UDP-TIMING(17566): 4226 0 0.168037000
D/UDP-TIMING(17566): 4227 0 0.188044000
D/UDP-TIMING(17566): 4228 0 0.177869000
D/UDP-TIMING(17566): 4229 0 0.167721000
D/UDP-TIMING(17566): 4230 0 0.187273000
D/UDP-TIMING(17566): 4231 0 0.177116000
D/UDP-TIMING(17566): 4232 0 0.166967000
D/UDP-TIMING(17566): 4233 0 0.187001000
D/UDP-TIMING(17566): 4234 0 0.176855000
D/UDP-TIMING(17566): 4235 0 0.166677000
D/UDP-TIMING(17566): 4236 0 0.186242000
D/UDP-TIMING(17566): 4237 0 0.176062000
D/UDP-TIMING(17566): 4238 0 0.165915000
E/TrafficStats( 1673): [QCTMM]tryAll index=0
E/TrafficStats( 1673): [QCTMM]tryAll index=1
E/TrafficStats( 1673): [QCTMM]tryAll index=2
E/TrafficStats( 1673): [QCTMM]tryAll index=0
E/TrafficStats( 1673): [QCTMM]tryAll index=1
E/TrafficStats( 1673): [QCTMM]tryAll index=2
D/DATA    ( 1860): sentSinceLastRecv=0,watchdogTrigger=10,maxindex=0
D/UDP-TIMING(17566): 4239 0 0.186415000
D/UDP-TIMING(17566): 4240 0 0.176272000
D/UDP-TIMING(17566): 4241 0 0.166168000
D/UDP-TIMING(17566): 4242 0 0.185316000
D/UDP-TIMING(17566): 4243 0 0.175141000
D/UDP-TIMING(17566): 4244 0 0.164963000
D/UDP-TIMING(17566): 4245 0 0.184891000
D/UDP-TIMING(17566): 4246 0 0.174732000
D/UDP-TIMING(17566): 4247 0 0.164553000
D/UDP-TIMING(17566): 4248 0 0.183698000
D/UDP-TIMING(17566): 4249 0 0.173519000
D/UDP-TIMING(17566): 4250 0 0.163461000
D/DATA    ( 1860): [DSST] pollstate() : reason = data network state changed
D/UDP-TIMING(17566): 4251 0 0.183943000
D/UDP-TIMING(17566): 4252 0 0.173797000
D/UDP-TIMING(17566): 4253 0 0.163668000
D/StatusBarPolicy( 1816): iconIndex=1
V/StatusBarPolicy( 1816): cdmaLevel:4;max:4
D/StatusBarPolicy( 1816): iconLevel:4
D/UDP-TIMING(17566): 4254 0 0.183215000
D/UDP-TIMING(17566): 4255 0 0.173037000
D/UDP-TIMING(17566): 4256 0 0.162923000
D/HtcNBPCDUtil( 1860): EVENT_NBPCD_INFO
I/MMDCT   ( 1860): EVENT_ERI_UPDATE
I/MMDCT   ( 1860): EriUpdate.eri_id=64,mEriIndicator=64
D/HtcCdmaPhoneApp( 1860): eri_id = 64 home or roaming = VZW_HOME_NETWORK
V/HtcCdmaGloableRoamingUtil( 1860): localGetGlobalRoamingOption:0
D/HtcCdmaGloableRoamingUtil( 1860): getNeedShowRoamingOption():true
D/HtcCdmaGloableRoamingUtil( 1860): getNeedAutoSetDeny():true
D/UDP-TIMING(17566): 4257 0 0.182772000
D/UDP-TIMING(17566): 4258 0 0.172621000
D/UDP-TIMING(17566): 4259 0 0.162524000
I/PhoneInfo( 2188): getCdmaLevel - cdmaDbm: -71 cdmaEcio:-80
D/DATA    ( 1860): [DSST] pollstate() : reason = data network state changed
D/StatusBarPolicy( 1816): iconIndex=1
V/StatusBarPolicy( 1816): cdmaLevel:4;max:4
D/StatusBarPolicy( 1816): iconLevel:4
D/UDP-TIMING(17566): 4260 0 0.181940000
D/UDP-TIMING(17566): 4261 0 0.171844000
D/AlarmManagerService( 1673): Kernel timezone updated to 240 minutes west of GMT
W/DATA    ( 1860): [QCTMM] SystemProperties DATA EVENT_POLL_STATE_REGISTRATION = 14
D/MMDCT   ( 1860): [QCTMM] MMDCT getPhone
D/UDP-TIMING(17566): 4262 0 0.191846000
D/UDP-TIMING(17566): 4263 0 0.181671000
D/UDP-TIMING(17566): 4264 0 0.171496000
W/DATA    ( 1860): [QCTMM] iconIndex=1,iconMode=0
D/DATA    ( 1860): Broadcast ACTION_PS_ROAMING, enable= false
D/AutoSetting( 1930): receiver - intent: android.intent.action.NETWORK_SET_TIMEZONE
D/DATA    ( 1860): [DSST] [QCTMM]Poll ServiceState done: oldSS=[0 home null null null  1 LTE CSS supported -1 -1RoamInd: -1DefRoamInd: -1EriInd: 1EriMode: 0RadioPowerSv: falseEmergOnly: false] newSS=[0 home null null null  1 LTE CSS supported -1 -1RoamInd: -1DefRoamInd: -1EriInd: 1EriMode: 0RadioPowerSv: falseEmergOnly: false]
D/AutoSetting( 1930): service - onStartCommand() action: com.htc.app.autosetting.requestlocationupdate
D/AutoSetting( 1930): service - requestNLP() NetworkLocationProvider not enabled
D/UDP-TIMING(17566): 4265 0 0.191374000
D/UDP-TIMING(17566): 4266 0 0.181196000
D/UDP-TIMING(17566): 4267 0 0.171010000
I/PhoneInfo( 2188): getEvdoLevel - evdoDbm: -120 evdoSnr:-1 evdoEcio:-1
I/PhoneInfo( 2188): getLteLevel - lteRsrp: -1 lteCqi:-1
I/PhoneInfo( 2188): getCdmaLevel - cdmaDbm: -71 cdmaEcio:-80
D/UDP-TIMING(17566): 4268 0 0.190711000
D/UDP-TIMING(17566): 4269 0 0.180541000
D/UDP-TIMING(17566): 4270 0 0.170414000
I/PhoneInfo( 2188): getEvdoLevel - evdoDbm: -120 evdoSnr:-1 evdoEcio:-1
I/PhoneInfo( 2188): getLteLevel - lteRsrp: -1 lteCqi:-1
D/AutoSetting( 1930): service - mHandler: update time
D/AutoSetting( 1930): service - processTime() time thread is running
D/UDP-TIMING(17566): 4271 0 0.190128000
D/UDP-TIMING(17566): 4272 0 0.180005000
D/UDP-TIMING(17566): 4273 0 0.169880000
D/UDP-TIMING(17566): 4274 0 0.189584000
D/UDP-TIMING(17566): 4275 0 0.179408000
D/UDP-TIMING(17566): 4276 0 0.169228000
D/UDP-TIMING(17566): 4277 0 0.189114000
D/UDP-TIMING(17566): 4278 0 0.178933000
D/UDP-TIMING(17566): 4279 0 0.167498000
D/UDP-TIMING(17566): 4280 0 0.187334000
D/UDP-TIMING(17566): 4281 0 0.177151000
D/UDP-TIMING(17566): 4282 0 0.166967000
D/UDP-TIMING(17566): 4283 0 0.186849000
D/UDP-TIMING(17566): 4284 0 0.176670000
D/UDP-TIMING(17566): 4285 0 0.166491000
D/UDP-TIMING(17566): 4286 0 0.186627000
D/UDP-TIMING(17566): 4287 0 0.176447000
D/UDP-TIMING(17566): 4288 0 0.166257000
D/UDP-TIMING(17566): 4289 0 0.186560000
D/UDP-TIMING(17566): 4290 0 0.176437000
D/UDP-TIMING(17566): 4291 0 0.166341000
D/UDP-TIMING(17566): 4292 0 0.185887000
D/UDP-TIMING(17566): 4293 0 0.175699000
D/UDP-TIMING(17566): 4294 0 0.165517000
D/UDP-TIMING(17566): 4295 0 0.184752000
D/UDP-TIMING(17566): 4296 0 0.174575000
D/UDP-TIMING(17566): 4297 0 0.164390000
D/UDP-TIMING(17566): 4298 0 0.183485000
D/UDP-TIMING(17566): 4299 0 0.173389000
D/UDP-TIMING(17566): 4300 0 0.163279000
D/UDP-TIMING(17566): 4301 0 0.183663000
D/UDP-TIMING(17566): 4302 0 0.173419000
D/UDP-TIMING(17566): 4303 0 0.163327000
D/UDP-TIMING(17566): 4304 0 0.183487000
D/UDP-TIMING(17566): 4305 0 0.173303000
D/UDP-TIMING(17566): 4306 0 0.192199000
D/UDP-TIMING(17566): 4307 0 0.182008000
D/UDP-TIMING(17566): 4308 0 0.171882000
D/UDP-TIMING(17566): 4309 0 0.191846000
D/UDP-TIMING(17566): 4310 0 0.181744000
D/UDP-TIMING(17566): 4311 0 0.171618000
D/UDP-TIMING(17566): 4312 0 0.191800000
D/UDP-TIMING(17566): 4313 0 0.181626000
D/UDP-TIMING(17566): 4314 0 0.171441000
D/UDP-TIMING(17566): 4315 0 0.191037000
D/UDP-TIMING(17566): 4316 0 0.180857000
D/UDP-TIMING(17566): 4317 0 0.170674000
D/UDP-TIMING(17566): 4318 0 0.190770000
D/UDP-TIMING(17566): 4319 0 0.180637000
D/UDP-TIMING(17566): 4320 0 0.170525000
D/UDP-TIMING(17566): 4321 0 0.190862000
D/UDP-TIMING(17566): 4322 0 0.180679000
D/UDP-TIMING(17566): 4323 0 0.170494000
D/UDP-TIMING(17566): 4324 0 0.189515000
D/UDP-TIMING(17566): 4325 0 0.179334000
D/UDP-TIMING(17566): 4326 0 0.169148000
D/UDP-TIMING(17566): 4327 0 0.189098000
D/UDP-TIMING(17566): 4328 0 0.178914000
D/UDP-TIMING(17566): 4329 0 0.168735000
D/UDP-TIMING(17566): 4330 0 0.188483000
D/UDP-TIMING(17566): 4331 0 0.178329000
D/UDP-TIMING(17566): 4332 0 0.168151000
D/UDP-TIMING(17566): 4333 0 0.188704000
D/UDP-TIMING(17566): 4334 0 0.178556000
D/UDP-TIMING(17566): 4335 0 0.168430000
E/TrafficStats( 1673): [QCTMM]tryAll index=0
E/TrafficStats( 1673): [QCTMM]tryAll index=1
D/UDP-TIMING(17566): 4336 0 0.189412000
D/UDP-TIMING(17566): 4337 0 0.179267000
D/UDP-TIMING(17566): 4338 0 0.169082000
E/TrafficStats( 1673): [QCTMM]tryAll index=2
E/TrafficStats( 1673): [QCTMM]tryAll index=0
E/TrafficStats( 1673): [QCTMM]tryAll index=1
E/TrafficStats( 1673): [QCTMM]tryAll index=2
D/DATA    ( 1860): sentSinceLastRecv=0,watchdogTrigger=10,maxindex=0
D/UDP-TIMING(17566): 4339 0 0.187215000
D/UDP-TIMING(17566): 4340 0 0.177055000
D/UDP-TIMING(17566): 4341 0 0.166872000
D/UDP-TIMING(17566): 4342 0 0.186531000
D/UDP-TIMING(17566): 4343 0 0.176349000
D/UDP-TIMING(17566): 4344 0 0.166172000
D/UDP-TIMING(17566): 4345 0 0.186027000
D/UDP-TIMING(17566): 4346 0 0.175845000
D/UDP-TIMING(17566): 4347 0 0.165667000
D/UDP-TIMING(17566): 4348 0 0.185555000
D/UDP-TIMING(17566): 4349 0 0.175374000
D/UDP-TIMING(17566): 4350 0 0.165214000
D/UDP-TIMING(17566): 4351 0 0.184914000
D/UDP-TIMING(17566): 4352 0 0.174729000
D/UDP-TIMING(17566): 4353 0 0.164579000
D/UDP-TIMING(17566): 4354 0 0.184794000
D/UDP-TIMING(17566): 4355 0 0.174610000
D/UDP-TIMING(17566): 4356 0 0.164422000
D/UDP-TIMING(17566): 4357 0 0.184302000
D/UDP-TIMING(17566): 4358 0 0.174171000
D/UDP-TIMING(17566): 4359 0 0.164049000
D/UDP-TIMING(17566): 4360 0 0.184186000
D/UDP-TIMING(17566): 4361 0 0.174060000
D/UDP-TIMING(17566): 4362 0 0.163930000
D/UDP-TIMING(17566): 4363 0 0.183413000
D/UDP-TIMING(17566): 4364 0 0.173235000
D/UDP-TIMING(17566): 4365 0 0.164727000
D/UDP-TIMING(17566): 4366 0 0.183176000
D/UDP-TIMING(17566): 4367 0 0.173045000
D/UDP-TIMING(17566): 4368 0 0.192677000
D/UDP-TIMING(17566): 4369 0 0.182506000
D/UDP-TIMING(17566): 4370 0 0.172350000
D/UDP-TIMING(17566): 4371 0 0.164065000
D/UDP-TIMING(17566): 4372 0 0.181938000
D/UDP-TIMING(17566): 4373 0 0.171787000
D/UDP-TIMING(17566): 4374 0 0.191976000
D/UDP-TIMING(17566): 4375 0 0.181800000
D/UDP-TIMING(17566): 4376 0 0.171619000
D/UDP-TIMING(17566): 4377 0 0.191104000
D/UDP-TIMING(17566): 4378 0 0.180936000
D/UDP-TIMING(17566): 4379 0 0.170815000
D/UDP-TIMING(17566): 4380 0 0.191014000
D/UDP-TIMING(17566): 4381 0 0.180829000
D/UDP-TIMING(17566): 4382 0 0.170644000
D/UDP-TIMING(17566): 4383 0 0.190102000
D/UDP-TIMING(17566): 4384 0 0.179920000
D/UDP-TIMING(17566): 4385 0 0.169745000
D/UDP-TIMING(17566): 4386 0 0.189868000
D/UDP-TIMING(17566): 4387 0 0.179683000
D/UDP-TIMING(17566): 4388 0 0.169538000
D/UDP-TIMING(17566): 4389 0 0.189261000
D/UDP-TIMING(17566): 4390 0 0.179089000
D/UDP-TIMING(17566): 4391 0 0.168939000
E/TrafficStats(16531): [QCTMM]tryAll index=0
E/TrafficStats(16531): [QCTMM]tryAll index=1
E/TrafficStats(16531): [QCTMM]tryAll index=2
E/TrafficStats(16531): [QCTMM]tryAll index=0
E/TrafficStats(16531): [QCTMM]tryAll index=1
E/TrafficStats(16531): [QCTMM]tryAll index=2
E/TrafficStats(16531): [QCTMM]tryAll index=0
E/TrafficStats(16531): [QCTMM]tryAll index=1
E/TrafficStats(16531): [QCTMM]tryAll index=2
D/UDP-TIMING(17566): 4392 0 0.189338000
D/UDP-TIMING(17566): 4393 0 0.179159000
D/UDP-TIMING(17566): 4394 0 0.169011000
E/TrafficStats(16531): [QCTMM]tryAll index=0
E/TrafficStats(16531): [QCTMM]tryAll index=1
E/TrafficStats(16531): [QCTMM]tryAll index=2
D/UDP-TIMING(17566): 4395 0 0.188435000
D/UDP-TIMING(17566): 4396 0 0.178288000
D/UDP-TIMING(17566): 4397 0 0.168125000
D/UDP-TIMING(17566): 4398 0 0.186919000
D/UDP-TIMING(17566): 4399 0 0.176760000
D/UDP-TIMING(17566): 4400 0 0.166577000
D/UDP-TIMING(17566): 4401 0 0.186703000
D/UDP-TIMING(17566): 4402 0 0.176519000
D/UDP-TIMING(17566): 4403 0 0.166337000
D/UDP-TIMING(17566): 4404 0 0.186646000
D/UDP-TIMING(17566): 4405 0 0.176463000
D/UDP-TIMING(17566): 4406 0 0.166277000
D/UDP-TIMING(17566): 4407 0 0.186189000
D/UDP-TIMING(17566): 4408 0 0.176016000
D/UDP-TIMING(17566): 4409 0 0.165843000
D/UDP-TIMING(17566): 4410 0 0.185269000
D/UDP-TIMING(17566): 4411 0 0.175090000
D/UDP-TIMING(17566): 4412 0 0.164905000
D/UDP-TIMING(17566): 4413 0 0.185061000
D/UDP-TIMING(17566): 4414 0 0.174880000
D/UDP-TIMING(17566): 4415 0 0.164699000
D/UDP-TIMING(17566): 4416 0 0.184323000
D/UDP-TIMING(17566): 4417 0 0.174172000
D/UDP-TIMING(17566): 4418 0 0.164048000
D/UDP-TIMING(17566): 4419 0 0.184084000
D/UDP-TIMING(17566): 4420 0 0.173906000
D/UDP-TIMING(17566): 4421 0 0.163756000
D/UDP-TIMING(17566): 4422 0 0.183301000
D/UDP-TIMING(17566): 4423 0 0.173118000
D/UDP-TIMING(17566): 4424 0 0.163001000
D/UDP-TIMING(17566): 4425 0 0.183039000
D/UDP-TIMING(17566): 4426 0 0.172864000
D/UDP-TIMING(17566): 4427 0 0.192517000
D/UDP-TIMING(17566): 4428 0 0.182346000
D/UDP-TIMING(17566): 4429 0 0.172186000
D/UDP-TIMING(17566): 4430 0 0.192253000
D/UDP-TIMING(17566): 4431 0 0.182079000
D/UDP-TIMING(17566): 4432 0 0.171931000
D/UDP-TIMING(17566): 4433 0 0.191418000
D/UDP-TIMING(17566): 4434 0 0.181235000
D/UDP-TIMING(17566): 4435 0 0.171047000
D/UDP-TIMING(17566): 4436 0 0.191142000
E/TrafficStats( 1673): [QCTMM]tryAll index=0
D/UDP-TIMING(17566): 4437 0 0.181010000
D/UDP-TIMING(17566): 4438 0 0.170893000
E/TrafficStats( 1673): [QCTMM]tryAll index=1
E/TrafficStats( 1673): [QCTMM]tryAll index=2
E/TrafficStats( 1673): [QCTMM]tryAll index=0
E/TrafficStats( 1673): [QCTMM]tryAll index=1
E/TrafficStats( 1673): [QCTMM]tryAll index=2
D/DATA    ( 1860): sentSinceLastRecv=0,watchdogTrigger=10,maxindex=0
D/UDP-TIMING(17566): 4439 0 0.190868000
D/UDP-TIMING(17566): 4440 0 0.180683000
D/UDP-TIMING(17566): 4441 0 0.170529000
D/UDP-TIMING(17566): 4442 0 0.190165000
D/UDP-TIMING(17566): 4443 0 0.179991000
D/UDP-TIMING(17566): 4444 0 0.169872000
D/Database(16531): dbopen(): path = /data/data/com.onavo.android.onavoid/databases/ui_events, flag = 6, file size = 14065664
D/UDP-TIMING(17566): 4445 0 0.189328000
D/UDP-TIMING(17566): 4446 0 0.179172000
D/Database(16531): dbopen(): path = /data/data/com.onavo.android.onavoid/databases/ui_events, mode: wal, disk free size: 2000 M, handle: 0x3488c8
D/Database(16531): dbclose(): path = /data/data/com.onavo.android.onavoid/databases/ui_events, handle = 0x3488c8
D/UDP-TIMING(17566): 4447 0 0.198652000
D/UDP-TIMING(17566): 4448 0 0.188538000
D/UDP-TIMING(17566): 4449 0 0.178400000
D/UDP-TIMING(17566): 4450 0 0.168213000
D/UDP-TIMING(17566): 4451 0 0.187999000
D/UDP-TIMING(17566): 4452 0 0.177831000
D/UDP-TIMING(17566): 4453 0 0.167649000
D/UDP-TIMING(17566): 4454 0 0.187252000
D/UDP-TIMING(17566): 4455 0 0.177104000
D/UDP-TIMING(17566): 4456 0 0.166919000
D/UDP-TIMING(17566): 4457 0 0.187252000
D/UDP-TIMING(17566): 4458 0 0.177123000
D/UDP-TIMING(17566): 4459 0 0.166947000
D/UDP-TIMING(17566): 4460 0 0.186812000
D/UDP-TIMING(17566): 4461 0 0.176603000
D/UDP-TIMING(17566): 4462 0 0.166425000
D/UDP-TIMING(17566): 4463 0 0.187073000
D/UDP-TIMING(17566): 4464 0 0.176891000
D/UDP-TIMING(17566): 4465 0 0.166739000
D/UDP-TIMING(17566): 4466 0 0.185706000
D/UDP-TIMING(17566): 4467 0 0.175521000
D/UDP-TIMING(17566): 4468 0 0.165389000
D/UDP-TIMING(17566): 4469 0 0.185545000
D/UDP-TIMING(17566): 4470 0 0.175361000
D/UDP-TIMING(17566): 4471 0 0.165172000
D/UDP-TIMING(17566): 4472 0 0.184634000
D/UDP-TIMING(17566): 4473 0 0.174486000
D/UDP-TIMING(17566): 4474 0 0.164323000
D/UDP-TIMING(17566): 4475 0 0.184451000
D/UDP-TIMING(17566): 4476 0 0.174267000
D/UDP-TIMING(17566): 4477 0 0.164139000
D/UDP-TIMING(17566): 4478 0 0.183647000
D/UDP-TIMING(17566): 4479 0 0.173478000
D/UDP-TIMING(17566): 4480 0 0.163361000
D/UDP-TIMING(17566): 4481 0 0.183885000
D/UDP-TIMING(17566): 4482 0 0.173707000
D/UDP-TIMING(17566): 4483 0 0.163617000
D/UDP-TIMING(17566): 4484 0 0.182613000
D/UDP-TIMING(17566): 4485 0 0.172459000
D/UDP-TIMING(17566): 4486 0 0.164084000
D/UDP-TIMING(17566): 4487 0 0.182174000
D/UDP-TIMING(17566): 4488 0 0.172052000
D/UDP-TIMING(17566): 4489 0 0.192161000
D/UDP-TIMING(17566): 4490 0 0.182011000
D/UDP-TIMING(17566): 4491 0 0.171833000
D/UDP-TIMING(17566): 4492 0 0.191347000
D/UDP-TIMING(17566): 4493 0 0.181199000
D/UDP-TIMING(17566): 4494 0 0.171012000
D/UDP-TIMING(17566): 4495 0 0.191261000
D/UDP-TIMING(17566): 4496 0 0.181115000
D/UDP-TIMING(17566): 4497 0 0.170945000
D/UDP-TIMING(17566): 4498 0 0.190332000
D/UDP-TIMING(17566): 4499 0 0.180149000
D/UDP-TIMING(17566): 4500 0 0.170085000
D/UDP-TIMING(17566): 4501 0 0.190135000
D/UDP-TIMING(17566): 4502 0 0.179912000
D/UDP-TIMING(17566): 4503 0 0.169770000
D/UDP-TIMING(17566): 4504 0 0.189403000
D/UDP-TIMING(17566): 4505 0 0.179224000
D/UDP-TIMING(17566): 4506 0 0.169029000
D/UDP-TIMING(17566): 4507 0 0.189075000
D/UDP-TIMING(17566): 4508 0 0.178990000
D/UDP-TIMING(17566): 4509 0 0.168812000
D/UDP-TIMING(17566): 4510 0 0.188350000
D/UDP-TIMING(17566): 4511 0 0.178198000
D/UDP-TIMING(17566): 4512 0 0.168009000
D/UDP-TIMING(17566): 4513 0 0.188043000
D/UDP-TIMING(17566): 4514 0 0.177865000
D/UDP-TIMING(17566): 4515 0 0.167713000
D/UDP-TIMING(17566): 4516 0 0.187207000
D/UDP-TIMING(17566): 4517 0 0.177134000
D/UDP-TIMING(17566): 4518 0 0.167015000
D/UDP-TIMING(17566): 4519 0 0.187004000
D/UDP-TIMING(17566): 4520 0 0.176817000
D/UDP-TIMING(17566): 4521 0 0.196389000
D/UDP-TIMING(17566): 4522 0 0.186213000
D/UDP-TIMING(17566): 4523 0 0.176059000
D/UDP-TIMING(17566): 4524 0 0.165875000
D/UDP-TIMING(17566): 4525 0 0.185633000
D/UDP-TIMING(17566): 4526 0 0.173484000
D/UDP-TIMING(17566): 4527 0 0.163429000
D/UDP-TIMING(17566): 4528 0 0.183681000
D/UDP-TIMING(17566): 4529 0 0.173586000
D/UDP-TIMING(17566): 4530 0 0.163463000
D/UDP-TIMING(17566): 4531 0 0.182919000
D/UDP-TIMING(17566): 4532 0 0.172744000
D/UDP-TIMING(17566): 4533 0 0.163625000
D/UDP-TIMING(17566): 4534 0 0.182741000
D/UDP-TIMING(17566): 4535 0 0.172555000
D/UDP-TIMING(17566): 4536 0 0.192354000
D/UDP-TIMING(17566): 4537 0 0.182203000
D/UDP-TIMING(17566): 4538 0 0.172054000
E/TrafficStats( 1673): [QCTMM]tryAll index=0
E/TrafficStats( 1673): [QCTMM]tryAll index=1
E/TrafficStats( 1673): [QCTMM]tryAll index=2
E/TrafficStats( 1673): [QCTMM]tryAll index=0
E/TrafficStats( 1673): [QCTMM]tryAll index=1
E/TrafficStats( 1673): [QCTMM]tryAll index=2
D/DATA    ( 1860): sentSinceLastRecv=0,watchdogTrigger=10,maxindex=0
D/UDP-TIMING(17566): 4539 0 0.191936000
D/UDP-TIMING(17566): 4540 0 0.181754000
D/UDP-TIMING(17566): 4541 0 0.171575000
D/UDP-TIMING(17566): 4542 0 0.190718000
D/UDP-TIMING(17566): 4543 0 0.180542000
D/UDP-TIMING(17566): 4544 0 0.170382000
D/UDP-TIMING(17566): 4545 0 0.190871000
D/UDP-TIMING(17566): 4546 0 0.180677000
D/UDP-TIMING(17566): 4547 0 0.170511000
D/UDP-TIMING(17566): 4548 0 0.190053000
D/UDP-TIMING(17566): 4549 0 0.179871000
D/UDP-TIMING(17566): 4550 0 0.169686000
D/UDP-TIMING(17566): 4551 0 0.189692000
D/UDP-TIMING(17566): 4552 0 0.179543000
D/UDP-TIMING(17566): 4553 0 0.169362000
D/UDP-TIMING(17566): 4554 0 0.189338000
D/UDP-TIMING(17566): 4555 0 0.179187000
D/UDP-TIMING(17566): 4556 0 0.169032000
D/UDP-TIMING(17566): 4557 0 0.188369000
D/UDP-TIMING(17566): 4558 0 0.178187000
D/UDP-TIMING(17566): 4559 0 0.198092000
D/UDP-TIMING(17566): 4560 0 0.187914000
D/UDP-TIMING(17566): 4561 0 0.177761000
D/UDP-TIMING(17566): 4562 0 0.167581000
D/UDP-TIMING(17566): 4563 0 0.187241000
D/UDP-TIMING(17566): 4564 0 0.177090000
D/UDP-TIMING(17566): 4565 0 0.166910000
D/UDP-TIMING(17566): 4566 0 0.187141000
D/UDP-TIMING(17566): 4567 0 0.177009000
D/UDP-TIMING(17566): 4568 0 0.166779000
D/UDP-TIMING(17566): 4569 0 0.186203000
D/UDP-TIMING(17566): 4570 0 0.176020000
D/UDP-TIMING(17566): 4571 0 0.165837000
D/UDP-TIMING(17566): 4572 0 0.186025000
D/UDP-TIMING(17566): 4573 0 0.175876000
D/UDP-TIMING(17566): 4574 0 0.165692000
D/UDP-TIMING(17566): 4575 0 0.185123000
D/UDP-TIMING(17566): 4576 0 0.174951000
D/UDP-TIMING(17566): 4577 0 0.164775000
D/UDP-TIMING(17566): 4578 0 0.184961000
D/UDP-TIMING(17566): 4579 0 0.174777000
D/UDP-TIMING(17566): 4580 0 0.164678000
D/UDP-TIMING(17566): 4581 0 0.184152000
D/UDP-TIMING(17566): 4582 0 0.173986000
D/UDP-TIMING(17566): 4583 0 0.163805000
D/UDP-TIMING(17566): 4584 0 0.183976000
D/UDP-TIMING(17566): 4585 0 0.173851000
D/UDP-TIMING(17566): 4586 0 0.163764000
D/UDP-TIMING(17566): 4587 0 0.183235000
D/UDP-TIMING(17566): 4588 0 0.173064000
D/UDP-TIMING(17566): 4589 0 0.162937000
D/UDP-TIMING(17566): 4590 0 0.183101000
D/UDP-TIMING(17566): 4591 0 0.172924000
D/UDP-TIMING(17566): 4592 0 0.162806000
D/UDP-TIMING(17566): 4593 0 0.182228000
D/UDP-TIMING(17566): 4594 0 0.172046000
D/UDP-TIMING(17566): 4595 0 0.192003000
D/UDP-TIMING(17566): 4596 0 0.181836000
D/UDP-TIMING(17566): 4597 0 0.171652000
D/UDP-TIMING(17566): 4598 0 0.191685000
D/UDP-TIMING(17566): 4599 0 0.181502000
D/UDP-TIMING(17566): 4600 0 0.171318000
D/UDP-TIMING(17566): 4601 0 0.190895000
D/UDP-TIMING(17566): 4602 0 0.180744000
D/UDP-TIMING(17566): 4603 0 0.170563000
D/UDP-TIMING(17566): 4604 0 0.190620000
D/UDP-TIMING(17566): 4605 0 0.180442000
D/UDP-TIMING(17566): 4606 0 0.170242000
D/UDP-TIMING(17566): 4607 0 0.189840000
D/UDP-TIMING(17566): 4608 0 0.179658000
D/UDP-TIMING(17566): 4609 0 0.169490000
D/UDP-TIMING(17566): 4610 0 0.189553000
D/UDP-TIMING(17566): 4611 0 0.179365000
D/UDP-TIMING(17566): 4612 0 0.169180000
D/UDP-TIMING(17566): 4613 0 0.188759000
D/UDP-TIMING(17566): 4614 0 0.178583000
D/UDP-TIMING(17566): 4615 0 0.169231000
D/UDP-TIMING(17566): 4616 0 0.188453000
D/UDP-TIMING(17566): 4617 0 0.178269000
D/UDP-TIMING(17566): 4618 0 0.168120000
D/UDP-TIMING(17566): 4619 0 0.187695000
D/UDP-TIMING(17566): 4620 0 0.177543000
D/UDP-TIMING(17566): 4621 0 0.167371000
D/UDP-TIMING(17566): 4622 0 0.187374000
D/UDP-TIMING(17566): 4623 0 0.177258000
D/UDP-TIMING(17566): 4624 0 0.167076000
D/UDP-TIMING(17566): 4625 0 0.186650000
D/UDP-TIMING(17566): 4626 0 0.176516000
D/UDP-TIMING(17566): 4627 0 0.166332000
D/UDP-TIMING(17566): 4628 0 0.186747000
D/UDP-TIMING(17566): 4629 0 0.176563000
D/UDP-TIMING(17566): 4630 0 0.166441000
D/UDP-TIMING(17566): 4631 0 0.185684000
D/UDP-TIMING(17566): 4632 0 0.175517000
D/UDP-TIMING(17566): 4633 0 0.165332000
D/UDP-TIMING(17566): 4634 0 0.185103000
D/UDP-TIMING(17566): 4635 0 0.174926000
D/UDP-TIMING(17566): 4636 0 0.164743000
D/UDP-TIMING(17566): 4637 0 0.185000000
D/UDP-TIMING(17566): 4638 0 0.174826000
D/UDP-TIMING(17566): 4639 0 0.164604000
E/TrafficStats( 1673): [QCTMM]tryAll index=0
E/TrafficStats( 1673): [QCTMM]tryAll index=1
E/TrafficStats( 1673): [QCTMM]tryAll index=2
E/TrafficStats( 1673): [QCTMM]tryAll index=0
E/TrafficStats( 1673): [QCTMM]tryAll index=1
E/TrafficStats( 1673): [QCTMM]tryAll index=2
D/DATA    ( 1860): sentSinceLastRecv=0,watchdogTrigger=10,maxindex=0
D/UDP-TIMING(17566): 4640 0 0.183993000
D/UDP-TIMING(17566): 4641 0 0.173822000
D/UDP-TIMING(17566): 4642 0 0.163638000
D/UDP-TIMING(17566): 4643 0 0.183853000
D/UDP-TIMING(17566): 4644 0 0.173680000
D/UDP-TIMING(17566): 4645 0 0.163558000
D/UDP-TIMING(17566): 4646 0 0.183092000
D/UDP-TIMING(17566): 4647 0 0.172992000
D/UDP-TIMING(17566): 4648 0 0.162875000
D/UDP-TIMING(17566): 4649 0 0.182922000
D/UDP-TIMING(17566): 4650 0 0.172769000
D/UDP-TIMING(17566): 4651 0 0.192413000
D/UDP-TIMING(17566): 4652 0 0.182256000
D/UDP-TIMING(17566): 4653 0 0.172146000
D/UDP-TIMING(17566): 4654 0 0.163551000
D/UDP-TIMING(17566): 4655 0 0.182114000
D/UDP-TIMING(17566): 4656 0 0.171954000
D/UDP-TIMING(17566): 4657 0 0.191636000
D/UDP-TIMING(17566): 4658 0 0.181450000
D/UDP-TIMING(17566): 4659 0 0.171254000
D/UDP-TIMING(17566): 4660 0 0.191302000
D/UDP-TIMING(17566): 4661 0 0.181166000
D/UDP-TIMING(17566): 4662 0 0.170969000
D/UDP-TIMING(17566): 4663 0 0.190575000
D/UDP-TIMING(17566): 4664 0 0.180430000
D/UDP-TIMING(17566): 4665 0 0.170324000
D/UDP-TIMING(17566): 4666 0 0.190398000
D/UDP-TIMING(17566): 4667 0 0.180214000
D/UDP-TIMING(17566): 4668 0 0.170023000
D/UDP-TIMING(17566): 4669 0 0.189585000
D/UDP-TIMING(17566): 4670 0 0.179385000
D/UDP-TIMING(17566): 4671 0 0.169191000
D/UDP-TIMING(17566): 4672 0 0.188972000
D/UDP-TIMING(17566): 4673 0 0.178781000
D/UDP-TIMING(17566): 4674 0 0.198920000
D/UDP-TIMING(17566): 4675 0 0.188726000
D/UDP-TIMING(17566): 4676 0 0.178597000
D/UDP-TIMING(17566): 4677 0 0.168422000
D/UDP-TIMING(17566): 4678 0 0.187908000
D/UDP-TIMING(17566): 4679 0 0.177735000
D/UDP-TIMING(17566): 4680 0 0.167555000
D/UDP-TIMING(17566): 4681 0 0.187679000
D/UDP-TIMING(17566): 4682 0 0.177495000
D/UDP-TIMING(17566): 4683 0 0.167315000
D/UDP-TIMING(17566): 4684 0 0.186785000
D/UDP-TIMING(17566): 4685 0 0.176621000
D/UDP-TIMING(17566): 4686 0 0.166493000
D/UDP-TIMING(17566): 4687 0 0.186536000
D/UDP-TIMING(17566): 4688 0 0.176388000
D/UDP-TIMING(17566): 4689 0 0.166203000
D/UDP-TIMING(17566): 4690 0 0.185752000
D/UDP-TIMING(17566): 4691 0 0.175615000
D/UDP-TIMING(17566): 4692 0 0.165430000
D/UDP-TIMING(17566): 4693 0 0.185459000
D/UDP-TIMING(17566): 4694 0 0.175331000
D/UDP-TIMING(17566): 4695 0 0.165169000
D/UDP-TIMING(17566): 4696 0 0.184749000
D/UDP-TIMING(17566): 4697 0 0.174601000
D/UDP-TIMING(17566): 4698 0 0.164422000
D/UDP-TIMING(17566): 4699 0 0.184475000
D/UDP-TIMING(17566): 4700 0 0.174293000
D/UDP-TIMING(17566): 4701 0 0.164162000
D/StatusBarPolicy( 1816): iconIndex=1
V/StatusBarPolicy( 1816): cdmaLevel:3;max:4
D/StatusBarPolicy( 1816): iconLevel:3
D/UDP-TIMING(17566): 4702 0 0.184074000
D/UDP-TIMING(17566): 4703 0 0.173905000
D/UDP-TIMING(17566): 4704 0 0.195770000
D/UDP-TIMING(17566): 4705 0 0.185605000
D/UDP-TIMING(17566): 4706 0 0.175462000
D/UDP-TIMING(17566): 4707 0 0.165341000
I/PhoneInfo( 2188): getCdmaLevel - cdmaDbm: -71 cdmaEcio:-90
I/PhoneInfo( 2188): getEvdoLevel - evdoDbm: -120 evdoSnr:-1 evdoEcio:-1
I/PhoneInfo( 2188): getLteLevel - lteRsrp: -1 lteCqi:-1
D/UDP-TIMING(17566): 4708 0 0.182213000
D/UDP-TIMING(17566): 4709 0 0.172031000
D/UDP-TIMING(17566): 4710 0 0.162405000
D/UDP-TIMING(17566): 4711 0 0.181873000
D/UDP-TIMING(17566): 4712 0 0.171711000
D/UDP-TIMING(17566): 4713 0 0.191842000
D/UDP-TIMING(17566): 4714 0 0.181674000
D/UDP-TIMING(17566): 4715 0 0.171504000
D/UDP-TIMING(17566): 4716 0 0.191356000
D/UDP-TIMING(17566): 4717 0 0.181202000
D/UDP-TIMING(17566): 4718 0 0.171846000
D/UDP-TIMING(17566): 4719 0 0.191089000
D/UDP-TIMING(17566): 4720 0 0.180911000
D/UDP-TIMING(17566): 4721 0 0.170732000
D/UDP-TIMING(17566): 4722 0 0.190340000
D/UDP-TIMING(17566): 4723 0 0.180196000
D/UDP-TIMING(17566): 4724 0 0.170028000
D/UDP-TIMING(17566): 4725 0 0.189980000
D/UDP-TIMING(17566): 4726 0 0.179796000
D/UDP-TIMING(17566): 4727 0 0.169618000
D/UDP-TIMING(17566): 4728 0 0.189290000
D/UDP-TIMING(17566): 4729 0 0.179108000
D/UDP-TIMING(17566): 4730 0 0.168926000
D/UDP-TIMING(17566): 4731 0 0.188960000
D/UDP-TIMING(17566): 4732 0 0.178782000
D/UDP-TIMING(17566): 4733 0 0.168600000
D/UDP-TIMING(17566): 4734 0 0.188219000
D/UDP-TIMING(17566): 4735 0 0.178093000
D/UDP-TIMING(17566): 4736 0 0.167950000
E/TrafficStats( 1673): [QCTMM]tryAll index=0
E/TrafficStats( 1673): [QCTMM]tryAll index=1
E/TrafficStats( 1673): [QCTMM]tryAll index=2
D/UDP-TIMING(17566): 4737 0 0.188421000
D/UDP-TIMING(17566): 4738 0 0.178241000
D/UDP-TIMING(17566): 4739 0 0.168087000
E/TrafficStats( 1673): [QCTMM]tryAll index=0
E/TrafficStats( 1673): [QCTMM]tryAll index=1
E/TrafficStats( 1673): [QCTMM]tryAll index=2
D/DATA    ( 1860): sentSinceLastRecv=0,watchdogTrigger=10,maxindex=0
D/UDP-TIMING(17566): 4740 0 0.187149000
D/UDP-TIMING(17566): 4741 0 0.176968000
D/UDP-TIMING(17566): 4742 0 0.166790000
D/UDP-TIMING(17566): 4743 0 0.186952000
D/UDP-TIMING(17566): 4744 0 0.176831000
D/UDP-TIMING(17566): 4745 0 0.166592000
D/UDP-TIMING(17566): 4746 0 0.186139000
D/UDP-TIMING(17566): 4747 0 0.175962000
D/UDP-TIMING(17566): 4748 0 0.165778000
D/UDP-TIMING(17566): 4749 0 0.185508000
D/UDP-TIMING(17566): 4750 0 0.175360000
D/UDP-TIMING(17566): 4751 0 0.165181000
D/UDP-TIMING(17566): 4752 0 0.185307000
D/UDP-TIMING(17566): 4753 0 0.175123000
D/UDP-TIMING(17566): 4754 0 0.165025000
D/UDP-TIMING(17566): 4755 0 0.184608000
D/UDP-TIMING(17566): 4756 0 0.174460000
D/UDP-TIMING(17566): 4757 0 0.164278000
D/UDP-TIMING(17566): 4758 0 0.184460000
D/UDP-TIMING(17566): 4759 0 0.174273000
D/UDP-TIMING(17566): 4760 0 0.164145000
D/UDP-TIMING(17566): 4761 0 0.183586000
D/UDP-TIMING(17566): 4762 0 0.173426000
D/UDP-TIMING(17566): 4763 0 0.163317000
D/UDP-TIMING(17566): 4764 0 0.183424000
D/UDP-TIMING(17566): 4765 0 0.173256000
D/UDP-TIMING(17566): 4766 0 0.193290000
D/UDP-TIMING(17566): 4767 0 0.183079000
D/UDP-TIMING(17566): 4768 0 0.172931000
D/UDP-TIMING(17566): 4769 0 0.162799000
D/UDP-TIMING(17566): 4770 0 0.182450000
D/UDP-TIMING(17566): 4771 0 0.172253000
D/UDP-TIMING(17566): 4772 0 0.191864000
D/UDP-TIMING(17566): 4773 0 0.181735000
D/UDP-TIMING(17566): 4774 0 0.171561000
D/UDP-TIMING(17566): 4775 0 0.191973000
D/UDP-TIMING(17566): 4776 0 0.181787000
D/UDP-TIMING(17566): 4777 0 0.171602000
D/UDP-TIMING(17566): 4778 0 0.190843000
D/UDP-TIMING(17566): 4779 0 0.180628000
D/UDP-TIMING(17566): 4780 0 0.170471000
D/UDP-TIMING(17566): 4781 0 0.190462000
D/UDP-TIMING(17566): 4782 0 0.180300000
D/UDP-TIMING(17566): 4783 0 0.170172000
D/UDP-TIMING(17566): 4784 0 0.189799000
D/UDP-TIMING(17566): 4785 0 0.179672000
D/UDP-TIMING(17566): 4786 0 0.169537000
D/UDP-TIMING(17566): 4787 0 0.189269000
D/UDP-TIMING(17566): 4788 0 0.179072000
D/UDP-TIMING(17566): 4789 0 0.168876000
D/UDP-TIMING(17566): 4790 0 0.189274000
D/UDP-TIMING(17566): 4791 0 0.179147000
D/UDP-TIMING(17566): 4792 0 0.168951000
D/UDP-TIMING(17566): 4793 0 0.188127000
D/UDP-TIMING(17566): 4794 0 0.177906000
D/UDP-TIMING(17566): 4795 0 0.167750000
D/UDP-TIMING(17566): 4796 0 0.187779000
