D/MMDCT   ( 1860): onDCLChanged() notifyDA() now
D/DATA    ( 1860): [PhoneNotifier] notifyDataActivityLTE
D/StatusBarPolicy( 1816): hasService()=true ,mDataState=2 ,mPhone.htcModemLinkOn()=false ,mDataActivity=0
I/PackageManager( 1673):   Action: "android.intent.action.VIEW"
I/PackageManager( 1673):   Category: "android.intent.category.DEFAULT"
I/PackageManager( 1673):   Scheme: "http"
I/PackageManager( 1673):   Type: "video"
I/PackageManager( 1673):   mPriority=0, mHasPartialTypes=true
D/StatusBarPolicy( 1816): slotType[0]=RUIM
I/PackageManager( 1673): Adding preferred activity ComponentInfo{com.htc.streamplayer/com.htc.streamplayer.VideoPlayerActivity}:
I/PackageManager( 1673):   Action: "android.intent.action.VIEW"
I/PackageManager( 1673):   Category: "android.intent.category.DEFAULT"
I/PackageManager( 1673):   Category: "android.intent.category.BROWSABLE"
I/PackageManager( 1673):   Scheme: "http"
I/PackageManager( 1673):   Type: "video"
I/PackageManager( 1673):   mPriority=0, mHasPartialTypes=true
I/PackageManager( 1673): Adding preferred activity ComponentInfo{com.htc.streamplayer/com.htc.streamplayer.VideoPlayerActivity}:
W/ResourceType( 2120): getEntry failing because entryIndex 333 is beyond type entryCount 127
W/ResourceType( 2120): Failure getting entry for 0x7f02014d (t=1 e=333) in package 0 (error -2147483647)
W/ResourceType( 2120): getEntry failing because entryIndex 316 is beyond type entryCount 127
W/ResourceType( 2120): Failure getting entry for 0x7f02013c (t=1 e=316) in package 0 (error -2147483647)
W/ResourceType( 2120): getEntry failing because entryIndex 1377 is beyond type entryCount 127
W/ResourceType( 2120): Failure getting entry for 0x7f020561 (t=1 e=1377) in package 0 (error -2147483647)
W/ResourceType( 2120): getEntry failing because entryIndex 1378 is beyond type entryCount 127
W/ResourceType( 2120): Failure getting entry for 0x7f020562 (t=1 e=1378) in package 0 (error -2147483647)
W/ResourceType( 2120): getEntry failing because entryIndex 1379 is beyond type entryCount 127
W/ResourceType( 2120): Failure getting entry for 0x7f020563 (t=1 e=1379) in package 0 (error -2147483647)
W/ResourceType( 2120): getEntry failing because entryIndex 1778 is beyond type entryCount 127
W/ResourceType( 2120): Failure getting entry for 0x7f0206f2 (t=1 e=1778) in package 0 (error -2147483647)
W/ResourceType( 2120): getEntry failing because entryIndex 280 is beyond type entryCount 127
W/ResourceType( 2120): Failure getting entry for 0x7f020118 (t=1 e=280) in package 0 (error -2147483647)
W/ResourceType( 2120): getEntry failing because entryIndex 333 is beyond type entryCount 127
W/ResourceType( 2120): Failure getting entry for 0x7f02014d (t=1 e=333) in package 0 (error -2147483647)
W/ResourceType( 2120): getEntry failing because entryIndex 316 is beyond type entryCount 127
W/ResourceType( 2120): Failure getting entry for 0x7f02013c (t=1 e=316) in package 0 (error -2147483647)
W/ResourceType( 2120): getEntry failing because entryIndex 1377 is beyond type entryCount 127
W/ResourceType( 2120): Failure getting entry for 0x7f020561 (t=1 e=1377) in package 0 (error -2147483647)
W/ResourceType( 2120): getEntry failing because entryIndex 1378 is beyond type entryCount 127
W/ResourceType( 2120): Failure getting entry for 0x7f020562 (t=1 e=1378) in package 0 (error -2147483647)
W/ResourceType( 2120): getEntry failing because entryIndex 1379 is beyond type entryCount 127
W/ResourceType( 2120): Failure getting entry for 0x7f020563 (t=1 e=1379) in package 0 (error -2147483647)
W/ResourceType( 2120): getEntry failing because entryIndex 1778 is beyond type entryCount 127
W/ResourceType( 2120): Failure getting entry for 0x7f0206f2 (t=1 e=1778) in package 0 (error -2147483647)
W/ResourceType( 2120): getEntry failing because entryIndex 280 is beyond type entryCount 127
W/ResourceType( 2120): Failure getting entry for 0x7f020118 (t=1 e=280) in package 0 (error -2147483647)
W/ResourceType( 2120): getEntry failing because entryIndex 333 is beyond type entryCount 127
W/ResourceType( 2120): Failure getting entry for 0x7f02014d (t=1 e=333) in package 0 (error -2147483647)
W/ResourceType( 2120): getEntry failing because entryIndex 316 is beyond type entryCount 127
W/ResourceType( 2120): Failure getting entry for 0x7f02013c (t=1 e=316) in package 0 (error -2147483647)
W/ResourceType( 2120): getEntry failing because entryIndex 1377 is beyond type entryCount 127
W/ResourceType( 2120): Failure getting entry for 0x7f020561 (t=1 e=1377) in package 0 (error -2147483647)
W/ResourceType( 2120): getEntry failing because entryIndex 1378 is beyond type entryCount 127
W/ResourceType( 2120): Failure getting entry for 0x7f020562 (t=1 e=1378) in package 0 (error -2147483647)
W/ResourceType( 2120): getEntry failing because entryIndex 1379 is beyond type entryCount 127
W/ResourceType( 2120): Failure getting entry for 0x7f020563 (t=1 e=1379) in package 0 (error -2147483647)
W/ResourceType( 2120): getEntry failing because entryIndex 1778 is beyond type entryCount 127
W/ResourceType( 2120): Failure getting entry for 0x7f0206f2 (t=1 e=1778) in package 0 (error -2147483647)
W/ResourceType( 2120): getEntry failing because entryIndex 280 is beyond type entryCount 127
W/ResourceType( 2120): Failure getting entry for 0x7f020118 (t=1 e=280) in package 0 (error -2147483647)
E/TrafficStats( 1673): [QCTMM]tryAll index=0
E/TrafficStats( 1673): [QCTMM]tryAll index=1
E/TrafficStats( 1673): [QCTMM]tryAll index=2
E/TrafficStats( 1673): [QCTMM]tryAll index=0
E/TrafficStats( 1673): [QCTMM]tryAll index=1
E/TrafficStats( 1673): [QCTMM]tryAll index=2
I/PackageManager( 1673): Adding preferred activity ComponentInfo{com.htc.streamplayer/com.htc.streamplayer.VideoPlayerActivity}:
I/PackageManager( 1673):   Action: "android.intent.action.VIEW"
I/PackageManager( 1673):   Category: "android.intent.category.DEFAULT"
I/PackageManager( 1673):   Scheme: "rtsp"
D/DATA    ( 1860): [PhoneNotifier] notifyDataActivityLTE
D/DATA    ( 1860): [QCTMM] DataNetStatistics mIsScreenOn newActivity=DATAINANDOUT
D/DATA    ( 1860): sentSinceLastRecv=0,watchdogTrigger=10,maxindex=0
D/StatusBarPolicy( 1816): hasService()=true ,mDataState=2 ,mPhone.htcModemLinkOn()=false ,mDataActivity=3
D/StatusBarPolicy( 1816): slotType[0]=RUIM
W/ResourceType( 2120): getEntry failing because entryIndex 333 is beyond type entryCount 127
I/PackageManager( 1673):   Action: "android.intent.action.VIEW"
I/PackageManager( 1673):   Category: "android.intent.category.DEFAULT"
I/PackageManager( 1673):   Category: "android.intent.category.BROWSABLE"
I/PackageManager( 1673):   Scheme: "rtsp"
I/PackageManager( 1673): Adding preferred activity ComponentInfo{com.htc.streamplayer/com.htc.streamplayer.VideoPlayerActivity}:
W/ResourceType( 2120): Failure getting entry for 0x7f02014d (t=1 e=333) in package 0 (error -2147483647)
W/ResourceType( 2120): getEntry failing because entryIndex 316 is beyond type entryCount 127
W/ResourceType( 2120): Failure getting entry for 0x7f02013c (t=1 e=316) in package 0 (error -2147483647)
W/ResourceType( 2120): getEntry failing because entryIndex 1377 is beyond type entryCount 127
W/ResourceType( 2120): Failure getting entry for 0x7f020561 (t=1 e=1377) in package 0 (error -2147483647)
W/ResourceType( 2120): getEntry failing because entryIndex 1378 is beyond type entryCount 127
W/ResourceType( 2120): Failure getting entry for 0x7f020562 (t=1 e=1378) in package 0 (error -2147483647)
W/ResourceType( 2120): getEntry failing because entryIndex 1379 is beyond type entryCount 127
W/ResourceType( 2120): Failure getting entry for 0x7f020563 (t=1 e=1379) in package 0 (error -2147483647)
W/ResourceType( 2120): getEntry failing because entryIndex 1778 is beyond type entryCount 127
W/ResourceType( 2120): Failure getting entry for 0x7f0206f2 (t=1 e=1778) in package 0 (error -2147483647)
I/PackageManager( 1673):   Action: "android.intent.action.VIEW"
I/PackageManager( 1673):   Category: "android.intent.category.DEFAULT"
I/PackageManager( 1673):   Scheme: "http"
I/PackageManager( 1673):   Type: "audio"
I/PackageManager( 1673):   mPriority=0, mHasPartialTypes=true
I/PackageManager( 1673): Adding preferred activity ComponentInfo{com.htc.streamplayer/com.htc.streamplayer.VideoPlayerActivity}:
I/PackageManager( 1673):   Action: "android.intent.action.VIEW"
I/PackageManager( 1673):   Category: "android.intent.category.DEFAULT"
I/PackageManager( 1673):   Category: "android.intent.category.BROWSABLE"
I/PackageManager( 1673):   Scheme: "http"
I/PackageManager( 1673):   Type: "audio"
I/PackageManager( 1673):   mPriority=0, mHasPartialTypes=true
D/HtcAppAssociationsUtils (Dispatcher)(16308):  @@@@@ getPreferredActivity():      return package=com.htc.streamplayer/com.htc.streamplayer.VideoPlayerActivity
I/HtcAppAssociationsUtils (Dispatcher)(16308):  @@@@@ getPreferredActivity(): Enter.
I/HtcAppAssociationsUtils (Dispatcher)(16308):  @@@@@ getPreferredActivity():      category=Stream category
I/HtcAppAssociationsUtils (Dispatcher)(16308):  @@@@@ getPreferredActivity():      add=true
W/ResourceType( 2120): getEntry failing because entryIndex 280 is beyond type entryCount 127
W/ResourceType( 2120): Failure getting entry for 0x7f020118 (t=1 e=280) in package 0 (error -2147483647)
I/PackageManager( 1673): Adding preferred activity ComponentInfo{com.htc.streamplayer/com.htc.streamplayer.VideoPlayerActivity}:
D/HtcAppAssociationsUtils (Dispatcher)(16308):  @@@@@ getPreferredActivity():      Go DB ------
W/ResourceType( 2120): getEntry failing because entryIndex 333 is beyond type entryCount 127
W/ResourceType( 2120): Failure getting entry for 0x7f02014d (t=1 e=333) in package 0 (error -2147483647)
W/ResourceType( 2120): getEntry failing because entryIndex 316 is beyond type entryCount 127
W/ResourceType( 2120): Failure getting entry for 0x7f02013c (t=1 e=316) in package 0 (error -2147483647)
W/ResourceType( 2120): getEntry failing because entryIndex 1377 is beyond type entryCount 127
W/ResourceType( 2120): Failure getting entry for 0x7f020561 (t=1 e=1377) in package 0 (error -2147483647)
W/ResourceType( 2120): getEntry failing because entryIndex 1378 is beyond type entryCount 127
W/ResourceType( 2120): Failure getting entry for 0x7f020562 (t=1 e=1378) in package 0 (error -2147483647)
W/ResourceType( 2120): getEntry failing because entryIndex 1379 is beyond type entryCount 127
W/ResourceType( 2120): Failure getting entry for 0x7f020563 (t=1 e=1379) in package 0 (error -2147483647)
W/ResourceType( 2120): getEntry failing because entryIndex 1778 is beyond type entryCount 127
W/ResourceType( 2120): Failure getting entry for 0x7f0206f2 (t=1 e=1778) in package 0 (error -2147483647)
W/ResourceType( 2120): getEntry failing because entryIndex 280 is beyond type entryCount 127
W/ResourceType( 2120): Failure getting entry for 0x7f020118 (t=1 e=280) in package 0 (error -2147483647)
D/dalvikvm(16531): GC_FOR_MALLOC freed 162K, 49% free 3552K/6855K, external 0K/0K, paused 148ms
W/ResourceType( 2120): getEntry failing because entryIndex 333 is beyond type entryCount 127
I/PackageManager( 1673):   Action: "android.intent.action.VIEW"
I/PackageManager( 1673):   Category: "android.intent.category.DEFAULT"
I/PackageManager( 1673):   Scheme: "http"
I/PackageManager( 1673):   Type: "video"
I/PackageManager( 1673):   mPriority=0, mHasPartialTypes=true
I/PackageManager( 1673):   Action: "android.intent.action.VIEW"
I/PackageManager( 1673):   Category: "android.intent.category.DEFAULT"
I/PackageManager( 1673):   Category: "android.intent.category.BROWSABLE"
I/PackageManager( 1673):   Scheme: "http"
I/PackageManager( 1673):   Type: "video"
I/PackageManager( 1673):   mPriority=0, mHasPartialTypes=true
I/PackageManager( 1673): Adding preferred activity ComponentInfo{com.htc.streamplayer/com.htc.streamplayer.VideoPlayerActivity}:
I/PackageManager( 1673): Adding preferred activity ComponentInfo{com.htc.streamplayer/com.htc.streamplayer.VideoPlayerActivity}:
W/ResourceType( 2120): Failure getting entry for 0x7f02014d (t=1 e=333) in package 0 (error -2147483647)
W/ResourceType( 2120): getEntry failing because entryIndex 316 is beyond type entryCount 127
W/ResourceType( 2120): Failure getting entry for 0x7f02013c (t=1 e=316) in package 0 (error -2147483647)
W/ResourceType( 2120): getEntry failing because entryIndex 1377 is beyond type entryCount 127
W/ResourceType( 2120): Failure getting entry for 0x7f020561 (t=1 e=1377) in package 0 (error -2147483647)
W/ResourceType( 2120): getEntry failing because entryIndex 1378 is beyond type entryCount 127
W/ResourceType( 2120): Failure getting entry for 0x7f020562 (t=1 e=1378) in package 0 (error -2147483647)
W/ResourceType( 2120): getEntry failing because entryIndex 1379 is beyond type entryCount 127
W/ResourceType( 2120): Failure getting entry for 0x7f020563 (t=1 e=1379) in package 0 (error -2147483647)
W/ResourceType( 2120): getEntry failing because entryIndex 1778 is beyond type entryCount 127
W/ResourceType( 2120): Failure getting entry for 0x7f0206f2 (t=1 e=1778) in package 0 (error -2147483647)
W/ResourceType( 2120): getEntry failing because entryIndex 280 is beyond type entryCount 127
W/ResourceType( 2120): Failure getting entry for 0x7f020118 (t=1 e=280) in package 0 (error -2147483647)
I/PackageManager( 1673):   Action: "android.intent.action.VIEW"
I/PackageManager( 1673):   Category: "android.intent.category.DEFAULT"
I/PackageManager( 1673):   Scheme: "http"
I/PackageManager( 1673):   Type: "audio"
I/PackageManager( 1673):   mPriority=0, mHasPartialTypes=true
I/PackageManager( 1673): Adding preferred activity ComponentInfo{com.htc.streamplayer/com.htc.streamplayer.VideoPlayerActivity}:
I/PackageManager( 1673):   Action: "android.intent.action.VIEW"
I/PackageManager( 1673):   Category: "android.intent.category.DEFAULT"
I/PackageManager( 1673):   Category: "android.intent.category.BROWSABLE"
I/PackageManager( 1673):   Scheme: "http"
I/PackageManager( 1673):   Type: "audio"
I/PackageManager( 1673):   mPriority=0, mHasPartialTypes=true
W/ResourceType( 2120): getEntry failing because entryIndex 333 is beyond type entryCount 127
I/PackageManager( 1673): Adding preferred activity ComponentInfo{com.htc.streamplayer/com.htc.streamplayer.VideoPlayerActivity}:
W/ResourceType( 2120): Failure getting entry for 0x7f02014d (t=1 e=333) in package 0 (error -2147483647)
W/ResourceType( 2120): getEntry failing because entryIndex 316 is beyond type entryCount 127
W/ResourceType( 2120): Failure getting entry for 0x7f02013c (t=1 e=316) in package 0 (error -2147483647)
W/ResourceType( 2120): getEntry failing because entryIndex 1377 is beyond type entryCount 127
W/ResourceType( 2120): Failure getting entry for 0x7f020561 (t=1 e=1377) in package 0 (error -2147483647)
W/ResourceType( 2120): getEntry failing because entryIndex 1378 is beyond type entryCount 127
W/ResourceType( 2120): Failure getting entry for 0x7f020562 (t=1 e=1378) in package 0 (error -2147483647)
W/ResourceType( 2120): getEntry failing because entryIndex 1379 is beyond type entryCount 127
W/ResourceType( 2120): Failure getting entry for 0x7f020563 (t=1 e=1379) in package 0 (error -2147483647)
W/ResourceType( 2120): getEntry failing because entryIndex 1778 is beyond type entryCount 127
W/ResourceType( 2120): Failure getting entry for 0x7f0206f2 (t=1 e=1778) in package 0 (error -2147483647)
W/ResourceType( 2120): getEntry failing because entryIndex 280 is beyond type entryCount 127
W/ResourceType( 2120): Failure getting entry for 0x7f020118 (t=1 e=280) in package 0 (error -2147483647)
D/HtcNBPCDUtil( 1860): EVENT_NBPCD_INFO
I/MMDCT   ( 1860): EVENT_ERI_UPDATE
I/MMDCT   ( 1860): EriUpdate.eri_id=64,mEriIndicator=64
D/HtcCdmaPhoneApp( 1860): eri_id = 64 home or roaming = VZW_HOME_NETWORK
V/HtcCdmaGloableRoamingUtil( 1860): localGetGlobalRoamingOption:0
D/HtcCdmaGloableRoamingUtil( 1860): getNeedShowRoamingOption():true
D/HtcCdmaGloableRoamingUtil( 1860): getNeedAutoSetDeny():true
D/DATA    ( 1860): [DSST] pollstate() : reason = data network state changed
D/StatusBarPolicy( 1816): iconIndex=1
V/StatusBarPolicy( 1816): cdmaLevel:3;max:4
D/StatusBarPolicy( 1816): iconLevel:3
D/Database(16531): dbopen(): path = /data/data/com.onavo.android.onavoid/databases/exceptions, flag = 6, file size = 9216
I/PhoneInfo( 2188): getCdmaLevel - cdmaDbm: -72 cdmaEcio:-100
I/PhoneInfo( 2188): getEvdoLevel - evdoDbm: -120 evdoSnr:-1 evdoEcio:-1
I/PhoneInfo( 2188): getLteLevel - lteRsrp: -1 lteCqi:-1
D/AlarmManagerService( 1673): Kernel timezone updated to 240 minutes west of GMT
D/dalvikvm( 2120): GC_CONCURRENT freed 535K, 46% free 3501K/6407K, external 56K/568K, paused 2ms+8ms
D/SystemClock( 1860): Setting time of day to sec=1339673902
D/AutoSetting( 1930): receiver - intent: android.intent.action.NETWORK_SET_TIMEZONE
D/PhoneApp( 1860): EVENT_QUERY_MO_PACKAGES
W/DATA    ( 1860): [QCTMM] SystemProperties DATA EVENT_POLL_STATE_REGISTRATION = 14
D/MMDCT   ( 1860): [QCTMM] MMDCT getPhone
W/DATA    ( 1860): [QCTMM] iconIndex=1,iconMode=0
D/DATA    ( 1860): Broadcast ACTION_PS_ROAMING, enable= false
D/DATA    ( 1860): [DSST] [QCTMM]Poll ServiceState done: oldSS=[0 home null null null  1 LTE CSS supported -1 -1RoamInd: -1DefRoamInd: -1EriInd: 1EriMode: 0RadioPowerSv: falseEmergOnly: false] newSS=[0 home null null null  1 LTE CSS supported -1 -1RoamInd: -1DefRoamInd: -1EriInd: 1EriMode: 0RadioPowerSv: falseEmergOnly: false]
D/AutoSetting( 1930): service - onStartCommand() action: com.htc.app.autosetting.requestlocationupdate
D/AutoSetting( 1930): service - requestNLP() NetworkLocationProvider not enabled
D/Database(16531): dbopen(): path = /data/data/com.onavo.android.onavoid/databases/exceptions, mode: wal, disk free size: 2000 M, handle: 0x3488c8
W/ResourceType( 2120): getEntry failing because entryIndex 333 is beyond type entryCount 127
D/AutoSetting( 1930): service - mHandler: update time
D/AutoSetting( 1930): receiver - intent: android.intent.action.TIME_SET
I/SleepModeTimeOrTimeZoneChangedReciever(17239): [PSaver] onReceiveandroid.intent.action.TIME_SET
I/SleepModeTimeOrTimeZoneChangedReciever(17239): mHTCWirelessSleepModeEnabled:true
I/SleepModeTimeOrTimeZoneChangedReciever(17239): mHTCWirelessSleepStartTimeSecond:0
I/SleepModeTimeOrTimeZoneChangedReciever(17239): mHTCWirelessSleepEndTimeSecond:0
I/SleepModeTimeOrTimeZoneChangedReciever(17239): iCurrentSecond:27480
D/AutoSetting( 1930): service - processTime() time thread is running
D/AutoSetting( 1930): service - onStartCommand() action: null
I/SleepModeTimeOrTimeZoneChangedReciever(17239): SleepMode start at: 1339732800229
I/SleepModeTimeOrTimeZoneChangedReciever(17239): SleepMode end at: 1339732800229
I/ActivityManager( 1673): Start proc com.htc.android.worldclock for broadcast com.htc.android.worldclock/.AlarmInitReceiver: pid=17542 uid=1000 gids={3002, 3001, 3003, 2001, 1015, 1007}
I/ActivityThread(17542): Pub com.htc.android.alarmclock: com.htc.android.worldclock.AlarmProvider
I/ActivityThread(17542): Pub com.htc.android.worldclock.TabCarouselProvider: com.htc.android.worldclock.TabCarouselProvider
I/ActivityThread(17542): Pub com.htc.android.worldclock.TimerProvider: com.htc.android.worldclock.TimerProvider
W/ResourceType( 2120): Failure getting entry for 0x7f02014d (t=1 e=333) in package 0 (error -2147483647)
W/ResourceType( 2120): getEntry failing because entryIndex 316 is beyond type entryCount 127
W/ResourceType( 2120): Failure getting entry for 0x7f02013c (t=1 e=316) in package 0 (error -2147483647)
W/ResourceType( 2120): getEntry failing because entryIndex 1377 is beyond type entryCount 127
W/Addapter( 1845): info.icon:2130837552
I/ActivityManager( 1673): No longer want com.gravitymobile.app.hornbill (pid 17460): hidden #16
W/Addapter( 1845): info.icon:2130837504
W/Addapter( 1845): info.icon:2130837529
I/ActivityManager( 1673): No longer want com.android.defcontainer (pid 17518): hidden #16
W/Addapter( 1845): info.icon:2130837508
W/Addapter( 1845): info.icon:2130837513
W/Addapter( 1845): info.icon:2130837837
W/Addapter( 1845): info.icon:2130837621
W/Addapter( 1845): info.icon:2130837523
W/Addapter( 1845): info.icon:2130837504
W/ResourceType( 2120): Failure getting entry for 0x7f020561 (t=1 e=1377) in package 0 (error -2147483647)
W/ResourceType( 2120): getEntry failing because entryIndex 1378 is beyond type entryCount 127
W/ResourceType( 2120): Failure getting entry for 0x7f020562 (t=1 e=1378) in package 0 (error -2147483647)
W/ResourceType( 2120): getEntry failing because entryIndex 1379 is beyond type entryCount 127
W/ResourceType( 2120): Failure getting entry for 0x7f020563 (t=1 e=1379) in package 0 (error -2147483647)
W/ResourceType( 2120): getEntry failing because entryIndex 1778 is beyond type entryCount 127
D/PhoneApp( 1860): -- N1 =3
W/ResourceType( 2120): Failure getting entry for 0x7f0206f2 (t=1 e=1778) in package 0 (error -2147483647)
W/Addapter( 1845): info.icon:2130837512
W/Addapter( 1845): info.icon:2130837700
W/Addapter( 1845): info.icon:2130838201
W/Addapter( 1845): info.icon:2130838372
W/Addapter( 1845): info.icon:2130838095
W/Addapter( 1845): info.icon:2130838178
W/Addapter( 1845): info.icon:2130837591
W/Addapter( 1845): info.icon:2130837591
W/Addapter( 1845): info.icon:2130837591
W/Addapter( 1845): info.icon:2130903041
W/Addapter( 1845): info.icon:2130837784
D/Database(17542): dbopen(): path = /data/data/com.htc.android.worldclock/databases/alarms.db, flag = 6, file size = 4096
W/Addapter( 1845): info.icon:2130838002
W/Addapter( 1845): info.icon:2130837610
W/Addapter( 1845): info.icon:2130837610
W/Addapter( 1845): info.icon:2130837506
D/PhoneApp( 1860): -- N2 =0
W/ResourceType( 2120): getEntry failing because entryIndex 280 is beyond type entryCount 127
W/Addapter( 1845): info.icon:2130837705
W/ResourceType( 2120): Failure getting entry for 0x7f020118 (t=1 e=280) in package 0 (error -2147483647)
W/Addapter( 1845): info.icon:2130837519
D/PhoneApp( 1860): -- N3 =0
W/Addapter( 1845): info.icon:2130837519
W/Addapter( 1845): info.icon:2130837519
W/Addapter( 1845): info.icon:2130837513
W/Addapter( 1845): info.icon:2130903041
I/Database(17542): sqlite returned: error code = 0, msg = Recovered 4 frames from WAL file /data/data/com.htc.android.worldclock/databases/alarms.db-wal
D/Database(17542): dbopen(): path = /data/data/com.htc.android.worldclock/databases/alarms.db, mode: wal, disk free size: 2000 M, handle: 0x34ba18
D/htcCheckinService( 1673): Roaming is :false
I/htcCheckinService( 1673): Checkin disabled.
D/AutoSetting( 1930): receiver - intent: android.intent.action.NETWORK_SET_TIME
I/PackageManager( 1673):   Action: "android.intent.action.VIEW"
I/PackageManager( 1673): Adding preferred activity ComponentInfo{com.htc.streamplayer/com.htc.streamplayer.VideoPlayerActivity}:
I/PackageManager( 1673):   Category: "android.intent.category.DEFAULT"
I/PackageManager( 1673):   Scheme: "rtsp"
I/PackageManager( 1673):   Action: "android.intent.action.VIEW"
I/PackageManager( 1673):   Category: "android.intent.category.DEFAULT"
I/PackageManager( 1673):   Category: "android.intent.category.BROWSABLE"
I/PackageManager( 1673):   Scheme: "rtsp"
D/AutoSetting( 1930): service - onStartCommand() action: com.htc.app.autosetting.requestlocationupdate
D/AutoSetting( 1930): service - requestNLP() NetworkLocationProvider not enabled
I/PackageManager( 1673): Adding preferred activity ComponentInfo{com.htc.streamplayer/com.htc.streamplayer.VideoPlayerActivity}:
D/HtcAppAssociationsUtils (Dispatcher)(16308):  @@@@@ getPreferredActivity():      return package=com.htc.streamplayer/com.htc.streamplayer.VideoPlayerActivity
I/HtcAppAssociationsUtils (Dispatcher)(16308):  @@@@@ getPreferredActivity(): Enter.
I/HtcAppAssociationsUtils (Dispatcher)(16308):  @@@@@ getPreferredActivity():      category=Map category
I/HtcAppAssociationsUtils (Dispatcher)(16308):  @@@@@ getPreferredActivity():      add=true
D/AutoSetting( 1930): service - mHandler: update time
D/AutoSetting( 1930): service - processTime() time thread is running
D/Database(16531): dbclose(): path = /data/data/com.onavo.android.onavoid/databases/exceptions, handle = 0x3488c8
D/Database(16531): dbopen(): path = /data/data/com.onavo.android.onavoid/databases/exception_stacks, flag = 6, file size = 51200
D/Database(16531): dbopen(): path = /data/data/com.onavo.android.onavoid/databases/exception_stacks, mode: wal, disk free size: 2000 M, handle: 0x3b3868
D/Socket_Alarm(17542): registerHTCSocketMonitorCallBack
D/Socket_Alarm(17542): set mSocketMonitor
D/Socket_Alarm(17542): HTCSocketMonitorImpl::HTCSocketMonitorImpl
I/ActivityManager( 1673): Start proc com.htc.dockmode for broadcast com.htc.dockmode/.clock.NextAlarmReceiver: pid=17554 uid=10149 gids={3003, 3002, 3001}
I/ActivityManager( 1673): No longer want com.android.voicedialer (pid 17452): hidden #16
D/Database(16531): dbclose(): path = /data/data/com.onavo.android.onavoid/databases/exception_stacks, handle = 0x3b3868
E/TrafficStats( 1673): [QCTMM]tryAll index=0
E/TrafficStats( 1673): [QCTMM]tryAll index=1
E/TrafficStats( 1673): [QCTMM]tryAll index=2
E/TrafficStats( 1673): [QCTMM]tryAll index=0
E/TrafficStats( 1673): [QCTMM]tryAll index=1
E/TrafficStats( 1673): [QCTMM]tryAll index=2
D/DATA    ( 1860): sentSinceLastRecv=0,watchdogTrigger=10,maxindex=0
D/Database(16531): dbopen(): path = /data/data/com.onavo.android.onavoid/databases/exception_stacks, flag = 6, file size = 51200
D/Database(16531): dbopen(): path = /data/data/com.onavo.android.onavoid/databases/exception_stacks, mode: wal, disk free size: 2000 M, handle: 0x3488c8
I/AudioService( 1673):  AudioFocus  abandonAudioFocus() from android.media.AudioManager@40530228
I/ActivityManager( 1673): No longer want com.google.android.partnersetup (pid 17332): hidden #16
D/szipinf ( 1865): Initializing inflate state
D/HtcAppAssociationsUtils (Dispatcher)(16308):  @@@@@ getPreferredActivity():      Go DB ------
D/Database(16531): dbclose(): path = /data/data/com.onavo.android.onavoid/databases/exception_stacks, handle = 0x3488c8
D/Database(16531): dbopen(): path = /data/data/com.onavo.android.onavoid/databases/exception_stacks, flag = 6, file size = 51200
D/Database(16531): dbopen(): path = /data/data/com.onavo.android.onavoid/databases/exception_stacks, mode: wal, disk free size: 2000 M, handle: 0x3b3868
I/PackageManager( 1673):   Action: "android.intent.action.VIEW"
I/PackageManager( 1673):   Category: "android.intent.category.DEFAULT"
I/PackageManager( 1673):   Scheme: "geo"
I/PackageManager( 1673):   Action: "android.intent.action.VIEW"
I/PackageManager( 1673):   Category: "android.intent.category.DEFAULT"
I/PackageManager( 1673):   Category: "android.intent.category.BROWSABLE"
I/PackageManager( 1673):   Scheme: "geo"
I/PackageManager( 1673): Adding preferred activity ComponentInfo{com.google.android.apps.maps/com.google.android.maps.MapsActivity}:
I/PackageManager( 1673): Adding preferred activity ComponentInfo{com.google.android.apps.maps/com.google.android.maps.MapsActivity}:
I/PackageManager( 1673):   Action: "android.intent.action.VIEW"
I/PackageManager( 1673):   Category: "android.intent.category.DEFAULT"
I/PackageManager( 1673):   Scheme: "http://maps.google.com/maps?f=q&geocode=&q="
I/PackageManager( 1673):   Scheme: "http://maps.google.com/maps?q="
I/PackageManager( 1673):   Scheme: "http://maps.google.com/maps?"
I/PackageManager( 1673):   Action: "android.intent.action.VIEW"
I/PackageManager( 1673):   Category: "android.intent.category.DEFAULT"
I/PackageManager( 1673):   Category: "android.intent.category.BROWSABLE"
I/PackageManager( 1673):   Scheme: "http://maps.google.com/maps?f=q&geocode=&q="
I/PackageManager( 1673):   Scheme: "http://maps.google.com/maps?q="
I/PackageManager( 1673):   Scheme: "http://maps.google.com/maps?"
D/HtcAppAssociationsUtils (Dispatcher)(16308):  @@@@@ getPreferredActivity():      return package=com.google.android.apps.maps/com.google.android.maps.MapsActivity
I/HtcAppAssociationsUtils (Dispatcher)(16308):  @@@@@ getPreferredActivity(): Enter.
I/HtcAppAssociationsUtils (Dispatcher)(16308):  @@@@@ getPreferredActivity():      category=Location category
I/HtcAppAssociationsUtils (Dispatcher)(16308):  @@@@@ getPreferredActivity():      add=true
I/PackageManager( 1673): Adding preferred activity ComponentInfo{com.google.android.apps.maps/com.google.android.maps.MapsActivity}:
I/PackageManager( 1673): Adding preferred activity ComponentInfo{com.google.android.apps.maps/com.google.android.maps.MapsActivity}:
D/HtcAppAssociationsUtils (Dispatcher)(16308):  @@@@@ getPreferredActivity():      Go DB ------
D/Database(16531): dbclose(): path = /data/data/com.onavo.android.onavoid/databases/exception_stacks, handle = 0x3b3868
D/Database(16531): dbopen(): path = /data/data/com.onavo.android.onavoid/databases/exception_stacks, flag = 6, file size = 51200
D/Database(16531): dbopen(): path = /data/data/com.onavo.android.onavoid/databases/exception_stacks, mode: wal, disk free size: 2000 M, handle: 0x3488c8
I/PackageManager( 1673):   Action: "android.intent.action.VIEW"
I/PackageManager( 1673):   Category: "android.intent.category.DEFAULT"
I/PackageManager( 1673):   Scheme: "http://maps.google.com/maps?f=q&geocode=&q="
I/PackageManager( 1673):   Scheme: "http://maps.google.com/maps?q="
I/PackageManager( 1673):   Scheme: "http://maps.google.com/maps?"
I/PackageManager( 1673): Adding preferred activity ComponentInfo{com.google.android.apps.maps/com.google.android.maps.MapsActivity}:
I/PackageManager( 1673):   Action: "android.intent.action.VIEW"
I/PackageManager( 1673):   Category: "android.intent.category.DEFAULT"
I/PackageManager( 1673):   Category: "android.intent.category.BROWSABLE"
I/PackageManager( 1673):   Scheme: "http://maps.google.com/maps?f=q&geocode=&q="
I/PackageManager( 1673):   Scheme: "http://maps.google.com/maps?q="
I/PackageManager( 1673):   Scheme: "http://maps.google.com/maps?"
I/PackageManager( 1673): Adding preferred activity ComponentInfo{com.google.android.apps.maps/com.google.android.maps.MapsActivity}:
D/dalvikvm(16308): GC_CONCURRENT freed 366K, 50% free 2925K/5831K, external 0K/0K, paused 1ms+2ms
D/Database(16531): dbclose(): path = /data/data/com.onavo.android.onavoid/databases/exception_stacks, handle = 0x3488c8
I/PackageManager( 1673):   Action: "android.intent.action.VIEW"
I/PackageManager( 1673):   Category: "android.intent.category.DEFAULT"
I/PackageManager( 1673):   Scheme: "geo"
I/PackageManager( 1673):   Action: "android.intent.action.VIEW"
I/PackageManager( 1673):   Category: "android.intent.category.DEFAULT"
I/PackageManager( 1673):   Category: "android.intent.category.BROWSABLE"
I/PackageManager( 1673): Adding preferred activity ComponentInfo{com.google.android.apps.maps/com.google.android.maps.MapsActivity}:
I/PackageManager( 1673): Adding preferred activity ComponentInfo{com.google.android.apps.maps/com.google.android.maps.MapsActivity}:
I/PackageManager( 1673):   Scheme: "geo"
D/HtcAppAssociationsUtils (Dispatcher)(16308):  @@@@@ getPreferredActivity():      return package=com.google.android.apps.maps/com.google.android.maps.MapsActivity
D/Database(16531): dbopen(): path = /data/data/com.onavo.android.onavoid/databases/exception_stacks, flag = 6, file size = 52224
I/HtcAppAssociationsUtils (Dispatcher)(16308):  @@@@@ getPreferredActivity(): Enter.
I/HtcAppAssociationsUtils (Dispatcher)(16308):  @@@@@ getPreferredActivity():      category=Phone category
I/HtcAppAssociationsUtils (Dispatcher)(16308):  @@@@@ getPreferredActivity():      add=true
D/Database(16531): dbopen(): path = /data/data/com.onavo.android.onavoid/databases/exception_stacks, mode: wal, disk free size: 2000 M, handle: 0x3b3868
D/HtcAppAssociationsUtils (Dispatcher)(16308):  @@@@@ getPreferredActivity():      Go DB ------
D/Database(16531): dbclose(): path = /data/data/com.onavo.android.onavoid/databases/exception_stacks, handle = 0x3b3868
D/Database(16531): dbopen(): path = /data/data/com.onavo.android.onavoid/databases/exception_stacks, flag = 6, file size = 52224
D/Database(16531): dbopen(): path = /data/data/com.onavo.android.onavoid/databases/exception_stacks, mode: wal, disk free size: 2000 M, handle: 0x3488c8
D/Database(16531): dbclose(): path = /data/data/com.onavo.android.onavoid/databases/exception_stacks, handle = 0x3488c8
D/Database(16531): dbopen(): path = /data/data/com.onavo.android.onavoid/databases/exception_stacks, flag = 6, file size = 52224
D/Database(16531): dbopen(): path = /data/data/com.onavo.android.onavoid/databases/exception_stacks, mode: wal, disk free size: 2000 M, handle: 0x3b3868
I/PackageManager( 1673): Adding preferred activity ComponentInfo{com.android.htcdialer/com.android.htcdialer.Dialer}:
I/PackageManager( 1673):   Action: "android.intent.action.VIEW"
I/PackageManager( 1673):   Category: "android.intent.category.DEFAULT"
I/PackageManager( 1673):   Scheme: "tel"
I/PackageManager( 1673):   Action: "android.intent.action.VIEW"
I/PackageManager( 1673):   Category: "android.intent.category.DEFAULT"
I/PackageManager( 1673):   Category: "android.intent.category.BROWSABLE"
I/PackageManager( 1673):   Scheme: "tel"
I/PackageManager( 1673):   Action: "android.intent.action.DIAL"
I/PackageManager( 1673):   Category: "android.intent.category.DEFAULT"
I/PackageManager( 1673):   Scheme: "tel"
I/PackageManager( 1673):   Action: "android.intent.action.DIAL"
I/PackageManager( 1673):   Category: "android.intent.category.DEFAULT"
I/PackageManager( 1673):   Category: "android.intent.category.BROWSABLE"
I/PackageManager( 1673):   Scheme: "tel"
I/PackageManager( 1673):   Action: "android.intent.action.DIAL"
I/PackageManager( 1673):   Category: "android.intent.category.DEFAULT"
I/PackageManager( 1673):   Action: "android.intent.action.DIAL"
I/PackageManager( 1673):   Category: "android.intent.category.DEFAULT"
I/PackageManager( 1673):   Category: "android.intent.category.BROWSABLE"
D/HtcAppAssociationsUtils (Dispatcher)(16308):  @@@@@ getPreferredActivity():      return package=com.android.htcdialer/com.android.htcdialer.Dialer
I/HtcAppAssociationsUtils (Dispatcher)(16308):  @@@@@ getPreferredActivity(): Enter.
I/HtcAppAssociationsUtils (Dispatcher)(16308):  @@@@@ getPreferredActivity():      category=Mail category
I/HtcAppAssociationsUtils (Dispatcher)(16308):  @@@@@ getPreferredActivity():      add=true
I/PackageManager( 1673): Adding preferred activity ComponentInfo{com.android.htcdialer/com.android.htcdialer.Dialer}:
I/PackageManager( 1673): Adding preferred activity ComponentInfo{com.android.htcdialer/com.android.htcdialer.Dialer}:
I/PackageManager( 1673): Adding preferred activity ComponentInfo{com.android.htcdialer/com.android.htcdialer.Dialer}:
I/PackageManager( 1673): Adding preferred activity ComponentInfo{com.android.htcdialer/com.android.htcdialer.Dialer}:
I/PackageManager( 1673): Adding preferred activity ComponentInfo{com.android.htcdialer/com.android.htcdialer.Dialer}:
D/Database(16531): dbclose(): path = /data/data/com.onavo.android.onavoid/databases/exception_stacks, handle = 0x3b3868
D/Database(16531): dbopen(): path = /data/data/com.onavo.android.onavoid/databases/exception_stacks, flag = 6, file size = 52224
D/Database(16531): dbopen(): path = /data/data/com.onavo.android.onavoid/databases/exception_stacks, mode: wal, disk free size: 2000 M, handle: 0x3488c8
D/HtcAppAssociationsUtils (Dispatcher)(16308):  @@@@@ getPreferredActivity():      Go DB ------
E/TrafficStats( 1673): [QCTMM]tryAll index=0
E/TrafficStats( 1673): [QCTMM]tryAll index=1
E/TrafficStats( 1673): [QCTMM]tryAll index=2
E/TrafficStats( 1673): [QCTMM]tryAll index=0
E/TrafficStats( 1673): [QCTMM]tryAll index=1
E/TrafficStats( 1673): [QCTMM]tryAll index=2
D/DATA    ( 1860): [QCTMM] DataNetStatistics sent == 0 && received == 0 newActivity=NONE
D/DATA    ( 1860): [PhoneNotifier] notifyDataActivityLTE
D/DATA    ( 1860): [QCTMM] DataNetStatistics mIsScreenOn newActivity=NONE
D/DATA    ( 1860): sentSinceLastRecv=0,watchdogTrigger=10,maxindex=0
D/StatusBarPolicy( 1816): hasService()=true ,mDataState=2 ,mPhone.htcModemLinkOn()=false ,mDataActivity=0
D/StatusBarPolicy( 1816): slotType[0]=RUIM
D/Database(16531): dbclose(): path = /data/data/com.onavo.android.onavoid/databases/exception_stacks, handle = 0x3488c8
D/Database(16531): dbopen(): path = /data/data/com.onavo.android.onavoid/databases/exception_stacks, flag = 6, file size = 52224
D/Database(16531): dbopen(): path = /data/data/com.onavo.android.onavoid/databases/exception_stacks, mode: wal, disk free size: 2000 M, handle: 0x3b3868
D/dalvikvm(16055): GC_EXPLICIT freed 86K, 47% free 2966K/5511K, external 0K/0K, paused 58ms
D/Database(16531): dbclose(): path = /data/data/com.onavo.android.onavoid/databases/exception_stacks, handle = 0x3b3868
D/Database(16531): dbopen(): path = /data/data/com.onavo.android.onavoid/databases/exception_stacks, flag = 6, file size = 52224
D/Database(16531): dbopen(): path = /data/data/com.onavo.android.onavoid/databases/exception_stacks, mode: wal, disk free size: 2000 M, handle: 0x3488c8
I/PackageManager( 1673):   Action: "android.intent.action.VIEW"
I/PackageManager( 1673):   Action: "android.intent.action.SENDTO"
I/PackageManager( 1673):   Category: "android.intent.category.DEFAULT"
I/PackageManager( 1673):   Scheme: "mailto"
I/PackageManager( 1673): Adding preferred activity ComponentInfo{com.htc.android.mail/com.htc.android.mail.ComposeActivity}:
I/PackageManager( 1673):   Action: "android.intent.action.VIEW"
I/PackageManager( 1673):   Action: "android.intent.action.SENDTO"
I/PackageManager( 1673):   Category: "android.intent.category.DEFAULT"
I/PackageManager( 1673):   Category: "android.intent.category.BROWSABLE"
I/PackageManager( 1673):   Scheme: "mailto"
D/HtcAppAssociationsUtils (Dispatcher)(16308):  @@@@@ getPreferredActivity():      return package=com.htc.android.mail/com.htc.android.mail.ComposeActivity
I/HtcAppAssociationsUtils (Dispatcher)(16308):  @@@@@ getPreferredActivity(): Enter.
I/HtcAppAssociationsUtils (Dispatcher)(16308):  @@@@@ getPreferredActivity():      category=Web category
I/HtcAppAssociationsUtils (Dispatcher)(16308):  @@@@@ getPreferredActivity():      add=true
I/PackageManager( 1673): Adding preferred activity ComponentInfo{com.htc.android.mail/com.htc.android.mail.ComposeActivity}:
D/Database(16531): dbclose(): path = /data/data/com.onavo.android.onavoid/databases/exception_stacks, handle = 0x3488c8
D/Database(16531): dbopen(): path = /data/data/com.onavo.android.onavoid/databases/exception_stacks, flag = 6, file size = 52224
D/HtcAppAssociationsUtils (Dispatcher)(16308):  @@@@@ getPreferredActivity():      Go DB ------
D/Database(16531): dbopen(): path = /data/data/com.onavo.android.onavoid/databases/exception_stacks, mode: wal, disk free size: 2000 M, handle: 0x3b3868
D/Database(16531): dbclose(): path = /data/data/com.onavo.android.onavoid/databases/exception_stacks, handle = 0x3b3868
D/Database(16531): dbopen(): path = /data/data/com.onavo.android.onavoid/databases/exception_stacks, flag = 6, file size = 52224
D/Database(16531): dbopen(): path = /data/data/com.onavo.android.onavoid/databases/exception_stacks, mode: wal, disk free size: 2000 M, handle: 0x3488c8
I/PackageManager( 1673):   Action: "android.intent.action.VIEW"
I/PackageManager( 1673):   Category: "android.intent.category.DEFAULT"
I/PackageManager( 1673):   Category: "android.intent.category.BROWSABLE"
I/PackageManager( 1673):   Scheme: "http"
I/PackageManager( 1673):   Scheme: "https"
D/HtcAppAssociationsUtils (Dispatcher)(16308):  @@@@@ getPreferredActivity():      return package=com.android.browser/com.android.browser.BrowserActivity
D/HtcLinkifyDispatcherIntentService(16308):  @@@@@ receive package action.
I/HtcLinkifyDispatcherIntentService(16308):  @@@@@ action for package=android.intent.action.PACKAGE_ADDED
I/HtcLinkifyDispatcherIntentService(16308):  @@@@@ package name=com.example.hellojni
I/HtcAppAssociationsUtils (Dispatcher)(16308):  @@@@@ getPreferredActivity(): Enter.
I/HtcAppAssociationsUtils (Dispatcher)(16308):  @@@@@ getPreferredActivity():      category=Video category
I/HtcAppAssociationsUtils (Dispatcher)(16308):  @@@@@ getPreferredActivity():      add=true
I/PackageManager( 1673): Adding preferred activity ComponentInfo{com.android.browser/com.android.browser.BrowserActivity}:
D/Database(16531): dbclose(): path = /data/data/com.onavo.android.onavoid/databases/exception_stacks, handle = 0x3488c8
D/Database(16531): dbopen(): path = /data/data/com.onavo.android.onavoid/databases/exception_stacks, flag = 6, file size = 52224
D/Database(16531): dbopen(): path = /data/data/com.onavo.android.onavoid/databases/exception_stacks, mode: wal, disk free size: 2000 M, handle: 0x3b3868
D/HtcAppAssociationsUtils (Dispatcher)(16308):  @@@@@ getPreferredActivity():      Go DB ------
D/Database(16531): dbclose(): path = /data/data/com.onavo.android.onavoid/databases/exception_stacks, handle = 0x3b3868
D/Database(16531): dbopen(): path = /data/data/com.onavo.android.onavoid/databases/exception_stacks, flag = 6, file size = 52224
D/Database(16531): dbopen(): path = /data/data/com.onavo.android.onavoid/databases/exception_stacks, mode: wal, disk free size: 2000 M, handle: 0x3488c8
I/PackageManager( 1673):   Action: "android.intent.action.VIEW"
I/PackageManager( 1673):   Category: "android.intent.category.DEFAULT"
I/PackageManager( 1673):   Scheme: "http"
I/PackageManager( 1673):   Type: "audio"
I/PackageManager( 1673):   mPriority=0, mHasPartialTypes=true
I/PackageManager( 1673): Adding preferred activity ComponentInfo{com.htc.streamplayer/com.htc.streamplayer.VideoPlayerActivity}:
I/PackageManager( 1673):   Action: "android.intent.action.VIEW"
I/PackageManager( 1673):   Category: "android.intent.category.DEFAULT"
I/PackageManager( 1673):   Category: "android.intent.category.BROWSABLE"
I/PackageManager( 1673):   Scheme: "http"
I/PackageManager( 1673):   Type: "audio"
I/PackageManager( 1673):   mPriority=0, mHasPartialTypes=true
D/Database(16531): dbclose(): path = /data/data/com.onavo.android.onavoid/databases/exception_stacks, handle = 0x3488c8
I/PackageManager( 1673): Adding preferred activity ComponentInfo{com.htc.streamplayer/com.htc.streamplayer.VideoPlayerActivity}:
I/PackageManager( 1673):   Action: "android.intent.action.VIEW"
I/PackageManager( 1673):   Category: "android.intent.category.DEFAULT"
I/PackageManager( 1673):   Scheme: "rtsp"
I/PackageManager( 1673):   Action: "android.intent.action.VIEW"
I/PackageManager( 1673):   Category: "android.intent.category.DEFAULT"
I/PackageManager( 1673):   Category: "android.intent.category.BROWSABLE"
I/PackageManager( 1673):   Scheme: "rtsp"
I/PackageManager( 1673): Adding preferred activity ComponentInfo{com.htc.streamplayer/com.htc.streamplayer.VideoPlayerActivity}:
I/PackageManager( 1673): Adding preferred activity ComponentInfo{com.htc.streamplayer/com.htc.streamplayer.VideoPlayerActivity}:
D/Database(16531): dbopen(): path = /data/data/com.onavo.android.onavoid/databases/exception_stacks, flag = 6, file size = 52224
D/Database(16531): dbopen(): path = /data/data/com.onavo.android.onavoid/databases/exception_stacks, mode: wal, disk free size: 2000 M, handle: 0x3b3868
I/PackageManager( 1673):   Action: "android.intent.action.VIEW"
I/PackageManager( 1673):   Category: "android.intent.category.DEFAULT"
I/PackageManager( 1673):   Scheme: "http"
I/PackageManager( 1673):   Type: "video"
I/PackageManager( 1673):   mPriority=0, mHasPartialTypes=true
I/PackageManager( 1673):   Action: "android.intent.action.VIEW"
I/PackageManager( 1673):   Category: "android.intent.category.DEFAULT"
I/PackageManager( 1673):   Category: "android.intent.category.BROWSABLE"
I/PackageManager( 1673):   Scheme: "http"
I/PackageManager( 1673):   Type: "video"
I/PackageManager( 1673):   mPriority=0, mHasPartialTypes=true
D/HtcAppAssociationsUtils (Dispatcher)(16308):  @@@@@ getPreferredActivity():      return package=com.htc.streamplayer/com.htc.streamplayer.VideoPlayerActivity
I/HtcAppAssociationsUtils (Dispatcher)(16308):  @@@@@ getPreferredActivity(): Enter.
I/HtcAppAssociationsUtils (Dispatcher)(16308):  @@@@@ getPreferredActivity():      category=Audio category
I/HtcAppAssociationsUtils (Dispatcher)(16308):  @@@@@ getPreferredActivity():      add=true
I/PackageManager( 1673): Adding preferred activity ComponentInfo{com.htc.streamplayer/com.htc.streamplayer.VideoPlayerActivity}:
I/PackageManager( 1673): Adding preferred activity ComponentInfo{com.htc.streamplayer/com.htc.streamplayer.VideoPlayerActivity}:
D/HtcAppAssociationsUtils (Dispatcher)(16308):  @@@@@ getPreferredActivity():      Go DB ------
D/Database(16531): dbclose(): path = /data/data/com.onavo.android.onavoid/databases/exception_stacks, handle = 0x3b3868
I/PackageManager( 1673):   Action: "android.intent.action.VIEW"
I/PackageManager( 1673):   Category: "android.intent.category.DEFAULT"
I/PackageManager( 1673):   Scheme: "http"
I/PackageManager( 1673):   Type: "video"
I/PackageManager( 1673):   mPriority=0, mHasPartialTypes=true
I/PackageManager( 1673):   Action: "android.intent.action.VIEW"
I/PackageManager( 1673):   Category: "android.intent.category.DEFAULT"
I/PackageManager( 1673):   Category: "android.intent.category.BROWSABLE"
I/PackageManager( 1673):   Scheme: "http"
I/PackageManager( 1673):   Type: "video"
I/PackageManager( 1673):   mPriority=0, mHasPartialTypes=true
I/PackageManager( 1673): Adding preferred activity ComponentInfo{com.htc.streamplayer/com.htc.streamplayer.VideoPlayerActivity}:
I/PackageManager( 1673): Adding preferred activity ComponentInfo{com.htc.streamplayer/com.htc.streamplayer.VideoPlayerActivity}:
I/PackageManager( 1673):   Action: "android.intent.action.VIEW"
I/PackageManager( 1673):   Category: "android.intent.category.DEFAULT"
I/PackageManager( 1673):   Scheme: "rtsp"
I/PackageManager( 1673):   Action: "android.intent.action.VIEW"
I/PackageManager( 1673):   Category: "android.intent.category.DEFAULT"
I/PackageManager( 1673):   Category: "android.intent.category.BROWSABLE"
I/PackageManager( 1673):   Scheme: "rtsp"
I/PackageManager( 1673): Adding preferred activity ComponentInfo{com.htc.streamplayer/com.htc.streamplayer.VideoPlayerActivity}:
I/PackageManager( 1673): Adding preferred activity ComponentInfo{com.htc.streamplayer/com.htc.streamplayer.VideoPlayerActivity}:
I/PackageManager( 1673):   Action: "android.intent.action.VIEW"
I/PackageManager( 1673):   Category: "android.intent.category.DEFAULT"
I/PackageManager( 1673):   Scheme: "http"
I/PackageManager( 1673):   Type: "audio"
I/PackageManager( 1673):   mPriority=0, mHasPartialTypes=true
I/PackageManager( 1673):   Action: "android.intent.action.VIEW"
I/PackageManager( 1673):   Category: "android.intent.category.DEFAULT"
I/PackageManager( 1673):   Category: "android.intent.category.BROWSABLE"
I/PackageManager( 1673):   Scheme: "http"
I/PackageManager( 1673):   Type: "audio"
I/PackageManager( 1673):   mPriority=0, mHasPartialTypes=true
D/HtcAppAssociationsUtils (Dispatcher)(16308):  @@@@@ getPreferredActivity():      return package=com.htc.streamplayer/com.htc.streamplayer.VideoPlayerActivity
I/HtcAppAssociationsUtils (Dispatcher)(16308):  @@@@@ getPreferredActivity(): Enter.
I/HtcAppAssociationsUtils (Dispatcher)(16308):  @@@@@ getPreferredActivity():      category=Stream category
I/HtcAppAssociationsUtils (Dispatcher)(16308):  @@@@@ getPreferredActivity():      add=true
I/PackageManager( 1673): Adding preferred activity ComponentInfo{com.htc.streamplayer/com.htc.streamplayer.VideoPlayerActivity}:
I/PackageManager( 1673): Adding preferred activity ComponentInfo{com.htc.streamplayer/com.htc.streamplayer.VideoPlayerActivity}:
D/HtcAppAssociationsUtils (Dispatcher)(16308):  @@@@@ getPreferredActivity():      Go DB ------
I/PackageManager( 1673):   Action: "android.intent.action.VIEW"
I/PackageManager( 1673):   Category: "android.intent.category.DEFAULT"
I/PackageManager( 1673):   Scheme: "http"
I/PackageManager( 1673):   Type: "video"
I/PackageManager( 1673):   mPriority=0, mHasPartialTypes=true
I/PackageManager( 1673):   Action: "android.intent.action.VIEW"
I/PackageManager( 1673):   Category: "android.intent.category.DEFAULT"
I/PackageManager( 1673):   Category: "android.intent.category.BROWSABLE"
I/PackageManager( 1673):   Scheme: "http"
I/PackageManager( 1673):   Type: "video"
I/PackageManager( 1673):   mPriority=0, mHasPartialTypes=true
I/PackageManager( 1673): Adding preferred activity ComponentInfo{com.htc.streamplayer/com.htc.streamplayer.VideoPlayerActivity}:
I/PackageManager( 1673): Adding preferred activity ComponentInfo{com.htc.streamplayer/com.htc.streamplayer.VideoPlayerActivity}:
I/PackageManager( 1673):   Action: "android.intent.action.VIEW"
I/PackageManager( 1673):   Category: "android.intent.category.DEFAULT"
I/PackageManager( 1673):   Scheme: "http"
I/PackageManager( 1673):   Type: "audio"
I/PackageManager( 1673):   mPriority=0, mHasPartialTypes=true
I/PackageManager( 1673):   Action: "android.intent.action.VIEW"
I/PackageManager( 1673):   Category: "android.intent.category.DEFAULT"
I/PackageManager( 1673):   Category: "android.intent.category.BROWSABLE"
I/PackageManager( 1673):   Scheme: "http"
I/PackageManager( 1673):   Type: "audio"
I/PackageManager( 1673):   mPriority=0, mHasPartialTypes=true
I/PackageManager( 1673): Adding preferred activity ComponentInfo{com.htc.streamplayer/com.htc.streamplayer.VideoPlayerActivity}:
I/PackageManager( 1673): Adding preferred activity ComponentInfo{com.htc.streamplayer/com.htc.streamplayer.VideoPlayerActivity}:
I/PackageManager( 1673):   Action: "android.intent.action.VIEW"
I/PackageManager( 1673):   Category: "android.intent.category.DEFAULT"
I/PackageManager( 1673):   Scheme: "rtsp"
I/PackageManager( 1673):   Action: "android.intent.action.VIEW"
I/PackageManager( 1673):   Category: "android.intent.category.DEFAULT"
I/PackageManager( 1673):   Category: "android.intent.category.BROWSABLE"
I/PackageManager( 1673):   Scheme: "rtsp"
