D/UDP-TIMING(17673): 4960 0 0.182732000
D/UDP-TIMING(17673): 4961 0 0.172577000
D/UDP-TIMING(17673): 4962 0 0.162395000
D/UDP-TIMING(17673): 4963 0 0.181921000
D/UDP-TIMING(17673): 4964 0 0.171750000
D/UDP-TIMING(17673): 4965 0 0.191677000
D/UDP-TIMING(17673): 4966 0 0.181547000
D/UDP-TIMING(17673): 4967 0 0.171365000
D/UDP-TIMING(17673): 4968 0 0.161198000
D/UDP-TIMING(17673): 4969 0 0.181200000
D/UDP-TIMING(17673): 4970 0 0.171019000
D/UDP-TIMING(17673): 4971 0 0.162157000
D/UDP-TIMING(17673): 4972 0 0.180333000
D/UDP-TIMING(17673): 4973 0 0.170162000
D/UDP-TIMING(17673): 4974 0 0.190425000
D/UDP-TIMING(17673): 4975 0 0.180278000
D/UDP-TIMING(17673): 4976 0 0.170104000
D/UDP-TIMING(17673): 4977 0 0.189612000
D/UDP-TIMING(17673): 4978 0 0.179492000
D/UDP-TIMING(17673): 4979 0 0.169325000
D/UDP-TIMING(17673): 4980 0 0.189512000
D/UDP-TIMING(17673): 4981 0 0.179334000
D/UDP-TIMING(17673): 4982 0 0.169163000
D/UDP-TIMING(17673): 4983 0 0.188660000
D/UDP-TIMING(17673): 4984 0 0.178489000
D/UDP-TIMING(17673): 4985 0 0.168349000
D/UDP-TIMING(17673): 4986 0 0.188558000
D/UDP-TIMING(17673): 4987 0 0.178382000
D/UDP-TIMING(17673): 4988 0 0.168216000
D/UDP-TIMING(17673): 4989 0 0.187988000
D/UDP-TIMING(17673): 4990 0 0.177817000
D/UDP-TIMING(17673): 4991 0 0.167665000
D/UDP-TIMING(17673): 4992 0 0.187489000
D/UDP-TIMING(17673): 4993 0 0.177310000
D/UDP-TIMING(17673): 4994 0 0.167134000
D/UDP-TIMING(17673): 4995 0 0.186625000
D/UDP-TIMING(17673): 4996 0 0.176473000
D/UDP-TIMING(17673): 4997 0 0.166333000
D/UDP-TIMING(17673): 4998 0 0.186860000
D/UDP-TIMING(17673): 4999 0 0.176678000
D/UDP-TIMING(17673): 5000 0 0.166491000
D/UDP-TIMING(17673): 5001 0 0.185583000
D/UDP-TIMING(17673): 5002 0 0.175406000
D/UDP-TIMING(17673): 5003 0 0.165230000
D/UDP-TIMING(17673): 5004 0 0.185126000
D/UDP-TIMING(17673): 5005 0 0.174980000
D/UDP-TIMING(17673): 5006 0 0.164802000
E/TrafficStats( 1673): [QCTMM]tryAll index=0
E/TrafficStats( 1673): [QCTMM]tryAll index=1
E/TrafficStats( 1673): [QCTMM]tryAll index=2
E/TrafficStats( 1673): [QCTMM]tryAll index=0
E/TrafficStats( 1673): [QCTMM]tryAll index=1
E/TrafficStats( 1673): [QCTMM]tryAll index=2
D/DATA    ( 1860): sentSinceLastRecv=0,watchdogTrigger=10,maxindex=0
D/UDP-TIMING(17673): 5007 0 0.185323000
D/UDP-TIMING(17673): 5008 0 0.175171000
D/UDP-TIMING(17673): 5009 0 0.164991000
D/UDP-TIMING(17673): 5010 0 0.184082000
D/UDP-TIMING(17673): 5011 0 0.173914000
D/UDP-TIMING(17673): 5012 0 0.163766000
D/UDP-TIMING(17673): 5013 0 0.183779000
D/UDP-TIMING(17673): 5014 0 0.173637000
D/UDP-TIMING(17673): 5015 0 0.163475000
D/UDP-TIMING(17673): 5016 0 0.183056000
D/UDP-TIMING(17673): 5017 0 0.172885000
D/UDP-TIMING(17673): 5018 0 0.162706000
D/UDP-TIMING(17673): 5019 0 0.182802000
D/UDP-TIMING(17673): 5020 0 0.172616000
D/UDP-TIMING(17673): 5021 0 0.162454000
D/UDP-TIMING(17673): 5022 0 0.181970000
D/UDP-TIMING(17673): 5023 0 0.171809000
D/UDP-TIMING(17673): 5024 0 0.191902000
D/UDP-TIMING(17673): 5025 0 0.181779000
D/UDP-TIMING(17673): 5026 0 0.171615000
D/UDP-TIMING(17673): 5027 0 0.163021000
D/UDP-TIMING(17673): 5028 0 0.180985000
D/UDP-TIMING(17673): 5029 0 0.170802000
D/UDP-TIMING(17673): 5030 0 0.190871000
D/UDP-TIMING(17673): 5031 0 0.180698000
D/UDP-TIMING(17673): 5032 0 0.170514000
D/UDP-TIMING(17673): 5033 0 0.190073000
D/UDP-TIMING(17673): 5034 0 0.179905000
D/UDP-TIMING(17673): 5035 0 0.169737000
D/UDP-TIMING(17673): 5036 0 0.189828000
D/UDP-TIMING(17673): 5037 0 0.179679000
D/UDP-TIMING(17673): 5038 0 0.169491000
D/UDP-TIMING(17673): 5039 0 0.189124000
D/UDP-TIMING(17673): 5040 0 0.178945000
D/UDP-TIMING(17673): 5041 0 0.168765000
D/UDP-TIMING(17673): 5042 0 0.188488000
D/UDP-TIMING(17673): 5043 0 0.178342000
D/UDP-TIMING(17673): 5044 0 0.168132000
D/UDP-TIMING(17673): 5045 0 0.188333000
D/UDP-TIMING(17673): 5046 0 0.178168000
D/UDP-TIMING(17673): 5047 0 0.167999000
D/UDP-TIMING(17673): 5048 0 0.187454000
D/UDP-TIMING(17673): 5049 0 0.177292000
D/UDP-TIMING(17673): 5050 0 0.167139000
D/UDP-TIMING(17673): 5051 0 0.187294000
D/UDP-TIMING(17673): 5052 0 0.177116000
D/UDP-TIMING(17673): 5053 0 0.166979000
D/UDP-TIMING(17673): 5054 0 0.186465000
D/UDP-TIMING(17673): 5055 0 0.176302000
D/UDP-TIMING(17673): 5056 0 0.166162000
D/UDP-TIMING(17673): 5057 0 0.186322000
D/UDP-TIMING(17673): 5058 0 0.176141000
D/UDP-TIMING(17673): 5059 0 0.165963000
D/UDP-TIMING(17673): 5060 0 0.185081000
D/UDP-TIMING(17673): 5061 0 0.174927000
D/UDP-TIMING(17673): 5062 0 0.164749000
D/UDP-TIMING(17673): 5063 0 0.185521000
D/UDP-TIMING(17673): 5064 0 0.175351000
D/UDP-TIMING(17673): 5065 0 0.165186000
D/UDP-TIMING(17673): 5066 0 0.184371000
D/UDP-TIMING(17673): 5067 0 0.174200000
D/UDP-TIMING(17673): 5068 0 0.164042000
D/UDP-TIMING(17673): 5069 0 0.184197000
D/UDP-TIMING(17673): 5070 0 0.174018000
D/UDP-TIMING(17673): 5071 0 0.163837000
D/UDP-TIMING(17673): 5072 0 0.183662000
D/UDP-TIMING(17673): 5073 0 0.173523000
D/UDP-TIMING(17673): 5074 0 0.163361000
D/UDP-TIMING(17673): 5075 0 0.183144000
D/UDP-TIMING(17673): 5076 0 0.172994000
D/UDP-TIMING(17673): 5077 0 0.162812000
D/UDP-TIMING(17673): 5078 0 0.182256000
D/UDP-TIMING(17673): 5079 0 0.172075000
D/UDP-TIMING(17673): 5080 0 0.161921000
D/UDP-TIMING(17673): 5081 0 0.181715000
D/UDP-TIMING(17673): 5082 0 0.171541000
D/UDP-TIMING(17673): 5083 0 0.161378000
D/UDP-TIMING(17673): 5084 0 0.181557000
D/UDP-TIMING(17673): 5085 0 0.171410000
D/UDP-TIMING(17673): 5086 0 0.161221000
D/UDP-TIMING(17673): 5087 0 0.180686000
D/UDP-TIMING(17673): 5088 0 0.170532000
D/UDP-TIMING(17673): 5089 0 0.190718000
D/UDP-TIMING(17673): 5090 0 0.180546000
D/UDP-TIMING(17673): 5091 0 0.170363000
D/UDP-TIMING(17673): 5092 0 0.187884000
D/UDP-TIMING(17673): 5093 0 0.177706000
D/UDP-TIMING(17673): 5094 0 0.167563000
D/UDP-TIMING(17673): 5095 0 0.187726000
D/UDP-TIMING(17673): 5096 0 0.177542000
D/UDP-TIMING(17673): 5097 0 0.167361000
D/UDP-TIMING(17673): 5098 0 0.186752000
D/UDP-TIMING(17673): 5099 0 0.176574000
D/UDP-TIMING(17673): 5100 0 0.196782000
D/UDP-TIMING(17673): 5101 0 0.186644000
D/UDP-TIMING(17673): 5102 0 0.176466000
D/UDP-TIMING(17673): 5103 0 0.166283000
D/UDP-TIMING(17673): 5104 0 0.186207000
D/UDP-TIMING(17673): 5105 0 0.176025000
D/UDP-TIMING(17673): 5106 0 0.165845000
E/TrafficStats( 1673): [QCTMM]tryAll index=0
E/TrafficStats( 1673): [QCTMM]tryAll index=1
E/TrafficStats( 1673): [QCTMM]tryAll index=2
E/TrafficStats( 1673): [QCTMM]tryAll index=0
E/TrafficStats( 1673): [QCTMM]tryAll index=1
E/TrafficStats( 1673): [QCTMM]tryAll index=2
D/DATA    ( 1860): sentSinceLastRecv=0,watchdogTrigger=10,maxindex=0
D/UDP-TIMING(17673): 5107 0 0.185971000
D/UDP-TIMING(17673): 5108 0 0.175817000
D/UDP-TIMING(17673): 5109 0 0.165634000
D/UDP-TIMING(17673): 5110 0 0.184681000
D/UDP-TIMING(17673): 5111 0 0.174502000
D/UDP-TIMING(17673): 5112 0 0.164331000
D/UDP-TIMING(17673): 5113 0 0.184407000
D/UDP-TIMING(17673): 5114 0 0.174254000
D/UDP-TIMING(17673): 5115 0 0.164099000
D/UDP-TIMING(17673): 5116 0 0.183687000
D/UDP-TIMING(17673): 5117 0 0.173499000
D/UDP-TIMING(17673): 5118 0 0.163320000
D/UDP-TIMING(17673): 5119 0 0.183081000
D/UDP-TIMING(17673): 5120 0 0.172893000
D/UDP-TIMING(17673): 5121 0 0.162739000
D/UDP-TIMING(17673): 5122 0 0.182847000
D/UDP-TIMING(17673): 5123 0 0.172669000
D/UDP-TIMING(17673): 5124 0 0.162506000
D/UDP-TIMING(17673): 5125 0 0.182086000
D/UDP-TIMING(17673): 5126 0 0.171906000
D/UDP-TIMING(17673): 5127 0 0.161772000
D/UDP-TIMING(17673): 5128 0 0.181987000
D/UDP-TIMING(17673): 5129 0 0.171805000
D/UDP-TIMING(17673): 5130 0 0.161627000
D/UDP-TIMING(17673): 5131 0 0.181051000
D/UDP-TIMING(17673): 5132 0 0.170887000
D/UDP-TIMING(17673): 5133 0 0.191110000
D/UDP-TIMING(17673): 5134 0 0.180941000
D/UDP-TIMING(17673): 5135 0 0.170754000
D/UDP-TIMING(17673): 5136 0 0.162307000
D/UDP-TIMING(17673): 5137 0 0.180023000
D/UDP-TIMING(17673): 5138 0 0.169845000
D/UDP-TIMING(17673): 5139 0 0.190153000
D/UDP-TIMING(17673): 5140 0 0.180035000
D/UDP-TIMING(17673): 5141 0 0.169856000
D/UDP-TIMING(17673): 5142 0 0.161242000
D/UDP-TIMING(17673): 5143 0 0.179159000
D/UDP-TIMING(17673): 5144 0 0.169011000
D/UDP-TIMING(17673): 5145 0 0.189567000
D/UDP-TIMING(17673): 5146 0 0.179391000
D/UDP-TIMING(17673): 5147 0 0.169207000
D/UDP-TIMING(17673): 5148 0 0.188328000
D/UDP-TIMING(17673): 5149 0 0.178160000
D/UDP-TIMING(17673): 5150 0 0.168003000
D/UDP-TIMING(17673): 5151 0 0.188092000
D/UDP-TIMING(17673): 5152 0 0.177928000
D/UDP-TIMING(17673): 5153 0 0.167799000
D/UDP-TIMING(17673): 5154 0 0.187281000
D/UDP-TIMING(17673): 5155 0 0.177101000
D/UDP-TIMING(17673): 5156 0 0.167001000
D/UDP-TIMING(17673): 5157 0 0.186870000
D/UDP-TIMING(17673): 5158 0 0.176778000
D/UDP-TIMING(17673): 5159 0 0.166717000
D/UDP-TIMING(17673): 5160 0 0.186810000
D/UDP-TIMING(17673): 5161 0 0.176705000
D/UDP-TIMING(17673): 5162 0 0.166603000
D/UDP-TIMING(17673): 5163 0 0.186272000
D/UDP-TIMING(17673): 5164 0 0.176129000
D/UDP-TIMING(17673): 5165 0 0.165982000
D/UDP-TIMING(17673): 5166 0 0.186042000
D/UDP-TIMING(17673): 5167 0 0.175971000
D/UDP-TIMING(17673): 5168 0 0.165874000
D/UDP-TIMING(17673): 5169 0 0.185437000
D/UDP-TIMING(17673): 5170 0 0.175317000
D/UDP-TIMING(17673): 5171 0 0.195613000
D/UDP-TIMING(17673): 5172 0 0.185551000
D/UDP-TIMING(17673): 5173 0 0.175432000
D/UDP-TIMING(17673): 5174 0 0.165226000
D/UDP-TIMING(17673): 5175 0 0.184148000
D/UDP-TIMING(17673): 5176 0 0.174101000
D/UDP-TIMING(17673): 5177 0 0.164002000
D/UDP-TIMING(17673): 5178 0 0.184381000
D/UDP-TIMING(17673): 5179 0 0.174254000
D/UDP-TIMING(17673): 5180 0 0.164122000
D/UDP-TIMING(17673): 5181 0 0.183991000
D/UDP-TIMING(17673): 5182 0 0.173827000
D/UDP-TIMING(17673): 5183 0 0.163679000
D/UDP-TIMING(17673): 5184 0 0.183857000
D/UDP-TIMING(17673): 5185 0 0.173722000
D/UDP-TIMING(17673): 5186 0 0.193249000
D/UDP-TIMING(17673): 5187 0 0.183087000
D/UDP-TIMING(17673): 5188 0 0.172939000
D/UDP-TIMING(17673): 5189 0 0.162756000
D/UDP-TIMING(17673): 5190 0 0.182878000
D/UDP-TIMING(17673): 5191 0 0.172697000
D/UDP-TIMING(17673): 5192 0 0.162508000
D/UDP-TIMING(17673): 5193 0 0.181964000
D/UDP-TIMING(17673): 5194 0 0.171688000
D/UDP-TIMING(17673): 5195 0 0.161617000
D/UDP-TIMING(17673): 5196 0 0.181530000
D/UDP-TIMING(17673): 5197 0 0.171391000
D/UDP-TIMING(17673): 5198 0 0.161225000
D/UDP-TIMING(17673): 5199 0 0.181152000
D/UDP-TIMING(17673): 5200 0 0.171004000
D/UDP-TIMING(17673): 5201 0 0.163543000
D/UDP-TIMING(17673): 5202 0 0.180409000
D/UDP-TIMING(17673): 5203 0 0.170312000
D/UDP-TIMING(17673): 5204 0 0.190441000
D/UDP-TIMING(17673): 5205 0 0.180357000
E/TrafficStats( 1673): [QCTMM]tryAll index=0
E/TrafficStats( 1673): [QCTMM]tryAll index=1
E/TrafficStats( 1673): [QCTMM]tryAll index=2
E/TrafficStats( 1673): [QCTMM]tryAll index=0
E/TrafficStats( 1673): [QCTMM]tryAll index=1
E/TrafficStats( 1673): [QCTMM]tryAll index=2
D/DATA    ( 1860): sentSinceLastRecv=0,watchdogTrigger=10,maxindex=0
D/UDP-TIMING(17673): 5206 0 0.200644000
D/UDP-TIMING(17673): 5207 0 0.190533000
D/UDP-TIMING(17673): 5208 0 0.180409000
D/UDP-TIMING(17673): 5209 0 0.170232000
D/UDP-TIMING(17673): 5210 0 0.189694000
D/UDP-TIMING(17673): 5211 0 0.179601000
D/UDP-TIMING(17673): 5212 0 0.169477000
D/UDP-TIMING(17673): 5213 0 0.189003000
D/UDP-TIMING(17673): 5214 0 0.178887000
D/UDP-TIMING(17673): 5215 0 0.168827000
D/UDP-TIMING(17673): 5216 0 0.189044000
D/UDP-TIMING(17673): 5217 0 0.178933000
D/UDP-TIMING(17673): 5218 0 0.168749000
D/UDP-TIMING(17673): 5219 0 0.188591000
D/UDP-TIMING(17673): 5220 0 0.178410000
D/UDP-TIMING(17673): 5221 0 0.168215000
D/UDP-TIMING(17673): 5222 0 0.188097000
D/UDP-TIMING(17673): 5223 0 0.177977000
D/UDP-TIMING(17673): 5224 0 0.167805000
D/UDP-TIMING(17673): 5225 0 0.187271000
D/UDP-TIMING(17673): 5226 0 0.177095000
D/UDP-TIMING(17673): 5227 0 0.166937000
D/UDP-TIMING(17673): 5228 0 0.186970000
D/UDP-TIMING(17673): 5229 0 0.176783000
D/UDP-TIMING(17673): 5230 0 0.166632000
D/UDP-TIMING(17673): 5231 0 0.186180000
D/UDP-TIMING(17673): 5232 0 0.175995000
D/UDP-TIMING(17673): 5233 0 0.165816000
D/UDP-TIMING(17673): 5234 0 0.185848000
D/UDP-TIMING(17673): 5235 0 0.175753000
D/UDP-TIMING(17673): 5236 0 0.165586000
D/UDP-TIMING(17673): 5237 0 0.185618000
D/UDP-TIMING(17673): 5238 0 0.175440000
D/UDP-TIMING(17673): 5239 0 0.165262000
D/UDP-TIMING(17673): 5240 0 0.184778000
D/UDP-TIMING(17673): 5241 0 0.174615000
D/UDP-TIMING(17673): 5242 0 0.164433000
D/UDP-TIMING(17673): 5243 0 0.184576000
D/UDP-TIMING(17673): 5244 0 0.174399000
D/UDP-TIMING(17673): 5245 0 0.164270000
D/UDP-TIMING(17673): 5246 0 0.183706000
D/UDP-TIMING(17673): 5247 0 0.173559000
D/UDP-TIMING(17673): 5248 0 0.163376000
D/UDP-TIMING(17673): 5249 0 0.183566000
D/UDP-TIMING(17673): 5250 0 0.173385000
D/UDP-TIMING(17673): 5251 0 0.163203000
D/UDP-TIMING(17673): 5252 0 0.182607000
D/UDP-TIMING(17673): 5253 0 0.172471000
D/UDP-TIMING(17673): 5254 0 0.162345000
D/UDP-TIMING(17673): 5255 0 0.182541000
D/UDP-TIMING(17673): 5256 0 0.172358000
D/UDP-TIMING(17673): 5257 0 0.162181000
D/UDP-TIMING(17673): 5258 0 0.181616000
D/UDP-TIMING(17673): 5259 0 0.171467000
D/UDP-TIMING(17673): 5260 0 0.161291000
E/TrafficStats(17681): [QCTMM]tryAll index=0
E/TrafficStats(17681): [QCTMM]tryAll index=1
E/TrafficStats(17681): [QCTMM]tryAll index=2
E/TrafficStats(17681): [QCTMM]tryAll index=0
E/TrafficStats(17681): [QCTMM]tryAll index=1
D/UDP-TIMING(17673): 5261 0 0.183248000
D/UDP-TIMING(17673): 5262 0 0.173071000
D/UDP-TIMING(17673): 5263 0 0.163010000
E/TrafficStats(17681): [QCTMM]tryAll index=2
E/TrafficStats(17681): [QCTMM]tryAll index=0
E/TrafficStats(17681): [QCTMM]tryAll index=1
E/TrafficStats(17681): [QCTMM]tryAll index=2
D/UDP-TIMING(17673): 5264 0 0.181044000
D/UDP-TIMING(17673): 5265 0 0.170883000
D/UDP-TIMING(17673): 5266 0 0.164530000
E/TrafficStats(17681): [QCTMM]tryAll index=0
E/TrafficStats(17681): [QCTMM]tryAll index=1
E/TrafficStats(17681): [QCTMM]tryAll index=2
D/UDP-TIMING(17673): 5267 0 0.179471000
D/UDP-TIMING(17673): 5268 0 0.169271000
D/UDP-TIMING(17673): 5269 0 0.189219000
D/UDP-TIMING(17673): 5270 0 0.179004000
D/UDP-TIMING(17673): 5271 0 0.168834000
D/UDP-TIMING(17673): 5272 0 0.188677000
D/UDP-TIMING(17673): 5273 0 0.178434000
D/UDP-TIMING(17673): 5274 0 0.168223000
D/UDP-TIMING(17673): 5275 0 0.188510000
D/UDP-TIMING(17673): 5276 0 0.178305000
D/UDP-TIMING(17673): 5277 0 0.168057000
D/UDP-TIMING(17673): 5278 0 0.187479000
D/UDP-TIMING(17673): 5279 0 0.177243000
D/UDP-TIMING(17673): 5280 0 0.167012000
D/UDP-TIMING(17673): 5281 0 0.186916000
D/UDP-TIMING(17673): 5282 0 0.176708000
D/UDP-TIMING(17673): 5283 0 0.166487000
D/UDP-TIMING(17673): 5284 0 0.186019000
D/UDP-TIMING(17673): 5285 0 0.175719000
D/UDP-TIMING(17673): 5286 0 0.165470000
D/UDP-TIMING(17673): 5287 0 0.185492000
D/UDP-TIMING(17673): 5288 0 0.175271000
D/UDP-TIMING(17673): 5289 0 0.164975000
D/UDP-TIMING(17673): 5290 0 0.184391000
D/UDP-TIMING(17673): 5291 0 0.174146000
D/UDP-TIMING(17673): 5292 0 0.163898000
D/UDP-TIMING(17673): 5293 0 0.183961000
D/UDP-TIMING(17673): 5294 0 0.173835000
D/UDP-TIMING(17673): 5295 0 0.193396000
D/UDP-TIMING(17673): 5296 0 0.183160000
D/UDP-TIMING(17673): 5297 0 0.172958000
D/UDP-TIMING(17673): 5298 0 0.162678000
D/UDP-TIMING(17673): 5299 0 0.183013000
D/UDP-TIMING(17673): 5300 0 0.172820000
D/UDP-TIMING(17673): 5301 0 0.162608000
D/UDP-TIMING(17673): 5302 0 0.181720000
D/UDP-TIMING(17673): 5303 0 0.171439000
D/UDP-TIMING(17673): 5304 0 0.161212000
E/TrafficStats( 1673): [QCTMM]tryAll index=0
D/UDP-TIMING(17673): 5305 0 0.181001000
D/UDP-TIMING(17673): 5306 0 0.170761000
E/TrafficStats( 1673): [QCTMM]tryAll index=1
E/TrafficStats( 1673): [QCTMM]tryAll index=2
E/TrafficStats( 1673): [QCTMM]tryAll index=0
E/TrafficStats( 1673): [QCTMM]tryAll index=1
E/TrafficStats( 1673): [QCTMM]tryAll index=2
D/DATA    ( 1860): sentSinceLastRecv=0,watchdogTrigger=10,maxindex=0
D/UDP-TIMING(17673): 5307 0 0.191019000
D/UDP-TIMING(17673): 5308 0 0.180782000
D/UDP-TIMING(17673): 5309 0 0.170545000
D/UDP-TIMING(17673): 5310 0 0.189762000
D/UDP-TIMING(17673): 5311 0 0.179525000
D/UDP-TIMING(17673): 5312 0 0.169322000
D/UDP-TIMING(17673): 5313 0 0.189615000
D/UDP-TIMING(17673): 5314 0 0.179424000
D/UDP-TIMING(17673): 5315 0 0.169214000
D/UDP-TIMING(17673): 5316 0 0.188411000
D/UDP-TIMING(17673): 5317 0 0.178185000
D/UDP-TIMING(17673): 5318 0 0.167949000
D/UDP-TIMING(17673): 5319 0 0.188078000
D/UDP-TIMING(17673): 5320 0 0.177863000
D/UDP-TIMING(17673): 5321 0 0.167617000
D/UDP-TIMING(17673): 5322 0 0.187007000
D/UDP-TIMING(17673): 5323 0 0.176762000
D/UDP-TIMING(17673): 5324 0 0.197031000
D/UDP-TIMING(17673): 5325 0 0.186785000
D/UDP-TIMING(17673): 5326 0 0.176494000
D/UDP-TIMING(17673): 5327 0 0.166263000
D/UDP-TIMING(17673): 5328 0 0.185632000
D/UDP-TIMING(17673): 5329 0 0.175399000
D/UDP-TIMING(17673): 5330 0 0.165194000
D/UDP-TIMING(17673): 5331 0 0.185252000
D/UDP-TIMING(17673): 5332 0 0.175010000
D/UDP-TIMING(17673): 5333 0 0.164809000
D/UDP-TIMING(17673): 5334 0 0.184233000
D/UDP-TIMING(17673): 5335 0 0.173994000
D/UDP-TIMING(17673): 5336 0 0.163785000
D/UDP-TIMING(17673): 5337 0 0.183882000
D/UDP-TIMING(17673): 5338 0 0.173641000
D/UDP-TIMING(17673): 5339 0 0.163432000
D/UDP-TIMING(17673): 5340 0 0.182768000
D/UDP-TIMING(17673): 5341 0 0.172521000
D/UDP-TIMING(17673): 5342 0 0.192358000
D/UDP-TIMING(17673): 5343 0 0.182148000
D/UDP-TIMING(17673): 5344 0 0.171908000
D/UDP-TIMING(17673): 5345 0 0.191883000
D/UDP-TIMING(17673): 5346 0 0.181647000
D/UDP-TIMING(17673): 5347 0 0.171437000
D/UDP-TIMING(17673): 5348 0 0.190955000
D/UDP-TIMING(17673): 5349 0 0.180715000
D/UDP-TIMING(17673): 5350 0 0.170476000
D/UDP-TIMING(17673): 5351 0 0.190483000
D/UDP-TIMING(17673): 5352 0 0.180288000
D/UDP-TIMING(17673): 5353 0 0.170041000
D/UDP-TIMING(17673): 5354 0 0.189253000
D/UDP-TIMING(17673): 5355 0 0.179018000
D/UDP-TIMING(17673): 5356 0 0.168810000
D/UDP-TIMING(17673): 5357 0 0.189102000
D/UDP-TIMING(17673): 5358 0 0.178897000
D/UDP-TIMING(17673): 5359 0 0.168658000
D/UDP-TIMING(17673): 5360 0 0.188051000
D/UDP-TIMING(17673): 5361 0 0.177813000
D/UDP-TIMING(17673): 5362 0 0.167657000
D/UDP-TIMING(17673): 5363 0 0.187731000
D/UDP-TIMING(17673): 5364 0 0.177524000
D/UDP-TIMING(17673): 5365 0 0.167286000
D/UDP-TIMING(17673): 5366 0 0.187106000
D/UDP-TIMING(17673): 5367 0 0.176901000
D/UDP-TIMING(17673): 5368 0 0.166662000
D/UDP-TIMING(17673): 5369 0 0.186364000
D/UDP-TIMING(17673): 5370 0 0.176126000
D/UDP-TIMING(17673): 5371 0 0.165924000
D/UDP-TIMING(17673): 5372 0 0.185302000
D/UDP-TIMING(17673): 5373 0 0.175158000
D/UDP-TIMING(17673): 5374 0 0.195193000
D/UDP-TIMING(17673): 5375 0 0.184968000
D/UDP-TIMING(17673): 5376 0 0.174762000
D/UDP-TIMING(17673): 5377 0 0.194218000
D/UDP-TIMING(17673): 5378 0 0.183978000
D/UDP-TIMING(17673): 5379 0 0.173773000
D/UDP-TIMING(17673): 5380 0 0.163532000
D/UDP-TIMING(17673): 5381 0 0.183259000
D/UDP-TIMING(17673): 5382 0 0.173028000
D/UDP-TIMING(17673): 5383 0 0.193256000
D/UDP-TIMING(17673): 5384 0 0.183009000
D/UDP-TIMING(17673): 5385 0 0.172768000
D/UDP-TIMING(17673): 5386 0 0.164158000
D/UDP-TIMING(17673): 5387 0 0.182053000
D/UDP-TIMING(17673): 5388 0 0.171857000
D/UDP-TIMING(17673): 5389 0 0.161657000
D/UDP-TIMING(17673): 5390 0 0.181761000
D/UDP-TIMING(17673): 5391 0 0.171564000
D/UDP-TIMING(17673): 5392 0 0.190959000
D/UDP-TIMING(17673): 5393 0 0.180726000
D/UDP-TIMING(17673): 5394 0 0.170556000
D/UDP-TIMING(17673): 5395 0 0.190639000
D/UDP-TIMING(17673): 5396 0 0.180426000
D/UDP-TIMING(17673): 5397 0 0.170180000
D/UDP-TIMING(17673): 5398 0 0.189581000
D/UDP-TIMING(17673): 5399 0 0.179334000
D/UDP-TIMING(17673): 5400 0 0.169087000
D/UDP-TIMING(17673): 5401 0 0.189264000
D/UDP-TIMING(17673): 5402 0 0.179096000
E/TrafficStats( 1673): [QCTMM]tryAll index=0
D/UDP-TIMING(17673): 5403 0 0.201064000
D/UDP-TIMING(17673): 5404 0 0.190826000
D/UDP-TIMING(17673): 5405 0 0.180582000
D/UDP-TIMING(17673): 5406 0 0.170374000
E/TrafficStats( 1673): [QCTMM]tryAll index=1
E/TrafficStats( 1673): [QCTMM]tryAll index=2
E/TrafficStats( 1673): [QCTMM]tryAll index=0
E/TrafficStats( 1673): [QCTMM]tryAll index=1
E/TrafficStats( 1673): [QCTMM]tryAll index=2
D/DATA    ( 1860): sentSinceLastRecv=0,watchdogTrigger=10,maxindex=0
D/UDP-TIMING(17673): 5407 0 0.188387000
D/UDP-TIMING(17673): 5408 0 0.178141000
D/UDP-TIMING(17673): 5409 0 0.167925000
D/UDP-TIMING(17673): 5410 0 0.186963000
D/UDP-TIMING(17673): 5411 0 0.176740000
D/UDP-TIMING(17673): 5412 0 0.166474000
D/UDP-TIMING(17673): 5413 0 0.186521000
D/UDP-TIMING(17673): 5414 0 0.176399000
D/UDP-TIMING(17673): 5415 0 0.166247000
D/UDP-TIMING(17673): 5416 0 0.185841000
D/UDP-TIMING(17673): 5417 0 0.175641000
D/UDP-TIMING(17673): 5418 0 0.165442000
D/UDP-TIMING(17673): 5419 0 0.185086000
D/UDP-TIMING(17673): 5420 0 0.174898000
D/UDP-TIMING(17673): 5421 0 0.164721000
D/UDP-TIMING(17673): 5422 0 0.184885000
D/UDP-TIMING(17673): 5423 0 0.174648000
D/UDP-TIMING(17673): 5424 0 0.164405000
D/UDP-TIMING(17673): 5425 0 0.183794000
D/UDP-TIMING(17673): 5426 0 0.173547000
D/UDP-TIMING(17673): 5427 0 0.193699000
D/UDP-TIMING(17673): 5428 0 0.183499000
D/UDP-TIMING(17673): 5429 0 0.173300000
D/UDP-TIMING(17673): 5430 0 0.163054000
D/UDP-TIMING(17673): 5431 0 0.182539000
D/UDP-TIMING(17673): 5432 0 0.172345000
D/UDP-TIMING(17673): 5433 0 0.162175000
D/UDP-TIMING(17673): 5434 0 0.182340000
D/UDP-TIMING(17673): 5435 0 0.172140000
D/UDP-TIMING(17673): 5436 0 0.161940000
D/UDP-TIMING(17673): 5437 0 0.181302000
D/UDP-TIMING(17673): 5438 0 0.171102000
D/UDP-TIMING(17673): 5439 0 0.160854000
D/UDP-TIMING(17673): 5440 0 0.181353000
D/UDP-TIMING(17673): 5441 0 0.171110000
D/UDP-TIMING(17673): 5442 0 0.190193000
D/UDP-TIMING(17673): 5443 0 0.179950000
D/UDP-TIMING(17673): 5444 0 0.169707000
D/UDP-TIMING(17673): 5445 0 0.161056000
D/UDP-TIMING(17673): 5446 0 0.179531000
D/UDP-TIMING(17673): 5447 0 0.169285000
D/UDP-TIMING(17673): 5448 0 0.188703000
D/UDP-TIMING(17673): 5449 0 0.178457000
D/UDP-TIMING(17673): 5450 0 0.168215000
D/UDP-TIMING(17673): 5451 0 0.188388000
D/UDP-TIMING(17673): 5452 0 0.178197000
D/UDP-TIMING(17673): 5453 0 0.168005000
D/UDP-TIMING(17673): 5454 0 0.187462000
D/UDP-TIMING(17673): 5455 0 0.177223000
D/UDP-TIMING(17673): 5456 0 0.167011000
D/UDP-TIMING(17673): 5457 0 0.186975000
D/UDP-TIMING(17673): 5458 0 0.176771000
D/UDP-TIMING(17673): 5459 0 0.166570000
D/UDP-TIMING(17673): 5460 0 0.186519000
D/UDP-TIMING(17673): 5461 0 0.176391000
D/UDP-TIMING(17673): 5462 0 0.166323000
D/UDP-TIMING(17673): 5463 0 0.185963000
D/UDP-TIMING(17673): 5464 0 0.175843000
D/UDP-TIMING(17673): 5465 0 0.165719000
D/UDP-TIMING(17673): 5466 0 0.185822000
D/UDP-TIMING(17673): 5467 0 0.175705000
D/UDP-TIMING(17673): 5468 0 0.165533000
D/UDP-TIMING(17673): 5469 0 0.185237000
D/UDP-TIMING(17673): 5470 0 0.175025000
D/UDP-TIMING(17673): 5471 0 0.164890000
D/UDP-TIMING(17673): 5472 0 0.184947000
D/UDP-TIMING(17673): 5473 0 0.174768000
D/UDP-TIMING(17673): 5474 0 0.164602000
D/UDP-TIMING(17673): 5475 0 0.184176000
D/UDP-TIMING(17673): 5476 0 0.174001000
D/UDP-TIMING(17673): 5477 0 0.163768000
D/UDP-TIMING(17673): 5478 0 0.183800000
D/UDP-TIMING(17673): 5479 0 0.173650000
D/UDP-TIMING(17673): 5480 0 0.163483000
D/UDP-TIMING(17673): 5481 0 0.183072000
D/UDP-TIMING(17673): 5482 0 0.172892000
D/UDP-TIMING(17673): 5483 0 0.162709000
D/UDP-TIMING(17673): 5484 0 0.182775000
D/UDP-TIMING(17673): 5485 0 0.172597000
D/UDP-TIMING(17673): 5486 0 0.162445000
D/UDP-TIMING(17673): 5487 0 0.181960000
D/UDP-TIMING(17673): 5488 0 0.171785000
D/UDP-TIMING(17673): 5489 0 0.162858000
D/UDP-TIMING(17673): 5490 0 0.181648000
D/UDP-TIMING(17673): 5491 0 0.171481000
D/UDP-TIMING(17673): 5492 0 0.191026000
D/UDP-TIMING(17673): 5493 0 0.180906000
D/UDP-TIMING(17673): 5494 0 0.170775000
D/UDP-TIMING(17673): 5495 0 0.190415000
D/UDP-TIMING(17673): 5496 0 0.180288000
D/UDP-TIMING(17673): 5497 0 0.170107000
D/UDP-TIMING(17673): 5498 0 0.190355000
D/UDP-TIMING(17673): 5499 0 0.180188000
D/UDP-TIMING(17673): 5500 0 0.170062000
D/UDP-TIMING(17673): 5501 0 0.162935000
D/UDP-TIMING(17673): 5502 0 0.179457000
D/UDP-TIMING(17673): 5503 0 0.169278000
D/UDP-TIMING(17673): 5504 0 0.189519000
D/UDP-TIMING(17673): 5505 0 0.179338000
E/TrafficStats( 1673): [QCTMM]tryAll index=0
E/TrafficStats( 1673): [QCTMM]tryAll index=1
E/TrafficStats( 1673): [QCTMM]tryAll index=2
D/UDP-TIMING(17673): 5506 0 0.169156000
E/TrafficStats( 1673): [QCTMM]tryAll index=0
E/TrafficStats( 1673): [QCTMM]tryAll index=1
E/TrafficStats( 1673): [QCTMM]tryAll index=2
D/DATA    ( 1860): sentSinceLastRecv=0,watchdogTrigger=10,maxindex=0
D/UDP-TIMING(17673): 5507 0 0.189217000
D/UDP-TIMING(17673): 5508 0 0.179035000
D/UDP-TIMING(17673): 5509 0 0.168908000
D/UDP-TIMING(17673): 5510 0 0.188704000
D/UDP-TIMING(17673): 5511 0 0.178624000
D/UDP-TIMING(17673): 5512 0 0.168489000
D/UDP-TIMING(17673): 5513 0 0.188305000
D/UDP-TIMING(17673): 5514 0 0.178156000
D/UDP-TIMING(17673): 5515 0 0.167972000
D/UDP-TIMING(17673): 5516 0 0.187826000
D/UDP-TIMING(17673): 5517 0 0.177651000
D/UDP-TIMING(17673): 5518 0 0.167470000
D/UDP-TIMING(17673): 5519 0 0.186981000
D/UDP-TIMING(17673): 5520 0 0.176865000
D/UDP-TIMING(17673): 5521 0 0.166723000
D/UDP-TIMING(17673): 5522 0 0.186676000
D/UDP-TIMING(17673): 5523 0 0.176490000
D/UDP-TIMING(17673): 5524 0 0.166307000
D/UDP-TIMING(17673): 5525 0 0.185765000
D/UDP-TIMING(17673): 5526 0 0.175693000
D/UDP-TIMING(17673): 5527 0 0.165573000
D/UDP-TIMING(17673): 5528 0 0.185972000
D/UDP-TIMING(17673): 5529 0 0.175091000
D/UDP-TIMING(17673): 5530 0 0.164960000
D/UDP-TIMING(17673): 5531 0 0.184299000
D/UDP-TIMING(17673): 5532 0 0.174154000
D/UDP-TIMING(17673): 5533 0 0.163969000
D/UDP-TIMING(17673): 5534 0 0.184084000
D/UDP-TIMING(17673): 5535 0 0.173899000
D/UDP-TIMING(17673): 5536 0 0.163709000
D/UDP-TIMING(17673): 5537 0 0.183502000
D/UDP-TIMING(17673): 5538 0 0.173319000
D/UDP-TIMING(17673): 5539 0 0.163175000
D/UDP-TIMING(17673): 5540 0 0.182806000
D/UDP-TIMING(17673): 5541 0 0.172674000
D/UDP-TIMING(17673): 5542 0 0.162495000
D/UDP-TIMING(17673): 5543 0 0.182529000
D/UDP-TIMING(17673): 5544 0 0.172342000
D/UDP-TIMING(17673): 5545 0 0.162251000
D/UDP-TIMING(17673): 5546 0 0.181827000
D/UDP-TIMING(17673): 5547 0 0.171644000
D/UDP-TIMING(17673): 5548 0 0.161524000
D/UDP-TIMING(17673): 5549 0 0.181586000
D/UDP-TIMING(17673): 5550 0 0.171490000
D/UDP-TIMING(17673): 5551 0 0.162567000
D/UDP-TIMING(17673): 5552 0 0.211178000
D/UDP-TIMING(17673): 5553 0 0.201021000
D/UDP-TIMING(17673): 5554 0 0.190724000
D/UDP-TIMING(17673): 5555 0 0.180606000
D/UDP-TIMING(17673): 5556 0 0.170437000
D/UDP-TIMING(17673): 5557 0 0.163824000
D/UDP-TIMING(17673): 5558 0 0.179797000
D/UDP-TIMING(17673): 5559 0 0.169647000
D/UDP-TIMING(17673): 5560 0 0.189697000
D/UDP-TIMING(17673): 5561 0 0.179507000
D/UDP-TIMING(17673): 5562 0 0.169346000
D/UDP-TIMING(17673): 5563 0 0.188978000
D/UDP-TIMING(17673): 5564 0 0.178714000
D/UDP-TIMING(17673): 5565 0 0.168526000
D/UDP-TIMING(17673): 5566 0 0.188604000
D/UDP-TIMING(17673): 5567 0 0.178423000
D/UDP-TIMING(17673): 5568 0 0.168330000
D/UDP-TIMING(17673): 5569 0 0.187996000
D/UDP-TIMING(17673): 5570 0 0.177894000
D/UDP-TIMING(17673): 5571 0 0.167816000
D/UDP-TIMING(17673): 5572 0 0.187540000
D/UDP-TIMING(17673): 5573 0 0.177366000
D/UDP-TIMING(17673): 5574 0 0.167199000
D/UDP-TIMING(17673): 5575 0 0.187428000
D/UDP-TIMING(17673): 5576 0 0.177303000
D/UDP-TIMING(17673): 5577 0 0.167112000
D/UDP-TIMING(17673): 5578 0 0.186566000
D/UDP-TIMING(17673): 5579 0 0.176385000
D/UDP-TIMING(17673): 5580 0 0.166287000
D/UDP-TIMING(17673): 5581 0 0.186452000
D/UDP-TIMING(17673): 5582 0 0.176271000
D/UDP-TIMING(17673): 5583 0 0.166080000
D/UDP-TIMING(17673): 5584 0 0.185524000
D/UDP-TIMING(17673): 5585 0 0.175338000
D/UDP-TIMING(17673): 5586 0 0.165186000
D/UDP-TIMING(17673): 5587 0 0.185699000
D/UDP-TIMING(17673): 5588 0 0.175574000
D/UDP-TIMING(17673): 5589 0 0.165419000
D/UDP-TIMING(17673): 5590 0 0.184580000
D/UDP-TIMING(17673): 5591 0 0.174438000
D/UDP-TIMING(17673): 5592 0 0.164296000
D/UDP-TIMING(17673): 5593 0 0.184481000
D/UDP-TIMING(17673): 5594 0 0.174290000
D/UDP-TIMING(17673): 5595 0 0.164112000
D/UDP-TIMING(17673): 5596 0 0.183900000
D/UDP-TIMING(17673): 5597 0 0.173725000
D/UDP-TIMING(17673): 5598 0 0.163548000
D/UDP-TIMING(17673): 5599 0 0.183339000
D/UDP-TIMING(17673): 5600 0 0.173172000
D/UDP-TIMING(17673): 5601 0 0.162987000
D/UDP-TIMING(17673): 5602 0 0.182430000
D/UDP-TIMING(17673): 5603 0 0.172240000
D/UDP-TIMING(17673): 5604 0 0.192442000
D/UDP-TIMING(17673): 5605 0 0.182250000
E/TrafficStats( 1673): [QCTMM]tryAll index=0
D/UDP-TIMING(17673): 5606 0 0.172072000
D/UDP-TIMING(17673): 5607 0 0.161979000
E/TrafficStats( 1673): [QCTMM]tryAll index=1
E/TrafficStats( 1673): [QCTMM]tryAll index=2
E/TrafficStats( 1673): [QCTMM]tryAll index=0
E/TrafficStats( 1673): [QCTMM]tryAll index=1
E/TrafficStats( 1673): [QCTMM]tryAll index=2
D/DATA    ( 1860): sentSinceLastRecv=0,watchdogTrigger=10,maxindex=0
D/UDP-TIMING(17673): 5608 0 0.181940000
D/UDP-TIMING(17673): 5609 0 0.171835000
D/UDP-TIMING(17673): 5610 0 0.161742000
D/UDP-TIMING(17673): 5611 0 0.181230000
D/UDP-TIMING(17673): 5612 0 0.171112000
D/UDP-TIMING(17673): 5613 0 0.160950000
D/UDP-TIMING(17673): 5614 0 0.180984000
D/UDP-TIMING(17673): 5615 0 0.170861000
D/UDP-TIMING(17673): 5616 0 0.162138000
D/UDP-TIMING(17673): 5617 0 0.180339000
D/UDP-TIMING(17673): 5618 0 0.170225000
D/UDP-TIMING(17673): 5619 0 0.161288000
D/UDP-TIMING(17673): 5620 0 0.180189000
D/UDP-TIMING(17673): 5621 0 0.170008000
D/UDP-TIMING(17673): 5622 0 0.189702000
D/UDP-TIMING(17673): 5623 0 0.179524000
D/UDP-TIMING(17673): 5624 0 0.169342000
D/UDP-TIMING(17673): 5625 0 0.189431000
D/UDP-TIMING(17673): 5626 0 0.179250000
D/UDP-TIMING(17673): 5627 0 0.169047000
D/UDP-TIMING(17673): 5628 0 0.188590000
D/UDP-TIMING(17673): 5629 0 0.178492000
D/UDP-TIMING(17673): 5630 0 0.168375000
D/UDP-TIMING(17673): 5631 0 0.188452000
D/UDP-TIMING(17673): 5632 0 0.178271000
D/UDP-TIMING(17673): 5633 0 0.168120000
D/UDP-TIMING(17673): 5634 0 0.187762000
D/UDP-TIMING(17673): 5635 0 0.177584000
D/UDP-TIMING(17673): 5636 0 0.167402000
D/UDP-TIMING(17673): 5637 0 0.187492000
D/UDP-TIMING(17673): 5638 0 0.177275000
D/UDP-TIMING(17673): 5639 0 0.167197000
D/UDP-TIMING(17673): 5640 0 0.186874000
D/UDP-TIMING(17673): 5641 0 0.176691000
D/UDP-TIMING(17673): 5642 0 0.166515000
D/UDP-TIMING(17673): 5643 0 0.186550000
D/UDP-TIMING(17673): 5644 0 0.176373000
D/UDP-TIMING(17673): 5645 0 0.166220000
D/UDP-TIMING(17673): 5646 0 0.185801000
D/UDP-TIMING(17673): 5647 0 0.175620000
D/UDP-TIMING(17673): 5648 0 0.165448000
D/UDP-TIMING(17673): 5649 0 0.185188000
D/UDP-TIMING(17673): 5650 0 0.175013000
D/UDP-TIMING(17673): 5651 0 0.164858000
D/UDP-TIMING(17673): 5652 0 0.185277000
D/UDP-TIMING(17673): 5653 0 0.175104000
D/UDP-TIMING(17673): 5654 0 0.164924000
D/UDP-TIMING(17673): 5655 0 0.184151000
D/UDP-TIMING(17673): 5656 0 0.173971000
D/UDP-TIMING(17673): 5657 0 0.163824000
D/UDP-TIMING(17673): 5658 0 0.184034000
D/UDP-TIMING(17673): 5659 0 0.173868000
D/UDP-TIMING(17673): 5660 0 0.163688000
D/UDP-TIMING(17673): 5661 0 0.183523000
D/UDP-TIMING(17673): 5662 0 0.173335000
D/UDP-TIMING(17673): 5663 0 0.163150000
D/UDP-TIMING(17673): 5664 0 0.182929000
D/UDP-TIMING(17673): 5665 0 0.172738000
D/UDP-TIMING(17673): 5666 0 0.162557000
D/UDP-TIMING(17673): 5667 0 0.182010000
D/UDP-TIMING(17673): 5668 0 0.171834000
D/UDP-TIMING(17673): 5669 0 0.192056000
D/UDP-TIMING(17673): 5670 0 0.181890000
D/UDP-TIMING(17673): 5671 0 0.171731000
D/UDP-TIMING(17673): 5672 0 0.161471000
D/UDP-TIMING(17673): 5673 0 0.180886000
D/UDP-TIMING(17673): 5674 0 0.170672000
D/UDP-TIMING(17673): 5675 0 0.160582000
D/UDP-TIMING(17673): 5676 0 0.180585000
D/UDP-TIMING(17673): 5677 0 0.170401000
D/UDP-TIMING(17673): 5678 0 0.161512000
D/UDP-TIMING(17673): 5679 0 0.179782000
D/UDP-TIMING(17673): 5680 0 0.169587000
D/UDP-TIMING(17673): 5681 0 0.189553000
D/UDP-TIMING(17673): 5682 0 0.179373000
D/UDP-TIMING(17673): 5683 0 0.169178000
D/UDP-TIMING(17673): 5684 0 0.188982000
D/UDP-TIMING(17673): 5685 0 0.178790000
D/UDP-TIMING(17673): 5686 0 0.168627000
D/UDP-TIMING(17673): 5687 0 0.188448000
D/UDP-TIMING(17673): 5688 0 0.178339000
D/UDP-TIMING(17673): 5689 0 0.168172000
D/UDP-TIMING(17673): 5690 0 0.188217000
D/UDP-TIMING(17673): 5691 0 0.178078000
D/UDP-TIMING(17673): 5692 0 0.167882000
D/UDP-TIMING(17673): 5693 0 0.187460000
D/UDP-TIMING(17673): 5694 0 0.177337000
D/UDP-TIMING(17673): 5695 0 0.167154000
D/UDP-TIMING(17673): 5696 0 0.187206000
D/UDP-TIMING(17673): 5697 0 0.177014000
D/UDP-TIMING(17673): 5698 0 0.166869000
D/UDP-TIMING(17673): 5699 0 0.186435000
D/UDP-TIMING(17673): 5700 0 0.176242000
D/UDP-TIMING(17673): 5701 0 0.166047000
D/UDP-TIMING(17673): 5702 0 0.186101000
D/UDP-TIMING(17673): 5703 0 0.175914000
D/UDP-TIMING(17673): 5704 0 0.165752000
D/UDP-TIMING(17673): 5705 0 0.185291000
D/UDP-TIMING(17673): 5706 0 0.175101000
E/TrafficStats( 1673): [QCTMM]tryAll index=0
D/UDP-TIMING(17673): 5707 0 0.164951000
E/TrafficStats( 1673): [QCTMM]tryAll index=1
E/TrafficStats( 1673): [QCTMM]tryAll index=2
E/TrafficStats( 1673): [QCTMM]tryAll index=0
E/TrafficStats( 1673): [QCTMM]tryAll index=1
E/TrafficStats( 1673): [QCTMM]tryAll index=2
D/DATA    ( 1860): sentSinceLastRecv=0,watchdogTrigger=10,maxindex=0
D/UDP-TIMING(17673): 5708 0 0.185462000
D/UDP-TIMING(17673): 5709 0 0.175303000
D/UDP-TIMING(17673): 5710 0 0.165123000
D/UDP-TIMING(17673): 5711 0 0.184149000
D/UDP-TIMING(17673): 5712 0 0.174031000
D/UDP-TIMING(17673): 5713 0 0.163910000
D/UDP-TIMING(17673): 5714 0 0.184096000
D/UDP-TIMING(17673): 5715 0 0.173997000
D/UDP-TIMING(17673): 5716 0 0.163875000
D/UDP-TIMING(17673): 5717 0 0.183413000
D/UDP-TIMING(17673): 5718 0 0.173290000
D/UDP-TIMING(17673): 5719 0 0.193320000
D/UDP-TIMING(17673): 5720 0 0.183203000
D/UDP-TIMING(17673): 5721 0 0.173089000
D/UDP-TIMING(17673): 5722 0 0.162955000
D/UDP-TIMING(17673): 5723 0 0.182914000
D/UDP-TIMING(17673): 5724 0 0.172798000
D/UDP-TIMING(17673): 5725 0 0.162650000
D/UDP-TIMING(17673): 5726 0 0.182238000
D/UDP-TIMING(17673): 5727 0 0.172055000
D/UDP-TIMING(17673): 5728 0 0.161881000
D/UDP-TIMING(17673): 5729 0 0.181998000
D/UDP-TIMING(17673): 5730 0 0.171886000
D/UDP-TIMING(17673): 5731 0 0.161761000
D/UDP-TIMING(17673): 5732 0 0.181335000
D/UDP-TIMING(17673): 5733 0 0.171154000
D/UDP-TIMING(17673): 5734 0 0.160990000
D/UDP-TIMING(17673): 5735 0 0.181456000
D/UDP-TIMING(17673): 5736 0 0.171360000
D/UDP-TIMING(17673): 5737 0 0.161290000
D/UDP-TIMING(17673): 5738 0 0.180483000
D/UDP-TIMING(17673): 5739 0 0.170312000
D/UDP-TIMING(17673): 5740 0 0.161462000
D/UDP-TIMING(17673): 5741 0 0.180214000
D/UDP-TIMING(17673): 5742 0 0.170023000
D/UDP-TIMING(17673): 5743 0 0.161173000
D/UDP-TIMING(17673): 5744 0 0.179546000
D/UDP-TIMING(17673): 5745 0 0.169433000
D/UDP-TIMING(17673): 5746 0 0.160529000
D/UDP-TIMING(17673): 5747 0 0.179341000
D/UDP-TIMING(17673): 5748 0 0.169167000
D/UDP-TIMING(17673): 5749 0 0.188845000
D/UDP-TIMING(17673): 5750 0 0.178660000
D/UDP-TIMING(17673): 5751 0 0.168507000
D/UDP-TIMING(17673): 5752 0 0.188651000
D/UDP-TIMING(17673): 5753 0 0.178556000
D/UDP-TIMING(17673): 5754 0 0.168362000
D/UDP-TIMING(17673): 5755 0 0.187804000
D/UDP-TIMING(17673): 5756 0 0.177625000
D/UDP-TIMING(17673): 5757 0 0.167500000
D/UDP-TIMING(17673): 5758 0 0.187323000
D/UDP-TIMING(17673): 5759 0 0.177199000
D/UDP-TIMING(17673): 5760 0 0.167053000
D/UDP-TIMING(17673): 5761 0 0.187179000
D/UDP-TIMING(17673): 5762 0 0.176981000
D/UDP-TIMING(17673): 5763 0 0.166827000
D/UDP-TIMING(17673): 5764 0 0.186264000
D/UDP-TIMING(17673): 5765 0 0.176069000
D/UDP-TIMING(17673): 5766 0 0.165889000
D/UDP-TIMING(17673): 5767 0 0.186072000
D/UDP-TIMING(17673): 5768 0 0.175932000
D/UDP-TIMING(17673): 5769 0 0.165760000
D/UDP-TIMING(17673): 5770 0 0.185200000
D/UDP-TIMING(17673): 5771 0 0.175011000
D/UDP-TIMING(17673): 5772 0 0.164859000
D/UDP-TIMING(17673): 5773 0 0.185006000
D/UDP-TIMING(17673): 5774 0 0.174813000
D/UDP-TIMING(17673): 5775 0 0.164634000
D/UDP-TIMING(17673): 5776 0 0.184076000
D/UDP-TIMING(17673): 5777 0 0.173904000
D/UDP-TIMING(17673): 5778 0 0.163791000
D/UDP-TIMING(17673): 5779 0 0.183986000
D/UDP-TIMING(17673): 5780 0 0.173803000
D/UDP-TIMING(17673): 5781 0 0.163624000
D/UDP-TIMING(17673): 5782 0 0.183052000
D/UDP-TIMING(17673): 5783 0 0.172874000
D/UDP-TIMING(17673): 5784 0 0.162695000
D/UDP-TIMING(17673): 5785 0 0.182846000
D/UDP-TIMING(17673): 5786 0 0.172662000
D/UDP-TIMING(17673): 5787 0 0.162516000
D/UDP-TIMING(17673): 5788 0 0.182050000
D/UDP-TIMING(17673): 5789 0 0.171946000
D/UDP-TIMING(17673): 5790 0 0.161764000
D/UDP-TIMING(17673): 5791 0 0.181920000
D/UDP-TIMING(17673): 5792 0 0.171739000
D/UDP-TIMING(17673): 5793 0 0.161560000
D/UDP-TIMING(17673): 5794 0 0.181012000
D/UDP-TIMING(17673): 5795 0 0.170828000
D/UDP-TIMING(17673): 5796 0 0.160634000
D/UDP-TIMING(17673): 5797 0 0.179768000
D/UDP-TIMING(17673): 5798 0 0.169606000
D/UDP-TIMING(17673): 5799 0 0.189688000
D/UDP-TIMING(17673): 5800 0 0.179503000
D/UDP-TIMING(17673): 5801 0 0.169348000
D/UDP-TIMING(17673): 5802 0 0.189009000
D/UDP-TIMING(17673): 5803 0 0.178820000
D/UDP-TIMING(17673): 5804 0 0.168601000
D/UDP-TIMING(17673): 5805 0 0.188636000
D/UDP-TIMING(17673): 5806 0 0.178459000
D/UDP-TIMING(17673): 5807 0 0.168369000
E/TrafficStats( 1673): [QCTMM]tryAll index=0
E/TrafficStats( 1673): [QCTMM]tryAll index=1
E/TrafficStats( 1673): [QCTMM]tryAll index=2
E/TrafficStats( 1673): [QCTMM]tryAll index=0
E/TrafficStats( 1673): [QCTMM]tryAll index=1
E/TrafficStats( 1673): [QCTMM]tryAll index=2
D/DATA    ( 1860): sentSinceLastRecv=0,watchdogTrigger=10,maxindex=0
D/UDP-TIMING(17673): 5808 0 0.188534000
D/UDP-TIMING(17673): 5809 0 0.178349000
D/UDP-TIMING(17673): 5810 0 0.168166000
E/TrafficStats(17681): [QCTMM]tryAll index=0
E/TrafficStats(17681): [QCTMM]tryAll index=1
E/TrafficStats(17681): [QCTMM]tryAll index=2
E/TrafficStats(17681): [QCTMM]tryAll index=0
E/TrafficStats(17681): [QCTMM]tryAll index=1
D/UDP-TIMING(17673): 5811 0 0.188568000
D/UDP-TIMING(17673): 5812 0 0.178406000
D/UDP-TIMING(17673): 5813 0 0.168229000
E/TrafficStats(17681): [QCTMM]tryAll index=2
E/TrafficStats(17681): [QCTMM]tryAll index=0
E/TrafficStats(17681): [QCTMM]tryAll index=1
E/TrafficStats(17681): [QCTMM]tryAll index=2
E/TrafficStats(17681): [QCTMM]tryAll index=0
E/TrafficStats(17681): [QCTMM]tryAll index=1
E/TrafficStats(17681): [QCTMM]tryAll index=2
D/UDP-TIMING(17673): 5814 0 0.186586000
D/UDP-TIMING(17673): 5815 0 0.176409000
D/UDP-TIMING(17673): 5816 0 0.166230000
D/UDP-TIMING(17673): 5817 0 0.186115000
D/UDP-TIMING(17673): 5818 0 0.175963000
D/UDP-TIMING(17673): 5819 0 0.165827000
D/UDP-TIMING(17673): 5820 0 0.185462000
D/UDP-TIMING(17673): 5821 0 0.175275000
D/UDP-TIMING(17673): 5822 0 0.165094000
D/UDP-TIMING(17673): 5823 0 0.185749000
D/UDP-TIMING(17673): 5824 0 0.177994000
D/UDP-TIMING(17673): 5825 0 0.167835000
D/UDP-TIMING(17673): 5826 0 0.184864000
D/UDP-TIMING(17673): 5827 0 0.174706000
D/UDP-TIMING(17673): 5828 0 0.194925000
D/UDP-TIMING(17673): 5829 0 0.184838000
D/UDP-TIMING(17673): 5830 0 0.174717000
D/UDP-TIMING(17673): 5831 0 0.164588000
D/UDP-TIMING(17673): 5832 0 0.184163000
D/UDP-TIMING(17673): 5833 0 0.174026000
D/UDP-TIMING(17673): 5834 0 0.163906000
D/UDP-TIMING(17673): 5835 0 0.183775000
D/UDP-TIMING(17673): 5836 0 0.173594000
D/UDP-TIMING(17673): 5837 0 0.163393000
D/UDP-TIMING(17673): 5838 0 0.183507000
D/UDP-TIMING(17673): 5839 0 0.173353000
D/UDP-TIMING(17673): 5840 0 0.163168000
D/UDP-TIMING(17673): 5841 0 0.182734000
D/UDP-TIMING(17673): 5842 0 0.172548000
D/UDP-TIMING(17673): 5843 0 0.162390000
D/UDP-TIMING(17673): 5844 0 0.182393000
D/UDP-TIMING(17673): 5845 0 0.172209000
D/UDP-TIMING(17673): 5846 0 0.162080000
D/UDP-TIMING(17673): 5847 0 0.181344000
D/UDP-TIMING(17673): 5848 0 0.171173000
D/UDP-TIMING(17673): 5849 0 0.160988000
D/UDP-TIMING(17673): 5850 0 0.181357000
D/UDP-TIMING(17673): 5851 0 0.171172000
D/UDP-TIMING(17673): 5852 0 0.164315000
D/UDP-TIMING(17673): 5853 0 0.180824000
D/UDP-TIMING(17673): 5854 0 0.170638000
D/UDP-TIMING(17673): 5855 0 0.163575000
D/UDP-TIMING(17673): 5856 0 0.180354000
D/UDP-TIMING(17673): 5857 0 0.170256000
D/UDP-TIMING(17673): 5858 0 0.163455000
D/UDP-TIMING(17673): 5859 0 0.179797000
D/UDP-TIMING(17673): 5860 0 0.169601000
D/UDP-TIMING(17673): 5861 0 0.189803000
D/UDP-TIMING(17673): 5862 0 0.179667000
D/UDP-TIMING(17673): 5863 0 0.169486000
D/UDP-TIMING(17673): 5864 0 0.188962000
D/UDP-TIMING(17673): 5865 0 0.178740000
D/UDP-TIMING(17673): 5866 0 0.168616000
E/TrafficStats(17681): [QCTMM]tryAll index=0
E/TrafficStats(17681): [QCTMM]tryAll index=1
E/TrafficStats(17681): [QCTMM]tryAll index=2
E/TrafficStats(17681): [QCTMM]tryAll index=0
E/TrafficStats(17681): [QCTMM]tryAll index=1
E/TrafficStats(17681): [QCTMM]tryAll index=2
D/UDP-TIMING(17673): 5867 0 0.187958000
D/UDP-TIMING(17673): 5868 0 0.177784000
D/UDP-TIMING(17673): 5869 0 0.167605000
E/TrafficStats(17681): [QCTMM]tryAll index=0
E/TrafficStats(17681): [QCTMM]tryAll index=1
E/TrafficStats(17681): [QCTMM]tryAll index=2
E/TrafficStats(17681): [QCTMM]tryAll index=0
E/TrafficStats(17681): [QCTMM]tryAll index=1
E/TrafficStats(17681): [QCTMM]tryAll index=2
D/UDP-TIMING(17673): 5870 0 0.187587000
D/UDP-TIMING(17673): 5871 0 0.177400000
D/UDP-TIMING(17673): 5872 0 0.167233000
D/UDP-TIMING(17673): 5873 0 0.186898000
D/UDP-TIMING(17673): 5874 0 0.176715000
D/UDP-TIMING(17673): 5875 0 0.166483000
D/UDP-TIMING(17673): 5876 0 0.186421000
D/UDP-TIMING(17673): 5877 0 0.176285000
D/UDP-TIMING(17673): 5878 0 0.166176000
D/dalvikvm(17681): GC_CONCURRENT freed 442K, 48% free 3219K/6087K, external 0K/0K, paused 2ms+6ms
D/UDP-TIMING(17673): 5879 0 0.185952000
D/UDP-TIMING(17673): 5880 0 0.175826000
D/UDP-TIMING(17673): 5881 0 0.165647000
D/UDP-TIMING(17673): 5882 0 0.185938000
D/UDP-TIMING(17673): 5883 0 0.175805000
D/UDP-TIMING(17673): 5884 0 0.165622000
D/UDP-TIMING(17673): 5885 0 0.184973000
D/UDP-TIMING(17673): 5886 0 0.174764000
D/UDP-TIMING(17673): 5887 0 0.164678000
D/UDP-TIMING(17673): 5888 0 0.185492000
D/UDP-TIMING(17673): 5889 0 0.175312000
D/UDP-TIMING(17673): 5890 0 0.165160000
D/UDP-TIMING(17673): 5891 0 0.184811000
D/UDP-TIMING(17673): 5892 0 0.174627000
D/UDP-TIMING(17673): 5893 0 0.164442000
D/UDP-TIMING(17673): 5894 0 0.184387000
D/UDP-TIMING(17673): 5895 0 0.174256000
D/UDP-TIMING(17673): 5896 0 0.164173000
D/UDP-TIMING(17673): 5897 0 0.183756000
D/UDP-TIMING(17673): 5898 0 0.173629000
D/UDP-TIMING(17673): 5899 0 0.163450000
D/UDP-TIMING(17673): 5900 0 0.183451000
D/UDP-TIMING(17673): 5901 0 0.173268000
D/UDP-TIMING(17673): 5902 0 0.163112000
D/UDP-TIMING(17673): 5903 0 0.182711000
D/UDP-TIMING(17673): 5904 0 0.172525000
D/UDP-TIMING(17673): 5905 0 0.162340000
D/UDP-TIMING(17673): 5906 0 0.182616000
D/UDP-TIMING(17673): 5907 0 0.172450000
D/UDP-TIMING(17673): 5908 0 0.162287000
E/TrafficStats( 1673): [QCTMM]tryAll index=0
E/TrafficStats( 1673): [QCTMM]tryAll index=1
E/TrafficStats( 1673): [QCTMM]tryAll index=2
E/TrafficStats( 1673): [QCTMM]tryAll index=0
E/TrafficStats( 1673): [QCTMM]tryAll index=1
E/TrafficStats( 1673): [QCTMM]tryAll index=2
D/DATA    ( 1860): sentSinceLastRecv=0,watchdogTrigger=10,maxindex=0
D/UDP-TIMING(17673): 5909 0 0.182227000
D/UDP-TIMING(17673): 5910 0 0.172034000
D/UDP-TIMING(17673): 5911 0 0.161888000
D/UDP-TIMING(17673): 5912 0 0.181103000
D/UDP-TIMING(17673): 5913 0 0.170920000
D/UDP-TIMING(17673): 5914 0 0.163985000
D/UDP-TIMING(17673): 5915 0 0.180757000
D/UDP-TIMING(17673): 5916 0 0.170543000
D/UDP-TIMING(17673): 5917 0 0.190196000
D/UDP-TIMING(17673): 5918 0 0.180074000
D/UDP-TIMING(17673): 5919 0 0.169893000
D/UDP-TIMING(17673): 5920 0 0.189987000
D/UDP-TIMING(17673): 5921 0 0.179812000
D/UDP-TIMING(17673): 5922 0 0.169660000
D/UDP-TIMING(17673): 5923 0 0.189292000
D/UDP-TIMING(17673): 5924 0 0.179112000
D/UDP-TIMING(17673): 5925 0 0.168923000
D/UDP-TIMING(17673): 5926 0 0.188980000
D/UDP-TIMING(17673): 5927 0 0.178799000
D/UDP-TIMING(17673): 5928 0 0.168619000
D/UDP-TIMING(17673): 5929 0 0.188276000
D/UDP-TIMING(17673): 5930 0 0.178152000
D/UDP-TIMING(17673): 5931 0 0.167991000
D/UDP-TIMING(17673): 5932 0 0.188096000
D/UDP-TIMING(17673): 5933 0 0.177911000
D/UDP-TIMING(17673): 5934 0 0.167776000
D/UDP-TIMING(17673): 5935 0 0.187319000
D/UDP-TIMING(17673): 5936 0 0.177204000
D/UDP-TIMING(17673): 5937 0 0.167036000
D/UDP-TIMING(17673): 5938 0 0.187099000
D/UDP-TIMING(17673): 5939 0 0.176917000
D/UDP-TIMING(17673): 5940 0 0.166767000
D/UDP-TIMING(17673): 5941 0 0.186312000
D/UDP-TIMING(17673): 5942 0 0.176131000
D/UDP-TIMING(17673): 5943 0 0.165938000
D/UDP-TIMING(17673): 5944 0 0.186005000
D/UDP-TIMING(17673): 5945 0 0.175810000
D/UDP-TIMING(17673): 5946 0 0.165563000
D/UDP-TIMING(17673): 5947 0 0.185210000
D/UDP-TIMING(17673): 5948 0 0.175030000
D/UDP-TIMING(17673): 5949 0 0.164881000
D/UDP-TIMING(17673): 5950 0 0.184692000
D/UDP-TIMING(17673): 5951 0 0.174582000
D/UDP-TIMING(17673): 5952 0 0.164398000
D/UDP-TIMING(17673): 5953 0 0.184419000
D/UDP-TIMING(17673): 5954 0 0.174254000
D/UDP-TIMING(17673): 5955 0 0.164138000
D/UDP-TIMING(17673): 5956 0 0.184068000
D/UDP-TIMING(17673): 5957 0 0.173903000
D/UDP-TIMING(17673): 5958 0 0.163745000
D/UDP-TIMING(17673): 5959 0 0.183506000
D/UDP-TIMING(17673): 5960 0 0.173327000
D/UDP-TIMING(17673): 5961 0 0.163178000
D/UDP-TIMING(17673): 5962 0 0.182648000
D/UDP-TIMING(17673): 5963 0 0.172451000
D/UDP-TIMING(17673): 5964 0 0.162271000
D/UDP-TIMING(17673): 5965 0 0.182530000
D/UDP-TIMING(17673): 5966 0 0.172415000
D/UDP-TIMING(17673): 5967 0 0.162231000
D/UDP-TIMING(17673): 5968 0 0.181611000
D/UDP-TIMING(17673): 5969 0 0.171492000
D/UDP-TIMING(17673): 5970 0 0.161353000
D/UDP-TIMING(17673): 5971 0 0.181496000
D/UDP-TIMING(17673): 5972 0 0.171304000
D/UDP-TIMING(17673): 5973 0 0.161210000
D/UDP-TIMING(17673): 5974 0 0.180743000
D/UDP-TIMING(17673): 5975 0 0.170576000
D/UDP-TIMING(17673): 5976 0 0.160523000
D/UDP-TIMING(17673): 5977 0 0.180690000
D/UDP-TIMING(17673): 5978 0 0.170509000
D/UDP-TIMING(17673): 5979 0 0.160420000
D/UDP-TIMING(17673): 5980 0 0.179845000
D/UDP-TIMING(17673): 5981 0 0.169663000
D/UDP-TIMING(17673): 5982 0 0.189886000
D/UDP-TIMING(17673): 5983 0 0.179701000
D/UDP-TIMING(17673): 5984 0 0.169543000
D/UDP-TIMING(17673): 5985 0 0.189061000
D/UDP-TIMING(17673): 5986 0 0.178936000
D/UDP-TIMING(17673): 5987 0 0.168767000
D/UDP-TIMING(17673): 5988 0 0.188584000
D/UDP-TIMING(17673): 5989 0 0.178454000
D/UDP-TIMING(17673): 5990 0 0.168268000
D/UDP-TIMING(17673): 5991 0 0.188335000
D/UDP-TIMING(17673): 5992 0 0.178158000
D/UDP-TIMING(17673): 5993 0 0.167963000
D/UDP-TIMING(17673): 5994 0 0.187541000
D/UDP-TIMING(17673): 5995 0 0.177370000
D/UDP-TIMING(17673): 5996 0 0.167233000
D/UDP-TIMING(17673): 5997 0 0.187357000
D/UDP-TIMING(17673): 5998 0 0.177181000
D/UDP-TIMING(17673): 5999 0 0.167002000
D/UDP-TIMING(17673): 6000 0 0.186544000
D/UDP-TIMING(17673): 6001 0 0.176365000
D/UDP-TIMING(17673): 6002 0 0.166188000
D/UDP-TIMING(17673): 6003 0 0.186499000
D/UDP-TIMING(17673): 6004 0 0.176307000
D/UDP-TIMING(17673): 6005 0 0.166129000
D/StatusBarPolicy( 1816): iconIndex=1
V/StatusBarPolicy( 1816): cdmaLevel:4;max:4
D/StatusBarPolicy( 1816): iconLevel:4
D/UDP-TIMING(17673): 6006 0 0.185921000
D/UDP-TIMING(17673): 6007 0 0.175776000
D/UDP-TIMING(17673): 6008 0 0.165594000
E/TrafficStats( 1673): [QCTMM]tryAll index=0
E/TrafficStats( 1673): [QCTMM]tryAll index=1
E/TrafficStats( 1673): [QCTMM]tryAll index=2
E/TrafficStats( 1673): [QCTMM]tryAll index=0
E/TrafficStats( 1673): [QCTMM]tryAll index=1
E/TrafficStats( 1673): [QCTMM]tryAll index=2
D/DATA    ( 1860): sentSinceLastRecv=0,watchdogTrigger=10,maxindex=0
D/UDP-TIMING(17673): 6009 0 0.185702000
D/UDP-TIMING(17673): 6010 0 0.175536000
D/UDP-TIMING(17673): 6011 0 0.165358000
I/PhoneInfo( 2188): getCdmaLevel - cdmaDbm: -70 cdmaEcio:-80
D/UDP-TIMING(17673): 6012 0 0.183893000
D/UDP-TIMING(17673): 6013 0 0.173757000
D/UDP-TIMING(17673): 6014 0 0.163622000
I/PhoneInfo( 2188): getEvdoLevel - evdoDbm: -120 evdoSnr:-1 evdoEcio:-1
I/PhoneInfo( 2188): getLteLevel - lteRsrp: -1 lteCqi:-1
D/UDP-TIMING(17673): 6015 0 0.183856000
D/UDP-TIMING(17673): 6016 0 0.173744000
D/UDP-TIMING(17673): 6017 0 0.163620000
D/UDP-TIMING(17673): 6018 0 0.183124000
D/UDP-TIMING(17673): 6019 0 0.172999000
D/UDP-TIMING(17673): 6020 0 0.162890000
D/UDP-TIMING(17673): 6021 0 0.182952000
D/UDP-TIMING(17673): 6022 0 0.172866000
D/UDP-TIMING(17673): 6023 0 0.162741000
D/UDP-TIMING(17673): 6024 0 0.182440000
D/UDP-TIMING(17673): 6025 0 0.172329000
D/UDP-TIMING(17673): 6026 0 0.192643000
D/UDP-TIMING(17673): 6027 0 0.182532000
D/UDP-TIMING(17673): 6028 0 0.172414000
D/UDP-TIMING(17673): 6029 0 0.162324000
D/UDP-TIMING(17673): 6030 0 0.182912000
D/UDP-TIMING(17673): 6031 0 0.172795000
D/UDP-TIMING(17673): 6032 0 0.162706000
D/UDP-TIMING(17673): 6033 0 0.181977000
D/UDP-TIMING(17673): 6034 0 0.171803000
D/UDP-TIMING(17673): 6035 0 0.161628000
D/UDP-TIMING(17673): 6036 0 0.181670000
D/UDP-TIMING(17673): 6037 0 0.171492000
D/UDP-TIMING(17673): 6038 0 0.161311000
D/UDP-TIMING(17673): 6039 0 0.180810000
D/UDP-TIMING(17673): 6040 0 0.170626000
D/UDP-TIMING(17673): 6041 0 0.190749000
D/UDP-TIMING(17673): 6042 0 0.180570000
D/UDP-TIMING(17673): 6043 0 0.170390000
D/UDP-TIMING(17673): 6044 0 0.161174000
D/UDP-TIMING(17673): 6045 0 0.179813000
D/UDP-TIMING(17673): 6046 0 0.169716000
D/UDP-TIMING(17673): 6047 0 0.190121000
D/UDP-TIMING(17673): 6048 0 0.179997000
D/UDP-TIMING(17673): 6049 0 0.169821000
D/UDP-TIMING(17673): 6050 0 0.189210000
D/UDP-TIMING(17673): 6051 0 0.179029000
D/UDP-TIMING(17673): 6052 0 0.168846000
D/UDP-TIMING(17673): 6053 0 0.189061000
D/UDP-TIMING(17673): 6054 0 0.178868000
D/UDP-TIMING(17673): 6055 0 0.168733000
D/UDP-TIMING(17673): 6056 0 0.188228000
D/UDP-TIMING(17673): 6057 0 0.178088000
D/UDP-TIMING(17673): 6058 0 0.167904000
D/UDP-TIMING(17673): 6059 0 0.187820000
D/UDP-TIMING(17673): 6060 0 0.177682000
D/UDP-TIMING(17673): 6061 0 0.167497000
D/UDP-TIMING(17673): 6062 0 0.187264000
D/UDP-TIMING(17673): 6063 0 0.177082000
D/UDP-TIMING(17673): 6064 0 0.166953000
D/UDP-TIMING(17673): 6065 0 0.186793000
