I/PackageManager( 1673): Adding preferred activity ComponentInfo{com.htc.streamplayer/com.htc.streamplayer.VideoPlayerActivity}:
I/PackageManager( 1673): Adding preferred activity ComponentInfo{com.htc.streamplayer/com.htc.streamplayer.VideoPlayerActivity}:
I/PackageManager( 1673): Adding preferred activity ComponentInfo{com.htc.streamplayer/com.htc.streamplayer.VideoPlayerActivity}:
I/PackageManager( 1673): Adding preferred activity ComponentInfo{com.htc.streamplayer/com.htc.streamplayer.VideoPlayerActivity}:
I/PackageManager( 1673): Adding preferred activity ComponentInfo{com.htc.streamplayer/com.htc.streamplayer.VideoPlayerActivity}:
V/NotificationService( 1673): Charging...
--------- beginning of /dev/log/main
D/lights  ( 1673): [LedInfo] write attr ok name=/sys/class/leds/amber/off_timer string=0 0,len=3
D/lights  ( 1673): [LedInfo] write attr ok name=/sys/class/leds/green/brightness string=0,len=1
D/lights  ( 1673): [LedInfo] write attr ok name=/sys/class/leds/green/blink string=0,len=1
D/lights  ( 1673): [LedInfo] write attr ok name=/sys/class/leds/green/off_timer string=0 0,len=3
I/ActivityManager( 1673): Displayed com.example.hellojni/.HelloJni: +502ms
W/InputManagerService( 1673): [unbindCurrentClientLocked] Disable input method client.
W/InputManagerService( 1673): [startInputLocked] Enable input method client.
I/PackageManager( 1673):   Action: "android.intent.action.VIEW"
I/PackageManager( 1673):   Category: "android.intent.category.DEFAULT"
I/PackageManager( 1673):   Scheme: "rtsp"
I/PackageManager( 1673):   Action: "android.intent.action.VIEW"
I/PackageManager( 1673):   Category: "android.intent.category.DEFAULT"
I/PackageManager( 1673):   Category: "android.intent.category.BROWSABLE"
I/PackageManager( 1673):   Scheme: "rtsp"
D/HtcAppAssociationsUtils (Dispatcher)(16308):  @@@@@ getPreferredActivity():      return package=com.htc.streamplayer/com.htc.streamplayer.VideoPlayerActivity
I/HtcAppAssociationsUtils (Dispatcher)(16308):  @@@@@ getPreferredActivity(): Enter.
I/HtcAppAssociationsUtils (Dispatcher)(16308):  @@@@@ getPreferredActivity():      category=Map category
I/HtcAppAssociationsUtils (Dispatcher)(16308):  @@@@@ getPreferredActivity():      add=true
I/PackageManager( 1673): Adding preferred activity ComponentInfo{com.htc.streamplayer/com.htc.streamplayer.VideoPlayerActivity}:
I/PackageManager( 1673): Adding preferred activity ComponentInfo{com.htc.streamplayer/com.htc.streamplayer.VideoPlayerActivity}:
E/TrafficStats( 1673): [QCTMM]tryAll index=0
E/TrafficStats( 1673): [QCTMM]tryAll index=1
E/TrafficStats( 1673): [QCTMM]tryAll index=2
E/TrafficStats( 1673): [QCTMM]tryAll index=0
E/TrafficStats( 1673): [QCTMM]tryAll index=1
E/TrafficStats( 1673): [QCTMM]tryAll index=2
D/DATA    ( 1860): [QCTMM] DataNetStatistics sent == 0 && received == 0 newActivity=NONE
D/DATA    ( 1860): sentSinceLastRecv=0,watchdogTrigger=10,maxindex=0
D/HtcAppAssociationsUtils (Dispatcher)(16308):  @@@@@ getPreferredActivity():      Go DB ------
I/PackageManager( 1673):   Action: "android.intent.action.VIEW"
I/PackageManager( 1673):   Category: "android.intent.category.DEFAULT"
I/PackageManager( 1673):   Scheme: "geo"
I/PackageManager( 1673):   Action: "android.intent.action.VIEW"
I/PackageManager( 1673):   Category: "android.intent.category.DEFAULT"
I/PackageManager( 1673):   Category: "android.intent.category.BROWSABLE"
I/PackageManager( 1673):   Scheme: "geo"
I/PackageManager( 1673): Adding preferred activity ComponentInfo{com.google.android.apps.maps/com.google.android.maps.MapsActivity}:
I/PackageManager( 1673): Adding preferred activity ComponentInfo{com.google.android.apps.maps/com.google.android.maps.MapsActivity}:
I/PackageManager( 1673):   Action: "android.intent.action.VIEW"
I/PackageManager( 1673):   Category: "android.intent.category.DEFAULT"
I/PackageManager( 1673):   Scheme: "http://maps.google.com/maps?f=q&geocode=&q="
I/PackageManager( 1673):   Scheme: "http://maps.google.com/maps?q="
I/PackageManager( 1673):   Scheme: "http://maps.google.com/maps?"
I/PackageManager( 1673):   Action: "android.intent.action.VIEW"
I/PackageManager( 1673):   Category: "android.intent.category.DEFAULT"
I/PackageManager( 1673):   Category: "android.intent.category.BROWSABLE"
I/PackageManager( 1673):   Scheme: "http://maps.google.com/maps?f=q&geocode=&q="
I/PackageManager( 1673):   Scheme: "http://maps.google.com/maps?q="
I/PackageManager( 1673):   Scheme: "http://maps.google.com/maps?"
D/HtcAppAssociationsUtils (Dispatcher)(16308):  @@@@@ getPreferredActivity():      return package=com.google.android.apps.maps/com.google.android.maps.MapsActivity
I/HtcAppAssociationsUtils (Dispatcher)(16308):  @@@@@ getPreferredActivity(): Enter.
I/HtcAppAssociationsUtils (Dispatcher)(16308):  @@@@@ getPreferredActivity():      category=Location category
I/HtcAppAssociationsUtils (Dispatcher)(16308):  @@@@@ getPreferredActivity():      add=true
I/PackageManager( 1673): Adding preferred activity ComponentInfo{com.google.android.apps.maps/com.google.android.maps.MapsActivity}:
I/PackageManager( 1673): Adding preferred activity ComponentInfo{com.google.android.apps.maps/com.google.android.maps.MapsActivity}:
D/HtcAppAssociationsUtils (Dispatcher)(16308):  @@@@@ getPreferredActivity():      Go DB ------
I/PackageManager( 1673):   Action: "android.intent.action.VIEW"
I/PackageManager( 1673):   Category: "android.intent.category.DEFAULT"
I/PackageManager( 1673):   Scheme: "http://maps.google.com/maps?f=q&geocode=&q="
I/PackageManager( 1673):   Scheme: "http://maps.google.com/maps?q="
I/PackageManager( 1673):   Scheme: "http://maps.google.com/maps?"
I/PackageManager( 1673):   Action: "android.intent.action.VIEW"
I/PackageManager( 1673):   Category: "android.intent.category.DEFAULT"
I/PackageManager( 1673):   Category: "android.intent.category.BROWSABLE"
I/PackageManager( 1673):   Scheme: "http://maps.google.com/maps?f=q&geocode=&q="
I/PackageManager( 1673):   Scheme: "http://maps.google.com/maps?q="
I/PackageManager( 1673):   Scheme: "http://maps.google.com/maps?"
I/PackageManager( 1673): Adding preferred activity ComponentInfo{com.google.android.apps.maps/com.google.android.maps.MapsActivity}:
I/PackageManager( 1673): Adding preferred activity ComponentInfo{com.google.android.apps.maps/com.google.android.maps.MapsActivity}:
D/dalvikvm(16308): GC_CONCURRENT freed 364K, 50% free 2924K/5831K, external 0K/0K, paused 2ms+2ms
D/szipinf ( 1865): Initializing inflate state
I/PackageManager( 1673):   Action: "android.intent.action.VIEW"
I/PackageManager( 1673):   Category: "android.intent.category.DEFAULT"
I/PackageManager( 1673):   Scheme: "geo"
I/PackageManager( 1673):   Action: "android.intent.action.VIEW"
I/PackageManager( 1673):   Category: "android.intent.category.DEFAULT"
I/PackageManager( 1673):   Category: "android.intent.category.BROWSABLE"
I/PackageManager( 1673):   Scheme: "geo"
D/HtcAppAssociationsUtils (Dispatcher)(16308):  @@@@@ getPreferredActivity():      return package=com.google.android.apps.maps/com.google.android.maps.MapsActivity
I/HtcAppAssociationsUtils (Dispatcher)(16308):  @@@@@ getPreferredActivity(): Enter.
I/HtcAppAssociationsUtils (Dispatcher)(16308):  @@@@@ getPreferredActivity():      category=Phone category
I/HtcAppAssociationsUtils (Dispatcher)(16308):  @@@@@ getPreferredActivity():      add=true
I/PackageManager( 1673): Adding preferred activity ComponentInfo{com.google.android.apps.maps/com.google.android.maps.MapsActivity}:
I/PackageManager( 1673): Adding preferred activity ComponentInfo{com.google.android.apps.maps/com.google.android.maps.MapsActivity}:
D/HtcAppAssociationsUtils (Dispatcher)(16308):  @@@@@ getPreferredActivity():      Go DB ------
I/PackageManager( 1673):   Action: "android.intent.action.VIEW"
I/PackageManager( 1673):   Category: "android.intent.category.DEFAULT"
I/PackageManager( 1673):   Scheme: "tel"
I/PackageManager( 1673):   Action: "android.intent.action.VIEW"
I/PackageManager( 1673):   Category: "android.intent.category.DEFAULT"
I/PackageManager( 1673):   Category: "android.intent.category.BROWSABLE"
I/PackageManager( 1673):   Scheme: "tel"
I/PackageManager( 1673):   Action: "android.intent.action.DIAL"
I/PackageManager( 1673):   Category: "android.intent.category.DEFAULT"
I/PackageManager( 1673):   Scheme: "tel"
I/PackageManager( 1673):   Action: "android.intent.action.DIAL"
I/PackageManager( 1673):   Category: "android.intent.category.DEFAULT"
I/PackageManager( 1673):   Category: "android.intent.category.BROWSABLE"
I/PackageManager( 1673):   Scheme: "tel"
I/PackageManager( 1673):   Action: "android.intent.action.DIAL"
I/PackageManager( 1673): Adding preferred activity ComponentInfo{com.android.htcdialer/com.android.htcdialer.Dialer}:
I/PackageManager( 1673): Adding preferred activity ComponentInfo{com.android.htcdialer/com.android.htcdialer.Dialer}:
I/PackageManager( 1673): Adding preferred activity ComponentInfo{com.android.htcdialer/com.android.htcdialer.Dialer}:
I/PackageManager( 1673): Adding preferred activity ComponentInfo{com.android.htcdialer/com.android.htcdialer.Dialer}:
I/PackageManager( 1673): Adding preferred activity ComponentInfo{com.android.htcdialer/com.android.htcdialer.Dialer}:
I/PackageManager( 1673):   Category: "android.intent.category.DEFAULT"
I/PackageManager( 1673):   Action: "android.intent.action.DIAL"
I/PackageManager( 1673):   Category: "android.intent.category.DEFAULT"
I/PackageManager( 1673):   Category: "android.intent.category.BROWSABLE"
D/HtcAppAssociationsUtils (Dispatcher)(16308):  @@@@@ getPreferredActivity():      return package=com.android.htcdialer/com.android.htcdialer.Dialer
I/HtcAppAssociationsUtils (Dispatcher)(16308):  @@@@@ getPreferredActivity(): Enter.
I/HtcAppAssociationsUtils (Dispatcher)(16308):  @@@@@ getPreferredActivity():      category=Mail category
I/HtcAppAssociationsUtils (Dispatcher)(16308):  @@@@@ getPreferredActivity():      add=true
I/PackageManager( 1673): Adding preferred activity ComponentInfo{com.android.htcdialer/com.android.htcdialer.Dialer}:
D/HtcAppAssociationsUtils (Dispatcher)(16308):  @@@@@ getPreferredActivity():      Go DB ------
D/dalvikvm(16055): GC_EXPLICIT freed 86K, 47% free 2966K/5511K, external 0K/0K, paused 26ms
I/PackageManager( 1673):   Action: "android.intent.action.VIEW"
I/PackageManager( 1673):   Action: "android.intent.action.SENDTO"
I/PackageManager( 1673):   Category: "android.intent.category.DEFAULT"
I/PackageManager( 1673):   Scheme: "mailto"
I/PackageManager( 1673):   Action: "android.intent.action.VIEW"
I/PackageManager( 1673):   Action: "android.intent.action.SENDTO"
I/PackageManager( 1673):   Category: "android.intent.category.DEFAULT"
I/PackageManager( 1673):   Category: "android.intent.category.BROWSABLE"
I/PackageManager( 1673):   Scheme: "mailto"
D/HtcAppAssociationsUtils (Dispatcher)(16308):  @@@@@ getPreferredActivity():      return package=com.htc.android.mail/com.htc.android.mail.ComposeActivity
I/HtcAppAssociationsUtils (Dispatcher)(16308):  @@@@@ getPreferredActivity(): Enter.
I/HtcAppAssociationsUtils (Dispatcher)(16308):  @@@@@ getPreferredActivity():      category=Web category
I/HtcAppAssociationsUtils (Dispatcher)(16308):  @@@@@ getPreferredActivity():      add=true
I/PackageManager( 1673): Adding preferred activity ComponentInfo{com.htc.android.mail/com.htc.android.mail.ComposeActivity}:
I/PackageManager( 1673): Adding preferred activity ComponentInfo{com.htc.android.mail/com.htc.android.mail.ComposeActivity}:
W/Addapter( 1845): info.icon:2130837552
D/HtcAppAssociationsUtils (Dispatcher)(16308):  @@@@@ getPreferredActivity():      Go DB ------
W/Addapter( 1845): info.icon:2130837504
W/Addapter( 1845): info.icon:2130837529
W/Addapter( 1845): info.icon:2130837508
W/Addapter( 1845): info.icon:2130837513
W/Addapter( 1845): info.icon:2130837837
W/Addapter( 1845): info.icon:2130837621
W/Addapter( 1845): info.icon:2130837523
W/Addapter( 1845): info.icon:2130837504
W/Addapter( 1845): info.icon:2130837512
W/Addapter( 1845): info.icon:2130837700
I/PackageManager( 1673):   Action: "android.intent.action.VIEW"
I/PackageManager( 1673):   Category: "android.intent.category.DEFAULT"
I/PackageManager( 1673):   Category: "android.intent.category.BROWSABLE"
I/PackageManager( 1673):   Scheme: "http"
I/PackageManager( 1673):   Scheme: "https"
D/HtcAppAssociationsUtils (Dispatcher)(16308):  @@@@@ getPreferredActivity():      return package=com.android.browser/com.android.browser.BrowserActivity
D/HtcLinkifyDispatcherIntentService(16308):  @@@@@ receive package action.
I/HtcLinkifyDispatcherIntentService(16308):  @@@@@ action for package=android.intent.action.PACKAGE_ADDED
I/HtcLinkifyDispatcherIntentService(16308):  @@@@@ package name=com.example.hellojni
I/PackageManager( 1673): Adding preferred activity ComponentInfo{com.android.browser/com.android.browser.BrowserActivity}:
I/HtcAppAssociationsUtils (Dispatcher)(16308):  @@@@@ getPreferredActivity(): Enter.
I/HtcAppAssociationsUtils (Dispatcher)(16308):  @@@@@ getPreferredActivity():      category=Video category
I/HtcAppAssociationsUtils (Dispatcher)(16308):  @@@@@ getPreferredActivity():      add=true
W/Addapter( 1845): info.icon:2130838201
D/HtcAppAssociationsUtils (Dispatcher)(16308):  @@@@@ getPreferredActivity():      Go DB ------
W/Addapter( 1845): info.icon:2130838372
W/Addapter( 1845): info.icon:2130838095
W/Addapter( 1845): info.icon:2130838178
W/Addapter( 1845): info.icon:2130837591
W/Addapter( 1845): info.icon:2130837591
W/Addapter( 1845): info.icon:2130837591
W/Addapter( 1845): info.icon:2130903041
I/PackageManager( 1673): Adding preferred activity ComponentInfo{com.htc.streamplayer/com.htc.streamplayer.VideoPlayerActivity}:
I/PackageManager( 1673):   Action: "android.intent.action.VIEW"
I/PackageManager( 1673):   Category: "android.intent.category.DEFAULT"
I/PackageManager( 1673):   Scheme: "http"
I/PackageManager( 1673):   Type: "audio"
I/PackageManager( 1673):   mPriority=0, mHasPartialTypes=true
I/PackageManager( 1673):   Action: "android.intent.action.VIEW"
I/PackageManager( 1673):   Category: "android.intent.category.DEFAULT"
I/PackageManager( 1673):   Category: "android.intent.category.BROWSABLE"
I/PackageManager( 1673):   Scheme: "http"
I/PackageManager( 1673):   Type: "audio"
I/PackageManager( 1673):   mPriority=0, mHasPartialTypes=true
I/PackageManager( 1673): Adding preferred activity ComponentInfo{com.htc.streamplayer/com.htc.streamplayer.VideoPlayerActivity}:
I/PackageManager( 1673):   Action: "android.intent.action.VIEW"
I/PackageManager( 1673):   Category: "android.intent.category.DEFAULT"
I/PackageManager( 1673):   Scheme: "rtsp"
I/PackageManager( 1673):   Action: "android.intent.action.VIEW"
I/PackageManager( 1673):   Category: "android.intent.category.DEFAULT"
I/PackageManager( 1673):   Category: "android.intent.category.BROWSABLE"
I/PackageManager( 1673):   Scheme: "rtsp"
I/PackageManager( 1673): Adding preferred activity ComponentInfo{com.htc.streamplayer/com.htc.streamplayer.VideoPlayerActivity}:
I/PackageManager( 1673): Adding preferred activity ComponentInfo{com.htc.streamplayer/com.htc.streamplayer.VideoPlayerActivity}:
W/Addapter( 1845): info.icon:2130837784
I/PackageManager( 1673):   Action: "android.intent.action.VIEW"
I/PackageManager( 1673):   Category: "android.intent.category.DEFAULT"
I/PackageManager( 1673):   Scheme: "http"
I/PackageManager( 1673):   Type: "video"
I/PackageManager( 1673):   mPriority=0, mHasPartialTypes=true
I/PackageManager( 1673):   Action: "android.intent.action.VIEW"
I/PackageManager( 1673):   Category: "android.intent.category.DEFAULT"
I/PackageManager( 1673):   Category: "android.intent.category.BROWSABLE"
I/PackageManager( 1673):   Scheme: "http"
I/PackageManager( 1673):   Type: "video"
I/PackageManager( 1673):   mPriority=0, mHasPartialTypes=true
D/HtcAppAssociationsUtils (Dispatcher)(16308):  @@@@@ getPreferredActivity():      return package=com.htc.streamplayer/com.htc.streamplayer.VideoPlayerActivity
I/HtcAppAssociationsUtils (Dispatcher)(16308):  @@@@@ getPreferredActivity(): Enter.
I/HtcAppAssociationsUtils (Dispatcher)(16308):  @@@@@ getPreferredActivity():      category=Audio category
I/HtcAppAssociationsUtils (Dispatcher)(16308):  @@@@@ getPreferredActivity():      add=true
I/PackageManager( 1673): Adding preferred activity ComponentInfo{com.htc.streamplayer/com.htc.streamplayer.VideoPlayerActivity}:
I/PackageManager( 1673): Adding preferred activity ComponentInfo{com.htc.streamplayer/com.htc.streamplayer.VideoPlayerActivity}:
W/Addapter( 1845): info.icon:2130838002
D/HtcAppAssociationsUtils (Dispatcher)(16308):  @@@@@ getPreferredActivity():      Go DB ------
W/Addapter( 1845): info.icon:2130837610
W/Addapter( 1845): info.icon:2130837610
W/Addapter( 1845): info.icon:2130837506
W/Addapter( 1845): info.icon:2130837705
W/Addapter( 1845): info.icon:2130837519
W/Addapter( 1845): info.icon:2130837519
W/Addapter( 1845): info.icon:2130837519
I/PackageManager( 1673):   Action: "android.intent.action.VIEW"
I/PackageManager( 1673):   Category: "android.intent.category.DEFAULT"
I/PackageManager( 1673):   Scheme: "http"
I/PackageManager( 1673):   Type: "video"
I/PackageManager( 1673):   mPriority=0, mHasPartialTypes=true
I/PackageManager( 1673):   Action: "android.intent.action.VIEW"
I/PackageManager( 1673):   Category: "android.intent.category.DEFAULT"
I/PackageManager( 1673):   Category: "android.intent.category.BROWSABLE"
I/PackageManager( 1673):   Scheme: "http"
I/PackageManager( 1673):   Type: "video"
I/PackageManager( 1673):   mPriority=0, mHasPartialTypes=true
I/PackageManager( 1673): Adding preferred activity ComponentInfo{com.htc.streamplayer/com.htc.streamplayer.VideoPlayerActivity}:
I/PackageManager( 1673): Adding preferred activity ComponentInfo{com.htc.streamplayer/com.htc.streamplayer.VideoPlayerActivity}:
E/TrafficStats( 1673): [QCTMM]tryAll index=0
E/TrafficStats( 1673): [QCTMM]tryAll index=1
E/TrafficStats( 1673): [QCTMM]tryAll index=2
E/TrafficStats( 1673): [QCTMM]tryAll index=0
E/TrafficStats( 1673): [QCTMM]tryAll index=1
E/TrafficStats( 1673): [QCTMM]tryAll index=2
D/DATA    ( 1860): [QCTMM] DataNetStatistics sent == 0 && received == 0 newActivity=NONE
D/DATA    ( 1860): sentSinceLastRecv=0,watchdogTrigger=10,maxindex=0
W/Addapter( 1845): info.icon:2130837513
I/PackageManager( 1673):   Action: "android.intent.action.VIEW"
I/PackageManager( 1673):   Category: "android.intent.category.DEFAULT"
I/PackageManager( 1673):   Scheme: "rtsp"
I/PackageManager( 1673):   Action: "android.intent.action.VIEW"
I/PackageManager( 1673):   Category: "android.intent.category.DEFAULT"
I/PackageManager( 1673):   Category: "android.intent.category.BROWSABLE"
I/PackageManager( 1673):   Scheme: "rtsp"
I/PackageManager( 1673): Adding preferred activity ComponentInfo{com.htc.streamplayer/com.htc.streamplayer.VideoPlayerActivity}:
I/PackageManager( 1673): Adding preferred activity ComponentInfo{com.htc.streamplayer/com.htc.streamplayer.VideoPlayerActivity}:
I/PackageManager( 1673):   Action: "android.intent.action.VIEW"
I/PackageManager( 1673):   Category: "android.intent.category.DEFAULT"
I/PackageManager( 1673):   Scheme: "http"
I/PackageManager( 1673):   Type: "audio"
I/PackageManager( 1673):   mPriority=0, mHasPartialTypes=true
I/PackageManager( 1673):   Action: "android.intent.action.VIEW"
I/PackageManager( 1673):   Category: "android.intent.category.DEFAULT"
I/PackageManager( 1673):   Category: "android.intent.category.BROWSABLE"
I/PackageManager( 1673):   Scheme: "http"
I/PackageManager( 1673):   Type: "audio"
I/PackageManager( 1673):   mPriority=0, mHasPartialTypes=true
D/HtcAppAssociationsUtils (Dispatcher)(16308):  @@@@@ getPreferredActivity():      return package=com.htc.streamplayer/com.htc.streamplayer.VideoPlayerActivity
I/HtcAppAssociationsUtils (Dispatcher)(16308):  @@@@@ getPreferredActivity(): Enter.
I/HtcAppAssociationsUtils (Dispatcher)(16308):  @@@@@ getPreferredActivity():      category=Stream category
I/HtcAppAssociationsUtils (Dispatcher)(16308):  @@@@@ getPreferredActivity():      add=true
I/PackageManager( 1673): Adding preferred activity ComponentInfo{com.htc.streamplayer/com.htc.streamplayer.VideoPlayerActivity}:
I/PackageManager( 1673): Adding preferred activity ComponentInfo{com.htc.streamplayer/com.htc.streamplayer.VideoPlayerActivity}:
D/HtcAppAssociationsUtils (Dispatcher)(16308):  @@@@@ getPreferredActivity():      Go DB ------
W/Addapter( 1845): info.icon:2130903041
I/PackageManager( 1673):   Action: "android.intent.action.VIEW"
I/PackageManager( 1673):   Category: "android.intent.category.DEFAULT"
I/PackageManager( 1673):   Scheme: "http"
I/PackageManager( 1673):   Type: "video"
I/PackageManager( 1673):   mPriority=0, mHasPartialTypes=true
I/PackageManager( 1673):   Action: "android.intent.action.VIEW"
I/PackageManager( 1673):   Category: "android.intent.category.DEFAULT"
I/PackageManager( 1673):   Category: "android.intent.category.BROWSABLE"
I/PackageManager( 1673):   Scheme: "http"
I/PackageManager( 1673):   Type: "video"
I/PackageManager( 1673):   mPriority=0, mHasPartialTypes=true
I/PackageManager( 1673): Adding preferred activity ComponentInfo{com.htc.streamplayer/com.htc.streamplayer.VideoPlayerActivity}:
I/PackageManager( 1673): Adding preferred activity ComponentInfo{com.htc.streamplayer/com.htc.streamplayer.VideoPlayerActivity}:
I/PackageManager( 1673):   Action: "android.intent.action.VIEW"
I/PackageManager( 1673):   Category: "android.intent.category.DEFAULT"
I/PackageManager( 1673):   Scheme: "http"
I/PackageManager( 1673):   Type: "audio"
I/PackageManager( 1673):   mPriority=0, mHasPartialTypes=true
I/PackageManager( 1673):   Action: "android.intent.action.VIEW"
I/PackageManager( 1673):   Category: "android.intent.category.DEFAULT"
I/PackageManager( 1673):   Category: "android.intent.category.BROWSABLE"
I/PackageManager( 1673):   Scheme: "http"
I/PackageManager( 1673):   Type: "audio"
I/PackageManager( 1673):   mPriority=0, mHasPartialTypes=true
I/PackageManager( 1673): Adding preferred activity ComponentInfo{com.htc.streamplayer/com.htc.streamplayer.VideoPlayerActivity}:
I/PackageManager( 1673): Adding preferred activity ComponentInfo{com.htc.streamplayer/com.htc.streamplayer.VideoPlayerActivity}:
I/PackageManager( 1673):   Action: "android.intent.action.VIEW"
I/PackageManager( 1673):   Category: "android.intent.category.DEFAULT"
I/PackageManager( 1673):   Scheme: "rtsp"
I/PackageManager( 1673):   Action: "android.intent.action.VIEW"
I/PackageManager( 1673):   Category: "android.intent.category.DEFAULT"
I/PackageManager( 1673):   Category: "android.intent.category.BROWSABLE"
I/PackageManager( 1673):   Scheme: "rtsp"
D/HtcAppAssociationsUtils (Dispatcher)(16308):  @@@@@ getPreferredActivity():      return package=com.htc.streamplayer/com.htc.streamplayer.VideoPlayerActivity
I/HtcAppAssociationsUtils (Dispatcher)(16308):  @@@@@ getPreferredActivity(): Enter.
I/HtcAppAssociationsUtils (Dispatcher)(16308):  @@@@@ getPreferredActivity():      category=Map category
I/HtcAppAssociationsUtils (Dispatcher)(16308):  @@@@@ getPreferredActivity():      add=true
I/PackageManager( 1673): Adding preferred activity ComponentInfo{com.htc.streamplayer/com.htc.streamplayer.VideoPlayerActivity}:
I/PackageManager( 1673): Adding preferred activity ComponentInfo{com.htc.streamplayer/com.htc.streamplayer.VideoPlayerActivity}:
D/dalvikvm(16308): GC_CONCURRENT freed 397K, 50% free 2924K/5831K, external 0K/0K, paused 2ms+2ms
D/dalvikvm( 1673): GC_EXPLICIT freed 1787K, 33% free 10212K/15047K, external 2541K/3173K, paused 113ms
D/HtcAppAssociationsUtils (Dispatcher)(16308):  @@@@@ getPreferredActivity():      Go DB ------
I/PackageManager( 1673):   Action: "android.intent.action.VIEW"
I/PackageManager( 1673):   Category: "android.intent.category.DEFAULT"
I/PackageManager( 1673):   Scheme: "geo"
I/PackageManager( 1673):   Action: "android.intent.action.VIEW"
I/PackageManager( 1673):   Category: "android.intent.category.DEFAULT"
I/PackageManager( 1673):   Category: "android.intent.category.BROWSABLE"
I/PackageManager( 1673):   Scheme: "geo"
I/PackageManager( 1673): Adding preferred activity ComponentInfo{com.google.android.apps.maps/com.google.android.maps.MapsActivity}:
I/PackageManager( 1673): Adding preferred activity ComponentInfo{com.google.android.apps.maps/com.google.android.maps.MapsActivity}:
I/PackageManager( 1673):   Action: "android.intent.action.VIEW"
I/PackageManager( 1673):   Category: "android.intent.category.DEFAULT"
I/PackageManager( 1673):   Scheme: "http://maps.google.com/maps?f=q&geocode=&q="
I/PackageManager( 1673):   Scheme: "http://maps.google.com/maps?q="
I/PackageManager( 1673):   Scheme: "http://maps.google.com/maps?"
I/PackageManager( 1673):   Action: "android.intent.action.VIEW"
I/PackageManager( 1673):   Category: "android.intent.category.DEFAULT"
I/PackageManager( 1673):   Category: "android.intent.category.BROWSABLE"
I/PackageManager( 1673):   Scheme: "http://maps.google.com/maps?f=q&geocode=&q="
I/PackageManager( 1673):   Scheme: "http://maps.google.com/maps?q="
I/PackageManager( 1673):   Scheme: "http://maps.google.com/maps?"
D/HtcAppAssociationsUtils (Dispatcher)(16308):  @@@@@ getPreferredActivity():      return package=com.google.android.apps.maps/com.google.android.maps.MapsActivity
I/HtcAppAssociationsUtils (Dispatcher)(16308):  @@@@@ getPreferredActivity(): Enter.
I/HtcAppAssociationsUtils (Dispatcher)(16308):  @@@@@ getPreferredActivity():      category=Location category
I/HtcAppAssociationsUtils (Dispatcher)(16308):  @@@@@ getPreferredActivity():      add=true
I/PackageManager( 1673): Adding preferred activity ComponentInfo{com.google.android.apps.maps/com.google.android.maps.MapsActivity}:
I/PackageManager( 1673): Adding preferred activity ComponentInfo{com.google.android.apps.maps/com.google.android.maps.MapsActivity}:
D/HtcAppAssociationsUtils (Dispatcher)(16308):  @@@@@ getPreferredActivity():      Go DB ------
I/PackageManager( 1673): Adding preferred activity ComponentInfo{com.google.android.apps.maps/com.google.android.maps.MapsActivity}:
I/PackageManager( 1673):   Action: "android.intent.action.VIEW"
I/PackageManager( 1673):   Category: "android.intent.category.DEFAULT"
I/PackageManager( 1673):   Scheme: "http://maps.google.com/maps?f=q&geocode=&q="
I/PackageManager( 1673):   Scheme: "http://maps.google.com/maps?q="
I/PackageManager( 1673):   Scheme: "http://maps.google.com/maps?"
I/PackageManager( 1673):   Action: "android.intent.action.VIEW"
I/PackageManager( 1673):   Category: "android.intent.category.DEFAULT"
I/PackageManager( 1673):   Category: "android.intent.category.BROWSABLE"
I/PackageManager( 1673):   Scheme: "http://maps.google.com/maps?f=q&geocode=&q="
I/PackageManager( 1673):   Scheme: "http://maps.google.com/maps?q="
I/PackageManager( 1673):   Scheme: "http://maps.google.com/maps?"
I/PackageManager( 1673): Adding preferred activity ComponentInfo{com.google.android.apps.maps/com.google.android.maps.MapsActivity}:
I/PackageManager( 1673):   Action: "android.intent.action.VIEW"
I/PackageManager( 1673):   Category: "android.intent.category.DEFAULT"
I/PackageManager( 1673):   Scheme: "geo"
I/PackageManager( 1673):   Action: "android.intent.action.VIEW"
I/PackageManager( 1673):   Category: "android.intent.category.DEFAULT"
I/PackageManager( 1673):   Category: "android.intent.category.BROWSABLE"
I/PackageManager( 1673):   Scheme: "geo"
D/HtcAppAssociationsUtils (Dispatcher)(16308):  @@@@@ getPreferredActivity():      return package=com.google.android.apps.maps/com.google.android.maps.MapsActivity
I/PackageManager( 1673): Adding preferred activity ComponentInfo{com.google.android.apps.maps/com.google.android.maps.MapsActivity}:
I/PackageManager( 1673): Adding preferred activity ComponentInfo{com.google.android.apps.maps/com.google.android.maps.MapsActivity}:
I/HtcAppAssociationsUtils (Dispatcher)(16308):  @@@@@ getPreferredActivity(): Enter.
I/HtcAppAssociationsUtils (Dispatcher)(16308):  @@@@@ getPreferredActivity():      category=Phone category
I/HtcAppAssociationsUtils (Dispatcher)(16308):  @@@@@ getPreferredActivity():      add=true
D/dalvikvm(16055): GC_EXPLICIT freed 193K, 47% free 2937K/5511K, external 0K/0K, paused 26ms
D/HtcAppAssociationsUtils (Dispatcher)(16308):  @@@@@ getPreferredActivity():      Go DB ------
I/PackageManager( 1673):   Action: "android.intent.action.VIEW"
I/PackageManager( 1673):   Category: "android.intent.category.DEFAULT"
I/PackageManager( 1673):   Scheme: "tel"
I/PackageManager( 1673):   Action: "android.intent.action.VIEW"
I/PackageManager( 1673):   Category: "android.intent.category.DEFAULT"
I/PackageManager( 1673):   Category: "android.intent.category.BROWSABLE"
I/PackageManager( 1673):   Scheme: "tel"
I/PackageManager( 1673): Adding preferred activity ComponentInfo{com.android.htcdialer/com.android.htcdialer.Dialer}:
I/PackageManager( 1673): Adding preferred activity ComponentInfo{com.android.htcdialer/com.android.htcdialer.Dialer}:
I/PackageManager( 1673):   Action: "android.intent.action.DIAL"
I/PackageManager( 1673):   Category: "android.intent.category.DEFAULT"
I/PackageManager( 1673):   Scheme: "tel"
I/PackageManager( 1673):   Action: "android.intent.action.DIAL"
I/PackageManager( 1673):   Category: "android.intent.category.DEFAULT"
I/PackageManager( 1673):   Category: "android.intent.category.BROWSABLE"
I/PackageManager( 1673):   Scheme: "tel"
I/PackageManager( 1673):   Action: "android.intent.action.DIAL"
I/PackageManager( 1673):   Category: "android.intent.category.DEFAULT"
I/PackageManager( 1673):   Action: "android.intent.action.DIAL"
I/PackageManager( 1673):   Category: "android.intent.category.DEFAULT"
I/PackageManager( 1673):   Category: "android.intent.category.BROWSABLE"
D/HtcAppAssociationsUtils (Dispatcher)(16308):  @@@@@ getPreferredActivity():      return package=com.android.htcdialer/com.android.htcdialer.Dialer
I/HtcAppAssociationsUtils (Dispatcher)(16308):  @@@@@ getPreferredActivity(): Enter.
I/HtcAppAssociationsUtils (Dispatcher)(16308):  @@@@@ getPreferredActivity():      category=Mail category
I/HtcAppAssociationsUtils (Dispatcher)(16308):  @@@@@ getPreferredActivity():      add=true
I/PackageManager( 1673): Adding preferred activity ComponentInfo{com.android.htcdialer/com.android.htcdialer.Dialer}:
I/PackageManager( 1673): Adding preferred activity ComponentInfo{com.android.htcdialer/com.android.htcdialer.Dialer}:
I/PackageManager( 1673): Adding preferred activity ComponentInfo{com.android.htcdialer/com.android.htcdialer.Dialer}:
I/PackageManager( 1673): Adding preferred activity ComponentInfo{com.android.htcdialer/com.android.htcdialer.Dialer}:
D/HtcAppAssociationsUtils (Dispatcher)(16308):  @@@@@ getPreferredActivity():      Go DB ------
I/PackageManager( 1673):   Action: "android.intent.action.VIEW"
I/PackageManager( 1673):   Action: "android.intent.action.SENDTO"
I/PackageManager( 1673):   Category: "android.intent.category.DEFAULT"
I/PackageManager( 1673): Adding preferred activity ComponentInfo{com.htc.android.mail/com.htc.android.mail.ComposeActivity}:
I/PackageManager( 1673):   Scheme: "mailto"
I/PackageManager( 1673):   Action: "android.intent.action.VIEW"
I/PackageManager( 1673):   Action: "android.intent.action.SENDTO"
I/PackageManager( 1673):   Category: "android.intent.category.DEFAULT"
I/PackageManager( 1673):   Category: "android.intent.category.BROWSABLE"
I/PackageManager( 1673):   Scheme: "mailto"
D/HtcAppAssociationsUtils (Dispatcher)(16308):  @@@@@ getPreferredActivity():      return package=com.htc.android.mail/com.htc.android.mail.ComposeActivity
I/HtcAppAssociationsUtils (Dispatcher)(16308):  @@@@@ getPreferredActivity(): Enter.
I/HtcAppAssociationsUtils (Dispatcher)(16308):  @@@@@ getPreferredActivity():      category=Web category
I/HtcAppAssociationsUtils (Dispatcher)(16308):  @@@@@ getPreferredActivity():      add=true
I/PackageManager( 1673): Adding preferred activity ComponentInfo{com.htc.android.mail/com.htc.android.mail.ComposeActivity}:
D/HtcAppAssociationsUtils (Dispatcher)(16308):  @@@@@ getPreferredActivity():      Go DB ------
I/PackageManager( 1673):   Action: "android.intent.action.VIEW"
I/PackageManager( 1673):   Category: "android.intent.category.DEFAULT"
I/PackageManager( 1673):   Category: "android.intent.category.BROWSABLE"
I/PackageManager( 1673):   Scheme: "http"
I/PackageManager( 1673):   Scheme: "https"
D/HtcAppAssociationsUtils (Dispatcher)(16308):  @@@@@ getPreferredActivity():      return package=com.android.browser/com.android.browser.BrowserActivity
E/TrafficStats( 1673): [QCTMM]tryAll index=0
E/TrafficStats( 1673): [QCTMM]tryAll index=1
E/TrafficStats( 1673): [QCTMM]tryAll index=2
I/PackageManager( 1673): Adding preferred activity ComponentInfo{com.android.browser/com.android.browser.BrowserActivity}:
E/TrafficStats( 1673): [QCTMM]tryAll index=0
E/TrafficStats( 1673): [QCTMM]tryAll index=1
E/TrafficStats( 1673): [QCTMM]tryAll index=2
D/DATA    ( 1860): [QCTMM] DataNetStatistics sent == 0 && received == 0 newActivity=NONE
D/DATA    ( 1860): sentSinceLastRecv=0,watchdogTrigger=10,maxindex=0
I/ActivityManager( 1673): Start proc com.onavo.android.onavoid:service for service com.onavo.android.onavoid/.service.BackgroundService: pid=17681 uid=10155 gids={3003}
I/BugSenseHandler(17681): Registering default exceptions handler
D/BugSenseHandler(17681): Looking for exceptions in: /data/data/com.onavo.android.onavoid/files
D/BugSenseHandler(17681): Found 0 stacktrace(s)
I/ServiceContext.set()(17681): Setting service context...
D/Socket_Alarm(17681): registerHTCSocketMonitorCallBack
D/Socket_Alarm(17681): set mSocketMonitor
D/Socket_Alarm(17681): HTCSocketMonitorImpl::HTCSocketMonitorImpl
I/ActivityManager( 1673): Start proc com.onavo.android.onavoid for broadcast com.onavo.android.onavoid/.service.PingReceiver: pid=17689 uid=10155 gids={3003}
I/BugSenseHandler(17689): Registering default exceptions handler
D/BugSenseHandler(17689): Looking for exceptions in: /data/data/com.onavo.android.onavoid/files
D/BugSenseHandler(17689): Found 0 stacktrace(s)
D/dalvikvm(17681): GC_CONCURRENT freed 99K, 43% free 3235K/5639K, external 0K/0K, paused 2ms+2ms
D/dalvikvm(17681): GC_CONCURRENT freed 736K, 51% free 3038K/6087K, external 0K/0K, paused 2ms+2ms
E/TrafficStats( 1673): [QCTMM]tryAll index=0
E/TrafficStats( 1673): [QCTMM]tryAll index=1
E/TrafficStats( 1673): [QCTMM]tryAll index=2
E/TrafficStats( 1673): [QCTMM]tryAll index=0
E/TrafficStats( 1673): [QCTMM]tryAll index=1
E/TrafficStats( 1673): [QCTMM]tryAll index=2
D/DATA    ( 1860): [QCTMM] DataNetStatistics sent == 0 && received == 0 newActivity=NONE
D/DATA    ( 1860): sentSinceLastRecv=0,watchdogTrigger=10,maxindex=0
D/Database(17681): dbopen(): path = /data/data/com.onavo.android.onavoid/databases/google_analytics.db, flag = 6, file size = 20480
I/Database(17681): sqlite returned: error code = 0, msg = Recovered 18 frames from WAL file /data/data/com.onavo.android.onavoid/databases/google_analytics.db-wal
D/Database(17681): dbopen(): path = /data/data/com.onavo.android.onavoid/databases/google_analytics.db, mode: wal, disk free size: 2000 M, handle: 0x347e28
D/Database(17681): dbopen(): path = /data/data/com.onavo.android.onavoid/databases/total_traffic, flag = 6, file size = 125952
D/Database(17681): dbopen(): path = /data/data/com.onavo.android.onavoid/databases/total_traffic, mode: wal, disk free size: 2000 M, handle: 0x364a28
D/Database(17681): dbclose(): path = /data/data/com.onavo.android.onavoid/databases/total_traffic, handle = 0x364a28
D/Database(17681): dbopen(): path = /data/data/com.onavo.android.onavoid/databases/app_traffic, flag = 6, file size = 1971200
D/Database(17681): dbopen(): path = /data/data/com.onavo.android.onavoid/databases/app_traffic, mode: wal, disk free size: 2000 M, handle: 0x365b98
D/Database(17681): dbclose(): path = /data/data/com.onavo.android.onavoid/databases/app_traffic, handle = 0x365b98
D/Database(17681): dbopen(): path = /data/data/com.onavo.android.onavoid/databases/app_traffic, flag = 6, file size = 1971200
D/Database(17681): dbopen(): path = /data/data/com.onavo.android.onavoid/databases/app_traffic, mode: wal, disk free size: 2000 M, handle: 0x366e60
D/Database(17681): dbclose(): path = /data/data/com.onavo.android.onavoid/databases/app_traffic, handle = 0x366e60
D/Database(17681): dbopen(): path = /data/data/com.onavo.android.onavoid/databases/app_traffic, flag = 6, file size = 1971200
D/Database(17681): dbopen(): path = /data/data/com.onavo.android.onavoid/databases/app_traffic, mode: wal, disk free size: 2000 M, handle: 0x368150
D/Database(17681): dbclose(): path = /data/data/com.onavo.android.onavoid/databases/app_traffic, handle = 0x368150
D/Database(17681): dbopen(): path = /data/data/com.onavo.android.onavoid/databases/app_traffic, flag = 6, file size = 1971200
D/Database(17681): dbopen(): path = /data/data/com.onavo.android.onavoid/databases/app_traffic, mode: wal, disk free size: 2000 M, handle: 0x369440
D/Database(17681): dbclose(): path = /data/data/com.onavo.android.onavoid/databases/app_traffic, handle = 0x369440
D/Database(17681): dbopen(): path = /data/data/com.onavo.android.onavoid/databases/app_traffic, flag = 6, file size = 1971200
D/Database(17681): dbopen(): path = /data/data/com.onavo.android.onavoid/databases/app_traffic, mode: wal, disk free size: 2000 M, handle: 0x36a730
D/Database(17681): dbclose(): path = /data/data/com.onavo.android.onavoid/databases/app_traffic, handle = 0x36a730
D/Database(17681): dbopen(): path = /data/data/com.onavo.android.onavoid/databases/app_traffic, flag = 6, file size = 1971200
D/Database(17681): dbopen(): path = /data/data/com.onavo.android.onavoid/databases/app_traffic, mode: wal, disk free size: 2000 M, handle: 0x36ba20
D/Database(17681): dbclose(): path = /data/data/com.onavo.android.onavoid/databases/app_traffic, handle = 0x36ba20
D/Database(17681): dbopen(): path = /data/data/com.onavo.android.onavoid/databases/app_traffic, flag = 6, file size = 1971200
D/Database(17681): dbopen(): path = /data/data/com.onavo.android.onavoid/databases/app_traffic, mode: wal, disk free size: 2000 M, handle: 0x36cd10
D/Database(17681): dbclose(): path = /data/data/com.onavo.android.onavoid/databases/app_traffic, handle = 0x36cd10
D/Database(17681): dbopen(): path = /data/data/com.onavo.android.onavoid/databases/app_traffic, flag = 6, file size = 1971200
D/Database(17681): dbopen(): path = /data/data/com.onavo.android.onavoid/databases/app_traffic, mode: wal, disk free size: 2000 M, handle: 0x36e000
D/Database(17681): dbclose(): path = /data/data/com.onavo.android.onavoid/databases/app_traffic, handle = 0x36e000
D/Database(17681): dbopen(): path = /data/data/com.onavo.android.onavoid/databases/app_traffic, flag = 6, file size = 1971200
D/Database(17681): dbopen(): path = /data/data/com.onavo.android.onavoid/databases/app_traffic, mode: wal, disk free size: 2000 M, handle: 0x36f2f0
D/Database(17681): dbclose(): path = /data/data/com.onavo.android.onavoid/databases/app_traffic, handle = 0x36f2f0
D/Database(17681): dbopen(): path = /data/data/com.onavo.android.onavoid/databases/app_traffic, flag = 6, file size = 1971200
D/Database(17681): dbopen(): path = /data/data/com.onavo.android.onavoid/databases/app_traffic, mode: wal, disk free size: 2000 M, handle: 0x3705e0
D/Database(17681): dbclose(): path = /data/data/com.onavo.android.onavoid/databases/app_traffic, handle = 0x3705e0
D/Database(17681): dbopen(): path = /data/data/com.onavo.android.onavoid/databases/app_traffic, flag = 6, file size = 1972224
D/Database(17681): dbopen(): path = /data/data/com.onavo.android.onavoid/databases/app_traffic, mode: wal, disk free size: 2000 M, handle: 0x3718d0
D/Database(17681): dbclose(): path = /data/data/com.onavo.android.onavoid/databases/app_traffic, handle = 0x3718d0
D/Database(17681): dbopen(): path = /data/data/com.onavo.android.onavoid/databases/app_traffic, flag = 6, file size = 1972224
D/Database(17681): dbopen(): path = /data/data/com.onavo.android.onavoid/databases/app_traffic, mode: wal, disk free size: 2000 M, handle: 0x371ec8
D/Database(17681): dbclose(): path = /data/data/com.onavo.android.onavoid/databases/app_traffic, handle = 0x371ec8
D/Database(17681): dbopen(): path = /data/data/com.onavo.android.onavoid/databases/app_traffic, flag = 6, file size = 1972224
D/Database(17681): dbopen(): path = /data/data/com.onavo.android.onavoid/databases/app_traffic, mode: wal, disk free size: 2000 M, handle: 0x3730a0
D/Database(17681): dbclose(): path = /data/data/com.onavo.android.onavoid/databases/app_traffic, handle = 0x3730a0
D/Database(17681): dbopen(): path = /data/data/com.onavo.android.onavoid/databases/app_traffic, flag = 6, file size = 1972224
D/Database(17681): dbopen(): path = /data/data/com.onavo.android.onavoid/databases/app_traffic, mode: wal, disk free size: 2000 M, handle: 0x3752f8
D/Database(17681): dbclose(): path = /data/data/com.onavo.android.onavoid/databases/app_traffic, handle = 0x3752f8
D/Database(17681): dbopen(): path = /data/data/com.onavo.android.onavoid/databases/app_traffic, flag = 6, file size = 1972224
D/Database(17681): dbopen(): path = /data/data/com.onavo.android.onavoid/databases/app_traffic, mode: wal, disk free size: 2000 M, handle: 0x3765e8
D/Database(17681): dbclose(): path = /data/data/com.onavo.android.onavoid/databases/app_traffic, handle = 0x3765e8
D/Database(17681): dbopen(): path = /data/data/com.onavo.android.onavoid/databases/app_traffic, flag = 6, file size = 1972224
D/Database(17681): dbopen(): path = /data/data/com.onavo.android.onavoid/databases/app_traffic, mode: wal, disk free size: 2000 M, handle: 0x37b750
D/Database(17681): dbclose(): path = /data/data/com.onavo.android.onavoid/databases/app_traffic, handle = 0x37b750
D/Database(17681): dbopen(): path = /data/data/com.onavo.android.onavoid/databases/app_traffic, flag = 6, file size = 1972224
D/Database(17681): dbopen(): path = /data/data/com.onavo.android.onavoid/databases/app_traffic, mode: wal, disk free size: 2000 M, handle: 0x3819c0
D/dalvikvm(17681): GC_CONCURRENT freed 327K, 49% free 3111K/6087K, external 0K/0K, paused 2ms+4ms
D/Database(17681): dbclose(): path = /data/data/com.onavo.android.onavoid/databases/app_traffic, handle = 0x3819c0
D/Database(17681): dbopen(): path = /data/data/com.onavo.android.onavoid/databases/app_traffic, flag = 6, file size = 1972224
D/Database(17681): dbopen(): path = /data/data/com.onavo.android.onavoid/databases/app_traffic, mode: wal, disk free size: 2000 M, handle: 0x355868
D/Database(17681): dbclose(): path = /data/data/com.onavo.android.onavoid/databases/app_traffic, handle = 0x355868
D/Database(17681): dbopen(): path = /data/data/com.onavo.android.onavoid/databases/app_traffic, flag = 6, file size = 1972224
D/Database(17681): dbopen(): path = /data/data/com.onavo.android.onavoid/databases/app_traffic, mode: wal, disk free size: 2000 M, handle: 0x355868
D/Database(17681): dbclose(): path = /data/data/com.onavo.android.onavoid/databases/app_traffic, handle = 0x355868
D/Database(17681): dbopen(): path = /data/data/com.onavo.android.onavoid/databases/app_traffic, flag = 6, file size = 1972224
D/Database(17681): dbopen(): path = /data/data/com.onavo.android.onavoid/databases/app_traffic, mode: wal, disk free size: 2000 M, handle: 0x355868
D/Database(17681): dbclose(): path = /data/data/com.onavo.android.onavoid/databases/app_traffic, handle = 0x355868
E/TrafficStats( 1673): [QCTMM]tryAll index=0
E/TrafficStats( 1673): [QCTMM]tryAll index=1
E/TrafficStats( 1673): [QCTMM]tryAll index=2
E/TrafficStats( 1673): [QCTMM]tryAll index=0
E/TrafficStats( 1673): [QCTMM]tryAll index=1
E/TrafficStats( 1673): [QCTMM]tryAll index=2
D/DATA    ( 1860): [QCTMM] DataNetStatistics sent == 0 && received == 0 newActivity=NONE
D/DATA    ( 1860): sentSinceLastRecv=0,watchdogTrigger=10,maxindex=0
D/Database(17681): dbopen(): path = /data/data/com.onavo.android.onavoid/databases/app_traffic, flag = 6, file size = 1973248
D/Database(17681): dbopen(): path = /data/data/com.onavo.android.onavoid/databases/app_traffic, mode: wal, disk free size: 2000 M, handle: 0x355868
D/Database(17681): dbclose(): path = /data/data/com.onavo.android.onavoid/databases/app_traffic, handle = 0x355868
D/Database(17681): dbopen(): path = /data/data/com.onavo.android.onavoid/databases/app_traffic, flag = 6, file size = 1973248
D/Database(17681): dbopen(): path = /data/data/com.onavo.android.onavoid/databases/app_traffic, mode: wal, disk free size: 2000 M, handle: 0x355868
D/Database(17681): dbclose(): path = /data/data/com.onavo.android.onavoid/databases/app_traffic, handle = 0x355868
D/Database(17681): dbopen(): path = /data/data/com.onavo.android.onavoid/databases/app_traffic, flag = 6, file size = 1973248
D/Database(17681): dbopen(): path = /data/data/com.onavo.android.onavoid/databases/app_traffic, mode: wal, disk free size: 2000 M, handle: 0x355868
D/Database(17681): dbclose(): path = /data/data/com.onavo.android.onavoid/databases/app_traffic, handle = 0x355868
D/Database(17681): dbopen(): path = /data/data/com.onavo.android.onavoid/databases/app_traffic, flag = 6, file size = 1973248
D/Database(17681): dbopen(): path = /data/data/com.onavo.android.onavoid/databases/app_traffic, mode: wal, disk free size: 2000 M, handle: 0x355868
D/Database(17681): dbclose(): path = /data/data/com.onavo.android.onavoid/databases/app_traffic, handle = 0x355868
D/Database(17681): dbopen(): path = /data/data/com.onavo.android.onavoid/databases/app_traffic, flag = 6, file size = 1973248
D/Database(17681): dbopen(): path = /data/data/com.onavo.android.onavoid/databases/app_traffic, mode: wal, disk free size: 2000 M, handle: 0x355868
D/Database(17681): dbclose(): path = /data/data/com.onavo.android.onavoid/databases/app_traffic, handle = 0x355868
D/Database(17681): dbopen(): path = /data/data/com.onavo.android.onavoid/databases/app_traffic, flag = 6, file size = 1973248
D/Database(17681): dbopen(): path = /data/data/com.onavo.android.onavoid/databases/app_traffic, mode: wal, disk free size: 2000 M, handle: 0x355868
D/Database(17681): dbclose(): path = /data/data/com.onavo.android.onavoid/databases/app_traffic, handle = 0x355868
D/Database(17681): dbopen(): path = /data/data/com.onavo.android.onavoid/databases/app_traffic, flag = 6, file size = 1973248
D/Database(17681): dbopen(): path = /data/data/com.onavo.android.onavoid/databases/app_traffic, mode: wal, disk free size: 2000 M, handle: 0x355868
D/Database(17681): dbclose(): path = /data/data/com.onavo.android.onavoid/databases/app_traffic, handle = 0x355868
D/Database(17681): dbopen(): path = /data/data/com.onavo.android.onavoid/databases/app_traffic, flag = 6, file size = 1973248
D/Database(17681): dbopen(): path = /data/data/com.onavo.android.onavoid/databases/app_traffic, mode: wal, disk free size: 2000 M, handle: 0x355868
D/Database(17681): dbclose(): path = /data/data/com.onavo.android.onavoid/databases/app_traffic, handle = 0x355868
D/Database(17681): dbopen(): path = /data/data/com.onavo.android.onavoid/databases/app_traffic, flag = 6, file size = 1973248
D/Database(17681): dbopen(): path = /data/data/com.onavo.android.onavoid/databases/app_traffic, mode: wal, disk free size: 2000 M, handle: 0x355868
D/Database(17681): dbclose(): path = /data/data/com.onavo.android.onavoid/databases/app_traffic, handle = 0x355868
D/Database(17681): dbopen(): path = /data/data/com.onavo.android.onavoid/databases/app_traffic, flag = 6, file size = 1973248
D/Database(17681): dbopen(): path = /data/data/com.onavo.android.onavoid/databases/app_traffic, mode: wal, disk free size: 2000 M, handle: 0x355868
D/Database(17681): dbclose(): path = /data/data/com.onavo.android.onavoid/databases/app_traffic, handle = 0x355868
D/Database(17681): dbopen(): path = /data/data/com.onavo.android.onavoid/databases/app_traffic, flag = 6, file size = 1974272
D/Database(17681): dbopen(): path = /data/data/com.onavo.android.onavoid/databases/app_traffic, mode: wal, disk free size: 2000 M, handle: 0x355868
D/Database(17681): dbclose(): path = /data/data/com.onavo.android.onavoid/databases/app_traffic, handle = 0x355868
E/TrafficStats(17681): [QCTMM]tryAll index=0
E/TrafficStats(17681): [QCTMM]tryAll index=1
E/TrafficStats(17681): [QCTMM]tryAll index=2
E/TrafficStats(17681): [QCTMM]tryAll index=0
E/TrafficStats(17681): [QCTMM]tryAll index=1
E/TrafficStats(17681): [QCTMM]tryAll index=2
E/TrafficStats(17681): [QCTMM]tryAll index=0
E/TrafficStats(17681): [QCTMM]tryAll index=1
E/TrafficStats(17681): [QCTMM]tryAll index=2
E/TrafficStats(17681): [QCTMM]tryAll index=0
E/TrafficStats(17681): [QCTMM]tryAll index=1
E/TrafficStats(17681): [QCTMM]tryAll index=2
D/Database(17681): dbopen(): path = /data/data/com.onavo.android.onavoid/databases/total_traffic, flag = 6, file size = 125952
D/Database(17681): dbopen(): path = /data/data/com.onavo.android.onavoid/databases/total_traffic, mode: wal, disk free size: 2000 M, handle: 0x355868
D/Database(17681): dbclose(): path = /data/data/com.onavo.android.onavoid/databases/total_traffic, handle = 0x355868
D/Database(17681): dbopen(): path = /data/data/com.onavo.android.onavoid/databases/app_traffic, flag = 6, file size = 1974272
D/Database(17681): dbopen(): path = /data/data/com.onavo.android.onavoid/databases/app_traffic, mode: wal, disk free size: 2000 M, handle: 0x355868
D/Database(17681): dbclose(): path = /data/data/com.onavo.android.onavoid/databases/app_traffic, handle = 0x355868
E/TrafficStats(17681): [QCTMM]tryAll index=0
E/TrafficStats(17681): [QCTMM]tryAll index=1
E/TrafficStats(17681): [QCTMM]tryAll index=2
E/TrafficStats(17681): [QCTMM]tryAll index=0
E/TrafficStats(17681): [QCTMM]tryAll index=1
E/TrafficStats(17681): [QCTMM]tryAll index=2
E/TrafficStats(17681): [QCTMM]tryAll index=0
E/TrafficStats(17681): [QCTMM]tryAll index=1
E/TrafficStats(17681): [QCTMM]tryAll index=2
E/TrafficStats(17681): [QCTMM]tryAll index=0
E/TrafficStats(17681): [QCTMM]tryAll index=1
E/TrafficStats(17681): [QCTMM]tryAll index=2
E/TrafficStats(17681): [QCTMM]tryAll index=0
