E/TrafficStats(17681): [QCTMM]tryAll index=1
E/TrafficStats(17681): [QCTMM]tryAll index=2
E/TrafficStats(17681): [QCTMM]tryAll index=0
E/TrafficStats(17681): [QCTMM]tryAll index=1
E/TrafficStats(17681): [QCTMM]tryAll index=2
E/TrafficStats( 1673): [QCTMM]tryAll index=0
E/TrafficStats( 1673): [QCTMM]tryAll index=1
E/TrafficStats( 1673): [QCTMM]tryAll index=2
E/TrafficStats(17681): [QCTMM]tryAll index=0
E/TrafficStats( 1673): [QCTMM]tryAll index=0
E/TrafficStats( 1673): [QCTMM]tryAll index=1
E/TrafficStats( 1673): [QCTMM]tryAll index=2
D/DATA    ( 1860): [QCTMM] DataNetStatistics sent == 0 && received == 0 newActivity=NONE
D/DATA    ( 1860): sentSinceLastRecv=0,watchdogTrigger=10,maxindex=0
E/TrafficStats(17681): [QCTMM]tryAll index=1
E/TrafficStats(17681): [QCTMM]tryAll index=2
E/TrafficStats(17681): [QCTMM]tryAll index=0
E/TrafficStats(17681): [QCTMM]tryAll index=1
E/TrafficStats(17681): [QCTMM]tryAll index=2
E/TrafficStats(17681): [QCTMM]tryAll index=0
E/TrafficStats(17681): [QCTMM]tryAll index=1
E/TrafficStats(17681): [QCTMM]tryAll index=2
E/TrafficStats(17681): [QCTMM]tryAll index=0
E/TrafficStats(17681): [QCTMM]tryAll index=1
E/TrafficStats(17681): [QCTMM]tryAll index=2
E/TrafficStats(17681): [QCTMM]tryAll index=0
E/TrafficStats(17681): [QCTMM]tryAll index=1
E/TrafficStats(17681): [QCTMM]tryAll index=2
E/TrafficStats(17681): [QCTMM]tryAll index=0
E/TrafficStats(17681): [QCTMM]tryAll index=1
E/TrafficStats(17681): [QCTMM]tryAll index=2
D/dalvikvm(17681): GC_CONCURRENT freed 358K, 49% free 3157K/6087K, external 0K/0K, paused 7ms+2ms
D/Database(17681): dbopen(): path = /data/data/com.onavo.android.onavoid/databases/ui_events, flag = 6, file size = 14067712
D/Database(17681): dbopen(): path = /data/data/com.onavo.android.onavoid/databases/ui_events, mode: wal, disk free size: 2000 M, handle: 0x3710a0
D/Database(17681): dbopen(): path = /data/data/com.onavo.android.onavoid/databases/total_traffic, flag = 6, file size = 125952
D/Database(17681): dbopen(): path = /data/data/com.onavo.android.onavoid/databases/total_traffic, mode: wal, disk free size: 2000 M, handle: 0x36a048
D/Database(17681): dbclose(): path = /data/data/com.onavo.android.onavoid/databases/ui_events, handle = 0x3710a0
D/Database(17681): dbopen(): path = /data/data/com.onavo.android.onavoid/databases/ui_events, flag = 6, file size = 14067712
D/Database(17681): dbclose(): path = /data/data/com.onavo.android.onavoid/databases/total_traffic, handle = 0x36a048
D/Database(17681): dbopen(): path = /data/data/com.onavo.android.onavoid/databases/ui_events, mode: wal, disk free size: 2000 M, handle: 0x3710a0
D/Database(17681): dbopen(): path = /data/data/com.onavo.android.onavoid/databases/app_traffic, flag = 6, file size = 1974272
D/Database(17681): dbopen(): path = /data/data/com.onavo.android.onavoid/databases/app_traffic, mode: wal, disk free size: 2000 M, handle: 0x367258
D/Database(17681): dbclose(): path = /data/data/com.onavo.android.onavoid/databases/ui_events, handle = 0x3710a0
D/Database(17681): dbclose(): path = /data/data/com.onavo.android.onavoid/databases/app_traffic, handle = 0x367258
D/Database(17681): dbopen(): path = /data/data/com.onavo.android.onavoid/databases/app_traffic, flag = 6, file size = 1974272
D/Database(17681): dbopen(): path = /data/data/com.onavo.android.onavoid/databases/app_traffic, mode: wal, disk free size: 2000 M, handle: 0x3710a0
E/TrafficStats( 1673): [QCTMM]tryAll index=0
E/TrafficStats( 1673): [QCTMM]tryAll index=1
E/TrafficStats( 1673): [QCTMM]tryAll index=2
E/TrafficStats( 1673): [QCTMM]tryAll index=0
E/TrafficStats( 1673): [QCTMM]tryAll index=1
E/TrafficStats( 1673): [QCTMM]tryAll index=2
D/DATA    ( 1860): [QCTMM] DataNetStatistics sent == 0 && received == 0 newActivity=NONE
D/DATA    ( 1860): sentSinceLastRecv=0,watchdogTrigger=10,maxindex=0
D/Database(17681): dbclose(): path = /data/data/com.onavo.android.onavoid/databases/app_traffic, handle = 0x3710a0
D/Database(17681): dbopen(): path = /data/data/com.onavo.android.onavoid/databases/app_traffic, flag = 6, file size = 1974272
D/Database(17681): dbopen(): path = /data/data/com.onavo.android.onavoid/databases/app_traffic, mode: wal, disk free size: 2000 M, handle: 0x3710a0
D/Database(17681): dbclose(): path = /data/data/com.onavo.android.onavoid/databases/app_traffic, handle = 0x3710a0
D/Database(17681): dbopen(): path = /data/data/com.onavo.android.onavoid/databases/app_traffic, flag = 6, file size = 1974272
D/Database(17681): dbopen(): path = /data/data/com.onavo.android.onavoid/databases/app_traffic, mode: wal, disk free size: 2000 M, handle: 0x3710a0
D/Database(17681): dbclose(): path = /data/data/com.onavo.android.onavoid/databases/app_traffic, handle = 0x3710a0
D/Database(17681): dbopen(): path = /data/data/com.onavo.android.onavoid/databases/app_traffic, flag = 6, file size = 1974272
D/Database(17681): dbopen(): path = /data/data/com.onavo.android.onavoid/databases/app_traffic, mode: wal, disk free size: 2000 M, handle: 0x3710a0
D/Database(17681): dbclose(): path = /data/data/com.onavo.android.onavoid/databases/app_traffic, handle = 0x3710a0
D/Database(17681): dbopen(): path = /data/data/com.onavo.android.onavoid/databases/app_traffic, flag = 6, file size = 1974272
D/Database(17681): dbopen(): path = /data/data/com.onavo.android.onavoid/databases/app_traffic, mode: wal, disk free size: 2000 M, handle: 0x3710a0
D/Database(17681): dbclose(): path = /data/data/com.onavo.android.onavoid/databases/app_traffic, handle = 0x3710a0
D/Database(17681): dbopen(): path = /data/data/com.onavo.android.onavoid/databases/app_traffic, flag = 6, file size = 1974272
D/Database(17681): dbopen(): path = /data/data/com.onavo.android.onavoid/databases/app_traffic, mode: wal, disk free size: 2000 M, handle: 0x3710a0
D/Database(17681): dbclose(): path = /data/data/com.onavo.android.onavoid/databases/app_traffic, handle = 0x3710a0
D/Database(17681): dbopen(): path = /data/data/com.onavo.android.onavoid/databases/app_traffic, flag = 6, file size = 1974272
D/Database(17681): dbopen(): path = /data/data/com.onavo.android.onavoid/databases/app_traffic, mode: wal, disk free size: 2000 M, handle: 0x3710a0
D/Database(17681): dbclose(): path = /data/data/com.onavo.android.onavoid/databases/app_traffic, handle = 0x3710a0
D/Database(17681): dbopen(): path = /data/data/com.onavo.android.onavoid/databases/app_traffic, flag = 6, file size = 1975296
D/Database(17681): dbopen(): path = /data/data/com.onavo.android.onavoid/databases/app_traffic, mode: wal, disk free size: 2000 M, handle: 0x3710a0
D/Database(17681): dbclose(): path = /data/data/com.onavo.android.onavoid/databases/app_traffic, handle = 0x3710a0
D/Database(17681): dbopen(): path = /data/data/com.onavo.android.onavoid/databases/app_traffic, flag = 6, file size = 1975296
D/Database(17681): dbopen(): path = /data/data/com.onavo.android.onavoid/databases/app_traffic, mode: wal, disk free size: 2000 M, handle: 0x3710a0
D/Database(17681): dbclose(): path = /data/data/com.onavo.android.onavoid/databases/app_traffic, handle = 0x3710a0
D/Database(17681): dbopen(): path = /data/data/com.onavo.android.onavoid/databases/app_traffic, flag = 6, file size = 1975296
D/Database(17681): dbopen(): path = /data/data/com.onavo.android.onavoid/databases/app_traffic, mode: wal, disk free size: 2000 M, handle: 0x3710a0
D/Database(17681): dbclose(): path = /data/data/com.onavo.android.onavoid/databases/app_traffic, handle = 0x3710a0
D/Database(17681): dbopen(): path = /data/data/com.onavo.android.onavoid/databases/app_traffic, flag = 6, file size = 1975296
D/Database(17681): dbopen(): path = /data/data/com.onavo.android.onavoid/databases/app_traffic, mode: wal, disk free size: 2000 M, handle: 0x3710a0
D/Database(17681): dbclose(): path = /data/data/com.onavo.android.onavoid/databases/app_traffic, handle = 0x3710a0
D/Database(17681): dbopen(): path = /data/data/com.onavo.android.onavoid/databases/app_traffic, flag = 6, file size = 1975296
D/Database(17681): dbopen(): path = /data/data/com.onavo.android.onavoid/databases/app_traffic, mode: wal, disk free size: 2000 M, handle: 0x3710a0
D/dalvikvm(17681): GC_CONCURRENT freed 343K, 48% free 3206K/6087K, external 0K/0K, paused 3ms+2ms
D/Database(17681): dbclose(): path = /data/data/com.onavo.android.onavoid/databases/app_traffic, handle = 0x3710a0
D/Database(17681): dbopen(): path = /data/data/com.onavo.android.onavoid/databases/app_traffic, flag = 6, file size = 1975296
D/Database(17681): dbopen(): path = /data/data/com.onavo.android.onavoid/databases/app_traffic, mode: wal, disk free size: 2000 M, handle: 0x3710a0
D/Database(17681): dbclose(): path = /data/data/com.onavo.android.onavoid/databases/app_traffic, handle = 0x3710a0
D/Database(17681): dbopen(): path = /data/data/com.onavo.android.onavoid/databases/app_traffic, flag = 6, file size = 1975296
D/Database(17681): dbopen(): path = /data/data/com.onavo.android.onavoid/databases/app_traffic, mode: wal, disk free size: 2000 M, handle: 0x3710a0
D/Database(17681): dbclose(): path = /data/data/com.onavo.android.onavoid/databases/app_traffic, handle = 0x3710a0
D/Database(17681): dbopen(): path = /data/data/com.onavo.android.onavoid/databases/app_traffic, flag = 6, file size = 1975296
D/Database(17681): dbopen(): path = /data/data/com.onavo.android.onavoid/databases/app_traffic, mode: wal, disk free size: 2000 M, handle: 0x3710a0
D/Database(17681): dbclose(): path = /data/data/com.onavo.android.onavoid/databases/app_traffic, handle = 0x3710a0
D/Database(17681): dbopen(): path = /data/data/com.onavo.android.onavoid/databases/app_traffic, flag = 6, file size = 1975296
D/Database(17681): dbopen(): path = /data/data/com.onavo.android.onavoid/databases/app_traffic, mode: wal, disk free size: 2000 M, handle: 0x3710a0
D/Database(17681): dbclose(): path = /data/data/com.onavo.android.onavoid/databases/app_traffic, handle = 0x3710a0
D/Database(17681): dbopen(): path = /data/data/com.onavo.android.onavoid/databases/app_traffic, flag = 6, file size = 1975296
D/Database(17681): dbopen(): path = /data/data/com.onavo.android.onavoid/databases/app_traffic, mode: wal, disk free size: 2000 M, handle: 0x3710a0
D/Database(17681): dbclose(): path = /data/data/com.onavo.android.onavoid/databases/app_traffic, handle = 0x3710a0
D/Database(17681): dbopen(): path = /data/data/com.onavo.android.onavoid/databases/app_traffic, flag = 6, file size = 1976320
D/Database(17681): dbopen(): path = /data/data/com.onavo.android.onavoid/databases/app_traffic, mode: wal, disk free size: 2000 M, handle: 0x3710a0
D/Database(17681): dbclose(): path = /data/data/com.onavo.android.onavoid/databases/app_traffic, handle = 0x3710a0
D/Database(17681): dbopen(): path = /data/data/com.onavo.android.onavoid/databases/app_traffic, flag = 6, file size = 1976320
D/Database(17681): dbopen(): path = /data/data/com.onavo.android.onavoid/databases/app_traffic, mode: wal, disk free size: 2000 M, handle: 0x3710a0
D/Database(17681): dbclose(): path = /data/data/com.onavo.android.onavoid/databases/app_traffic, handle = 0x3710a0
D/Database(17681): dbopen(): path = /data/data/com.onavo.android.onavoid/databases/app_traffic, flag = 6, file size = 1976320
D/Database(17681): dbopen(): path = /data/data/com.onavo.android.onavoid/databases/app_traffic, mode: wal, disk free size: 2000 M, handle: 0x3710a0
D/Database(17681): dbclose(): path = /data/data/com.onavo.android.onavoid/databases/app_traffic, handle = 0x3710a0
D/Database(17681): dbopen(): path = /data/data/com.onavo.android.onavoid/databases/app_traffic, flag = 6, file size = 1976320
D/Database(17681): dbopen(): path = /data/data/com.onavo.android.onavoid/databases/app_traffic, mode: wal, disk free size: 2000 M, handle: 0x3710a0
D/Database(17681): dbclose(): path = /data/data/com.onavo.android.onavoid/databases/app_traffic, handle = 0x3710a0
D/Database(17681): dbopen(): path = /data/data/com.onavo.android.onavoid/databases/app_traffic, flag = 6, file size = 1976320
D/Database(17681): dbopen(): path = /data/data/com.onavo.android.onavoid/databases/app_traffic, mode: wal, disk free size: 2000 M, handle: 0x3710a0
D/Database(17681): dbclose(): path = /data/data/com.onavo.android.onavoid/databases/app_traffic, handle = 0x3710a0
D/Database(17681): dbopen(): path = /data/data/com.onavo.android.onavoid/databases/app_traffic, flag = 6, file size = 1976320
D/Database(17681): dbopen(): path = /data/data/com.onavo.android.onavoid/databases/app_traffic, mode: wal, disk free size: 2000 M, handle: 0x3710a0
D/Database(17681): dbclose(): path = /data/data/com.onavo.android.onavoid/databases/app_traffic, handle = 0x3710a0
D/Database(17681): dbopen(): path = /data/data/com.onavo.android.onavoid/databases/app_traffic, flag = 6, file size = 1976320
D/Database(17681): dbopen(): path = /data/data/com.onavo.android.onavoid/databases/app_traffic, mode: wal, disk free size: 2000 M, handle: 0x3710a0
D/Database(17681): dbclose(): path = /data/data/com.onavo.android.onavoid/databases/app_traffic, handle = 0x3710a0
D/Database(17681): dbopen(): path = /data/data/com.onavo.android.onavoid/databases/app_traffic, flag = 6, file size = 1976320
D/Database(17681): dbopen(): path = /data/data/com.onavo.android.onavoid/databases/app_traffic, mode: wal, disk free size: 2000 M, handle: 0x3710a0
D/Database(17681): dbclose(): path = /data/data/com.onavo.android.onavoid/databases/app_traffic, handle = 0x3710a0
D/Database(17681): dbopen(): path = /data/data/com.onavo.android.onavoid/databases/app_traffic, flag = 6, file size = 1976320
D/Database(17681): dbopen(): path = /data/data/com.onavo.android.onavoid/databases/app_traffic, mode: wal, disk free size: 2000 M, handle: 0x3710a0
D/Database(17681): dbclose(): path = /data/data/com.onavo.android.onavoid/databases/app_traffic, handle = 0x3710a0
D/Database(17681): dbopen(): path = /data/data/com.onavo.android.onavoid/databases/total_traffic, flag = 6, file size = 125952
D/Database(17681): dbopen(): path = /data/data/com.onavo.android.onavoid/databases/total_traffic, mode: wal, disk free size: 2000 M, handle: 0x3710a0
E/TrafficStats( 1673): [QCTMM]tryAll index=0
E/TrafficStats( 1673): [QCTMM]tryAll index=1
E/TrafficStats( 1673): [QCTMM]tryAll index=2
E/TrafficStats( 1673): [QCTMM]tryAll index=0
E/TrafficStats( 1673): [QCTMM]tryAll index=1
E/TrafficStats( 1673): [QCTMM]tryAll index=2
D/DATA    ( 1860): [QCTMM] DataNetStatistics sent == 0 && received == 0 newActivity=NONE
D/DATA    ( 1860): sentSinceLastRecv=0,watchdogTrigger=10,maxindex=0
D/Database(17681): dbclose(): path = /data/data/com.onavo.android.onavoid/databases/total_traffic, handle = 0x3710a0
D/Database(17681): dbopen(): path = /data/data/com.onavo.android.onavoid/databases/app_traffic, flag = 6, file size = 1976320
D/Database(17681): dbopen(): path = /data/data/com.onavo.android.onavoid/databases/app_traffic, mode: wal, disk free size: 2000 M, handle: 0x3710a0
D/Database(17681): dbclose(): path = /data/data/com.onavo.android.onavoid/databases/app_traffic, handle = 0x3710a0
D/Database(17681): dbopen(): path = /data/data/com.onavo.android.onavoid/databases/total_traffic, flag = 6, file size = 125952
D/Database(17681): dbopen(): path = /data/data/com.onavo.android.onavoid/databases/total_traffic, mode: wal, disk free size: 2000 M, handle: 0x3710a0
D/Database(17681): dbclose(): path = /data/data/com.onavo.android.onavoid/databases/total_traffic, handle = 0x3710a0
D/Database(17681): dbopen(): path = /data/data/com.onavo.android.onavoid/databases/app_traffic, flag = 6, file size = 1977344
D/Database(17681): dbopen(): path = /data/data/com.onavo.android.onavoid/databases/app_traffic, mode: wal, disk free size: 2000 M, handle: 0x3710a0
D/Database(17681): dbclose(): path = /data/data/com.onavo.android.onavoid/databases/app_traffic, handle = 0x3710a0
E/TrafficStats(17681): [QCTMM]tryAll index=0
E/TrafficStats(17681): [QCTMM]tryAll index=1
E/TrafficStats(17681): [QCTMM]tryAll index=2
E/TrafficStats(17681): [QCTMM]tryAll index=0
E/TrafficStats(17681): [QCTMM]tryAll index=1
E/TrafficStats(17681): [QCTMM]tryAll index=2
E/TrafficStats(17681): [QCTMM]tryAll index=0
E/TrafficStats(17681): [QCTMM]tryAll index=1
E/TrafficStats(17681): [QCTMM]tryAll index=2
E/TrafficStats(17681): [QCTMM]tryAll index=0
E/TrafficStats(17681): [QCTMM]tryAll index=1
E/TrafficStats(17681): [QCTMM]tryAll index=2
D/Database(17681): dbopen(): path = /data/data/com.onavo.android.onavoid/databases/ui_events, flag = 6, file size = 14067712
D/Database(17681): dbopen(): path = /data/data/com.onavo.android.onavoid/databases/ui_events, mode: wal, disk free size: 2000 M, handle: 0x3710a0
D/Database(17681): dbclose(): path = /data/data/com.onavo.android.onavoid/databases/ui_events, handle = 0x3710a0
E/TrafficStats( 1673): [QCTMM]tryAll index=0
E/TrafficStats( 1673): [QCTMM]tryAll index=1
E/TrafficStats( 1673): [QCTMM]tryAll index=2
E/TrafficStats( 1673): [QCTMM]tryAll index=0
E/TrafficStats( 1673): [QCTMM]tryAll index=1
E/TrafficStats( 1673): [QCTMM]tryAll index=2
D/DATA    ( 1860): [QCTMM] DataNetStatistics sent == 0 && received == 0 newActivity=NONE
D/DATA    ( 1860): sentSinceLastRecv=0,watchdogTrigger=10,maxindex=0
D/MMDCT   ( 1860): onDCLChanged dcs=DataCallState: { cid: 0, active: 1, type: IP, apn: vzwinternet, address: 10.174.234.255 }
D/MMDCT   ( 1860): onDCLChanged dcs=DataCallState: { cid: 1, active: 2, type: IPV6, apn: vzwinternet, address: 2600:1000:b022:700a:f3ca:40ba:6903:3d04 }
D/MMDCT   ( 1860): onDCLChanged dcs=DataCallState: { cid: 2, active: 0, type: null, apn: null, address: null }
D/MMDCT   ( 1860): onDCLChanged dcs=DataCallState: { cid: 3, active: 0, type: null, apn: null, address: null }
D/MMDCT   ( 1860): onDCLChanged dcs=DataCallState: { cid: 4, active: 0, type: null, apn: null, address: null }
D/MMDCT   ( 1860): onDCLChanged dcs=DataCallState: { cid: 5, active: 0, type: null, apn: null, address: null }
D/MMDCT   ( 1860): onDCLChanged dcs=DataCallState: { cid: 6, active: 0, type: null, apn: null, address: null }
D/MMDCT   ( 1860): onDCLChanged dcs=DataCallState: { cid: 7, active: 0, type: null, apn: null, address: null }
D/MMDCT   ( 1860): onDCLChanged dcs=DataCallState: { cid: 8, active: 0, type: null, apn: null, address: null }
D/MMDCT   ( 1860): onDCLChanged dcs=DataCallState: { cid: 9, active: 0, type: null, apn: null, address: null }
D/MMDCT   ( 1860): onDCLChanged dcs=DataCallState: { cid: 10, active: 0, type: null, apn: null, address: null }
D/MMDCT   ( 1860): onDCLChanged dcs=DataCallState: { cid: 11, active: 0, type: null, apn: null, address: null }
D/MMDCT   ( 1860): onDCLChanged dcs=DataCallState: { cid: 12, active: 0, type: null, apn: null, address: null }
D/MMDCT   ( 1860): onDCLChanged dcs=DataCallState: { cid: 13, active: 0, type: null, apn: null, address: null }
D/MMDCT   ( 1860): onDCLChanged dcs=DataCallState: { cid: 14, active: 0, type: null, apn: null, address: null }
D/MMDCT   ( 1860): onDCLChanged dcs=DataCallState: { cid: 15, active: 0, type: null, apn: null, address: null }
D/MMDCT   ( 1860): onDCLChanged dcs=DataCallState: { cid: 16, active: 0, type: null, apn: null, address: null }
D/MMDCT   ( 1860): onDCLChanged dcs=DataCallState: { cid: 17, active: 0, type: null, apn: null, address: null }
D/MMDCT   ( 1860): onDCLChanged dcs=DataCallState: { cid: 18, active: 0, type: null, apn: null, address: null }
D/MMDCT   ( 1860): onDCLChanged dcs=DataCallState: { cid: 19, active: 0, type: null, apn: null, address: null }
D/MMDCT   ( 1860): onDCLChanged() DC is active : activeDC.active=1
D/MMDCT   ( 1860): onDCLChanged() DC is active : activeDC.active=2
D/MMDCT   ( 1860):  ======= check all DC disconnected ======= 
D/MMDCT   ( 1860): DC-0: state=DcActiveState if=rmnet_sdio0 ip=10.174.234.255 ipv=IPV4
D/MMDCT   ( 1860): DC-1: state=DcActiveState if=rmnet_sdio1 ip=2600:1000:b022:700a:f3ca:40ba:6903:3d04 ipv=IPV6
D/MMDCT   ( 1860): DC-2: state=DcInactiveState if=null ip=null ipv=null
D/MMDCT   ( 1860): DC-3: state=DcInactiveState if=null ip=null ipv=null
D/MMDCT   ( 1860): DC-4: state=DcInactiveState if=null ip=null ipv=null
D/MMDCT   ( 1860): DC-5: state=DcInactiveState if=null ip=null ipv=null
D/MMDCT   ( 1860): DC-6: state=DcInactiveState if=null ip=null ipv=null
D/MMDCT   ( 1860): DC-7: state=DcInactiveState if=null ip=null ipv=null
D/MMDCT   ( 1860): ifAllDataDisconnected ret=false
D/DATA    ( 1860): [QCTMM]isEnablePoll   enablePoll=true
D/MMDCT   ( 1860): onDCLChanged() DA=NONE
D/MMDCT   ( 1860): onDCLChanged() notifyDA() now
D/DATA    ( 1860): [PhoneNotifier] notifyDataActivityLTE
D/StatusBarPolicy( 1816): hasService()=true ,mDataState=2 ,mPhone.htcModemLinkOn()=false ,mDataActivity=0
D/StatusBarPolicy( 1816): slotType[0]=RUIM
E/TrafficStats( 1673): [QCTMM]tryAll index=0
E/TrafficStats( 1673): [QCTMM]tryAll index=1
E/TrafficStats( 1673): [QCTMM]tryAll index=2
E/TrafficStats( 1673): [QCTMM]tryAll index=0
E/TrafficStats( 1673): [QCTMM]tryAll index=1
E/TrafficStats( 1673): [QCTMM]tryAll index=2
D/DATA    ( 1860): [QCTMM] DataNetStatistics sent == 0 && received == 0 newActivity=NONE
D/DATA    ( 1860): sentSinceLastRecv=0,watchdogTrigger=10,maxindex=0
D/skia    ( 1845): purging 39K from font cache [5 entries]
D/dalvikvm( 1845): GC_EXPLICIT freed 607K, 49% free 4106K/8007K, external 18441K/20489K, paused 107ms
D/dalvikvm(17475): GC_EXPLICIT freed 20K, 41% free 3785K/6343K, external 0K/0K, paused 87ms
E/TrafficStats( 1673): [QCTMM]tryAll index=0
E/TrafficStats( 1673): [QCTMM]tryAll index=1
E/TrafficStats( 1673): [QCTMM]tryAll index=2
E/TrafficStats( 1673): [QCTMM]tryAll index=0
E/TrafficStats( 1673): [QCTMM]tryAll index=1
E/TrafficStats( 1673): [QCTMM]tryAll index=2
D/DATA    ( 1860): [QCTMM] DataNetStatistics sent == 0 && received == 0 newActivity=NONE
D/DATA    ( 1860): sentSinceLastRecv=0,watchdogTrigger=10,maxindex=0
E/TrafficStats(17681): [QCTMM]tryAll index=0
E/TrafficStats(17681): [QCTMM]tryAll index=1
E/TrafficStats(17681): [QCTMM]tryAll index=2
E/TrafficStats(17681): [QCTMM]tryAll index=0
E/TrafficStats(17681): [QCTMM]tryAll index=1
E/TrafficStats(17681): [QCTMM]tryAll index=2
E/TrafficStats(17681): [QCTMM]tryAll index=0
E/TrafficStats(17681): [QCTMM]tryAll index=1
E/TrafficStats(17681): [QCTMM]tryAll index=2
E/TrafficStats(17681): [QCTMM]tryAll index=0
E/TrafficStats(17681): [QCTMM]tryAll index=1
E/TrafficStats(17681): [QCTMM]tryAll index=2
D/Database(17681): dbopen(): path = /data/data/com.onavo.android.onavoid/databases/ui_events, flag = 6, file size = 14067712
D/Database(17681): dbopen(): path = /data/data/com.onavo.android.onavoid/databases/ui_events, mode: wal, disk free size: 2000 M, handle: 0x3710a0
D/dalvikvm(17681): GC_CONCURRENT freed 349K, 47% free 3246K/6087K, external 0K/0K, paused 2ms+2ms
D/Database(17681): dbclose(): path = /data/data/com.onavo.android.onavoid/databases/ui_events, handle = 0x3710a0
D/MMDCT   ( 1860): onDCLChanged dcs=DataCallState: { cid: 0, active: 2, type: IP, apn: vzwinternet, address: 10.174.234.255 }
D/MMDCT   ( 1860): onDCLChanged dcs=DataCallState: { cid: 1, active: 2, type: IPV6, apn: vzwinternet, address: 2600:1000:b022:700a:f3ca:40ba:6903:3d04 }
D/MMDCT   ( 1860): onDCLChanged dcs=DataCallState: { cid: 2, active: 0, type: null, apn: null, address: null }
D/MMDCT   ( 1860): onDCLChanged dcs=DataCallState: { cid: 3, active: 0, type: null, apn: null, address: null }
D/MMDCT   ( 1860): onDCLChanged dcs=DataCallState: { cid: 4, active: 0, type: null, apn: null, address: null }
D/MMDCT   ( 1860): onDCLChanged dcs=DataCallState: { cid: 5, active: 0, type: null, apn: null, address: null }
D/MMDCT   ( 1860): onDCLChanged dcs=DataCallState: { cid: 6, active: 0, type: null, apn: null, address: null }
D/MMDCT   ( 1860): onDCLChanged dcs=DataCallState: { cid: 7, active: 0, type: null, apn: null, address: null }
D/MMDCT   ( 1860): onDCLChanged dcs=DataCallState: { cid: 8, active: 0, type: null, apn: null, address: null }
D/MMDCT   ( 1860): onDCLChanged dcs=DataCallState: { cid: 9, active: 0, type: null, apn: null, address: null }
D/MMDCT   ( 1860): onDCLChanged dcs=DataCallState: { cid: 10, active: 0, type: null, apn: null, address: null }
D/MMDCT   ( 1860): onDCLChanged dcs=DataCallState: { cid: 11, active: 0, type: null, apn: null, address: null }
D/MMDCT   ( 1860): onDCLChanged dcs=DataCallState: { cid: 12, active: 0, type: null, apn: null, address: null }
D/MMDCT   ( 1860): onDCLChanged dcs=DataCallState: { cid: 13, active: 0, type: null, apn: null, address: null }
D/MMDCT   ( 1860): onDCLChanged dcs=DataCallState: { cid: 14, active: 0, type: null, apn: null, address: null }
D/MMDCT   ( 1860): onDCLChanged dcs=DataCallState: { cid: 15, active: 0, type: null, apn: null, address: null }
D/MMDCT   ( 1860): onDCLChanged dcs=DataCallState: { cid: 16, active: 0, type: null, apn: null, address: null }
D/MMDCT   ( 1860): onDCLChanged dcs=DataCallState: { cid: 17, active: 0, type: null, apn: null, address: null }
D/MMDCT   ( 1860): onDCLChanged dcs=DataCallState: { cid: 18, active: 0, type: null, apn: null, address: null }
D/MMDCT   ( 1860): onDCLChanged dcs=DataCallState: { cid: 19, active: 0, type: null, apn: null, address: null }
D/MMDCT   ( 1860): onDCLChanged() DC is active : activeDC.active=2
D/MMDCT   ( 1860): onDCLChanged() DC is active : activeDC.active=2
D/MMDCT   ( 1860):  ======= check all DC disconnected ======= 
D/MMDCT   ( 1860): DC-0: state=DcActiveState if=rmnet_sdio0 ip=10.174.234.255 ipv=IPV4
D/MMDCT   ( 1860): DC-1: state=DcActiveState if=rmnet_sdio1 ip=2600:1000:b022:700a:f3ca:40ba:6903:3d04 ipv=IPV6
D/MMDCT   ( 1860): DC-2: state=DcInactiveState if=null ip=null ipv=null
D/MMDCT   ( 1860): DC-3: state=DcInactiveState if=null ip=null ipv=null
D/MMDCT   ( 1860): DC-4: state=DcInactiveState if=null ip=null ipv=null
D/MMDCT   ( 1860): DC-5: state=DcInactiveState if=null ip=null ipv=null
D/MMDCT   ( 1860): DC-6: state=DcInactiveState if=null ip=null ipv=null
D/MMDCT   ( 1860): DC-7: state=DcInactiveState if=null ip=null ipv=null
D/MMDCT   ( 1860): ifAllDataDisconnected ret=false
D/DATA    ( 1860): [QCTMM]isEnablePoll   enablePoll=true
D/MMDCT   ( 1860): onDCLChanged() DA=NONE
D/MMDCT   ( 1860): onDCLChanged() notifyDA() now
D/DATA    ( 1860): [PhoneNotifier] notifyDataActivityLTE
E/TrafficStats( 1673): [QCTMM]tryAll index=0
E/TrafficStats( 1673): [QCTMM]tryAll index=1
E/TrafficStats( 1673): [QCTMM]tryAll index=2
D/StatusBarPolicy( 1816): hasService()=true ,mDataState=2 ,mPhone.htcModemLinkOn()=false ,mDataActivity=0
D/StatusBarPolicy( 1816): slotType[0]=RUIM
E/TrafficStats( 1673): [QCTMM]tryAll index=0
E/TrafficStats( 1673): [QCTMM]tryAll index=1
E/TrafficStats( 1673): [QCTMM]tryAll index=2
D/DATA    ( 1860): [PhoneNotifier] notifyDataActivityLTE
D/DATA    ( 1860): [QCTMM] DataNetStatistics mIsScreenOn newActivity=DATAOUT
D/DATA    ( 1860): sentSinceLastRecv=1,watchdogTrigger=10,maxindex=0
D/StatusBarPolicy( 1816): hasService()=true ,mDataState=2 ,mPhone.htcModemLinkOn()=false ,mDataActivity=2
D/StatusBarPolicy( 1816): slotType[0]=RUIM
D/UDP-TIMING(17673): 0 0 0.240774000
D/UDP-TIMING(17673): 1 0 0.230653000
D/UDP-TIMING(17673): 2 0 0.220495000
D/UDP-TIMING(17673): 3 0 0.210402000
D/UDP-TIMING(17673): 4 0 0.200278000
D/UDP-TIMING(17673): 5 0 0.190120000
D/UDP-TIMING(17673): 6 0 0.180001000
D/UDP-TIMING(17673): 7 0 0.169880000
D/UDP-TIMING(17673): 8 0 0.189783000
D/UDP-TIMING(17673): 9 0 0.179688000
D/UDP-TIMING(17673): 10 0 0.170387000
D/UDP-TIMING(17673): 11 0 0.189855000
D/UDP-TIMING(17673): 12 0 0.179732000
D/UDP-TIMING(17673): 13 0 0.169639000
D/UDP-TIMING(17673): 14 0 0.189261000
D/UDP-TIMING(17673): 15 0 0.179171000
D/UDP-TIMING(17673): 16 0 0.169047000
D/UDP-TIMING(17673): 17 0 0.189143000
D/UDP-TIMING(17673): 18 0 0.179027000
D/UDP-TIMING(17673): 19 0 0.168900000
D/UDP-TIMING(17673): 20 0 0.188543000
D/UDP-TIMING(17673): 21 0 0.178416000
D/UDP-TIMING(17673): 22 0 0.168325000
D/UDP-TIMING(17673): 23 0 0.188104000
D/UDP-TIMING(17673): 24 0 0.177958000
D/UDP-TIMING(17673): 25 0 0.167823000
D/UDP-TIMING(17673): 26 0 0.188057000
D/UDP-TIMING(17673): 27 0 0.177911000
D/UDP-TIMING(17673): 28 0 0.167731000
D/UDP-TIMING(17673): 29 0 0.187231000
D/UDP-TIMING(17673): 30 0 0.177049000
D/UDP-TIMING(17673): 31 0 0.166865000
D/UDP-TIMING(17673): 32 0 0.186996000
D/UDP-TIMING(17673): 33 0 0.176873000
D/UDP-TIMING(17673): 34 0 0.166742000
D/UDP-TIMING(17673): 35 0 0.186174000
D/UDP-TIMING(17673): 36 0 0.175991000
D/UDP-TIMING(17673): 37 0 0.165869000
D/UDP-TIMING(17673): 38 0 0.185414000
D/UDP-TIMING(17673): 39 0 0.175235000
D/UDP-TIMING(17673): 40 0 0.165077000
D/UDP-TIMING(17673): 41 0 0.185100000
D/UDP-TIMING(17673): 42 0 0.174965000
D/UDP-TIMING(17673): 43 0 0.195265000
D/UDP-TIMING(17673): 44 0 0.185178000
D/UDP-TIMING(17673): 45 0 0.175035000
D/UDP-TIMING(17673): 46 0 0.164850000
D/UDP-TIMING(17673): 47 0 0.184244000
D/UDP-TIMING(17673): 48 0 0.174066000
D/UDP-TIMING(17673): 49 0 0.163884000
D/UDP-TIMING(17673): 50 0 0.184041000
D/UDP-TIMING(17673): 51 0 0.173849000
D/UDP-TIMING(17673): 52 0 0.193369000
D/UDP-TIMING(17673): 53 0 0.183192000
D/UDP-TIMING(17673): 54 0 0.173011000
D/UDP-TIMING(17673): 55 0 0.162861000
D/UDP-TIMING(17673): 56 0 0.183322000
D/UDP-TIMING(17673): 57 0 0.173175000
D/UDP-TIMING(17673): 58 0 0.162953000
D/UDP-TIMING(17673): 59 0 0.182071000
D/UDP-TIMING(17673): 60 0 0.171888000
D/UDP-TIMING(17673): 61 0 0.163222000
D/UDP-TIMING(17673): 62 0 0.181495000
D/UDP-TIMING(17673): 63 0 0.171391000
D/UDP-TIMING(17673): 64 0 0.191680000
D/UDP-TIMING(17673): 65 0 0.181564000
D/UDP-TIMING(17673): 66 0 0.171472000
D/UDP-TIMING(17673): 67 0 0.161357000
D/UDP-TIMING(17673): 68 0 0.180758000
D/UDP-TIMING(17673): 69 0 0.170577000
D/UDP-TIMING(17673): 70 0 0.190832000
D/UDP-TIMING(17673): 71 0 0.180681000
D/UDP-TIMING(17673): 72 0 0.170551000
D/UDP-TIMING(17673): 73 0 0.190013000
D/UDP-TIMING(17673): 74 0 0.179890000
D/UDP-TIMING(17673): 75 0 0.169689000
D/UDP-TIMING(17673): 76 0 0.189889000
D/UDP-TIMING(17673): 77 0 0.179742000
D/UDP-TIMING(17673): 78 0 0.169550000
D/UDP-TIMING(17673): 79 0 0.189026000
D/UDP-TIMING(17673): 80 0 0.178893000
D/UDP-TIMING(17673): 81 0 0.168722000
D/UDP-TIMING(17673): 82 0 0.188919000
D/UDP-TIMING(17673): 83 0 0.178793000
D/UDP-TIMING(17673): 84 0 0.168642000
D/UDP-TIMING(17673): 85 0 0.188126000
D/UDP-TIMING(17673): 86 0 0.177948000
D/UDP-TIMING(17673): 87 0 0.167802000
D/UDP-TIMING(17673): 88 0 0.187922000
D/UDP-TIMING(17673): 89 0 0.177737000
D/UDP-TIMING(17673): 90 0 0.167582000
D/UDP-TIMING(17673): 91 0 0.186977000
D/UDP-TIMING(17673): 92 0 0.176837000
D/UDP-TIMING(17673): 93 0 0.166613000
D/UDP-TIMING(17673): 94 0 0.186733000
D/UDP-TIMING(17673): 95 0 0.176548000
D/UDP-TIMING(17673): 96 0 0.166413000
D/UDP-TIMING(17673): 97 0 0.185922000
D/UDP-TIMING(17673): 98 0 0.175741000
D/UDP-TIMING(17673): 99 0 0.165555000
E/TrafficStats( 1673): [QCTMM]tryAll index=0
E/TrafficStats( 1673): [QCTMM]tryAll index=1
E/TrafficStats( 1673): [QCTMM]tryAll index=2
E/TrafficStats( 1673): [QCTMM]tryAll index=0
E/TrafficStats( 1673): [QCTMM]tryAll index=1
E/TrafficStats( 1673): [QCTMM]tryAll index=2
D/DATA    ( 1860): [PhoneNotifier] notifyDataActivityLTE
D/DATA    ( 1860): [QCTMM] DataNetStatistics mIsScreenOn newActivity=DATAIN
D/UDP-TIMING(17673): 100 0 0.185434000
D/UDP-TIMING(17673): 101 0 0.175248000
D/UDP-TIMING(17673): 102 0 0.165117000
D/DATA    ( 1860): sentSinceLastRecv=0,watchdogTrigger=10,maxindex=0
D/StatusBarPolicy( 1816): hasService()=true ,mDataState=2 ,mPhone.htcModemLinkOn()=false ,mDataActivity=1
D/StatusBarPolicy( 1816): slotType[0]=RUIM
D/UDP-TIMING(17673): 103 0 0.185765000
D/UDP-TIMING(17673): 104 0 0.175579000
D/UDP-TIMING(17673): 105 0 0.165416000
D/UDP-TIMING(17673): 106 0 0.183772000
D/UDP-TIMING(17673): 107 0 0.173586000
D/UDP-TIMING(17673): 108 0 0.163409000
D/UDP-TIMING(17673): 109 0 0.183779000
D/UDP-TIMING(17673): 110 0 0.173600000
D/UDP-TIMING(17673): 111 0 0.193508000
D/UDP-TIMING(17673): 112 0 0.183334000
D/UDP-TIMING(17673): 113 0 0.173166000
D/UDP-TIMING(17673): 114 0 0.163022000
D/UDP-TIMING(17673): 115 0 0.183114000
D/UDP-TIMING(17673): 116 0 0.172956000
D/UDP-TIMING(17673): 117 0 0.162774000
D/UDP-TIMING(17673): 118 0 0.182166000
D/UDP-TIMING(17673): 119 0 0.171978000
D/UDP-TIMING(17673): 120 0 0.162619000
D/UDP-TIMING(17673): 121 0 0.181980000
D/UDP-TIMING(17673): 122 0 0.171813000
D/UDP-TIMING(17673): 123 0 0.161658000
D/UDP-TIMING(17673): 124 0 0.181103000
D/UDP-TIMING(17673): 125 0 0.170921000
D/UDP-TIMING(17673): 126 0 0.191136000
D/UDP-TIMING(17673): 127 0 0.180971000
D/UDP-TIMING(17673): 128 0 0.170786000
D/UDP-TIMING(17673): 129 0 0.190634000
D/UDP-TIMING(17673): 130 0 0.180447000
D/UDP-TIMING(17673): 131 0 0.170293000
D/UDP-TIMING(17673): 132 0 0.190139000
D/UDP-TIMING(17673): 133 0 0.180003000
D/UDP-TIMING(17673): 134 0 0.169838000
D/UDP-TIMING(17673): 135 0 0.189316000
D/UDP-TIMING(17673): 136 0 0.179138000
D/UDP-TIMING(17673): 137 0 0.168988000
D/UDP-TIMING(17673): 138 0 0.188835000
D/UDP-TIMING(17673): 139 0 0.178688000
D/UDP-TIMING(17673): 140 0 0.168506000
I/ActivityManager( 1673): Start proc com.fusionone.android.sync.service for service com.fusionone.android.sync.service/.SyncService: pid=17703 uid=10016 gids={3003}
D/UDP-TIMING(17673): 141 0 0.189176000
D/UDP-TIMING(17673): 142 0 0.179087000
D/UDP-TIMING(17673): 143 0 0.168930000
D/UDP-TIMING(17673): 144 0 0.188046000
D/UDP-TIMING(17673): 145 0 0.177877000
D/UDP-TIMING(17673): 146 0 0.167690000
D/UDP-TIMING(17673): 147 0 0.187886000
D/UDP-TIMING(17673): 148 0 0.177742000
D/UDP-TIMING(17673): 149 0 0.167556000
D/UDP-TIMING(17673): 150 0 0.186366000
D/UDP-TIMING(17673): 151 0 0.176200000
D/UDP-TIMING(17673): 152 0 0.166072000
D/UDP-TIMING(17673): 153 0 0.186002000
D/UDP-TIMING(17673): 154 0 0.175815000
D/UDP-TIMING(17673): 155 0 0.165646000
I/ActivityThread(17703): Pub com.fusionone.android.sync.provider.dataclasses: com.fusionone.android.sync.provider.dataclasses.DataclassesProvider
D/UDP-TIMING(17673): 156 0 0.185470000
D/UDP-TIMING(17673): 157 0 0.175287000
D/UDP-TIMING(17673): 158 0 0.165133000
D/Database(17703): dbopen(): path = /data/data/com.fusionone.android.sync.service/databases/dataclasses.db, flag = 6, file size = 12288
D/Database(17703): dbopen(): path = /data/data/com.fusionone.android.sync.service/databases/dataclasses.db, mode: wal, disk free size: 2000 M, handle: 0x3398b0
D/UDP-TIMING(17673): 159 0 0.185103000
D/UDP-TIMING(17673): 160 0 0.174925000
D/UDP-TIMING(17673): 161 0 0.164779000
I/ActivityThread(17703): Pub com.fusionone.android.sync.provider.settings: com.fusionone.android.sync.provider.settings.SettingsProvider
D/Database(17703): dbopen(): path = /data/data/com.fusionone.android.sync.service/databases/settings.db, flag = 6, file size = 6144
D/Database(17703): dbopen(): path = /data/data/com.fusionone.android.sync.service/databases/settings.db, mode: wal, disk free size: 2000 M, handle: 0x347b78
V/com.fusionone.android.sync.service.SyncService(17703): onCreate() invoked
D/UDP-TIMING(17673): 162 0 0.184393000
D/UDP-TIMING(17673): 163 0 0.174287000
D/UDP-TIMING(17673): 164 0 0.164122000
D/UDP-TIMING(17673): 165 0 0.188090000
D/UDP-TIMING(17673): 166 0 0.177912000
D/UDP-TIMING(17673): 167 0 0.167734000
D/UDP-TIMING(17673): 168 0 0.183280000
D/UDP-TIMING(17673): 169 0 0.173097000
D/dalvikvm(15489): GC_CONCURRENT freed 20K, 45% free 3711K/6727K, external 0K/0K, paused 4ms+3ms
I/DSP     (17703): syncplatform_device_model: fusionone.android.htc mecha
I/DSP     (17703): syncplatform_device_base_model: fusionone.android.google phone
I/DSP     (17703): syncplatform_device_software_version: BASS 2.5.1.2.33
D/Socket_Alarm(17703): registerHTCSocketMonitorCallBack
D/Socket_Alarm(17703): set mSocketMonitor
D/Socket_Alarm(17703): HTCSocketMonitorImpl::HTCSocketMonitorImpl
D/UDP-TIMING(17673): 170 0 0.193459000
D/UDP-TIMING(17673): 171 0 0.183282000
D/UDP-TIMING(17673): 172 0 0.173121000
D/UDP-TIMING(17673): 173 0 0.162973000
V/com.fusionone.android.sync.service.SyncService(17703): onStart() invoked
I/com.fusionone.android.sync.service.SyncService(17703): handleNotification ignored: topic=null, intent=null
D/UDP-TIMING(17673): 174 0 0.182277000
D/UDP-TIMING(17673): 175 0 0.172168000
D/UDP-TIMING(17673): 176 0 0.161976000
D/UDP-TIMING(17673): 177 0 0.181689000
D/UDP-TIMING(17673): 178 0 0.171507000
D/UDP-TIMING(17673): 179 0 0.191506000
D/UDP-TIMING(17673): 180 0 0.181328000
D/UDP-TIMING(17673): 181 0 0.171245000
D/UDP-TIMING(17673): 182 0 0.191007000
D/UDP-TIMING(17673): 183 0 0.180852000
D/UDP-TIMING(17673): 184 0 0.170739000
D/UDP-TIMING(17673): 185 0 0.190774000
D/UDP-TIMING(17673): 186 0 0.180579000
D/UDP-TIMING(17673): 187 0 0.170457000
D/UDP-TIMING(17673): 188 0 0.161127000
D/dalvikvm(15489): GC_CONCURRENT freed 240K, 43% free 3865K/6727K, external 0K/0K, paused 2ms+4ms
D/UDP-TIMING(17673): 189 0 0.180310000
D/UDP-TIMING(17673): 190 0 0.170221000
D/UDP-TIMING(17673): 191 0 0.190054000
D/UDP-TIMING(17673): 192 0 0.179967000
D/UDP-TIMING(17673): 193 0 0.169849000
D/Finsky  (15489): [1] 5.onFinished: Installation state replication succeeded.
D/UDP-TIMING(17673): 194 0 0.189574000
D/UDP-TIMING(17673): 195 0 0.179397000
D/UDP-TIMING(17673): 196 0 0.169277000
D/UDP-TIMING(17673): 197 0 0.189287000
D/UDP-TIMING(17673): 198 0 0.179117000
D/UDP-TIMING(17673): 199 0 0.168931000
E/TrafficStats( 1673): [QCTMM]tryAll index=0
E/TrafficStats( 1673): [QCTMM]tryAll index=1
E/TrafficStats( 1673): [QCTMM]tryAll index=2
D/UDP-TIMING(17673): 200 0 0.189088000
D/UDP-TIMING(17673): 201 0 0.178920000
D/UDP-TIMING(17673): 202 0 0.168758000
E/TrafficStats( 1673): [QCTMM]tryAll index=0
E/TrafficStats( 1673): [QCTMM]tryAll index=1
E/TrafficStats( 1673): [QCTMM]tryAll index=2
D/DATA    ( 1860): sentSinceLastRecv=0,watchdogTrigger=10,maxindex=0
D/UDP-TIMING(17673): 203 0 0.188538000
D/UDP-TIMING(17673): 204 0 0.178357000
D/UDP-TIMING(17673): 205 0 0.168234000
D/UDP-TIMING(17673): 206 0 0.187794000
D/UDP-TIMING(17673): 207 0 0.177674000
D/UDP-TIMING(17673): 208 0 0.167509000
D/UDP-TIMING(17673): 209 0 0.187897000
D/UDP-TIMING(17673): 210 0 0.177729000
D/UDP-TIMING(17673): 211 0 0.167560000
D/UDP-TIMING(17673): 212 0 0.187800000
D/UDP-TIMING(17673): 213 0 0.177650000
D/UDP-TIMING(17673): 214 0 0.167477000
D/UDP-TIMING(17673): 215 0 0.186934000
D/UDP-TIMING(17673): 216 0 0.176754000
D/UDP-TIMING(17673): 217 0 0.166571000
D/UDP-TIMING(17673): 218 0 0.186744000
D/UDP-TIMING(17673): 219 0 0.176646000
D/UDP-TIMING(17673): 220 0 0.166553000
D/UDP-TIMING(17673): 221 0 0.186063000
D/UDP-TIMING(17673): 222 0 0.175942000
D/UDP-TIMING(17673): 223 0 0.165775000
D/UDP-TIMING(17673): 224 0 0.185994000
D/UDP-TIMING(17673): 225 0 0.175858000
D/UDP-TIMING(17673): 226 0 0.165738000
D/UDP-TIMING(17673): 227 0 0.185205000
D/UDP-TIMING(17673): 228 0 0.175023000
D/UDP-TIMING(17673): 229 0 0.164853000
D/UDP-TIMING(17673): 230 0 0.185016000
D/UDP-TIMING(17673): 231 0 0.174878000
D/UDP-TIMING(17673): 232 0 0.164792000
D/UDP-TIMING(17673): 233 0 0.184284000
D/UDP-TIMING(17673): 234 0 0.174097000
D/UDP-TIMING(17673): 235 0 0.163982000
D/UDP-TIMING(17673): 236 0 0.184107000
D/UDP-TIMING(17673): 237 0 0.173955000
D/UDP-TIMING(17673): 238 0 0.163769000
D/UDP-TIMING(17673): 239 0 0.183255000
D/UDP-TIMING(17673): 240 0 0.173078000
D/UDP-TIMING(17673): 241 0 0.162906000
D/UDP-TIMING(17673): 242 0 0.182805000
D/UDP-TIMING(17673): 243 0 0.172677000
D/UDP-TIMING(17673): 244 0 0.162482000
D/UDP-TIMING(17673): 245 0 0.182521000
D/UDP-TIMING(17673): 246 0 0.172338000
D/UDP-TIMING(17673): 247 0 0.162138000
D/UDP-TIMING(17673): 248 0 0.181740000
D/UDP-TIMING(17673): 249 0 0.171556000
D/UDP-TIMING(17673): 250 0 0.161444000
D/UDP-TIMING(17673): 251 0 0.181465000
D/UDP-TIMING(17673): 252 0 0.171302000
D/UDP-TIMING(17673): 253 0 0.190951000
D/UDP-TIMING(17673): 254 0 0.180799000
D/UDP-TIMING(17673): 255 0 0.170618000
D/UDP-TIMING(17673): 256 0 0.190695000
D/UDP-TIMING(17673): 257 0 0.180543000
D/UDP-TIMING(17673): 258 0 0.170354000
D/UDP-TIMING(17673): 259 0 0.189900000
D/UDP-TIMING(17673): 260 0 0.179829000
D/UDP-TIMING(17673): 261 0 0.169667000
D/UDP-TIMING(17673): 262 0 0.189784000
D/UDP-TIMING(17673): 263 0 0.179602000
D/UDP-TIMING(17673): 264 0 0.169419000
D/UDP-TIMING(17673): 265 0 0.188964000
D/UDP-TIMING(17673): 266 0 0.178796000
D/UDP-TIMING(17673): 267 0 0.168613000
D/UDP-TIMING(17673): 268 0 0.188638000
D/UDP-TIMING(17673): 269 0 0.178462000
D/UDP-TIMING(17673): 270 0 0.168349000
D/UDP-TIMING(17673): 271 0 0.187972000
D/UDP-TIMING(17673): 272 0 0.177796000
D/UDP-TIMING(17673): 273 0 0.167618000
D/UDP-TIMING(17673): 274 0 0.187657000
D/UDP-TIMING(17673): 275 0 0.177484000
D/UDP-TIMING(17673): 276 0 0.167336000
D/UDP-TIMING(17673): 277 0 0.186917000
D/UDP-TIMING(17673): 278 0 0.176725000
D/UDP-TIMING(17673): 279 0 0.166490000
D/UDP-TIMING(17673): 280 0 0.186328000
D/UDP-TIMING(17673): 281 0 0.176168000
D/UDP-TIMING(17673): 282 0 0.166003000
D/UDP-TIMING(17673): 283 0 0.186220000
D/UDP-TIMING(17673): 284 0 0.176047000
D/UDP-TIMING(17673): 285 0 0.165871000
D/UDP-TIMING(17673): 286 0 0.185321000
D/UDP-TIMING(17673): 287 0 0.175139000
D/UDP-TIMING(17673): 288 0 0.164992000
D/UDP-TIMING(17673): 289 0 0.185077000
D/UDP-TIMING(17673): 290 0 0.174930000
D/UDP-TIMING(17673): 291 0 0.164796000
D/UDP-TIMING(17673): 292 0 0.184327000
D/UDP-TIMING(17673): 293 0 0.174150000
D/UDP-TIMING(17673): 294 0 0.163970000
D/UDP-TIMING(17673): 295 0 0.184126000
D/UDP-TIMING(17673): 296 0 0.173971000
D/UDP-TIMING(17673): 297 0 0.163792000
D/UDP-TIMING(17673): 298 0 0.183245000
D/UDP-TIMING(17673): 299 0 0.173062000
D/UDP-TIMING(17673): 300 0 0.162890000
E/TrafficStats( 1673): [QCTMM]tryAll index=0
E/TrafficStats( 1673): [QCTMM]tryAll index=1
E/TrafficStats( 1673): [QCTMM]tryAll index=2
E/TrafficStats( 1673): [QCTMM]tryAll index=0
E/TrafficStats( 1673): [QCTMM]tryAll index=1
E/TrafficStats( 1673): [QCTMM]tryAll index=2
D/DATA    ( 1860): sentSinceLastRecv=0,watchdogTrigger=10,maxindex=0
D/UDP-TIMING(17673): 301 0 0.183549000
D/UDP-TIMING(17673): 302 0 0.173378000
D/UDP-TIMING(17673): 303 0 0.163213000
D/UDP-TIMING(17673): 304 0 0.182148000
D/UDP-TIMING(17673): 305 0 0.171904000
D/UDP-TIMING(17673): 306 0 0.192037000
D/UDP-TIMING(17673): 307 0 0.181863000
D/UDP-TIMING(17673): 308 0 0.171680000
D/UDP-TIMING(17673): 309 0 0.161624000
D/UDP-TIMING(17673): 310 0 0.181181000
D/UDP-TIMING(17673): 311 0 0.171008000
D/UDP-TIMING(17673): 312 0 0.191101000
D/UDP-TIMING(17673): 313 0 0.180920000
D/UDP-TIMING(17673): 314 0 0.170747000
D/UDP-TIMING(17673): 315 0 0.190385000
D/UDP-TIMING(17673): 316 0 0.180220000
D/UDP-TIMING(17673): 317 0 0.170047000
D/UDP-TIMING(17673): 318 0 0.189775000
D/UDP-TIMING(17673): 319 0 0.179639000
D/UDP-TIMING(17673): 320 0 0.169466000
D/UDP-TIMING(17673): 321 0 0.189591000
D/UDP-TIMING(17673): 322 0 0.179508000
D/UDP-TIMING(17673): 323 0 0.169326000
D/UDP-TIMING(17673): 324 0 0.188790000
D/UDP-TIMING(17673): 325 0 0.178609000
D/UDP-TIMING(17673): 326 0 0.168422000
D/UDP-TIMING(17673): 327 0 0.188580000
D/UDP-TIMING(17673): 328 0 0.178424000
D/UDP-TIMING(17673): 329 0 0.168249000
D/UDP-TIMING(17673): 330 0 0.187777000
D/UDP-TIMING(17673): 331 0 0.177685000
D/UDP-TIMING(17673): 332 0 0.167558000
D/UDP-TIMING(17673): 333 0 0.188397000
D/UDP-TIMING(17673): 334 0 0.178300000
D/UDP-TIMING(17673): 335 0 0.168171000
D/UDP-TIMING(17673): 336 0 0.187066000
D/UDP-TIMING(17673): 337 0 0.176888000
D/UDP-TIMING(17673): 338 0 0.166731000
D/UDP-TIMING(17673): 339 0 0.186796000
D/UDP-TIMING(17673): 340 0 0.176648000
D/UDP-TIMING(17673): 341 0 0.166438000
D/UDP-TIMING(17673): 342 0 0.186544000
D/UDP-TIMING(17673): 343 0 0.176224000
D/UDP-TIMING(17673): 344 0 0.166113000
D/UDP-TIMING(17673): 345 0 0.184872000
D/UDP-TIMING(17673): 346 0 0.174653000
D/UDP-TIMING(17673): 347 0 0.164471000
D/dalvikvm(11424): GC_EXPLICIT freed <1K, 41% free 3651K/6087K, external 0K/0K, paused 115ms
D/UDP-TIMING(17673): 348 0 0.184377000
D/UDP-TIMING(17673): 349 0 0.174199000
D/UDP-TIMING(17673): 350 0 0.164077000
D/UDP-TIMING(17673): 351 0 0.184309000
D/UDP-TIMING(17673): 352 0 0.174126000
D/UDP-TIMING(17673): 353 0 0.163949000
D/UDP-TIMING(17673): 354 0 0.183673000
D/UDP-TIMING(17673): 355 0 0.173527000
D/UDP-TIMING(17673): 356 0 0.163358000
D/UDP-TIMING(17673): 357 0 0.183344000
D/UDP-TIMING(17673): 358 0 0.173165000
D/UDP-TIMING(17673): 359 0 0.162931000
D/UDP-TIMING(17673): 360 0 0.183084000
D/UDP-TIMING(17673): 361 0 0.172932000
D/UDP-TIMING(17673): 362 0 0.162770000
D/UDP-TIMING(17673): 363 0 0.182237000
D/UDP-TIMING(17673): 364 0 0.172064000
D/UDP-TIMING(17673): 365 0 0.161972000
D/UDP-TIMING(17673): 366 0 0.182148000
D/UDP-TIMING(17673): 367 0 0.171981000
D/UDP-TIMING(17673): 368 0 0.191528000
D/UDP-TIMING(17673): 369 0 0.181360000
D/UDP-TIMING(17673): 370 0 0.171255000
D/UDP-TIMING(17673): 371 0 0.191473000
D/UDP-TIMING(17673): 372 0 0.181376000
D/UDP-TIMING(17673): 373 0 0.171254000
D/UDP-TIMING(17673): 374 0 0.190746000
D/UDP-TIMING(17673): 375 0 0.180649000
D/UDP-TIMING(17673): 376 0 0.170479000
D/UDP-TIMING(17673): 377 0 0.190689000
D/UDP-TIMING(17673): 378 0 0.180511000
D/UDP-TIMING(17673): 379 0 0.170335000
D/UDP-TIMING(17673): 380 0 0.189884000
D/UDP-TIMING(17673): 381 0 0.179793000
D/UDP-TIMING(17673): 382 0 0.169665000
D/UDP-TIMING(17673): 383 0 0.189884000
D/UDP-TIMING(17673): 384 0 0.179764000
D/UDP-TIMING(17673): 385 0 0.169670000
D/UDP-TIMING(17673): 386 0 0.189059000
D/UDP-TIMING(17673): 387 0 0.178886000
D/UDP-TIMING(17673): 388 0 0.168736000
D/UDP-TIMING(17673): 389 0 0.188685000
D/UDP-TIMING(17673): 390 0 0.178561000
D/UDP-TIMING(17673): 391 0 0.168365000
D/UDP-TIMING(17673): 392 0 0.188174000
D/UDP-TIMING(17673): 393 0 0.178042000
D/UDP-TIMING(17673): 394 0 0.167862000
D/UDP-TIMING(17673): 395 0 0.187705000
D/UDP-TIMING(17673): 396 0 0.177551000
D/UDP-TIMING(17673): 397 0 0.167360000
D/UDP-TIMING(17673): 398 0 0.187360000
D/UDP-TIMING(17673): 399 0 0.177295000
D/UDP-TIMING(17673): 400 0 0.167195000
E/TrafficStats( 1673): [QCTMM]tryAll index=0
E/TrafficStats( 1673): [QCTMM]tryAll index=1
E/TrafficStats( 1673): [QCTMM]tryAll index=2
E/TrafficStats( 1673): [QCTMM]tryAll index=0
E/TrafficStats( 1673): [QCTMM]tryAll index=1
E/TrafficStats( 1673): [QCTMM]tryAll index=2
D/DATA    ( 1860): sentSinceLastRecv=0,watchdogTrigger=10,maxindex=0
D/UDP-TIMING(17673): 401 0 0.187222000
D/UDP-TIMING(17673): 402 0 0.177038000
D/UDP-TIMING(17673): 403 0 0.166861000
D/UDP-TIMING(17673): 404 0 0.186525000
D/UDP-TIMING(17673): 405 0 0.176344000
D/UDP-TIMING(17673): 406 0 0.166163000
D/UDP-TIMING(17673): 407 0 0.185707000
D/UDP-TIMING(17673): 408 0 0.175533000
D/UDP-TIMING(17673): 409 0 0.165416000
D/UDP-TIMING(17673): 410 0 0.185668000
D/UDP-TIMING(17673): 411 0 0.175558000
D/UDP-TIMING(17673): 412 0 0.165418000
D/UDP-TIMING(17673): 413 0 0.184885000
D/UDP-TIMING(17673): 414 0 0.174755000
D/UDP-TIMING(17673): 415 0 0.164630000
D/UDP-TIMING(17673): 416 0 0.184869000
D/UDP-TIMING(17673): 417 0 0.174743000
D/UDP-TIMING(17673): 418 0 0.164615000
D/UDP-TIMING(17673): 419 0 0.184099000
D/UDP-TIMING(17673): 420 0 0.174002000
D/UDP-TIMING(17673): 421 0 0.194302000
D/UDP-TIMING(17673): 422 0 0.184219000
D/UDP-TIMING(17673): 423 0 0.174094000
D/UDP-TIMING(17673): 424 0 0.163965000
D/UDP-TIMING(17673): 425 0 0.183805000
D/UDP-TIMING(17673): 426 0 0.173678000
D/UDP-TIMING(17673): 427 0 0.163529000
D/UDP-TIMING(17673): 428 0 0.183012000
D/UDP-TIMING(17673): 429 0 0.172914000
D/UDP-TIMING(17673): 430 0 0.162787000
D/UDP-TIMING(17673): 431 0 0.182874000
D/UDP-TIMING(17673): 432 0 0.172693000
D/UDP-TIMING(17673): 433 0 0.162482000
D/UDP-TIMING(17673): 434 0 0.182060000
D/UDP-TIMING(17673): 435 0 0.171883000
D/UDP-TIMING(17673): 436 0 0.161687000
D/UDP-TIMING(17673): 437 0 0.181895000
D/UDP-TIMING(17673): 438 0 0.171726000
D/UDP-TIMING(17673): 439 0 0.191465000
D/UDP-TIMING(17673): 440 0 0.181340000
D/UDP-TIMING(17673): 441 0 0.171220000
D/UDP-TIMING(17673): 442 0 0.191140000
D/UDP-TIMING(17673): 443 0 0.180958000
D/UDP-TIMING(17673): 444 0 0.170809000
D/UDP-TIMING(17673): 445 0 0.190371000
D/UDP-TIMING(17673): 446 0 0.180193000
D/UDP-TIMING(17673): 447 0 0.170016000
D/UDP-TIMING(17673): 448 0 0.190109000
D/UDP-TIMING(17673): 449 0 0.179962000
D/UDP-TIMING(17673): 450 0 0.169865000
D/UDP-TIMING(17673): 451 0 0.189414000
D/UDP-TIMING(17673): 452 0 0.179231000
D/UDP-TIMING(17673): 453 0 0.169080000
D/UDP-TIMING(17673): 454 0 0.189144000
D/UDP-TIMING(17673): 455 0 0.178962000
D/UDP-TIMING(17673): 456 0 0.168808000
D/UDP-TIMING(17673): 457 0 0.188347000
D/UDP-TIMING(17673): 458 0 0.178165000
D/UDP-TIMING(17673): 459 0 0.167992000
D/UDP-TIMING(17673): 460 0 0.188032000
D/UDP-TIMING(17673): 461 0 0.177854000
D/UDP-TIMING(17673): 462 0 0.167671000
D/UDP-TIMING(17673): 463 0 0.187218000
D/UDP-TIMING(17673): 464 0 0.177047000
D/UDP-TIMING(17673): 465 0 0.166896000
D/UDP-TIMING(17673): 466 0 0.186737000
D/UDP-TIMING(17673): 467 0 0.176564000
D/UDP-TIMING(17673): 468 0 0.166387000
D/UDP-TIMING(17673): 469 0 0.186556000
D/UDP-TIMING(17673): 470 0 0.176382000
D/UDP-TIMING(17673): 471 0 0.166211000
D/UDP-TIMING(17673): 472 0 0.185820000
D/UDP-TIMING(17673): 473 0 0.175640000
D/UDP-TIMING(17673): 474 0 0.165459000
D/UDP-TIMING(17673): 475 0 0.185650000
D/UDP-TIMING(17673): 476 0 0.175472000
D/UDP-TIMING(17673): 477 0 0.165319000
D/UDP-TIMING(17673): 478 0 0.184709000
D/UDP-TIMING(17673): 479 0 0.174665000
D/UDP-TIMING(17673): 480 0 0.164555000
D/UDP-TIMING(17673): 481 0 0.184613000
D/UDP-TIMING(17673): 482 0 0.174458000
D/UDP-TIMING(17673): 483 0 0.194095000
D/UDP-TIMING(17673): 484 0 0.183951000
D/UDP-TIMING(17673): 485 0 0.173768000
D/UDP-TIMING(17673): 486 0 0.163587000
D/UDP-TIMING(17673): 487 0 0.183592000
D/UDP-TIMING(17673): 488 0 0.173504000
D/UDP-TIMING(17673): 489 0 0.163439000
D/UDP-TIMING(17673): 490 0 0.182958000
D/UDP-TIMING(17673): 491 0 0.172783000
D/UDP-TIMING(17673): 492 0 0.162634000
D/UDP-TIMING(17673): 493 0 0.182704000
D/UDP-TIMING(17673): 494 0 0.172531000
D/UDP-TIMING(17673): 495 0 0.162350000
E/TrafficStats(17681): [QCTMM]tryAll index=0
E/TrafficStats(17681): [QCTMM]tryAll index=1
D/UDP-TIMING(17673): 496 0 0.181935000
D/UDP-TIMING(17673): 497 0 0.171809000
