D/UDP-TIMING(17390): 3847 0 0.251640000
D/UDP-TIMING(17390): 3848 0 0.247020000
D/UDP-TIMING(17390): 3849 0 0.242113000
D/UDP-TIMING(17390): 3850 0 0.263610000
D/UDP-TIMING(17390): 3851 0 0.262675000
D/UDP-TIMING(17390): 3852 0 0.255599000
D/UDP-TIMING(17390): 3853 0 0.239708000
D/UDP-TIMING(17390): 3854 0 0.258343000
D/UDP-TIMING(17390): 3855 0 0.253893000
D/UDP-TIMING(17390): 3856 0 0.244641000
D/UDP-TIMING(17390): 3857 0 0.272070000
D/UDP-TIMING(17390): 3858 0 0.254017000
D/UDP-TIMING(17390): 3859 0 0.253734000
D/UDP-TIMING(17390): 3860 0 0.246947000
D/UDP-TIMING(17390): 3861 0 0.265796000
D/UDP-TIMING(17390): 3862 0 0.265171000
D/UDP-TIMING(17390): 3863 0 0.262940000
D/UDP-TIMING(17390): 3864 0 0.261222000
D/UDP-TIMING(17390): 3865 0 0.258505000
D/UDP-TIMING(17390): 3866 0 0.250383000
D/UDP-TIMING(17390): 3867 0 0.249311000
D/UDP-TIMING(17390): 3868 0 0.268758000
D/UDP-TIMING(17390): 3869 0 0.263014000
D/UDP-TIMING(17390): 3870 0 0.260071000
D/UDP-TIMING(17390): 3871 0 0.258685000
D/UDP-TIMING(17390): 3872 0 0.257516000
D/UDP-TIMING(17390): 3873 0 0.248927000
D/UDP-TIMING(17390): 3874 0 0.240538000
E/TrafficStats( 1673): [QCTMM]tryAll index=0
E/TrafficStats( 1673): [QCTMM]tryAll index=1
E/TrafficStats( 1673): [QCTMM]tryAll index=2
D/UDP-TIMING(17390): 3875 0 0.257870000
D/UDP-TIMING(17390): 3876 0 0.257349000
D/UDP-TIMING(17390): 3877 0 0.241846000
E/TrafficStats( 1673): [QCTMM]tryAll index=0
E/TrafficStats( 1673): [QCTMM]tryAll index=1
E/TrafficStats( 1673): [QCTMM]tryAll index=2
D/DATA    ( 1860): sentSinceLastRecv=0,watchdogTrigger=10,maxindex=0
D/UDP-TIMING(17390): 3878 0 0.267755000
D/UDP-TIMING(17390): 3879 0 0.262504000
D/UDP-TIMING(17390): 3880 0 0.260587000
D/UDP-TIMING(17390): 3881 0 0.243161000
D/UDP-TIMING(17390): 3882 0 0.266745000
D/UDP-TIMING(17390): 3883 0 0.255772000
D/UDP-TIMING(17390): 3884 0 0.275878000
D/UDP-TIMING(17390): 3885 0 0.274094000
D/UDP-TIMING(17390): 3886 0 0.273910000
D/UDP-TIMING(17390): 3887 0 0.271359000
D/UDP-TIMING(17390): 3888 0 0.266886000
D/UDP-TIMING(17390): 3889 0 0.248220000
D/UDP-TIMING(17390): 3890 0 0.275534000
D/UDP-TIMING(17390): 3891 0 0.257119000
D/UDP-TIMING(17390): 3892 0 0.249668000
D/UDP-TIMING(17390): 3893 0 0.246318000
D/UDP-TIMING(17390): 3894 0 0.245880000
D/UDP-TIMING(17390): 3895 0 0.264962000
D/UDP-TIMING(17390): 3896 0 0.257764000
D/UDP-TIMING(17390): 3897 0 0.248998000
D/UDP-TIMING(17390): 3898 0 0.264491000
D/UDP-TIMING(17390): 3899 0 0.262816000
D/UDP-TIMING(17390): 3900 0 0.262570000
D/UDP-TIMING(17390): 3901 0 0.262447000
D/UDP-TIMING(17390): 3902 0 0.259198000
D/UDP-TIMING(17390): 3903 0 0.257977000
D/UDP-TIMING(17390): 3904 0 0.249279000
D/UDP-TIMING(17390): 3905 0 0.261944000
D/UDP-TIMING(17390): 3906 0 0.243869000
D/UDP-TIMING(17390): 3907 0 0.263991000
D/UDP-TIMING(17390): 3908 0 0.254500000
D/UDP-TIMING(17390): 3909 0 0.253266000
D/UDP-TIMING(17390): 3910 0 0.253057000
D/UDP-TIMING(17390): 3911 0 0.268657000
D/UDP-TIMING(17390): 3912 0 0.242429000
D/UDP-TIMING(17390): 3913 0 0.265320000
D/UDP-TIMING(17390): 3914 0 0.259555000
D/UDP-TIMING(17390): 3915 0 0.251595000
D/UDP-TIMING(17390): 3916 0 0.241155000
D/UDP-TIMING(17390): 3917 0 0.265413000
D/UDP-TIMING(17390): 3918 0 0.251358000
D/UDP-TIMING(17390): 3919 0 0.254125000
D/UDP-TIMING(17390): 3920 0 0.250603000
D/UDP-TIMING(17390): 3921 0 0.242159000
D/UDP-TIMING(17390): 3922 0 0.254158000
D/UDP-TIMING(17390): 3923 0 0.267783000
D/UDP-TIMING(17390): 3924 0 0.264783000
D/UDP-TIMING(17390): 3925 0 0.244458000
D/UDP-TIMING(17390): 3926 0 0.267898000
D/UDP-TIMING(17390): 3927 0 0.253572000
D/UDP-TIMING(17390): 3928 0 0.247473000
D/UDP-TIMING(17390): 3929 0 0.244762000
D/UDP-TIMING(17390): 3930 0 0.251805000
D/UDP-TIMING(17390): 3931 0 0.245500000
D/UDP-TIMING(17390): 3932 0 0.242819000
D/UDP-TIMING(17390): 3933 0 0.240937000
D/UDP-TIMING(17390): 3934 0 0.262252000
D/UDP-TIMING(17390): 3935 0 0.245934000
D/UDP-TIMING(17390): 3936 0 0.261499000
D/UDP-TIMING(17390): 3937 0 0.256293000
D/UDP-TIMING(17390): 3938 0 0.250791000
D/UDP-TIMING(17390): 3939 0 0.241588000
D/UDP-TIMING(17390): 3940 0 0.264754000
D/UDP-TIMING(17390): 3941 0 0.259192000
D/UDP-TIMING(17390): 3942 0 0.254621000
D/UDP-TIMING(17390): 3943 0 0.249003000
D/UDP-TIMING(17390): 3944 0 0.254905000
D/UDP-TIMING(17390): 3945 0 0.269385000
D/UDP-TIMING(17390): 3946 0 0.265284000
D/UDP-TIMING(17390): 3947 0 0.257193000
D/UDP-TIMING(17390): 3948 0 0.254441000
D/UDP-TIMING(17390): 3949 0 0.272000000
D/UDP-TIMING(17390): 3950 0 0.264081000
D/UDP-TIMING(17390): 3951 0 0.256708000
D/UDP-TIMING(17390): 3952 0 0.244672000
D/UDP-TIMING(17390): 3953 0 0.269333000
D/UDP-TIMING(17390): 3954 0 0.265420000
D/UDP-TIMING(17390): 3955 0 0.266184000
D/UDP-TIMING(17390): 3956 0 0.263245000
D/UDP-TIMING(17390): 3957 0 0.247880000
D/UDP-TIMING(17390): 3958 0 0.265326000
D/UDP-TIMING(17390): 3959 0 0.253380000
D/UDP-TIMING(17390): 3960 0 0.253250000
D/UDP-TIMING(17390): 3961 0 0.243796000
D/UDP-TIMING(17390): 3962 0 0.242055000
D/UDP-TIMING(17390): 3963 0 0.269202000
D/UDP-TIMING(17390): 3964 0 0.254346000
D/UDP-TIMING(17390): 3965 0 0.241740000
D/UDP-TIMING(17390): 3966 0 0.271640000
D/UDP-TIMING(17390): 3967 0 0.257295000
D/UDP-TIMING(17390): 3968 0 0.256035000
D/UDP-TIMING(17390): 3969 0 0.250010000
D/UDP-TIMING(17390): 3970 0 0.245482000
D/UDP-TIMING(17390): 3971 0 0.265573000
D/UDP-TIMING(17390): 3972 0 0.245192000
D/UDP-TIMING(17390): 3973 0 0.262987000
D/UDP-TIMING(17390): 3974 0 0.262627000
D/UDP-TIMING(17390): 3975 0 0.247677000
D/UDP-TIMING(17390): 3976 0 0.240463000
E/TrafficStats( 1673): [QCTMM]tryAll index=0
E/TrafficStats( 1673): [QCTMM]tryAll index=1
E/TrafficStats( 1673): [QCTMM]tryAll index=2
E/TrafficStats( 1673): [QCTMM]tryAll index=0
E/TrafficStats( 1673): [QCTMM]tryAll index=1
E/TrafficStats( 1673): [QCTMM]tryAll index=2
D/DATA    ( 1860): sentSinceLastRecv=0,watchdogTrigger=10,maxindex=0
E/TrafficStats(16531): [QCTMM]tryAll index=0
E/TrafficStats(16531): [QCTMM]tryAll index=1
E/TrafficStats(16531): [QCTMM]tryAll index=2
E/TrafficStats(16531): [QCTMM]tryAll index=0
E/TrafficStats(16531): [QCTMM]tryAll index=1
E/TrafficStats(16531): [QCTMM]tryAll index=2
E/TrafficStats(16531): [QCTMM]tryAll index=0
E/TrafficStats(16531): [QCTMM]tryAll index=1
E/TrafficStats(16531): [QCTMM]tryAll index=2
D/UDP-TIMING(17390): 3977 0 0.269951000
D/UDP-TIMING(17390): 3978 0 0.266030000
D/UDP-TIMING(17390): 3979 0 0.252625000
E/TrafficStats(16531): [QCTMM]tryAll index=0
E/TrafficStats(16531): [QCTMM]tryAll index=1
E/TrafficStats(16531): [QCTMM]tryAll index=2
D/UDP-TIMING(17390): 3980 0 0.269805000
D/UDP-TIMING(17390): 3981 0 0.249855000
D/UDP-TIMING(17390): 3982 0 0.246795000
D/UDP-TIMING(17390): 3983 0 0.241346000
D/UDP-TIMING(17390): 3984 0 0.268235000
D/UDP-TIMING(17390): 3985 0 0.259762000
D/UDP-TIMING(17390): 3986 0 0.255182000
D/UDP-TIMING(17390): 3987 0 0.248377000
D/UDP-TIMING(17390): 3988 0 0.243926000
D/UDP-TIMING(17390): 3989 0 0.243186000
D/UDP-TIMING(17390): 3990 0 0.241128000
D/UDP-TIMING(17390): 3991 0 0.266850000
D/UDP-TIMING(17390): 3992 0 0.255876000
D/UDP-TIMING(17390): 3993 0 0.251811000
D/UDP-TIMING(17390): 3994 0 0.242889000
D/UDP-TIMING(17390): 3995 0 0.266736000
D/UDP-TIMING(17390): 3996 0 0.266209000
D/UDP-TIMING(17390): 3997 0 0.256448000
D/UDP-TIMING(17390): 3998 0 0.254137000
D/UDP-TIMING(17390): 3999 0 0.252437000
D/UDP-TIMING(17390): 4000 0 0.251668000
D/UDP-TIMING(17390): 4001 0 0.243698000
D/UDP-TIMING(17390): 4002 0 0.259810000
D/UDP-TIMING(17390): 4003 0 0.262868000
D/UDP-TIMING(17390): 4004 0 0.259764000
D/UDP-TIMING(17390): 4005 0 0.244380000
D/UDP-TIMING(17390): 4006 0 0.262039000
D/UDP-TIMING(17390): 4007 0 0.247516000
D/UDP-TIMING(17390): 4008 0 0.262491000
D/UDP-TIMING(17390): 4009 0 0.262158000
D/UDP-TIMING(17390): 4010 0 0.255079000
D/UDP-TIMING(17390): 4011 0 0.248058000
D/UDP-TIMING(17390): 4012 0 0.256139000
D/UDP-TIMING(17390): 4013 0 0.242261000
D/UDP-TIMING(17390): 4014 0 0.248991000
D/UDP-TIMING(17390): 4015 0 0.247563000
D/UDP-TIMING(17390): 4016 0 0.243663000
D/UDP-TIMING(17390): 4017 0 0.240472000
D/UDP-TIMING(17390): 4018 0 0.260658000
D/UDP-TIMING(17390): 4019 0 0.249716000
D/UDP-TIMING(17390): 4020 0 0.245673000
D/UDP-TIMING(17390): 4021 0 0.260580000
D/UDP-TIMING(17390): 4022 0 0.260380000
D/UDP-TIMING(17390): 4023 0 0.248654000
D/UDP-TIMING(17390): 4024 0 0.247382000
D/UDP-TIMING(17390): 4025 0 0.268541000
D/UDP-TIMING(17390): 4026 0 0.262950000
D/UDP-TIMING(17390): 4027 0 0.261273000
D/UDP-TIMING(17390): 4028 0 0.258705000
D/UDP-TIMING(17390): 4029 0 0.249128000
D/UDP-TIMING(17390): 4030 0 0.245495000
D/UDP-TIMING(17390): 4031 0 0.242084000
D/UDP-TIMING(17390): 4032 0 0.269964000
D/UDP-TIMING(17390): 4033 0 0.269401000
D/UDP-TIMING(17390): 4034 0 0.266921000
D/UDP-TIMING(17390): 4035 0 0.261410000
D/UDP-TIMING(17390): 4036 0 0.243756000
D/UDP-TIMING(17390): 4037 0 0.250106000
D/UDP-TIMING(17390): 4038 0 0.248102000
D/UDP-TIMING(17390): 4039 0 0.268454000
D/UDP-TIMING(17390): 4040 0 0.242000000
D/UDP-TIMING(17390): 4041 0 0.260954000
D/UDP-TIMING(17390): 4042 0 0.259723000
D/UDP-TIMING(17390): 4043 0 0.242951000
D/Database(16531): dbopen(): path = /data/data/com.onavo.android.onavoid/databases/ui_events, flag = 6, file size = 14058496
D/UDP-TIMING(17390): 4044 0 0.266621000
D/UDP-TIMING(17390): 4045 0 0.266485000
D/dalvikvm(16531): GC_CONCURRENT freed 457K, 52% free 3351K/6855K, external 0K/0K, paused 9ms+3ms
D/UDP-TIMING(17390): 4046 0 0.269584000
D/UDP-TIMING(17390): 4047 0 0.256256000
D/UDP-TIMING(17390): 4048 0 0.253010000
D/UDP-TIMING(17390): 4049 0 0.245116000
D/UDP-TIMING(17390): 4050 0 0.240668000
D/Database(16531): dbopen(): path = /data/data/com.onavo.android.onavoid/databases/ui_events, mode: wal, disk free size: 2000 M, handle: 0x37d3a8
D/Database(16531): dbclose(): path = /data/data/com.onavo.android.onavoid/databases/ui_events, handle = 0x37d3a8
D/UDP-TIMING(17390): 4051 0 0.261144000
D/UDP-TIMING(17390): 4052 0 0.257095000
D/UDP-TIMING(17390): 4053 0 0.251756000
D/UDP-TIMING(17390): 4054 0 0.243174000
D/UDP-TIMING(17390): 4055 0 0.267184000
D/UDP-TIMING(17390): 4056 0 0.239990000
D/UDP-TIMING(17390): 4057 0 0.258018000
D/UDP-TIMING(17390): 4058 0 0.249307000
D/UDP-TIMING(17390): 4059 0 0.276564000
D/UDP-TIMING(17390): 4060 0 0.267391000
D/UDP-TIMING(17390): 4061 0 0.247221000
D/UDP-TIMING(17390): 4062 0 0.270818000
D/UDP-TIMING(17390): 4063 0 0.256901000
D/UDP-TIMING(17390): 4064 0 0.262594000
D/UDP-TIMING(17390): 4065 0 0.250725000
D/UDP-TIMING(17390): 4066 0 0.248848000
D/UDP-TIMING(17390): 4067 0 0.265752000
D/UDP-TIMING(17390): 4068 0 0.256579000
D/UDP-TIMING(17390): 4069 0 0.252416000
D/UDP-TIMING(17390): 4070 0 0.248077000
D/UDP-TIMING(17390): 4071 0 0.270238000
D/UDP-TIMING(17390): 4072 0 0.270130000
D/UDP-TIMING(17390): 4073 0 0.264222000
D/UDP-TIMING(17390): 4074 0 0.259991000
D/UDP-TIMING(17390): 4075 0 0.254345000
D/UDP-TIMING(17390): 4076 0 0.248278000
D/UDP-TIMING(17390): 4077 0 0.245023000
D/UDP-TIMING(17390): 4078 0 0.243220000
D/UDP-TIMING(17390): 4079 0 0.260804000
E/TrafficStats( 1673): [QCTMM]tryAll index=0
E/TrafficStats( 1673): [QCTMM]tryAll index=1
E/TrafficStats( 1673): [QCTMM]tryAll index=2
E/TrafficStats( 1673): [QCTMM]tryAll index=0
E/TrafficStats( 1673): [QCTMM]tryAll index=1
E/TrafficStats( 1673): [QCTMM]tryAll index=2
D/UDP-TIMING(17390): 4080 0 0.274500000
D/UDP-TIMING(17390): 4081 0 0.266506000
D/UDP-TIMING(17390): 4082 0 0.262865000
D/UDP-TIMING(17390): 4083 0 0.261474000
D/DATA    ( 1860): sentSinceLastRecv=0,watchdogTrigger=10,maxindex=0
D/UDP-TIMING(17390): 4084 0 0.261463000
D/UDP-TIMING(17390): 4085 0 0.271265000
D/UDP-TIMING(17390): 4086 0 0.263138000
D/UDP-TIMING(17390): 4087 0 0.264038000
D/UDP-TIMING(17390): 4088 0 0.244881000
D/UDP-TIMING(17390): 4089 0 0.243427000
D/UDP-TIMING(17390): 4090 0 0.241661000
D/UDP-TIMING(17390): 4091 0 0.265874000
D/UDP-TIMING(17390): 4092 0 0.249258000
D/UDP-TIMING(17390): 4093 0 0.269434000
D/UDP-TIMING(17390): 4094 0 0.267208000
D/UDP-TIMING(17390): 4095 0 0.244184000
D/UDP-TIMING(17390): 4096 0 0.240125000
D/UDP-TIMING(17390): 4097 0 0.265218000
D/UDP-TIMING(17390): 4098 0 0.255038000
D/UDP-TIMING(17390): 4099 0 0.259832000
D/UDP-TIMING(17390): 4100 0 0.248262000
D/UDP-TIMING(17390): 4101 0 0.241947000
D/UDP-TIMING(17390): 4102 0 0.266159000
D/UDP-TIMING(17390): 4103 0 0.254502000
D/UDP-TIMING(17390): 4104 0 0.249005000
D/UDP-TIMING(17390): 4105 0 0.263406000
D/UDP-TIMING(17390): 4106 0 0.262221000
D/UDP-TIMING(17390): 4107 0 0.242326000
D/UDP-TIMING(17390): 4108 0 0.241715000
D/UDP-TIMING(17390): 4109 0 0.268488000
D/UDP-TIMING(17390): 4110 0 0.259809000
D/UDP-TIMING(17390): 4111 0 0.270930000
D/UDP-TIMING(17390): 4112 0 0.254562000
D/UDP-TIMING(17390): 4113 0 0.263936000
D/UDP-TIMING(17390): 4114 0 0.258715000
D/UDP-TIMING(17390): 4115 0 0.244734000
D/UDP-TIMING(17390): 4116 0 0.261087000
D/UDP-TIMING(17390): 4117 0 0.253571000
D/UDP-TIMING(17390): 4118 0 0.241622000
D/UDP-TIMING(17390): 4119 0 0.263126000
D/UDP-TIMING(17390): 4120 0 0.252605000
D/UDP-TIMING(17390): 4121 0 0.263417000
D/UDP-TIMING(17390): 4122 0 0.263071000
D/UDP-TIMING(17390): 4123 0 0.252791000
D/UDP-TIMING(17390): 4124 0 0.276448000
D/UDP-TIMING(17390): 4125 0 0.273847000
D/UDP-TIMING(17390): 4126 0 0.266085000
D/UDP-TIMING(17390): 4127 0 0.249552000
D/UDP-TIMING(17390): 4128 0 0.240961000
D/UDP-TIMING(17390): 4129 0 0.269056000
D/UDP-TIMING(17390): 4130 0 0.255968000
D/UDP-TIMING(17390): 4131 0 0.252975000
D/UDP-TIMING(17390): 4132 0 0.251379000
D/UDP-TIMING(17390): 4133 0 0.249383000
D/UDP-TIMING(17390): 4134 0 0.252235000
D/UDP-TIMING(17390): 4135 0 0.273891000
D/UDP-TIMING(17390): 4136 0 0.243414000
D/UDP-TIMING(17390): 4137 0 0.242944000
D/UDP-TIMING(17390): 4138 0 0.267532000
D/UDP-TIMING(17390): 4139 0 0.269223000
D/UDP-TIMING(17390): 4140 0 0.265592000
D/UDP-TIMING(17390): 4141 0 0.253250000
D/UDP-TIMING(17390): 4142 0 0.264107000
D/UDP-TIMING(17390): 4143 0 0.262942000
D/UDP-TIMING(17390): 4144 0 0.273723000
D/UDP-TIMING(17390): 4145 0 0.256708000
D/UDP-TIMING(17390): 4146 0 0.267793000
D/UDP-TIMING(17390): 4147 0 0.258720000
D/UDP-TIMING(17390): 4148 0 0.254457000
D/UDP-TIMING(17390): 4149 0 0.276815000
D/UDP-TIMING(17390): 4150 0 0.274750000
D/UDP-TIMING(17390): 4151 0 0.264080000
D/UDP-TIMING(17390): 4152 0 0.259224000
D/UDP-TIMING(17390): 4153 0 0.256885000
D/UDP-TIMING(17390): 4154 0 0.247183000
D/UDP-TIMING(17390): 4155 0 0.257732000
D/UDP-TIMING(17390): 4156 0 0.252092000
D/UDP-TIMING(17390): 4157 0 0.250285000
D/UDP-TIMING(17390): 4158 0 0.268896000
E/TrafficStats( 1673): [QCTMM]tryAll index=0
E/TrafficStats( 1673): [QCTMM]tryAll index=1
E/TrafficStats( 1673): [QCTMM]tryAll index=2
E/TrafficStats( 1673): [QCTMM]tryAll index=0
E/TrafficStats( 1673): [QCTMM]tryAll index=1
E/TrafficStats( 1673): [QCTMM]tryAll index=2
D/UDP-TIMING(17390): 4159 0 0.254044000
D/UDP-TIMING(17390): 4160 0 0.250072000
D/UDP-TIMING(17390): 4161 0 0.244977000
D/UDP-TIMING(17390): 4162 0 0.241990000
D/DATA    ( 1860): sentSinceLastRecv=0,watchdogTrigger=10,maxindex=0
D/UDP-TIMING(17390): 4163 0 0.265015000
D/UDP-TIMING(17390): 4164 0 0.256632000
D/UDP-TIMING(17390): 4165 0 0.254633000
D/UDP-TIMING(17390): 4166 0 0.254381000
D/UDP-TIMING(17390): 4167 0 0.247108000
D/UDP-TIMING(17390): 4168 0 0.244673000
D/UDP-TIMING(17390): 4169 0 0.269312000
D/UDP-TIMING(17390): 4170 0 0.262029000
D/UDP-TIMING(17390): 4171 0 0.254924000
D/UDP-TIMING(17390): 4172 0 0.249550000
D/UDP-TIMING(17390): 4173 0 0.245021000
D/UDP-TIMING(17390): 4174 0 0.265487000
D/UDP-TIMING(17390): 4175 0 0.262327000
D/UDP-TIMING(17390): 4176 0 0.260357000
D/UDP-TIMING(17390): 4177 0 0.254387000
D/UDP-TIMING(17390): 4178 0 0.265323000
D/UDP-TIMING(17390): 4179 0 0.258214000
D/UDP-TIMING(17390): 4180 0 0.251782000
D/UDP-TIMING(17390): 4181 0 0.251450000
D/UDP-TIMING(17390): 4182 0 0.244583000
D/UDP-TIMING(17390): 4183 0 0.240044000
D/UDP-TIMING(17390): 4184 0 0.267003000
D/UDP-TIMING(17390): 4185 0 0.265771000
D/UDP-TIMING(17390): 4186 0 0.263240000
D/UDP-TIMING(17390): 4187 0 0.252774000
D/UDP-TIMING(17390): 4188 0 0.249621000
D/UDP-TIMING(17390): 4189 0 0.259271000
D/UDP-TIMING(17390): 4190 0 0.249199000
D/UDP-TIMING(17390): 4191 0 0.240503000
D/StatusBarPolicy( 1816): iconIndex=1
V/StatusBarPolicy( 1816): cdmaLevel:2;max:4
D/StatusBarPolicy( 1816): iconLevel:2
D/UDP-TIMING(17390): 4192 0 0.267450000
D/UDP-TIMING(17390): 4193 0 0.246832000
D/UDP-TIMING(17390): 4194 0 0.246396000
I/PhoneInfo( 2188): getCdmaLevel - cdmaDbm: -70 cdmaEcio:-120
I/PhoneInfo( 2188): getEvdoLevel - evdoDbm: -120 evdoSnr:-1 evdoEcio:-1
I/PhoneInfo( 2188): getLteLevel - lteRsrp: -1 lteCqi:-1
D/UDP-TIMING(17390): 4195 0 0.259410000
D/UDP-TIMING(17390): 4196 0 0.258865000
D/UDP-TIMING(17390): 4197 0 0.258374000
D/UDP-TIMING(17390): 4198 0 0.254248000
D/UDP-TIMING(17390): 4199 0 0.251305000
D/UDP-TIMING(17390): 4200 0 0.245122000
D/UDP-TIMING(17390): 4201 0 0.255845000
D/UDP-TIMING(17390): 4202 0 0.241957000
D/UDP-TIMING(17390): 4203 0 0.252761000
D/UDP-TIMING(17390): 4204 0 0.250475000
D/UDP-TIMING(17390): 4205 0 0.246101000
D/UDP-TIMING(17390): 4206 0 0.244691000
D/UDP-TIMING(17390): 4207 0 0.240068000
D/UDP-TIMING(17390): 4208 0 0.253939000
D/UDP-TIMING(17390): 4209 0 0.248861000
D/UDP-TIMING(17390): 4210 0 0.258522000
D/UDP-TIMING(17390): 4211 0 0.244218000
D/UDP-TIMING(17390): 4212 0 0.256433000
D/UDP-TIMING(17390): 4213 0 0.251954000
D/UDP-TIMING(17390): 4214 0 0.250676000
D/UDP-TIMING(17390): 4215 0 0.248092000
D/UDP-TIMING(17390): 4216 0 0.271718000
D/UDP-TIMING(17390): 4217 0 0.267668000
D/UDP-TIMING(17390): 4218 0 0.248274000
D/UDP-TIMING(17390): 4219 0 0.265918000
D/UDP-TIMING(17390): 4220 0 0.263697000
D/UDP-TIMING(17390): 4221 0 0.256952000
D/UDP-TIMING(17390): 4222 0 0.253415000
D/UDP-TIMING(17390): 4223 0 0.247194000
D/UDP-TIMING(17390): 4224 0 0.242581000
D/UDP-TIMING(17390): 4225 0 0.268259000
D/UDP-TIMING(17390): 4226 0 0.264904000
D/UDP-TIMING(17390): 4227 0 0.259625000
D/UDP-TIMING(17390): 4228 0 0.255091000
D/UDP-TIMING(17390): 4229 0 0.245679000
D/UDP-TIMING(17390): 4230 0 0.265193000
D/UDP-TIMING(17390): 4231 0 0.248475000
D/UDP-TIMING(17390): 4232 0 0.242570000
D/UDP-TIMING(17390): 4233 0 0.267234000
D/UDP-TIMING(17390): 4234 0 0.256003000
D/UDP-TIMING(17390): 4235 0 0.245857000
D/UDP-TIMING(17390): 4236 0 0.262412000
D/UDP-TIMING(17390): 4237 0 0.246514000
D/UDP-TIMING(17390): 4238 0 0.259392000
D/UDP-TIMING(17390): 4239 0 0.251977000
D/UDP-TIMING(17390): 4240 0 0.267111000
D/UDP-TIMING(17390): 4241 0 0.247588000
D/UDP-TIMING(17390): 4242 0 0.244205000
D/UDP-TIMING(17390): 4243 0 0.260315000
D/UDP-TIMING(17390): 4244 0 0.257842000
D/UDP-TIMING(17390): 4245 0 0.252751000
D/UDP-TIMING(17390): 4246 0 0.247940000
D/UDP-TIMING(17390): 4247 0 0.267241000
D/UDP-TIMING(17390): 4248 0 0.254749000
D/UDP-TIMING(17390): 4249 0 0.267180000
D/UDP-TIMING(17390): 4250 0 0.262198000
D/UDP-TIMING(17390): 4251 0 0.268604000
D/UDP-TIMING(17390): 4252 0 0.264733000
D/UDP-TIMING(17390): 4253 0 0.253517000
D/UDP-TIMING(17390): 4254 0 0.249019000
D/UDP-TIMING(17390): 4255 0 0.268112000
D/UDP-TIMING(17390): 4256 0 0.253156000
D/UDP-TIMING(17390): 4257 0 0.243154000
D/UDP-TIMING(17390): 4258 0 0.242338000
D/UDP-TIMING(17390): 4259 0 0.268325000
D/UDP-TIMING(17390): 4260 0 0.265603000
D/UDP-TIMING(17390): 4261 0 0.252918000
D/UDP-TIMING(17390): 4262 0 0.251134000
D/UDP-TIMING(17390): 4263 0 0.241333000
D/UDP-TIMING(17390): 4264 0 0.240067000
E/TrafficStats( 1673): [QCTMM]tryAll index=0
E/TrafficStats( 1673): [QCTMM]tryAll index=1
E/TrafficStats( 1673): [QCTMM]tryAll index=2
E/TrafficStats( 1673): [QCTMM]tryAll index=0
E/TrafficStats( 1673): [QCTMM]tryAll index=1
E/TrafficStats( 1673): [QCTMM]tryAll index=2
D/DATA    ( 1860): sentSinceLastRecv=0,watchdogTrigger=10,maxindex=0
D/UDP-TIMING(17390): 4265 0 0.251235000
D/UDP-TIMING(17390): 4266 0 0.247590000
D/UDP-TIMING(17390): 4267 0 0.258609000
D/UDP-TIMING(17390): 4268 0 0.248889000
D/UDP-TIMING(17390): 4269 0 0.245318000
D/UDP-TIMING(17390): 4270 0 0.240590000
D/UDP-TIMING(17390): 4271 0 0.265701000
D/UDP-TIMING(17390): 4272 0 0.264011000
D/UDP-TIMING(17390): 4273 0 0.253516000
D/UDP-TIMING(17390): 4274 0 0.251943000
D/UDP-TIMING(17390): 4275 0 0.247428000
D/UDP-TIMING(17390): 4276 0 0.246956000
D/UDP-TIMING(17390): 4277 0 0.245762000
D/UDP-TIMING(17390): 4278 0 0.245445000
D/UDP-TIMING(17390): 4279 0 0.261500000
D/UDP-TIMING(17390): 4280 0 0.265250000
D/UDP-TIMING(17390): 4281 0 0.259960000
D/UDP-TIMING(17390): 4282 0 0.249492000
D/UDP-TIMING(17390): 4283 0 0.246685000
D/UDP-TIMING(17390): 4284 0 0.245804000
D/UDP-TIMING(17390): 4285 0 0.244722000
D/UDP-TIMING(17390): 4286 0 0.251428000
D/UDP-TIMING(17390): 4287 0 0.250666000
D/UDP-TIMING(17390): 4288 0 0.240703000
D/UDP-TIMING(17390): 4289 0 0.265046000
D/UDP-TIMING(17390): 4290 0 0.259639000
D/UDP-TIMING(17390): 4291 0 0.240302000
D/UDP-TIMING(17390): 4292 0 0.258937000
D/UDP-TIMING(17390): 4293 0 0.280380000
D/UDP-TIMING(17390): 4294 0 0.272922000
D/UDP-TIMING(17390): 4295 0 0.257044000
D/UDP-TIMING(17390): 4296 0 0.252037000
D/UDP-TIMING(17390): 4297 0 0.264802000
D/UDP-TIMING(17390): 4298 0 0.254425000
D/UDP-TIMING(17390): 4299 0 0.244747000
D/UDP-TIMING(17390): 4300 0 0.243429000
D/UDP-TIMING(17390): 4301 0 0.243269000
D/UDP-TIMING(17390): 4302 0 0.268117000
D/UDP-TIMING(17390): 4303 0 0.264913000
D/UDP-TIMING(17390): 4304 0 0.254151000
D/UDP-TIMING(17390): 4305 0 0.246747000
D/UDP-TIMING(17390): 4306 0 0.267208000
D/UDP-TIMING(17390): 4307 0 0.255423000
D/UDP-TIMING(17390): 4308 0 0.245660000
D/UDP-TIMING(17390): 4309 0 0.265096000
D/UDP-TIMING(17390): 4310 0 0.259441000
D/UDP-TIMING(17390): 4311 0 0.251450000
D/UDP-TIMING(17390): 4312 0 0.250883000
D/UDP-TIMING(17390): 4313 0 0.249955000
D/UDP-TIMING(17390): 4314 0 0.265022000
D/UDP-TIMING(17390): 4315 0 0.263705000
D/UDP-TIMING(17390): 4316 0 0.262861000
D/UDP-TIMING(17390): 4317 0 0.251265000
D/UDP-TIMING(17390): 4318 0 0.249139000
D/UDP-TIMING(17390): 4319 0 0.266777000
D/UDP-TIMING(17390): 4320 0 0.256063000
D/UDP-TIMING(17390): 4321 0 0.247198000
D/UDP-TIMING(17390): 4322 0 0.269465000
D/UDP-TIMING(17390): 4323 0 0.265231000
D/UDP-TIMING(17390): 4324 0 0.263629000
D/UDP-TIMING(17390): 4325 0 0.262804000
D/UDP-TIMING(17390): 4326 0 0.261317000
D/UDP-TIMING(17390): 4327 0 0.253855000
D/UDP-TIMING(17390): 4328 0 0.261155000
D/UDP-TIMING(17390): 4329 0 0.246436000
D/UDP-TIMING(17390): 4330 0 0.268937000
D/UDP-TIMING(17390): 4331 0 0.268819000
D/UDP-TIMING(17390): 4332 0 0.253840000
D/UDP-TIMING(17390): 4333 0 0.261188000
D/UDP-TIMING(17390): 4334 0 0.257940000
D/UDP-TIMING(17390): 4335 0 0.252298000
D/UDP-TIMING(17390): 4336 0 0.246806000
D/UDP-TIMING(17390): 4337 0 0.255239000
D/UDP-TIMING(17390): 4338 0 0.253928000
D/UDP-TIMING(17390): 4339 0 0.253535000
D/UDP-TIMING(17390): 4340 0 0.246090000
D/UDP-TIMING(17390): 4341 0 0.268359000
D/UDP-TIMING(17390): 4342 0 0.259734000
D/UDP-TIMING(17390): 4343 0 0.251377000
D/UDP-TIMING(17390): 4344 0 0.241699000
D/UDP-TIMING(17390): 4345 0 0.266922000
D/UDP-TIMING(17390): 4346 0 0.255571000
D/UDP-TIMING(17390): 4347 0 0.243926000
D/UDP-TIMING(17390): 4348 0 0.243525000
D/UDP-TIMING(17390): 4349 0 0.254745000
D/UDP-TIMING(17390): 4350 0 0.249906000
D/UDP-TIMING(17390): 4351 0 0.268120000
D/UDP-TIMING(17390): 4352 0 0.262422000
D/UDP-TIMING(17390): 4353 0 0.266916000
D/UDP-TIMING(17390): 4354 0 0.266660000
D/UDP-TIMING(17390): 4355 0 0.258155000
D/UDP-TIMING(17390): 4356 0 0.269642000
D/UDP-TIMING(17390): 4357 0 0.267998000
D/UDP-TIMING(17390): 4358 0 0.266913000
D/UDP-TIMING(17390): 4359 0 0.245309000
D/UDP-TIMING(17390): 4360 0 0.251068000
D/UDP-TIMING(17390): 4361 0 0.241645000
D/UDP-TIMING(17390): 4362 0 0.250040000
E/TrafficStats( 1673): [QCTMM]tryAll index=0
E/TrafficStats( 1673): [QCTMM]tryAll index=1
E/TrafficStats( 1673): [QCTMM]tryAll index=2
E/TrafficStats( 1673): [QCTMM]tryAll index=0
E/TrafficStats( 1673): [QCTMM]tryAll index=1
E/TrafficStats( 1673): [QCTMM]tryAll index=2
D/DATA    ( 1860): sentSinceLastRecv=0,watchdogTrigger=10,maxindex=0
D/UDP-TIMING(17390): 4363 0 0.268772000
D/UDP-TIMING(17390): 4364 0 0.261749000
D/UDP-TIMING(17390): 4365 0 0.260056000
D/UDP-TIMING(17390): 4366 0 0.258869000
D/UDP-TIMING(17390): 4367 0 0.263813000
D/UDP-TIMING(17390): 4368 0 0.263414000
D/UDP-TIMING(17390): 4369 0 0.260778000
D/UDP-TIMING(17390): 4370 0 0.262493000
D/UDP-TIMING(17390): 4371 0 0.254409000
D/UDP-TIMING(17390): 4372 0 0.240022000
D/UDP-TIMING(17390): 4373 0 0.262471000
D/UDP-TIMING(17390): 4374 0 0.261248000
D/UDP-TIMING(17390): 4375 0 0.256514000
D/UDP-TIMING(17390): 4376 0 0.267173000
D/UDP-TIMING(17390): 4377 0 0.251994000
D/UDP-TIMING(17390): 4378 0 0.251297000
D/UDP-TIMING(17390): 4379 0 0.259276000
D/UDP-TIMING(17390): 4380 0 0.249274000
D/UDP-TIMING(17390): 4381 0 0.243445000
D/UDP-TIMING(17390): 4382 0 0.265392000
D/UDP-TIMING(17390): 4383 0 0.264691000
D/UDP-TIMING(17390): 4384 0 0.260150000
D/UDP-TIMING(17390): 4385 0 0.251477000
D/UDP-TIMING(17390): 4386 0 0.271316000
D/UDP-TIMING(17390): 4387 0 0.266978000
D/UDP-TIMING(17390): 4388 0 0.254278000
D/UDP-TIMING(17390): 4389 0 0.241874000
D/UDP-TIMING(17390): 4390 0 0.269286000
D/UDP-TIMING(17390): 4391 0 0.259399000
D/UDP-TIMING(17390): 4392 0 0.255509000
D/UDP-TIMING(17390): 4393 0 0.254169000
D/UDP-TIMING(17390): 4394 0 0.250398000
D/UDP-TIMING(17390): 4395 0 0.263279000
D/UDP-TIMING(17390): 4396 0 0.260021000
D/UDP-TIMING(17390): 4397 0 0.254639000
D/UDP-TIMING(17390): 4398 0 0.241575000
D/UDP-TIMING(17390): 4399 0 0.268192000
D/UDP-TIMING(17390): 4400 0 0.258346000
D/UDP-TIMING(17390): 4401 0 0.247234000
D/UDP-TIMING(17390): 4402 0 0.258762000
D/UDP-TIMING(17390): 4403 0 0.253754000
D/UDP-TIMING(17390): 4404 0 0.251636000
D/UDP-TIMING(17390): 4405 0 0.252664000
D/UDP-TIMING(17390): 4406 0 0.268257000
D/UDP-TIMING(17390): 4407 0 0.267777000
D/UDP-TIMING(17390): 4408 0 0.254943000
D/UDP-TIMING(17390): 4409 0 0.268189000
D/UDP-TIMING(17390): 4410 0 0.243178000
D/UDP-TIMING(17390): 4411 0 0.269245000
D/UDP-TIMING(17390): 4412 0 0.266317000
D/UDP-TIMING(17390): 4413 0 0.259602000
D/UDP-TIMING(17390): 4414 0 0.254331000
D/UDP-TIMING(17390): 4415 0 0.245118000
D/UDP-TIMING(17390): 4416 0 0.244449000
D/UDP-TIMING(17390): 4417 0 0.244129000
D/UDP-TIMING(17390): 4418 0 0.245179000
D/UDP-TIMING(17390): 4419 0 0.260572000
D/UDP-TIMING(17390): 4420 0 0.247515000
D/UDP-TIMING(17390): 4421 0 0.245452000
D/UDP-TIMING(17390): 4422 0 0.240270000
D/UDP-TIMING(17390): 4423 0 0.239794000
D/UDP-TIMING(17390): 4424 0 0.266361000
D/UDP-TIMING(17390): 4425 0 0.254327000
D/UDP-TIMING(17390): 4426 0 0.265455000
D/UDP-TIMING(17390): 4427 0 0.257301000
D/UDP-TIMING(17390): 4428 0 0.256101000
D/UDP-TIMING(17390): 4429 0 0.247530000
D/UDP-TIMING(17390): 4430 0 0.258648000
D/UDP-TIMING(17390): 4431 0 0.245557000
D/UDP-TIMING(17390): 4432 0 0.242748000
D/UDP-TIMING(17390): 4433 0 0.261252000
D/UDP-TIMING(17390): 4434 0 0.260000000
D/UDP-TIMING(17390): 4435 0 0.254564000
D/UDP-TIMING(17390): 4436 0 0.244527000
D/UDP-TIMING(17390): 4437 0 0.253954000
D/UDP-TIMING(17390): 4438 0 0.247978000
D/UDP-TIMING(17390): 4439 0 0.243538000
D/UDP-TIMING(17390): 4440 0 0.262880000
D/UDP-TIMING(17390): 4441 0 0.258371000
D/UDP-TIMING(17390): 4442 0 0.246560000
D/UDP-TIMING(17390): 4443 0 0.252074000
D/UDP-TIMING(17390): 4444 0 0.264208000
D/UDP-TIMING(17390): 4445 0 0.263020000
D/UDP-TIMING(17390): 4446 0 0.255838000
D/UDP-TIMING(17390): 4447 0 0.263065000
D/UDP-TIMING(17390): 4448 0 0.261785000
D/UDP-TIMING(17390): 4449 0 0.255810000
D/UDP-TIMING(17390): 4450 0 0.244880000
D/UDP-TIMING(17390): 4451 0 0.256835000
D/UDP-TIMING(17390): 4452 0 0.247102000
D/UDP-TIMING(17390): 4453 0 0.246421000
D/UDP-TIMING(17390): 4454 0 0.256406000
D/UDP-TIMING(17390): 4455 0 0.262747000
D/UDP-TIMING(17390): 4456 0 0.248765000
D/UDP-TIMING(17390): 4457 0 0.266718000
D/UDP-TIMING(17390): 4458 0 0.260594000
D/UDP-TIMING(17390): 4459 0 0.241445000
D/UDP-TIMING(17390): 4460 0 0.267681000
D/UDP-TIMING(17390): 4461 0 0.263990000
D/UDP-TIMING(17390): 4462 0 0.255297000
D/UDP-TIMING(17390): 4463 0 0.247976000
D/UDP-TIMING(17390): 4464 0 0.269125000
D/UDP-TIMING(17390): 4465 0 0.257498000
E/TrafficStats( 1673): [QCTMM]tryAll index=0
E/TrafficStats( 1673): [QCTMM]tryAll index=1
E/TrafficStats( 1673): [QCTMM]tryAll index=2
E/TrafficStats( 1673): [QCTMM]tryAll index=0
E/TrafficStats( 1673): [QCTMM]tryAll index=1
E/TrafficStats( 1673): [QCTMM]tryAll index=2
D/DATA    ( 1860): sentSinceLastRecv=0,watchdogTrigger=10,maxindex=0
D/UDP-TIMING(17390): 4466 0 0.263052000
D/UDP-TIMING(17390): 4467 0 0.253559000
D/UDP-TIMING(17390): 4468 0 0.245544000
D/UDP-TIMING(17390): 4469 0 0.240955000
D/UDP-TIMING(17390): 4470 0 0.269910000
D/UDP-TIMING(17390): 4471 0 0.267402000
D/UDP-TIMING(17390): 4472 0 0.254595000
D/UDP-TIMING(17390): 4473 0 0.244171000
D/UDP-TIMING(17390): 4474 0 0.242782000
D/UDP-TIMING(17390): 4475 0 0.264299000
D/UDP-TIMING(17390): 4476 0 0.250890000
D/UDP-TIMING(17390): 4477 0 0.240973000
D/UDP-TIMING(17390): 4478 0 0.264895000
D/UDP-TIMING(17390): 4479 0 0.246214000
D/UDP-TIMING(17390): 4480 0 0.245409000
D/UDP-TIMING(17390): 4481 0 0.244155000
D/UDP-TIMING(17390): 4482 0 0.262703000
D/UDP-TIMING(17390): 4483 0 0.250982000
D/UDP-TIMING(17390): 4484 0 0.249083000
D/UDP-TIMING(17390): 4485 0 0.241188000
D/UDP-TIMING(17390): 4486 0 0.262270000
D/UDP-TIMING(17390): 4487 0 0.268257000
D/UDP-TIMING(17390): 4488 0 0.265271000
D/UDP-TIMING(17390): 4489 0 0.264797000
D/UDP-TIMING(17390): 4490 0 0.250368000
D/UDP-TIMING(17390): 4491 0 0.242715000
D/UDP-TIMING(17390): 4492 0 0.268167000
D/UDP-TIMING(17390): 4493 0 0.263998000
D/UDP-TIMING(17390): 4494 0 0.263500000
D/UDP-TIMING(17390): 4495 0 0.259555000
D/UDP-TIMING(17390): 4496 0 0.259222000
D/UDP-TIMING(17390): 4497 0 0.258945000
D/UDP-TIMING(17390): 4498 0 0.263039000
D/UDP-TIMING(17390): 4499 0 0.254710000
D/UDP-TIMING(17390): 4500 0 0.250765000
D/UDP-TIMING(17390): 4501 0 0.260476000
D/UDP-TIMING(17390): 4502 0 0.245649000
D/UDP-TIMING(17390): 4503 0 0.245206000
D/UDP-TIMING(17390): 4504 0 0.267371000
D/UDP-TIMING(17390): 4505 0 0.245141000
D/UDP-TIMING(17390): 4506 0 0.266561000
D/UDP-TIMING(17390): 4507 0 0.263604000
D/UDP-TIMING(17390): 4508 0 0.256299000
D/UDP-TIMING(17390): 4509 0 0.255881000
D/UDP-TIMING(17390): 4510 0 0.254751000
D/UDP-TIMING(17390): 4511 0 0.245842000
D/UDP-TIMING(17390): 4512 0 0.244192000
D/UDP-TIMING(17390): 4513 0 0.259165000
D/UDP-TIMING(17390): 4514 0 0.255875000
D/UDP-TIMING(17390): 4515 0 0.252125000
D/UDP-TIMING(17390): 4516 0 0.248262000
D/UDP-TIMING(17390): 4517 0 0.259258000
D/UDP-TIMING(17390): 4518 0 0.256805000
D/UDP-TIMING(17390): 4519 0 0.248578000
D/UDP-TIMING(17390): 4520 0 0.255986000
D/UDP-TIMING(17390): 4521 0 0.250900000
D/UDP-TIMING(17390): 4522 0 0.249940000
D/UDP-TIMING(17390): 4523 0 0.247202000
D/UDP-TIMING(17390): 4524 0 0.243405000
D/UDP-TIMING(17390): 4525 0 0.242033000
D/UDP-TIMING(17390): 4526 0 0.264357000
D/UDP-TIMING(17390): 4527 0 0.260371000
D/UDP-TIMING(17390): 4528 0 0.259490000
D/UDP-TIMING(17390): 4529 0 0.253200000
D/UDP-TIMING(17390): 4530 0 0.261868000
D/UDP-TIMING(17390): 4531 0 0.256914000
D/UDP-TIMING(17390): 4532 0 0.252755000
D/UDP-TIMING(17390): 4533 0 0.242291000
D/UDP-TIMING(17390): 4534 0 0.267020000
D/UDP-TIMING(17390): 4535 0 0.248366000
D/UDP-TIMING(17390): 4536 0 0.240519000
D/UDP-TIMING(17390): 4537 0 0.252212000
D/UDP-TIMING(17390): 4538 0 0.251064000
D/UDP-TIMING(17390): 4539 0 0.250431000
D/UDP-TIMING(17390): 4540 0 0.249923000
D/UDP-TIMING(17390): 4541 0 0.247749000
D/UDP-TIMING(17390): 4542 0 0.267639000
D/UDP-TIMING(17390): 4543 0 0.265628000
D/UDP-TIMING(17390): 4544 0 0.265492000
D/UDP-TIMING(17390): 4545 0 0.242495000
D/UDP-TIMING(17390): 4546 0 0.266322000
D/UDP-TIMING(17390): 4547 0 0.263190000
D/UDP-TIMING(17390): 4548 0 0.249191000
D/UDP-TIMING(17390): 4549 0 0.267449000
D/UDP-TIMING(17390): 4550 0 0.250621000
D/UDP-TIMING(17390): 4551 0 0.240174000
D/UDP-TIMING(17390): 4552 0 0.259860000
D/UDP-TIMING(17390): 4553 0 0.267126000
D/UDP-TIMING(17390): 4554 0 0.246878000
D/UDP-TIMING(17390): 4555 0 0.246907000
D/UDP-TIMING(17390): 4556 0 0.246682000
D/UDP-TIMING(17390): 4557 0 0.271539000
D/UDP-TIMING(17390): 4558 0 0.268241000
D/UDP-TIMING(17390): 4559 0 0.267238000
D/UDP-TIMING(17390): 4560 0 0.276911000
D/UDP-TIMING(17390): 4561 0 0.275179000
D/UDP-TIMING(17390): 4562 0 0.268730000
D/UDP-TIMING(17390): 4563 0 0.266475000
D/UDP-TIMING(17390): 4564 0 0.250814000
E/TrafficStats( 1673): [QCTMM]tryAll index=0
E/TrafficStats( 1673): [QCTMM]tryAll index=1
E/TrafficStats( 1673): [QCTMM]tryAll index=2
E/TrafficStats( 1673): [QCTMM]tryAll index=0
E/TrafficStats( 1673): [QCTMM]tryAll index=1
E/TrafficStats( 1673): [QCTMM]tryAll index=2
D/DATA    ( 1860): sentSinceLastRecv=0,watchdogTrigger=10,maxindex=0
D/UDP-TIMING(17390): 4565 0 0.259702000
D/UDP-TIMING(17390): 4566 0 0.259319000
D/UDP-TIMING(17390): 4567 0 0.255337000
D/UDP-TIMING(17390): 4568 0 0.264063000
D/UDP-TIMING(17390): 4569 0 0.262611000
D/UDP-TIMING(17390): 4570 0 0.257779000
D/UDP-TIMING(17390): 4571 0 0.263504000
D/UDP-TIMING(17390): 4572 0 0.259680000
D/UDP-TIMING(17390): 4573 0 0.259555000
D/UDP-TIMING(17390): 4574 0 0.258630000
D/UDP-TIMING(17390): 4575 0 0.255497000
D/UDP-TIMING(17390): 4576 0 0.261645000
D/UDP-TIMING(17390): 4577 0 0.253678000
D/UDP-TIMING(17390): 4578 0 0.246429000
D/UDP-TIMING(17390): 4579 0 0.265916000
D/UDP-TIMING(17390): 4580 0 0.263276000
D/UDP-TIMING(17390): 4581 0 0.259228000
D/UDP-TIMING(17390): 4582 0 0.255556000
D/UDP-TIMING(17390): 4583 0 0.264836000
D/UDP-TIMING(17390): 4584 0 0.262278000
D/UDP-TIMING(17390): 4585 0 0.260375000
D/UDP-TIMING(17390): 4586 0 0.243194000
D/UDP-TIMING(17390): 4587 0 0.240487000
D/UDP-TIMING(17390): 4588 0 0.262207000
D/UDP-TIMING(17390): 4589 0 0.261214000
D/UDP-TIMING(17390): 4590 0 0.257461000
D/UDP-TIMING(17390): 4591 0 0.251710000
D/UDP-TIMING(17390): 4592 0 0.248938000
D/UDP-TIMING(17390): 4593 0 0.263920000
D/UDP-TIMING(17390): 4594 0 0.254059000
D/UDP-TIMING(17390): 4595 0 0.253806000
D/UDP-TIMING(17390): 4596 0 0.243144000
D/UDP-TIMING(17390): 4597 0 0.262546000
D/UDP-TIMING(17390): 4598 0 0.258194000
D/UDP-TIMING(17390): 4599 0 0.250468000
D/UDP-TIMING(17390): 4600 0 0.264942000
D/UDP-TIMING(17390): 4601 0 0.252306000
D/UDP-TIMING(17390): 4602 0 0.246304000
D/UDP-TIMING(17390): 4603 0 0.245220000
E/TrafficStats(16531): [QCTMM]tryAll index=0
E/TrafficStats(16531): [QCTMM]tryAll index=1
E/TrafficStats(16531): [QCTMM]tryAll index=2
E/TrafficStats(16531): [QCTMM]tryAll index=0
E/TrafficStats(16531): [QCTMM]tryAll index=1
E/TrafficStats(16531): [QCTMM]tryAll index=2
D/UDP-TIMING(17390): 4604 0 0.262863000
D/UDP-TIMING(17390): 4605 0 0.255481000
D/UDP-TIMING(17390): 4606 0 0.251123000
D/UDP-TIMING(17390): 4607 0 0.241295000
D/UDP-TIMING(17390): 4608 0 0.240532000
E/TrafficStats(16531): [QCTMM]tryAll index=0
E/TrafficStats(16531): [QCTMM]tryAll index=1
E/TrafficStats(16531): [QCTMM]tryAll index=2
E/TrafficStats(16531): [QCTMM]tryAll index=0
E/TrafficStats(16531): [QCTMM]tryAll index=1
E/TrafficStats(16531): [QCTMM]tryAll index=2
D/UDP-TIMING(17390): 4609 0 0.251533000
D/UDP-TIMING(17390): 4610 0 0.248152000
D/UDP-TIMING(17390): 4611 0 0.244629000
D/UDP-TIMING(17390): 4612 0 0.242582000
D/UDP-TIMING(17390): 4613 0 0.263216000
D/UDP-TIMING(17390): 4614 0 0.261350000
D/UDP-TIMING(17390): 4615 0 0.256395000
D/UDP-TIMING(17390): 4616 0 0.243203000
D/UDP-TIMING(17390): 4617 0 0.268588000
D/UDP-TIMING(17390): 4618 0 0.259092000
D/UDP-TIMING(17390): 4619 0 0.255408000
D/UDP-TIMING(17390): 4620 0 0.254739000
D/UDP-TIMING(17390): 4621 0 0.260562000
D/UDP-TIMING(17390): 4622 0 0.247429000
D/UDP-TIMING(17390): 4623 0 0.243933000
D/UDP-TIMING(17390): 4624 0 0.262047000
D/UDP-TIMING(17390): 4625 0 0.257662000
D/UDP-TIMING(17390): 4626 0 0.254000000
D/UDP-TIMING(17390): 4627 0 0.249843000
D/UDP-TIMING(17390): 4628 0 0.249752000
D/UDP-TIMING(17390): 4629 0 0.269735000
D/UDP-TIMING(17390): 4630 0 0.249849000
D/UDP-TIMING(17390): 4631 0 0.264226000
D/UDP-TIMING(17390): 4632 0 0.259755000
D/UDP-TIMING(17390): 4633 0 0.255987000
D/UDP-TIMING(17390): 4634 0 0.266068000
D/UDP-TIMING(17390): 4635 0 0.265236000
D/UDP-TIMING(17390): 4636 0 0.248055000
D/UDP-TIMING(17390): 4637 0 0.245609000
D/UDP-TIMING(17390): 4638 0 0.263539000
D/UDP-TIMING(17390): 4639 0 0.242029000
D/UDP-TIMING(17390): 4640 0 0.241290000
D/StatusBarPolicy( 1816): iconIndex=1
V/StatusBarPolicy( 1816): cdmaLevel:3;max:4
D/UDP-TIMING(17390): 4641 0 0.268668000
D/UDP-TIMING(17390): 4642 0 0.266710000
D/UDP-TIMING(17390): 4643 0 0.263890000
D/UDP-TIMING(17390): 4644 0 0.256187000
D/UDP-TIMING(17390): 4645 0 0.252204000
D/UDP-TIMING(17390): 4646 0 0.242435000
D/UDP-TIMING(17390): 4647 0 0.239296000
D/StatusBarPolicy( 1816): iconLevel:3
D/UDP-TIMING(17390): 4648 0 0.265728000
D/UDP-TIMING(17390): 4649 0 0.262993000
D/UDP-TIMING(17390): 4650 0 0.254827000
D/UDP-TIMING(17390): 4651 0 0.250649000
D/UDP-TIMING(17390): 4652 0 0.249096000
I/PhoneInfo( 2188): getCdmaLevel - cdmaDbm: -70 cdmaEcio:-100
I/PhoneInfo( 2188): getEvdoLevel - evdoDbm: -120 evdoSnr:-1 evdoEcio:-1
I/PhoneInfo( 2188): getLteLevel - lteRsrp: -1 lteCqi:-1
D/UDP-TIMING(17390): 4653 0 0.276136000
D/UDP-TIMING(17390): 4654 0 0.266291000
D/UDP-TIMING(17390): 4655 0 0.249223000
D/UDP-TIMING(17390): 4656 0 0.268133000
D/UDP-TIMING(17390): 4657 0 0.243047000
D/UDP-TIMING(17390): 4658 0 0.241313000
D/UDP-TIMING(17390): 4659 0 0.262117000
D/UDP-TIMING(17390): 4660 0 0.253830000
D/UDP-TIMING(17390): 4661 0 0.253690000
D/UDP-TIMING(17390): 4662 0 0.248304000
D/UDP-TIMING(17390): 4663 0 0.254055000
D/UDP-TIMING(17390): 4664 0 0.250237000
D/UDP-TIMING(17390): 4665 0 0.246869000
D/UDP-TIMING(17390): 4666 0 0.269921000
D/UDP-TIMING(17390): 4667 0 0.268457000
D/UDP-TIMING(17390): 4668 0 0.261715000
D/UDP-TIMING(17390): 4669 0 0.250643000
D/UDP-TIMING(17390): 4670 0 0.250478000
D/UDP-TIMING(17390): 4671 0 0.242596000
D/UDP-TIMING(17390): 4672 0 0.262850000
D/UDP-TIMING(17390): 4673 0 0.260873000
D/UDP-TIMING(17390): 4674 0 0.245930000
D/UDP-TIMING(17390): 4675 0 0.244074000
D/Database(16531): dbopen(): path = /data/data/com.onavo.android.onavoid/databases/ui_events, flag = 6, file size = 14058496
D/Database(16531): dbopen(): path = /data/data/com.onavo.android.onavoid/databases/ui_events, mode: wal, disk free size: 2000 M, handle: 0x37d3a8
D/UDP-TIMING(17390): 4676 0 0.266484000
D/UDP-TIMING(17390): 4677 0 0.261483000
D/UDP-TIMING(17390): 4678 0 0.256070000
D/UDP-TIMING(17390): 4679 0 0.241137000
D/Database(16531): dbclose(): path = /data/data/com.onavo.android.onavoid/databases/ui_events, handle = 0x37d3a8
D/UDP-TIMING(17390): 4680 0 0.261304000
D/UDP-TIMING(17390): 4681 0 0.257573000
D/UDP-TIMING(17390): 4682 0 0.256290000
E/TrafficStats( 1673): [QCTMM]tryAll index=0
E/TrafficStats( 1673): [QCTMM]tryAll index=1
E/TrafficStats( 1673): [QCTMM]tryAll index=2
E/TrafficStats( 1673): [QCTMM]tryAll index=0
E/TrafficStats( 1673): [QCTMM]tryAll index=1
E/TrafficStats( 1673): [QCTMM]tryAll index=2
D/DATA    ( 1860): sentSinceLastRecv=0,watchdogTrigger=10,maxindex=0
D/UDP-TIMING(17390): 4683 0 0.273311000
D/UDP-TIMING(17390): 4684 0 0.270423000
D/UDP-TIMING(17390): 4685 0 0.257270000
D/UDP-TIMING(17390): 4686 0 0.248824000
D/UDP-TIMING(17390): 4687 0 0.257609000
D/UDP-TIMING(17390): 4688 0 0.247027000
D/UDP-TIMING(17390): 4689 0 0.264594000
D/UDP-TIMING(17390): 4690 0 0.257473000
D/UDP-TIMING(17390): 4691 0 0.255063000
D/UDP-TIMING(17390): 4692 0 0.242445000
D/UDP-TIMING(17390): 4693 0 0.248701000
D/UDP-TIMING(17390): 4694 0 0.277240000
D/UDP-TIMING(17390): 4695 0 0.276962000
D/UDP-TIMING(17390): 4696 0 0.274891000
D/UDP-TIMING(17390): 4697 0 0.273948000
D/UDP-TIMING(17390): 4698 0 0.272198000
D/UDP-TIMING(17390): 4699 0 0.261159000
D/UDP-TIMING(17390): 4700 0 0.277569000
D/UDP-TIMING(17390): 4701 0 0.275717000
D/UDP-TIMING(17390): 4702 0 0.273252000
D/UDP-TIMING(17390): 4703 0 0.268439000
D/UDP-TIMING(17390): 4704 0 0.264313000
D/UDP-TIMING(17390): 4705 0 0.257069000
D/UDP-TIMING(17390): 4706 0 0.249545000
D/UDP-TIMING(17390): 4707 0 0.262929000
D/UDP-TIMING(17390): 4708 0 0.258293000
D/UDP-TIMING(17390): 4709 0 0.260509000
D/UDP-TIMING(17390): 4710 0 0.251493000
D/UDP-TIMING(17390): 4711 0 0.245014000
D/UDP-TIMING(17390): 4712 0 0.251788000
D/UDP-TIMING(17390): 4713 0 0.239703000
D/UDP-TIMING(17390): 4714 0 0.256825000
D/UDP-TIMING(17390): 4715 0 0.255140000
D/UDP-TIMING(17390): 4716 0 0.249400000
D/UDP-TIMING(17390): 4717 0 0.245873000
D/UDP-TIMING(17390): 4718 0 0.245604000
D/UDP-TIMING(17390): 4719 0 0.244687000
D/UDP-TIMING(17390): 4720 0 0.256188000
D/UDP-TIMING(17390): 4721 0 0.248757000
D/UDP-TIMING(17390): 4722 0 0.245377000
D/UDP-TIMING(17390): 4723 0 0.262744000
D/UDP-TIMING(17390): 4724 0 0.257018000
D/UDP-TIMING(17390): 4725 0 0.252002000
D/UDP-TIMING(17390): 4726 0 0.268803000
D/UDP-TIMING(17390): 4727 0 0.259263000
D/UDP-TIMING(17390): 4728 0 0.252856000
D/UDP-TIMING(17390): 4729 0 0.262291000
D/UDP-TIMING(17390): 4730 0 0.259053000
D/UDP-TIMING(17390): 4732 0 0.256191000
D/UDP-TIMING(17390): 4731 0 0.256567000
D/UDP-TIMING(17390): 4733 0 0.249675000
D/UDP-TIMING(17390): 4734 0 0.240747000
D/UDP-TIMING(17390): 4735 0 0.265926000
D/UDP-TIMING(17390): 4736 0 0.259814000
D/UDP-TIMING(17390): 4737 0 0.258567000
D/UDP-TIMING(17390): 4738 0 0.256562000
D/UDP-TIMING(17390): 4739 0 0.269916000
D/UDP-TIMING(17390): 4740 0 0.269375000
D/UDP-TIMING(17390): 4741 0 0.255169000
D/UDP-TIMING(17390): 4742 0 0.269231000
D/UDP-TIMING(17390): 4743 0 0.270920000
D/UDP-TIMING(17390): 4744 0 0.264775000
D/UDP-TIMING(17390): 4745 0 0.257577000
D/UDP-TIMING(17390): 4746 0 0.256495000
D/UDP-TIMING(17390): 4747 0 0.265214000
D/UDP-TIMING(17390): 4748 0 0.249389000
D/UDP-TIMING(17390): 4749 0 0.248180000
D/UDP-TIMING(17390): 4750 0 0.248308000
D/UDP-TIMING(17390): 4751 0 0.262605000
D/UDP-TIMING(17390): 4752 0 0.252785000
D/UDP-TIMING(17390): 4753 0 0.250075000
D/UDP-TIMING(17390): 4754 0 0.243199000
D/UDP-TIMING(17390): 4755 0 0.242627000
D/UDP-TIMING(17390): 4756 0 0.263396000
D/UDP-TIMING(17390): 4757 0 0.260782000
D/UDP-TIMING(17390): 4758 0 0.249873000
D/UDP-TIMING(17390): 4759 0 0.248979000
D/UDP-TIMING(17390): 4760 0 0.247862000
D/UDP-TIMING(17390): 4761 0 0.251398000
D/UDP-TIMING(17390): 4762 0 0.247931000
D/UDP-TIMING(17390): 4763 0 0.246575000
D/UDP-TIMING(17390): 4764 0 0.241367000
D/UDP-TIMING(17390): 4765 0 0.251061000
D/UDP-TIMING(17390): 4766 0 0.244618000
D/UDP-TIMING(17390): 4767 0 0.255370000
D/UDP-TIMING(17390): 4768 0 0.246555000
D/UDP-TIMING(17390): 4769 0 0.266595000
D/UDP-TIMING(17390): 4770 0 0.255687000
D/UDP-TIMING(17390): 4771 0 0.255327000
D/UDP-TIMING(17390): 4772 0 0.250174000
D/UDP-TIMING(17390): 4773 0 0.244219000
D/UDP-TIMING(17390): 4774 0 0.240248000
D/UDP-TIMING(17390): 4775 0 0.251834000
D/UDP-TIMING(17390): 4776 0 0.251528000
D/UDP-TIMING(17390): 4777 0 0.250854000
D/UDP-TIMING(17390): 4778 0 0.268309000
D/UDP-TIMING(17390): 4779 0 0.254781000
D/UDP-TIMING(17390): 4780 0 0.253003000
D/UDP-TIMING(17390): 4781 0 0.241722000
E/TrafficStats( 1673): [QCTMM]tryAll index=0
E/TrafficStats( 1673): [QCTMM]tryAll index=1
E/TrafficStats( 1673): [QCTMM]tryAll index=2
E/TrafficStats( 1673): [QCTMM]tryAll index=0
E/TrafficStats( 1673): [QCTMM]tryAll index=1
E/TrafficStats( 1673): [QCTMM]tryAll index=2
D/DATA    ( 1860): sentSinceLastRecv=0,watchdogTrigger=10,maxindex=0
D/UDP-TIMING(17390): 4782 0 0.263938000
D/UDP-TIMING(17390): 4783 0 0.248662000
D/UDP-TIMING(17390): 4784 0 0.256213000
D/UDP-TIMING(17390): 4785 0 0.255992000
D/UDP-TIMING(17390): 4786 0 0.268051000
D/UDP-TIMING(17390): 4787 0 0.260961000
D/UDP-TIMING(17390): 4788 0 0.258198000
D/UDP-TIMING(17390): 4789 0 0.251559000
D/UDP-TIMING(17390): 4790 0 0.242879000
D/UDP-TIMING(17390): 4791 0 0.269187000
D/UDP-TIMING(17390): 4792 0 0.263810000
D/UDP-TIMING(17390): 4793 0 0.243940000
D/UDP-TIMING(17390): 4794 0 0.267714000
D/UDP-TIMING(17390): 4795 0 0.251237000
D/UDP-TIMING(17390): 4796 0 0.268310000
D/UDP-TIMING(17390): 4797 0 0.244860000
D/UDP-TIMING(17390): 4798 0 0.263885000
D/UDP-TIMING(17390): 4799 0 0.251395000
D/UDP-TIMING(17390): 4800 0 0.243427000
D/UDP-TIMING(17390): 4801 0 0.239579000
D/UDP-TIMING(17390): 4802 0 0.256159000
D/UDP-TIMING(17390): 4803 0 0.259224000
D/UDP-TIMING(17390): 4804 0 0.245084000
D/UDP-TIMING(17390): 4805 0 0.262777000
D/UDP-TIMING(17390): 4806 0 0.247625000
D/UDP-TIMING(17390): 4807 0 0.265745000
D/UDP-TIMING(17390): 4808 0 0.251787000
D/UDP-TIMING(17390): 4809 0 0.244776000
D/UDP-TIMING(17390): 4810 0 0.268426000
D/UDP-TIMING(17390): 4811 0 0.244775000
D/UDP-TIMING(17390): 4812 0 0.242778000
D/UDP-TIMING(17390): 4813 0 0.269166000
D/UDP-TIMING(17390): 4814 0 0.257532000
D/UDP-TIMING(17390): 4815 0 0.256810000
D/UDP-TIMING(17390): 4816 0 0.249637000
D/UDP-TIMING(17390): 4817 0 0.242337000
D/UDP-TIMING(17390): 4818 0 0.263728000
D/UDP-TIMING(17390): 4819 0 0.261312000
D/UDP-TIMING(17390): 4820 0 0.246000000
D/UDP-TIMING(17390): 4821 0 0.244468000
D/UDP-TIMING(17390): 4822 0 0.266666000
D/UDP-TIMING(17390): 4823 0 0.261456000
D/UDP-TIMING(17390): 4824 0 0.243827000
D/UDP-TIMING(17390): 4825 0 0.243056000
D/UDP-TIMING(17390): 4826 0 0.270745000
D/UDP-TIMING(17390): 4827 0 0.257755000
D/UDP-TIMING(17390): 4828 0 0.268569000
D/UDP-TIMING(17390): 4829 0 0.249358000
D/UDP-TIMING(17390): 4830 0 0.243534000
D/UDP-TIMING(17390): 4831 0 0.268119000
D/UDP-TIMING(17390): 4832 0 0.266277000
D/UDP-TIMING(17390): 4833 0 0.264392000
D/UDP-TIMING(17390): 4834 0 0.260214000
D/UDP-TIMING(17390): 4835 0 0.265879000
D/UDP-TIMING(17390): 4836 0 0.246210000
D/UDP-TIMING(17390): 4837 0 0.244994000
D/UDP-TIMING(17390): 4838 0 0.264972000
D/UDP-TIMING(17390): 4839 0 0.255482000
D/UDP-TIMING(17390): 4840 0 0.246121000
D/UDP-TIMING(17390): 4841 0 0.245421000
D/UDP-TIMING(17390): 4842 0 0.268436000
D/UDP-TIMING(17390): 4843 0 0.253758000
D/UDP-TIMING(17390): 4844 0 0.253456000
D/UDP-TIMING(17390): 4845 0 0.251189000
D/UDP-TIMING(17390): 4846 0 0.264065000
D/UDP-TIMING(17390): 4847 0 0.269052000
D/UDP-TIMING(17390): 4848 0 0.256780000
D/UDP-TIMING(17390): 4849 0 0.251771000
D/UDP-TIMING(17390): 4850 0 0.249361000
D/UDP-TIMING(17390): 4851 0 0.264238000
D/UDP-TIMING(17390): 4852 0 0.256801000
D/UDP-TIMING(17390): 4853 0 0.243965000
D/UDP-TIMING(17390): 4854 0 0.242916000
D/UDP-TIMING(17390): 4855 0 0.265822000
D/UDP-TIMING(17390): 4856 0 0.254617000
D/UDP-TIMING(17390): 4857 0 0.251070000
D/UDP-TIMING(17390): 4858 0 0.248330000
D/UDP-TIMING(17390): 4859 0 0.240666000
D/UDP-TIMING(17390): 4860 0 0.268852000
D/UDP-TIMING(17390): 4861 0 0.257940000
D/UDP-TIMING(17390): 4862 0 0.263229000
D/UDP-TIMING(17390): 4863 0 0.259519000
D/UDP-TIMING(17390): 4864 0 0.242088000
E/TrafficStats( 1673): [QCTMM]tryAll index=0
E/TrafficStats( 1673): [QCTMM]tryAll index=1
E/TrafficStats( 1673): [QCTMM]tryAll index=2
D/UDP-TIMING(17390): 4865 0 0.268759000
D/UDP-TIMING(17390): 4866 0 0.266228000
D/UDP-TIMING(17390): 4867 0 0.254686000
D/UDP-TIMING(17390): 4868 0 0.250177000
E/TrafficStats( 1673): [QCTMM]tryAll index=0
E/TrafficStats( 1673): [QCTMM]tryAll index=1
E/TrafficStats( 1673): [QCTMM]tryAll index=2
D/DATA    ( 1860): sentSinceLastRecv=0,watchdogTrigger=10,maxindex=0
D/UDP-TIMING(17390): 4869 0 0.262935000
D/UDP-TIMING(17390): 4870 0 0.259383000
D/UDP-TIMING(17390): 4871 0 0.257469000
D/UDP-TIMING(17390): 4872 0 0.266230000
D/UDP-TIMING(17390): 4873 0 0.250197000
D/UDP-TIMING(17390): 4874 0 0.266868000
D/UDP-TIMING(17390): 4875 0 0.243586000
D/UDP-TIMING(17390): 4876 0 0.259353000
D/UDP-TIMING(17390): 4877 0 0.251220000
D/UDP-TIMING(17390): 4878 0 0.258578000
D/UDP-TIMING(17390): 4879 0 0.246733000
D/UDP-TIMING(17390): 4880 0 0.249936000
D/UDP-TIMING(17390): 4881 0 0.248765000
D/UDP-TIMING(17390): 4882 0 0.243809000
D/UDP-TIMING(17390): 4883 0 0.266971000
D/UDP-TIMING(17390): 4884 0 0.249916000
D/UDP-TIMING(17390): 4885 0 0.243506000
D/UDP-TIMING(17390): 4886 0 0.272228000
D/UDP-TIMING(17390): 4887 0 0.265417000
D/UDP-TIMING(17390): 4888 0 0.251351000
D/UDP-TIMING(17390): 4889 0 0.249176000
D/UDP-TIMING(17390): 4890 0 0.248956000
D/UDP-TIMING(17390): 4891 0 0.257261000
D/UDP-TIMING(17390): 4892 0 0.268135000
D/UDP-TIMING(17390): 4893 0 0.241498000
D/UDP-TIMING(17390): 4894 0 0.269733000
D/UDP-TIMING(17390): 4895 0 0.258599000
D/UDP-TIMING(17390): 4896 0 0.256491000
D/UDP-TIMING(17390): 4897 0 0.251309000
D/UDP-TIMING(17390): 4898 0 0.246867000
D/UDP-TIMING(17390): 4899 0 0.240765000
D/UDP-TIMING(17390): 4900 0 0.266037000
D/UDP-TIMING(17390): 4901 0 0.255858000
D/UDP-TIMING(17390): 4902 0 0.248902000
D/UDP-TIMING(17390): 4903 0 0.247701000
D/UDP-TIMING(17390): 4904 0 0.241945000
D/UDP-TIMING(17390): 4905 0 0.269535000
D/UDP-TIMING(17390): 4906 0 0.262593000
D/UDP-TIMING(17390): 4907 0 0.257044000
D/UDP-TIMING(17390): 4908 0 0.242484000
D/UDP-TIMING(17390): 4909 0 0.249354000
D/UDP-TIMING(17390): 4910 0 0.248124000
D/UDP-TIMING(17390): 4911 0 0.265967000
D/UDP-TIMING(17390): 4912 0 0.245457000
D/UDP-TIMING(17390): 4913 0 0.269027000
D/UDP-TIMING(17390): 4914 0 0.267351000
D/UDP-TIMING(17390): 4915 0 0.250659000
D/UDP-TIMING(17390): 4916 0 0.251032000
D/UDP-TIMING(17390): 4917 0 0.249829000
D/UDP-TIMING(17390): 4918 0 0.246195000
D/UDP-TIMING(17390): 4919 0 0.263798000
D/UDP-TIMING(17390): 4920 0 0.260268000
D/UDP-TIMING(17390): 4921 0 0.256497000
D/UDP-TIMING(17390): 4922 0 0.247502000
D/UDP-TIMING(17390): 4923 0 0.245986000
D/UDP-TIMING(17390): 4924 0 0.243186000
D/UDP-TIMING(17390): 4925 0 0.258531000
D/UDP-TIMING(17390): 4926 0 0.242463000
D/UDP-TIMING(17390): 4927 0 0.266791000
D/UDP-TIMING(17390): 4928 0 0.264850000
D/UDP-TIMING(17390): 4929 0 0.263199000
D/UDP-TIMING(17390): 4930 0 0.264386000
D/UDP-TIMING(17390): 4931 0 0.259453000
D/UDP-TIMING(17390): 4932 0 0.244417000
D/UDP-TIMING(17390): 4933 0 0.268221000
D/UDP-TIMING(17390): 4934 0 0.261554000
D/UDP-TIMING(17390): 4935 0 0.259186000
D/UDP-TIMING(17390): 4936 0 0.248459000
D/UDP-TIMING(17390): 4937 0 0.241818000
D/UDP-TIMING(17390): 4938 0 0.262423000
