D/UDP-TIMING(17390): 2760 0 0.257785000
D/UDP-TIMING(17390): 2761 0 0.249741000
D/UDP-TIMING(17390): 2762 0 0.242791000
D/UDP-TIMING(17390): 2763 0 0.257270000
D/UDP-TIMING(17390): 2764 0 0.247867000
D/UDP-TIMING(17390): 2765 0 0.246400000
D/UDP-TIMING(17390): 2766 0 0.244428000
D/UDP-TIMING(17390): 2767 0 0.270217000
D/UDP-TIMING(17390): 2768 0 0.261021000
D/UDP-TIMING(17390): 2769 0 0.260111000
D/UDP-TIMING(17390): 2770 0 0.259845000
D/UDP-TIMING(17390): 2771 0 0.253281000
D/UDP-TIMING(17390): 2772 0 0.256213000
D/UDP-TIMING(17390): 2773 0 0.253227000
D/UDP-TIMING(17390): 2774 0 0.244032000
D/UDP-TIMING(17390): 2775 0 0.253295000
D/UDP-TIMING(17390): 2776 0 0.245740000
D/UDP-TIMING(17390): 2777 0 0.267518000
D/UDP-TIMING(17390): 2778 0 0.267435000
D/UDP-TIMING(17390): 2779 0 0.254939000
D/UDP-TIMING(17390): 2780 0 0.253447000
D/UDP-TIMING(17390): 2781 0 0.249706000
D/UDP-TIMING(17390): 2782 0 0.243923000
D/UDP-TIMING(17390): 2783 0 0.269451000
D/UDP-TIMING(17390): 2784 0 0.268648000
D/UDP-TIMING(17390): 2785 0 0.251711000
E/TrafficStats( 1673): [QCTMM]tryAll index=0
E/TrafficStats( 1673): [QCTMM]tryAll index=1
E/TrafficStats( 1673): [QCTMM]tryAll index=2
E/TrafficStats( 1673): [QCTMM]tryAll index=0
E/TrafficStats( 1673): [QCTMM]tryAll index=1
E/TrafficStats( 1673): [QCTMM]tryAll index=2
D/UDP-TIMING(17390): 2786 0 0.262248000
D/UDP-TIMING(17390): 2787 0 0.247504000
D/DATA    ( 1860): sentSinceLastRecv=0,watchdogTrigger=10,maxindex=0
D/UDP-TIMING(17390): 2788 0 0.258297000
D/UDP-TIMING(17390): 2789 0 0.249586000
D/UDP-TIMING(17390): 2790 0 0.274603000
D/UDP-TIMING(17390): 2791 0 0.266749000
D/UDP-TIMING(17390): 2792 0 0.265372000
D/UDP-TIMING(17390): 2793 0 0.242995000
D/UDP-TIMING(17390): 2794 0 0.265011000
D/UDP-TIMING(17390): 2795 0 0.252007000
D/UDP-TIMING(17390): 2796 0 0.251628000
D/UDP-TIMING(17390): 2797 0 0.269710000
D/UDP-TIMING(17390): 2798 0 0.269092000
D/UDP-TIMING(17390): 2799 0 0.268961000
D/UDP-TIMING(17390): 2800 0 0.253746000
D/UDP-TIMING(17390): 2801 0 0.253043000
D/UDP-TIMING(17390): 2802 0 0.246374000
D/UDP-TIMING(17390): 2803 0 0.263519000
D/UDP-TIMING(17390): 2804 0 0.259753000
D/UDP-TIMING(17390): 2805 0 0.258841000
D/UDP-TIMING(17390): 2806 0 0.249967000
D/UDP-TIMING(17390): 2807 0 0.262234000
D/UDP-TIMING(17390): 2808 0 0.252629000
D/UDP-TIMING(17390): 2809 0 0.275225000
D/UDP-TIMING(17390): 2810 0 0.267385000
D/UDP-TIMING(17390): 2811 0 0.253690000
D/UDP-TIMING(17390): 2812 0 0.265046000
D/UDP-TIMING(17390): 2813 0 0.261912000
D/UDP-TIMING(17390): 2814 0 0.261087000
D/UDP-TIMING(17390): 2815 0 0.267478000
D/UDP-TIMING(17390): 2816 0 0.252214000
D/UDP-TIMING(17390): 2817 0 0.255630000
D/UDP-TIMING(17390): 2818 0 0.244419000
D/UDP-TIMING(17390): 2819 0 0.264224000
D/UDP-TIMING(17390): 2820 0 0.257014000
D/UDP-TIMING(17390): 2821 0 0.256160000
D/UDP-TIMING(17390): 2822 0 0.254272000
D/UDP-TIMING(17390): 2823 0 0.274589000
D/UDP-TIMING(17390): 2824 0 0.240762000
D/UDP-TIMING(17390): 2825 0 0.258519000
D/UDP-TIMING(17390): 2826 0 0.254082000
D/UDP-TIMING(17390): 2827 0 0.267285000
D/UDP-TIMING(17390): 2828 0 0.262236000
D/UDP-TIMING(17390): 2829 0 0.257169000
D/UDP-TIMING(17390): 2830 0 0.261323000
D/UDP-TIMING(17390): 2831 0 0.259322000
D/UDP-TIMING(17390): 2832 0 0.253146000
D/UDP-TIMING(17390): 2833 0 0.246539000
D/UDP-TIMING(17390): 2834 0 0.255512000
D/UDP-TIMING(17390): 2835 0 0.241311000
D/UDP-TIMING(17390): 2836 0 0.263449000
D/UDP-TIMING(17390): 2837 0 0.257112000
D/UDP-TIMING(17390): 2838 0 0.248212000
D/UDP-TIMING(17390): 2839 0 0.246228000
D/UDP-TIMING(17390): 2840 0 0.252840000
D/UDP-TIMING(17390): 2841 0 0.251456000
D/UDP-TIMING(17390): 2842 0 0.257270000
D/UDP-TIMING(17390): 2843 0 0.269734000
D/UDP-TIMING(17390): 2844 0 0.268685000
E/TrafficStats(16531): [QCTMM]tryAll index=0
E/TrafficStats(16531): [QCTMM]tryAll index=1
E/TrafficStats(16531): [QCTMM]tryAll index=2
E/TrafficStats(16531): [QCTMM]tryAll index=0
E/TrafficStats(16531): [QCTMM]tryAll index=1
E/TrafficStats(16531): [QCTMM]tryAll index=2
E/TrafficStats(16531): [QCTMM]tryAll index=0
E/TrafficStats(16531): [QCTMM]tryAll index=1
E/TrafficStats(16531): [QCTMM]tryAll index=2
D/UDP-TIMING(17390): 2845 0 0.259729000
D/UDP-TIMING(17390): 2846 0 0.246395000
E/TrafficStats(16531): [QCTMM]tryAll index=0
E/TrafficStats(16531): [QCTMM]tryAll index=1
E/TrafficStats(16531): [QCTMM]tryAll index=2
D/UDP-TIMING(17390): 2847 0 0.255597000
D/UDP-TIMING(17390): 2848 0 0.261206000
D/UDP-TIMING(17390): 2849 0 0.255918000
D/UDP-TIMING(17390): 2850 0 0.249075000
D/UDP-TIMING(17390): 2851 0 0.243515000
D/UDP-TIMING(17390): 2852 0 0.267826000
D/UDP-TIMING(17390): 2853 0 0.257229000
D/UDP-TIMING(17390): 2854 0 0.256712000
D/UDP-TIMING(17390): 2855 0 0.250840000
D/UDP-TIMING(17390): 2856 0 0.246574000
D/UDP-TIMING(17390): 2857 0 0.241598000
D/UDP-TIMING(17390): 2858 0 0.265585000
D/UDP-TIMING(17390): 2859 0 0.252441000
D/UDP-TIMING(17390): 2860 0 0.267385000
D/UDP-TIMING(17390): 2861 0 0.261749000
D/UDP-TIMING(17390): 2862 0 0.269055000
D/UDP-TIMING(17390): 2863 0 0.266263000
D/UDP-TIMING(17390): 2864 0 0.243186000
D/UDP-TIMING(17390): 2865 0 0.257485000
D/UDP-TIMING(17390): 2866 0 0.245656000
E/TrafficStats( 1673): [QCTMM]tryAll index=0
E/TrafficStats( 1673): [QCTMM]tryAll index=1
E/TrafficStats( 1673): [QCTMM]tryAll index=2
D/UDP-TIMING(17390): 2867 0 0.269842000
D/UDP-TIMING(17390): 2868 0 0.266977000
D/UDP-TIMING(17390): 2869 0 0.258404000
D/UDP-TIMING(17390): 2870 0 0.248724000
D/UDP-TIMING(17390): 2871 0 0.245951000
E/TrafficStats( 1673): [QCTMM]tryAll index=0
E/TrafficStats( 1673): [QCTMM]tryAll index=1
E/TrafficStats( 1673): [QCTMM]tryAll index=2
D/DATA    ( 1860): sentSinceLastRecv=0,watchdogTrigger=10,maxindex=0
D/UDP-TIMING(17390): 2872 0 0.263966000
D/UDP-TIMING(17390): 2873 0 0.256456000
D/UDP-TIMING(17390): 2874 0 0.255736000
D/UDP-TIMING(17390): 2875 0 0.240914000
D/UDP-TIMING(17390): 2876 0 0.263598000
D/UDP-TIMING(17390): 2877 0 0.247716000
D/UDP-TIMING(17390): 2878 0 0.267950000
D/UDP-TIMING(17390): 2879 0 0.262556000
D/UDP-TIMING(17390): 2880 0 0.260310000
D/UDP-TIMING(17390): 2881 0 0.258995000
D/UDP-TIMING(17390): 2882 0 0.241378000
D/UDP-TIMING(17390): 2883 0 0.259842000
D/UDP-TIMING(17390): 2884 0 0.275713000
D/UDP-TIMING(17390): 2885 0 0.255732000
D/UDP-TIMING(17390): 2886 0 0.254474000
D/UDP-TIMING(17390): 2887 0 0.253108000
D/UDP-TIMING(17390): 2888 0 0.249935000
D/UDP-TIMING(17390): 2889 0 0.242246000
D/UDP-TIMING(17390): 2890 0 0.253747000
D/UDP-TIMING(17390): 2891 0 0.253370000
D/UDP-TIMING(17390): 2892 0 0.252177000
D/Database(16531): dbopen(): path = /data/data/com.onavo.android.onavoid/databases/ui_events, flag = 6, file size = 14058496
D/UDP-TIMING(17390): 2893 0 0.268650000
D/UDP-TIMING(17390): 2894 0 0.265553000
D/UDP-TIMING(17390): 2895 0 0.246039000
D/Database(16531): dbopen(): path = /data/data/com.onavo.android.onavoid/databases/ui_events, mode: wal, disk free size: 2000 M, handle: 0x37d3a8
D/Database(16531): dbclose(): path = /data/data/com.onavo.android.onavoid/databases/ui_events, handle = 0x37d3a8
D/UDP-TIMING(17390): 2896 0 0.268408000
D/UDP-TIMING(17390): 2897 0 0.265583000
D/UDP-TIMING(17390): 2898 0 0.261895000
D/UDP-TIMING(17390): 2899 0 0.248312000
D/UDP-TIMING(17390): 2900 0 0.261628000
D/UDP-TIMING(17390): 2901 0 0.266592000
D/UDP-TIMING(17390): 2902 0 0.262551000
D/UDP-TIMING(17390): 2903 0 0.255658000
D/UDP-TIMING(17390): 2904 0 0.249838000
D/UDP-TIMING(17390): 2905 0 0.249409000
D/UDP-TIMING(17390): 2906 0 0.246292000
D/UDP-TIMING(17390): 2907 0 0.248502000
D/UDP-TIMING(17390): 2908 0 0.261372000
D/UDP-TIMING(17390): 2909 0 0.268733000
D/UDP-TIMING(17390): 2910 0 0.264330000
D/UDP-TIMING(17390): 2911 0 0.264108000
D/UDP-TIMING(17390): 2912 0 0.263897000
D/UDP-TIMING(17390): 2913 0 0.261907000
D/UDP-TIMING(17390): 2914 0 0.250498000
D/UDP-TIMING(17390): 2915 0 0.265693000
D/UDP-TIMING(17390): 2916 0 0.265246000
D/UDP-TIMING(17390): 2917 0 0.249977000
D/UDP-TIMING(17390): 2918 0 0.258686000
D/UDP-TIMING(17390): 2919 0 0.255223000
D/UDP-TIMING(17390): 2920 0 0.251266000
D/UDP-TIMING(17390): 2921 0 0.269014000
D/UDP-TIMING(17390): 2922 0 0.265201000
D/UDP-TIMING(17390): 2923 0 0.261934000
D/UDP-TIMING(17390): 2924 0 0.256001000
D/UDP-TIMING(17390): 2925 0 0.247608000
D/UDP-TIMING(17390): 2926 0 0.246164000
D/UDP-TIMING(17390): 2927 0 0.247271000
D/UDP-TIMING(17390): 2928 0 0.261328000
D/UDP-TIMING(17390): 2929 0 0.255582000
D/UDP-TIMING(17390): 2930 0 0.244037000
D/UDP-TIMING(17390): 2931 0 0.264204000
D/UDP-TIMING(17390): 2932 0 0.259810000
D/UDP-TIMING(17390): 2933 0 0.249157000
D/UDP-TIMING(17390): 2934 0 0.247956000
D/UDP-TIMING(17390): 2935 0 0.263026000
D/UDP-TIMING(17390): 2936 0 0.251579000
D/UDP-TIMING(17390): 2937 0 0.246987000
D/UDP-TIMING(17390): 2938 0 0.263969000
D/UDP-TIMING(17390): 2939 0 0.256934000
D/UDP-TIMING(17390): 2940 0 0.253815000
D/UDP-TIMING(17390): 2941 0 0.253096000
D/UDP-TIMING(17390): 2942 0 0.245732000
D/UDP-TIMING(17390): 2943 0 0.242491000
D/UDP-TIMING(17390): 2944 0 0.269729000
D/UDP-TIMING(17390): 2945 0 0.267423000
D/UDP-TIMING(17390): 2946 0 0.266909000
D/UDP-TIMING(17390): 2947 0 0.263745000
D/UDP-TIMING(17390): 2948 0 0.258580000
D/UDP-TIMING(17390): 2949 0 0.263722000
D/UDP-TIMING(17390): 2950 0 0.255812000
D/UDP-TIMING(17390): 2951 0 0.252323000
D/UDP-TIMING(17390): 2952 0 0.242428000
D/UDP-TIMING(17390): 2953 0 0.254419000
D/UDP-TIMING(17390): 2954 0 0.275576000
D/UDP-TIMING(17390): 2955 0 0.274845000
D/UDP-TIMING(17390): 2956 0 0.269551000
D/UDP-TIMING(17390): 2957 0 0.258233000
D/UDP-TIMING(17390): 2958 0 0.246230000
D/UDP-TIMING(17390): 2959 0 0.274173000
D/UDP-TIMING(17390): 2960 0 0.272973000
D/UDP-TIMING(17390): 2961 0 0.261422000
D/UDP-TIMING(17390): 2962 0 0.244646000
D/UDP-TIMING(17390): 2963 0 0.268393000
D/UDP-TIMING(17390): 2964 0 0.264230000
D/UDP-TIMING(17390): 2965 0 0.239968000
D/UDP-TIMING(17390): 2966 0 0.267441000
D/UDP-TIMING(17390): 2967 0 0.267252000
D/UDP-TIMING(17390): 2968 0 0.263924000
E/TrafficStats( 1673): [QCTMM]tryAll index=0
E/TrafficStats( 1673): [QCTMM]tryAll index=1
E/TrafficStats( 1673): [QCTMM]tryAll index=2
E/TrafficStats( 1673): [QCTMM]tryAll index=0
E/TrafficStats( 1673): [QCTMM]tryAll index=1
E/TrafficStats( 1673): [QCTMM]tryAll index=2
D/UDP-TIMING(17390): 2969 0 0.266287000
D/UDP-TIMING(17390): 2970 0 0.259068000
D/UDP-TIMING(17390): 2971 0 0.251363000
D/DATA    ( 1860): sentSinceLastRecv=0,watchdogTrigger=10,maxindex=0
D/UDP-TIMING(17390): 2972 0 0.262316000
D/UDP-TIMING(17390): 2973 0 0.262029000
D/UDP-TIMING(17390): 2974 0 0.276125000
D/UDP-TIMING(17390): 2975 0 0.273474000
D/UDP-TIMING(17390): 2976 0 0.270989000
D/UDP-TIMING(17390): 2977 0 0.253137000
D/UDP-TIMING(17390): 2978 0 0.276854000
D/UDP-TIMING(17390): 2979 0 0.274669000
D/UDP-TIMING(17390): 2980 0 0.260913000
D/UDP-TIMING(17390): 2981 0 0.260625000
D/UDP-TIMING(17390): 2982 0 0.254238000
D/UDP-TIMING(17390): 2983 0 0.249620000
D/UDP-TIMING(17390): 2984 0 0.259430000
D/UDP-TIMING(17390): 2985 0 0.259232000
D/UDP-TIMING(17390): 2986 0 0.253663000
D/UDP-TIMING(17390): 2987 0 0.250550000
D/UDP-TIMING(17390): 2988 0 0.269070000
D/UDP-TIMING(17390): 2989 0 0.263434000
D/UDP-TIMING(17390): 2990 0 0.257056000
D/UDP-TIMING(17390): 2991 0 0.241514000
D/UDP-TIMING(17390): 2992 0 0.240320000
D/UDP-TIMING(17390): 2993 0 0.266626000
D/UDP-TIMING(17390): 2994 0 0.263842000
D/UDP-TIMING(17390): 2995 0 0.258083000
D/UDP-TIMING(17390): 2996 0 0.255915000
D/UDP-TIMING(17390): 2997 0 0.249775000
D/UDP-TIMING(17390): 2998 0 0.243884000
D/UDP-TIMING(17390): 2999 0 0.267760000
D/UDP-TIMING(17390): 3000 0 0.262734000
D/UDP-TIMING(17390): 3001 0 0.263948000
D/UDP-TIMING(17390): 3002 0 0.251195000
D/UDP-TIMING(17390): 3003 0 0.246272000
D/UDP-TIMING(17390): 3004 0 0.243502000
D/UDP-TIMING(17390): 3005 0 0.258596000
D/UDP-TIMING(17390): 3006 0 0.249287000
D/UDP-TIMING(17390): 3007 0 0.247268000
D/UDP-TIMING(17390): 3008 0 0.267439000
D/UDP-TIMING(17390): 3009 0 0.266540000
D/UDP-TIMING(17390): 3010 0 0.262016000
D/UDP-TIMING(17390): 3011 0 0.257516000
D/UDP-TIMING(17390): 3012 0 0.256335000
D/UDP-TIMING(17390): 3013 0 0.240331000
D/UDP-TIMING(17390): 3014 0 0.256618000
D/UDP-TIMING(17390): 3015 0 0.257010000
D/UDP-TIMING(17390): 3016 0 0.269072000
D/UDP-TIMING(17390): 3017 0 0.267490000
D/UDP-TIMING(17390): 3018 0 0.264979000
D/UDP-TIMING(17390): 3019 0 0.257615000
D/UDP-TIMING(17390): 3020 0 0.249282000
D/UDP-TIMING(17390): 3021 0 0.268128000
D/UDP-TIMING(17390): 3022 0 0.264403000
D/UDP-TIMING(17390): 3023 0 0.253497000
D/UDP-TIMING(17390): 3024 0 0.253149000
D/UDP-TIMING(17390): 3025 0 0.276136000
D/UDP-TIMING(17390): 3026 0 0.275193000
D/UDP-TIMING(17390): 3027 0 0.273678000
D/UDP-TIMING(17390): 3028 0 0.265398000
D/UDP-TIMING(17390): 3029 0 0.257881000
D/UDP-TIMING(17390): 3030 0 0.248730000
D/UDP-TIMING(17390): 3031 0 0.244039000
D/UDP-TIMING(17390): 3032 0 0.267898000
D/UDP-TIMING(17390): 3033 0 0.259082000
D/UDP-TIMING(17390): 3034 0 0.245486000
D/UDP-TIMING(17390): 3035 0 0.239893000
D/UDP-TIMING(17390): 3036 0 0.265104000
D/UDP-TIMING(17390): 3037 0 0.260949000
D/UDP-TIMING(17390): 3038 0 0.251777000
D/UDP-TIMING(17390): 3039 0 0.248808000
D/UDP-TIMING(17390): 3040 0 0.243335000
D/UDP-TIMING(17390): 3041 0 0.243501000
D/UDP-TIMING(17390): 3042 0 0.239535000
D/UDP-TIMING(17390): 3043 0 0.262766000
D/UDP-TIMING(17390): 3044 0 0.248467000
D/UDP-TIMING(17390): 3045 0 0.248101000
D/UDP-TIMING(17390): 3046 0 0.241961000
D/UDP-TIMING(17390): 3047 0 0.262642000
D/UDP-TIMING(17390): 3048 0 0.260741000
D/UDP-TIMING(17390): 3049 0 0.249807000
D/UDP-TIMING(17390): 3050 0 0.248592000
D/UDP-TIMING(17390): 3051 0 0.265595000
D/UDP-TIMING(17390): 3052 0 0.261340000
D/UDP-TIMING(17390): 3053 0 0.256123000
D/UDP-TIMING(17390): 3054 0 0.251171000
D/UDP-TIMING(17390): 3055 0 0.247619000
D/UDP-TIMING(17390): 3056 0 0.252384000
D/UDP-TIMING(17390): 3057 0 0.246051000
D/UDP-TIMING(17390): 3058 0 0.240512000
D/UDP-TIMING(17390): 3059 0 0.247079000
D/UDP-TIMING(17390): 3060 0 0.263815000
D/UDP-TIMING(17390): 3061 0 0.263574000
D/UDP-TIMING(17390): 3062 0 0.260402000
D/UDP-TIMING(17390): 3063 0 0.254268000
D/UDP-TIMING(17390): 3064 0 0.245201000
D/UDP-TIMING(17390): 3065 0 0.245090000
D/UDP-TIMING(17390): 3066 0 0.254522000
D/UDP-TIMING(17390): 3067 0 0.254831000
D/UDP-TIMING(17390): 3068 0 0.250559000
D/UDP-TIMING(17390): 3069 0 0.244114000
E/TrafficStats( 1673): [QCTMM]tryAll index=0
E/TrafficStats( 1673): [QCTMM]tryAll index=1
E/TrafficStats( 1673): [QCTMM]tryAll index=2
E/TrafficStats( 1673): [QCTMM]tryAll index=0
E/TrafficStats( 1673): [QCTMM]tryAll index=1
E/TrafficStats( 1673): [QCTMM]tryAll index=2
D/DATA    ( 1860): sentSinceLastRecv=0,watchdogTrigger=10,maxindex=0
D/UDP-TIMING(17390): 3070 0 0.250062000
D/UDP-TIMING(17390): 3071 0 0.265866000
D/UDP-TIMING(17390): 3072 0 0.260496000
D/UDP-TIMING(17390): 3073 0 0.257883000
D/UDP-TIMING(17390): 3074 0 0.254951000
D/UDP-TIMING(17390): 3075 0 0.253018000
D/UDP-TIMING(17390): 3076 0 0.250004000
D/UDP-TIMING(17390): 3077 0 0.268429000
D/UDP-TIMING(17390): 3078 0 0.254151000
D/UDP-TIMING(17390): 3079 0 0.248516000
D/UDP-TIMING(17390): 3080 0 0.243905000
D/UDP-TIMING(17390): 3081 0 0.253937000
D/UDP-TIMING(17390): 3082 0 0.252281000
D/UDP-TIMING(17390): 3083 0 0.240293000
D/UDP-TIMING(17390): 3084 0 0.267519000
D/UDP-TIMING(17390): 3085 0 0.259998000
D/UDP-TIMING(17390): 3086 0 0.251434000
D/UDP-TIMING(17390): 3087 0 0.249410000
D/StatusBarPolicy( 1816): iconIndex=1
D/UDP-TIMING(17390): 3088 0 0.265305000
D/UDP-TIMING(17390): 3089 0 0.260043000
D/UDP-TIMING(17390): 3090 0 0.259239000
V/StatusBarPolicy( 1816): cdmaLevel:3;max:4
D/StatusBarPolicy( 1816): iconLevel:3
D/UDP-TIMING(17390): 3091 0 0.251917000
D/UDP-TIMING(17390): 3092 0 0.246468000
D/UDP-TIMING(17390): 3093 0 0.242332000
I/PhoneInfo( 2188): getCdmaLevel - cdmaDbm: -70 cdmaEcio:-90
I/PhoneInfo( 2188): getEvdoLevel - evdoDbm: -120 evdoSnr:-1 evdoEcio:-1
I/PhoneInfo( 2188): getLteLevel - lteRsrp: -1 lteCqi:-1
D/UDP-TIMING(17390): 3094 0 0.266330000
D/UDP-TIMING(17390): 3095 0 0.255820000
D/UDP-TIMING(17390): 3096 0 0.251669000
D/UDP-TIMING(17390): 3097 0 0.248086000
D/UDP-TIMING(17390): 3098 0 0.248459000
D/UDP-TIMING(17390): 3099 0 0.267546000
D/UDP-TIMING(17390): 3100 0 0.253097000
D/UDP-TIMING(17390): 3101 0 0.263290000
D/UDP-TIMING(17390): 3102 0 0.257760000
D/UDP-TIMING(17390): 3103 0 0.255770000
D/UDP-TIMING(17390): 3104 0 0.254734000
D/UDP-TIMING(17390): 3105 0 0.243819000
D/UDP-TIMING(17390): 3106 0 0.239559000
D/UDP-TIMING(17390): 3107 0 0.265642000
D/UDP-TIMING(17390): 3108 0 0.261026000
D/UDP-TIMING(17390): 3109 0 0.259875000
D/UDP-TIMING(17390): 3110 0 0.245580000
D/UDP-TIMING(17390): 3111 0 0.262409000
D/UDP-TIMING(17390): 3112 0 0.262823000
D/UDP-TIMING(17390): 3113 0 0.239781000
D/UDP-TIMING(17390): 3114 0 0.264136000
D/UDP-TIMING(17390): 3115 0 0.261837000
D/UDP-TIMING(17390): 3116 0 0.256295000
D/UDP-TIMING(17390): 3117 0 0.251260000
D/UDP-TIMING(17390): 3118 0 0.246497000
D/UDP-TIMING(17390): 3119 0 0.241125000
D/UDP-TIMING(17390): 3120 0 0.255387000
D/UDP-TIMING(17390): 3121 0 0.249492000
D/UDP-TIMING(17390): 3122 0 0.244476000
D/UDP-TIMING(17390): 3123 0 0.242113000
D/UDP-TIMING(17390): 3124 0 0.257642000
D/UDP-TIMING(17390): 3125 0 0.241081000
D/UDP-TIMING(17390): 3126 0 0.268462000
D/UDP-TIMING(17390): 3127 0 0.267275000
D/UDP-TIMING(17390): 3128 0 0.266080000
D/UDP-TIMING(17390): 3129 0 0.264412000
D/UDP-TIMING(17390): 3130 0 0.250011000
D/UDP-TIMING(17390): 3131 0 0.260425000
D/UDP-TIMING(17390): 3132 0 0.264721000
D/UDP-TIMING(17390): 3133 0 0.262607000
D/UDP-TIMING(17390): 3134 0 0.262169000
D/UDP-TIMING(17390): 3135 0 0.261235000
D/UDP-TIMING(17390): 3136 0 0.243045000
D/UDP-TIMING(17390): 3137 0 0.267933000
D/UDP-TIMING(17390): 3138 0 0.262521000
D/UDP-TIMING(17390): 3139 0 0.260273000
D/UDP-TIMING(17390): 3140 0 0.253827000
D/UDP-TIMING(17390): 3141 0 0.251766000
D/UDP-TIMING(17390): 3142 0 0.257635000
D/UDP-TIMING(17390): 3143 0 0.252076000
D/UDP-TIMING(17390): 3144 0 0.251232000
D/UDP-TIMING(17390): 3145 0 0.247162000
D/UDP-TIMING(17390): 3146 0 0.267089000
D/UDP-TIMING(17390): 3147 0 0.260178000
D/UDP-TIMING(17390): 3148 0 0.247657000
D/UDP-TIMING(17390): 3149 0 0.267462000
D/UDP-TIMING(17390): 3150 0 0.244485000
D/UDP-TIMING(17390): 3151 0 0.267797000
D/UDP-TIMING(17390): 3152 0 0.262230000
D/UDP-TIMING(17390): 3153 0 0.258738000
D/UDP-TIMING(17390): 3154 0 0.246834000
D/UDP-TIMING(17390): 3155 0 0.244620000
D/UDP-TIMING(17390): 3156 0 0.243522000
D/UDP-TIMING(17390): 3157 0 0.251552000
D/UDP-TIMING(17390): 3158 0 0.248231000
D/UDP-TIMING(17390): 3159 0 0.246045000
D/UDP-TIMING(17390): 3160 0 0.245700000
D/UDP-TIMING(17390): 3161 0 0.245213000
D/UDP-TIMING(17390): 3162 0 0.244615000
D/UDP-TIMING(17390): 3163 0 0.244321000
D/UDP-TIMING(17390): 3164 0 0.271814000
D/UDP-TIMING(17390): 3165 0 0.270935000
D/UDP-TIMING(17390): 3166 0 0.269818000
D/UDP-TIMING(17390): 3167 0 0.269242000
D/UDP-TIMING(17390): 3168 0 0.263072000
D/UDP-TIMING(17390): 3169 0 0.255689000
D/UDP-TIMING(17390): 3170 0 0.252700000
D/UDP-TIMING(17390): 3171 0 0.257791000
D/UDP-TIMING(17390): 3172 0 0.246075000
D/UDP-TIMING(17390): 3173 0 0.244212000
D/UDP-TIMING(17390): 3174 0 0.239959000
E/TrafficStats( 1673): [QCTMM]tryAll index=0
E/TrafficStats( 1673): [QCTMM]tryAll index=1
E/TrafficStats( 1673): [QCTMM]tryAll index=2
E/TrafficStats( 1673): [QCTMM]tryAll index=0
E/TrafficStats( 1673): [QCTMM]tryAll index=1
E/TrafficStats( 1673): [QCTMM]tryAll index=2
D/DATA    ( 1860): sentSinceLastRecv=0,watchdogTrigger=10,maxindex=0
D/UDP-TIMING(17390): 3175 0 0.255974000
D/UDP-TIMING(17390): 3176 0 0.249345000
D/UDP-TIMING(17390): 3177 0 0.249614000
D/UDP-TIMING(17390): 3178 0 0.246711000
D/UDP-TIMING(17390): 3179 0 0.244453000
D/UDP-TIMING(17390): 3180 0 0.247361000
D/UDP-TIMING(17390): 3181 0 0.245745000
D/UDP-TIMING(17390): 3182 0 0.264404000
D/UDP-TIMING(17390): 3183 0 0.259938000
D/UDP-TIMING(17390): 3184 0 0.254269000
D/UDP-TIMING(17390): 3185 0 0.249404000
D/UDP-TIMING(17390): 3186 0 0.241736000
D/UDP-TIMING(17390): 3187 0 0.264078000
D/UDP-TIMING(17390): 3188 0 0.260959000
D/UDP-TIMING(17390): 3189 0 0.244379000
D/UDP-TIMING(17390): 3190 0 0.262584000
D/UDP-TIMING(17390): 3191 0 0.259107000
D/UDP-TIMING(17390): 3192 0 0.240143000
D/UDP-TIMING(17390): 3193 0 0.255955000
D/UDP-TIMING(17390): 3194 0 0.252169000
D/UDP-TIMING(17390): 3195 0 0.251422000
D/UDP-TIMING(17390): 3196 0 0.263944000
D/UDP-TIMING(17390): 3197 0 0.258636000
D/UDP-TIMING(17390): 3198 0 0.257302000
D/UDP-TIMING(17390): 3199 0 0.253863000
D/UDP-TIMING(17390): 3200 0 0.258804000
D/UDP-TIMING(17390): 3201 0 0.254269000
D/UDP-TIMING(17390): 3202 0 0.251910000
D/UDP-TIMING(17390): 3203 0 0.242609000
D/UDP-TIMING(17390): 3204 0 0.265547000
D/UDP-TIMING(17390): 3205 0 0.257795000
D/UDP-TIMING(17390): 3206 0 0.253270000
D/UDP-TIMING(17390): 3207 0 0.267854000
D/UDP-TIMING(17390): 3208 0 0.261265000
D/UDP-TIMING(17390): 3209 0 0.252098000
D/UDP-TIMING(17390): 3210 0 0.249982000
D/UDP-TIMING(17390): 3211 0 0.244582000
D/UDP-TIMING(17390): 3212 0 0.261203000
D/UDP-TIMING(17390): 3213 0 0.271220000
D/UDP-TIMING(17390): 3214 0 0.256999000
D/UDP-TIMING(17390): 3215 0 0.255171000
D/UDP-TIMING(17390): 3216 0 0.252327000
D/UDP-TIMING(17390): 3217 0 0.248787000
D/UDP-TIMING(17390): 3218 0 0.267791000
D/UDP-TIMING(17390): 3219 0 0.260926000
D/UDP-TIMING(17390): 3220 0 0.259885000
D/UDP-TIMING(17390): 3221 0 0.255242000
D/UDP-TIMING(17390): 3222 0 0.240272000
D/UDP-TIMING(17390): 3223 0 0.271807000
D/UDP-TIMING(17390): 3224 0 0.270490000
D/UDP-TIMING(17390): 3225 0 0.269611000
D/UDP-TIMING(17390): 3226 0 0.269557000
D/UDP-TIMING(17390): 3227 0 0.241382000
D/UDP-TIMING(17390): 3228 0 0.264377000
D/UDP-TIMING(17390): 3229 0 0.263112000
D/UDP-TIMING(17390): 3230 0 0.260539000
D/UDP-TIMING(17390): 3231 0 0.255399000
D/UDP-TIMING(17390): 3232 0 0.249074000
D/UDP-TIMING(17390): 3233 0 0.243641000
D/UDP-TIMING(17390): 3234 0 0.257954000
D/UDP-TIMING(17390): 3235 0 0.251388000
D/UDP-TIMING(17390): 3236 0 0.252197000
D/UDP-TIMING(17390): 3237 0 0.247891000
D/UDP-TIMING(17390): 3238 0 0.244916000
D/UDP-TIMING(17390): 3239 0 0.269061000
D/UDP-TIMING(17390): 3240 0 0.241342000
D/UDP-TIMING(17390): 3241 0 0.239708000
D/UDP-TIMING(17390): 3242 0 0.251823000
D/UDP-TIMING(17390): 3243 0 0.270806000
D/UDP-TIMING(17390): 3244 0 0.270749000
D/UDP-TIMING(17390): 3245 0 0.261815000
D/UDP-TIMING(17390): 3246 0 0.243845000
D/UDP-TIMING(17390): 3247 0 0.241009000
D/UDP-TIMING(17390): 3248 0 0.250184000
D/UDP-TIMING(17390): 3249 0 0.243118000
D/UDP-TIMING(17390): 3250 0 0.260267000
D/UDP-TIMING(17390): 3251 0 0.257183000
D/UDP-TIMING(17390): 3252 0 0.267297000
D/UDP-TIMING(17390): 3253 0 0.260194000
D/UDP-TIMING(17390): 3254 0 0.266535000
D/UDP-TIMING(17390): 3255 0 0.259087000
D/UDP-TIMING(17390): 3256 0 0.250475000
D/UDP-TIMING(17390): 3257 0 0.256651000
E/TrafficStats( 1673): [QCTMM]tryAll index=0
E/TrafficStats( 1673): [QCTMM]tryAll index=1
E/TrafficStats( 1673): [QCTMM]tryAll index=2
D/UDP-TIMING(17390): 3258 0 0.262145000
D/UDP-TIMING(17390): 3259 0 0.261490000
D/UDP-TIMING(17390): 3260 0 0.261284000
D/UDP-TIMING(17390): 3261 0 0.259738000
D/UDP-TIMING(17390): 3262 0 0.253712000
D/UDP-TIMING(17390): 3263 0 0.247089000
E/TrafficStats( 1673): [QCTMM]tryAll index=0
E/TrafficStats( 1673): [QCTMM]tryAll index=1
E/TrafficStats( 1673): [QCTMM]tryAll index=2
D/DATA    ( 1860): sentSinceLastRecv=0,watchdogTrigger=10,maxindex=0
D/UDP-TIMING(17390): 3264 0 0.269009000
D/UDP-TIMING(17390): 3265 0 0.263256000
D/UDP-TIMING(17390): 3266 0 0.257183000
D/UDP-TIMING(17390): 3267 0 0.250343000
D/UDP-TIMING(17390): 3268 0 0.265171000
D/UDP-TIMING(17390): 3269 0 0.259664000
D/UDP-TIMING(17390): 3270 0 0.264844000
D/UDP-TIMING(17390): 3271 0 0.252282000
D/UDP-TIMING(17390): 3272 0 0.244042000
D/UDP-TIMING(17390): 3273 0 0.260356000
D/UDP-TIMING(17390): 3274 0 0.255392000
D/UDP-TIMING(17390): 3275 0 0.247119000
D/UDP-TIMING(17390): 3276 0 0.242949000
D/UDP-TIMING(17390): 3277 0 0.240333000
D/UDP-TIMING(17390): 3278 0 0.255019000
D/UDP-TIMING(17390): 3279 0 0.252790000
D/UDP-TIMING(17390): 3280 0 0.240168000
D/UDP-TIMING(17390): 3281 0 0.262428000
D/UDP-TIMING(17390): 3282 0 0.260602000
D/UDP-TIMING(17390): 3283 0 0.251820000
D/UDP-TIMING(17390): 3284 0 0.251599000
D/UDP-TIMING(17390): 3285 0 0.250921000
D/UDP-TIMING(17390): 3286 0 0.242739000
D/UDP-TIMING(17390): 3287 0 0.263912000
D/UDP-TIMING(17390): 3288 0 0.261165000
D/UDP-TIMING(17390): 3289 0 0.254764000
D/UDP-TIMING(17390): 3290 0 0.244428000
D/UDP-TIMING(17390): 3291 0 0.268034000
D/UDP-TIMING(17390): 3292 0 0.258628000
D/UDP-TIMING(17390): 3293 0 0.257631000
D/UDP-TIMING(17390): 3294 0 0.251537000
D/UDP-TIMING(17390): 3295 0 0.249799000
D/UDP-TIMING(17390): 3296 0 0.242407000
D/UDP-TIMING(17390): 3297 0 0.249425000
D/UDP-TIMING(17390): 3298 0 0.268851000
D/UDP-TIMING(17390): 3299 0 0.265242000
D/UDP-TIMING(17390): 3300 0 0.261346000
D/UDP-TIMING(17390): 3301 0 0.253142000
D/UDP-TIMING(17390): 3302 0 0.246641000
D/UDP-TIMING(17390): 3303 0 0.256488000
D/UDP-TIMING(17390): 3304 0 0.252925000
D/UDP-TIMING(17390): 3305 0 0.247942000
D/UDP-TIMING(17390): 3306 0 0.242240000
D/UDP-TIMING(17390): 3307 0 0.262065000
D/UDP-TIMING(17390): 3308 0 0.252846000
D/UDP-TIMING(17390): 3309 0 0.250324000
D/UDP-TIMING(17390): 3310 0 0.263375000
D/UDP-TIMING(17390): 3311 0 0.259571000
D/UDP-TIMING(17390): 3312 0 0.246404000
D/UDP-TIMING(17390): 3313 0 0.241913000
D/UDP-TIMING(17390): 3314 0 0.249927000
D/UDP-TIMING(17390): 3315 0 0.266513000
D/UDP-TIMING(17390): 3316 0 0.266124000
D/UDP-TIMING(17390): 3317 0 0.260186000
D/UDP-TIMING(17390): 3318 0 0.256081000
D/UDP-TIMING(17390): 3319 0 0.242577000
D/UDP-TIMING(17390): 3320 0 0.249035000
D/UDP-TIMING(17390): 3321 0 0.243191000
D/UDP-TIMING(17390): 3322 0 0.241307000
D/UDP-TIMING(17390): 3323 0 0.263833000
D/UDP-TIMING(17390): 3324 0 0.263183000
D/UDP-TIMING(17390): 3325 0 0.257838000
D/UDP-TIMING(17390): 3326 0 0.247044000
D/UDP-TIMING(17390): 3327 0 0.268713000
D/UDP-TIMING(17390): 3328 0 0.264844000
D/UDP-TIMING(17390): 3329 0 0.261188000
D/UDP-TIMING(17390): 3330 0 0.241463000
D/UDP-TIMING(17390): 3331 0 0.261153000
D/UDP-TIMING(17390): 3332 0 0.242043000
D/UDP-TIMING(17390): 3333 0 0.252474000
D/UDP-TIMING(17390): 3334 0 0.245501000
D/UDP-TIMING(17390): 3335 0 0.243746000
D/UDP-TIMING(17390): 3336 0 0.240898000
D/UDP-TIMING(17390): 3337 0 0.245382000
D/UDP-TIMING(17390): 3338 0 0.261114000
D/UDP-TIMING(17390): 3339 0 0.243040000
D/UDP-TIMING(17390): 3340 0 0.241504000
D/UDP-TIMING(17390): 3341 0 0.262941000
D/UDP-TIMING(17390): 3342 0 0.261298000
D/UDP-TIMING(17390): 3343 0 0.271396000
D/UDP-TIMING(17390): 3344 0 0.263355000
D/UDP-TIMING(17390): 3345 0 0.262982000
D/UDP-TIMING(17390): 3346 0 0.253677000
D/UDP-TIMING(17390): 3347 0 0.245041000
D/UDP-TIMING(17390): 3348 0 0.268887000
D/UDP-TIMING(17390): 3349 0 0.241968000
D/UDP-TIMING(17390): 3350 0 0.263663000
D/UDP-TIMING(17390): 3351 0 0.258865000
E/TrafficStats( 1673): [QCTMM]tryAll index=0
E/TrafficStats( 1673): [QCTMM]tryAll index=1
E/TrafficStats( 1673): [QCTMM]tryAll index=2
E/TrafficStats( 1673): [QCTMM]tryAll index=0
E/TrafficStats( 1673): [QCTMM]tryAll index=1
E/TrafficStats( 1673): [QCTMM]tryAll index=2
D/DATA    ( 1860): sentSinceLastRecv=0,watchdogTrigger=10,maxindex=0
D/UDP-TIMING(17390): 3352 0 0.265567000
D/UDP-TIMING(17390): 3353 0 0.258237000
D/UDP-TIMING(17390): 3354 0 0.266594000
D/UDP-TIMING(17390): 3355 0 0.265433000
D/UDP-TIMING(17390): 3356 0 0.268954000
D/UDP-TIMING(17390): 3357 0 0.261128000
D/UDP-TIMING(17390): 3358 0 0.253582000
D/UDP-TIMING(17390): 3359 0 0.250807000
D/UDP-TIMING(17390): 3360 0 0.262993000
D/UDP-TIMING(17390): 3361 0 0.258042000
D/UDP-TIMING(17390): 3362 0 0.267839000
D/UDP-TIMING(17390): 3363 0 0.256163000
D/UDP-TIMING(17390): 3364 0 0.253240000
D/UDP-TIMING(17390): 3365 0 0.248676000
D/UDP-TIMING(17390): 3366 0 0.260904000
D/UDP-TIMING(17390): 3367 0 0.254184000
D/UDP-TIMING(17390): 3368 0 0.250848000
D/UDP-TIMING(17390): 3369 0 0.241821000
D/UDP-TIMING(17390): 3370 0 0.268638000
D/UDP-TIMING(17390): 3371 0 0.263413000
D/UDP-TIMING(17390): 3372 0 0.261407000
D/UDP-TIMING(17390): 3373 0 0.255198000
D/UDP-TIMING(17390): 3374 0 0.252047000
D/UDP-TIMING(17390): 3375 0 0.268723000
D/UDP-TIMING(17390): 3376 0 0.262045000
D/UDP-TIMING(17390): 3377 0 0.241973000
D/UDP-TIMING(17390): 3378 0 0.268799000
D/UDP-TIMING(17390): 3379 0 0.240225000
D/UDP-TIMING(17390): 3380 0 0.253974000
D/UDP-TIMING(17390): 3381 0 0.265837000
D/UDP-TIMING(17390): 3382 0 0.261932000
D/UDP-TIMING(17390): 3383 0 0.249836000
D/UDP-TIMING(17390): 3384 0 0.245242000
D/UDP-TIMING(17390): 3385 0 0.242961000
D/UDP-TIMING(17390): 3386 0 0.261911000
D/UDP-TIMING(17390): 3387 0 0.258407000
D/UDP-TIMING(17390): 3388 0 0.245349000
D/UDP-TIMING(17390): 3389 0 0.243241000
D/UDP-TIMING(17390): 3390 0 0.265976000
D/UDP-TIMING(17390): 3391 0 0.257729000
D/UDP-TIMING(17390): 3392 0 0.249363000
D/UDP-TIMING(17390): 3393 0 0.244483000
D/UDP-TIMING(17390): 3394 0 0.241658000
D/UDP-TIMING(17390): 3395 0 0.255265000
D/UDP-TIMING(17390): 3396 0 0.241819000
D/UDP-TIMING(17390): 3397 0 0.241003000
D/UDP-TIMING(17390): 3398 0 0.268075000
D/UDP-TIMING(17390): 3399 0 0.267885000
D/UDP-TIMING(17390): 3400 0 0.257000000
D/UDP-TIMING(17390): 3401 0 0.247759000
D/UDP-TIMING(17390): 3402 0 0.242238000
E/TrafficStats(16531): [QCTMM]tryAll index=0
E/TrafficStats(16531): [QCTMM]tryAll index=1
E/TrafficStats(16531): [QCTMM]tryAll index=2
E/TrafficStats(16531): [QCTMM]tryAll index=0
E/TrafficStats(16531): [QCTMM]tryAll index=1
E/TrafficStats(16531): [QCTMM]tryAll index=2
D/UDP-TIMING(17390): 3403 0 0.254629000
D/UDP-TIMING(17390): 3404 0 0.253995000
D/UDP-TIMING(17390): 3405 0 0.242720000
E/TrafficStats(16531): [QCTMM]tryAll index=0
E/TrafficStats(16531): [QCTMM]tryAll index=1
E/TrafficStats(16531): [QCTMM]tryAll index=2
E/TrafficStats(16531): [QCTMM]tryAll index=0
E/TrafficStats(16531): [QCTMM]tryAll index=1
E/TrafficStats(16531): [QCTMM]tryAll index=2
D/UDP-TIMING(17390): 3406 0 0.265303000
D/UDP-TIMING(17390): 3407 0 0.257625000
D/UDP-TIMING(17390): 3408 0 0.249873000
D/UDP-TIMING(17390): 3409 0 0.261012000
D/UDP-TIMING(17390): 3410 0 0.254492000
D/UDP-TIMING(17390): 3411 0 0.250239000
D/UDP-TIMING(17390): 3412 0 0.269696000
D/UDP-TIMING(17390): 3413 0 0.254451000
D/UDP-TIMING(17390): 3414 0 0.254076000
D/UDP-TIMING(17390): 3415 0 0.253819000
D/UDP-TIMING(17390): 3416 0 0.249737000
D/UDP-TIMING(17390): 3417 0 0.268376000
D/UDP-TIMING(17390): 3418 0 0.264665000
D/UDP-TIMING(17390): 3419 0 0.252692000
D/UDP-TIMING(17390): 3420 0 0.262984000
D/UDP-TIMING(17390): 3421 0 0.245840000
D/UDP-TIMING(17390): 3422 0 0.272919000
D/UDP-TIMING(17390): 3423 0 0.267384000
D/UDP-TIMING(17390): 3424 0 0.265107000
D/UDP-TIMING(17390): 3425 0 0.258213000
D/UDP-TIMING(17390): 3426 0 0.255614000
D/UDP-TIMING(17390): 3427 0 0.258683000
D/UDP-TIMING(17390): 3428 0 0.250393000
D/UDP-TIMING(17390): 3429 0 0.243204000
D/UDP-TIMING(17390): 3430 0 0.245002000
D/UDP-TIMING(17390): 3431 0 0.242456000
D/UDP-TIMING(17390): 3432 0 0.241249000
D/UDP-TIMING(17390): 3433 0 0.266937000
D/UDP-TIMING(17390): 3434 0 0.266472000
D/UDP-TIMING(17390): 3435 0 0.264740000
D/UDP-TIMING(17390): 3436 0 0.264414000
D/UDP-TIMING(17390): 3437 0 0.255811000
D/UDP-TIMING(17390): 3438 0 0.244422000
D/UDP-TIMING(17390): 3439 0 0.265871000
D/UDP-TIMING(17390): 3440 0 0.260879000
D/UDP-TIMING(17390): 3441 0 0.259134000
D/UDP-TIMING(17390): 3442 0 0.267386000
D/UDP-TIMING(17390): 3443 0 0.266774000
D/UDP-TIMING(17390): 3444 0 0.270704000
D/UDP-TIMING(17390): 3445 0 0.246165000
D/UDP-TIMING(17390): 3446 0 0.245398000
D/UDP-TIMING(17390): 3447 0 0.252781000
D/UDP-TIMING(17390): 3448 0 0.243693000
D/UDP-TIMING(17390): 3449 0 0.268892000
D/UDP-TIMING(17390): 3450 0 0.259918000
D/UDP-TIMING(17390): 3451 0 0.253830000
D/UDP-TIMING(17390): 3452 0 0.251770000
D/UDP-TIMING(17390): 3453 0 0.263587000
D/UDP-TIMING(17390): 3454 0 0.243504000
E/TrafficStats( 1673): [QCTMM]tryAll index=0
E/TrafficStats( 1673): [QCTMM]tryAll index=1
E/TrafficStats( 1673): [QCTMM]tryAll index=2
E/TrafficStats( 1673): [QCTMM]tryAll index=0
E/TrafficStats( 1673): [QCTMM]tryAll index=1
E/TrafficStats( 1673): [QCTMM]tryAll index=2
D/UDP-TIMING(17390): 3455 0 0.269092000
D/UDP-TIMING(17390): 3456 0 0.265064000
D/UDP-TIMING(17390): 3457 0 0.264051000
D/UDP-TIMING(17390): 3458 0 0.260262000
D/DATA    ( 1860): sentSinceLastRecv=0,watchdogTrigger=10,maxindex=0
D/UDP-TIMING(17390): 3459 0 0.269676000
D/UDP-TIMING(17390): 3460 0 0.260622000
D/UDP-TIMING(17390): 3461 0 0.257690000
D/UDP-TIMING(17390): 3462 0 0.256609000
D/UDP-TIMING(17390): 3463 0 0.244753000
D/Database(16531): dbopen(): path = /data/data/com.onavo.android.onavoid/databases/ui_events, flag = 6, file size = 14058496
D/Database(16531): dbopen(): path = /data/data/com.onavo.android.onavoid/databases/ui_events, mode: wal, disk free size: 2000 M, handle: 0x37d3a8
D/UDP-TIMING(17390): 3464 0 0.264235000
D/UDP-TIMING(17390): 3465 0 0.262739000
D/UDP-TIMING(17390): 3466 0 0.244398000
D/Database(16531): dbclose(): path = /data/data/com.onavo.android.onavoid/databases/ui_events, handle = 0x37d3a8
D/UDP-TIMING(17390): 3467 0 0.264816000
D/UDP-TIMING(17390): 3468 0 0.252617000
D/UDP-TIMING(17390): 3469 0 0.245199000
D/UDP-TIMING(17390): 3470 0 0.243270000
D/UDP-TIMING(17390): 3471 0 0.242092000
V/DeviceStorageMonitorService( 1673): freeMemory=2097799168
D/DeviceStorageMonitorService( 1673): OoO SMS Memory available. SMS_AVAILABLE_THRESHOLD == 524288
I/DeviceStorageMonitorService( 1673): Posting Message again
D/UDP-TIMING(17390): 3472 0 0.261273000
D/UDP-TIMING(17390): 3473 0 0.260653000
D/UDP-TIMING(17390): 3474 0 0.259096000
D/UDP-TIMING(17390): 3475 0 0.250092000
D/UDP-TIMING(17390): 3476 0 0.245868000
D/UDP-TIMING(17390): 3477 0 0.243448000
D/UDP-TIMING(17390): 3478 0 0.267204000
D/UDP-TIMING(17390): 3479 0 0.258890000
D/UDP-TIMING(17390): 3480 0 0.250509000
D/UDP-TIMING(17390): 3481 0 0.249703000
D/UDP-TIMING(17390): 3482 0 0.249602000
D/UDP-TIMING(17390): 3483 0 0.266064000
D/UDP-TIMING(17390): 3484 0 0.242844000
D/UDP-TIMING(17390): 3485 0 0.252851000
D/UDP-TIMING(17390): 3486 0 0.251570000
D/UDP-TIMING(17390): 3487 0 0.248857000
D/UDP-TIMING(17390): 3488 0 0.247996000
D/UDP-TIMING(17390): 3489 0 0.242516000
D/UDP-TIMING(17390): 3490 0 0.241321000
D/UDP-TIMING(17390): 3491 0 0.263646000
D/UDP-TIMING(17390): 3492 0 0.252987000
D/UDP-TIMING(17390): 3493 0 0.250709000
D/UDP-TIMING(17390): 3494 0 0.247988000
D/UDP-TIMING(17390): 3495 0 0.245157000
D/UDP-TIMING(17390): 3496 0 0.241162000
D/UDP-TIMING(17390): 3497 0 0.240377000
D/UDP-TIMING(17390): 3498 0 0.250866000
D/UDP-TIMING(17390): 3499 0 0.250509000
D/UDP-TIMING(17390): 3500 0 0.241518000
D/UDP-TIMING(17390): 3501 0 0.241252000
D/UDP-TIMING(17390): 3502 0 0.239935000
D/UDP-TIMING(17390): 3503 0 0.266948000
D/UDP-TIMING(17390): 3504 0 0.266083000
D/UDP-TIMING(17390): 3505 0 0.263061000
D/UDP-TIMING(17390): 3506 0 0.245125000
D/UDP-TIMING(17390): 3507 0 0.244611000
D/UDP-TIMING(17390): 3508 0 0.268719000
D/UDP-TIMING(17390): 3509 0 0.264821000
D/UDP-TIMING(17390): 3510 0 0.255616000
D/UDP-TIMING(17390): 3511 0 0.255419000
D/UDP-TIMING(17390): 3512 0 0.250520000
D/UDP-TIMING(17390): 3513 0 0.241361000
D/UDP-TIMING(17390): 3514 0 0.257102000
D/UDP-TIMING(17390): 3515 0 0.253682000
D/UDP-TIMING(17390): 3516 0 0.247323000
D/UDP-TIMING(17390): 3517 0 0.258136000
D/UDP-TIMING(17390): 3518 0 0.251013000
D/UDP-TIMING(17390): 3519 0 0.245462000
D/UDP-TIMING(17390): 3520 0 0.242181000
D/UDP-TIMING(17390): 3521 0 0.262383000
D/UDP-TIMING(17390): 3522 0 0.261072000
D/UDP-TIMING(17390): 3523 0 0.265675000
D/UDP-TIMING(17390): 3524 0 0.249530000
D/UDP-TIMING(17390): 3525 0 0.247326000
D/UDP-TIMING(17390): 3526 0 0.245457000
D/UDP-TIMING(17390): 3527 0 0.244036000
D/UDP-TIMING(17390): 3528 0 0.240909000
D/UDP-TIMING(17390): 3529 0 0.240691000
D/UDP-TIMING(17390): 3530 0 0.269202000
D/UDP-TIMING(17390): 3531 0 0.250751000
D/UDP-TIMING(17390): 3532 0 0.250328000
D/UDP-TIMING(17390): 3533 0 0.247145000
D/UDP-TIMING(17390): 3534 0 0.246086000
D/UDP-TIMING(17390): 3535 0 0.244866000
D/UDP-TIMING(17390): 3536 0 0.267140000
D/UDP-TIMING(17390): 3537 0 0.242529000
D/UDP-TIMING(17390): 3538 0 0.271291000
D/UDP-TIMING(17390): 3539 0 0.267901000
D/UDP-TIMING(17390): 3540 0 0.265194000
D/UDP-TIMING(17390): 3541 0 0.251791000
D/UDP-TIMING(17390): 3542 0 0.245265000
D/UDP-TIMING(17390): 3543 0 0.265748000
D/UDP-TIMING(17390): 3544 0 0.261636000
D/UDP-TIMING(17390): 3545 0 0.248711000
D/UDP-TIMING(17390): 3546 0 0.257438000
D/UDP-TIMING(17390): 3547 0 0.241504000
D/UDP-TIMING(17390): 3548 0 0.263104000
D/UDP-TIMING(17390): 3549 0 0.258253000
D/UDP-TIMING(17390): 3550 0 0.255781000
D/UDP-TIMING(17390): 3551 0 0.266773000
D/UDP-TIMING(17390): 3552 0 0.257232000
D/UDP-TIMING(17390): 3553 0 0.255467000
D/UDP-TIMING(17390): 3554 0 0.241014000
D/UDP-TIMING(17390): 3555 0 0.255177000
D/UDP-TIMING(17390): 3556 0 0.250688000
D/UDP-TIMING(17390): 3557 0 0.255563000
D/UDP-TIMING(17390): 3558 0 0.262114000
D/UDP-TIMING(17390): 3559 0 0.252576000
D/UDP-TIMING(17390): 3560 0 0.255946000
D/UDP-TIMING(17390): 3561 0 0.255356000
D/UDP-TIMING(17390): 3562 0 0.249236000
D/UDP-TIMING(17390): 3563 0 0.246459000
E/TrafficStats( 1673): [QCTMM]tryAll index=0
E/TrafficStats( 1673): [QCTMM]tryAll index=1
D/UDP-TIMING(17390): 3564 0 0.273214000
D/UDP-TIMING(17390): 3565 0 0.265554000
D/UDP-TIMING(17390): 3566 0 0.264843000
D/UDP-TIMING(17390): 3567 0 0.247800000
D/UDP-TIMING(17390): 3568 0 0.241736000
D/UDP-TIMING(17390): 3569 0 0.240641000
E/TrafficStats( 1673): [QCTMM]tryAll index=2
E/TrafficStats( 1673): [QCTMM]tryAll index=0
E/TrafficStats( 1673): [QCTMM]tryAll index=1
E/TrafficStats( 1673): [QCTMM]tryAll index=2
D/DATA    ( 1860): sentSinceLastRecv=0,watchdogTrigger=10,maxindex=0
D/UDP-TIMING(17390): 3570 0 0.253650000
D/UDP-TIMING(17390): 3571 0 0.242385000
D/UDP-TIMING(17390): 3572 0 0.245274000
D/UDP-TIMING(17390): 3573 0 0.260871000
D/UDP-TIMING(17390): 3574 0 0.257516000
D/UDP-TIMING(17390): 3575 0 0.254173000
D/UDP-TIMING(17390): 3576 0 0.247608000
D/UDP-TIMING(17390): 3577 0 0.245890000
D/UDP-TIMING(17390): 3578 0 0.245219000
D/UDP-TIMING(17390): 3579 0 0.244639000
D/UDP-TIMING(17390): 3580 0 0.266985000
D/UDP-TIMING(17390): 3581 0 0.263774000
D/UDP-TIMING(17390): 3582 0 0.241438000
D/UDP-TIMING(17390): 3583 0 0.264428000
D/UDP-TIMING(17390): 3584 0 0.258596000
D/UDP-TIMING(17390): 3585 0 0.247867000
D/UDP-TIMING(17390): 3586 0 0.244288000
D/UDP-TIMING(17390): 3587 0 0.258444000
D/UDP-TIMING(17390): 3588 0 0.249789000
D/UDP-TIMING(17390): 3589 0 0.247516000
D/UDP-TIMING(17390): 3590 0 0.242430000
D/UDP-TIMING(17390): 3591 0 0.265657000
D/UDP-TIMING(17390): 3592 0 0.262888000
D/UDP-TIMING(17390): 3593 0 0.244275000
D/UDP-TIMING(17390): 3594 0 0.267510000
D/UDP-TIMING(17390): 3595 0 0.259619000
D/UDP-TIMING(17390): 3596 0 0.254828000
D/UDP-TIMING(17390): 3597 0 0.247231000
D/dalvikvm(17239): GC_EXPLICIT freed 10K, 45% free 3140K/5639K, external 0K/512K, paused 91ms
D/UDP-TIMING(17390): 3598 0 0.272377000
D/UDP-TIMING(17390): 3599 0 0.255165000
D/UDP-TIMING(17390): 3600 0 0.271830000
D/UDP-TIMING(17390): 3601 0 0.270288000
D/UDP-TIMING(17390): 3602 0 0.263415000
D/UDP-TIMING(17390): 3603 0 0.252579000
D/UDP-TIMING(17390): 3604 0 0.261627000
D/UDP-TIMING(17390): 3605 0 0.277002000
D/UDP-TIMING(17390): 3606 0 0.251147000
D/UDP-TIMING(17390): 3607 0 0.246581000
D/UDP-TIMING(17390): 3608 0 0.252723000
D/UDP-TIMING(17390): 3609 0 0.273120000
D/UDP-TIMING(17390): 3610 0 0.267766000
D/UDP-TIMING(17390): 3611 0 0.261787000
D/UDP-TIMING(17390): 3612 0 0.258817000
D/UDP-TIMING(17390): 3613 0 0.255173000
D/UDP-TIMING(17390): 3614 0 0.255759000
D/UDP-TIMING(17390): 3615 0 0.244171000
D/UDP-TIMING(17390): 3616 0 0.244429000
D/UDP-TIMING(17390): 3617 0 0.241677000
D/UDP-TIMING(17390): 3618 0 0.265530000
D/UDP-TIMING(17390): 3619 0 0.257919000
D/UDP-TIMING(17390): 3620 0 0.252278000
D/UDP-TIMING(17390): 3621 0 0.262139000
D/UDP-TIMING(17390): 3622 0 0.261782000
D/UDP-TIMING(17390): 3623 0 0.250974000
D/UDP-TIMING(17390): 3624 0 0.268986000
D/UDP-TIMING(17390): 3625 0 0.262308000
D/UDP-TIMING(17390): 3626 0 0.260087000
D/UDP-TIMING(17390): 3627 0 0.259231000
D/UDP-TIMING(17390): 3628 0 0.259071000
D/UDP-TIMING(17390): 3629 0 0.251084000
D/UDP-TIMING(17390): 3630 0 0.258258000
D/UDP-TIMING(17390): 3631 0 0.244866000
D/UDP-TIMING(17390): 3632 0 0.263731000
D/UDP-TIMING(17390): 3633 0 0.258753000
D/UDP-TIMING(17390): 3634 0 0.253602000
D/UDP-TIMING(17390): 3635 0 0.245169000
D/UDP-TIMING(17390): 3636 0 0.243541000
D/UDP-TIMING(17390): 3637 0 0.269291000
D/UDP-TIMING(17390): 3638 0 0.244140000
D/UDP-TIMING(17390): 3639 0 0.243546000
D/UDP-TIMING(17390): 3640 0 0.270223000
D/UDP-TIMING(17390): 3641 0 0.266218000
D/UDP-TIMING(17390): 3642 0 0.259426000
D/UDP-TIMING(17390): 3643 0 0.251425000
D/UDP-TIMING(17390): 3644 0 0.241541000
D/UDP-TIMING(17390): 3645 0 0.265459000
D/UDP-TIMING(17390): 3646 0 0.262808000
D/UDP-TIMING(17390): 3647 0 0.254235000
D/UDP-TIMING(17390): 3648 0 0.243254000
D/UDP-TIMING(17390): 3649 0 0.261674000
D/UDP-TIMING(17390): 3650 0 0.260635000
D/UDP-TIMING(17390): 3651 0 0.259677000
D/UDP-TIMING(17390): 3652 0 0.251497000
D/UDP-TIMING(17390): 3653 0 0.250207000
D/UDP-TIMING(17390): 3654 0 0.266572000
D/UDP-TIMING(17390): 3655 0 0.263585000
D/UDP-TIMING(17390): 3656 0 0.254372000
D/UDP-TIMING(17390): 3657 0 0.258004000
D/UDP-TIMING(17390): 3658 0 0.253946000
D/UDP-TIMING(17390): 3659 0 0.244548000
D/UDP-TIMING(17390): 3660 0 0.267603000
D/UDP-TIMING(17390): 3661 0 0.265010000
D/UDP-TIMING(17390): 3662 0 0.260828000
D/UDP-TIMING(17390): 3663 0 0.259040000
D/UDP-TIMING(17390): 3664 0 0.249751000
D/UDP-TIMING(17390): 3665 0 0.266571000
D/UDP-TIMING(17390): 3666 0 0.253930000
D/UDP-TIMING(17390): 3667 0 0.240396000
D/UDP-TIMING(17390): 3668 0 0.239849000
D/UDP-TIMING(17390): 3669 0 0.259823000
D/UDP-TIMING(17390): 3670 0 0.244246000
D/UDP-TIMING(17390): 3671 0 0.269725000
D/UDP-TIMING(17390): 3672 0 0.268454000
D/UDP-TIMING(17390): 3673 0 0.265209000
D/UDP-TIMING(17390): 3674 0 0.245513000
E/TrafficStats( 1673): [QCTMM]tryAll index=0
E/TrafficStats( 1673): [QCTMM]tryAll index=1
D/UDP-TIMING(17390): 3675 0 0.264953000
D/UDP-TIMING(17390): 3676 0 0.252805000
D/UDP-TIMING(17390): 3677 0 0.251588000
D/UDP-TIMING(17390): 3678 0 0.249868000
D/UDP-TIMING(17390): 3679 0 0.245254000
E/TrafficStats( 1673): [QCTMM]tryAll index=2
E/TrafficStats( 1673): [QCTMM]tryAll index=0
E/TrafficStats( 1673): [QCTMM]tryAll index=1
E/TrafficStats( 1673): [QCTMM]tryAll index=2
D/DATA    ( 1860): sentSinceLastRecv=0,watchdogTrigger=10,maxindex=0
D/UDP-TIMING(17390): 3680 0 0.259436000
D/UDP-TIMING(17390): 3681 0 0.256603000
D/UDP-TIMING(17390): 3682 0 0.250627000
D/UDP-TIMING(17390): 3683 0 0.246270000
D/UDP-TIMING(17390): 3684 0 0.241849000
D/UDP-TIMING(17390): 3685 0 0.269328000
D/UDP-TIMING(17390): 3686 0 0.260210000
D/UDP-TIMING(17390): 3687 0 0.261871000
D/UDP-TIMING(17390): 3688 0 0.260692000
D/UDP-TIMING(17390): 3689 0 0.265433000
D/UDP-TIMING(17390): 3690 0 0.257389000
D/UDP-TIMING(17390): 3691 0 0.248568000
D/UDP-TIMING(17390): 3692 0 0.246999000
D/UDP-TIMING(17390): 3693 0 0.255701000
D/UDP-TIMING(17390): 3694 0 0.242377000
D/UDP-TIMING(17390): 3695 0 0.259215000
D/UDP-TIMING(17390): 3696 0 0.249735000
D/UDP-TIMING(17390): 3697 0 0.243724000
D/UDP-TIMING(17390): 3698 0 0.267111000
D/UDP-TIMING(17390): 3699 0 0.256419000
D/UDP-TIMING(17390): 3700 0 0.255395000
D/UDP-TIMING(17390): 3701 0 0.252265000
D/UDP-TIMING(17390): 3702 0 0.268215000
D/UDP-TIMING(17390): 3703 0 0.267706000
D/UDP-TIMING(17390): 3704 0 0.260073000
D/UDP-TIMING(17390): 3705 0 0.270102000
D/UDP-TIMING(17390): 3706 0 0.260376000
D/UDP-TIMING(17390): 3707 0 0.257667000
D/UDP-TIMING(17390): 3708 0 0.252104000
D/UDP-TIMING(17390): 3709 0 0.267814000
D/UDP-TIMING(17390): 3710 0 0.258878000
D/UDP-TIMING(17390): 3711 0 0.244355000
D/UDP-TIMING(17390): 3712 0 0.244259000
D/UDP-TIMING(17390): 3713 0 0.243917000
D/UDP-TIMING(17390): 3714 0 0.242750000
D/UDP-TIMING(17390): 3715 0 0.268245000
D/UDP-TIMING(17390): 3716 0 0.265968000
D/UDP-TIMING(17390): 3717 0 0.254066000
D/UDP-TIMING(17390): 3718 0 0.250512000
D/UDP-TIMING(17390): 3719 0 0.246757000
D/UDP-TIMING(17390): 3720 0 0.267112000
D/UDP-TIMING(17390): 3721 0 0.248776000
D/UDP-TIMING(17390): 3722 0 0.257049000
D/UDP-TIMING(17390): 3723 0 0.243298000
D/UDP-TIMING(17390): 3724 0 0.260764000
D/UDP-TIMING(17390): 3725 0 0.251196000
D/UDP-TIMING(17390): 3726 0 0.244658000
D/UDP-TIMING(17390): 3727 0 0.270308000
D/UDP-TIMING(17390): 3728 0 0.269627000
D/UDP-TIMING(17390): 3729 0 0.240687000
D/UDP-TIMING(17390): 3730 0 0.262705000
D/UDP-TIMING(17390): 3731 0 0.261055000
D/UDP-TIMING(17390): 3732 0 0.258710000
D/UDP-TIMING(17390): 3733 0 0.255197000
D/UDP-TIMING(17390): 3734 0 0.253068000
D/UDP-TIMING(17390): 3735 0 0.269983000
D/UDP-TIMING(17390): 3736 0 0.252006000
D/UDP-TIMING(17390): 3737 0 0.266024000
D/UDP-TIMING(17390): 3738 0 0.266591000
D/UDP-TIMING(17390): 3739 0 0.250342000
D/UDP-TIMING(17390): 3740 0 0.241918000
D/UDP-TIMING(17390): 3741 0 0.263976000
D/UDP-TIMING(17390): 3742 0 0.255554000
D/UDP-TIMING(17390): 3743 0 0.247142000
D/UDP-TIMING(17390): 3744 0 0.268945000
D/UDP-TIMING(17390): 3745 0 0.257828000
D/UDP-TIMING(17390): 3746 0 0.263346000
D/UDP-TIMING(17390): 3747 0 0.249332000
D/UDP-TIMING(17390): 3748 0 0.244797000
D/UDP-TIMING(17390): 3749 0 0.242467000
D/UDP-TIMING(17390): 3750 0 0.241790000
D/UDP-TIMING(17390): 3751 0 0.267594000
D/UDP-TIMING(17390): 3752 0 0.267085000
D/StatusBarPolicy( 1816): iconIndex=1
V/StatusBarPolicy( 1816): cdmaLevel:2;max:4
D/StatusBarPolicy( 1816): iconLevel:2
I/PhoneInfo( 2188): getCdmaLevel - cdmaDbm: -71 cdmaEcio:-110
D/UDP-TIMING(17390): 3753 0 0.270369000
D/UDP-TIMING(17390): 3754 0 0.257828000
D/UDP-TIMING(17390): 3755 0 0.243613000
I/PhoneInfo( 2188): getEvdoLevel - evdoDbm: -120 evdoSnr:-1 evdoEcio:-1
I/PhoneInfo( 2188): getLteLevel - lteRsrp: -1 lteCqi:-1
D/UDP-TIMING(17390): 3756 0 0.264769000
D/UDP-TIMING(17390): 3757 0 0.262649000
D/UDP-TIMING(17390): 3758 0 0.261706000
D/UDP-TIMING(17390): 3759 0 0.252277000
D/UDP-TIMING(17390): 3760 0 0.250704000
D/UDP-TIMING(17390): 3761 0 0.249957000
D/UDP-TIMING(17390): 3762 0 0.265784000
D/UDP-TIMING(17390): 3763 0 0.261633000
D/UDP-TIMING(17390): 3764 0 0.261241000
D/UDP-TIMING(17390): 3765 0 0.265754000
D/UDP-TIMING(17390): 3766 0 0.265069000
D/UDP-TIMING(17390): 3767 0 0.245498000
D/UDP-TIMING(17390): 3768 0 0.262952000
D/UDP-TIMING(17390): 3769 0 0.262858000
D/UDP-TIMING(17390): 3770 0 0.252086000
D/UDP-TIMING(17390): 3771 0 0.248768000
D/UDP-TIMING(17390): 3772 0 0.241032000
E/TrafficStats( 1673): [QCTMM]tryAll index=0
E/TrafficStats( 1673): [QCTMM]tryAll index=1
E/TrafficStats( 1673): [QCTMM]tryAll index=2
D/UDP-TIMING(17390): 3773 0 0.269045000
D/UDP-TIMING(17390): 3774 0 0.250772000
D/UDP-TIMING(17390): 3775 0 0.249696000
E/TrafficStats( 1673): [QCTMM]tryAll index=0
E/TrafficStats( 1673): [QCTMM]tryAll index=1
E/TrafficStats( 1673): [QCTMM]tryAll index=2
D/DATA    ( 1860): sentSinceLastRecv=0,watchdogTrigger=10,maxindex=0
D/UDP-TIMING(17390): 3776 0 0.257167000
D/UDP-TIMING(17390): 3777 0 0.243286000
D/UDP-TIMING(17390): 3778 0 0.255215000
D/UDP-TIMING(17390): 3779 0 0.252354000
D/UDP-TIMING(17390): 3780 0 0.252411000
D/UDP-TIMING(17390): 3781 0 0.260449000
D/UDP-TIMING(17390): 3782 0 0.257934000
D/UDP-TIMING(17390): 3783 0 0.275055000
D/UDP-TIMING(17390): 3784 0 0.257515000
D/UDP-TIMING(17390): 3785 0 0.261754000
D/UDP-TIMING(17390): 3786 0 0.247991000
D/UDP-TIMING(17390): 3787 0 0.243195000
D/UDP-TIMING(17390): 3788 0 0.241954000
D/UDP-TIMING(17390): 3789 0 0.254481000
D/UDP-TIMING(17390): 3790 0 0.247659000
D/UDP-TIMING(17390): 3791 0 0.244941000
D/UDP-TIMING(17390): 3792 0 0.253235000
D/UDP-TIMING(17390): 3793 0 0.240392000
D/UDP-TIMING(17390): 3794 0 0.261649000
D/UDP-TIMING(17390): 3795 0 0.267160000
D/UDP-TIMING(17390): 3796 0 0.256761000
D/UDP-TIMING(17390): 3797 0 0.247165000
D/UDP-TIMING(17390): 3798 0 0.262704000
D/UDP-TIMING(17390): 3799 0 0.258125000
D/UDP-TIMING(17390): 3800 0 0.248396000
D/UDP-TIMING(17390): 3801 0 0.242661000
D/UDP-TIMING(17390): 3802 0 0.262130000
D/UDP-TIMING(17390): 3803 0 0.260445000
D/UDP-TIMING(17390): 3804 0 0.249898000
D/UDP-TIMING(17390): 3805 0 0.243384000
D/UDP-TIMING(17390): 3806 0 0.240560000
D/UDP-TIMING(17390): 3807 0 0.263100000
D/UDP-TIMING(17390): 3808 0 0.260493000
D/UDP-TIMING(17390): 3809 0 0.259658000
D/UDP-TIMING(17390): 3810 0 0.244714000
D/UDP-TIMING(17390): 3811 0 0.242812000
D/UDP-TIMING(17390): 3812 0 0.270420000
D/UDP-TIMING(17390): 3813 0 0.259753000
D/UDP-TIMING(17390): 3814 0 0.258052000
D/UDP-TIMING(17390): 3815 0 0.242566000
D/UDP-TIMING(17390): 3816 0 0.249408000
D/UDP-TIMING(17390): 3817 0 0.257022000
D/UDP-TIMING(17390): 3818 0 0.255205000
D/UDP-TIMING(17390): 3819 0 0.254992000
D/UDP-TIMING(17390): 3820 0 0.242169000
D/UDP-TIMING(17390): 3821 0 0.240693000
D/UDP-TIMING(17390): 3822 0 0.267855000
D/UDP-TIMING(17390): 3823 0 0.258391000
D/UDP-TIMING(17390): 3824 0 0.239605000
D/UDP-TIMING(17390): 3825 0 0.252635000
D/UDP-TIMING(17390): 3826 0 0.245298000
D/UDP-TIMING(17390): 3827 0 0.268944000
D/UDP-TIMING(17390): 3828 0 0.263343000
D/UDP-TIMING(17390): 3829 0 0.259814000
D/UDP-TIMING(17390): 3830 0 0.241215000
D/UDP-TIMING(17390): 3831 0 0.240741000
D/UDP-TIMING(17390): 3832 0 0.257876000
D/UDP-TIMING(17390): 3833 0 0.251274000
D/UDP-TIMING(17390): 3834 0 0.249108000
D/UDP-TIMING(17390): 3835 0 0.244532000
D/UDP-TIMING(17390): 3836 0 0.245652000
D/UDP-TIMING(17390): 3837 0 0.270595000
D/UDP-TIMING(17390): 3838 0 0.248806000
D/UDP-TIMING(17390): 3839 0 0.246947000
D/UDP-TIMING(17390): 3840 0 0.269865000
D/UDP-TIMING(17390): 3841 0 0.258965000
D/UDP-TIMING(17390): 3842 0 0.254917000
D/UDP-TIMING(17390): 3843 0 0.248939000
D/UDP-TIMING(17390): 3844 0 0.268854000
D/UDP-TIMING(17390): 3845 0 0.262338000
D/UDP-TIMING(17390): 3846 0 0.259620000
