D/dalvikvm( 2120): GC_CONCURRENT freed 490K, 45% free 3527K/6407K, external 56K/568K, paused 2ms+16ms
W/ResourceType( 2120): getEntry failing because entryIndex 333 is beyond type entryCount 127
W/ResourceType( 2120): Failure getting entry for 0x7f02014d (t=1 e=333) in package 0 (error -2147483647)
W/ResourceType( 2120): getEntry failing because entryIndex 316 is beyond type entryCount 127
W/ResourceType( 2120): Failure getting entry for 0x7f02013c (t=1 e=316) in package 0 (error -2147483647)
W/ResourceType( 2120): getEntry failing because entryIndex 1377 is beyond type entryCount 127
W/ResourceType( 2120): Failure getting entry for 0x7f020561 (t=1 e=1377) in package 0 (error -2147483647)
W/ResourceType( 2120): getEntry failing because entryIndex 1378 is beyond type entryCount 127
W/ResourceType( 2120): Failure getting entry for 0x7f020562 (t=1 e=1378) in package 0 (error -2147483647)
W/ResourceType( 2120): getEntry failing because entryIndex 1379 is beyond type entryCount 127
W/ResourceType( 2120): Failure getting entry for 0x7f020563 (t=1 e=1379) in package 0 (error -2147483647)
W/ResourceType( 2120): getEntry failing because entryIndex 1778 is beyond type entryCount 127
W/ResourceType( 2120): Failure getting entry for 0x7f0206f2 (t=1 e=1778) in package 0 (error -2147483647)
W/ResourceType( 2120): getEntry failing because entryIndex 280 is beyond type entryCount 127
W/ResourceType( 2120): Failure getting entry for 0x7f020118 (t=1 e=280) in package 0 (error -2147483647)
W/ResourceType( 2120): getEntry failing because entryIndex 333 is beyond type entryCount 127
W/ResourceType( 2120): Failure getting entry for 0x7f02014d (t=1 e=333) in package 0 (error -2147483647)
W/ResourceType( 2120): getEntry failing because entryIndex 316 is beyond type entryCount 127
W/ResourceType( 2120): Failure getting entry for 0x7f02013c (t=1 e=316) in package 0 (error -2147483647)
W/ResourceType( 2120): getEntry failing because entryIndex 1377 is beyond type entryCount 127
W/ResourceType( 2120): Failure getting entry for 0x7f020561 (t=1 e=1377) in package 0 (error -2147483647)
W/ResourceType( 2120): getEntry failing because entryIndex 1378 is beyond type entryCount 127
W/ResourceType( 2120): Failure getting entry for 0x7f020562 (t=1 e=1378) in package 0 (error -2147483647)
W/ResourceType( 2120): getEntry failing because entryIndex 1379 is beyond type entryCount 127
W/ResourceType( 2120): Failure getting entry for 0x7f020563 (t=1 e=1379) in package 0 (error -2147483647)
W/ResourceType( 2120): getEntry failing because entryIndex 1778 is beyond type entryCount 127
W/ResourceType( 2120): Failure getting entry for 0x7f0206f2 (t=1 e=1778) in package 0 (error -2147483647)
W/ResourceType( 2120): getEntry failing because entryIndex 280 is beyond type entryCount 127
W/ResourceType( 2120): Failure getting entry for 0x7f020118 (t=1 e=280) in package 0 (error -2147483647)
W/ResourceType( 2120): getEntry failing because entryIndex 333 is beyond type entryCount 127
W/ResourceType( 2120): Failure getting entry for 0x7f02014d (t=1 e=333) in package 0 (error -2147483647)
W/ResourceType( 2120): getEntry failing because entryIndex 316 is beyond type entryCount 127
W/ResourceType( 2120): Failure getting entry for 0x7f02013c (t=1 e=316) in package 0 (error -2147483647)
W/ResourceType( 2120): getEntry failing because entryIndex 1377 is beyond type entryCount 127
W/ResourceType( 2120): Failure getting entry for 0x7f020561 (t=1 e=1377) in package 0 (error -2147483647)
W/ResourceType( 2120): getEntry failing because entryIndex 1378 is beyond type entryCount 127
W/ResourceType( 2120): Failure getting entry for 0x7f020562 (t=1 e=1378) in package 0 (error -2147483647)
W/ResourceType( 2120): getEntry failing because entryIndex 1379 is beyond type entryCount 127
W/ResourceType( 2120): Failure getting entry for 0x7f020563 (t=1 e=1379) in package 0 (error -2147483647)
W/ResourceType( 2120): getEntry failing because entryIndex 1778 is beyond type entryCount 127
W/ResourceType( 2120): Failure getting entry for 0x7f0206f2 (t=1 e=1778) in package 0 (error -2147483647)
W/ResourceType( 2120): getEntry failing because entryIndex 280 is beyond type entryCount 127
W/ResourceType( 2120): Failure getting entry for 0x7f020118 (t=1 e=280) in package 0 (error -2147483647)
W/ResourceType( 2120): getEntry failing because entryIndex 333 is beyond type entryCount 127
I/PackageManager( 1673):   Action: "android.intent.action.VIEW"
I/PackageManager( 1673):   Category: "android.intent.category.DEFAULT"
I/PackageManager( 1673):   Scheme: "http"
I/PackageManager( 1673):   Type: "video"
I/PackageManager( 1673):   mPriority=0, mHasPartialTypes=true
I/PackageManager( 1673): Adding preferred activity ComponentInfo{com.htc.streamplayer/com.htc.streamplayer.VideoPlayerActivity}:
I/PackageManager( 1673):   Action: "android.intent.action.VIEW"
I/PackageManager( 1673):   Category: "android.intent.category.DEFAULT"
I/PackageManager( 1673):   Category: "android.intent.category.BROWSABLE"
I/PackageManager( 1673):   Scheme: "http"
I/PackageManager( 1673):   Type: "video"
I/PackageManager( 1673):   mPriority=0, mHasPartialTypes=true
D/HtcAppAssociationsUtils (Dispatcher)(16308):  @@@@@ getPreferredActivity():      return package=com.htc.streamplayer/com.htc.streamplayer.VideoPlayerActivity
I/HtcAppAssociationsUtils (Dispatcher)(16308):  @@@@@ getPreferredActivity(): Enter.
I/HtcAppAssociationsUtils (Dispatcher)(16308):  @@@@@ getPreferredActivity():      category=Audio category
I/HtcAppAssociationsUtils (Dispatcher)(16308):  @@@@@ getPreferredActivity():      add=true
I/PackageManager( 1673): Adding preferred activity ComponentInfo{com.htc.streamplayer/com.htc.streamplayer.VideoPlayerActivity}:
D/HtcAppAssociationsUtils (Dispatcher)(16308):  @@@@@ getPreferredActivity():      Go DB ------
W/ResourceType( 2120): Failure getting entry for 0x7f02014d (t=1 e=333) in package 0 (error -2147483647)
W/ResourceType( 2120): getEntry failing because entryIndex 316 is beyond type entryCount 127
W/ResourceType( 2120): Failure getting entry for 0x7f02013c (t=1 e=316) in package 0 (error -2147483647)
W/ResourceType( 2120): getEntry failing because entryIndex 1377 is beyond type entryCount 127
W/ResourceType( 2120): Failure getting entry for 0x7f020561 (t=1 e=1377) in package 0 (error -2147483647)
W/ResourceType( 2120): getEntry failing because entryIndex 1378 is beyond type entryCount 127
W/ResourceType( 2120): Failure getting entry for 0x7f020562 (t=1 e=1378) in package 0 (error -2147483647)
W/ResourceType( 2120): getEntry failing because entryIndex 1379 is beyond type entryCount 127
W/ResourceType( 2120): Failure getting entry for 0x7f020563 (t=1 e=1379) in package 0 (error -2147483647)
W/ResourceType( 2120): getEntry failing because entryIndex 1778 is beyond type entryCount 127
W/ResourceType( 2120): Failure getting entry for 0x7f0206f2 (t=1 e=1778) in package 0 (error -2147483647)
W/ResourceType( 2120): getEntry failing because entryIndex 280 is beyond type entryCount 127
W/ResourceType( 2120): Failure getting entry for 0x7f020118 (t=1 e=280) in package 0 (error -2147483647)
W/ResourceType( 2120): getEntry failing because entryIndex 333 is beyond type entryCount 127
W/ResourceType( 2120): Failure getting entry for 0x7f02014d (t=1 e=333) in package 0 (error -2147483647)
W/ResourceType( 2120): getEntry failing because entryIndex 316 is beyond type entryCount 127
W/ResourceType( 2120): Failure getting entry for 0x7f02013c (t=1 e=316) in package 0 (error -2147483647)
W/ResourceType( 2120): getEntry failing because entryIndex 1377 is beyond type entryCount 127
W/ResourceType( 2120): Failure getting entry for 0x7f020561 (t=1 e=1377) in package 0 (error -2147483647)
W/ResourceType( 2120): getEntry failing because entryIndex 1378 is beyond type entryCount 127
W/ResourceType( 2120): Failure getting entry for 0x7f020562 (t=1 e=1378) in package 0 (error -2147483647)
W/ResourceType( 2120): getEntry failing because entryIndex 1379 is beyond type entryCount 127
W/ResourceType( 2120): Failure getting entry for 0x7f020563 (t=1 e=1379) in package 0 (error -2147483647)
W/ResourceType( 2120): getEntry failing because entryIndex 1778 is beyond type entryCount 127
W/ResourceType( 2120): Failure getting entry for 0x7f0206f2 (t=1 e=1778) in package 0 (error -2147483647)
W/ResourceType( 2120): getEntry failing because entryIndex 280 is beyond type entryCount 127
W/ResourceType( 2120): Failure getting entry for 0x7f020118 (t=1 e=280) in package 0 (error -2147483647)
W/ResourceType( 2120): getEntry failing because entryIndex 333 is beyond type entryCount 127
E/TrafficStats( 1673): [QCTMM]tryAll index=0
E/TrafficStats( 1673): [QCTMM]tryAll index=1
E/TrafficStats( 1673): [QCTMM]tryAll index=2
W/ResourceType( 2120): Failure getting entry for 0x7f02014d (t=1 e=333) in package 0 (error -2147483647)
W/ResourceType( 2120): getEntry failing because entryIndex 316 is beyond type entryCount 127
W/ResourceType( 2120): Failure getting entry for 0x7f02013c (t=1 e=316) in package 0 (error -2147483647)
W/ResourceType( 2120): getEntry failing because entryIndex 1377 is beyond type entryCount 127
E/TrafficStats( 1673): [QCTMM]tryAll index=0
E/TrafficStats( 1673): [QCTMM]tryAll index=1
E/TrafficStats( 1673): [QCTMM]tryAll index=2
W/ResourceType( 2120): Failure getting entry for 0x7f020561 (t=1 e=1377) in package 0 (error -2147483647)
W/ResourceType( 2120): getEntry failing because entryIndex 1378 is beyond type entryCount 127
W/ResourceType( 2120): Failure getting entry for 0x7f020562 (t=1 e=1378) in package 0 (error -2147483647)
W/ResourceType( 2120): getEntry failing because entryIndex 1379 is beyond type entryCount 127
W/ResourceType( 2120): Failure getting entry for 0x7f020563 (t=1 e=1379) in package 0 (error -2147483647)
W/ResourceType( 2120): getEntry failing because entryIndex 1778 is beyond type entryCount 127
W/ResourceType( 2120): Failure getting entry for 0x7f0206f2 (t=1 e=1778) in package 0 (error -2147483647)
W/ResourceType( 2120): getEntry failing because entryIndex 280 is beyond type entryCount 127
W/ResourceType( 2120): Failure getting entry for 0x7f020118 (t=1 e=280) in package 0 (error -2147483647)
D/dalvikvm(16531): GC_FOR_MALLOC freed 119K, 49% free 3538K/6855K, external 0K/0K, paused 28ms
D/DATA    ( 1860): [PhoneNotifier] notifyDataActivityLTE
D/DATA    ( 1860): [QCTMM] DataNetStatistics mIsScreenOn newActivity=DATAINANDOUT
D/DATA    ( 1860): sentSinceLastRecv=0,watchdogTrigger=10,maxindex=0
D/StatusBarPolicy( 1816): hasService()=true ,mDataState=2 ,mPhone.htcModemLinkOn()=false ,mDataActivity=3
D/StatusBarPolicy( 1816): slotType[0]=RUIM
W/ResourceType( 2120): getEntry failing because entryIndex 333 is beyond type entryCount 127
W/ResourceType( 2120): Failure getting entry for 0x7f02014d (t=1 e=333) in package 0 (error -2147483647)
W/ResourceType( 2120): getEntry failing because entryIndex 316 is beyond type entryCount 127
W/ResourceType( 2120): Failure getting entry for 0x7f02013c (t=1 e=316) in package 0 (error -2147483647)
W/ResourceType( 2120): getEntry failing because entryIndex 1377 is beyond type entryCount 127
W/ResourceType( 2120): Failure getting entry for 0x7f020561 (t=1 e=1377) in package 0 (error -2147483647)
W/ResourceType( 2120): getEntry failing because entryIndex 1378 is beyond type entryCount 127
W/ResourceType( 2120): Failure getting entry for 0x7f020562 (t=1 e=1378) in package 0 (error -2147483647)
W/ResourceType( 2120): getEntry failing because entryIndex 1379 is beyond type entryCount 127
W/ResourceType( 2120): Failure getting entry for 0x7f020563 (t=1 e=1379) in package 0 (error -2147483647)
W/ResourceType( 2120): getEntry failing because entryIndex 1778 is beyond type entryCount 127
W/ResourceType( 2120): Failure getting entry for 0x7f0206f2 (t=1 e=1778) in package 0 (error -2147483647)
W/ResourceType( 2120): getEntry failing because entryIndex 280 is beyond type entryCount 127
W/ResourceType( 2120): Failure getting entry for 0x7f020118 (t=1 e=280) in package 0 (error -2147483647)
W/ResourceType( 2120): getEntry failing because entryIndex 333 is beyond type entryCount 127
W/ResourceType( 2120): Failure getting entry for 0x7f02014d (t=1 e=333) in package 0 (error -2147483647)
W/ResourceType( 2120): getEntry failing because entryIndex 316 is beyond type entryCount 127
W/ResourceType( 2120): Failure getting entry for 0x7f02013c (t=1 e=316) in package 0 (error -2147483647)
W/ResourceType( 2120): getEntry failing because entryIndex 1377 is beyond type entryCount 127
W/ResourceType( 2120): Failure getting entry for 0x7f020561 (t=1 e=1377) in package 0 (error -2147483647)
W/ResourceType( 2120): getEntry failing because entryIndex 1378 is beyond type entryCount 127
W/ResourceType( 2120): Failure getting entry for 0x7f020562 (t=1 e=1378) in package 0 (error -2147483647)
W/ResourceType( 2120): getEntry failing because entryIndex 1379 is beyond type entryCount 127
W/ResourceType( 2120): Failure getting entry for 0x7f020563 (t=1 e=1379) in package 0 (error -2147483647)
W/ResourceType( 2120): getEntry failing because entryIndex 1778 is beyond type entryCount 127
W/ResourceType( 2120): Failure getting entry for 0x7f0206f2 (t=1 e=1778) in package 0 (error -2147483647)
W/ResourceType( 2120): getEntry failing because entryIndex 280 is beyond type entryCount 127
W/ResourceType( 2120): Failure getting entry for 0x7f020118 (t=1 e=280) in package 0 (error -2147483647)
W/Addapter( 1845): info.icon:2130837552
W/ResourceType( 2120): getEntry failing because entryIndex 333 is beyond type entryCount 127
W/Addapter( 1845): info.icon:2130837504
W/Addapter( 1845): info.icon:2130837529
W/Addapter( 1845): info.icon:2130837508
W/Addapter( 1845): info.icon:2130837513
W/Addapter( 1845): info.icon:2130837837
W/Addapter( 1845): info.icon:2130837621
W/Addapter( 1845): info.icon:2130837523
W/Addapter( 1845): info.icon:2130837504
W/Addapter( 1845): info.icon:2130837512
W/Addapter( 1845): info.icon:2130837700
W/Addapter( 1845): info.icon:2130838201
I/ActivityManager( 1673): No longer want com.gravitymobile.app.hornbill (pid 17372): hidden #16
W/Addapter( 1845): info.icon:2130838372
W/Addapter( 1845): info.icon:2130838095
W/Addapter( 1845): info.icon:2130838178
W/Addapter( 1845): info.icon:2130837591
W/Addapter( 1845): info.icon:2130837591
W/Addapter( 1845): info.icon:2130837591
W/Addapter( 1845): info.icon:2130903041
W/Addapter( 1845): info.icon:2130837784
W/Addapter( 1845): info.icon:2130838002
W/Addapter( 1845): info.icon:2130837610
W/Addapter( 1845): info.icon:2130837610
W/Addapter( 1845): info.icon:2130837506
W/Addapter( 1845): info.icon:2130837705
W/Addapter( 1845): info.icon:2130837519
W/Addapter( 1845): info.icon:2130837519
E/TrafficStats(16531): [QCTMM]tryAll index=0
W/Addapter( 1845): info.icon:2130837519
E/TrafficStats(16531): [QCTMM]tryAll index=1
E/TrafficStats(16531): [QCTMM]tryAll index=2
E/TrafficStats(16531): [QCTMM]tryAll index=0
W/Addapter( 1845): info.icon:2130837513
E/TrafficStats(16531): [QCTMM]tryAll index=1
E/TrafficStats(16531): [QCTMM]tryAll index=2
W/Addapter( 1845): info.icon:2130903041
D/Database(16531): dbopen(): path = /data/data/com.onavo.android.onavoid/databases/exceptions, flag = 6, file size = 9216
E/TrafficStats(16531): [QCTMM]tryAll index=0
W/ResourceType( 2120): Failure getting entry for 0x7f02014d (t=1 e=333) in package 0 (error -2147483647)
E/TrafficStats(16531): [QCTMM]tryAll index=1
W/ResourceType( 2120): getEntry failing because entryIndex 316 is beyond type entryCount 127
E/TrafficStats(16531): [QCTMM]tryAll index=2
W/ResourceType( 2120): Failure getting entry for 0x7f02013c (t=1 e=316) in package 0 (error -2147483647)
W/ResourceType( 2120): getEntry failing because entryIndex 1377 is beyond type entryCount 127
E/TrafficStats(16531): [QCTMM]tryAll index=0
I/PackageManager( 1673):   Action: "android.intent.action.VIEW"
I/PackageManager( 1673):   Category: "android.intent.category.DEFAULT"
I/PackageManager( 1673):   Scheme: "http"
I/PackageManager( 1673):   Type: "video"
I/PackageManager( 1673):   mPriority=0, mHasPartialTypes=true
I/PackageManager( 1673):   Action: "android.intent.action.VIEW"
I/PackageManager( 1673):   Category: "android.intent.category.DEFAULT"
I/PackageManager( 1673):   Category: "android.intent.category.BROWSABLE"
I/PackageManager( 1673):   Scheme: "http"
I/PackageManager( 1673):   Type: "video"
I/PackageManager( 1673):   mPriority=0, mHasPartialTypes=true
I/PackageManager( 1673): Adding preferred activity ComponentInfo{com.htc.streamplayer/com.htc.streamplayer.VideoPlayerActivity}:
I/PackageManager( 1673): Adding preferred activity ComponentInfo{com.htc.streamplayer/com.htc.streamplayer.VideoPlayerActivity}:
W/ResourceType( 2120): Failure getting entry for 0x7f020561 (t=1 e=1377) in package 0 (error -2147483647)
W/ResourceType( 2120): getEntry failing because entryIndex 1378 is beyond type entryCount 127
W/ResourceType( 2120): Failure getting entry for 0x7f020562 (t=1 e=1378) in package 0 (error -2147483647)
W/ResourceType( 2120): getEntry failing because entryIndex 1379 is beyond type entryCount 127
W/ResourceType( 2120): Failure getting entry for 0x7f020563 (t=1 e=1379) in package 0 (error -2147483647)
W/ResourceType( 2120): getEntry failing because entryIndex 1778 is beyond type entryCount 127
W/ResourceType( 2120): Failure getting entry for 0x7f0206f2 (t=1 e=1778) in package 0 (error -2147483647)
W/ResourceType( 2120): getEntry failing because entryIndex 280 is beyond type entryCount 127
W/ResourceType( 2120): Failure getting entry for 0x7f020118 (t=1 e=280) in package 0 (error -2147483647)
E/TrafficStats(16531): [QCTMM]tryAll index=1
E/TrafficStats(16531): [QCTMM]tryAll index=2
D/Database(16531): dbopen(): path = /data/data/com.onavo.android.onavoid/databases/exceptions, mode: wal, disk free size: 2000 M, handle: 0x3b3180
W/ResourceType( 2120): getEntry failing because entryIndex 333 is beyond type entryCount 127
W/ResourceType( 2120): Failure getting entry for 0x7f02014d (t=1 e=333) in package 0 (error -2147483647)
W/ResourceType( 2120): getEntry failing because entryIndex 316 is beyond type entryCount 127
W/ResourceType( 2120): Failure getting entry for 0x7f02013c (t=1 e=316) in package 0 (error -2147483647)
W/ResourceType( 2120): getEntry failing because entryIndex 1377 is beyond type entryCount 127
W/ResourceType( 2120): Failure getting entry for 0x7f020561 (t=1 e=1377) in package 0 (error -2147483647)
W/ResourceType( 2120): getEntry failing because entryIndex 1378 is beyond type entryCount 127
W/ResourceType( 2120): Failure getting entry for 0x7f020562 (t=1 e=1378) in package 0 (error -2147483647)
W/ResourceType( 2120): getEntry failing because entryIndex 1379 is beyond type entryCount 127
W/ResourceType( 2120): Failure getting entry for 0x7f020563 (t=1 e=1379) in package 0 (error -2147483647)
W/ResourceType( 2120): getEntry failing because entryIndex 1778 is beyond type entryCount 127
W/ResourceType( 2120): Failure getting entry for 0x7f0206f2 (t=1 e=1778) in package 0 (error -2147483647)
W/ResourceType( 2120): getEntry failing because entryIndex 280 is beyond type entryCount 127
W/ResourceType( 2120): Failure getting entry for 0x7f020118 (t=1 e=280) in package 0 (error -2147483647)
D/dalvikvm( 2120): GC_CONCURRENT freed 537K, 46% free 3497K/6407K, external 56K/568K, paused 2ms+6ms
D/Database(16531): dbclose(): path = /data/data/com.onavo.android.onavoid/databases/exceptions, handle = 0x3b3180
D/Database(16531): dbopen(): path = /data/data/com.onavo.android.onavoid/databases/exception_stacks, flag = 6, file size = 49152
I/PackageManager( 1673):   Action: "android.intent.action.VIEW"
I/PackageManager( 1673):   Category: "android.intent.category.DEFAULT"
I/PackageManager( 1673):   Scheme: "rtsp"
I/PackageManager( 1673): Adding preferred activity ComponentInfo{com.htc.streamplayer/com.htc.streamplayer.VideoPlayerActivity}:
D/Database(16531): dbopen(): path = /data/data/com.onavo.android.onavoid/databases/exception_stacks, mode: wal, disk free size: 2000 M, handle: 0x3b3180
I/PackageManager( 1673):   Action: "android.intent.action.VIEW"
I/PackageManager( 1673):   Category: "android.intent.category.DEFAULT"
I/PackageManager( 1673):   Category: "android.intent.category.BROWSABLE"
I/PackageManager( 1673):   Scheme: "rtsp"
I/PackageManager( 1673): Adding preferred activity ComponentInfo{com.htc.streamplayer/com.htc.streamplayer.VideoPlayerActivity}:
D/Database(16531): dbclose(): path = /data/data/com.onavo.android.onavoid/databases/exception_stacks, handle = 0x3b3180
D/Database(16531): dbopen(): path = /data/data/com.onavo.android.onavoid/databases/exception_stacks, flag = 6, file size = 49152
D/Database(16531): dbopen(): path = /data/data/com.onavo.android.onavoid/databases/exception_stacks, mode: wal, disk free size: 2000 M, handle: 0x3b3180
W/ResourceType( 2120): getEntry failing because entryIndex 333 is beyond type entryCount 127
W/ResourceType( 2120): Failure getting entry for 0x7f02014d (t=1 e=333) in package 0 (error -2147483647)
W/ResourceType( 2120): getEntry failing because entryIndex 316 is beyond type entryCount 127
W/ResourceType( 2120): Failure getting entry for 0x7f02013c (t=1 e=316) in package 0 (error -2147483647)
W/ResourceType( 2120): getEntry failing because entryIndex 1377 is beyond type entryCount 127
W/ResourceType( 2120): Failure getting entry for 0x7f020561 (t=1 e=1377) in package 0 (error -2147483647)
W/ResourceType( 2120): getEntry failing because entryIndex 1378 is beyond type entryCount 127
W/ResourceType( 2120): Failure getting entry for 0x7f020562 (t=1 e=1378) in package 0 (error -2147483647)
W/ResourceType( 2120): getEntry failing because entryIndex 1379 is beyond type entryCount 127
W/ResourceType( 2120): Failure getting entry for 0x7f020563 (t=1 e=1379) in package 0 (error -2147483647)
W/ResourceType( 2120): getEntry failing because entryIndex 1778 is beyond type entryCount 127
W/ResourceType( 2120): Failure getting entry for 0x7f0206f2 (t=1 e=1778) in package 0 (error -2147483647)
D/Database(16531): dbclose(): path = /data/data/com.onavo.android.onavoid/databases/exception_stacks, handle = 0x3b3180
W/ResourceType( 2120): getEntry failing because entryIndex 280 is beyond type entryCount 127
W/ResourceType( 2120): Failure getting entry for 0x7f020118 (t=1 e=280) in package 0 (error -2147483647)
W/ResourceType( 2120): getEntry failing because entryIndex 333 is beyond type entryCount 127
W/ResourceType( 2120): Failure getting entry for 0x7f02014d (t=1 e=333) in package 0 (error -2147483647)
W/ResourceType( 2120): getEntry failing because entryIndex 316 is beyond type entryCount 127
W/ResourceType( 2120): Failure getting entry for 0x7f02013c (t=1 e=316) in package 0 (error -2147483647)
W/ResourceType( 2120): getEntry failing because entryIndex 1377 is beyond type entryCount 127
W/ResourceType( 2120): Failure getting entry for 0x7f020561 (t=1 e=1377) in package 0 (error -2147483647)
W/ResourceType( 2120): getEntry failing because entryIndex 1378 is beyond type entryCount 127
W/ResourceType( 2120): Failure getting entry for 0x7f020562 (t=1 e=1378) in package 0 (error -2147483647)
W/ResourceType( 2120): getEntry failing because entryIndex 1379 is beyond type entryCount 127
W/ResourceType( 2120): Failure getting entry for 0x7f020563 (t=1 e=1379) in package 0 (error -2147483647)
W/ResourceType( 2120): getEntry failing because entryIndex 1778 is beyond type entryCount 127
W/ResourceType( 2120): Failure getting entry for 0x7f0206f2 (t=1 e=1778) in package 0 (error -2147483647)
W/ResourceType( 2120): getEntry failing because entryIndex 280 is beyond type entryCount 127
W/ResourceType( 2120): Failure getting entry for 0x7f020118 (t=1 e=280) in package 0 (error -2147483647)
D/Database(16531): dbopen(): path = /data/data/com.onavo.android.onavoid/databases/exception_stacks, flag = 6, file size = 49152
D/Database(16531): dbopen(): path = /data/data/com.onavo.android.onavoid/databases/exception_stacks, mode: wal, disk free size: 2000 M, handle: 0x3b3180
D/Database(16531): dbclose(): path = /data/data/com.onavo.android.onavoid/databases/exception_stacks, handle = 0x3b3180
I/ActivityManager( 1673): No longer want com.android.voicedialer (pid 16677): hidden #16
I/PackageManager( 1673):   Action: "android.intent.action.VIEW"
I/PackageManager( 1673):   Category: "android.intent.category.DEFAULT"
I/PackageManager( 1673):   Scheme: "http"
I/PackageManager( 1673):   Type: "audio"
I/PackageManager( 1673):   mPriority=0, mHasPartialTypes=true
I/PackageManager( 1673):   Action: "android.intent.action.VIEW"
I/PackageManager( 1673):   Category: "android.intent.category.DEFAULT"
I/PackageManager( 1673):   Category: "android.intent.category.BROWSABLE"
I/PackageManager( 1673):   Scheme: "http"
I/PackageManager( 1673):   Type: "audio"
I/PackageManager( 1673):   mPriority=0, mHasPartialTypes=true
D/HtcAppAssociationsUtils (Dispatcher)(16308):  @@@@@ getPreferredActivity():      return package=com.htc.streamplayer/com.htc.streamplayer.VideoPlayerActivity
D/Database(16531): dbopen(): path = /data/data/com.onavo.android.onavoid/databases/exception_stacks, flag = 6, file size = 49152
I/HtcAppAssociationsUtils (Dispatcher)(16308):  @@@@@ getPreferredActivity(): Enter.
I/HtcAppAssociationsUtils (Dispatcher)(16308):  @@@@@ getPreferredActivity():      category=Stream category
I/HtcAppAssociationsUtils (Dispatcher)(16308):  @@@@@ getPreferredActivity():      add=true
I/PackageManager( 1673): Adding preferred activity ComponentInfo{com.htc.streamplayer/com.htc.streamplayer.VideoPlayerActivity}:
I/PackageManager( 1673): Adding preferred activity ComponentInfo{com.htc.streamplayer/com.htc.streamplayer.VideoPlayerActivity}:
D/Database(16531): dbopen(): path = /data/data/com.onavo.android.onavoid/databases/exception_stacks, mode: wal, disk free size: 2000 M, handle: 0x3b3180
D/Database(16531): dbclose(): path = /data/data/com.onavo.android.onavoid/databases/exception_stacks, handle = 0x3b3180
D/Database(16531): dbopen(): path = /data/data/com.onavo.android.onavoid/databases/exception_stacks, flag = 6, file size = 49152
D/Database(16531): dbopen(): path = /data/data/com.onavo.android.onavoid/databases/exception_stacks, mode: wal, disk free size: 2000 M, handle: 0x3b3180
D/Database(16531): dbclose(): path = /data/data/com.onavo.android.onavoid/databases/exception_stacks, handle = 0x3b3180
D/Database(16531): dbopen(): path = /data/data/com.onavo.android.onavoid/databases/exception_stacks, flag = 6, file size = 49152
D/Database(16531): dbopen(): path = /data/data/com.onavo.android.onavoid/databases/exception_stacks, mode: wal, disk free size: 2000 M, handle: 0x3b3180
D/HtcAppAssociationsUtils (Dispatcher)(16308):  @@@@@ getPreferredActivity():      Go DB ------
D/Database(16531): dbclose(): path = /data/data/com.onavo.android.onavoid/databases/exception_stacks, handle = 0x3b3180
D/Database(16531): dbopen(): path = /data/data/com.onavo.android.onavoid/databases/exception_stacks, flag = 6, file size = 49152
D/Database(16531): dbopen(): path = /data/data/com.onavo.android.onavoid/databases/exception_stacks, mode: wal, disk free size: 2000 M, handle: 0x37d3a8
D/Database(16531): dbclose(): path = /data/data/com.onavo.android.onavoid/databases/exception_stacks, handle = 0x37d3a8
D/Database(16531): dbopen(): path = /data/data/com.onavo.android.onavoid/databases/exception_stacks, flag = 6, file size = 49152
D/Database(16531): dbopen(): path = /data/data/com.onavo.android.onavoid/databases/exception_stacks, mode: wal, disk free size: 2000 M, handle: 0x37d3a8
I/PackageManager( 1673):   Action: "android.intent.action.VIEW"
I/PackageManager( 1673):   Category: "android.intent.category.DEFAULT"
I/PackageManager( 1673):   Scheme: "http"
I/PackageManager( 1673):   Type: "video"
I/PackageManager( 1673):   mPriority=0, mHasPartialTypes=true
I/PackageManager( 1673): Adding preferred activity ComponentInfo{com.htc.streamplayer/com.htc.streamplayer.VideoPlayerActivity}:
D/Database(16531): dbclose(): path = /data/data/com.onavo.android.onavoid/databases/exception_stacks, handle = 0x37d3a8
D/Database(16531): dbopen(): path = /data/data/com.onavo.android.onavoid/databases/exception_stacks, flag = 6, file size = 49152
I/PackageManager( 1673):   Action: "android.intent.action.VIEW"
I/PackageManager( 1673):   Category: "android.intent.category.DEFAULT"
I/PackageManager( 1673):   Category: "android.intent.category.BROWSABLE"
I/PackageManager( 1673):   Scheme: "http"
I/PackageManager( 1673):   Type: "video"
I/PackageManager( 1673):   mPriority=0, mHasPartialTypes=true
I/PackageManager( 1673): Adding preferred activity ComponentInfo{com.htc.streamplayer/com.htc.streamplayer.VideoPlayerActivity}:
D/Database(16531): dbopen(): path = /data/data/com.onavo.android.onavoid/databases/exception_stacks, mode: wal, disk free size: 2000 M, handle: 0x37d3a8
W/Addapter( 1845): info.icon:2130837552
W/Addapter( 1845): info.icon:2130837504
W/Addapter( 1845): info.icon:2130837529
W/Addapter( 1845): info.icon:2130837508
W/Addapter( 1845): info.icon:2130837513
W/Addapter( 1845): info.icon:2130837837
W/Addapter( 1845): info.icon:2130837621
W/Addapter( 1845): info.icon:2130837523
W/Addapter( 1845): info.icon:2130837504
W/Addapter( 1845): info.icon:2130837512
W/Addapter( 1845): info.icon:2130837700
W/Addapter( 1845): info.icon:2130838201
W/Addapter( 1845): info.icon:2130838372
W/Addapter( 1845): info.icon:2130838095
W/Addapter( 1845): info.icon:2130838178
W/Addapter( 1845): info.icon:2130837591
W/Addapter( 1845): info.icon:2130837591
W/Addapter( 1845): info.icon:2130837591
W/Addapter( 1845): info.icon:2130903041
W/Addapter( 1845): info.icon:2130837784
W/Addapter( 1845): info.icon:2130838002
W/Addapter( 1845): info.icon:2130837610
W/Addapter( 1845): info.icon:2130837610
W/Addapter( 1845): info.icon:2130837506
W/Addapter( 1845): info.icon:2130837705
W/Addapter( 1845): info.icon:2130837519
W/Addapter( 1845): info.icon:2130837519
W/Addapter( 1845): info.icon:2130837519
W/Addapter( 1845): info.icon:2130837513
W/Addapter( 1845): info.icon:2130903041
D/Database(16531): dbclose(): path = /data/data/com.onavo.android.onavoid/databases/exception_stacks, handle = 0x37d3a8
D/Database(16531): dbopen(): path = /data/data/com.onavo.android.onavoid/databases/ui_events, flag = 6, file size = 14057472
D/Database(16531): dbopen(): path = /data/data/com.onavo.android.onavoid/databases/ui_events, mode: wal, disk free size: 2000 M, handle: 0x3b2070
I/PackageManager( 1673):   Action: "android.intent.action.VIEW"
I/PackageManager( 1673):   Category: "android.intent.category.DEFAULT"
I/PackageManager( 1673):   Scheme: "http"
I/PackageManager( 1673):   Type: "audio"
I/PackageManager( 1673):   mPriority=0, mHasPartialTypes=true
I/PackageManager( 1673):   Action: "android.intent.action.VIEW"
I/PackageManager( 1673):   Category: "android.intent.category.DEFAULT"
I/PackageManager( 1673):   Category: "android.intent.category.BROWSABLE"
I/PackageManager( 1673):   Scheme: "http"
I/PackageManager( 1673):   Type: "audio"
I/PackageManager( 1673):   mPriority=0, mHasPartialTypes=true
I/PackageManager( 1673): Adding preferred activity ComponentInfo{com.htc.streamplayer/com.htc.streamplayer.VideoPlayerActivity}:
I/PackageManager( 1673): Adding preferred activity ComponentInfo{com.htc.streamplayer/com.htc.streamplayer.VideoPlayerActivity}:
D/Database(16531): dbopen(): path = /data/data/com.onavo.android.onavoid/databases/exception_stacks, flag = 6, file size = 49152
D/Database(16531): dbopen(): path = /data/data/com.onavo.android.onavoid/databases/exception_stacks, mode: wal, disk free size: 2000 M, handle: 0x37d3a8
D/dalvikvm(16531): GC_CONCURRENT freed 161K, 45% free 3817K/6855K, external 0K/0K, paused 2ms+5ms
D/Database(16531): dbclose(): path = /data/data/com.onavo.android.onavoid/databases/ui_events, handle = 0x3b2070
D/Database(16531): dbclose(): path = /data/data/com.onavo.android.onavoid/databases/exception_stacks, handle = 0x37d3a8
D/PhoneApp( 1860): EVENT_QUERY_MO_PACKAGES
D/PhoneApp( 1860): -- N1 =3
D/PhoneApp( 1860): -- N2 =0
D/PhoneApp( 1860): -- N3 =0
E/TrafficStats( 1673): [QCTMM]tryAll index=0
E/TrafficStats( 1673): [QCTMM]tryAll index=1
E/TrafficStats( 1673): [QCTMM]tryAll index=2
E/TrafficStats( 1673): [QCTMM]tryAll index=0
E/TrafficStats( 1673): [QCTMM]tryAll index=1
E/TrafficStats( 1673): [QCTMM]tryAll index=2
D/DATA    ( 1860): sentSinceLastRecv=0,watchdogTrigger=10,maxindex=0
D/szipinf ( 1865): Initializing inflate state
D/Database(16531): dbopen(): path = /data/data/com.onavo.android.onavoid/databases/exception_stacks, flag = 6, file size = 49152
D/Database(16531): dbopen(): path = /data/data/com.onavo.android.onavoid/databases/exception_stacks, mode: wal, disk free size: 2000 M, handle: 0x37d3a8
I/PackageManager( 1673):   Action: "android.intent.action.VIEW"
I/PackageManager( 1673):   Category: "android.intent.category.DEFAULT"
I/PackageManager( 1673):   Scheme: "rtsp"
I/PackageManager( 1673):   Action: "android.intent.action.VIEW"
I/PackageManager( 1673):   Category: "android.intent.category.DEFAULT"
I/PackageManager( 1673):   Category: "android.intent.category.BROWSABLE"
I/PackageManager( 1673):   Scheme: "rtsp"
D/HtcAppAssociationsUtils (Dispatcher)(16308):  @@@@@ getPreferredActivity():      return package=com.htc.streamplayer/com.htc.streamplayer.VideoPlayerActivity
I/HtcAppAssociationsUtils (Dispatcher)(16308):  @@@@@ getPreferredActivity(): Enter.
I/HtcAppAssociationsUtils (Dispatcher)(16308):  @@@@@ getPreferredActivity():      category=Map category
I/PackageManager( 1673): Adding preferred activity ComponentInfo{com.htc.streamplayer/com.htc.streamplayer.VideoPlayerActivity}:
I/PackageManager( 1673): Adding preferred activity ComponentInfo{com.htc.streamplayer/com.htc.streamplayer.VideoPlayerActivity}:
I/HtcAppAssociationsUtils (Dispatcher)(16308):  @@@@@ getPreferredActivity():      add=true
D/Database(16531): dbclose(): path = /data/data/com.onavo.android.onavoid/databases/exception_stacks, handle = 0x37d3a8
D/Database(16531): dbopen(): path = /data/data/com.onavo.android.onavoid/databases/exception_stacks, flag = 6, file size = 50176
D/Database(16531): dbopen(): path = /data/data/com.onavo.android.onavoid/databases/exception_stacks, mode: wal, disk free size: 2000 M, handle: 0x37d3a8
I/ActivityManager( 1673): No longer want com.htc.android.Stock (pid 17009): hidden #16
I/ActivityManager( 1673): No longer want com.android.defcontainer (pid 17361): hidden #16
D/Database(16531): dbclose(): path = /data/data/com.onavo.android.onavoid/databases/exception_stacks, handle = 0x37d3a8
D/HtcAppAssociationsUtils (Dispatcher)(16308):  @@@@@ getPreferredActivity():      Go DB ------
D/Database(16531): dbopen(): path = /data/data/com.onavo.android.onavoid/databases/exception_stacks, flag = 6, file size = 50176
D/Database(16531): dbopen(): path = /data/data/com.onavo.android.onavoid/databases/exception_stacks, mode: wal, disk free size: 2000 M, handle: 0x37d3a8
D/Database(16531): dbclose(): path = /data/data/com.onavo.android.onavoid/databases/exception_stacks, handle = 0x37d3a8
D/Database(16531): dbopen(): path = /data/data/com.onavo.android.onavoid/databases/exception_stacks, flag = 6, file size = 50176
D/Database(16531): dbopen(): path = /data/data/com.onavo.android.onavoid/databases/exception_stacks, mode: wal, disk free size: 2000 M, handle: 0x37d3a8
I/PackageManager( 1673):   Action: "android.intent.action.VIEW"
I/PackageManager( 1673):   Category: "android.intent.category.DEFAULT"
I/PackageManager( 1673):   Scheme: "geo"
I/PackageManager( 1673):   Action: "android.intent.action.VIEW"
I/PackageManager( 1673):   Category: "android.intent.category.DEFAULT"
I/PackageManager( 1673):   Category: "android.intent.category.BROWSABLE"
I/PackageManager( 1673):   Scheme: "geo"
I/PackageManager( 1673): Adding preferred activity ComponentInfo{com.google.android.apps.maps/com.google.android.maps.MapsActivity}:
I/PackageManager( 1673): Adding preferred activity ComponentInfo{com.google.android.apps.maps/com.google.android.maps.MapsActivity}:
D/Database(16531): dbclose(): path = /data/data/com.onavo.android.onavoid/databases/exception_stacks, handle = 0x37d3a8
I/PackageManager( 1673):   Action: "android.intent.action.VIEW"
I/PackageManager( 1673):   Category: "android.intent.category.DEFAULT"
I/PackageManager( 1673):   Scheme: "http://maps.google.com/maps?f=q&geocode=&q="
I/PackageManager( 1673):   Scheme: "http://maps.google.com/maps?q="
I/PackageManager( 1673):   Scheme: "http://maps.google.com/maps?"
I/PackageManager( 1673):   Action: "android.intent.action.VIEW"
I/PackageManager( 1673):   Category: "android.intent.category.DEFAULT"
I/PackageManager( 1673):   Category: "android.intent.category.BROWSABLE"
I/PackageManager( 1673):   Scheme: "http://maps.google.com/maps?f=q&geocode=&q="
I/PackageManager( 1673):   Scheme: "http://maps.google.com/maps?q="
I/PackageManager( 1673):   Scheme: "http://maps.google.com/maps?"
D/HtcAppAssociationsUtils (Dispatcher)(16308):  @@@@@ getPreferredActivity():      return package=com.google.android.apps.maps/com.google.android.maps.MapsActivity
I/PackageManager( 1673): Adding preferred activity ComponentInfo{com.google.android.apps.maps/com.google.android.maps.MapsActivity}:
I/PackageManager( 1673): Adding preferred activity ComponentInfo{com.google.android.apps.maps/com.google.android.maps.MapsActivity}:
I/HtcAppAssociationsUtils (Dispatcher)(16308):  @@@@@ getPreferredActivity(): Enter.
I/HtcAppAssociationsUtils (Dispatcher)(16308):  @@@@@ getPreferredActivity():      category=Location category
I/HtcAppAssociationsUtils (Dispatcher)(16308):  @@@@@ getPreferredActivity():      add=true
D/HtcAppAssociationsUtils (Dispatcher)(16308):  @@@@@ getPreferredActivity():      Go DB ------
D/Database(16531): dbopen(): path = /data/data/com.onavo.android.onavoid/databases/exception_stacks, flag = 6, file size = 50176
D/Database(16531): dbopen(): path = /data/data/com.onavo.android.onavoid/databases/exception_stacks, mode: wal, disk free size: 2000 M, handle: 0x37d3a8
D/Database(16531): dbclose(): path = /data/data/com.onavo.android.onavoid/databases/exception_stacks, handle = 0x37d3a8
I/PackageManager( 1673):   Action: "android.intent.action.VIEW"
I/PackageManager( 1673):   Category: "android.intent.category.DEFAULT"
I/PackageManager( 1673):   Scheme: "http://maps.google.com/maps?f=q&geocode=&q="
I/PackageManager( 1673):   Scheme: "http://maps.google.com/maps?q="
I/PackageManager( 1673):   Scheme: "http://maps.google.com/maps?"
I/PackageManager( 1673): Adding preferred activity ComponentInfo{com.google.android.apps.maps/com.google.android.maps.MapsActivity}:
I/PackageManager( 1673):   Action: "android.intent.action.VIEW"
I/PackageManager( 1673):   Category: "android.intent.category.DEFAULT"
I/PackageManager( 1673):   Category: "android.intent.category.BROWSABLE"
I/PackageManager( 1673):   Scheme: "http://maps.google.com/maps?f=q&geocode=&q="
I/PackageManager( 1673):   Scheme: "http://maps.google.com/maps?q="
I/PackageManager( 1673):   Scheme: "http://maps.google.com/maps?"
I/PackageManager( 1673): Adding preferred activity ComponentInfo{com.google.android.apps.maps/com.google.android.maps.MapsActivity}:
I/ActivityManager( 1673): No longer want com.snipergames.swatsniper (pid 14350): hidden #16
I/PackageManager( 1673):   Action: "android.intent.action.VIEW"
I/PackageManager( 1673):   Category: "android.intent.category.DEFAULT"
I/PackageManager( 1673):   Scheme: "geo"
I/PackageManager( 1673):   Action: "android.intent.action.VIEW"
I/PackageManager( 1673):   Category: "android.intent.category.DEFAULT"
I/PackageManager( 1673):   Category: "android.intent.category.BROWSABLE"
I/PackageManager( 1673):   Scheme: "geo"
D/HtcAppAssociationsUtils (Dispatcher)(16308):  @@@@@ getPreferredActivity():      return package=com.google.android.apps.maps/com.google.android.maps.MapsActivity
I/HtcAppAssociationsUtils (Dispatcher)(16308):  @@@@@ getPreferredActivity(): Enter.
I/HtcAppAssociationsUtils (Dispatcher)(16308):  @@@@@ getPreferredActivity():      category=Phone category
I/HtcAppAssociationsUtils (Dispatcher)(16308):  @@@@@ getPreferredActivity():      add=true
I/PackageManager( 1673): Adding preferred activity ComponentInfo{com.google.android.apps.maps/com.google.android.maps.MapsActivity}:
I/PackageManager( 1673): Adding preferred activity ComponentInfo{com.google.android.apps.maps/com.google.android.maps.MapsActivity}:
D/HtcAppAssociationsUtils (Dispatcher)(16308):  @@@@@ getPreferredActivity():      Go DB ------
D/dalvikvm(16308): GC_CONCURRENT freed 378K, 50% free 2929K/5831K, external 0K/0K, paused 2ms+2ms
I/PackageManager( 1673):   Action: "android.intent.action.VIEW"
I/PackageManager( 1673):   Category: "android.intent.category.DEFAULT"
I/PackageManager( 1673):   Scheme: "tel"
I/PackageManager( 1673):   Action: "android.intent.action.VIEW"
I/PackageManager( 1673):   Category: "android.intent.category.DEFAULT"
I/PackageManager( 1673):   Category: "android.intent.category.BROWSABLE"
I/PackageManager( 1673):   Scheme: "tel"
I/PackageManager( 1673):   Action: "android.intent.action.DIAL"
I/PackageManager( 1673):   Category: "android.intent.category.DEFAULT"
I/PackageManager( 1673):   Scheme: "tel"
I/PackageManager( 1673): Adding preferred activity ComponentInfo{com.android.htcdialer/com.android.htcdialer.Dialer}:
I/PackageManager( 1673): Adding preferred activity ComponentInfo{com.android.htcdialer/com.android.htcdialer.Dialer}:
I/PackageManager( 1673): Adding preferred activity ComponentInfo{com.android.htcdialer/com.android.htcdialer.Dialer}:
I/PackageManager( 1673):   Action: "android.intent.action.DIAL"
I/PackageManager( 1673):   Category: "android.intent.category.DEFAULT"
I/PackageManager( 1673):   Category: "android.intent.category.BROWSABLE"
I/PackageManager( 1673):   Scheme: "tel"
I/PackageManager( 1673):   Action: "android.intent.action.DIAL"
I/PackageManager( 1673):   Category: "android.intent.category.DEFAULT"
I/PackageManager( 1673):   Action: "android.intent.action.DIAL"
I/PackageManager( 1673):   Category: "android.intent.category.DEFAULT"
I/PackageManager( 1673):   Category: "android.intent.category.BROWSABLE"
D/HtcAppAssociationsUtils (Dispatcher)(16308):  @@@@@ getPreferredActivity():      return package=com.android.htcdialer/com.android.htcdialer.Dialer
I/HtcAppAssociationsUtils (Dispatcher)(16308):  @@@@@ getPreferredActivity(): Enter.
I/HtcAppAssociationsUtils (Dispatcher)(16308):  @@@@@ getPreferredActivity():      category=Mail category
I/HtcAppAssociationsUtils (Dispatcher)(16308):  @@@@@ getPreferredActivity():      add=true
I/PackageManager( 1673): Adding preferred activity ComponentInfo{com.android.htcdialer/com.android.htcdialer.Dialer}:
I/PackageManager( 1673): Adding preferred activity ComponentInfo{com.android.htcdialer/com.android.htcdialer.Dialer}:
I/PackageManager( 1673): Adding preferred activity ComponentInfo{com.android.htcdialer/com.android.htcdialer.Dialer}:
D/HtcAppAssociationsUtils (Dispatcher)(16308):  @@@@@ getPreferredActivity():      Go DB ------
D/dalvikvm(16055): GC_EXPLICIT freed 89K, 47% free 2966K/5511K, external 0K/0K, paused 26ms
I/PackageManager( 1673):   Action: "android.intent.action.VIEW"
I/PackageManager( 1673):   Action: "android.intent.action.SENDTO"
I/PackageManager( 1673):   Category: "android.intent.category.DEFAULT"
I/PackageManager( 1673):   Scheme: "mailto"
I/PackageManager( 1673):   Action: "android.intent.action.VIEW"
I/PackageManager( 1673):   Action: "android.intent.action.SENDTO"
I/PackageManager( 1673):   Category: "android.intent.category.DEFAULT"
I/PackageManager( 1673):   Category: "android.intent.category.BROWSABLE"
I/PackageManager( 1673):   Scheme: "mailto"
D/HtcAppAssociationsUtils (Dispatcher)(16308):  @@@@@ getPreferredActivity():      return package=com.htc.android.mail/com.htc.android.mail.ComposeActivity
I/HtcAppAssociationsUtils (Dispatcher)(16308):  @@@@@ getPreferredActivity(): Enter.
I/HtcAppAssociationsUtils (Dispatcher)(16308):  @@@@@ getPreferredActivity():      category=Web category
I/HtcAppAssociationsUtils (Dispatcher)(16308):  @@@@@ getPreferredActivity():      add=true
I/PackageManager( 1673): Adding preferred activity ComponentInfo{com.htc.android.mail/com.htc.android.mail.ComposeActivity}:
I/PackageManager( 1673): Adding preferred activity ComponentInfo{com.htc.android.mail/com.htc.android.mail.ComposeActivity}:
D/HtcAppAssociationsUtils (Dispatcher)(16308):  @@@@@ getPreferredActivity():      Go DB ------
I/PackageManager( 1673): Adding preferred activity ComponentInfo{com.android.browser/com.android.browser.BrowserActivity}:
I/PackageManager( 1673):   Action: "android.intent.action.VIEW"
I/PackageManager( 1673):   Category: "android.intent.category.DEFAULT"
I/PackageManager( 1673):   Category: "android.intent.category.BROWSABLE"
I/PackageManager( 1673):   Scheme: "http"
I/PackageManager( 1673):   Scheme: "https"
D/HtcAppAssociationsUtils (Dispatcher)(16308):  @@@@@ getPreferredActivity():      return package=com.android.browser/com.android.browser.BrowserActivity
D/HtcLinkifyDispatcherIntentService(16308):  @@@@@ receive package action.
I/HtcLinkifyDispatcherIntentService(16308):  @@@@@ action for package=android.intent.action.PACKAGE_ADDED
I/HtcLinkifyDispatcherIntentService(16308):  @@@@@ package name=com.example.hellojni
I/HtcAppAssociationsUtils (Dispatcher)(16308):  @@@@@ getPreferredActivity(): Enter.
I/HtcAppAssociationsUtils (Dispatcher)(16308):  @@@@@ getPreferredActivity():      category=Video category
I/HtcAppAssociationsUtils (Dispatcher)(16308):  @@@@@ getPreferredActivity():      add=true
D/HtcAppAssociationsUtils (Dispatcher)(16308):  @@@@@ getPreferredActivity():      Go DB ------
I/PackageManager( 1673):   Action: "android.intent.action.VIEW"
I/PackageManager( 1673):   Category: "android.intent.category.DEFAULT"
I/PackageManager( 1673):   Scheme: "http"
I/PackageManager( 1673):   Type: "audio"
I/PackageManager( 1673):   mPriority=0, mHasPartialTypes=true
I/PackageManager( 1673):   Action: "android.intent.action.VIEW"
I/PackageManager( 1673):   Category: "android.intent.category.DEFAULT"
I/PackageManager( 1673):   Category: "android.intent.category.BROWSABLE"
I/PackageManager( 1673):   Scheme: "http"
I/PackageManager( 1673):   Type: "audio"
I/PackageManager( 1673):   mPriority=0, mHasPartialTypes=true
I/PackageManager( 1673): Adding preferred activity ComponentInfo{com.htc.streamplayer/com.htc.streamplayer.VideoPlayerActivity}:
I/PackageManager( 1673): Adding preferred activity ComponentInfo{com.htc.streamplayer/com.htc.streamplayer.VideoPlayerActivity}:
I/PackageManager( 1673):   Action: "android.intent.action.VIEW"
I/PackageManager( 1673):   Category: "android.intent.category.DEFAULT"
I/PackageManager( 1673):   Scheme: "rtsp"
I/PackageManager( 1673): Adding preferred activity ComponentInfo{com.htc.streamplayer/com.htc.streamplayer.VideoPlayerActivity}:
I/PackageManager( 1673):   Action: "android.intent.action.VIEW"
I/PackageManager( 1673):   Category: "android.intent.category.DEFAULT"
I/PackageManager( 1673):   Category: "android.intent.category.BROWSABLE"
I/PackageManager( 1673):   Scheme: "rtsp"
I/PackageManager( 1673): Adding preferred activity ComponentInfo{com.htc.streamplayer/com.htc.streamplayer.VideoPlayerActivity}:
I/PackageManager( 1673):   Action: "android.intent.action.VIEW"
I/PackageManager( 1673):   Category: "android.intent.category.DEFAULT"
I/PackageManager( 1673):   Scheme: "http"
I/PackageManager( 1673): Adding preferred activity ComponentInfo{com.htc.streamplayer/com.htc.streamplayer.VideoPlayerActivity}:
I/PackageManager( 1673):   Type: "video"
I/PackageManager( 1673):   mPriority=0, mHasPartialTypes=true
I/PackageManager( 1673):   Action: "android.intent.action.VIEW"
I/PackageManager( 1673):   Category: "android.intent.category.DEFAULT"
I/PackageManager( 1673):   Category: "android.intent.category.BROWSABLE"
I/PackageManager( 1673):   Scheme: "http"
I/PackageManager( 1673):   Type: "video"
I/PackageManager( 1673):   mPriority=0, mHasPartialTypes=true
D/HtcAppAssociationsUtils (Dispatcher)(16308):  @@@@@ getPreferredActivity():      return package=com.htc.streamplayer/com.htc.streamplayer.VideoPlayerActivity
I/HtcAppAssociationsUtils (Dispatcher)(16308):  @@@@@ getPreferredActivity(): Enter.
I/HtcAppAssociationsUtils (Dispatcher)(16308):  @@@@@ getPreferredActivity():      category=Audio category
I/HtcAppAssociationsUtils (Dispatcher)(16308):  @@@@@ getPreferredActivity():      add=true
I/PackageManager( 1673): Adding preferred activity ComponentInfo{com.htc.streamplayer/com.htc.streamplayer.VideoPlayerActivity}:
D/HtcAppAssociationsUtils (Dispatcher)(16308):  @@@@@ getPreferredActivity():      Go DB ------
I/PackageManager( 1673):   Action: "android.intent.action.VIEW"
I/PackageManager( 1673):   Category: "android.intent.category.DEFAULT"
I/PackageManager( 1673):   Scheme: "http"
I/PackageManager( 1673):   Type: "video"
I/PackageManager( 1673):   mPriority=0, mHasPartialTypes=true
I/PackageManager( 1673):   Action: "android.intent.action.VIEW"
I/PackageManager( 1673):   Category: "android.intent.category.DEFAULT"
I/PackageManager( 1673):   Category: "android.intent.category.BROWSABLE"
I/PackageManager( 1673):   Scheme: "http"
I/PackageManager( 1673):   Type: "video"
I/PackageManager( 1673):   mPriority=0, mHasPartialTypes=true
I/PackageManager( 1673): Adding preferred activity ComponentInfo{com.htc.streamplayer/com.htc.streamplayer.VideoPlayerActivity}:
I/PackageManager( 1673): Adding preferred activity ComponentInfo{com.htc.streamplayer/com.htc.streamplayer.VideoPlayerActivity}:
I/PackageManager( 1673):   Action: "android.intent.action.VIEW"
I/PackageManager( 1673):   Category: "android.intent.category.DEFAULT"
I/PackageManager( 1673):   Scheme: "rtsp"
I/PackageManager( 1673):   Action: "android.intent.action.VIEW"
I/PackageManager( 1673):   Category: "android.intent.category.DEFAULT"
I/PackageManager( 1673):   Category: "android.intent.category.BROWSABLE"
I/PackageManager( 1673):   Scheme: "rtsp"
