D/UDP-TIMING(17390): 1639 0 0.261470000
D/UDP-TIMING(17390): 1640 0 0.263405000
D/UDP-TIMING(17390): 1641 0 0.250033000
D/UDP-TIMING(17390): 1642 0 0.248363000
D/UDP-TIMING(17390): 1643 0 0.264813000
D/UDP-TIMING(17390): 1644 0 0.255924000
D/UDP-TIMING(17390): 1645 0 0.251703000
D/UDP-TIMING(17390): 1646 0 0.250927000
D/UDP-TIMING(17390): 1647 0 0.246474000
D/UDP-TIMING(17390): 1648 0 0.269727000
D/UDP-TIMING(17390): 1649 0 0.267742000
D/UDP-TIMING(17390): 1650 0 0.266748000
D/UDP-TIMING(17390): 1651 0 0.261134000
D/UDP-TIMING(17390): 1652 0 0.259460000
D/UDP-TIMING(17390): 1653 0 0.258471000
D/UDP-TIMING(17390): 1654 0 0.254722000
D/Database(16531): dbopen(): path = /data/data/com.onavo.android.onavoid/databases/ui_events, flag = 6, file size = 14058496
D/UDP-TIMING(17390): 1655 0 0.268688000
D/UDP-TIMING(17390): 1656 0 0.266588000
D/UDP-TIMING(17390): 1657 0 0.264896000
D/UDP-TIMING(17390): 1658 0 0.263030000
D/UDP-TIMING(17390): 1659 0 0.255355000
D/UDP-TIMING(17390): 1660 0 0.242689000
D/UDP-TIMING(17390): 1661 0 0.240667000
D/Database(16531): dbopen(): path = /data/data/com.onavo.android.onavoid/databases/ui_events, mode: wal, disk free size: 2000 M, handle: 0x37d3a8
D/UDP-TIMING(17390): 1662 0 0.264741000
D/UDP-TIMING(17390): 1663 0 0.245629000
D/UDP-TIMING(17390): 1664 0 0.243111000
D/Database(16531): dbclose(): path = /data/data/com.onavo.android.onavoid/databases/ui_events, handle = 0x37d3a8
D/UDP-TIMING(17390): 1665 0 0.264382000
D/UDP-TIMING(17390): 1666 0 0.241678000
D/UDP-TIMING(17390): 1667 0 0.249853000
D/UDP-TIMING(17390): 1668 0 0.248070000
D/UDP-TIMING(17390): 1669 0 0.247787000
D/UDP-TIMING(17390): 1670 0 0.265836000
D/UDP-TIMING(17390): 1671 0 0.264748000
D/UDP-TIMING(17390): 1672 0 0.250897000
D/UDP-TIMING(17390): 1673 0 0.262746000
D/UDP-TIMING(17390): 1674 0 0.244555000
D/UDP-TIMING(17390): 1675 0 0.270229000
D/UDP-TIMING(17390): 1676 0 0.268157000
D/UDP-TIMING(17390): 1677 0 0.245088000
D/UDP-TIMING(17390): 1678 0 0.263628000
D/UDP-TIMING(17390): 1679 0 0.251945000
D/UDP-TIMING(17390): 1680 0 0.251135000
E/TrafficStats( 1673): [QCTMM]tryAll index=0
E/TrafficStats( 1673): [QCTMM]tryAll index=1
E/TrafficStats( 1673): [QCTMM]tryAll index=2
E/TrafficStats( 1673): [QCTMM]tryAll index=0
E/TrafficStats( 1673): [QCTMM]tryAll index=1
E/TrafficStats( 1673): [QCTMM]tryAll index=2
D/UDP-TIMING(17390): 1681 0 0.266260000
D/UDP-TIMING(17390): 1682 0 0.265066000
D/UDP-TIMING(17390): 1683 0 0.264706000
D/UDP-TIMING(17390): 1684 0 0.245912000
D/UDP-TIMING(17390): 1685 0 0.240661000
D/DATA    ( 1860): sentSinceLastRecv=0,watchdogTrigger=10,maxindex=0
D/UDP-TIMING(17390): 1686 0 0.252738000
D/UDP-TIMING(17390): 1687 0 0.252421000
D/UDP-TIMING(17390): 1688 0 0.244383000
D/UDP-TIMING(17390): 1689 0 0.261439000
D/UDP-TIMING(17390): 1690 0 0.253237000
D/UDP-TIMING(17390): 1691 0 0.250076000
D/UDP-TIMING(17390): 1692 0 0.248222000
D/UDP-TIMING(17390): 1693 0 0.254406000
D/UDP-TIMING(17390): 1694 0 0.253150000
D/UDP-TIMING(17390): 1695 0 0.248357000
D/UDP-TIMING(17390): 1696 0 0.241396000
D/UDP-TIMING(17390): 1697 0 0.241314000
D/UDP-TIMING(17390): 1698 0 0.268481000
D/UDP-TIMING(17390): 1699 0 0.257983000
D/UDP-TIMING(17390): 1700 0 0.257667000
D/UDP-TIMING(17390): 1701 0 0.256134000
D/UDP-TIMING(17390): 1702 0 0.242619000
D/UDP-TIMING(17390): 1703 0 0.258286000
D/UDP-TIMING(17390): 1704 0 0.242195000
D/UDP-TIMING(17390): 1705 0 0.263309000
D/UDP-TIMING(17390): 1706 0 0.262124000
D/UDP-TIMING(17390): 1707 0 0.257020000
D/UDP-TIMING(17390): 1708 0 0.250479000
D/UDP-TIMING(17390): 1709 0 0.265577000
D/UDP-TIMING(17390): 1710 0 0.254814000
D/UDP-TIMING(17390): 1711 0 0.246986000
D/UDP-TIMING(17390): 1712 0 0.268720000
D/UDP-TIMING(17390): 1713 0 0.254498000
D/UDP-TIMING(17390): 1714 0 0.276366000
D/UDP-TIMING(17390): 1715 0 0.271298000
D/UDP-TIMING(17390): 1716 0 0.269425000
D/UDP-TIMING(17390): 1717 0 0.264173000
D/UDP-TIMING(17390): 1718 0 0.258683000
D/UDP-TIMING(17390): 1719 0 0.246313000
D/UDP-TIMING(17390): 1720 0 0.241283000
D/UDP-TIMING(17390): 1721 0 0.267551000
D/UDP-TIMING(17390): 1722 0 0.264440000
D/UDP-TIMING(17390): 1723 0 0.256566000
D/UDP-TIMING(17390): 1724 0 0.266445000
D/UDP-TIMING(17390): 1725 0 0.265603000
D/UDP-TIMING(17390): 1726 0 0.241643000
D/UDP-TIMING(17390): 1727 0 0.266688000
D/UDP-TIMING(17390): 1728 0 0.265846000
D/UDP-TIMING(17390): 1729 0 0.263996000
D/UDP-TIMING(17390): 1730 0 0.263878000
D/UDP-TIMING(17390): 1731 0 0.262806000
D/UDP-TIMING(17390): 1732 0 0.261516000
D/UDP-TIMING(17390): 1733 0 0.247941000
D/UDP-TIMING(17390): 1734 0 0.258580000
D/UDP-TIMING(17390): 1735 0 0.263992000
D/UDP-TIMING(17390): 1736 0 0.260057000
D/UDP-TIMING(17390): 1737 0 0.259988000
D/UDP-TIMING(17390): 1738 0 0.268361000
D/UDP-TIMING(17390): 1739 0 0.252915000
D/UDP-TIMING(17390): 1740 0 0.269834000
D/UDP-TIMING(17390): 1741 0 0.262042000
D/UDP-TIMING(17390): 1742 0 0.257970000
D/UDP-TIMING(17390): 1743 0 0.254615000
D/UDP-TIMING(17390): 1744 0 0.251020000
D/UDP-TIMING(17390): 1745 0 0.259406000
D/UDP-TIMING(17390): 1746 0 0.248480000
D/UDP-TIMING(17390): 1747 0 0.242346000
D/UDP-TIMING(17390): 1748 0 0.268599000
D/UDP-TIMING(17390): 1749 0 0.267755000
D/UDP-TIMING(17390): 1750 0 0.266002000
D/UDP-TIMING(17390): 1751 0 0.254931000
D/UDP-TIMING(17390): 1752 0 0.254481000
D/UDP-TIMING(17390): 1753 0 0.253183000
D/UDP-TIMING(17390): 1754 0 0.250687000
D/UDP-TIMING(17390): 1755 0 0.257225000
D/UDP-TIMING(17390): 1756 0 0.254992000
D/UDP-TIMING(17390): 1757 0 0.253690000
D/UDP-TIMING(17390): 1758 0 0.250432000
D/UDP-TIMING(17390): 1759 0 0.247273000
D/UDP-TIMING(17390): 1760 0 0.243902000
D/UDP-TIMING(17390): 1761 0 0.240592000
D/UDP-TIMING(17390): 1762 0 0.265947000
D/UDP-TIMING(17390): 1763 0 0.260880000
D/UDP-TIMING(17390): 1764 0 0.260641000
D/UDP-TIMING(17390): 1765 0 0.258184000
D/UDP-TIMING(17390): 1766 0 0.254475000
D/UDP-TIMING(17390): 1767 0 0.250425000
D/UDP-TIMING(17390): 1768 0 0.248611000
D/UDP-TIMING(17390): 1769 0 0.246489000
D/UDP-TIMING(17390): 1770 0 0.245256000
D/UDP-TIMING(17390): 1771 0 0.253946000
D/UDP-TIMING(17390): 1772 0 0.241548000
D/UDP-TIMING(17390): 1773 0 0.265632000
D/UDP-TIMING(17390): 1774 0 0.263821000
D/UDP-TIMING(17390): 1775 0 0.263875000
D/UDP-TIMING(17390): 1776 0 0.259933000
D/UDP-TIMING(17390): 1777 0 0.243008000
D/UDP-TIMING(17390): 1778 0 0.267313000
D/UDP-TIMING(17390): 1779 0 0.258109000
D/UDP-TIMING(17390): 1780 0 0.265778000
D/UDP-TIMING(17390): 1781 0 0.256474000
D/UDP-TIMING(17390): 1782 0 0.253217000
D/UDP-TIMING(17390): 1783 0 0.257420000
D/UDP-TIMING(17390): 1784 0 0.244710000
E/TrafficStats( 1673): [QCTMM]tryAll index=0
E/TrafficStats( 1673): [QCTMM]tryAll index=1
E/TrafficStats( 1673): [QCTMM]tryAll index=2
D/UDP-TIMING(17390): 1785 0 0.268410000
D/UDP-TIMING(17390): 1786 0 0.250564000
E/TrafficStats( 1673): [QCTMM]tryAll index=0
E/TrafficStats( 1673): [QCTMM]tryAll index=1
E/TrafficStats( 1673): [QCTMM]tryAll index=2
D/DATA    ( 1860): sentSinceLastRecv=0,watchdogTrigger=10,maxindex=0
D/UDP-TIMING(17390): 1787 0 0.256976000
D/UDP-TIMING(17390): 1788 0 0.248060000
D/UDP-TIMING(17390): 1789 0 0.246913000
D/UDP-TIMING(17390): 1790 0 0.245074000
D/UDP-TIMING(17390): 1791 0 0.256004000
D/UDP-TIMING(17390): 1792 0 0.251317000
D/UDP-TIMING(17390): 1793 0 0.244114000
D/UDP-TIMING(17390): 1794 0 0.241181000
D/UDP-TIMING(17390): 1795 0 0.265777000
D/UDP-TIMING(17390): 1796 0 0.253383000
D/UDP-TIMING(17390): 1797 0 0.245581000
D/UDP-TIMING(17390): 1798 0 0.263229000
D/UDP-TIMING(17390): 1799 0 0.243241000
D/UDP-TIMING(17390): 1800 0 0.260789000
D/UDP-TIMING(17390): 1801 0 0.244537000
D/UDP-TIMING(17390): 1802 0 0.260955000
D/UDP-TIMING(17390): 1803 0 0.255285000
D/UDP-TIMING(17390): 1804 0 0.252523000
D/UDP-TIMING(17390): 1805 0 0.259176000
D/UDP-TIMING(17390): 1806 0 0.253559000
D/UDP-TIMING(17390): 1807 0 0.245661000
D/UDP-TIMING(17390): 1808 0 0.263172000
D/UDP-TIMING(17390): 1809 0 0.272669000
D/UDP-TIMING(17390): 1810 0 0.271109000
D/UDP-TIMING(17390): 1811 0 0.261734000
D/UDP-TIMING(17390): 1812 0 0.255271000
D/UDP-TIMING(17390): 1813 0 0.250005000
D/UDP-TIMING(17390): 1814 0 0.242426000
D/UDP-TIMING(17390): 1815 0 0.240246000
D/UDP-TIMING(17390): 1816 0 0.249874000
D/UDP-TIMING(17390): 1817 0 0.245450000
D/UDP-TIMING(17390): 1818 0 0.244487000
D/UDP-TIMING(17390): 1819 0 0.267982000
D/UDP-TIMING(17390): 1820 0 0.261855000
D/UDP-TIMING(17390): 1821 0 0.258980000
D/UDP-TIMING(17390): 1822 0 0.255104000
D/UDP-TIMING(17390): 1823 0 0.268514000
D/UDP-TIMING(17390): 1824 0 0.254811000
D/UDP-TIMING(17390): 1825 0 0.246631000
D/UDP-TIMING(17390): 1826 0 0.244468000
D/UDP-TIMING(17390): 1827 0 0.268012000
D/UDP-TIMING(17390): 1828 0 0.266800000
D/UDP-TIMING(17390): 1829 0 0.245556000
D/UDP-TIMING(17390): 1830 0 0.241763000
D/UDP-TIMING(17390): 1831 0 0.255394000
D/UDP-TIMING(17390): 1832 0 0.274033000
D/UDP-TIMING(17390): 1833 0 0.273360000
D/UDP-TIMING(17390): 1834 0 0.270600000
D/UDP-TIMING(17390): 1835 0 0.246750000
D/dalvikvm(16651): GC_EXPLICIT freed 12K, 48% free 2840K/5379K, external 0K/0K, paused 69ms
D/UDP-TIMING(17390): 1836 0 0.244529000
D/UDP-TIMING(17390): 1837 0 0.264083000
D/UDP-TIMING(17390): 1838 0 0.258009000
D/UDP-TIMING(17390): 1839 0 0.246754000
D/UDP-TIMING(17390): 1840 0 0.269723000
D/UDP-TIMING(17390): 1841 0 0.260840000
D/UDP-TIMING(17390): 1842 0 0.257491000
D/UDP-TIMING(17390): 1843 0 0.247660000
D/UDP-TIMING(17390): 1844 0 0.267093000
D/UDP-TIMING(17390): 1845 0 0.251021000
D/UDP-TIMING(17390): 1846 0 0.249122000
D/UDP-TIMING(17390): 1847 0 0.259435000
D/UDP-TIMING(17390): 1848 0 0.257680000
D/UDP-TIMING(17390): 1849 0 0.254741000
D/UDP-TIMING(17390): 1850 0 0.250887000
D/UDP-TIMING(17390): 1851 0 0.271845000
D/UDP-TIMING(17390): 1852 0 0.265087000
D/UDP-TIMING(17390): 1853 0 0.255346000
D/UDP-TIMING(17390): 1854 0 0.249964000
D/UDP-TIMING(17390): 1855 0 0.277055000
D/UDP-TIMING(17390): 1856 0 0.275133000
D/UDP-TIMING(17390): 1857 0 0.266032000
D/UDP-TIMING(17390): 1858 0 0.254696000
D/UDP-TIMING(17390): 1859 0 0.251587000
D/UDP-TIMING(17390): 1860 0 0.244994000
D/UDP-TIMING(17390): 1861 0 0.263160000
D/UDP-TIMING(17390): 1862 0 0.262418000
D/UDP-TIMING(17390): 1863 0 0.260576000
D/UDP-TIMING(17390): 1864 0 0.260036000
D/UDP-TIMING(17390): 1865 0 0.256497000
D/UDP-TIMING(17390): 1866 0 0.255772000
D/UDP-TIMING(17390): 1867 0 0.259092000
D/UDP-TIMING(17390): 1868 0 0.261103000
D/UDP-TIMING(17390): 1869 0 0.253891000
D/UDP-TIMING(17390): 1870 0 0.273134000
D/UDP-TIMING(17390): 1871 0 0.266960000
D/UDP-TIMING(17390): 1872 0 0.265897000
D/UDP-TIMING(17390): 1873 0 0.267707000
D/UDP-TIMING(17390): 1874 0 0.261995000
D/UDP-TIMING(17390): 1875 0 0.261211000
D/UDP-TIMING(17390): 1876 0 0.247871000
D/UDP-TIMING(17390): 1877 0 0.268872000
D/UDP-TIMING(17390): 1878 0 0.243170000
D/UDP-TIMING(17390): 1879 0 0.251300000
E/TrafficStats( 1673): [QCTMM]tryAll index=0
E/TrafficStats( 1673): [QCTMM]tryAll index=1
E/TrafficStats( 1673): [QCTMM]tryAll index=2
E/TrafficStats( 1673): [QCTMM]tryAll index=0
E/TrafficStats( 1673): [QCTMM]tryAll index=1
E/TrafficStats( 1673): [QCTMM]tryAll index=2
D/UDP-TIMING(17390): 1880 0 0.263682000
D/UDP-TIMING(17390): 1881 0 0.260994000
D/UDP-TIMING(17390): 1882 0 0.254245000
D/UDP-TIMING(17390): 1883 0 0.250239000
D/DATA    ( 1860): sentSinceLastRecv=0,watchdogTrigger=10,maxindex=0
D/UDP-TIMING(17390): 1884 0 0.260601000
D/UDP-TIMING(17390): 1885 0 0.268518000
D/UDP-TIMING(17390): 1886 0 0.260480000
D/UDP-TIMING(17390): 1887 0 0.260241000
D/UDP-TIMING(17390): 1888 0 0.253449000
D/UDP-TIMING(17390): 1889 0 0.250817000
D/UDP-TIMING(17390): 1890 0 0.247510000
D/UDP-TIMING(17390): 1891 0 0.245051000
D/UDP-TIMING(17390): 1892 0 0.272739000
D/UDP-TIMING(17390): 1893 0 0.268612000
D/UDP-TIMING(17390): 1894 0 0.267312000
D/UDP-TIMING(17390): 1895 0 0.264358000
D/UDP-TIMING(17390): 1896 0 0.254613000
D/UDP-TIMING(17390): 1897 0 0.252550000
D/UDP-TIMING(17390): 1898 0 0.249666000
D/UDP-TIMING(17390): 1899 0 0.241445000
D/UDP-TIMING(17390): 1900 0 0.260138000
D/UDP-TIMING(17390): 1901 0 0.266253000
D/UDP-TIMING(17390): 1902 0 0.266153000
D/UDP-TIMING(17390): 1903 0 0.251741000
D/UDP-TIMING(17390): 1904 0 0.263386000
D/UDP-TIMING(17390): 1905 0 0.257512000
D/UDP-TIMING(17390): 1906 0 0.239608000
D/UDP-TIMING(17390): 1907 0 0.260505000
D/UDP-TIMING(17390): 1908 0 0.260086000
D/UDP-TIMING(17390): 1909 0 0.276283000
D/UDP-TIMING(17390): 1910 0 0.270022000
D/UDP-TIMING(17390): 1911 0 0.249674000
D/UDP-TIMING(17390): 1912 0 0.269852000
D/UDP-TIMING(17390): 1913 0 0.271543000
D/UDP-TIMING(17390): 1914 0 0.269290000
D/UDP-TIMING(17390): 1915 0 0.251632000
D/UDP-TIMING(17390): 1916 0 0.264074000
D/UDP-TIMING(17390): 1917 0 0.250828000
D/UDP-TIMING(17390): 1918 0 0.262229000
D/UDP-TIMING(17390): 1919 0 0.258267000
D/UDP-TIMING(17390): 1920 0 0.258757000
D/UDP-TIMING(17390): 1921 0 0.257515000
D/UDP-TIMING(17390): 1922 0 0.254135000
D/UDP-TIMING(17390): 1923 0 0.252383000
D/UDP-TIMING(17390): 1924 0 0.246518000
D/UDP-TIMING(17390): 1925 0 0.241528000
D/UDP-TIMING(17390): 1926 0 0.266108000
D/UDP-TIMING(17390): 1927 0 0.265522000
D/UDP-TIMING(17390): 1928 0 0.257251000
D/UDP-TIMING(17390): 1929 0 0.247164000
D/UDP-TIMING(17390): 1930 0 0.268204000
D/UDP-TIMING(17390): 1931 0 0.265545000
D/UDP-TIMING(17390): 1932 0 0.257684000
D/UDP-TIMING(17390): 1933 0 0.248298000
D/UDP-TIMING(17390): 1934 0 0.261083000
D/UDP-TIMING(17390): 1935 0 0.256139000
D/UDP-TIMING(17390): 1936 0 0.255668000
D/UDP-TIMING(17390): 1937 0 0.268592000
D/UDP-TIMING(17390): 1938 0 0.267760000
D/UDP-TIMING(17390): 1939 0 0.267000000
D/UDP-TIMING(17390): 1940 0 0.258308000
D/UDP-TIMING(17390): 1941 0 0.252851000
D/UDP-TIMING(17390): 1942 0 0.255947000
D/UDP-TIMING(17390): 1943 0 0.247718000
D/UDP-TIMING(17390): 1944 0 0.243258000
D/UDP-TIMING(17390): 1945 0 0.241856000
D/UDP-TIMING(17390): 1946 0 0.266582000
D/UDP-TIMING(17390): 1947 0 0.264579000
D/UDP-TIMING(17390): 1948 0 0.245316000
D/UDP-TIMING(17390): 1949 0 0.242684000
D/UDP-TIMING(17390): 1950 0 0.265984000
D/UDP-TIMING(17390): 1951 0 0.249713000
D/UDP-TIMING(17390): 1952 0 0.245632000
D/UDP-TIMING(17390): 1953 0 0.260963000
D/UDP-TIMING(17390): 1954 0 0.260802000
D/UDP-TIMING(17390): 1955 0 0.246612000
D/UDP-TIMING(17390): 1956 0 0.244901000
D/UDP-TIMING(17390): 1957 0 0.240544000
D/UDP-TIMING(17390): 1958 0 0.253632000
D/UDP-TIMING(17390): 1959 0 0.241281000
D/UDP-TIMING(17390): 1960 0 0.264281000
D/UDP-TIMING(17390): 1961 0 0.258933000
D/UDP-TIMING(17390): 1962 0 0.261521000
D/UDP-TIMING(17390): 1963 0 0.254205000
D/UDP-TIMING(17390): 1964 0 0.254059000
D/UDP-TIMING(17390): 1965 0 0.258003000
D/UDP-TIMING(17390): 1966 0 0.265561000
D/UDP-TIMING(17390): 1967 0 0.265006000
D/UDP-TIMING(17390): 1968 0 0.251117000
D/UDP-TIMING(17390): 1969 0 0.262908000
D/UDP-TIMING(17390): 1970 0 0.261708000
D/UDP-TIMING(17390): 1971 0 0.257777000
D/UDP-TIMING(17390): 1972 0 0.254800000
D/UDP-TIMING(17390): 1973 0 0.254328000
E/TrafficStats( 1673): [QCTMM]tryAll index=0
E/TrafficStats( 1673): [QCTMM]tryAll index=1
E/TrafficStats( 1673): [QCTMM]tryAll index=2
D/UDP-TIMING(17390): 1974 0 0.263538000
D/UDP-TIMING(17390): 1975 0 0.254253000
D/UDP-TIMING(17390): 1976 0 0.252330000
D/UDP-TIMING(17390): 1977 0 0.249213000
E/TrafficStats( 1673): [QCTMM]tryAll index=0
E/TrafficStats( 1673): [QCTMM]tryAll index=1
E/TrafficStats( 1673): [QCTMM]tryAll index=2
D/DATA    ( 1860): sentSinceLastRecv=0,watchdogTrigger=10,maxindex=0
D/UDP-TIMING(17390): 1978 0 0.263891000
D/UDP-TIMING(17390): 1979 0 0.263656000
D/UDP-TIMING(17390): 1980 0 0.257096000
D/UDP-TIMING(17390): 1981 0 0.253788000
D/UDP-TIMING(17390): 1982 0 0.266635000
D/UDP-TIMING(17390): 1983 0 0.250783000
D/UDP-TIMING(17390): 1984 0 0.250364000
D/UDP-TIMING(17390): 1985 0 0.266279000
D/UDP-TIMING(17390): 1986 0 0.258128000
D/UDP-TIMING(17390): 1987 0 0.255904000
D/UDP-TIMING(17390): 1988 0 0.254662000
D/UDP-TIMING(17390): 1989 0 0.250101000
D/UDP-TIMING(17390): 1990 0 0.257454000
D/UDP-TIMING(17390): 1991 0 0.256437000
D/UDP-TIMING(17390): 1992 0 0.242016000
D/UDP-TIMING(17390): 1993 0 0.254424000
D/UDP-TIMING(17390): 1994 0 0.245303000
D/UDP-TIMING(17390): 1995 0 0.260450000
D/UDP-TIMING(17390): 1996 0 0.246321000
D/UDP-TIMING(17390): 1997 0 0.270002000
D/UDP-TIMING(17390): 1998 0 0.253365000
D/UDP-TIMING(17390): 1999 0 0.246262000
D/UDP-TIMING(17390): 2000 0 0.242186000
D/UDP-TIMING(17390): 2001 0 0.277257000
D/UDP-TIMING(17390): 2002 0 0.259997000
D/UDP-TIMING(17390): 2003 0 0.251340000
D/UDP-TIMING(17390): 2004 0 0.250746000
D/UDP-TIMING(17390): 2005 0 0.268497000
D/UDP-TIMING(17390): 2006 0 0.266431000
D/UDP-TIMING(17390): 2007 0 0.265123000
D/UDP-TIMING(17390): 2008 0 0.265774000
D/UDP-TIMING(17390): 2009 0 0.265885000
D/UDP-TIMING(17390): 2010 0 0.264526000
D/UDP-TIMING(17390): 2011 0 0.258936000
D/UDP-TIMING(17390): 2012 0 0.256315000
D/UDP-TIMING(17390): 2013 0 0.259255000
D/UDP-TIMING(17390): 2014 0 0.256680000
D/UDP-TIMING(17390): 2015 0 0.253643000
D/UDP-TIMING(17390): 2016 0 0.241525000
D/UDP-TIMING(17390): 2017 0 0.256512000
D/UDP-TIMING(17390): 2018 0 0.250699000
D/UDP-TIMING(17390): 2019 0 0.264894000
D/UDP-TIMING(17390): 2020 0 0.263559000
D/UDP-TIMING(17390): 2021 0 0.259523000
D/UDP-TIMING(17390): 2022 0 0.267755000
D/UDP-TIMING(17390): 2023 0 0.246730000
D/UDP-TIMING(17390): 2024 0 0.244826000
D/UDP-TIMING(17390): 2025 0 0.268484000
D/UDP-TIMING(17390): 2026 0 0.258044000
D/UDP-TIMING(17390): 2027 0 0.263908000
D/UDP-TIMING(17390): 2028 0 0.263833000
D/UDP-TIMING(17390): 2029 0 0.257752000
D/UDP-TIMING(17390): 2030 0 0.252377000
D/UDP-TIMING(17390): 2031 0 0.248982000
D/UDP-TIMING(17390): 2032 0 0.244230000
D/UDP-TIMING(17390): 2033 0 0.241505000
D/UDP-TIMING(17390): 2034 0 0.252180000
D/UDP-TIMING(17390): 2035 0 0.248236000
D/UDP-TIMING(17390): 2036 0 0.253084000
D/UDP-TIMING(17390): 2037 0 0.252794000
D/UDP-TIMING(17390): 2038 0 0.247116000
D/UDP-TIMING(17390): 2039 0 0.257171000
D/UDP-TIMING(17390): 2040 0 0.252402000
D/UDP-TIMING(17390): 2041 0 0.244232000
D/UDP-TIMING(17390): 2042 0 0.240744000
D/UDP-TIMING(17390): 2043 0 0.268791000
D/UDP-TIMING(17390): 2044 0 0.261999000
D/UDP-TIMING(17390): 2045 0 0.254976000
D/UDP-TIMING(17390): 2046 0 0.249117000
D/UDP-TIMING(17390): 2047 0 0.246947000
D/UDP-TIMING(17390): 2048 0 0.243786000
D/UDP-TIMING(17390): 2049 0 0.253036000
D/UDP-TIMING(17390): 2050 0 0.243402000
D/UDP-TIMING(17390): 2051 0 0.268283000
D/UDP-TIMING(17390): 2052 0 0.265972000
D/UDP-TIMING(17390): 2053 0 0.246033000
D/UDP-TIMING(17390): 2054 0 0.242972000
D/UDP-TIMING(17390): 2055 0 0.268762000
D/UDP-TIMING(17390): 2056 0 0.264628000
D/UDP-TIMING(17390): 2057 0 0.242405000
D/UDP-TIMING(17390): 2058 0 0.269069000
D/UDP-TIMING(17390): 2059 0 0.265603000
D/UDP-TIMING(17390): 2060 0 0.261282000
D/UDP-TIMING(17390): 2061 0 0.250282000
D/UDP-TIMING(17390): 2062 0 0.241938000
D/UDP-TIMING(17390): 2063 0 0.259905000
D/UDP-TIMING(17390): 2064 0 0.267782000
D/UDP-TIMING(17390): 2065 0 0.262436000
D/UDP-TIMING(17390): 2066 0 0.262154000
D/UDP-TIMING(17390): 2067 0 0.245836000
D/UDP-TIMING(17390): 2068 0 0.242290000
D/UDP-TIMING(17390): 2069 0 0.264630000
D/UDP-TIMING(17390): 2070 0 0.253449000
D/UDP-TIMING(17390): 2071 0 0.248278000
E/TrafficStats( 1673): [QCTMM]tryAll index=0
E/TrafficStats( 1673): [QCTMM]tryAll index=1
E/TrafficStats( 1673): [QCTMM]tryAll index=2
E/TrafficStats( 1673): [QCTMM]tryAll index=0
E/TrafficStats( 1673): [QCTMM]tryAll index=1
E/TrafficStats( 1673): [QCTMM]tryAll index=2
D/DATA    ( 1860): sentSinceLastRecv=0,watchdogTrigger=10,maxindex=0
D/UDP-TIMING(17390): 2072 0 0.256727000
D/UDP-TIMING(17390): 2073 0 0.257158000
D/UDP-TIMING(17390): 2074 0 0.248377000
D/UDP-TIMING(17390): 2075 0 0.241716000
D/UDP-TIMING(17390): 2076 0 0.265236000
D/UDP-TIMING(17390): 2077 0 0.265051000
D/UDP-TIMING(17390): 2078 0 0.254140000
D/UDP-TIMING(17390): 2079 0 0.241780000
D/UDP-TIMING(17390): 2080 0 0.250594000
D/UDP-TIMING(17390): 2081 0 0.240208000
D/UDP-TIMING(17390): 2082 0 0.239293000
D/UDP-TIMING(17390): 2083 0 0.268063000
D/UDP-TIMING(17390): 2084 0 0.260955000
D/UDP-TIMING(17390): 2085 0 0.256826000
D/UDP-TIMING(17390): 2086 0 0.251151000
D/UDP-TIMING(17390): 2087 0 0.263423000
D/UDP-TIMING(17390): 2088 0 0.260841000
D/UDP-TIMING(17390): 2089 0 0.249158000
D/UDP-TIMING(17390): 2090 0 0.247780000
D/UDP-TIMING(17390): 2091 0 0.269057000
D/UDP-TIMING(17390): 2092 0 0.264681000
D/UDP-TIMING(17390): 2093 0 0.253261000
D/UDP-TIMING(17390): 2094 0 0.250101000
D/UDP-TIMING(17390): 2095 0 0.277609000
D/UDP-TIMING(17390): 2096 0 0.276660000
D/UDP-TIMING(17390): 2097 0 0.273334000
D/UDP-TIMING(17390): 2098 0 0.272881000
D/UDP-TIMING(17390): 2099 0 0.265756000
D/UDP-TIMING(17390): 2100 0 0.253003000
D/UDP-TIMING(17390): 2101 0 0.270409000
D/UDP-TIMING(17390): 2102 0 0.247419000
D/UDP-TIMING(17390): 2103 0 0.265133000
D/UDP-TIMING(17390): 2104 0 0.254487000
D/UDP-TIMING(17390): 2105 0 0.247873000
D/UDP-TIMING(17390): 2106 0 0.245616000
D/UDP-TIMING(17390): 2107 0 0.244426000
D/UDP-TIMING(17390): 2108 0 0.267302000
D/UDP-TIMING(17390): 2109 0 0.248299000
D/UDP-TIMING(17390): 2110 0 0.262514000
D/UDP-TIMING(17390): 2111 0 0.257860000
D/UDP-TIMING(17390): 2112 0 0.251079000
D/UDP-TIMING(17390): 2113 0 0.259957000
D/UDP-TIMING(17390): 2114 0 0.253946000
D/UDP-TIMING(17390): 2115 0 0.270048000
D/UDP-TIMING(17390): 2116 0 0.267599000
D/UDP-TIMING(17390): 2117 0 0.247075000
D/UDP-TIMING(17390): 2118 0 0.259299000
D/UDP-TIMING(17390): 2119 0 0.253744000
D/UDP-TIMING(17390): 2120 0 0.275763000
D/UDP-TIMING(17390): 2121 0 0.247807000
D/UDP-TIMING(17390): 2122 0 0.272144000
D/UDP-TIMING(17390): 2123 0 0.249205000
D/UDP-TIMING(17390): 2124 0 0.239533000
D/UDP-TIMING(17390): 2125 0 0.266532000
D/UDP-TIMING(17390): 2126 0 0.265044000
D/UDP-TIMING(17390): 2127 0 0.253066000
D/UDP-TIMING(17390): 2128 0 0.245909000
D/UDP-TIMING(17390): 2129 0 0.243979000
D/UDP-TIMING(17390): 2130 0 0.241568000
D/UDP-TIMING(17390): 2131 0 0.269182000
D/UDP-TIMING(17390): 2132 0 0.249385000
D/UDP-TIMING(17390): 2133 0 0.248231000
D/UDP-TIMING(17390): 2134 0 0.251129000
D/UDP-TIMING(17390): 2135 0 0.243927000
D/UDP-TIMING(17390): 2136 0 0.265723000
D/UDP-TIMING(17390): 2137 0 0.264334000
D/UDP-TIMING(17390): 2138 0 0.254949000
D/UDP-TIMING(17390): 2139 0 0.254287000
D/UDP-TIMING(17390): 2140 0 0.249701000
D/UDP-TIMING(17390): 2141 0 0.244418000
D/UDP-TIMING(17390): 2142 0 0.269260000
D/UDP-TIMING(17390): 2143 0 0.263023000
D/UDP-TIMING(17390): 2144 0 0.259682000
D/UDP-TIMING(17390): 2145 0 0.239789000
D/UDP-TIMING(17390): 2146 0 0.263385000
D/UDP-TIMING(17390): 2147 0 0.256819000
D/UDP-TIMING(17390): 2148 0 0.243462000
D/UDP-TIMING(17390): 2149 0 0.270185000
D/UDP-TIMING(17390): 2150 0 0.247953000
D/UDP-TIMING(17390): 2151 0 0.244405000
D/UDP-TIMING(17390): 2152 0 0.242010000
D/UDP-TIMING(17390): 2153 0 0.252338000
D/UDP-TIMING(17390): 2154 0 0.250222000
D/UDP-TIMING(17390): 2155 0 0.263107000
D/UDP-TIMING(17390): 2156 0 0.262008000
D/UDP-TIMING(17390): 2157 0 0.258226000
D/UDP-TIMING(17390): 2158 0 0.251097000
D/UDP-TIMING(17390): 2159 0 0.241974000
D/UDP-TIMING(17390): 2160 0 0.265677000
D/UDP-TIMING(17390): 2161 0 0.253363000
D/UDP-TIMING(17390): 2162 0 0.266243000
D/UDP-TIMING(17390): 2163 0 0.262063000
D/UDP-TIMING(17390): 2164 0 0.245899000
D/UDP-TIMING(17390): 2165 0 0.262544000
D/UDP-TIMING(17390): 2166 0 0.244257000
D/UDP-TIMING(17390): 2167 0 0.269224000
D/UDP-TIMING(17390): 2168 0 0.249381000
D/UDP-TIMING(17390): 2169 0 0.243352000
E/TrafficStats( 1673): [QCTMM]tryAll index=0
E/TrafficStats( 1673): [QCTMM]tryAll index=1
E/TrafficStats( 1673): [QCTMM]tryAll index=2
E/TrafficStats( 1673): [QCTMM]tryAll index=0
E/TrafficStats( 1673): [QCTMM]tryAll index=1
E/TrafficStats( 1673): [QCTMM]tryAll index=2
D/UDP-TIMING(17390): 2170 0 0.268113000
D/UDP-TIMING(17390): 2171 0 0.250388000
D/DATA    ( 1860): sentSinceLastRecv=0,watchdogTrigger=10,maxindex=0
D/UDP-TIMING(17390): 2172 0 0.261183000
D/UDP-TIMING(17390): 2173 0 0.242873000
D/UDP-TIMING(17390): 2174 0 0.269839000
D/UDP-TIMING(17390): 2175 0 0.268507000
D/UDP-TIMING(17390): 2176 0 0.256278000
D/UDP-TIMING(17390): 2177 0 0.243284000
D/UDP-TIMING(17390): 2178 0 0.263787000
D/UDP-TIMING(17390): 2179 0 0.257921000
D/UDP-TIMING(17390): 2180 0 0.246330000
D/UDP-TIMING(17390): 2181 0 0.239593000
D/UDP-TIMING(17390): 2182 0 0.256577000
D/UDP-TIMING(17390): 2183 0 0.254446000
D/UDP-TIMING(17390): 2184 0 0.250165000
D/UDP-TIMING(17390): 2185 0 0.256622000
D/UDP-TIMING(17390): 2186 0 0.254899000
D/UDP-TIMING(17390): 2187 0 0.249117000
D/UDP-TIMING(17390): 2188 0 0.246618000
D/UDP-TIMING(17390): 2189 0 0.269853000
D/UDP-TIMING(17390): 2190 0 0.269532000
D/UDP-TIMING(17390): 2191 0 0.257916000
D/UDP-TIMING(17390): 2192 0 0.255415000
D/UDP-TIMING(17390): 2193 0 0.266906000
D/UDP-TIMING(17390): 2194 0 0.266673000
D/UDP-TIMING(17390): 2195 0 0.266554000
D/UDP-TIMING(17390): 2196 0 0.257790000
D/UDP-TIMING(17390): 2197 0 0.268840000
D/UDP-TIMING(17390): 2198 0 0.264014000
D/UDP-TIMING(17390): 2199 0 0.258101000
D/UDP-TIMING(17390): 2200 0 0.254455000
D/UDP-TIMING(17390): 2201 0 0.268420000
D/UDP-TIMING(17390): 2202 0 0.265272000
D/UDP-TIMING(17390): 2203 0 0.263700000
D/UDP-TIMING(17390): 2204 0 0.253697000
D/UDP-TIMING(17390): 2205 0 0.245670000
D/UDP-TIMING(17390): 2206 0 0.242545000
D/UDP-TIMING(17390): 2207 0 0.268593000
D/UDP-TIMING(17390): 2208 0 0.265313000
D/UDP-TIMING(17390): 2209 0 0.246320000
D/UDP-TIMING(17390): 2210 0 0.261355000
D/UDP-TIMING(17390): 2211 0 0.258370000
D/UDP-TIMING(17390): 2212 0 0.254233000
D/UDP-TIMING(17390): 2213 0 0.247509000
D/UDP-TIMING(17390): 2214 0 0.241670000
D/UDP-TIMING(17390): 2215 0 0.261109000
D/UDP-TIMING(17390): 2216 0 0.256145000
D/UDP-TIMING(17390): 2217 0 0.250416000
D/UDP-TIMING(17390): 2218 0 0.249145000
D/UDP-TIMING(17390): 2219 0 0.239862000
D/UDP-TIMING(17390): 2220 0 0.241336000
D/UDP-TIMING(17390): 2221 0 0.240534000
D/UDP-TIMING(17390): 2222 0 0.266312000
D/UDP-TIMING(17390): 2223 0 0.264566000
D/UDP-TIMING(17390): 2224 0 0.260380000
D/UDP-TIMING(17390): 2225 0 0.256712000
D/UDP-TIMING(17390): 2226 0 0.254934000
D/UDP-TIMING(17390): 2227 0 0.247019000
D/UDP-TIMING(17390): 2228 0 0.245372000
E/TrafficStats(16531): [QCTMM]tryAll index=0
E/TrafficStats(16531): [QCTMM]tryAll index=1
E/TrafficStats(16531): [QCTMM]tryAll index=2
E/TrafficStats(16531): [QCTMM]tryAll index=0
E/TrafficStats(16531): [QCTMM]tryAll index=1
E/TrafficStats(16531): [QCTMM]tryAll index=2
D/UDP-TIMING(17390): 2229 0 0.268653000
E/TrafficStats(16531): [QCTMM]tryAll index=0
E/TrafficStats(16531): [QCTMM]tryAll index=1
E/TrafficStats(16531): [QCTMM]tryAll index=2
E/TrafficStats(16531): [QCTMM]tryAll index=0
E/TrafficStats(16531): [QCTMM]tryAll index=1
E/TrafficStats(16531): [QCTMM]tryAll index=2
D/UDP-TIMING(17390): 2230 0 0.259723000
D/UDP-TIMING(17390): 2231 0 0.253766000
D/UDP-TIMING(17390): 2232 0 0.249898000
D/UDP-TIMING(17390): 2233 0 0.246948000
D/UDP-TIMING(17390): 2234 0 0.267051000
D/UDP-TIMING(17390): 2235 0 0.270150000
D/UDP-TIMING(17390): 2236 0 0.254693000
D/UDP-TIMING(17390): 2237 0 0.266482000
D/UDP-TIMING(17390): 2238 0 0.263187000
D/UDP-TIMING(17390): 2239 0 0.262577000
D/UDP-TIMING(17390): 2240 0 0.251039000
D/UDP-TIMING(17390): 2241 0 0.250604000
D/UDP-TIMING(17390): 2242 0 0.246843000
D/UDP-TIMING(17390): 2243 0 0.246628000
D/UDP-TIMING(17390): 2244 0 0.269515000
D/UDP-TIMING(17390): 2245 0 0.256040000
D/UDP-TIMING(17390): 2246 0 0.244382000
D/UDP-TIMING(17390): 2247 0 0.251144000
D/UDP-TIMING(17390): 2248 0 0.249229000
D/UDP-TIMING(17390): 2249 0 0.263780000
D/UDP-TIMING(17390): 2250 0 0.256762000
D/UDP-TIMING(17390): 2251 0 0.255537000
D/UDP-TIMING(17390): 2252 0 0.259672000
D/UDP-TIMING(17390): 2253 0 0.244463000
D/UDP-TIMING(17390): 2254 0 0.241410000
D/UDP-TIMING(17390): 2255 0 0.249717000
D/UDP-TIMING(17390): 2256 0 0.248879000
D/UDP-TIMING(17390): 2257 0 0.273496000
D/UDP-TIMING(17390): 2258 0 0.267769000
D/UDP-TIMING(17390): 2259 0 0.265252000
D/UDP-TIMING(17390): 2260 0 0.240830000
D/UDP-TIMING(17390): 2261 0 0.265469000
D/UDP-TIMING(17390): 2262 0 0.254669000
D/UDP-TIMING(17390): 2263 0 0.252034000
D/UDP-TIMING(17390): 2264 0 0.271496000
D/UDP-TIMING(17390): 2265 0 0.268705000
D/UDP-TIMING(17390): 2266 0 0.266876000
D/UDP-TIMING(17390): 2267 0 0.260993000
D/UDP-TIMING(17390): 2268 0 0.260248000
D/UDP-TIMING(17390): 2269 0 0.254564000
D/UDP-TIMING(17390): 2270 0 0.247714000
D/UDP-TIMING(17390): 2271 0 0.264025000
D/UDP-TIMING(17390): 2272 0 0.257848000
D/UDP-TIMING(17390): 2273 0 0.272259000
D/UDP-TIMING(17390): 2274 0 0.258290000
E/TrafficStats( 1673): [QCTMM]tryAll index=0
E/TrafficStats( 1673): [QCTMM]tryAll index=1
E/TrafficStats( 1673): [QCTMM]tryAll index=2
D/UDP-TIMING(17390): 2275 0 0.253864000
D/UDP-TIMING(17390): 2276 0 0.246291000
E/TrafficStats( 1673): [QCTMM]tryAll index=0
E/TrafficStats( 1673): [QCTMM]tryAll index=1
E/TrafficStats( 1673): [QCTMM]tryAll index=2
D/DATA    ( 1860): sentSinceLastRecv=0,watchdogTrigger=10,maxindex=0
D/UDP-TIMING(17390): 2277 0 0.270107000
D/UDP-TIMING(17390): 2278 0 0.249917000
D/UDP-TIMING(17390): 2279 0 0.268035000
D/UDP-TIMING(17390): 2280 0 0.265408000
D/UDP-TIMING(17390): 2281 0 0.260765000
D/UDP-TIMING(17390): 2282 0 0.244738000
D/UDP-TIMING(17390): 2283 0 0.243104000
D/UDP-TIMING(17390): 2284 0 0.241456000
D/UDP-TIMING(17390): 2285 0 0.240950000
D/UDP-TIMING(17390): 2286 0 0.240546000
D/UDP-TIMING(17390): 2287 0 0.268255000
D/UDP-TIMING(17390): 2288 0 0.262425000
D/UDP-TIMING(17390): 2289 0 0.256171000
D/UDP-TIMING(17390): 2290 0 0.250489000
D/UDP-TIMING(17390): 2291 0 0.246043000
D/UDP-TIMING(17390): 2292 0 0.255316000
D/UDP-TIMING(17390): 2293 0 0.254297000
D/UDP-TIMING(17390): 2294 0 0.245802000
D/UDP-TIMING(17390): 2295 0 0.268562000
D/UDP-TIMING(17390): 2296 0 0.264758000
D/UDP-TIMING(17390): 2297 0 0.251712000
D/UDP-TIMING(17390): 2298 0 0.250249000
D/UDP-TIMING(17390): 2299 0 0.245414000
D/UDP-TIMING(17390): 2300 0 0.243643000
D/UDP-TIMING(17390): 2301 0 0.267868000
D/UDP-TIMING(17390): 2302 0 0.266597000
D/UDP-TIMING(17390): 2303 0 0.257195000
D/UDP-TIMING(17390): 2304 0 0.254473000
D/UDP-TIMING(17390): 2305 0 0.264462000
D/UDP-TIMING(17390): 2306 0 0.255924000
D/UDP-TIMING(17390): 2307 0 0.241902000
D/UDP-TIMING(17390): 2308 0 0.268373000
D/UDP-TIMING(17390): 2309 0 0.262500000
D/UDP-TIMING(17390): 2310 0 0.256509000
D/UDP-TIMING(17390): 2311 0 0.279508000
D/UDP-TIMING(17390): 2312 0 0.263277000
D/UDP-TIMING(17390): 2313 0 0.260470000
D/UDP-TIMING(17390): 2314 0 0.249763000
D/UDP-TIMING(17390): 2315 0 0.251222000
D/UDP-TIMING(17390): 2316 0 0.247881000
D/UDP-TIMING(17390): 2317 0 0.266560000
D/UDP-TIMING(17390): 2318 0 0.264782000
D/UDP-TIMING(17390): 2319 0 0.252182000
D/UDP-TIMING(17390): 2320 0 0.250631000
D/UDP-TIMING(17390): 2321 0 0.241714000
D/UDP-TIMING(17390): 2322 0 0.240979000
D/UDP-TIMING(17390): 2323 0 0.240865000
D/UDP-TIMING(17390): 2324 0 0.258878000
D/UDP-TIMING(17390): 2325 0 0.248870000
D/UDP-TIMING(17390): 2326 0 0.241348000
D/dalvikvm( 7107): GC_EXPLICIT freed 48K, 44% free 3805K/6791K, external 712K/1024K, paused 90ms
D/UDP-TIMING(17390): 2327 0 0.264323000
D/UDP-TIMING(17390): 2328 0 0.259860000
D/UDP-TIMING(17390): 2329 0 0.253190000
D/UDP-TIMING(17390): 2330 0 0.248760000
D/UDP-TIMING(17390): 2331 0 0.241699000
D/UDP-TIMING(17390): 2332 0 0.246639000
D/UDP-TIMING(17390): 2333 0 0.270464000
D/UDP-TIMING(17390): 2334 0 0.269283000
D/UDP-TIMING(17390): 2335 0 0.267462000
D/UDP-TIMING(17390): 2336 0 0.263527000
D/UDP-TIMING(17390): 2337 0 0.252302000
D/UDP-TIMING(17390): 2338 0 0.259539000
D/UDP-TIMING(17390): 2339 0 0.250059000
D/UDP-TIMING(17390): 2340 0 0.248840000
D/UDP-TIMING(17390): 2341 0 0.244520000
D/UDP-TIMING(17390): 2342 0 0.243188000
D/UDP-TIMING(17390): 2343 0 0.249008000
D/UDP-TIMING(17390): 2344 0 0.241018000
D/UDP-TIMING(17390): 2345 0 0.255950000
D/UDP-TIMING(17390): 2346 0 0.266835000
D/UDP-TIMING(17390): 2347 0 0.247708000
D/UDP-TIMING(17390): 2348 0 0.241841000
D/UDP-TIMING(17390): 2349 0 0.253381000
D/UDP-TIMING(17390): 2350 0 0.245051000
D/UDP-TIMING(17390): 2351 0 0.266835000
D/UDP-TIMING(17390): 2352 0 0.257972000
D/UDP-TIMING(17390): 2353 0 0.248099000
D/UDP-TIMING(17390): 2354 0 0.268847000
D/UDP-TIMING(17390): 2355 0 0.265950000
D/UDP-TIMING(17390): 2356 0 0.263001000
D/UDP-TIMING(17390): 2357 0 0.261801000
D/UDP-TIMING(17390): 2358 0 0.259204000
D/UDP-TIMING(17390): 2359 0 0.249974000
D/UDP-TIMING(17390): 2360 0 0.241041000
D/UDP-TIMING(17390): 2361 0 0.262838000
D/UDP-TIMING(17390): 2362 0 0.261710000
D/UDP-TIMING(17390): 2363 0 0.254589000
D/UDP-TIMING(17390): 2364 0 0.254214000
D/UDP-TIMING(17390): 2365 0 0.251905000
D/UDP-TIMING(17390): 2366 0 0.270842000
D/UDP-TIMING(17390): 2367 0 0.266582000
D/UDP-TIMING(17390): 2368 0 0.246668000
D/UDP-TIMING(17390): 2369 0 0.268855000
D/UDP-TIMING(17390): 2370 0 0.268984000
D/UDP-TIMING(17390): 2371 0 0.264996000
D/UDP-TIMING(17390): 2372 0 0.243124000
D/UDP-TIMING(17390): 2373 0 0.242424000
D/UDP-TIMING(17390): 2374 0 0.251262000
D/UDP-TIMING(17390): 2375 0 0.244917000
D/UDP-TIMING(17390): 2376 0 0.257666000
D/UDP-TIMING(17390): 2377 0 0.244768000
D/UDP-TIMING(17390): 2378 0 0.240858000
D/UDP-TIMING(17390): 2379 0 0.267404000
D/UDP-TIMING(17390): 2380 0 0.254601000
E/TrafficStats( 1673): [QCTMM]tryAll index=0
E/TrafficStats( 1673): [QCTMM]tryAll index=1
E/TrafficStats( 1673): [QCTMM]tryAll index=2
E/TrafficStats( 1673): [QCTMM]tryAll index=0
E/TrafficStats( 1673): [QCTMM]tryAll index=1
E/TrafficStats( 1673): [QCTMM]tryAll index=2
D/DATA    ( 1860): sentSinceLastRecv=0,watchdogTrigger=10,maxindex=0
D/UDP-TIMING(17390): 2381 0 0.264030000
D/UDP-TIMING(17390): 2382 0 0.275328000
D/UDP-TIMING(17390): 2383 0 0.271501000
D/UDP-TIMING(17390): 2384 0 0.264477000
D/UDP-TIMING(17390): 2385 0 0.258820000
D/UDP-TIMING(17390): 2386 0 0.250781000
D/UDP-TIMING(17390): 2387 0 0.266821000
D/UDP-TIMING(17390): 2388 0 0.259256000
D/UDP-TIMING(17390): 2389 0 0.244639000
D/UDP-TIMING(17390): 2390 0 0.240320000
D/UDP-TIMING(17390): 2391 0 0.269338000
D/UDP-TIMING(17390): 2392 0 0.265209000
D/UDP-TIMING(17390): 2393 0 0.259474000
D/UDP-TIMING(17390): 2394 0 0.250112000
D/UDP-TIMING(17390): 2395 0 0.245652000
D/UDP-TIMING(17390): 2396 0 0.265553000
D/UDP-TIMING(17390): 2397 0 0.262500000
D/UDP-TIMING(17390): 2398 0 0.250436000
D/UDP-TIMING(17390): 2399 0 0.243638000
D/UDP-TIMING(17390): 2400 0 0.257614000
D/UDP-TIMING(17390): 2401 0 0.247177000
D/UDP-TIMING(17390): 2402 0 0.241001000
D/UDP-TIMING(17390): 2403 0 0.258943000
D/UDP-TIMING(17390): 2404 0 0.246756000
D/UDP-TIMING(17390): 2405 0 0.242743000
D/UDP-TIMING(17390): 2406 0 0.241072000
D/UDP-TIMING(17390): 2407 0 0.263786000
D/UDP-TIMING(17390): 2408 0 0.263292000
D/UDP-TIMING(17390): 2409 0 0.256982000
D/UDP-TIMING(17390): 2410 0 0.241118000
D/UDP-TIMING(17390): 2411 0 0.256197000
D/UDP-TIMING(17390): 2412 0 0.251938000
D/UDP-TIMING(17390): 2413 0 0.241722000
D/UDP-TIMING(17390): 2414 0 0.240927000
D/UDP-TIMING(17390): 2415 0 0.253370000
D/UDP-TIMING(17390): 2416 0 0.252678000
D/UDP-TIMING(17390): 2417 0 0.243128000
D/UDP-TIMING(17390): 2418 0 0.264189000
D/UDP-TIMING(17390): 2419 0 0.255421000
D/UDP-TIMING(17390): 2420 0 0.250588000
D/UDP-TIMING(17390): 2421 0 0.256614000
D/UDP-TIMING(17390): 2422 0 0.244972000
D/UDP-TIMING(17390): 2423 0 0.262359000
D/UDP-TIMING(17390): 2424 0 0.258000000
D/UDP-TIMING(17390): 2425 0 0.254445000
D/UDP-TIMING(17390): 2426 0 0.253737000
D/UDP-TIMING(17390): 2427 0 0.250530000
D/UDP-TIMING(17390): 2428 0 0.242616000
D/UDP-TIMING(17390): 2429 0 0.258785000
D/UDP-TIMING(17390): 2430 0 0.252694000
D/UDP-TIMING(17390): 2431 0 0.248395000
D/UDP-TIMING(17390): 2432 0 0.243231000
D/UDP-TIMING(17390): 2433 0 0.249820000
D/UDP-TIMING(17390): 2434 0 0.249461000
D/UDP-TIMING(17390): 2435 0 0.248335000
D/UDP-TIMING(17390): 2436 0 0.245635000
D/UDP-TIMING(17390): 2437 0 0.243578000
D/UDP-TIMING(17390): 2438 0 0.264035000
D/UDP-TIMING(17390): 2439 0 0.260843000
D/UDP-TIMING(17390): 2440 0 0.250781000
D/UDP-TIMING(17390): 2441 0 0.245348000
D/UDP-TIMING(17390): 2442 0 0.244950000
D/UDP-TIMING(17390): 2443 0 0.271432000
D/UDP-TIMING(17390): 2444 0 0.270858000
D/UDP-TIMING(17390): 2445 0 0.269755000
D/UDP-TIMING(17390): 2446 0 0.253789000
D/UDP-TIMING(17390): 2447 0 0.252545000
D/UDP-TIMING(17390): 2448 0 0.269892000
D/UDP-TIMING(17390): 2449 0 0.265192000
D/UDP-TIMING(17390): 2450 0 0.253654000
D/UDP-TIMING(17390): 2451 0 0.252757000
D/UDP-TIMING(17390): 2452 0 0.249346000
D/UDP-TIMING(17390): 2453 0 0.244675000
D/UDP-TIMING(17390): 2454 0 0.259829000
D/UDP-TIMING(17390): 2455 0 0.250076000
D/UDP-TIMING(17390): 2456 0 0.269185000
D/UDP-TIMING(17390): 2457 0 0.251116000
D/UDP-TIMING(17390): 2458 0 0.242242000
D/UDP-TIMING(17390): 2459 0 0.270308000
D/UDP-TIMING(17390): 2460 0 0.261332000
D/UDP-TIMING(17390): 2461 0 0.260876000
D/UDP-TIMING(17390): 2462 0 0.253310000
D/UDP-TIMING(17390): 2463 0 0.244869000
D/UDP-TIMING(17390): 2464 0 0.248928000
D/UDP-TIMING(17390): 2465 0 0.240873000
D/UDP-TIMING(17390): 2466 0 0.239993000
D/UDP-TIMING(17390): 2467 0 0.267959000
D/UDP-TIMING(17390): 2468 0 0.255203000
D/UDP-TIMING(17390): 2469 0 0.243215000
D/UDP-TIMING(17390): 2470 0 0.267793000
D/UDP-TIMING(17390): 2471 0 0.263371000
D/UDP-TIMING(17390): 2472 0 0.262102000
D/UDP-TIMING(17390): 2473 0 0.256076000
D/UDP-TIMING(17390): 2474 0 0.252182000
D/UDP-TIMING(17390): 2475 0 0.250407000
D/UDP-TIMING(17390): 2476 0 0.242574000
D/UDP-TIMING(17390): 2477 0 0.241383000
D/UDP-TIMING(17390): 2478 0 0.268475000
D/UDP-TIMING(17390): 2479 0 0.265672000
D/UDP-TIMING(17390): 2480 0 0.259165000
D/UDP-TIMING(17390): 2481 0 0.261440000
D/UDP-TIMING(17390): 2482 0 0.257458000
D/UDP-TIMING(17390): 2483 0 0.243538000
D/UDP-TIMING(17390): 2484 0 0.270023000
D/UDP-TIMING(17390): 2485 0 0.268928000
D/UDP-TIMING(17390): 2486 0 0.264235000
D/UDP-TIMING(17390): 2487 0 0.265153000
D/UDP-TIMING(17390): 2488 0 0.269641000
D/UDP-TIMING(17390): 2489 0 0.240723000
D/UDP-TIMING(17390): 2490 0 0.239183000
D/UDP-TIMING(17390): 2491 0 0.261151000
D/UDP-TIMING(17390): 2492 0 0.255877000
D/UDP-TIMING(17390): 2493 0 0.245293000
E/TrafficStats( 1673): [QCTMM]tryAll index=0
E/TrafficStats( 1673): [QCTMM]tryAll index=1
E/TrafficStats( 1673): [QCTMM]tryAll index=2
E/TrafficStats( 1673): [QCTMM]tryAll index=0
E/TrafficStats( 1673): [QCTMM]tryAll index=1
E/TrafficStats( 1673): [QCTMM]tryAll index=2
D/DATA    ( 1860): sentSinceLastRecv=0,watchdogTrigger=10,maxindex=0
D/UDP-TIMING(17390): 2494 0 0.269039000
D/UDP-TIMING(17390): 2495 0 0.246083000
D/UDP-TIMING(17390): 2496 0 0.243721000
D/UDP-TIMING(17390): 2497 0 0.264762000
D/UDP-TIMING(17390): 2498 0 0.264193000
D/UDP-TIMING(17390): 2499 0 0.269526000
D/UDP-TIMING(17390): 2500 0 0.266482000
D/UDP-TIMING(17390): 2501 0 0.260165000
D/UDP-TIMING(17390): 2502 0 0.257078000
D/UDP-TIMING(17390): 2503 0 0.252447000
D/UDP-TIMING(17390): 2504 0 0.258779000
D/UDP-TIMING(17390): 2505 0 0.250249000
D/UDP-TIMING(17390): 2506 0 0.242804000
D/UDP-TIMING(17390): 2507 0 0.266343000
D/UDP-TIMING(17390): 2508 0 0.255048000
D/UDP-TIMING(17390): 2509 0 0.270370000
D/UDP-TIMING(17390): 2510 0 0.258526000
D/UDP-TIMING(17390): 2511 0 0.256881000
D/UDP-TIMING(17390): 2512 0 0.244426000
D/UDP-TIMING(17390): 2513 0 0.244310000
D/UDP-TIMING(17390): 2514 0 0.252482000
D/UDP-TIMING(17390): 2515 0 0.252398000
D/UDP-TIMING(17390): 2516 0 0.251310000
D/UDP-TIMING(17390): 2517 0 0.248364000
D/UDP-TIMING(17390): 2518 0 0.248321000
D/UDP-TIMING(17390): 2519 0 0.247997000
D/UDP-TIMING(17390): 2520 0 0.245666000
D/UDP-TIMING(17390): 2521 0 0.244750000
D/UDP-TIMING(17390): 2522 0 0.267216000
D/UDP-TIMING(17390): 2523 0 0.265231000
D/UDP-TIMING(17390): 2524 0 0.252091000
D/UDP-TIMING(17390): 2525 0 0.251767000
D/UDP-TIMING(17390): 2526 0 0.251041000
D/UDP-TIMING(17390): 2527 0 0.255045000
D/UDP-TIMING(17390): 2528 0 0.246256000
D/UDP-TIMING(17390): 2529 0 0.245024000
D/UDP-TIMING(17390): 2530 0 0.257177000
D/UDP-TIMING(17390): 2531 0 0.268707000
D/UDP-TIMING(17390): 2532 0 0.260101000
D/UDP-TIMING(17390): 2533 0 0.258919000
D/UDP-TIMING(17390): 2534 0 0.256567000
D/UDP-TIMING(17390): 2535 0 0.249889000
D/UDP-TIMING(17390): 2536 0 0.269202000
D/UDP-TIMING(17390): 2537 0 0.256464000
D/UDP-TIMING(17390): 2538 0 0.260282000
D/UDP-TIMING(17390): 2539 0 0.256248000
D/UDP-TIMING(17390): 2540 0 0.249314000
D/UDP-TIMING(17390): 2541 0 0.269939000
D/UDP-TIMING(17390): 2542 0 0.263458000
D/UDP-TIMING(17390): 2543 0 0.261055000
D/UDP-TIMING(17390): 2544 0 0.251276000
D/UDP-TIMING(17390): 2545 0 0.246741000
D/UDP-TIMING(17390): 2546 0 0.244267000
D/UDP-TIMING(17390): 2547 0 0.261154000
D/UDP-TIMING(17390): 2548 0 0.251726000
D/UDP-TIMING(17390): 2549 0 0.249952000
D/UDP-TIMING(17390): 2550 0 0.266893000
D/UDP-TIMING(17390): 2551 0 0.250828000
D/UDP-TIMING(17390): 2552 0 0.248162000
D/UDP-TIMING(17390): 2553 0 0.244896000
D/UDP-TIMING(17390): 2554 0 0.271412000
D/UDP-TIMING(17390): 2555 0 0.240308000
D/UDP-TIMING(17390): 2556 0 0.267024000
D/UDP-TIMING(17390): 2557 0 0.266681000
D/UDP-TIMING(17390): 2558 0 0.245681000
D/UDP-TIMING(17390): 2559 0 0.255020000
D/UDP-TIMING(17390): 2560 0 0.253474000
D/UDP-TIMING(17390): 2561 0 0.240988000
D/UDP-TIMING(17390): 2562 0 0.258764000
D/UDP-TIMING(17390): 2563 0 0.276061000
D/UDP-TIMING(17390): 2564 0 0.259832000
D/UDP-TIMING(17390): 2565 0 0.266559000
D/UDP-TIMING(17390): 2566 0 0.264462000
D/UDP-TIMING(17390): 2567 0 0.258304000
D/UDP-TIMING(17390): 2568 0 0.248452000
D/UDP-TIMING(17390): 2569 0 0.247238000
D/UDP-TIMING(17390): 2570 0 0.261511000
D/UDP-TIMING(17390): 2571 0 0.260217000
D/UDP-TIMING(17390): 2572 0 0.247358000
D/UDP-TIMING(17390): 2573 0 0.244286000
D/UDP-TIMING(17390): 2574 0 0.270677000
D/UDP-TIMING(17390): 2575 0 0.266394000
D/UDP-TIMING(17390): 2576 0 0.256920000
D/UDP-TIMING(17390): 2577 0 0.249484000
D/UDP-TIMING(17390): 2578 0 0.248848000
D/UDP-TIMING(17390): 2579 0 0.246378000
D/UDP-TIMING(17390): 2580 0 0.264755000
D/UDP-TIMING(17390): 2581 0 0.249330000
D/UDP-TIMING(17390): 2582 0 0.249188000
D/UDP-TIMING(17390): 2583 0 0.256396000
D/UDP-TIMING(17390): 2584 0 0.255773000
D/UDP-TIMING(17390): 2585 0 0.250381000
D/UDP-TIMING(17390): 2586 0 0.261383000
D/UDP-TIMING(17390): 2587 0 0.257109000
D/UDP-TIMING(17390): 2588 0 0.265367000
D/UDP-TIMING(17390): 2589 0 0.252127000
D/UDP-TIMING(17390): 2590 0 0.249608000
D/UDP-TIMING(17390): 2591 0 0.248075000
D/UDP-TIMING(17390): 2592 0 0.242129000
D/UDP-TIMING(17390): 2593 0 0.247087000
D/UDP-TIMING(17390): 2594 0 0.259617000
D/UDP-TIMING(17390): 2595 0 0.256835000
E/TrafficStats( 1673): [QCTMM]tryAll index=0
E/TrafficStats( 1673): [QCTMM]tryAll index=1
E/TrafficStats( 1673): [QCTMM]tryAll index=2
E/TrafficStats( 1673): [QCTMM]tryAll index=0
E/TrafficStats( 1673): [QCTMM]tryAll index=1
E/TrafficStats( 1673): [QCTMM]tryAll index=2
D/DATA    ( 1860): sentSinceLastRecv=0,watchdogTrigger=10,maxindex=0
D/UDP-TIMING(17390): 2596 0 0.270498000
D/UDP-TIMING(17390): 2597 0 0.270295000
D/UDP-TIMING(17390): 2598 0 0.258320000
D/UDP-TIMING(17390): 2599 0 0.252328000
D/UDP-TIMING(17390): 2600 0 0.250967000
D/UDP-TIMING(17390): 2601 0 0.244338000
D/UDP-TIMING(17390): 2602 0 0.265242000
D/UDP-TIMING(17390): 2603 0 0.247053000
D/UDP-TIMING(17390): 2604 0 0.264293000
D/UDP-TIMING(17390): 2605 0 0.244063000
D/UDP-TIMING(17390): 2606 0 0.242125000
D/UDP-TIMING(17390): 2607 0 0.267812000
D/UDP-TIMING(17390): 2608 0 0.262794000
D/UDP-TIMING(17390): 2609 0 0.260182000
D/UDP-TIMING(17390): 2610 0 0.252244000
D/UDP-TIMING(17390): 2611 0 0.251607000
D/UDP-TIMING(17390): 2612 0 0.251483000
D/UDP-TIMING(17390): 2613 0 0.243374000
D/UDP-TIMING(17390): 2614 0 0.243045000
D/UDP-TIMING(17390): 2615 0 0.242336000
D/UDP-TIMING(17390): 2616 0 0.264603000
D/UDP-TIMING(17390): 2617 0 0.248199000
D/UDP-TIMING(17390): 2618 0 0.242960000
D/UDP-TIMING(17390): 2619 0 0.265814000
D/UDP-TIMING(17390): 2620 0 0.258125000
D/UDP-TIMING(17390): 2621 0 0.248734000
D/UDP-TIMING(17390): 2622 0 0.267986000
D/UDP-TIMING(17390): 2623 0 0.262463000
D/UDP-TIMING(17390): 2624 0 0.254991000
D/UDP-TIMING(17390): 2625 0 0.248483000
D/UDP-TIMING(17390): 2626 0 0.245960000
D/UDP-TIMING(17390): 2627 0 0.241700000
D/UDP-TIMING(17390): 2628 0 0.264932000
D/UDP-TIMING(17390): 2629 0 0.271667000
D/UDP-TIMING(17390): 2630 0 0.256525000
D/UDP-TIMING(17390): 2631 0 0.247249000
D/UDP-TIMING(17390): 2632 0 0.242349000
D/UDP-TIMING(17390): 2633 0 0.268475000
D/UDP-TIMING(17390): 2634 0 0.262619000
D/UDP-TIMING(17390): 2635 0 0.261420000
D/UDP-TIMING(17390): 2636 0 0.259062000
D/UDP-TIMING(17390): 2637 0 0.249682000
D/UDP-TIMING(17390): 2638 0 0.243931000
D/UDP-TIMING(17390): 2639 0 0.264752000
D/UDP-TIMING(17390): 2640 0 0.247259000
D/UDP-TIMING(17390): 2641 0 0.241391000
D/UDP-TIMING(17390): 2642 0 0.260895000
D/UDP-TIMING(17390): 2643 0 0.243069000
D/UDP-TIMING(17390): 2644 0 0.265781000
D/UDP-TIMING(17390): 2645 0 0.256861000
D/UDP-TIMING(17390): 2646 0 0.264840000
D/UDP-TIMING(17390): 2647 0 0.264416000
D/UDP-TIMING(17390): 2648 0 0.259328000
D/UDP-TIMING(17390): 2649 0 0.255842000
D/UDP-TIMING(17390): 2650 0 0.247701000
D/UDP-TIMING(17390): 2651 0 0.252173000
D/UDP-TIMING(17390): 2652 0 0.260060000
D/UDP-TIMING(17390): 2653 0 0.257798000
D/UDP-TIMING(17390): 2654 0 0.265559000
D/UDP-TIMING(17390): 2655 0 0.260322000
D/UDP-TIMING(17390): 2656 0 0.249565000
D/UDP-TIMING(17390): 2657 0 0.248411000
D/UDP-TIMING(17390): 2658 0 0.264496000
D/UDP-TIMING(17390): 2659 0 0.262851000
D/UDP-TIMING(17390): 2660 0 0.262748000
D/UDP-TIMING(17390): 2661 0 0.255363000
D/UDP-TIMING(17390): 2662 0 0.241968000
D/UDP-TIMING(17390): 2663 0 0.266998000
D/UDP-TIMING(17390): 2664 0 0.248236000
D/UDP-TIMING(17390): 2665 0 0.246262000
D/UDP-TIMING(17390): 2666 0 0.269880000
D/UDP-TIMING(17390): 2667 0 0.269358000
D/UDP-TIMING(17390): 2668 0 0.254512000
D/UDP-TIMING(17390): 2669 0 0.259717000
D/UDP-TIMING(17390): 2670 0 0.249913000
D/UDP-TIMING(17390): 2671 0 0.240706000
D/UDP-TIMING(17390): 2672 0 0.249131000
D/UDP-TIMING(17390): 2673 0 0.246051000
D/UDP-TIMING(17390): 2674 0 0.240390000
D/UDP-TIMING(17390): 2675 0 0.264770000
D/UDP-TIMING(17390): 2676 0 0.246620000
D/UDP-TIMING(17390): 2677 0 0.242752000
D/UDP-TIMING(17390): 2678 0 0.267065000
D/UDP-TIMING(17390): 2679 0 0.264476000
D/UDP-TIMING(17390): 2680 0 0.255367000
D/StatusBarPolicy( 1816): iconIndex=1
V/StatusBarPolicy( 1816): cdmaLevel:3;max:4
D/StatusBarPolicy( 1816): iconLevel:3
I/PhoneInfo( 2188): getCdmaLevel - cdmaDbm: -73 cdmaEcio:-90
D/UDP-TIMING(17390): 2681 0 0.268211000
D/UDP-TIMING(17390): 2682 0 0.266444000
D/UDP-TIMING(17390): 2683 0 0.259809000
D/UDP-TIMING(17390): 2684 0 0.257724000
D/UDP-TIMING(17390): 2685 0 0.257206000
I/PhoneInfo( 2188): getEvdoLevel - evdoDbm: -120 evdoSnr:-1 evdoEcio:-1
I/PhoneInfo( 2188): getLteLevel - lteRsrp: -1 lteCqi:-1
D/UDP-TIMING(17390): 2686 0 0.265251000
D/UDP-TIMING(17390): 2687 0 0.247234000
D/UDP-TIMING(17390): 2688 0 0.245644000
D/UDP-TIMING(17390): 2689 0 0.265296000
D/UDP-TIMING(17390): 2690 0 0.260024000
D/UDP-TIMING(17390): 2691 0 0.258361000
D/UDP-TIMING(17390): 2692 0 0.256804000
D/UDP-TIMING(17390): 2693 0 0.244480000
D/UDP-TIMING(17390): 2694 0 0.266998000
D/UDP-TIMING(17390): 2695 0 0.258874000
E/TrafficStats( 1673): [QCTMM]tryAll index=0
E/TrafficStats( 1673): [QCTMM]tryAll index=1
E/TrafficStats( 1673): [QCTMM]tryAll index=2
E/TrafficStats( 1673): [QCTMM]tryAll index=0
E/TrafficStats( 1673): [QCTMM]tryAll index=1
E/TrafficStats( 1673): [QCTMM]tryAll index=2
D/DATA    ( 1860): sentSinceLastRecv=0,watchdogTrigger=10,maxindex=0
D/UDP-TIMING(17390): 2696 0 0.268726000
D/UDP-TIMING(17390): 2697 0 0.268641000
D/UDP-TIMING(17390): 2698 0 0.268354000
D/UDP-TIMING(17390): 2699 0 0.257990000
D/UDP-TIMING(17390): 2700 0 0.263808000
D/UDP-TIMING(17390): 2701 0 0.253597000
D/UDP-TIMING(17390): 2702 0 0.250838000
D/UDP-TIMING(17390): 2703 0 0.264313000
D/UDP-TIMING(17390): 2704 0 0.242411000
D/UDP-TIMING(17390): 2705 0 0.261869000
D/UDP-TIMING(17390): 2706 0 0.259426000
D/UDP-TIMING(17390): 2707 0 0.246463000
D/UDP-TIMING(17390): 2708 0 0.242208000
D/UDP-TIMING(17390): 2709 0 0.261981000
D/UDP-TIMING(17390): 2710 0 0.262312000
D/UDP-TIMING(17390): 2711 0 0.254091000
D/UDP-TIMING(17390): 2712 0 0.243820000
D/UDP-TIMING(17390): 2713 0 0.242657000
D/UDP-TIMING(17390): 2714 0 0.242193000
D/UDP-TIMING(17390): 2715 0 0.255401000
D/UDP-TIMING(17390): 2716 0 0.253860000
D/UDP-TIMING(17390): 2717 0 0.259059000
D/UDP-TIMING(17390): 2718 0 0.248524000
D/UDP-TIMING(17390): 2719 0 0.245237000
D/UDP-TIMING(17390): 2720 0 0.267758000
D/UDP-TIMING(17390): 2721 0 0.257983000
D/UDP-TIMING(17390): 2722 0 0.252471000
D/UDP-TIMING(17390): 2723 0 0.241314000
D/UDP-TIMING(17390): 2724 0 0.266830000
D/UDP-TIMING(17390): 2725 0 0.269426000
D/UDP-TIMING(17390): 2726 0 0.258884000
D/UDP-TIMING(17390): 2727 0 0.256622000
D/UDP-TIMING(17390): 2728 0 0.258576000
D/UDP-TIMING(17390): 2729 0 0.247549000
D/UDP-TIMING(17390): 2730 0 0.259762000
D/UDP-TIMING(17390): 2731 0 0.240703000
D/UDP-TIMING(17390): 2732 0 0.267265000
D/UDP-TIMING(17390): 2733 0 0.266536000
D/UDP-TIMING(17390): 2734 0 0.255976000
D/UDP-TIMING(17390): 2735 0 0.253761000
D/UDP-TIMING(17390): 2736 0 0.240909000
D/UDP-TIMING(17390): 2737 0 0.251730000
D/UDP-TIMING(17390): 2738 0 0.258171000
D/UDP-TIMING(17390): 2739 0 0.246469000
D/UDP-TIMING(17390): 2740 0 0.269269000
D/UDP-TIMING(17390): 2741 0 0.250011000
D/UDP-TIMING(17390): 2742 0 0.247068000
D/UDP-TIMING(17390): 2743 0 0.245579000
D/UDP-TIMING(17390): 2744 0 0.246681000
D/UDP-TIMING(17390): 2745 0 0.243388000
D/UDP-TIMING(17390): 2746 0 0.244841000
D/UDP-TIMING(17390): 2747 0 0.243881000
D/UDP-TIMING(17390): 2748 0 0.241659000
D/UDP-TIMING(17390): 2749 0 0.262961000
D/UDP-TIMING(17390): 2750 0 0.258477000
D/UDP-TIMING(17390): 2751 0 0.245578000
D/UDP-TIMING(17390): 2752 0 0.243090000
D/UDP-TIMING(17390): 2753 0 0.258054000
D/UDP-TIMING(17390): 2754 0 0.253004000
D/UDP-TIMING(17390): 2755 0 0.245352000
D/UDP-TIMING(17390): 2756 0 0.263467000
D/UDP-TIMING(17390): 2757 0 0.263059000
D/UDP-TIMING(17390): 2758 0 0.250397000
D/UDP-TIMING(17390): 2759 0 0.240080000
