D/UDP-TIMING(17390): 750 0 0.262297000
D/UDP-TIMING(17390): 751 0 0.254661000
D/UDP-TIMING(17390): 752 0 0.246984000
D/UDP-TIMING(17390): 753 0 0.269604000
D/UDP-TIMING(17390): 754 0 0.261922000
D/UDP-TIMING(17390): 755 0 0.254300000
D/UDP-TIMING(17390): 756 0 0.246620000
D/UDP-TIMING(17390): 757 0 0.268937000
D/UDP-TIMING(17390): 758 0 0.261328000
D/UDP-TIMING(17390): 759 0 0.253736000
D/UDP-TIMING(17390): 760 0 0.246151000
D/UDP-TIMING(17390): 761 0 0.238492000
D/UDP-TIMING(17390): 762 0 0.260872000
D/UDP-TIMING(17390): 763 0 0.253285000
D/UDP-TIMING(17390): 764 0 0.245607000
D/UDP-TIMING(17390): 765 0 0.237911000
D/UDP-TIMING(17390): 766 0 0.259805000
D/UDP-TIMING(17390): 767 0 0.252125000
D/UDP-TIMING(17390): 768 0 0.244445000
D/UDP-TIMING(17390): 769 0 0.267167000
D/UDP-TIMING(17390): 770 0 0.259507000
D/UDP-TIMING(17390): 771 0 0.251903000
D/UDP-TIMING(17390): 772 0 0.244308000
D/UDP-TIMING(17390): 773 0 0.236641000
D/UDP-TIMING(17390): 774 0 0.258534000
D/UDP-TIMING(17390): 775 0 0.250895000
D/UDP-TIMING(17390): 776 0 0.243305000
D/UDP-TIMING(17390): 777 0 0.235625000
D/UDP-TIMING(17390): 778 0 0.258309000
D/UDP-TIMING(17390): 779 0 0.250631000
D/UDP-TIMING(17390): 780 0 0.242938000
D/UDP-TIMING(17390): 781 0 0.264970000
D/UDP-TIMING(17390): 782 0 0.257292000
D/UDP-TIMING(17390): 783 0 0.249595000
D/UDP-TIMING(17390): 784 0 0.242006000
D/UDP-TIMING(17390): 785 0 0.234420000
D/UDP-TIMING(17390): 786 0 0.257108000
D/UDP-TIMING(17390): 787 0 0.249387000
D/UDP-TIMING(17390): 788 0 0.241701000
D/UDP-TIMING(17390): 789 0 0.234070000
D/UDP-TIMING(17390): 790 0 0.256085000
D/UDP-TIMING(17390): 791 0 0.248397000
D/UDP-TIMING(17390): 792 0 0.240746000
D/UDP-TIMING(17390): 793 0 0.263067000
D/UDP-TIMING(17390): 794 0 0.255449000
D/UDP-TIMING(17390): 795 0 0.247775000
D/UDP-TIMING(17390): 796 0 0.240081000
D/UDP-TIMING(17390): 797 0 0.262800000
D/UDP-TIMING(17390): 798 0 0.255209000
D/UDP-TIMING(17390): 799 0 0.247625000
D/UDP-TIMING(17390): 800 0 0.239964000
D/UDP-TIMING(17390): 801 0 0.261977000
D/UDP-TIMING(17390): 802 0 0.254346000
D/UDP-TIMING(17390): 803 0 0.246713000
D/UDP-TIMING(17390): 804 0 0.239097000
D/UDP-TIMING(17390): 805 0 0.261815000
D/UDP-TIMING(17390): 806 0 0.254200000
D/UDP-TIMING(17390): 807 0 0.246582000
D/UDP-TIMING(17390): 808 0 0.238504000
D/UDP-TIMING(17390): 809 0 0.258291000
D/UDP-TIMING(17390): 810 0 0.250621000
D/UDP-TIMING(17390): 811 0 0.242971000
D/UDP-TIMING(17390): 812 0 0.235299000
D/UDP-TIMING(17390): 813 0 0.257899000
D/UDP-TIMING(17390): 814 0 0.250232000
D/UDP-TIMING(17390): 815 0 0.242610000
D/UDP-TIMING(17390): 816 0 0.234933000
E/TrafficStats( 1673): [QCTMM]tryAll index=0
E/TrafficStats( 1673): [QCTMM]tryAll index=1
E/TrafficStats( 1673): [QCTMM]tryAll index=2
E/TrafficStats( 1673): [QCTMM]tryAll index=0
E/TrafficStats( 1673): [QCTMM]tryAll index=1
E/TrafficStats( 1673): [QCTMM]tryAll index=2
D/DATA    ( 1860): sentSinceLastRecv=0,watchdogTrigger=10,maxindex=0
D/UDP-TIMING(17390): 817 0 0.257911000
D/UDP-TIMING(17390): 818 0 0.250312000
D/UDP-TIMING(17390): 819 0 0.242721000
D/UDP-TIMING(17390): 820 0 0.235147000
D/UDP-TIMING(17390): 821 0 0.256817000
D/UDP-TIMING(17390): 822 0 0.249154000
D/UDP-TIMING(17390): 823 0 0.241419000
D/UDP-TIMING(17390): 824 0 0.263493000
D/UDP-TIMING(17390): 825 0 0.255849000
D/UDP-TIMING(17390): 826 0 0.248165000
D/UDP-TIMING(17390): 827 0 0.240478000
D/UDP-TIMING(17390): 828 0 0.263085000
D/UDP-TIMING(17390): 829 0 0.255447000
D/UDP-TIMING(17390): 830 0 0.247770000
D/UDP-TIMING(17390): 831 0 0.240108000
D/UDP-TIMING(17390): 832 0 0.262166000
D/UDP-TIMING(17390): 833 0 0.254578000
D/UDP-TIMING(17390): 834 0 0.246910000
D/UDP-TIMING(17390): 835 0 0.239237000
D/UDP-TIMING(17390): 836 0 0.261818000
D/UDP-TIMING(17390): 837 0 0.254153000
D/UDP-TIMING(17390): 838 0 0.246475000
D/UDP-TIMING(17390): 839 0 0.238794000
D/UDP-TIMING(17390): 840 0 0.260807000
D/UDP-TIMING(17390): 841 0 0.253142000
D/UDP-TIMING(17390): 842 0 0.245421000
D/UDP-TIMING(17390): 843 0 0.268072000
D/UDP-TIMING(17390): 844 0 0.260395000
D/UDP-TIMING(17390): 845 0 0.252770000
D/UDP-TIMING(17390): 846 0 0.245148000
D/UDP-TIMING(17390): 847 0 0.237482000
D/UDP-TIMING(17390): 848 0 0.259467000
D/UDP-TIMING(17390): 849 0 0.251821000
D/UDP-TIMING(17390): 850 0 0.244141000
D/UDP-TIMING(17390): 851 0 0.236464000
D/UDP-TIMING(17390): 852 0 0.258846000
D/UDP-TIMING(17390): 853 0 0.251202000
D/UDP-TIMING(17390): 854 0 0.243523000
D/UDP-TIMING(17390): 855 0 0.235849000
D/UDP-TIMING(17390): 856 0 0.257746000
D/UDP-TIMING(17390): 857 0 0.250065000
D/UDP-TIMING(17390): 858 0 0.242394000
D/UDP-TIMING(17390): 859 0 0.234804000
D/UDP-TIMING(17390): 860 0 0.257572000
D/UDP-TIMING(17390): 861 0 0.249923000
D/UDP-TIMING(17390): 862 0 0.242242000
D/UDP-TIMING(17390): 863 0 0.234626000
D/UDP-TIMING(17390): 864 0 0.257101000
D/UDP-TIMING(17390): 865 0 0.249421000
D/UDP-TIMING(17390): 866 0 0.241740000
D/UDP-TIMING(17390): 867 0 0.234071000
D/UDP-TIMING(17390): 868 0 0.256051000
D/UDP-TIMING(17390): 869 0 0.248387000
D/UDP-TIMING(17390): 870 0 0.240710000
D/UDP-TIMING(17390): 871 0 0.263439000
D/UDP-TIMING(17390): 872 0 0.255775000
D/UDP-TIMING(17390): 873 0 0.248101000
D/UDP-TIMING(17390): 874 0 0.240431000
D/UDP-TIMING(17390): 875 0 0.262358000
D/UDP-TIMING(17390): 876 0 0.254685000
D/UDP-TIMING(17390): 877 0 0.247008000
D/UDP-TIMING(17390): 878 0 0.239327000
D/UDP-TIMING(17390): 879 0 0.261954000
D/UDP-TIMING(17390): 880 0 0.254337000
D/UDP-TIMING(17390): 881 0 0.246659000
D/UDP-TIMING(17390): 882 0 0.238984000
D/UDP-TIMING(17390): 883 0 0.261002000
D/UDP-TIMING(17390): 884 0 0.253377000
D/UDP-TIMING(17390): 885 0 0.245786000
D/UDP-TIMING(17390): 886 0 0.238125000
D/UDP-TIMING(17390): 887 0 0.260687000
D/UDP-TIMING(17390): 888 0 0.253093000
D/UDP-TIMING(17390): 889 0 0.245401000
D/UDP-TIMING(17390): 890 0 0.237717000
D/UDP-TIMING(17390): 891 0 0.259785000
D/UDP-TIMING(17390): 892 0 0.252160000
D/UDP-TIMING(17390): 893 0 0.244513000
D/UDP-TIMING(17390): 894 0 0.236849000
D/UDP-TIMING(17390): 895 0 0.259379000
D/UDP-TIMING(17390): 896 0 0.251702000
D/UDP-TIMING(17390): 897 0 0.244021000
D/UDP-TIMING(17390): 898 0 0.236346000
D/UDP-TIMING(17390): 899 0 0.258446000
D/UDP-TIMING(17390): 900 0 0.250784000
D/UDP-TIMING(17390): 901 0 0.243103000
D/UDP-TIMING(17390): 902 0 0.235431000
D/UDP-TIMING(17390): 903 0 0.257724000
D/UDP-TIMING(17390): 904 0 0.250078000
D/UDP-TIMING(17390): 905 0 0.242401000
D/UDP-TIMING(17390): 906 0 0.234812000
D/UDP-TIMING(17390): 907 0 0.257349000
D/UDP-TIMING(17390): 908 0 0.249704000
D/StatusBarPolicy( 1816): iconIndex=1
V/StatusBarPolicy( 1816): cdmaLevel:3;max:4
D/StatusBarPolicy( 1816): iconLevel:3
I/PhoneInfo( 2188): getCdmaLevel - cdmaDbm: -72 cdmaEcio:-100
I/PhoneInfo( 2188): getEvdoLevel - evdoDbm: -120 evdoSnr:-1 evdoEcio:-1
I/PhoneInfo( 2188): getLteLevel - lteRsrp: -1 lteCqi:-1
D/UDP-TIMING(17390): 909 0 0.237406000
D/UDP-TIMING(17390): 910 0 0.251945000
D/UDP-TIMING(17390): 911 0 0.244273000
D/UDP-TIMING(17390): 912 0 0.236595000
D/UDP-TIMING(17390): 913 0 0.258587000
D/UDP-TIMING(17390): 914 0 0.250951000
D/UDP-TIMING(17390): 915 0 0.243325000
D/UDP-TIMING(17390): 916 0 0.235641000
E/TrafficStats( 1673): [QCTMM]tryAll index=0
E/TrafficStats( 1673): [QCTMM]tryAll index=1
E/TrafficStats( 1673): [QCTMM]tryAll index=2
E/TrafficStats( 1673): [QCTMM]tryAll index=0
E/TrafficStats( 1673): [QCTMM]tryAll index=1
E/TrafficStats( 1673): [QCTMM]tryAll index=2
D/DATA    ( 1860): sentSinceLastRecv=0,watchdogTrigger=10,maxindex=0
D/UDP-TIMING(17390): 917 0 0.258448000
D/UDP-TIMING(17390): 918 0 0.250810000
D/UDP-TIMING(17390): 919 0 0.243181000
D/UDP-TIMING(17390): 920 0 0.235607000
D/UDP-TIMING(17390): 921 0 0.257673000
D/UDP-TIMING(17390): 922 0 0.250041000
D/UDP-TIMING(17390): 923 0 0.242406000
D/UDP-TIMING(17390): 924 0 0.234781000
D/UDP-TIMING(17390): 925 0 0.256798000
D/UDP-TIMING(17390): 926 0 0.249175000
D/UDP-TIMING(17390): 927 0 0.241545000
D/UDP-TIMING(17390): 928 0 0.233858000
D/UDP-TIMING(17390): 929 0 0.256448000
D/UDP-TIMING(17390): 930 0 0.248768000
D/UDP-TIMING(17390): 931 0 0.241146000
D/UDP-TIMING(17390): 932 0 0.263347000
D/UDP-TIMING(17390): 933 0 0.255709000
D/UDP-TIMING(17390): 934 0 0.248128000
D/UDP-TIMING(17390): 935 0 0.240500000
D/UDP-TIMING(17390): 936 0 0.263113000
D/UDP-TIMING(17390): 937 0 0.255551000
D/UDP-TIMING(17390): 938 0 0.247930000
D/UDP-TIMING(17390): 939 0 0.240246000
D/UDP-TIMING(17390): 940 0 0.262436000
D/UDP-TIMING(17390): 941 0 0.254753000
D/UDP-TIMING(17390): 942 0 0.247094000
D/UDP-TIMING(17390): 943 0 0.239416000
D/UDP-TIMING(17390): 944 0 0.261828000
D/UDP-TIMING(17390): 945 0 0.254212000
D/UDP-TIMING(17390): 946 0 0.246610000
D/UDP-TIMING(17390): 947 0 0.238990000
D/UDP-TIMING(17390): 948 0 0.261028000
D/UDP-TIMING(17390): 949 0 0.253372000
D/UDP-TIMING(17390): 950 0 0.245748000
D/UDP-TIMING(17390): 951 0 0.238069000
D/UDP-TIMING(17390): 952 0 0.260751000
D/UDP-TIMING(17390): 953 0 0.253126000
D/UDP-TIMING(17390): 954 0 0.245485000
D/UDP-TIMING(17390): 955 0 0.237798000
D/UDP-TIMING(17390): 956 0 0.259809000
D/UDP-TIMING(17390): 957 0 0.252097000
D/UDP-TIMING(17390): 958 0 0.244475000
D/UDP-TIMING(17390): 959 0 0.236870000
D/UDP-TIMING(17390): 960 0 0.259470000
D/UDP-TIMING(17390): 961 0 0.251838000
D/UDP-TIMING(17390): 962 0 0.244165000
D/UDP-TIMING(17390): 963 0 0.236492000
D/UDP-TIMING(17390): 964 0 0.258559000
D/UDP-TIMING(17390): 965 0 0.250935000
D/UDP-TIMING(17390): 966 0 0.243207000
D/UDP-TIMING(17390): 967 0 0.235525000
D/UDP-TIMING(17390): 968 0 0.258186000
D/UDP-TIMING(17390): 969 0 0.250540000
D/UDP-TIMING(17390): 970 0 0.242859000
D/UDP-TIMING(17390): 971 0 0.235270000
D/UDP-TIMING(17390): 972 0 0.257484000
D/UDP-TIMING(17390): 973 0 0.249849000
D/UDP-TIMING(17390): 974 0 0.242177000
D/UDP-TIMING(17390): 975 0 0.234531000
D/UDP-TIMING(17390): 976 0 0.256495000
D/UDP-TIMING(17390): 977 0 0.248816000
D/UDP-TIMING(17390): 978 0 0.241138000
D/UDP-TIMING(17390): 979 0 0.233460000
D/UDP-TIMING(17390): 980 0 0.256081000
D/UDP-TIMING(17390): 981 0 0.248402000
D/UDP-TIMING(17390): 982 0 0.240755000
D/UDP-TIMING(17390): 983 0 0.262764000
D/UDP-TIMING(17390): 984 0 0.255096000
D/UDP-TIMING(17390): 985 0 0.247426000
D/UDP-TIMING(17390): 986 0 0.239763000
D/UDP-TIMING(17390): 987 0 0.262424000
D/UDP-TIMING(17390): 988 0 0.254797000
D/UDP-TIMING(17390): 989 0 0.247115000
D/UDP-TIMING(17390): 990 0 0.239432000
D/UDP-TIMING(17390): 991 0 0.261417000
D/UDP-TIMING(17390): 992 0 0.253739000
D/UDP-TIMING(17390): 993 0 0.246055000
D/UDP-TIMING(17390): 994 0 0.238373000
D/UDP-TIMING(17390): 995 0 0.261116000
D/UDP-TIMING(17390): 996 0 0.253467000
D/UDP-TIMING(17390): 997 0 0.245821000
D/UDP-TIMING(17390): 998 0 0.238156000
D/UDP-TIMING(17390): 999 0 0.260046000
D/UDP-TIMING(17390): 1000 0 0.252381000
D/UDP-TIMING(17390): 1001 0 0.244704000
D/UDP-TIMING(17390): 1002 0 0.237037000
D/UDP-TIMING(17390): 1003 0 0.259631000
D/UDP-TIMING(17390): 1004 0 0.251948000
D/UDP-TIMING(17390): 1005 0 0.244260000
D/UDP-TIMING(17390): 1006 0 0.236600000
D/UDP-TIMING(17390): 1007 0 0.258677000
D/UDP-TIMING(17390): 1008 0 0.251028000
D/UDP-TIMING(17390): 1009 0 0.243347000
D/UDP-TIMING(17390): 1010 0 0.238437000
D/UDP-TIMING(17390): 1011 0 0.255628000
D/UDP-TIMING(17390): 1012 0 0.247964000
D/UDP-TIMING(17390): 1013 0 0.240283000
D/UDP-TIMING(17390): 1014 0 0.262399000
D/UDP-TIMING(17390): 1015 0 0.254797000
D/UDP-TIMING(17390): 1016 0 0.248416000
D/UDP-TIMING(17390): 1017 0 0.240738000
E/TrafficStats( 1673): [QCTMM]tryAll index=0
E/TrafficStats( 1673): [QCTMM]tryAll index=1
E/TrafficStats( 1673): [QCTMM]tryAll index=2
E/TrafficStats( 1673): [QCTMM]tryAll index=0
E/TrafficStats( 1673): [QCTMM]tryAll index=1
E/TrafficStats( 1673): [QCTMM]tryAll index=2
D/DATA    ( 1860): sentSinceLastRecv=0,watchdogTrigger=10,maxindex=0
D/UDP-TIMING(17390): 1018 0 0.262574000
D/UDP-TIMING(17390): 1019 0 0.254941000
D/UDP-TIMING(17390): 1020 0 0.247326000
D/UDP-TIMING(17390): 1021 0 0.239755000
D/UDP-TIMING(17390): 1022 0 0.261428000
D/UDP-TIMING(17390): 1023 0 0.253816000
D/UDP-TIMING(17390): 1024 0 0.246139000
D/UDP-TIMING(17390): 1025 0 0.238546000
D/UDP-TIMING(17390): 1026 0 0.261109000
D/UDP-TIMING(17390): 1027 0 0.253426000
D/UDP-TIMING(17390): 1028 0 0.245743000
D/UDP-TIMING(17390): 1029 0 0.238079000
D/UDP-TIMING(17390): 1030 0 0.260120000
D/UDP-TIMING(17390): 1031 0 0.252511000
D/UDP-TIMING(17390): 1032 0 0.244842000
D/UDP-TIMING(17390): 1033 0 0.237218000
D/UDP-TIMING(17390): 1034 0 0.259590000
D/UDP-TIMING(17390): 1035 0 0.251970000
D/UDP-TIMING(17390): 1036 0 0.244292000
D/UDP-TIMING(17390): 1037 0 0.236615000
D/UDP-TIMING(17390): 1038 0 0.259203000
D/UDP-TIMING(17390): 1039 0 0.251524000
D/UDP-TIMING(17390): 1040 0 0.243847000
D/UDP-TIMING(17390): 1041 0 0.236167000
D/UDP-TIMING(17390): 1042 0 0.258245000
D/UDP-TIMING(17390): 1043 0 0.250595000
D/UDP-TIMING(17390): 1044 0 0.242991000
D/UDP-TIMING(17390): 1045 0 0.235423000
D/UDP-TIMING(17390): 1046 0 0.257985000
D/UDP-TIMING(17390): 1047 0 0.250322000
D/UDP-TIMING(17390): 1048 0 0.242636000
D/UDP-TIMING(17390): 1049 0 0.235000000
D/UDP-TIMING(17390): 1050 0 0.256986000
D/UDP-TIMING(17390): 1051 0 0.249338000
D/UDP-TIMING(17390): 1052 0 0.241664000
D/UDP-TIMING(17390): 1053 0 0.265021000
D/UDP-TIMING(17390): 1054 0 0.257344000
D/UDP-TIMING(17390): 1055 0 0.249735000
D/UDP-TIMING(17390): 1056 0 0.242147000
D/UDP-TIMING(17390): 1057 0 0.234467000
D/UDP-TIMING(17390): 1058 0 0.255793000
D/UDP-TIMING(17390): 1059 0 0.248085000
D/UDP-TIMING(17390): 1060 0 0.240464000
D/UDP-TIMING(17390): 1061 0 0.263144000
D/UDP-TIMING(17390): 1062 0 0.255563000
D/UDP-TIMING(17390): 1063 0 0.247940000
D/UDP-TIMING(17390): 1064 0 0.240321000
D/UDP-TIMING(17390): 1065 0 0.262340000
D/UDP-TIMING(17390): 1066 0 0.254756000
D/UDP-TIMING(17390): 1067 0 0.247136000
D/UDP-TIMING(17390): 1068 0 0.239522000
D/UDP-TIMING(17390): 1069 0 0.262138000
D/UDP-TIMING(17390): 1070 0 0.254509000
D/UDP-TIMING(17390): 1071 0 0.246908000
D/UDP-TIMING(17390): 1072 0 0.239311000
D/UDP-TIMING(17390): 1073 0 0.261390000
D/UDP-TIMING(17390): 1074 0 0.253762000
D/UDP-TIMING(17390): 1075 0 0.246144000
D/UDP-TIMING(17390): 1076 0 0.238555000
D/UDP-TIMING(17390): 1077 0 0.260902000
D/UDP-TIMING(17390): 1078 0 0.253320000
D/UDP-TIMING(17390): 1079 0 0.245709000
D/UDP-TIMING(17390): 1080 0 0.238094000
D/UDP-TIMING(17390): 1081 0 0.260535000
D/UDP-TIMING(17390): 1082 0 0.252920000
D/UDP-TIMING(17390): 1083 0 0.245304000
D/UDP-TIMING(17390): 1084 0 0.237673000
D/UDP-TIMING(17390): 1085 0 0.260016000
D/UDP-TIMING(17390): 1086 0 0.252409000
D/UDP-TIMING(17390): 1087 0 0.244823000
D/UDP-TIMING(17390): 1088 0 0.237201000
D/UDP-TIMING(17390): 1089 0 0.259841000
D/UDP-TIMING(17390): 1090 0 0.252196000
D/UDP-TIMING(17390): 1091 0 0.244578000
D/UDP-TIMING(17390): 1092 0 0.236945000
D/UDP-TIMING(17390): 1093 0 0.258983000
D/UDP-TIMING(17390): 1094 0 0.251395000
D/UDP-TIMING(17390): 1095 0 0.243771000
D/UDP-TIMING(17390): 1096 0 0.236158000
D/UDP-TIMING(17390): 1097 0 0.258815000
D/UDP-TIMING(17390): 1098 0 0.251214000
D/UDP-TIMING(17390): 1099 0 0.243623000
D/UDP-TIMING(17390): 1100 0 0.236018000
D/UDP-TIMING(17390): 1101 0 0.258157000
D/UDP-TIMING(17390): 1102 0 0.250547000
D/UDP-TIMING(17390): 1103 0 0.242948000
D/UDP-TIMING(17390): 1104 0 0.235336000
E/TrafficStats(16531): [QCTMM]tryAll index=0
E/TrafficStats(16531): [QCTMM]tryAll index=1
E/TrafficStats(16531): [QCTMM]tryAll index=2
E/TrafficStats(16531): [QCTMM]tryAll index=0
E/TrafficStats(16531): [QCTMM]tryAll index=1
E/TrafficStats(16531): [QCTMM]tryAll index=2
D/UDP-TIMING(17390): 1105 0 0.258389000
D/UDP-TIMING(17390): 1106 0 0.250770000
D/UDP-TIMING(17390): 1107 0 0.243179000
E/TrafficStats(16531): [QCTMM]tryAll index=0
E/TrafficStats(16531): [QCTMM]tryAll index=1
E/TrafficStats(16531): [QCTMM]tryAll index=2
E/TrafficStats(16531): [QCTMM]tryAll index=0
E/TrafficStats(16531): [QCTMM]tryAll index=1
E/TrafficStats(16531): [QCTMM]tryAll index=2
D/UDP-TIMING(17390): 1108 0 0.265309000
D/UDP-TIMING(17390): 1109 0 0.257673000
D/UDP-TIMING(17390): 1110 0 0.250042000
D/UDP-TIMING(17390): 1111 0 0.237633000
D/UDP-TIMING(17390): 1112 0 0.251963000
D/UDP-TIMING(17390): 1113 0 0.244349000
D/UDP-TIMING(17390): 1114 0 0.236700000
D/UDP-TIMING(17390): 1115 0 0.259185000
D/UDP-TIMING(17390): 1116 0 0.251586000
D/UDP-TIMING(17390): 1117 0 0.243924000
D/UDP-TIMING(17390): 1118 0 0.236247000
E/TrafficStats( 1673): [QCTMM]tryAll index=0
E/TrafficStats( 1673): [QCTMM]tryAll index=1
E/TrafficStats( 1673): [QCTMM]tryAll index=2
E/TrafficStats( 1673): [QCTMM]tryAll index=0
E/TrafficStats( 1673): [QCTMM]tryAll index=1
E/TrafficStats( 1673): [QCTMM]tryAll index=2
D/UDP-TIMING(17390): 1119 0 0.258964000
D/UDP-TIMING(17390): 1120 0 0.251308000
D/UDP-TIMING(17390): 1121 0 0.243643000
D/UDP-TIMING(17390): 1122 0 0.235966000
D/DATA    ( 1860): sentSinceLastRecv=0,watchdogTrigger=10,maxindex=0
D/UDP-TIMING(17390): 1123 0 0.257463000
D/UDP-TIMING(17390): 1124 0 0.249779000
D/UDP-TIMING(17390): 1125 0 0.242130000
D/UDP-TIMING(17390): 1126 0 0.234514000
D/UDP-TIMING(17390): 1127 0 0.257120000
D/UDP-TIMING(17390): 1128 0 0.249472000
D/UDP-TIMING(17390): 1129 0 0.241787000
D/UDP-TIMING(17390): 1130 0 0.234125000
D/UDP-TIMING(17390): 1131 0 0.256084000
D/UDP-TIMING(17390): 1132 0 0.248426000
D/UDP-TIMING(17390): 1133 0 0.271219000
D/UDP-TIMING(17390): 1134 0 0.263554000
D/UDP-TIMING(17390): 1135 0 0.255853000
D/UDP-TIMING(17390): 1136 0 0.248188000
D/UDP-TIMING(17390): 1137 0 0.240511000
D/UDP-TIMING(17390): 1138 0 0.262503000
D/UDP-TIMING(17390): 1139 0 0.254842000
D/UDP-TIMING(17390): 1140 0 0.247164000
D/UDP-TIMING(17390): 1141 0 0.239446000
D/Database(16531): dbopen(): path = /data/data/com.onavo.android.onavoid/databases/ui_events, flag = 6, file size = 14060544
D/UDP-TIMING(17390): 1142 0 0.261678000
D/UDP-TIMING(17390): 1143 0 0.254031000
D/UDP-TIMING(17390): 1144 0 0.246353000
D/UDP-TIMING(17390): 1145 0 0.238687000
D/Database(16531): dbopen(): path = /data/data/com.onavo.android.onavoid/databases/ui_events, mode: wal, disk free size: 2000 M, handle: 0x3b3d80
D/UDP-TIMING(17390): 1146 0 0.261759000
D/UDP-TIMING(17390): 1147 0 0.254086000
D/UDP-TIMING(17390): 1148 0 0.246408000
D/UDP-TIMING(17390): 1149 0 0.238759000
D/Database(16531): dbclose(): path = /data/data/com.onavo.android.onavoid/databases/ui_events, handle = 0x3b3d80
D/UDP-TIMING(17390): 1150 0 0.259917000
D/UDP-TIMING(17390): 1151 0 0.252270000
D/UDP-TIMING(17390): 1152 0 0.244597000
D/UDP-TIMING(17390): 1153 0 0.236919000
D/UDP-TIMING(17390): 1154 0 0.259061000
D/UDP-TIMING(17390): 1155 0 0.251345000
D/UDP-TIMING(17390): 1156 0 0.243725000
D/UDP-TIMING(17390): 1157 0 0.236044000
D/UDP-TIMING(17390): 1158 0 0.258495000
D/UDP-TIMING(17390): 1159 0 0.250815000
D/UDP-TIMING(17390): 1160 0 0.243195000
D/UDP-TIMING(17390): 1161 0 0.235529000
D/UDP-TIMING(17390): 1162 0 0.258269000
D/UDP-TIMING(17390): 1163 0 0.250675000
D/UDP-TIMING(17390): 1164 0 0.243051000
D/UDP-TIMING(17390): 1165 0 0.235465000
D/UDP-TIMING(17390): 1166 0 0.258003000
D/UDP-TIMING(17390): 1167 0 0.250372000
D/UDP-TIMING(17390): 1168 0 0.242756000
D/UDP-TIMING(17390): 1169 0 0.235167000
D/UDP-TIMING(17390): 1170 0 0.257789000
D/UDP-TIMING(17390): 1171 0 0.250188000
D/UDP-TIMING(17390): 1172 0 0.242634000
D/UDP-TIMING(17390): 1173 0 0.264627000
D/UDP-TIMING(17390): 1174 0 0.256983000
D/UDP-TIMING(17390): 1175 0 0.249299000
D/UDP-TIMING(17390): 1176 0 0.241616000
D/UDP-TIMING(17390): 1177 0 0.233994000
D/UDP-TIMING(17390): 1178 0 0.256588000
D/UDP-TIMING(17390): 1179 0 0.248909000
D/UDP-TIMING(17390): 1180 0 0.241227000
D/UDP-TIMING(17390): 1181 0 0.233594000
D/UDP-TIMING(17390): 1182 0 0.255569000
D/UDP-TIMING(17390): 1183 0 0.247886000
D/UDP-TIMING(17390): 1184 0 0.240227000
D/UDP-TIMING(17390): 1185 0 0.262901000
D/UDP-TIMING(17390): 1186 0 0.255317000
D/UDP-TIMING(17390): 1187 0 0.247641000
D/UDP-TIMING(17390): 1188 0 0.239996000
D/UDP-TIMING(17390): 1189 0 0.262043000
D/UDP-TIMING(17390): 1190 0 0.254395000
D/UDP-TIMING(17390): 1191 0 0.246720000
D/UDP-TIMING(17390): 1192 0 0.239041000
D/UDP-TIMING(17390): 1193 0 0.261293000
D/UDP-TIMING(17390): 1194 0 0.253697000
D/UDP-TIMING(17390): 1195 0 0.246020000
D/UDP-TIMING(17390): 1196 0 0.238337000
D/UDP-TIMING(17390): 1197 0 0.260941000
D/UDP-TIMING(17390): 1198 0 0.253294000
D/UDP-TIMING(17390): 1199 0 0.245668000
D/UDP-TIMING(17390): 1200 0 0.238001000
D/UDP-TIMING(17390): 1201 0 0.260038000
D/UDP-TIMING(17390): 1202 0 0.252360000
D/UDP-TIMING(17390): 1203 0 0.244671000
D/UDP-TIMING(17390): 1204 0 0.236987000
D/UDP-TIMING(17390): 1205 0 0.259646000
D/UDP-TIMING(17390): 1206 0 0.251997000
D/UDP-TIMING(17390): 1207 0 0.244322000
D/UDP-TIMING(17390): 1208 0 0.236644000
D/UDP-TIMING(17390): 1209 0 0.258597000
D/UDP-TIMING(17390): 1210 0 0.250883000
D/UDP-TIMING(17390): 1211 0 0.243264000
D/UDP-TIMING(17390): 1212 0 0.238092000
D/UDP-TIMING(17390): 1213 0 0.255634000
D/UDP-TIMING(17390): 1214 0 0.247937000
D/UDP-TIMING(17390): 1215 0 0.240298000
D/UDP-TIMING(17390): 1216 0 0.262409000
D/UDP-TIMING(17390): 1217 0 0.254811000
D/UDP-TIMING(17390): 1218 0 0.247145000
D/UDP-TIMING(17390): 1219 0 0.239450000
E/TrafficStats( 1673): [QCTMM]tryAll index=0
E/TrafficStats( 1673): [QCTMM]tryAll index=1
E/TrafficStats( 1673): [QCTMM]tryAll index=2
E/TrafficStats( 1673): [QCTMM]tryAll index=0
E/TrafficStats( 1673): [QCTMM]tryAll index=1
E/TrafficStats( 1673): [QCTMM]tryAll index=2
D/UDP-TIMING(17390): 1220 0 0.262583000
D/UDP-TIMING(17390): 1221 0 0.254929000
D/UDP-TIMING(17390): 1222 0 0.247253000
D/UDP-TIMING(17390): 1223 0 0.239595000
D/DATA    ( 1860): sentSinceLastRecv=0,watchdogTrigger=10,maxindex=0
D/UDP-TIMING(17390): 1224 0 0.261159000
D/UDP-TIMING(17390): 1225 0 0.253479000
D/UDP-TIMING(17390): 1226 0 0.245796000
D/UDP-TIMING(17390): 1227 0 0.238149000
D/UDP-TIMING(17390): 1228 0 0.260717000
D/UDP-TIMING(17390): 1229 0 0.253040000
D/UDP-TIMING(17390): 1230 0 0.245359000
D/UDP-TIMING(17390): 1231 0 0.237687000
D/UDP-TIMING(17390): 1232 0 0.259799000
D/UDP-TIMING(17390): 1233 0 0.252177000
D/UDP-TIMING(17390): 1234 0 0.244578000
D/UDP-TIMING(17390): 1235 0 0.236955000
D/UDP-TIMING(17390): 1236 0 0.259547000
D/UDP-TIMING(17390): 1237 0 0.251903000
D/UDP-TIMING(17390): 1238 0 0.244227000
D/UDP-TIMING(17390): 1239 0 0.236547000
D/UDP-TIMING(17390): 1240 0 0.258536000
D/UDP-TIMING(17390): 1241 0 0.250861000
D/UDP-TIMING(17390): 1242 0 0.243178000
D/UDP-TIMING(17390): 1243 0 0.235495000
D/UDP-TIMING(17390): 1244 0 0.258168000
D/UDP-TIMING(17390): 1245 0 0.250501000
D/UDP-TIMING(17390): 1246 0 0.242881000
D/UDP-TIMING(17390): 1247 0 0.235203000
D/UDP-TIMING(17390): 1248 0 0.257198000
D/UDP-TIMING(17390): 1249 0 0.249515000
D/UDP-TIMING(17390): 1250 0 0.241835000
D/UDP-TIMING(17390): 1251 0 0.234210000
D/UDP-TIMING(17390): 1252 0 0.257042000
D/UDP-TIMING(17390): 1253 0 0.249392000
D/UDP-TIMING(17390): 1254 0 0.241718000
D/UDP-TIMING(17390): 1255 0 0.234086000
D/UDP-TIMING(17390): 1256 0 0.255814000
D/UDP-TIMING(17390): 1257 0 0.248166000
D/UDP-TIMING(17390): 1258 0 0.240488000
D/UDP-TIMING(17390): 1259 0 0.262874000
D/UDP-TIMING(17390): 1260 0 0.255285000
D/UDP-TIMING(17390): 1261 0 0.247664000
D/UDP-TIMING(17390): 1262 0 0.239983000
D/UDP-TIMING(17390): 1263 0 0.262646000
D/UDP-TIMING(17390): 1264 0 0.254999000
D/UDP-TIMING(17390): 1265 0 0.247315000
D/UDP-TIMING(17390): 1266 0 0.239636000
D/UDP-TIMING(17390): 1267 0 0.261678000
D/UDP-TIMING(17390): 1268 0 0.254000000
D/UDP-TIMING(17390): 1269 0 0.246321000
D/UDP-TIMING(17390): 1270 0 0.238640000
D/UDP-TIMING(17390): 1271 0 0.261380000
D/UDP-TIMING(17390): 1272 0 0.253643000
D/UDP-TIMING(17390): 1273 0 0.245987000
D/UDP-TIMING(17390): 1274 0 0.238316000
D/UDP-TIMING(17390): 1275 0 0.260293000
D/UDP-TIMING(17390): 1276 0 0.252612000
D/UDP-TIMING(17390): 1277 0 0.244938000
D/UDP-TIMING(17390): 1278 0 0.237253000
D/UDP-TIMING(17390): 1279 0 0.259928000
D/UDP-TIMING(17390): 1280 0 0.252249000
D/UDP-TIMING(17390): 1281 0 0.244602000
D/UDP-TIMING(17390): 1282 0 0.236925000
D/UDP-TIMING(17390): 1283 0 0.258880000
D/UDP-TIMING(17390): 1284 0 0.251240000
D/UDP-TIMING(17390): 1285 0 0.243613000
D/UDP-TIMING(17390): 1286 0 0.235941000
D/UDP-TIMING(17390): 1287 0 0.258538000
D/UDP-TIMING(17390): 1288 0 0.250861000
D/UDP-TIMING(17390): 1289 0 0.243179000
D/UDP-TIMING(17390): 1290 0 0.235501000
D/UDP-TIMING(17390): 1291 0 0.257800000
D/UDP-TIMING(17390): 1292 0 0.250119000
D/UDP-TIMING(17390): 1293 0 0.242437000
D/UDP-TIMING(17390): 1294 0 0.264816000
D/UDP-TIMING(17390): 1295 0 0.257141000
D/UDP-TIMING(17390): 1296 0 0.249459000
D/UDP-TIMING(17390): 1297 0 0.241781000
D/UDP-TIMING(17390): 1298 0 0.234107000
D/UDP-TIMING(17390): 1299 0 0.256166000
D/UDP-TIMING(17390): 1300 0 0.248509000
D/UDP-TIMING(17390): 1301 0 0.240835000
D/UDP-TIMING(17390): 1302 0 0.263184000
D/UDP-TIMING(17390): 1303 0 0.255485000
D/UDP-TIMING(17390): 1304 0 0.247806000
D/UDP-TIMING(17390): 1305 0 0.240125000
D/UDP-TIMING(17390): 1306 0 0.262383000
D/UDP-TIMING(17390): 1307 0 0.254709000
D/UDP-TIMING(17390): 1308 0 0.247027000
D/UDP-TIMING(17390): 1309 0 0.239345000
D/UDP-TIMING(17390): 1310 0 0.261636000
D/UDP-TIMING(17390): 1311 0 0.254007000
D/UDP-TIMING(17390): 1312 0 0.246357000
D/UDP-TIMING(17390): 1313 0 0.238700000
D/UDP-TIMING(17390): 1314 0 0.249022000
D/UDP-TIMING(17390): 1315 0 0.241350000
D/UDP-TIMING(17390): 1316 0 0.233672000
D/UDP-TIMING(17390): 1317 0 0.255544000
D/UDP-TIMING(17390): 1318 0 0.247877000
D/UDP-TIMING(17390): 1319 0 0.240289000
E/TrafficStats( 1673): [QCTMM]tryAll index=0
E/TrafficStats( 1673): [QCTMM]tryAll index=1
E/TrafficStats( 1673): [QCTMM]tryAll index=2
E/TrafficStats( 1673): [QCTMM]tryAll index=0
E/TrafficStats( 1673): [QCTMM]tryAll index=1
E/TrafficStats( 1673): [QCTMM]tryAll index=2
D/UDP-TIMING(17390): 1320 0 0.262909000
D/UDP-TIMING(17390): 1321 0 0.255240000
D/UDP-TIMING(17390): 1322 0 0.247579000
D/UDP-TIMING(17390): 1323 0 0.239917000
D/DATA    ( 1860): sentSinceLastRecv=0,watchdogTrigger=10,maxindex=0
D/UDP-TIMING(17390): 1324 0 0.262330000
D/UDP-TIMING(17390): 1325 0 0.254652000
D/UDP-TIMING(17390): 1326 0 0.246990000
D/UDP-TIMING(17390): 1327 0 0.239306000
D/UDP-TIMING(17390): 1328 0 0.261561000
D/UDP-TIMING(17390): 1329 0 0.253944000
D/UDP-TIMING(17390): 1330 0 0.246269000
D/UDP-TIMING(17390): 1331 0 0.238647000
D/UDP-TIMING(17390): 1332 0 0.260726000
D/UDP-TIMING(17390): 1333 0 0.253065000
D/UDP-TIMING(17390): 1334 0 0.245402000
D/UDP-TIMING(17390): 1335 0 0.237721000
D/UDP-TIMING(17390): 1336 0 0.260393000
D/UDP-TIMING(17390): 1337 0 0.252716000
D/UDP-TIMING(17390): 1338 0 0.245082000
D/UDP-TIMING(17390): 1339 0 0.237417000
D/UDP-TIMING(17390): 1340 0 0.259415000
D/UDP-TIMING(17390): 1341 0 0.251763000
D/UDP-TIMING(17390): 1342 0 0.244083000
D/UDP-TIMING(17390): 1343 0 0.236402000
D/UDP-TIMING(17390): 1344 0 0.258989000
D/UDP-TIMING(17390): 1345 0 0.251350000
D/UDP-TIMING(17390): 1346 0 0.243673000
D/UDP-TIMING(17390): 1347 0 0.235996000
D/UDP-TIMING(17390): 1348 0 0.257975000
D/UDP-TIMING(17390): 1349 0 0.250311000
D/UDP-TIMING(17390): 1350 0 0.242622000
D/UDP-TIMING(17390): 1351 0 0.234960000
D/UDP-TIMING(17390): 1352 0 0.256943000
D/UDP-TIMING(17390): 1353 0 0.249307000
D/UDP-TIMING(17390): 1354 0 0.241625000
D/UDP-TIMING(17390): 1355 0 0.233894000
D/UDP-TIMING(17390): 1356 0 0.256607000
D/UDP-TIMING(17390): 1357 0 0.248985000
D/UDP-TIMING(17390): 1358 0 0.241363000
D/UDP-TIMING(17390): 1359 0 0.233760000
D/UDP-TIMING(17390): 1360 0 0.256234000
D/UDP-TIMING(17390): 1361 0 0.248555000
D/UDP-TIMING(17390): 1362 0 0.240907000
D/UDP-TIMING(17390): 1363 0 0.262960000
D/UDP-TIMING(17390): 1364 0 0.255242000
D/UDP-TIMING(17390): 1365 0 0.247561000
D/UDP-TIMING(17390): 1366 0 0.239868000
D/UDP-TIMING(17390): 1367 0 0.262184000
D/UDP-TIMING(17390): 1368 0 0.254542000
D/UDP-TIMING(17390): 1369 0 0.246892000
D/UDP-TIMING(17390): 1370 0 0.239275000
D/UDP-TIMING(17390): 1371 0 0.261933000
D/UDP-TIMING(17390): 1372 0 0.254355000
D/UDP-TIMING(17390): 1373 0 0.246698000
D/UDP-TIMING(17390): 1374 0 0.239064000
D/UDP-TIMING(17390): 1375 0 0.261151000
D/UDP-TIMING(17390): 1376 0 0.253472000
D/UDP-TIMING(17390): 1377 0 0.245795000
D/UDP-TIMING(17390): 1378 0 0.238128000
D/UDP-TIMING(17390): 1379 0 0.260647000
D/UDP-TIMING(17390): 1380 0 0.253000000
D/UDP-TIMING(17390): 1381 0 0.245317000
D/UDP-TIMING(17390): 1382 0 0.237646000
D/UDP-TIMING(17390): 1383 0 0.259747000
D/UDP-TIMING(17390): 1384 0 0.252075000
D/UDP-TIMING(17390): 1385 0 0.244424000
D/UDP-TIMING(17390): 1386 0 0.236763000
D/UDP-TIMING(17390): 1387 0 0.259326000
D/UDP-TIMING(17390): 1388 0 0.251665000
D/UDP-TIMING(17390): 1389 0 0.244039000
D/UDP-TIMING(17390): 1390 0 0.236370000
D/UDP-TIMING(17390): 1391 0 0.258450000
D/UDP-TIMING(17390): 1392 0 0.250772000
D/UDP-TIMING(17390): 1393 0 0.243110000
D/UDP-TIMING(17390): 1394 0 0.265643000
D/UDP-TIMING(17390): 1395 0 0.257971000
D/UDP-TIMING(17390): 1396 0 0.250339000
D/UDP-TIMING(17390): 1397 0 0.242677000
D/UDP-TIMING(17390): 1398 0 0.235089000
D/UDP-TIMING(17390): 1399 0 0.257103000
D/UDP-TIMING(17390): 1400 0 0.249534000
D/UDP-TIMING(17390): 1401 0 0.241861000
D/UDP-TIMING(17390): 1402 0 0.234176000
D/UDP-TIMING(17390): 1403 0 0.256774000
D/UDP-TIMING(17390): 1404 0 0.249107000
D/UDP-TIMING(17390): 1405 0 0.241430000
D/UDP-TIMING(17390): 1406 0 0.233808000
D/UDP-TIMING(17390): 1407 0 0.255795000
D/UDP-TIMING(17390): 1408 0 0.248157000
D/UDP-TIMING(17390): 1409 0 0.240473000
D/UDP-TIMING(17390): 1410 0 0.263183000
D/UDP-TIMING(17390): 1411 0 0.255594000
D/UDP-TIMING(17390): 1412 0 0.248019000
D/UDP-TIMING(17390): 1413 0 0.240403000
D/UDP-TIMING(17390): 1414 0 0.237954000
D/UDP-TIMING(17390): 1415 0 0.252235000
D/UDP-TIMING(17390): 1416 0 0.244625000
D/UDP-TIMING(17390): 1417 0 0.236991000
D/UDP-TIMING(17390): 1418 0 0.259658000
D/UDP-TIMING(17390): 1419 0 0.252056000
D/UDP-TIMING(17390): 1420 0 0.244434000
D/UDP-TIMING(17390): 1421 0 0.236801000
D/UDP-TIMING(17390): 1422 0 0.258748000
E/TrafficStats( 1673): [QCTMM]tryAll index=0
D/UDP-TIMING(17390): 1423 0 0.251066000
D/UDP-TIMING(17390): 1424 0 0.243410000
D/UDP-TIMING(17390): 1425 0 0.235737000
E/TrafficStats( 1673): [QCTMM]tryAll index=1
E/TrafficStats( 1673): [QCTMM]tryAll index=2
E/TrafficStats( 1673): [QCTMM]tryAll index=0
E/TrafficStats( 1673): [QCTMM]tryAll index=1
E/TrafficStats( 1673): [QCTMM]tryAll index=2
D/DATA    ( 1860): sentSinceLastRecv=0,watchdogTrigger=10,maxindex=0
D/UDP-TIMING(17390): 1426 0 0.258758000
D/UDP-TIMING(17390): 1427 0 0.251104000
D/UDP-TIMING(17390): 1428 0 0.243422000
D/UDP-TIMING(17390): 1429 0 0.235760000
D/UDP-TIMING(17390): 1430 0 0.257371000
D/UDP-TIMING(17390): 1431 0 0.249746000
D/UDP-TIMING(17390): 1432 0 0.242070000
D/UDP-TIMING(17390): 1433 0 0.234459000
D/UDP-TIMING(17390): 1434 0 0.256840000
D/UDP-TIMING(17390): 1435 0 0.249266000
D/UDP-TIMING(17390): 1436 0 0.241652000
D/UDP-TIMING(17390): 1437 0 0.234036000
D/UDP-TIMING(17390): 1438 0 0.256755000
D/UDP-TIMING(17390): 1439 0 0.249126000
D/UDP-TIMING(17390): 1440 0 0.241496000
D/UDP-TIMING(17390): 1441 0 0.263544000
D/UDP-TIMING(17390): 1442 0 0.255954000
D/UDP-TIMING(17390): 1443 0 0.248335000
D/UDP-TIMING(17390): 1444 0 0.240731000
D/UDP-TIMING(17390): 1445 0 0.263382000
D/UDP-TIMING(17390): 1446 0 0.255717000
D/UDP-TIMING(17390): 1447 0 0.248031000
D/UDP-TIMING(17390): 1448 0 0.240353000
D/UDP-TIMING(17390): 1449 0 0.262393000
D/UDP-TIMING(17390): 1450 0 0.254762000
D/UDP-TIMING(17390): 1451 0 0.247083000
D/UDP-TIMING(17390): 1452 0 0.239405000
D/UDP-TIMING(17390): 1453 0 0.262001000
D/UDP-TIMING(17390): 1454 0 0.254374000
D/UDP-TIMING(17390): 1455 0 0.246694000
D/UDP-TIMING(17390): 1456 0 0.239015000
D/UDP-TIMING(17390): 1457 0 0.261145000
D/UDP-TIMING(17390): 1458 0 0.253552000
D/UDP-TIMING(17390): 1459 0 0.245885000
D/UDP-TIMING(17390): 1460 0 0.238199000
D/UDP-TIMING(17390): 1461 0 0.260736000
D/UDP-TIMING(17390): 1462 0 0.253058000
D/UDP-TIMING(17390): 1463 0 0.245378000
D/UDP-TIMING(17390): 1464 0 0.237691000
D/UDP-TIMING(17390): 1465 0 0.259675000
D/UDP-TIMING(17390): 1466 0 0.251997000
D/UDP-TIMING(17390): 1467 0 0.244317000
D/UDP-TIMING(17390): 1468 0 0.236662000
D/UDP-TIMING(17390): 1469 0 0.259253000
D/UDP-TIMING(17390): 1470 0 0.251690000
D/UDP-TIMING(17390): 1471 0 0.244034000
D/UDP-TIMING(17390): 1472 0 0.236386000
D/UDP-TIMING(17390): 1473 0 0.258410000
D/UDP-TIMING(17390): 1474 0 0.250788000
D/UDP-TIMING(17390): 1475 0 0.243109000
D/UDP-TIMING(17390): 1476 0 0.265765000
D/UDP-TIMING(17390): 1477 0 0.258091000
D/UDP-TIMING(17390): 1478 0 0.250414000
D/UDP-TIMING(17390): 1479 0 0.242737000
D/UDP-TIMING(17390): 1480 0 0.264691000
D/UDP-TIMING(17390): 1481 0 0.257031000
D/UDP-TIMING(17390): 1482 0 0.249354000
D/UDP-TIMING(17390): 1483 0 0.241631000
D/UDP-TIMING(17390): 1484 0 0.233968000
D/UDP-TIMING(17390): 1485 0 0.256351000
D/UDP-TIMING(17390): 1486 0 0.248754000
D/UDP-TIMING(17390): 1487 0 0.241101000
D/UDP-TIMING(17390): 1488 0 0.264044000
D/UDP-TIMING(17390): 1489 0 0.256366000
D/UDP-TIMING(17390): 1490 0 0.248709000
D/UDP-TIMING(17390): 1491 0 0.241022000
D/UDP-TIMING(17390): 1492 0 0.262755000
D/UDP-TIMING(17390): 1493 0 0.255100000
D/UDP-TIMING(17390): 1494 0 0.247417000
D/UDP-TIMING(17390): 1495 0 0.269984000
D/UDP-TIMING(17390): 1496 0 0.262275000
D/UDP-TIMING(17390): 1497 0 0.254649000
D/UDP-TIMING(17390): 1498 0 0.247048000
D/UDP-TIMING(17390): 1499 0 0.239449000
D/UDP-TIMING(17390): 1500 0 0.261430000
D/UDP-TIMING(17390): 1501 0 0.253829000
D/UDP-TIMING(17390): 1502 0 0.246193000
D/UDP-TIMING(17390): 1503 0 0.238496000
D/UDP-TIMING(17390): 1504 0 0.261060000
D/UDP-TIMING(17390): 1505 0 0.253401000
D/UDP-TIMING(17390): 1506 0 0.245670000
D/UDP-TIMING(17390): 1507 0 0.267707000
D/UDP-TIMING(17390): 1508 0 0.260015000
D/UDP-TIMING(17390): 1509 0 0.252414000
D/UDP-TIMING(17390): 1510 0 0.244755000
D/UDP-TIMING(17390): 1511 0 0.237121000
D/UDP-TIMING(17390): 1512 0 0.259841000
D/UDP-TIMING(17390): 1513 0 0.252175000
D/UDP-TIMING(17390): 1514 0 0.244495000
D/UDP-TIMING(17390): 1515 0 0.237931000
D/UDP-TIMING(17390): 1516 0 0.256253000
D/UDP-TIMING(17390): 1517 0 0.248494000
D/UDP-TIMING(17390): 1518 0 0.240811000
D/UDP-TIMING(17390): 1519 0 0.233143000
D/UDP-TIMING(17390): 1520 0 0.255772000
D/UDP-TIMING(17390): 1521 0 0.248117000
D/UDP-TIMING(17390): 1522 0 0.240469000
E/TrafficStats( 1673): [QCTMM]tryAll index=0
D/UDP-TIMING(17390): 1523 0 0.262587000
D/UDP-TIMING(17390): 1524 0 0.254938000
D/UDP-TIMING(17390): 1525 0 0.247291000
D/UDP-TIMING(17390): 1526 0 0.239617000
E/TrafficStats( 1673): [QCTMM]tryAll index=1
E/TrafficStats( 1673): [QCTMM]tryAll index=2
E/TrafficStats( 1673): [QCTMM]tryAll index=0
E/TrafficStats( 1673): [QCTMM]tryAll index=1
E/TrafficStats( 1673): [QCTMM]tryAll index=2
D/DATA    ( 1860): sentSinceLastRecv=0,watchdogTrigger=10,maxindex=0
D/UDP-TIMING(17390): 1527 0 0.262630000
D/UDP-TIMING(17390): 1528 0 0.254953000
D/UDP-TIMING(17390): 1529 0 0.247271000
D/UDP-TIMING(17390): 1530 0 0.239591000
D/UDP-TIMING(17390): 1531 0 0.261107000
D/UDP-TIMING(17390): 1532 0 0.253490000
D/UDP-TIMING(17390): 1533 0 0.245859000
D/UDP-TIMING(17390): 1534 0 0.238224000
D/UDP-TIMING(17390): 1535 0 0.260846000
D/UDP-TIMING(17390): 1536 0 0.254293000
D/UDP-TIMING(17390): 1537 0 0.246580000
D/UDP-TIMING(17390): 1538 0 0.238903000
D/UDP-TIMING(17390): 1539 0 0.259892000
D/UDP-TIMING(17390): 1540 0 0.252246000
D/UDP-TIMING(17390): 1541 0 0.244569000
D/UDP-TIMING(17390): 1542 0 0.236891000
D/UDP-TIMING(17390): 1543 0 0.259162000
D/UDP-TIMING(17390): 1544 0 0.251500000
D/UDP-TIMING(17390): 1545 0 0.243863000
D/UDP-TIMING(17390): 1546 0 0.236254000
D/UDP-TIMING(17390): 1547 0 0.258825000
D/UDP-TIMING(17390): 1548 0 0.251180000
D/UDP-TIMING(17390): 1549 0 0.243502000
D/UDP-TIMING(17390): 1550 0 0.235819000
D/UDP-TIMING(17390): 1551 0 0.257528000
D/UDP-TIMING(17390): 1552 0 0.249883000
D/UDP-TIMING(17390): 1553 0 0.242198000
D/UDP-TIMING(17390): 1554 0 0.265277000
D/UDP-TIMING(17390): 1555 0 0.257602000
D/UDP-TIMING(17390): 1556 0 0.249978000
D/UDP-TIMING(17390): 1557 0 0.242319000
D/UDP-TIMING(17390): 1558 0 0.234738000
D/UDP-TIMING(17390): 1559 0 0.256692000
D/UDP-TIMING(17390): 1560 0 0.249009000
D/UDP-TIMING(17390): 1561 0 0.241361000
D/UDP-TIMING(17390): 1562 0 0.233773000
D/UDP-TIMING(17390): 1563 0 0.256333000
D/UDP-TIMING(17390): 1564 0 0.248681000
D/UDP-TIMING(17390): 1565 0 0.241001000
D/UDP-TIMING(17390): 1566 0 0.233325000
D/UDP-TIMING(17390): 1567 0 0.255280000
D/UDP-TIMING(17390): 1568 0 0.247598000
D/UDP-TIMING(17390): 1569 0 0.239943000
D/UDP-TIMING(17390): 1570 0 0.262593000
D/UDP-TIMING(17390): 1571 0 0.254997000
D/UDP-TIMING(17390): 1572 0 0.247337000
D/UDP-TIMING(17390): 1573 0 0.239673000
D/UDP-TIMING(17390): 1574 0 0.261719000
D/UDP-TIMING(17390): 1575 0 0.254042000
D/UDP-TIMING(17390): 1576 0 0.246365000
D/UDP-TIMING(17390): 1577 0 0.238690000
D/UDP-TIMING(17390): 1578 0 0.261315000
D/UDP-TIMING(17390): 1579 0 0.253637000
D/UDP-TIMING(17390): 1580 0 0.245985000
D/UDP-TIMING(17390): 1581 0 0.238303000
D/UDP-TIMING(17390): 1582 0 0.260291000
D/UDP-TIMING(17390): 1583 0 0.252675000
D/UDP-TIMING(17390): 1584 0 0.245045000
D/UDP-TIMING(17390): 1585 0 0.237394000
D/UDP-TIMING(17390): 1586 0 0.260094000
D/UDP-TIMING(17390): 1587 0 0.252415000
D/UDP-TIMING(17390): 1588 0 0.244733000
D/UDP-TIMING(17390): 1589 0 0.237061000
D/UDP-TIMING(17390): 1590 0 0.259076000
D/UDP-TIMING(17390): 1591 0 0.251426000
D/UDP-TIMING(17390): 1592 0 0.243746000
D/UDP-TIMING(17390): 1593 0 0.266068000
D/UDP-TIMING(17390): 1594 0 0.258390000
D/UDP-TIMING(17390): 1595 0 0.250706000
D/UDP-TIMING(17390): 1596 0 0.243030000
D/UDP-TIMING(17390): 1597 0 0.235324000
D/UDP-TIMING(17390): 1598 0 0.257901000
D/UDP-TIMING(17390): 1599 0 0.250310000
D/UDP-TIMING(17390): 1600 0 0.242640000
D/UDP-TIMING(17390): 1601 0 0.234854000
D/UDP-TIMING(17390): 1602 0 0.257042000
D/UDP-TIMING(17390): 1603 0 0.249385000
D/UDP-TIMING(17390): 1604 0 0.241740000
D/UDP-TIMING(17390): 1605 0 0.234106000
D/UDP-TIMING(17390): 1606 0 0.256505000
D/UDP-TIMING(17390): 1607 0 0.248844000
D/UDP-TIMING(17390): 1608 0 0.241148000
D/UDP-TIMING(17390): 1609 0 0.263146000
D/UDP-TIMING(17390): 1610 0 0.255510000
D/UDP-TIMING(17390): 1611 0 0.247885000
D/UDP-TIMING(17390): 1612 0 0.240233000
D/UDP-TIMING(17390): 1613 0 0.262796000
D/UDP-TIMING(17390): 1614 0 0.255207000
D/UDP-TIMING(17390): 1615 0 0.247531000
D/UDP-TIMING(17390): 1616 0 0.238743000
D/UDP-TIMING(17390): 1617 0 0.249783000
D/UDP-TIMING(17390): 1618 0 0.242109000
D/UDP-TIMING(17390): 1619 0 0.234483000
D/UDP-TIMING(17390): 1620 0 0.256801000
D/UDP-TIMING(17390): 1621 0 0.249148000
D/UDP-TIMING(17390): 1622 0 0.241576000
D/UDP-TIMING(17390): 1623 0 0.233942000
D/UDP-TIMING(17390): 1624 0 0.255944000
D/UDP-TIMING(17390): 1625 0 0.248264000
E/TrafficStats( 1673): [QCTMM]tryAll index=0
D/UDP-TIMING(17390): 1626 0 0.240599000
E/TrafficStats( 1673): [QCTMM]tryAll index=1
E/TrafficStats( 1673): [QCTMM]tryAll index=2
E/TrafficStats( 1673): [QCTMM]tryAll index=0
E/TrafficStats( 1673): [QCTMM]tryAll index=1
E/TrafficStats( 1673): [QCTMM]tryAll index=2
D/DATA    ( 1860): sentSinceLastRecv=0,watchdogTrigger=10,maxindex=0
D/UDP-TIMING(17390): 1627 0 0.263776000
D/UDP-TIMING(17390): 1628 0 0.256118000
D/UDP-TIMING(17390): 1629 0 0.248436000
D/UDP-TIMING(17390): 1630 0 0.240780000
D/UDP-TIMING(17390): 1631 0 0.262317000
D/UDP-TIMING(17390): 1632 0 0.254692000
D/UDP-TIMING(17390): 1633 0 0.247010000
D/UDP-TIMING(17390): 1634 0 0.239333000
D/UDP-TIMING(17390): 1635 0 0.261986000
D/UDP-TIMING(17390): 1636 0 0.254308000
D/UDP-TIMING(17390): 1637 0 0.246630000
D/UDP-TIMING(17390): 1638 0 0.238947000
D/UDP-TIMING(17390): 1639 0 0.261139000
D/UDP-TIMING(17390): 1640 0 0.253502000
D/UDP-TIMING(17390): 1641 0 0.245820000
D/UDP-TIMING(17390): 1642 0 0.238166000
D/UDP-TIMING(17390): 1643 0 0.260584000
D/UDP-TIMING(17390): 1644 0 0.252985000
D/UDP-TIMING(17390): 1645 0 0.245362000
D/UDP-TIMING(17390): 1646 0 0.267495000
D/UDP-TIMING(17390): 1647 0 0.259816000
D/UDP-TIMING(17390): 1648 0 0.252135000
D/UDP-TIMING(17390): 1649 0 0.244480000
D/UDP-TIMING(17390): 1650 0 0.267010000
D/UDP-TIMING(17390): 1651 0 0.259325000
D/UDP-TIMING(17390): 1652 0 0.251643000
D/UDP-TIMING(17390): 1653 0 0.243965000
D/UDP-TIMING(17390): 1654 0 0.236281000
D/UDP-TIMING(17390): 1655 0 0.258324000
D/UDP-TIMING(17390): 1656 0 0.250698000
D/UDP-TIMING(17390): 1657 0 0.243044000
D/UDP-TIMING(17390): 1658 0 0.235415000
D/UDP-TIMING(17390): 1659 0 0.258308000
D/UDP-TIMING(17390): 1660 0 0.250629000
D/UDP-TIMING(17390): 1661 0 0.242980000
D/UDP-TIMING(17390): 1662 0 0.265061000
D/UDP-TIMING(17390): 1663 0 0.257381000
D/UDP-TIMING(17390): 1664 0 0.249699000
D/UDP-TIMING(17390): 1665 0 0.242022000
D/UDP-TIMING(17390): 1666 0 0.234340000
D/UDP-TIMING(17390): 1667 0 0.256385000
D/UDP-TIMING(17390): 1668 0 0.248702000
D/UDP-TIMING(17390): 1669 0 0.241043000
D/UDP-TIMING(17390): 1670 0 0.233410000
D/UDP-TIMING(17390): 1671 0 0.256011000
D/UDP-TIMING(17390): 1672 0 0.248344000
D/UDP-TIMING(17390): 1673 0 0.240659000
D/UDP-TIMING(17390): 1674 0 0.262674000
D/UDP-TIMING(17390): 1675 0 0.255001000
D/UDP-TIMING(17390): 1676 0 0.247352000
D/UDP-TIMING(17390): 1677 0 0.239671000
D/UDP-TIMING(17390): 1678 0 0.262296000
D/UDP-TIMING(17390): 1679 0 0.254691000
D/UDP-TIMING(17390): 1680 0 0.247016000
D/UDP-TIMING(17390): 1681 0 0.268996000
D/UDP-TIMING(17390): 1682 0 0.261317000
D/UDP-TIMING(17390): 1683 0 0.253693000
D/UDP-TIMING(17390): 1684 0 0.246068000
D/UDP-TIMING(17390): 1685 0 0.238486000
D/UDP-TIMING(17390): 1686 0 0.261487000
D/UDP-TIMING(17390): 1687 0 0.253839000
D/UDP-TIMING(17390): 1688 0 0.246085000
D/UDP-TIMING(17390): 1689 0 0.267698000
D/UDP-TIMING(17390): 1690 0 0.260021000
D/UDP-TIMING(17390): 1691 0 0.252343000
D/UDP-TIMING(17390): 1692 0 0.244656000
D/UDP-TIMING(17390): 1693 0 0.236972000
D/UDP-TIMING(17390): 1694 0 0.259598000
D/UDP-TIMING(17390): 1695 0 0.251923000
D/UDP-TIMING(17390): 1696 0 0.244251000
D/UDP-TIMING(17390): 1697 0 0.236626000
D/UDP-TIMING(17390): 1698 0 0.258629000
D/UDP-TIMING(17390): 1699 0 0.250947000
D/UDP-TIMING(17390): 1700 0 0.243246000
D/UDP-TIMING(17390): 1701 0 0.235565000
D/UDP-TIMING(17390): 1702 0 0.258160000
D/UDP-TIMING(17390): 1703 0 0.250482000
D/UDP-TIMING(17390): 1704 0 0.242803000
D/UDP-TIMING(17390): 1705 0 0.264935000
D/UDP-TIMING(17390): 1706 0 0.257252000
D/UDP-TIMING(17390): 1707 0 0.249574000
D/UDP-TIMING(17390): 1708 0 0.241899000
D/UDP-TIMING(17390): 1709 0 0.264178000
D/UDP-TIMING(17390): 1710 0 0.256517000
D/UDP-TIMING(17390): 1711 0 0.248920000
D/UDP-TIMING(17390): 1712 0 0.241199000
D/UDP-TIMING(17390): 1713 0 0.263790000
D/UDP-TIMING(17390): 1714 0 0.256061000
D/UDP-TIMING(17390): 1715 0 0.248315000
D/UDP-TIMING(17390): 1716 0 0.242562000
E/TrafficStats(16531): [QCTMM]tryAll index=0
E/TrafficStats(16531): [QCTMM]tryAll index=1
E/TrafficStats(16531): [QCTMM]tryAll index=2
E/TrafficStats(16531): [QCTMM]tryAll index=0
E/TrafficStats(16531): [QCTMM]tryAll index=1
E/TrafficStats(16531): [QCTMM]tryAll index=2
E/TrafficStats(16531): [QCTMM]tryAll index=0
E/TrafficStats(16531): [QCTMM]tryAll index=1
E/TrafficStats(16531): [QCTMM]tryAll index=2
E/TrafficStats(16531): [QCTMM]tryAll index=0
E/TrafficStats(16531): [QCTMM]tryAll index=1
E/TrafficStats(16531): [QCTMM]tryAll index=2
D/UDP-TIMING(17390): 1717 0 0.238029000
D/UDP-TIMING(17390): 1718 0 0.252412000
D/UDP-TIMING(17390): 1719 0 0.244710000
D/UDP-TIMING(17390): 1720 0 0.267403000
D/UDP-TIMING(17390): 1721 0 0.259656000
D/UDP-TIMING(17390): 1722 0 0.252059000
D/UDP-TIMING(17390): 1723 0 0.244377000
D/UDP-TIMING(17390): 1724 0 0.236720000
D/UDP-TIMING(17390): 1725 0 0.258676000
D/UDP-TIMING(17390): 1726 0 0.251056000
D/UDP-TIMING(17390): 1727 0 0.243364000
E/TrafficStats( 1673): [QCTMM]tryAll index=0
E/TrafficStats( 1673): [QCTMM]tryAll index=1
E/TrafficStats( 1673): [QCTMM]tryAll index=2
E/TrafficStats( 1673): [QCTMM]tryAll index=0
E/TrafficStats( 1673): [QCTMM]tryAll index=1
E/TrafficStats( 1673): [QCTMM]tryAll index=2
D/UDP-TIMING(17390): 1728 0 0.266456000
D/UDP-TIMING(17390): 1729 0 0.258738000
D/UDP-TIMING(17390): 1730 0 0.251121000
D/UDP-TIMING(17390): 1731 0 0.243498000
D/UDP-TIMING(17390): 1732 0 0.235770000
D/DATA    ( 1860): sentSinceLastRecv=0,watchdogTrigger=10,maxindex=0
D/UDP-TIMING(17390): 1733 0 0.257054000
D/UDP-TIMING(17390): 1734 0 0.249455000
D/UDP-TIMING(17390): 1735 0 0.241717000
D/UDP-TIMING(17390): 1736 0 0.234012000
D/UDP-TIMING(17390): 1737 0 0.256498000
D/UDP-TIMING(17390): 1738 0 0.248825000
D/UDP-TIMING(17390): 1739 0 0.241121000
D/UDP-TIMING(17390): 1740 0 0.263451000
D/UDP-TIMING(17390): 1741 0 0.255753000
D/UDP-TIMING(17390): 1742 0 0.248048000
D/UDP-TIMING(17390): 1743 0 0.240376000
D/UDP-TIMING(17390): 1744 0 0.262748000
D/UDP-TIMING(17390): 1745 0 0.255127000
D/UDP-TIMING(17390): 1746 0 0.247392000
D/UDP-TIMING(17390): 1747 0 0.239655000
D/UDP-TIMING(17390): 1748 0 0.261214000
D/UDP-TIMING(17390): 1749 0 0.253456000
D/UDP-TIMING(17390): 1750 0 0.245713000
D/UDP-TIMING(17390): 1751 0 0.238002000
D/UDP-TIMING(17390): 1752 0 0.261026000
D/UDP-TIMING(17390): 1753 0 0.253288000
D/UDP-TIMING(17390): 1754 0 0.245546000
D/UDP-TIMING(17390): 1755 0 0.237806000
D/UDP-TIMING(17390): 1756 0 0.259737000
D/UDP-TIMING(17390): 1757 0 0.252118000
D/UDP-TIMING(17390): 1758 0 0.244398000
D/UDP-TIMING(17390): 1759 0 0.236653000
D/UDP-TIMING(17390): 1760 0 0.259278000
D/UDP-TIMING(17390): 1761 0 0.251539000
D/UDP-TIMING(17390): 1762 0 0.243796000
D/UDP-TIMING(17390): 1763 0 0.236057000
D/UDP-TIMING(17390): 1764 0 0.257890000
D/UDP-TIMING(17390): 1765 0 0.250155000
D/UDP-TIMING(17390): 1766 0 0.242448000
D/UDP-TIMING(17390): 1767 0 0.234704000
D/UDP-TIMING(17390): 1768 0 0.256901000
D/UDP-TIMING(17390): 1769 0 0.249257000
D/UDP-TIMING(17390): 1770 0 0.241636000
D/UDP-TIMING(17390): 1771 0 0.233904000
D/UDP-TIMING(17390): 1772 0 0.256447000
D/UDP-TIMING(17390): 1773 0 0.248708000
D/UDP-TIMING(17390): 1774 0 0.241002000
D/UDP-TIMING(17390): 1775 0 0.262933000
D/UDP-TIMING(17390): 1776 0 0.255294000
D/UDP-TIMING(17390): 1777 0 0.247556000
D/UDP-TIMING(17390): 1778 0 0.239818000
D/UDP-TIMING(17390): 1779 0 0.262450000
D/UDP-TIMING(17390): 1780 0 0.254746000
D/UDP-TIMING(17390): 1781 0 0.247066000
D/UDP-TIMING(17390): 1782 0 0.239395000
D/UDP-TIMING(17390): 1783 0 0.261402000
D/UDP-TIMING(17390): 1784 0 0.253682000
D/UDP-TIMING(17390): 1785 0 0.245947000
D/UDP-TIMING(17390): 1786 0 0.238208000
D/UDP-TIMING(17390): 1787 0 0.260743000
D/UDP-TIMING(17390): 1788 0 0.253009000
D/UDP-TIMING(17390): 1789 0 0.245270000
D/UDP-TIMING(17390): 1790 0 0.237530000
D/UDP-TIMING(17390): 1791 0 0.259515000
D/UDP-TIMING(17390): 1792 0 0.251777000
D/UDP-TIMING(17390): 1793 0 0.244068000
D/UDP-TIMING(17390): 1794 0 0.236364000
D/UDP-TIMING(17390): 1795 0 0.258952000
D/UDP-TIMING(17390): 1796 0 0.251290000
D/UDP-TIMING(17390): 1797 0 0.243564000
D/UDP-TIMING(17390): 1798 0 0.235828000
D/UDP-TIMING(17390): 1799 0 0.257841000
D/UDP-TIMING(17390): 1800 0 0.250134000
D/UDP-TIMING(17390): 1801 0 0.242404000
D/UDP-TIMING(17390): 1802 0 0.234656000
D/UDP-TIMING(17390): 1803 0 0.257097000
D/UDP-TIMING(17390): 1804 0 0.249384000
D/UDP-TIMING(17390): 1805 0 0.241646000
D/UDP-TIMING(17390): 1806 0 0.233910000
D/UDP-TIMING(17390): 1807 0 0.255900000
D/UDP-TIMING(17390): 1808 0 0.248246000
D/UDP-TIMING(17390): 1809 0 0.240598000
D/UDP-TIMING(17390): 1810 0 0.263174000
D/UDP-TIMING(17390): 1811 0 0.255452000
D/UDP-TIMING(17390): 1812 0 0.247752000
D/UDP-TIMING(17390): 1813 0 0.240010000
D/UDP-TIMING(17390): 1814 0 0.261930000
D/UDP-TIMING(17390): 1815 0 0.254184000
D/UDP-TIMING(17390): 1816 0 0.246469000
D/UDP-TIMING(17390): 1817 0 0.238738000
D/UDP-TIMING(17390): 1818 0 0.237399000
D/UDP-TIMING(17390): 1819 0 0.250951000
D/UDP-TIMING(17390): 1820 0 0.243221000
D/UDP-TIMING(17390): 1821 0 0.235548000
D/UDP-TIMING(17390): 1822 0 0.257670000
D/UDP-TIMING(17390): 1823 0 0.250016000
D/UDP-TIMING(17390): 1824 0 0.242386000
D/UDP-TIMING(17390): 1825 0 0.234673000
D/UDP-TIMING(17390): 1826 0 0.257118000
D/UDP-TIMING(17390): 1827 0 0.249377000
D/UDP-TIMING(17390): 1828 0 0.241631000
D/UDP-TIMING(17390): 1829 0 0.233964000
E/TrafficStats( 1673): [QCTMM]tryAll index=0
E/TrafficStats( 1673): [QCTMM]tryAll index=1
E/TrafficStats( 1673): [QCTMM]tryAll index=2
E/TrafficStats( 1673): [QCTMM]tryAll index=0
E/TrafficStats( 1673): [QCTMM]tryAll index=1
E/TrafficStats( 1673): [QCTMM]tryAll index=2
D/UDP-TIMING(17390): 1830 0 0.256556000
D/UDP-TIMING(17390): 1831 0 0.248817000
D/UDP-TIMING(17390): 1832 0 0.241073000
D/DATA    ( 1860): sentSinceLastRecv=0,watchdogTrigger=10,maxindex=0
D/UDP-TIMING(17390): 1833 0 0.262837000
D/UDP-TIMING(17390): 1834 0 0.255066000
D/UDP-TIMING(17390): 1835 0 0.247318000
D/UDP-TIMING(17390): 1836 0 0.239573000
D/UDP-TIMING(17390): 1837 0 0.262100000
D/UDP-TIMING(17390): 1838 0 0.254371000
D/UDP-TIMING(17390): 1839 0 0.246625000
D/UDP-TIMING(17390): 1840 0 0.238879000
D/UDP-TIMING(17390): 1841 0 0.260964000
D/UDP-TIMING(17390): 1842 0 0.253397000
D/UDP-TIMING(17390): 1843 0 0.245789000
D/UDP-TIMING(17390): 1844 0 0.238056000
D/UDP-TIMING(17390): 1845 0 0.259891000
D/UDP-TIMING(17390): 1846 0 0.252184000
D/UDP-TIMING(17390): 1847 0 0.244446000
D/UDP-TIMING(17390): 1848 0 0.236700000
D/UDP-TIMING(17390): 1849 0 0.259288000
D/UDP-TIMING(17390): 1850 0 0.251542000
D/UDP-TIMING(17390): 1851 0 0.243796000
D/UDP-TIMING(17390): 1852 0 0.236051000
D/UDP-TIMING(17390): 1853 0 0.258571000
D/UDP-TIMING(17390): 1854 0 0.250850000
D/UDP-TIMING(17390): 1855 0 0.243186000
D/UDP-TIMING(17390): 1856 0 0.235487000
D/UDP-TIMING(17390): 1857 0 0.257490000
D/UDP-TIMING(17390): 1858 0 0.249890000
D/UDP-TIMING(17390): 1859 0 0.242160000
D/UDP-TIMING(17390): 1860 0 0.234425000
D/UDP-TIMING(17390): 1861 0 0.257052000
D/UDP-TIMING(17390): 1862 0 0.249315000
D/UDP-TIMING(17390): 1863 0 0.241567000
D/UDP-TIMING(17390): 1864 0 0.263426000
D/UDP-TIMING(17390): 1865 0 0.255729000
D/UDP-TIMING(17390): 1866 0 0.247991000
D/UDP-TIMING(17390): 1867 0 0.240245000
