V/StatusBarPolicy( 1816): cdmaLevel:4;max:4
D/StatusBarPolicy( 1816): iconLevel:4
D/StatusBarPolicy( 1816): hasService()=true ,mDataState=2 ,mPhone.htcModemLinkOn()=false ,mDataActivity=3
D/StatusBarPolicy( 1816): slotType[0]=RUIM
D/StatusBarPolicy( 1816): hasService()=true ,mDataState=2 ,mPhone.htcModemLinkOn()=false ,mDataActivity=1
D/StatusBarPolicy( 1816): slotType[0]=RUIM
D/StatusBarPolicy( 1816): iconIndex=1
V/StatusBarPolicy( 1816): cdmaLevel:2;max:4
D/StatusBarPolicy( 1816): iconLevel:2
D/StatusBarPolicy( 1816): iconIndex=1
V/StatusBarPolicy( 1816): cdmaLevel:4;max:4
D/StatusBarPolicy( 1816): iconLevel:4
D/StatusBarPolicy( 1816): iconIndex=1
V/StatusBarPolicy( 1816): cdmaLevel:2;max:4
D/StatusBarPolicy( 1816): iconLevel:2
D/StatusBarPolicy( 1816): iconIndex=1
V/StatusBarPolicy( 1816): cdmaLevel:4;max:4
D/StatusBarPolicy( 1816): iconLevel:4
V/DeviceStorageMonitorService( 1673): freeMemory=2097799168
D/DeviceStorageMonitorService( 1673): OoO SMS Memory available. SMS_AVAILABLE_THRESHOLD == 524288
I/DeviceStorageMonitorService( 1673): Posting Message again
D/StatusBarPolicy( 1816): iconIndex=1
V/StatusBarPolicy( 1816): cdmaLevel:3;max:4
D/StatusBarPolicy( 1816): iconLevel:3
D/StatusBarPolicy( 1816): hasService()=true ,mDataState=2 ,mPhone.htcModemLinkOn()=false ,mDataActivity=0
D/StatusBarPolicy( 1816): slotType[0]=RUIM
D/StatusBarPolicy( 1816): iconIndex=1
V/StatusBarPolicy( 1816): cdmaLevel:2;max:4
D/StatusBarPolicy( 1816): iconLevel:2
D/StatusBarPolicy( 1816): iconIndex=1
V/StatusBarPolicy( 1816): cdmaLevel:1;max:4
D/StatusBarPolicy( 1816): iconLevel:1
D/StatusBarPolicy( 1816): hasService()=true ,mDataState=2 ,mPhone.htcModemLinkOn()=false ,mDataActivity=0
D/StatusBarPolicy( 1816): slotType[0]=RUIM
D/StatusBarPolicy( 1816): iconIndex=1
V/StatusBarPolicy( 1816): cdmaLevel:2;max:4
D/StatusBarPolicy( 1816): iconLevel:2
D/StatusBarPolicy( 1816): iconIndex=1
V/StatusBarPolicy( 1816): cdmaLevel:3;max:4
D/StatusBarPolicy( 1816): iconLevel:3
D/StatusBarPolicy( 1816): iconIndex=1
V/StatusBarPolicy( 1816): cdmaLevel:4;max:4
D/StatusBarPolicy( 1816): iconLevel:4
V/DeviceStorageMonitorService( 1673): freeMemory=2097799168
D/DeviceStorageMonitorService( 1673): OoO SMS Memory available. SMS_AVAILABLE_THRESHOLD == 524288
I/DeviceStorageMonitorService( 1673): Posting Message again
D/StatusBarPolicy( 1816): iconIndex=1
V/StatusBarPolicy( 1816): cdmaLevel:3;max:4
D/StatusBarPolicy( 1816): iconLevel:3
D/StatusBarPolicy( 1816): hasService()=true ,mDataState=2 ,mPhone.htcModemLinkOn()=false ,mDataActivity=0
D/StatusBarPolicy( 1816): slotType[0]=RUIM
D/StatusBarPolicy( 1816): hasService()=true ,mDataState=2 ,mPhone.htcModemLinkOn()=false ,mDataActivity=3
D/StatusBarPolicy( 1816): slotType[0]=RUIM
D/StatusBarPolicy( 1816): hasService()=true ,mDataState=2 ,mPhone.htcModemLinkOn()=false ,mDataActivity=1
D/StatusBarPolicy( 1816): slotType[0]=RUIM
D/StatusBarPolicy( 1816): iconIndex=1
V/StatusBarPolicy( 1816): cdmaLevel:4;max:4
D/StatusBarPolicy( 1816): iconLevel:4
D/StatusBarPolicy( 1816): iconIndex=1
V/StatusBarPolicy( 1816): cdmaLevel:3;max:4
D/StatusBarPolicy( 1816): iconLevel:3
D/StatusBarPolicy( 1816): iconIndex=1
V/StatusBarPolicy( 1816): cdmaLevel:4;max:4
D/StatusBarPolicy( 1816): iconLevel:4
D/StatusBarPolicy( 1816): iconIndex=1
V/StatusBarPolicy( 1816): cdmaLevel:2;max:4
D/StatusBarPolicy( 1816): iconLevel:2
V/DeviceStorageMonitorService( 1673): freeMemory=2097799168
D/DeviceStorageMonitorService( 1673): OoO SMS Memory available. SMS_AVAILABLE_THRESHOLD == 524288
I/DeviceStorageMonitorService( 1673): Posting Message again
D/StatusBarPolicy( 1816): iconIndex=1
V/StatusBarPolicy( 1816): cdmaLevel:3;max:4
D/StatusBarPolicy( 1816): iconLevel:3
D/StatusBarPolicy( 1816): iconIndex=1
V/StatusBarPolicy( 1816): cdmaLevel:2;max:4
D/StatusBarPolicy( 1816): iconLevel:2
D/StatusBarPolicy( 1816): iconIndex=1
V/StatusBarPolicy( 1816): cdmaLevel:3;max:4
D/StatusBarPolicy( 1816): iconLevel:3
V/DeviceStorageMonitorService( 1673): freeMemory=2097799168
D/DeviceStorageMonitorService( 1673): OoO SMS Memory available. SMS_AVAILABLE_THRESHOLD == 524288
I/DeviceStorageMonitorService( 1673): Posting Message again
D/StatusBarPolicy( 1816): iconIndex=1
V/StatusBarPolicy( 1816): cdmaLevel:4;max:4
D/StatusBarPolicy( 1816): iconLevel:4
D/StatusBarPolicy( 1816): hasService()=true ,mDataState=2 ,mPhone.htcModemLinkOn()=false ,mDataActivity=0
D/StatusBarPolicy( 1816): slotType[0]=RUIM
D/StatusBarPolicy( 1816): iconIndex=1
V/StatusBarPolicy( 1816): cdmaLevel:3;max:4
D/StatusBarPolicy( 1816): iconLevel:3
D/StatusBarPolicy( 1816): hasService()=true ,mDataState=2 ,mPhone.htcModemLinkOn()=false ,mDataActivity=0
D/StatusBarPolicy( 1816): slotType[0]=RUIM
D/StatusBarPolicy( 1816): iconIndex=1
V/StatusBarPolicy( 1816): cdmaLevel:4;max:4
D/StatusBarPolicy( 1816): iconLevel:4
D/StatusBarPolicy( 1816): hasService()=true ,mDataState=2 ,mPhone.htcModemLinkOn()=false ,mDataActivity=0
D/StatusBarPolicy( 1816): slotType[0]=RUIM
D/StatusBarPolicy( 1816): hasService()=true ,mDataState=2 ,mPhone.htcModemLinkOn()=false ,mDataActivity=2
D/StatusBarPolicy( 1816): slotType[0]=RUIM
D/StatusBarPolicy( 1816): hasService()=true ,mDataState=2 ,mPhone.htcModemLinkOn()=false ,mDataActivity=1
D/StatusBarPolicy( 1816): slotType[0]=RUIM
D/StatusBarPolicy( 1816): iconIndex=1
V/StatusBarPolicy( 1816): cdmaLevel:3;max:4
D/StatusBarPolicy( 1816): iconLevel:3
D/StatusBarPolicy( 1816): iconIndex=1
V/StatusBarPolicy( 1816): cdmaLevel:3;max:4
D/StatusBarPolicy( 1816): iconLevel:3
D/StatusBarPolicy( 1816): iconIndex=1
V/StatusBarPolicy( 1816): cdmaLevel:2;max:4
D/StatusBarPolicy( 1816): iconLevel:2
V/DeviceStorageMonitorService( 1673): freeMemory=2097799168
D/DeviceStorageMonitorService( 1673): OoO SMS Memory available. SMS_AVAILABLE_THRESHOLD == 524288
I/DeviceStorageMonitorService( 1673): Posting Message again
D/StatusBarPolicy( 1816): iconIndex=1
V/StatusBarPolicy( 1816): cdmaLevel:3;max:4
D/StatusBarPolicy( 1816): iconLevel:3
D/StatusBarPolicy( 1816): iconIndex=1
V/StatusBarPolicy( 1816): cdmaLevel:4;max:4
D/StatusBarPolicy( 1816): iconLevel:4
D/StatusBarPolicy( 1816): iconIndex=1
V/StatusBarPolicy( 1816): cdmaLevel:2;max:4
D/StatusBarPolicy( 1816): iconLevel:2
V/DeviceStorageMonitorService( 1673): freeMemory=2097799168
D/DeviceStorageMonitorService( 1673): OoO SMS Memory available. SMS_AVAILABLE_THRESHOLD == 524288
I/DeviceStorageMonitorService( 1673): Posting Message again
D/StatusBarPolicy( 1816): iconIndex=1
V/StatusBarPolicy( 1816): cdmaLevel:3;max:4
D/StatusBarPolicy( 1816): iconLevel:3
D/StatusBarPolicy( 1816): iconIndex=1
V/StatusBarPolicy( 1816): cdmaLevel:4;max:4
D/StatusBarPolicy( 1816): iconLevel:4
--------- beginning of /dev/log/main
D/UDP-TIMING(17390): 9346 0 0.246858000
D/UDP-TIMING(17390): 9347 0 0.272025000
D/UDP-TIMING(17390): 9348 0 0.266777000
D/UDP-TIMING(17390): 9349 0 0.261602000
D/UDP-TIMING(17390): 9350 0 0.256337000
D/UDP-TIMING(17390): 9351 0 0.251103000
D/UDP-TIMING(17390): 9352 0 0.245871000
D/UDP-TIMING(17390): 9353 0 0.270318000
D/UDP-TIMING(17390): 9354 0 0.265079000
D/UDP-TIMING(17390): 9355 0 0.259833000
D/UDP-TIMING(17390): 9356 0 0.254620000
D/UDP-TIMING(17390): 9357 0 0.249377000
D/UDP-TIMING(17390): 9358 0 0.244133000
D/UDP-TIMING(17390): 9359 0 0.238886000
D/UDP-TIMING(17390): 9360 0 0.263853000
D/UDP-TIMING(17390): 9361 0 0.258598000
D/UDP-TIMING(17390): 9362 0 0.253352000
D/UDP-TIMING(17390): 9363 0 0.248105000
D/UDP-TIMING(17390): 9364 0 0.242886000
D/UDP-TIMING(17390): 9365 0 0.237636000
D/UDP-TIMING(17390): 9366 0 0.262128000
D/UDP-TIMING(17390): 9367 0 0.256914000
D/UDP-TIMING(17390): 9368 0 0.251673000
D/UDP-TIMING(17390): 9369 0 0.246524000
D/UDP-TIMING(17390): 9370 0 0.241325000
D/UDP-TIMING(17390): 9371 0 0.236106000
D/UDP-TIMING(17390): 9372 0 0.261159000
D/UDP-TIMING(17390): 9373 0 0.255877000
D/UDP-TIMING(17390): 9374 0 0.250641000
D/UDP-TIMING(17390): 9375 0 0.245401000
D/UDP-TIMING(17390): 9376 0 0.269943000
D/UDP-TIMING(17390): 9377 0 0.264748000
D/UDP-TIMING(17390): 9378 0 0.259588000
D/UDP-TIMING(17390): 9379 0 0.254409000
D/UDP-TIMING(17390): 9380 0 0.249163000
D/UDP-TIMING(17390): 9381 0 0.243921000
D/UDP-TIMING(17390): 9382 0 0.238677000
D/UDP-TIMING(17390): 9383 0 0.263645000
D/UDP-TIMING(17390): 9384 0 0.258402000
D/UDP-TIMING(17390): 9385 0 0.253161000
D/UDP-TIMING(17390): 9386 0 0.247991000
D/UDP-TIMING(17390): 9387 0 0.272560000
D/UDP-TIMING(17390): 9388 0 0.267373000
D/UDP-TIMING(17390): 9389 0 0.262155000
D/UDP-TIMING(17390): 9390 0 0.257005000
D/UDP-TIMING(17390): 9391 0 0.251763000
D/UDP-TIMING(17390): 9392 0 0.246551000
D/UDP-TIMING(17390): 9393 0 0.240239000
D/UDP-TIMING(17390): 9394 0 0.235938000
D/UDP-TIMING(17390): 9395 0 0.255826000
D/UDP-TIMING(17390): 9396 0 0.250694000
D/UDP-TIMING(17390): 9397 0 0.245518000
D/UDP-TIMING(17390): 9398 0 0.240325000
D/UDP-TIMING(17390): 9399 0 0.235159000
D/UDP-TIMING(17390): 9400 0 0.259791000
D/UDP-TIMING(17390): 9401 0 0.254674000
D/UDP-TIMING(17390): 9402 0 0.249585000
D/UDP-TIMING(17390): 9403 0 0.244358000
D/UDP-TIMING(17390): 9404 0 0.239111000
D/UDP-TIMING(17390): 9405 0 0.234886000
D/UDP-TIMING(17390): 9406 0 0.258831000
D/UDP-TIMING(17390): 9407 0 0.253689000
D/UDP-TIMING(17390): 9408 0 0.248545000
D/UDP-TIMING(17390): 9409 0 0.243388000
D/UDP-TIMING(17390): 9410 0 0.238183000
D/UDP-TIMING(17390): 9411 0 0.262602000
D/UDP-TIMING(17390): 9412 0 0.257503000
D/UDP-TIMING(17390): 9413 0 0.252342000
D/UDP-TIMING(17390): 9414 0 0.247214000
D/UDP-TIMING(17390): 9415 0 0.272284000
D/UDP-TIMING(17390): 9416 0 0.267083000
D/UDP-TIMING(17390): 9417 0 0.261840000
D/UDP-TIMING(17390): 9418 0 0.256556000
D/UDP-TIMING(17390): 9419 0 0.251346000
D/UDP-TIMING(17390): 9420 0 0.246182000
D/UDP-TIMING(17390): 9421 0 0.240990000
D/UDP-TIMING(17390): 9422 0 0.235750000
E/TrafficStats( 1673): [QCTMM]tryAll index=0
E/TrafficStats( 1673): [QCTMM]tryAll index=1
E/TrafficStats( 1673): [QCTMM]tryAll index=2
E/TrafficStats( 1673): [QCTMM]tryAll index=0
E/TrafficStats( 1673): [QCTMM]tryAll index=1
D/UDP-TIMING(17390): 9423 0 0.260594000
D/UDP-TIMING(17390): 9424 0 0.255389000
D/UDP-TIMING(17390): 9425 0 0.250144000
D/UDP-TIMING(17390): 9426 0 0.244898000
D/UDP-TIMING(17390): 9427 0 0.239720000
E/TrafficStats( 1673): [QCTMM]tryAll index=2
D/DATA    ( 1860): sentSinceLastRecv=0,watchdogTrigger=10,maxindex=0
D/UDP-TIMING(17390): 9428 0 0.264505000
D/UDP-TIMING(17390): 9429 0 0.259345000
D/UDP-TIMING(17390): 9430 0 0.254220000
D/UDP-TIMING(17390): 9431 0 0.249052000
D/UDP-TIMING(17390): 9432 0 0.243809000
D/UDP-TIMING(17390): 9433 0 0.238597000
D/UDP-TIMING(17390): 9434 0 0.262898000
D/UDP-TIMING(17390): 9435 0 0.257686000
D/UDP-TIMING(17390): 9436 0 0.252444000
D/UDP-TIMING(17390): 9437 0 0.247201000
D/UDP-TIMING(17390): 9438 0 0.241958000
D/UDP-TIMING(17390): 9439 0 0.236708000
D/UDP-TIMING(17390): 9440 0 0.261461000
D/UDP-TIMING(17390): 9441 0 0.256209000
D/UDP-TIMING(17390): 9442 0 0.250960000
D/UDP-TIMING(17390): 9443 0 0.245710000
D/UDP-TIMING(17390): 9444 0 0.240434000
D/UDP-TIMING(17390): 9445 0 0.235263000
D/UDP-TIMING(17390): 9446 0 0.260582000
D/UDP-TIMING(17390): 9447 0 0.255448000
D/UDP-TIMING(17390): 9448 0 0.250282000
D/UDP-TIMING(17390): 9449 0 0.245156000
D/UDP-TIMING(17390): 9450 0 0.240066000
D/UDP-TIMING(17390): 9451 0 0.264325000
D/UDP-TIMING(17390): 9452 0 0.259139000
D/UDP-TIMING(17390): 9453 0 0.253941000
D/UDP-TIMING(17390): 9454 0 0.248750000
D/UDP-TIMING(17390): 9455 0 0.243598000
D/UDP-TIMING(17390): 9456 0 0.238392000
D/UDP-TIMING(17390): 9457 0 0.263573000
D/UDP-TIMING(17390): 9458 0 0.258388000
D/UDP-TIMING(17390): 9459 0 0.253189000
D/UDP-TIMING(17390): 9460 0 0.247945000
D/UDP-TIMING(17390): 9461 0 0.242729000
D/UDP-TIMING(17390): 9462 0 0.237483000
D/UDP-TIMING(17390): 9463 0 0.261839000
D/UDP-TIMING(17390): 9464 0 0.256599000
D/UDP-TIMING(17390): 9465 0 0.251411000
D/UDP-TIMING(17390): 9466 0 0.246243000
D/UDP-TIMING(17390): 9467 0 0.241076000
D/UDP-TIMING(17390): 9468 0 0.235820000
D/UDP-TIMING(17390): 9469 0 0.260837000
D/UDP-TIMING(17390): 9470 0 0.255644000
D/UDP-TIMING(17390): 9471 0 0.250456000
D/UDP-TIMING(17390): 9472 0 0.245266000
D/UDP-TIMING(17390): 9473 0 0.240079000
D/UDP-TIMING(17390): 9474 0 0.264590000
D/UDP-TIMING(17390): 9475 0 0.259407000
D/UDP-TIMING(17390): 9476 0 0.254196000
D/UDP-TIMING(17390): 9477 0 0.248953000
D/UDP-TIMING(17390): 9478 0 0.243704000
D/UDP-TIMING(17390): 9479 0 0.238454000
D/UDP-TIMING(17390): 9480 0 0.263475000
D/UDP-TIMING(17390): 9481 0 0.258255000
D/UDP-TIMING(17390): 9482 0 0.253017000
D/UDP-TIMING(17390): 9483 0 0.247788000
D/UDP-TIMING(17390): 9484 0 0.242545000
D/UDP-TIMING(17390): 9485 0 0.237272000
D/UDP-TIMING(17390): 9486 0 0.261834000
D/UDP-TIMING(17390): 9487 0 0.256608000
D/UDP-TIMING(17390): 9488 0 0.251445000
D/UDP-TIMING(17390): 9489 0 0.246276000
D/UDP-TIMING(17390): 9490 0 0.241029000
D/UDP-TIMING(17390): 9491 0 0.235872000
D/UDP-TIMING(17390): 9492 0 0.260863000
D/UDP-TIMING(17390): 9493 0 0.255709000
I/EventLogService( 1837): Aggregate from 1339670994729 (log), 1339670994729 (data)
D/UDP-TIMING(17390): 9494 0 0.235951000
D/UDP-TIMING(17390): 9495 0 0.259332000
D/UDP-TIMING(17390): 9496 0 0.254065000
D/UDP-TIMING(17390): 9497 0 0.248913000
D/UDP-TIMING(17390): 9498 0 0.243671000
D/UDP-TIMING(17390): 9499 0 0.268932000
D/UDP-TIMING(17390): 9500 0 0.263771000
D/UDP-TIMING(17390): 9501 0 0.258681000
D/UDP-TIMING(17390): 9502 0 0.253477000
D/UDP-TIMING(17390): 9503 0 0.248357000
D/UDP-TIMING(17390): 9504 0 0.243160000
D/UDP-TIMING(17390): 9505 0 0.237981000
D/UDP-TIMING(17390): 9506 0 0.262920000
D/UDP-TIMING(17390): 9507 0 0.257766000
D/UDP-TIMING(17390): 9508 0 0.252557000
D/UDP-TIMING(17390): 9509 0 0.247373000
D/UDP-TIMING(17390): 9510 0 0.242145000
D/UDP-TIMING(17390): 9511 0 0.236921000
D/UDP-TIMING(17390): 9512 0 0.261721000
D/UDP-TIMING(17390): 9513 0 0.256547000
D/UDP-TIMING(17390): 9514 0 0.251370000
D/UDP-TIMING(17390): 9515 0 0.246248000
D/UDP-TIMING(17390): 9516 0 0.241066000
D/UDP-TIMING(17390): 9517 0 0.235838000
D/UDP-TIMING(17390): 9518 0 0.260805000
D/UDP-TIMING(17390): 9519 0 0.255560000
D/UDP-TIMING(17390): 9520 0 0.250347000
D/UDP-TIMING(17390): 9521 0 0.245101000
D/UDP-TIMING(17390): 9522 0 0.239851000
E/TrafficStats( 1673): [QCTMM]tryAll index=0
E/TrafficStats( 1673): [QCTMM]tryAll index=1
E/TrafficStats( 1673): [QCTMM]tryAll index=2
E/TrafficStats( 1673): [QCTMM]tryAll index=0
E/TrafficStats( 1673): [QCTMM]tryAll index=1
E/TrafficStats( 1673): [QCTMM]tryAll index=2
D/UDP-TIMING(17390): 9523 0 0.264798000
D/UDP-TIMING(17390): 9524 0 0.259669000
D/UDP-TIMING(17390): 9525 0 0.254435000
D/UDP-TIMING(17390): 9526 0 0.249275000
D/UDP-TIMING(17390): 9527 0 0.244077000
D/UDP-TIMING(17390): 9528 0 0.238821000
D/DATA    ( 1860): sentSinceLastRecv=0,watchdogTrigger=10,maxindex=0
D/UDP-TIMING(17390): 9529 0 0.263497000
D/UDP-TIMING(17390): 9530 0 0.258305000
D/UDP-TIMING(17390): 9531 0 0.253150000
D/UDP-TIMING(17390): 9532 0 0.247996000
D/UDP-TIMING(17390): 9533 0 0.242835000
D/UDP-TIMING(17390): 9534 0 0.237676000
D/UDP-TIMING(17390): 9535 0 0.262129000
D/UDP-TIMING(17390): 9536 0 0.256974000
D/UDP-TIMING(17390): 9537 0 0.251731000
D/UDP-TIMING(17390): 9538 0 0.246480000
D/UDP-TIMING(17390): 9539 0 0.241228000
D/UDP-TIMING(17390): 9540 0 0.266202000
D/UDP-TIMING(17390): 9541 0 0.260995000
D/UDP-TIMING(17390): 9542 0 0.255756000
D/UDP-TIMING(17390): 9543 0 0.250519000
D/UDP-TIMING(17390): 9544 0 0.245345000
D/UDP-TIMING(17390): 9545 0 0.269875000
D/UDP-TIMING(17390): 9546 0 0.264686000
D/UDP-TIMING(17390): 9547 0 0.259473000
D/UDP-TIMING(17390): 9548 0 0.254277000
D/UDP-TIMING(17390): 9549 0 0.249121000
D/UDP-TIMING(17390): 9550 0 0.243934000
D/UDP-TIMING(17390): 9551 0 0.269147000
D/UDP-TIMING(17390): 9552 0 0.263986000
D/UDP-TIMING(17390): 9553 0 0.258843000
D/UDP-TIMING(17390): 9554 0 0.253695000
D/UDP-TIMING(17390): 9555 0 0.248508000
D/UDP-TIMING(17390): 9556 0 0.243358000
D/UDP-TIMING(17390): 9557 0 0.238194000
D/UDP-TIMING(17390): 9558 0 0.262627000
D/UDP-TIMING(17390): 9559 0 0.257350000
D/UDP-TIMING(17390): 9560 0 0.252240000
D/UDP-TIMING(17390): 9561 0 0.247030000
D/UDP-TIMING(17390): 9562 0 0.241936000
D/UDP-TIMING(17390): 9563 0 0.236765000
D/UDP-TIMING(17390): 9564 0 0.261809000
D/UDP-TIMING(17390): 9565 0 0.256655000
D/UDP-TIMING(17390): 9566 0 0.251449000
D/UDP-TIMING(17390): 9567 0 0.246241000
D/UDP-TIMING(17390): 9568 0 0.270829000
D/UDP-TIMING(17390): 9569 0 0.265633000
D/UDP-TIMING(17390): 9570 0 0.260408000
D/UDP-TIMING(17390): 9571 0 0.255210000
D/UDP-TIMING(17390): 9572 0 0.250045000
D/UDP-TIMING(17390): 9573 0 0.244848000
D/UDP-TIMING(17390): 9574 0 0.239651000
D/UDP-TIMING(17390): 9575 0 0.234451000
D/UDP-TIMING(17390): 9576 0 0.259433000
D/UDP-TIMING(17390): 9577 0 0.254235000
D/UDP-TIMING(17390): 9578 0 0.249057000
D/UDP-TIMING(17390): 9579 0 0.243859000
D/UDP-TIMING(17390): 9580 0 0.238662000
D/UDP-TIMING(17390): 9581 0 0.263187000
D/UDP-TIMING(17390): 9582 0 0.258048000
D/UDP-TIMING(17390): 9583 0 0.252922000
D/UDP-TIMING(17390): 9584 0 0.247839000
D/UDP-TIMING(17390): 9585 0 0.242654000
D/UDP-TIMING(17390): 9586 0 0.237411000
D/UDP-TIMING(17390): 9587 0 0.262055000
D/UDP-TIMING(17390): 9588 0 0.256887000
D/UDP-TIMING(17390): 9589 0 0.251688000
D/UDP-TIMING(17390): 9590 0 0.246444000
D/UDP-TIMING(17390): 9591 0 0.241200000
D/UDP-TIMING(17390): 9592 0 0.265512000
D/UDP-TIMING(17390): 9593 0 0.260288000
D/UDP-TIMING(17390): 9594 0 0.255046000
E/TrafficStats(16531): [QCTMM]tryAll index=0
E/TrafficStats(16531): [QCTMM]tryAll index=1
E/TrafficStats(16531): [QCTMM]tryAll index=2
E/TrafficStats(16531): [QCTMM]tryAll index=0
E/TrafficStats(16531): [QCTMM]tryAll index=1
E/TrafficStats(16531): [QCTMM]tryAll index=2
E/TrafficStats(16531): [QCTMM]tryAll index=0
E/TrafficStats(16531): [QCTMM]tryAll index=1
E/TrafficStats(16531): [QCTMM]tryAll index=2
E/TrafficStats(16531): [QCTMM]tryAll index=0
E/TrafficStats(16531): [QCTMM]tryAll index=1
E/TrafficStats(16531): [QCTMM]tryAll index=2
D/dalvikvm(16531): GC_CONCURRENT freed 393K, 51% free 3362K/6855K, external 0K/0K, paused 7ms+3ms
D/UDP-TIMING(17390): 9595 0 0.240189000
D/UDP-TIMING(17390): 9596 0 0.236101000
D/UDP-TIMING(17390): 9597 0 0.254705000
D/UDP-TIMING(17390): 9598 0 0.249486000
D/UDP-TIMING(17390): 9599 0 0.244201000
D/UDP-TIMING(17390): 9600 0 0.239028000
D/UDP-TIMING(17390): 9601 0 0.233753000
D/UDP-TIMING(17390): 9602 0 0.258781000
D/UDP-TIMING(17390): 9603 0 0.253677000
D/UDP-TIMING(17390): 9604 0 0.248410000
D/UDP-TIMING(17390): 9605 0 0.243275000
D/UDP-TIMING(17390): 9606 0 0.238032000
D/UDP-TIMING(17390): 9607 0 0.262567000
D/UDP-TIMING(17390): 9608 0 0.257423000
D/UDP-TIMING(17390): 9609 0 0.252344000
D/UDP-TIMING(17390): 9610 0 0.247227000
D/UDP-TIMING(17390): 9611 0 0.241997000
D/UDP-TIMING(17390): 9612 0 0.236801000
D/UDP-TIMING(17390): 9613 0 0.261819000
D/UDP-TIMING(17390): 9614 0 0.256634000
D/UDP-TIMING(17390): 9615 0 0.251433000
D/UDP-TIMING(17390): 9616 0 0.246229000
D/UDP-TIMING(17390): 9617 0 0.240975000
D/UDP-TIMING(17390): 9618 0 0.265607000
D/UDP-TIMING(17390): 9619 0 0.260444000
D/UDP-TIMING(17390): 9620 0 0.255293000
D/UDP-TIMING(17390): 9621 0 0.250142000
D/UDP-TIMING(17390): 9622 0 0.245058000
E/TrafficStats( 1673): [QCTMM]tryAll index=0
E/TrafficStats( 1673): [QCTMM]tryAll index=1
E/TrafficStats( 1673): [QCTMM]tryAll index=2
D/UDP-TIMING(17390): 9623 0 0.270474000
D/UDP-TIMING(17390): 9624 0 0.265354000
D/UDP-TIMING(17390): 9625 0 0.260267000
D/UDP-TIMING(17390): 9626 0 0.255117000
D/UDP-TIMING(17390): 9627 0 0.249925000
D/UDP-TIMING(17390): 9628 0 0.244732000
D/UDP-TIMING(17390): 9629 0 0.239535000
E/TrafficStats( 1673): [QCTMM]tryAll index=0
E/TrafficStats( 1673): [QCTMM]tryAll index=1
E/TrafficStats( 1673): [QCTMM]tryAll index=2
D/UDP-TIMING(17390): 9630 0 0.239418000
D/DATA    ( 1860): sentSinceLastRecv=0,watchdogTrigger=10,maxindex=0
D/UDP-TIMING(17390): 9631 0 0.259062000
D/UDP-TIMING(17390): 9632 0 0.253846000
D/UDP-TIMING(17390): 9633 0 0.248602000
D/UDP-TIMING(17390): 9634 0 0.243356000
D/UDP-TIMING(17390): 9635 0 0.238109000
D/UDP-TIMING(17390): 9636 0 0.262427000
D/UDP-TIMING(17390): 9637 0 0.257231000
D/UDP-TIMING(17390): 9638 0 0.252070000
D/UDP-TIMING(17390): 9639 0 0.246879000
D/UDP-TIMING(17390): 9640 0 0.241652000
D/UDP-TIMING(17390): 9641 0 0.236548000
D/Database(16531): dbopen(): path = /data/data/com.onavo.android.onavoid/databases/ui_events, flag = 6, file size = 14060544
D/UDP-TIMING(17390): 9642 0 0.261150000
D/UDP-TIMING(17390): 9643 0 0.255949000
D/UDP-TIMING(17390): 9644 0 0.250816000
D/UDP-TIMING(17390): 9645 0 0.245694000
D/UDP-TIMING(17390): 9646 0 0.240499000
D/UDP-TIMING(17390): 9647 0 0.235291000
D/Database(16531): dbopen(): path = /data/data/com.onavo.android.onavoid/databases/ui_events, mode: wal, disk free size: 2000 M, handle: 0x37d3a8
D/UDP-TIMING(17390): 9648 0 0.260464000
D/UDP-TIMING(17390): 9649 0 0.255309000
D/UDP-TIMING(17390): 9650 0 0.250154000
D/UDP-TIMING(17390): 9651 0 0.245031000
D/UDP-TIMING(17390): 9652 0 0.239837000
D/UDP-TIMING(17390): 9653 0 0.234715000
D/Database(16531): dbclose(): path = /data/data/com.onavo.android.onavoid/databases/ui_events, handle = 0x37d3a8
D/UDP-TIMING(17390): 9654 0 0.258781000
D/UDP-TIMING(17390): 9655 0 0.253653000
D/UDP-TIMING(17390): 9656 0 0.248575000
D/UDP-TIMING(17390): 9657 0 0.243472000
D/UDP-TIMING(17390): 9658 0 0.238288000
D/UDP-TIMING(17390): 9659 0 0.263125000
D/UDP-TIMING(17390): 9660 0 0.257934000
D/UDP-TIMING(17390): 9661 0 0.252838000
D/UDP-TIMING(17390): 9662 0 0.247701000
D/UDP-TIMING(17390): 9663 0 0.242621000
D/UDP-TIMING(17390): 9664 0 0.237477000
D/UDP-TIMING(17390): 9665 0 0.262190000
D/UDP-TIMING(17390): 9666 0 0.257104000
D/UDP-TIMING(17390): 9667 0 0.251944000
D/UDP-TIMING(17390): 9668 0 0.246709000
D/UDP-TIMING(17390): 9669 0 0.241474000
D/UDP-TIMING(17390): 9670 0 0.236209000
D/UDP-TIMING(17390): 9671 0 0.261429000
D/UDP-TIMING(17390): 9672 0 0.256192000
D/UDP-TIMING(17390): 9673 0 0.250986000
D/UDP-TIMING(17390): 9674 0 0.245740000
D/UDP-TIMING(17390): 9675 0 0.240504000
D/UDP-TIMING(17390): 9676 0 0.235268000
D/UDP-TIMING(17390): 9677 0 0.260301000
D/UDP-TIMING(17390): 9678 0 0.255100000
D/UDP-TIMING(17390): 9679 0 0.249906000
D/UDP-TIMING(17390): 9680 0 0.244786000
D/UDP-TIMING(17390): 9681 0 0.239699000
D/UDP-TIMING(17390): 9682 0 0.234538000
D/UDP-TIMING(17390): 9683 0 0.259128000
D/UDP-TIMING(17390): 9684 0 0.253944000
D/UDP-TIMING(17390): 9685 0 0.248747000
D/UDP-TIMING(17390): 9686 0 0.243551000
D/UDP-TIMING(17390): 9687 0 0.238351000
D/UDP-TIMING(17390): 9688 0 0.263512000
D/UDP-TIMING(17390): 9689 0 0.258343000
D/UDP-TIMING(17390): 9690 0 0.253140000
D/UDP-TIMING(17390): 9691 0 0.247939000
D/UDP-TIMING(17390): 9692 0 0.242703000
D/UDP-TIMING(17390): 9693 0 0.237464000
D/UDP-TIMING(17390): 9694 0 0.261769000
D/UDP-TIMING(17390): 9695 0 0.256533000
D/UDP-TIMING(17390): 9696 0 0.239996000
D/UDP-TIMING(17390): 9697 0 0.235994000
D/UDP-TIMING(17390): 9698 0 0.256002000
D/UDP-TIMING(17390): 9699 0 0.250760000
D/UDP-TIMING(17390): 9700 0 0.245522000
D/UDP-TIMING(17390): 9701 0 0.240365000
D/UDP-TIMING(17390): 9702 0 0.235307000
D/UDP-TIMING(17390): 9703 0 0.259979000
D/UDP-TIMING(17390): 9704 0 0.254866000
D/UDP-TIMING(17390): 9705 0 0.249758000
D/UDP-TIMING(17390): 9706 0 0.244646000
D/UDP-TIMING(17390): 9707 0 0.239598000
D/UDP-TIMING(17390): 9708 0 0.234374000
D/UDP-TIMING(17390): 9709 0 0.259380000
D/UDP-TIMING(17390): 9710 0 0.254258000
D/UDP-TIMING(17390): 9711 0 0.249154000
D/UDP-TIMING(17390): 9712 0 0.244046000
D/UDP-TIMING(17390): 9713 0 0.268540000
D/UDP-TIMING(17390): 9714 0 0.263418000
D/UDP-TIMING(17390): 9715 0 0.258254000
D/UDP-TIMING(17390): 9716 0 0.253092000
D/UDP-TIMING(17390): 9717 0 0.247883000
D/UDP-TIMING(17390): 9718 0 0.244440000
D/UDP-TIMING(17390): 9719 0 0.239196000
D/UDP-TIMING(17390): 9720 0 0.262452000
D/UDP-TIMING(17390): 9721 0 0.257276000
D/UDP-TIMING(17390): 9722 0 0.252151000
D/UDP-TIMING(17390): 9723 0 0.247036000
D/UDP-TIMING(17390): 9724 0 0.241942000
D/UDP-TIMING(17390): 9725 0 0.236848000
E/TrafficStats( 1673): [QCTMM]tryAll index=0
E/TrafficStats( 1673): [QCTMM]tryAll index=1
E/TrafficStats( 1673): [QCTMM]tryAll index=2
E/TrafficStats( 1673): [QCTMM]tryAll index=0
E/TrafficStats( 1673): [QCTMM]tryAll index=1
E/TrafficStats( 1673): [QCTMM]tryAll index=2
D/UDP-TIMING(17390): 9726 0 0.261453000
D/UDP-TIMING(17390): 9727 0 0.256267000
D/UDP-TIMING(17390): 9728 0 0.251097000
D/UDP-TIMING(17390): 9729 0 0.245895000
D/UDP-TIMING(17390): 9730 0 0.240698000
D/UDP-TIMING(17390): 9731 0 0.235497000
D/DATA    ( 1860): sentSinceLastRecv=0,watchdogTrigger=10,maxindex=0
D/UDP-TIMING(17390): 9732 0 0.260999000
D/UDP-TIMING(17390): 9733 0 0.255792000
D/UDP-TIMING(17390): 9734 0 0.250596000
D/UDP-TIMING(17390): 9735 0 0.245396000
D/UDP-TIMING(17390): 9736 0 0.240188000
D/UDP-TIMING(17390): 9737 0 0.236616000
D/UDP-TIMING(17390): 9738 0 0.259229000
D/UDP-TIMING(17390): 9739 0 0.254034000
D/UDP-TIMING(17390): 9740 0 0.248935000
D/UDP-TIMING(17390): 9741 0 0.243855000
D/UDP-TIMING(17390): 9742 0 0.238753000
D/UDP-TIMING(17390): 9743 0 0.233677000
D/UDP-TIMING(17390): 9744 0 0.258640000
D/UDP-TIMING(17390): 9745 0 0.253430000
D/UDP-TIMING(17390): 9746 0 0.248227000
D/UDP-TIMING(17390): 9747 0 0.243023000
D/UDP-TIMING(17390): 9748 0 0.237823000
D/UDP-TIMING(17390): 9749 0 0.262343000
D/UDP-TIMING(17390): 9750 0 0.257108000
D/UDP-TIMING(17390): 9751 0 0.251863000
D/UDP-TIMING(17390): 9752 0 0.246650000
D/UDP-TIMING(17390): 9753 0 0.241407000
D/UDP-TIMING(17390): 9754 0 0.236160000
D/UDP-TIMING(17390): 9755 0 0.261187000
D/UDP-TIMING(17390): 9756 0 0.256047000
D/UDP-TIMING(17390): 9757 0 0.250803000
D/UDP-TIMING(17390): 9758 0 0.245557000
D/UDP-TIMING(17390): 9759 0 0.269945000
D/UDP-TIMING(17390): 9760 0 0.264839000
D/UDP-TIMING(17390): 9761 0 0.259714000
D/UDP-TIMING(17390): 9762 0 0.254640000
D/UDP-TIMING(17390): 9763 0 0.249495000
D/UDP-TIMING(17390): 9764 0 0.244281000
D/UDP-TIMING(17390): 9765 0 0.239077000
D/UDP-TIMING(17390): 9766 0 0.263738000
D/UDP-TIMING(17390): 9767 0 0.258495000
D/UDP-TIMING(17390): 9768 0 0.253248000
D/UDP-TIMING(17390): 9769 0 0.248039000
D/UDP-TIMING(17390): 9770 0 0.242792000
D/UDP-TIMING(17390): 9771 0 0.237548000
D/UDP-TIMING(17390): 9772 0 0.262578000
D/UDP-TIMING(17390): 9773 0 0.257334000
D/UDP-TIMING(17390): 9774 0 0.252086000
D/UDP-TIMING(17390): 9775 0 0.246842000
D/UDP-TIMING(17390): 9776 0 0.241629000
D/UDP-TIMING(17390): 9777 0 0.236376000
D/UDP-TIMING(17390): 9778 0 0.260823000
D/UDP-TIMING(17390): 9779 0 0.255688000
D/UDP-TIMING(17390): 9780 0 0.250597000
D/UDP-TIMING(17390): 9781 0 0.245465000
D/UDP-TIMING(17390): 9782 0 0.240334000
D/UDP-TIMING(17390): 9783 0 0.235066000
V/webkit  (17268): TCP pre-connection: periodic writer
D/UDP-TIMING(17390): 9784 0 0.260134000
D/UDP-TIMING(17390): 9785 0 0.254909000
D/UDP-TIMING(17390): 9786 0 0.249713000
D/UDP-TIMING(17390): 9787 0 0.244505000
D/UDP-TIMING(17390): 9788 0 0.268987000
D/UDP-TIMING(17390): 9789 0 0.263751000
D/UDP-TIMING(17390): 9790 0 0.258515000
D/UDP-TIMING(17390): 9791 0 0.253276000
D/UDP-TIMING(17390): 9792 0 0.248044000
D/UDP-TIMING(17390): 9793 0 0.242828000
D/UDP-TIMING(17390): 9794 0 0.237593000
D/UDP-TIMING(17390): 9795 0 0.262569000
D/UDP-TIMING(17390): 9796 0 0.257330000
D/UDP-TIMING(17390): 9797 0 0.240765000
D/UDP-TIMING(17390): 9798 0 0.236871000
D/UDP-TIMING(17390): 9799 0 0.256231000
D/UDP-TIMING(17390): 9800 0 0.251160000
D/UDP-TIMING(17390): 9801 0 0.246000000
D/UDP-TIMING(17390): 9802 0 0.240916000
D/UDP-TIMING(17390): 9803 0 0.235768000
D/UDP-TIMING(17390): 9804 0 0.260945000
D/UDP-TIMING(17390): 9805 0 0.255832000
D/UDP-TIMING(17390): 9806 0 0.250717000
D/UDP-TIMING(17390): 9807 0 0.245550000
D/UDP-TIMING(17390): 9808 0 0.240393000
D/UDP-TIMING(17390): 9809 0 0.264929000
D/UDP-TIMING(17390): 9810 0 0.259856000
D/UDP-TIMING(17390): 9811 0 0.254747000
D/UDP-TIMING(17390): 9812 0 0.249523000
D/UDP-TIMING(17390): 9813 0 0.244284000
D/UDP-TIMING(17390): 9814 0 0.239014000
D/UDP-TIMING(17390): 9815 0 0.264187000
D/UDP-TIMING(17390): 9816 0 0.259038000
D/UDP-TIMING(17390): 9817 0 0.253861000
D/UDP-TIMING(17390): 9818 0 0.248593000
D/UDP-TIMING(17390): 9819 0 0.243457000
D/UDP-TIMING(17390): 9820 0 0.238372000
D/UDP-TIMING(17390): 9821 0 0.262957000
D/UDP-TIMING(17390): 9822 0 0.257758000
D/UDP-TIMING(17390): 9823 0 0.252531000
D/UDP-TIMING(17390): 9824 0 0.247294000
D/UDP-TIMING(17390): 9825 0 0.242087000
D/UDP-TIMING(17390): 9826 0 0.236855000
D/UDP-TIMING(17390): 9827 0 0.261827000
D/UDP-TIMING(17390): 9828 0 0.256611000
D/UDP-TIMING(17390): 9829 0 0.251378000
D/UDP-TIMING(17390): 9830 0 0.246140000
E/TrafficStats( 1673): [QCTMM]tryAll index=0
E/TrafficStats( 1673): [QCTMM]tryAll index=1
E/TrafficStats( 1673): [QCTMM]tryAll index=2
E/TrafficStats( 1673): [QCTMM]tryAll index=0
E/TrafficStats( 1673): [QCTMM]tryAll index=1
E/TrafficStats( 1673): [QCTMM]tryAll index=2
D/DATA    ( 1860): sentSinceLastRecv=0,watchdogTrigger=10,maxindex=0
D/UDP-TIMING(17390): 9831 0 0.270961000
D/UDP-TIMING(17390): 9832 0 0.265719000
D/UDP-TIMING(17390): 9833 0 0.260493000
D/UDP-TIMING(17390): 9834 0 0.255248000
D/UDP-TIMING(17390): 9835 0 0.250012000
D/UDP-TIMING(17390): 9836 0 0.244777000
D/UDP-TIMING(17390): 9837 0 0.239571000
D/UDP-TIMING(17390): 9838 0 0.264223000
D/UDP-TIMING(17390): 9839 0 0.259116000
D/UDP-TIMING(17390): 9840 0 0.254013000
D/UDP-TIMING(17390): 9841 0 0.248912000
D/UDP-TIMING(17390): 9842 0 0.243757000
D/UDP-TIMING(17390): 9843 0 0.238564000
D/UDP-TIMING(17390): 9844 0 0.263214000
D/UDP-TIMING(17390): 9845 0 0.258027000
D/UDP-TIMING(17390): 9846 0 0.252867000
D/UDP-TIMING(17390): 9847 0 0.247741000
D/UDP-TIMING(17390): 9848 0 0.242543000
D/UDP-TIMING(17390): 9849 0 0.237325000
D/UDP-TIMING(17390): 9850 0 0.261996000
D/UDP-TIMING(17390): 9851 0 0.256792000
D/UDP-TIMING(17390): 9852 0 0.251552000
D/UDP-TIMING(17390): 9853 0 0.246312000
D/UDP-TIMING(17390): 9854 0 0.241095000
D/UDP-TIMING(17390): 9855 0 0.235891000
D/UDP-TIMING(17390): 9856 0 0.260870000
D/UDP-TIMING(17390): 9857 0 0.255654000
D/UDP-TIMING(17390): 9858 0 0.250555000
D/UDP-TIMING(17390): 9859 0 0.245480000
D/UDP-TIMING(17390): 9860 0 0.240396000
D/UDP-TIMING(17390): 9861 0 0.235173000
D/UDP-TIMING(17390): 9862 0 0.259607000
D/UDP-TIMING(17390): 9863 0 0.254404000
D/UDP-TIMING(17390): 9864 0 0.249165000
D/UDP-TIMING(17390): 9865 0 0.243928000
D/UDP-TIMING(17390): 9866 0 0.238689000
D/UDP-TIMING(17390): 9867 0 0.263750000
D/UDP-TIMING(17390): 9868 0 0.258511000
D/UDP-TIMING(17390): 9869 0 0.253305000
D/UDP-TIMING(17390): 9870 0 0.248101000
D/UDP-TIMING(17390): 9871 0 0.242913000
D/UDP-TIMING(17390): 9872 0 0.237710000
D/UDP-TIMING(17390): 9873 0 0.262206000
D/UDP-TIMING(17390): 9874 0 0.257047000
D/UDP-TIMING(17390): 9875 0 0.251890000
D/UDP-TIMING(17390): 9876 0 0.246736000
D/UDP-TIMING(17390): 9877 0 0.241581000
D/UDP-TIMING(17390): 9878 0 0.236461000
D/UDP-TIMING(17390): 9879 0 0.261686000
D/UDP-TIMING(17390): 9880 0 0.256570000
D/UDP-TIMING(17390): 9881 0 0.251474000
D/UDP-TIMING(17390): 9882 0 0.246353000
D/UDP-TIMING(17390): 9883 0 0.241132000
D/UDP-TIMING(17390): 9884 0 0.265511000
D/UDP-TIMING(17390): 9885 0 0.260332000
D/UDP-TIMING(17390): 9886 0 0.255126000
D/UDP-TIMING(17390): 9887 0 0.249922000
D/UDP-TIMING(17390): 9888 0 0.244718000
D/UDP-TIMING(17390): 9889 0 0.269722000
D/UDP-TIMING(17390): 9890 0 0.264489000
D/UDP-TIMING(17390): 9891 0 0.259306000
D/UDP-TIMING(17390): 9892 0 0.254071000
D/UDP-TIMING(17390): 9893 0 0.248816000
D/UDP-TIMING(17390): 9894 0 0.243577000
D/UDP-TIMING(17390): 9895 0 0.268000000
D/UDP-TIMING(17390): 9896 0 0.262758000
D/UDP-TIMING(17390): 9897 0 0.257669000
D/UDP-TIMING(17390): 9898 0 0.240182000
D/UDP-TIMING(17390): 9899 0 0.236421000
D/UDP-TIMING(17390): 9900 0 0.257446000
D/UDP-TIMING(17390): 9901 0 0.252357000
D/UDP-TIMING(17390): 9902 0 0.247142000
D/UDP-TIMING(17390): 9903 0 0.241917000
D/UDP-TIMING(17390): 9904 0 0.266555000
D/UDP-TIMING(17390): 9905 0 0.261477000
D/UDP-TIMING(17390): 9906 0 0.256377000
D/UDP-TIMING(17390): 9907 0 0.251292000
D/UDP-TIMING(17390): 9908 0 0.246146000
D/UDP-TIMING(17390): 9909 0 0.240994000
D/UDP-TIMING(17390): 9910 0 0.235902000
D/UDP-TIMING(17390): 9911 0 0.260896000
D/UDP-TIMING(17390): 9912 0 0.255631000
D/UDP-TIMING(17390): 9913 0 0.250422000
D/UDP-TIMING(17390): 9914 0 0.245184000
D/UDP-TIMING(17390): 9915 0 0.239945000
D/UDP-TIMING(17390): 9916 0 0.234702000
D/UDP-TIMING(17390): 9917 0 0.259115000
D/UDP-TIMING(17390): 9918 0 0.254029000
D/UDP-TIMING(17390): 9919 0 0.248949000
D/UDP-TIMING(17390): 9920 0 0.243800000
D/UDP-TIMING(17390): 9921 0 0.238605000
D/UDP-TIMING(17390): 9922 0 0.263718000
D/UDP-TIMING(17390): 9923 0 0.258592000
D/UDP-TIMING(17390): 9924 0 0.253442000
D/UDP-TIMING(17390): 9925 0 0.248211000
D/UDP-TIMING(17390): 9926 0 0.242969000
D/UDP-TIMING(17390): 9927 0 0.267453000
E/TrafficStats( 1673): [QCTMM]tryAll index=0
D/UDP-TIMING(17390): 9928 0 0.262214000
D/UDP-TIMING(17390): 9929 0 0.257000000
D/UDP-TIMING(17390): 9930 0 0.251761000
D/UDP-TIMING(17390): 9931 0 0.246523000
D/UDP-TIMING(17390): 9932 0 0.241289000
D/UDP-TIMING(17390): 9933 0 0.236055000
E/TrafficStats( 1673): [QCTMM]tryAll index=1
E/TrafficStats( 1673): [QCTMM]tryAll index=2
E/TrafficStats( 1673): [QCTMM]tryAll index=0
E/TrafficStats( 1673): [QCTMM]tryAll index=1
E/TrafficStats( 1673): [QCTMM]tryAll index=2
D/DATA    ( 1860): sentSinceLastRecv=0,watchdogTrigger=10,maxindex=0
D/UDP-TIMING(17390): 9934 0 0.261638000
D/UDP-TIMING(17390): 9935 0 0.256519000
D/UDP-TIMING(17390): 9936 0 0.251368000
D/UDP-TIMING(17390): 9937 0 0.246212000
D/UDP-TIMING(17390): 9938 0 0.241032000
D/UDP-TIMING(17390): 9939 0 0.235837000
D/UDP-TIMING(17390): 9940 0 0.259819000
D/UDP-TIMING(17390): 9941 0 0.254684000
D/UDP-TIMING(17390): 9942 0 0.249581000
D/UDP-TIMING(17390): 9943 0 0.244478000
D/UDP-TIMING(17390): 9944 0 0.239313000
D/UDP-TIMING(17390): 9945 0 0.234109000
D/UDP-TIMING(17390): 9946 0 0.258841000
D/UDP-TIMING(17390): 9947 0 0.253634000
D/UDP-TIMING(17390): 9948 0 0.248429000
D/UDP-TIMING(17390): 9949 0 0.243230000
D/UDP-TIMING(17390): 9950 0 0.238024000
D/UDP-TIMING(17390): 9951 0 0.263125000
D/UDP-TIMING(17390): 9952 0 0.257925000
D/UDP-TIMING(17390): 9953 0 0.252721000
D/UDP-TIMING(17390): 9954 0 0.247517000
D/UDP-TIMING(17390): 9955 0 0.242313000
D/UDP-TIMING(17390): 9956 0 0.237149000
D/UDP-TIMING(17390): 9957 0 0.261628000
D/UDP-TIMING(17390): 9958 0 0.256492000
D/UDP-TIMING(17390): 9959 0 0.251353000
D/UDP-TIMING(17390): 9960 0 0.246267000
D/UDP-TIMING(17390): 9961 0 0.241105000
D/UDP-TIMING(17390): 9962 0 0.235949000
D/UDP-TIMING(17390): 9963 0 0.261118000
D/UDP-TIMING(17390): 9964 0 0.255920000
D/UDP-TIMING(17390): 9965 0 0.250721000
D/UDP-TIMING(17390): 9966 0 0.245524000
D/UDP-TIMING(17390): 9967 0 0.240324000
D/UDP-TIMING(17390): 9968 0 0.235144000
D/UDP-TIMING(17390): 9969 0 0.259542000
D/UDP-TIMING(17390): 9970 0 0.254327000
D/UDP-TIMING(17390): 9971 0 0.249122000
D/UDP-TIMING(17390): 9972 0 0.243919000
D/UDP-TIMING(17390): 9973 0 0.269086000
D/UDP-TIMING(17390): 9974 0 0.263882000
D/UDP-TIMING(17390): 9975 0 0.258676000
D/UDP-TIMING(17390): 9976 0 0.253563000
D/UDP-TIMING(17390): 9977 0 0.248400000
D/UDP-TIMING(17390): 9978 0 0.243270000
D/UDP-TIMING(17390): 9979 0 0.238160000
D/UDP-TIMING(17390): 9980 0 0.262595000
D/UDP-TIMING(17390): 9981 0 0.257506000
D/UDP-TIMING(17390): 9982 0 0.252295000
D/UDP-TIMING(17390): 9983 0 0.247100000
D/UDP-TIMING(17390): 9984 0 0.241896000
D/UDP-TIMING(17390): 9985 0 0.266997000
D/UDP-TIMING(17390): 9986 0 0.261796000
D/UDP-TIMING(17390): 9987 0 0.256599000
D/UDP-TIMING(17390): 9988 0 0.251395000
D/UDP-TIMING(17390): 9989 0 0.246222000
D/UDP-TIMING(17390): 9990 0 0.240982000
D/UDP-TIMING(17390): 9991 0 0.235744000
D/UDP-TIMING(17390): 9992 0 0.260167000
D/UDP-TIMING(17390): 9993 0 0.254959000
D/UDP-TIMING(17390): 9994 0 0.249723000
D/UDP-TIMING(17390): 9995 0 0.244425000
D/UDP-TIMING(17390): 9996 0 0.239197000
D/UDP-TIMING(17390): 9997 0 0.264152000
D/UDP-TIMING(17390): 9998 0 0.258862000
D/UDP-TIMING(17390): 9999 0 0.235849000
E/TrafficStats( 1673): [QCTMM]tryAll index=0
E/TrafficStats( 1673): [QCTMM]tryAll index=1
E/TrafficStats( 1673): [QCTMM]tryAll index=2
E/TrafficStats( 1673): [QCTMM]tryAll index=0
E/TrafficStats( 1673): [QCTMM]tryAll index=1
E/TrafficStats( 1673): [QCTMM]tryAll index=2
D/DATA    ( 1860): sentSinceLastRecv=0,watchdogTrigger=10,maxindex=0
E/TrafficStats( 1673): [QCTMM]tryAll index=0
E/TrafficStats( 1673): [QCTMM]tryAll index=1
E/TrafficStats( 1673): [QCTMM]tryAll index=2
E/TrafficStats( 1673): [QCTMM]tryAll index=0
E/TrafficStats( 1673): [QCTMM]tryAll index=1
E/TrafficStats( 1673): [QCTMM]tryAll index=2
D/DATA    ( 1860): sentSinceLastRecv=0,watchdogTrigger=10,maxindex=0
E/TrafficStats(16531): [QCTMM]tryAll index=0
E/TrafficStats(16531): [QCTMM]tryAll index=1
E/TrafficStats(16531): [QCTMM]tryAll index=2
E/TrafficStats(16531): [QCTMM]tryAll index=0
E/TrafficStats(16531): [QCTMM]tryAll index=1
E/TrafficStats(16531): [QCTMM]tryAll index=2
E/TrafficStats(16531): [QCTMM]tryAll index=0
E/TrafficStats(16531): [QCTMM]tryAll index=1
E/TrafficStats(16531): [QCTMM]tryAll index=2
E/TrafficStats(16531): [QCTMM]tryAll index=0
E/TrafficStats(16531): [QCTMM]tryAll index=1
E/TrafficStats(16531): [QCTMM]tryAll index=2
E/TrafficStats( 1673): [QCTMM]tryAll index=0
E/TrafficStats( 1673): [QCTMM]tryAll index=1
E/TrafficStats( 1673): [QCTMM]tryAll index=2
E/TrafficStats( 1673): [QCTMM]tryAll index=0
E/TrafficStats( 1673): [QCTMM]tryAll index=1
E/TrafficStats( 1673): [QCTMM]tryAll index=2
D/DATA    ( 1860): sentSinceLastRecv=0,watchdogTrigger=10,maxindex=0
E/TrafficStats( 1673): [QCTMM]tryAll index=0
E/TrafficStats( 1673): [QCTMM]tryAll index=1
E/TrafficStats( 1673): [QCTMM]tryAll index=2
E/TrafficStats( 1673): [QCTMM]tryAll index=0
E/TrafficStats( 1673): [QCTMM]tryAll index=1
E/TrafficStats( 1673): [QCTMM]tryAll index=2
D/DATA    ( 1860): sentSinceLastRecv=0,watchdogTrigger=10,maxindex=0
E/TrafficStats( 1673): [QCTMM]tryAll index=0
E/TrafficStats( 1673): [QCTMM]tryAll index=1
E/TrafficStats( 1673): [QCTMM]tryAll index=2
E/TrafficStats( 1673): [QCTMM]tryAll index=0
E/TrafficStats( 1673): [QCTMM]tryAll index=1
E/TrafficStats( 1673): [QCTMM]tryAll index=2
D/DATA    ( 1860): sentSinceLastRecv=0,watchdogTrigger=10,maxindex=0
E/TrafficStats( 1673): [QCTMM]tryAll index=0
E/TrafficStats( 1673): [QCTMM]tryAll index=1
E/TrafficStats( 1673): [QCTMM]tryAll index=2
E/TrafficStats( 1673): [QCTMM]tryAll index=0
E/TrafficStats( 1673): [QCTMM]tryAll index=1
E/TrafficStats( 1673): [QCTMM]tryAll index=2
D/DATA    ( 1860): sentSinceLastRecv=0,watchdogTrigger=10,maxindex=0
E/TrafficStats( 1673): [QCTMM]tryAll index=0
E/TrafficStats( 1673): [QCTMM]tryAll index=1
E/TrafficStats( 1673): [QCTMM]tryAll index=2
E/TrafficStats( 1673): [QCTMM]tryAll index=0
E/TrafficStats( 1673): [QCTMM]tryAll index=1
E/TrafficStats( 1673): [QCTMM]tryAll index=2
D/DATA    ( 1860): sentSinceLastRecv=0,watchdogTrigger=10,maxindex=0
E/TrafficStats(16531): [QCTMM]tryAll index=0
E/TrafficStats(16531): [QCTMM]tryAll index=1
E/TrafficStats(16531): [QCTMM]tryAll index=2
E/TrafficStats(16531): [QCTMM]tryAll index=0
E/TrafficStats(16531): [QCTMM]tryAll index=1
E/TrafficStats(16531): [QCTMM]tryAll index=2
E/TrafficStats(16531): [QCTMM]tryAll index=0
E/TrafficStats(16531): [QCTMM]tryAll index=1
E/TrafficStats(16531): [QCTMM]tryAll index=2
E/TrafficStats(16531): [QCTMM]tryAll index=0
E/TrafficStats(16531): [QCTMM]tryAll index=1
E/TrafficStats(16531): [QCTMM]tryAll index=2
D/StatusBarPolicy( 1816): iconIndex=1
V/StatusBarPolicy( 1816): cdmaLevel:3;max:4
D/StatusBarPolicy( 1816): iconLevel:3
I/PhoneInfo( 2188): getCdmaLevel - cdmaDbm: -71 cdmaEcio:-100
I/PhoneInfo( 2188): getEvdoLevel - evdoDbm: -120 evdoSnr:-1 evdoEcio:-1
I/PhoneInfo( 2188): getLteLevel - lteRsrp: -1 lteCqi:-1
E/TrafficStats( 1673): [QCTMM]tryAll index=0
E/TrafficStats( 1673): [QCTMM]tryAll index=1
E/TrafficStats( 1673): [QCTMM]tryAll index=2
E/TrafficStats( 1673): [QCTMM]tryAll index=0
E/TrafficStats( 1673): [QCTMM]tryAll index=1
E/TrafficStats( 1673): [QCTMM]tryAll index=2
D/DATA    ( 1860): sentSinceLastRecv=0,watchdogTrigger=10,maxindex=0
E/TrafficStats( 1673): [QCTMM]tryAll index=0
E/TrafficStats( 1673): [QCTMM]tryAll index=1
E/TrafficStats( 1673): [QCTMM]tryAll index=2
E/TrafficStats( 1673): [QCTMM]tryAll index=0
E/TrafficStats( 1673): [QCTMM]tryAll index=1
E/TrafficStats( 1673): [QCTMM]tryAll index=2
D/DATA    ( 1860): sentSinceLastRecv=0,watchdogTrigger=10,maxindex=0
E/TrafficStats( 1673): [QCTMM]tryAll index=0
E/TrafficStats( 1673): [QCTMM]tryAll index=1
E/TrafficStats( 1673): [QCTMM]tryAll index=2
E/TrafficStats( 1673): [QCTMM]tryAll index=0
E/TrafficStats( 1673): [QCTMM]tryAll index=1
E/TrafficStats( 1673): [QCTMM]tryAll index=2
D/DATA    ( 1860): sentSinceLastRecv=0,watchdogTrigger=10,maxindex=0
E/TrafficStats( 1673): [QCTMM]tryAll index=0
E/TrafficStats( 1673): [QCTMM]tryAll index=1
E/TrafficStats( 1673): [QCTMM]tryAll index=2
E/TrafficStats( 1673): [QCTMM]tryAll index=0
E/TrafficStats( 1673): [QCTMM]tryAll index=1
E/TrafficStats( 1673): [QCTMM]tryAll index=2
D/DATA    ( 1860): sentSinceLastRecv=0,watchdogTrigger=10,maxindex=0
E/TrafficStats( 1673): [QCTMM]tryAll index=0
E/TrafficStats( 1673): [QCTMM]tryAll index=1
E/TrafficStats( 1673): [QCTMM]tryAll index=2
E/TrafficStats( 1673): [QCTMM]tryAll index=0
E/TrafficStats( 1673): [QCTMM]tryAll index=1
E/TrafficStats( 1673): [QCTMM]tryAll index=2
D/DATA    ( 1860): sentSinceLastRecv=0,watchdogTrigger=10,maxindex=0
D/StatusBarPolicy( 1816): iconIndex=1
V/StatusBarPolicy( 1816): cdmaLevel:3;max:4
D/StatusBarPolicy( 1816): iconLevel:3
I/PhoneInfo( 2188): getCdmaLevel - cdmaDbm: -72 cdmaEcio:-90
I/PhoneInfo( 2188): getEvdoLevel - evdoDbm: -120 evdoSnr:-1 evdoEcio:-1
I/PhoneInfo( 2188): getLteLevel - lteRsrp: -1 lteCqi:-1
E/TrafficStats( 1673): [QCTMM]tryAll index=0
E/TrafficStats( 1673): [QCTMM]tryAll index=1
E/TrafficStats( 1673): [QCTMM]tryAll index=2
E/TrafficStats( 1673): [QCTMM]tryAll index=0
E/TrafficStats( 1673): [QCTMM]tryAll index=1
E/TrafficStats( 1673): [QCTMM]tryAll index=2
D/DATA    ( 1860): sentSinceLastRecv=0,watchdogTrigger=10,maxindex=0
E/TrafficStats(16531): [QCTMM]tryAll index=0
E/TrafficStats(16531): [QCTMM]tryAll index=1
E/TrafficStats(16531): [QCTMM]tryAll index=2
E/TrafficStats(16531): [QCTMM]tryAll index=0
E/TrafficStats(16531): [QCTMM]tryAll index=1
E/TrafficStats(16531): [QCTMM]tryAll index=2
E/TrafficStats(16531): [QCTMM]tryAll index=0
E/TrafficStats(16531): [QCTMM]tryAll index=1
E/TrafficStats(16531): [QCTMM]tryAll index=2
E/TrafficStats(16531): [QCTMM]tryAll index=0
E/TrafficStats(16531): [QCTMM]tryAll index=1
E/TrafficStats(16531): [QCTMM]tryAll index=2
D/Database(16531): dbopen(): path = /data/data/com.onavo.android.onavoid/databases/ui_events, flag = 6, file size = 14060544
D/Database(16531): dbopen(): path = /data/data/com.onavo.android.onavoid/databases/ui_events, mode: wal, disk free size: 2000 M, handle: 0x37d3a8
D/Database(16531): dbclose(): path = /data/data/com.onavo.android.onavoid/databases/ui_events, handle = 0x37d3a8
E/TrafficStats( 1673): [QCTMM]tryAll index=0
E/TrafficStats( 1673): [QCTMM]tryAll index=1
E/TrafficStats( 1673): [QCTMM]tryAll index=2
E/TrafficStats( 1673): [QCTMM]tryAll index=0
E/TrafficStats( 1673): [QCTMM]tryAll index=1
E/TrafficStats( 1673): [QCTMM]tryAll index=2
D/DATA    ( 1860): sentSinceLastRecv=0,watchdogTrigger=10,maxindex=0
E/TrafficStats( 1673): [QCTMM]tryAll index=0
E/TrafficStats( 1673): [QCTMM]tryAll index=1
E/TrafficStats( 1673): [QCTMM]tryAll index=2
E/TrafficStats( 1673): [QCTMM]tryAll index=0
E/TrafficStats( 1673): [QCTMM]tryAll index=1
E/TrafficStats( 1673): [QCTMM]tryAll index=2
D/DATA    ( 1860): [QCTMM] DataNetStatistics sent == 0 && received == 0 newActivity=NONE
D/DATA    ( 1860): [PhoneNotifier] notifyDataActivityLTE
D/DATA    ( 1860): [QCTMM] DataNetStatistics mIsScreenOn newActivity=NONE
D/DATA    ( 1860): sentSinceLastRecv=0,watchdogTrigger=10,maxindex=0
D/StatusBarPolicy( 1816): hasService()=true ,mDataState=2 ,mPhone.htcModemLinkOn()=false ,mDataActivity=0
D/StatusBarPolicy( 1816): slotType[0]=RUIM
E/TrafficStats( 1673): [QCTMM]tryAll index=0
E/TrafficStats( 1673): [QCTMM]tryAll index=1
E/TrafficStats( 1673): [QCTMM]tryAll index=2
E/TrafficStats( 1673): [QCTMM]tryAll index=0
E/TrafficStats( 1673): [QCTMM]tryAll index=1
E/TrafficStats( 1673): [QCTMM]tryAll index=2
D/DATA    ( 1860): [QCTMM] DataNetStatistics sent == 0 && received == 0 newActivity=NONE
D/DATA    ( 1860): sentSinceLastRecv=0,watchdogTrigger=10,maxindex=0
D/StatusBarPolicy( 1816): iconIndex=1
V/StatusBarPolicy( 1816): cdmaLevel:2;max:4
D/StatusBarPolicy( 1816): iconLevel:2
I/PhoneInfo( 2188): getCdmaLevel - cdmaDbm: -72 cdmaEcio:-110
I/PhoneInfo( 2188): getEvdoLevel - evdoDbm: -120 evdoSnr:-1 evdoEcio:-1
I/PhoneInfo( 2188): getLteLevel - lteRsrp: -1 lteCqi:-1
E/TrafficStats( 1673): [QCTMM]tryAll index=0
E/TrafficStats( 1673): [QCTMM]tryAll index=1
E/TrafficStats( 1673): [QCTMM]tryAll index=2
E/TrafficStats( 1673): [QCTMM]tryAll index=0
E/TrafficStats( 1673): [QCTMM]tryAll index=1
E/TrafficStats( 1673): [QCTMM]tryAll index=2
D/DATA    ( 1860): [QCTMM] DataNetStatistics sent == 0 && received == 0 newActivity=NONE
D/DATA    ( 1860): sentSinceLastRecv=0,watchdogTrigger=10,maxindex=0
E/TrafficStats( 1673): [QCTMM]tryAll index=0
E/TrafficStats( 1673): [QCTMM]tryAll index=1
E/TrafficStats( 1673): [QCTMM]tryAll index=2
E/TrafficStats( 1673): [QCTMM]tryAll index=0
E/TrafficStats( 1673): [QCTMM]tryAll index=1
E/TrafficStats( 1673): [QCTMM]tryAll index=2
D/DATA    ( 1860): [QCTMM] DataNetStatistics sent == 0 && received == 0 newActivity=NONE
D/DATA    ( 1860): sentSinceLastRecv=0,watchdogTrigger=10,maxindex=0
E/TrafficStats( 1673): [QCTMM]tryAll index=0
E/TrafficStats( 1673): [QCTMM]tryAll index=1
E/TrafficStats( 1673): [QCTMM]tryAll index=2
E/TrafficStats( 1673): [QCTMM]tryAll index=0
E/TrafficStats( 1673): [QCTMM]tryAll index=1
E/TrafficStats( 1673): [QCTMM]tryAll index=2
D/DATA    ( 1860): [QCTMM] DataNetStatistics sent == 0 && received == 0 newActivity=NONE
D/DATA    ( 1860): sentSinceLastRecv=0,watchdogTrigger=10,maxindex=0
E/TrafficStats(16531): [QCTMM]tryAll index=0
E/TrafficStats(16531): [QCTMM]tryAll index=1
E/TrafficStats(16531): [QCTMM]tryAll index=2
E/TrafficStats(16531): [QCTMM]tryAll index=0
E/TrafficStats(16531): [QCTMM]tryAll index=1
E/TrafficStats(16531): [QCTMM]tryAll index=2
E/TrafficStats(16531): [QCTMM]tryAll index=0
E/TrafficStats(16531): [QCTMM]tryAll index=1
E/TrafficStats(16531): [QCTMM]tryAll index=2
E/TrafficStats(16531): [QCTMM]tryAll index=0
E/TrafficStats(16531): [QCTMM]tryAll index=1
E/TrafficStats(16531): [QCTMM]tryAll index=2
D/Database(16531): dbopen(): path = /data/data/com.onavo.android.onavoid/databases/ui_events, flag = 6, file size = 14060544
D/Database(16531): dbopen(): path = /data/data/com.onavo.android.onavoid/databases/ui_events, mode: wal, disk free size: 2000 M, handle: 0x37d3a8
D/Database(16531): dbclose(): path = /data/data/com.onavo.android.onavoid/databases/ui_events, handle = 0x37d3a8
D/dalvikvm(16531): GC_CONCURRENT freed 409K, 52% free 3338K/6855K, external 0K/0K, paused 7ms+2ms
E/TrafficStats( 1673): [QCTMM]tryAll index=0
E/TrafficStats( 1673): [QCTMM]tryAll index=1
E/TrafficStats( 1673): [QCTMM]tryAll index=2
E/TrafficStats( 1673): [QCTMM]tryAll index=0
E/TrafficStats( 1673): [QCTMM]tryAll index=1
E/TrafficStats( 1673): [QCTMM]tryAll index=2
D/DATA    ( 1860): [QCTMM] DataNetStatistics sent == 0 && received == 0 newActivity=NONE
D/DATA    ( 1860): sentSinceLastRecv=0,watchdogTrigger=10,maxindex=0
E/TrafficStats( 1673): [QCTMM]tryAll index=0
E/TrafficStats( 1673): [QCTMM]tryAll index=1
E/TrafficStats( 1673): [QCTMM]tryAll index=2
E/TrafficStats( 1673): [QCTMM]tryAll index=0
E/TrafficStats( 1673): [QCTMM]tryAll index=1
E/TrafficStats( 1673): [QCTMM]tryAll index=2
D/DATA    ( 1860): [QCTMM] DataNetStatistics sent == 0 && received == 0 newActivity=NONE
D/DATA    ( 1860): sentSinceLastRecv=0,watchdogTrigger=10,maxindex=0
E/TrafficStats( 1673): [QCTMM]tryAll index=0
E/TrafficStats( 1673): [QCTMM]tryAll index=1
E/TrafficStats( 1673): [QCTMM]tryAll index=2
E/TrafficStats( 1673): [QCTMM]tryAll index=0
E/TrafficStats( 1673): [QCTMM]tryAll index=1
E/TrafficStats( 1673): [QCTMM]tryAll index=2
D/DATA    ( 1860): [QCTMM] DataNetStatistics sent == 0 && received == 0 newActivity=NONE
D/DATA    ( 1860): sentSinceLastRecv=0,watchdogTrigger=10,maxindex=0
E/TrafficStats( 1673): [QCTMM]tryAll index=0
E/TrafficStats( 1673): [QCTMM]tryAll index=1
E/TrafficStats( 1673): [QCTMM]tryAll index=2
E/TrafficStats( 1673): [QCTMM]tryAll index=0
E/TrafficStats( 1673): [QCTMM]tryAll index=1
E/TrafficStats( 1673): [QCTMM]tryAll index=2
D/DATA    ( 1860): [QCTMM] DataNetStatistics sent == 0 && received == 0 newActivity=NONE
D/DATA    ( 1860): sentSinceLastRecv=0,watchdogTrigger=10,maxindex=0
D/MMDCT   ( 1860): onDCLChanged dcs=DataCallState: { cid: 0, active: 1, type: IP, apn: vzwinternet, address: 10.174.234.255 }
D/MMDCT   ( 1860): onDCLChanged dcs=DataCallState: { cid: 1, active: 2, type: IPV6, apn: vzwinternet, address: 2600:1000:b022:700a:f3ca:40ba:6903:3d04 }
D/MMDCT   ( 1860): onDCLChanged dcs=DataCallState: { cid: 2, active: 0, type: null, apn: null, address: null }
D/MMDCT   ( 1860): onDCLChanged dcs=DataCallState: { cid: 3, active: 0, type: null, apn: null, address: null }
D/MMDCT   ( 1860): onDCLChanged dcs=DataCallState: { cid: 4, active: 0, type: null, apn: null, address: null }
D/MMDCT   ( 1860): onDCLChanged dcs=DataCallState: { cid: 5, active: 0, type: null, apn: null, address: null }
D/MMDCT   ( 1860): onDCLChanged dcs=DataCallState: { cid: 6, active: 0, type: null, apn: null, address: null }
D/MMDCT   ( 1860): onDCLChanged dcs=DataCallState: { cid: 7, active: 0, type: null, apn: null, address: null }
D/MMDCT   ( 1860): onDCLChanged dcs=DataCallState: { cid: 8, active: 0, type: null, apn: null, address: null }
