D/UDP-TIMING(17390): 2980 0 0.239216000
D/UDP-TIMING(17390): 2981 0 0.261864000
D/UDP-TIMING(17390): 2982 0 0.254188000
D/UDP-TIMING(17390): 2983 0 0.246508000
D/UDP-TIMING(17390): 2984 0 0.238826000
D/UDP-TIMING(17390): 2985 0 0.260778000
D/UDP-TIMING(17390): 2986 0 0.253089000
D/UDP-TIMING(17390): 2987 0 0.245415000
D/UDP-TIMING(17390): 2988 0 0.237751000
D/UDP-TIMING(17390): 2989 0 0.260334000
D/UDP-TIMING(17390): 2990 0 0.252726000
D/UDP-TIMING(17390): 2991 0 0.245095000
D/UDP-TIMING(17390): 2992 0 0.237459000
D/UDP-TIMING(17390): 2993 0 0.259522000
D/UDP-TIMING(17390): 2994 0 0.251892000
D/UDP-TIMING(17390): 2995 0 0.244276000
D/UDP-TIMING(17390): 2996 0 0.236660000
D/UDP-TIMING(17390): 2997 0 0.259348000
D/UDP-TIMING(17390): 2998 0 0.251734000
D/UDP-TIMING(17390): 2999 0 0.244127000
D/UDP-TIMING(17390): 3000 0 0.236499000
D/UDP-TIMING(17390): 3001 0 0.258678000
D/UDP-TIMING(17390): 3002 0 0.251022000
D/UDP-TIMING(17390): 3003 0 0.243341000
D/UDP-TIMING(17390): 3004 0 0.235708000
D/UDP-TIMING(17390): 3005 0 0.258239000
D/UDP-TIMING(17390): 3006 0 0.250562000
D/UDP-TIMING(17390): 3007 0 0.242883000
D/UDP-TIMING(17390): 3008 0 0.264924000
D/UDP-TIMING(17390): 3009 0 0.257275000
D/UDP-TIMING(17390): 3010 0 0.249595000
D/UDP-TIMING(17390): 3011 0 0.241918000
D/UDP-TIMING(17390): 3012 0 0.234288000
D/UDP-TIMING(17390): 3013 0 0.256560000
D/UDP-TIMING(17390): 3014 0 0.248936000
D/UDP-TIMING(17390): 3015 0 0.241313000
D/UDP-TIMING(17390): 3016 0 0.233637000
D/UDP-TIMING(17390): 3017 0 0.256239000
D/UDP-TIMING(17390): 3018 0 0.248562000
D/UDP-TIMING(17390): 3019 0 0.240881000
D/UDP-TIMING(17390): 3020 0 0.233203000
D/UDP-TIMING(17390): 3021 0 0.255256000
D/UDP-TIMING(17390): 3022 0 0.247576000
D/UDP-TIMING(17390): 3023 0 0.239894000
D/UDP-TIMING(17390): 3024 0 0.262425000
D/UDP-TIMING(17390): 3025 0 0.254839000
D/UDP-TIMING(17390): 3026 0 0.247172000
D/UDP-TIMING(17390): 3027 0 0.239499000
D/UDP-TIMING(17390): 3028 0 0.261538000
D/UDP-TIMING(17390): 3029 0 0.253909000
D/UDP-TIMING(17390): 3030 0 0.239594000
D/UDP-TIMING(17390): 3031 0 0.256293000
D/UDP-TIMING(17390): 3032 0 0.248620000
D/UDP-TIMING(17390): 3033 0 0.240957000
D/UDP-TIMING(17390): 3034 0 0.233286000
D/UDP-TIMING(17390): 3035 0 0.255355000
D/UDP-TIMING(17390): 3036 0 0.247721000
D/UDP-TIMING(17390): 3037 0 0.240054000
D/UDP-TIMING(17390): 3038 0 0.262661000
D/UDP-TIMING(17390): 3039 0 0.255079000
D/UDP-TIMING(17390): 3040 0 0.247439000
D/UDP-TIMING(17390): 3041 0 0.239760000
E/TrafficStats( 1673): [QCTMM]tryAll index=0
E/TrafficStats( 1673): [QCTMM]tryAll index=1
E/TrafficStats( 1673): [QCTMM]tryAll index=2
E/TrafficStats( 1673): [QCTMM]tryAll index=0
E/TrafficStats( 1673): [QCTMM]tryAll index=1
E/TrafficStats( 1673): [QCTMM]tryAll index=2
D/DATA    ( 1860): sentSinceLastRecv=0,watchdogTrigger=10,maxindex=0
D/UDP-TIMING(17390): 3042 0 0.262265000
D/UDP-TIMING(17390): 3043 0 0.254671000
D/UDP-TIMING(17390): 3044 0 0.246995000
D/UDP-TIMING(17390): 3045 0 0.239317000
D/UDP-TIMING(17390): 3046 0 0.261487000
D/UDP-TIMING(17390): 3047 0 0.253876000
D/UDP-TIMING(17390): 3048 0 0.246205000
D/UDP-TIMING(17390): 3049 0 0.238559000
D/UDP-TIMING(17390): 3050 0 0.260513000
D/UDP-TIMING(17390): 3051 0 0.252822000
D/UDP-TIMING(17390): 3052 0 0.245173000
D/UDP-TIMING(17390): 3053 0 0.237488000
D/UDP-TIMING(17390): 3054 0 0.260052000
D/UDP-TIMING(17390): 3055 0 0.252403000
D/UDP-TIMING(17390): 3056 0 0.244723000
D/UDP-TIMING(17390): 3057 0 0.237037000
D/UDP-TIMING(17390): 3058 0 0.259046000
D/UDP-TIMING(17390): 3059 0 0.251361000
D/UDP-TIMING(17390): 3060 0 0.243728000
D/UDP-TIMING(17390): 3061 0 0.236073000
D/UDP-TIMING(17390): 3062 0 0.258711000
D/UDP-TIMING(17390): 3063 0 0.251054000
D/UDP-TIMING(17390): 3064 0 0.243404000
D/UDP-TIMING(17390): 3065 0 0.235723000
D/UDP-TIMING(17390): 3066 0 0.257770000
D/UDP-TIMING(17390): 3067 0 0.250118000
D/UDP-TIMING(17390): 3068 0 0.242437000
D/UDP-TIMING(17390): 3069 0 0.234757000
D/UDP-TIMING(17390): 3070 0 0.257040000
D/UDP-TIMING(17390): 3071 0 0.249390000
D/UDP-TIMING(17390): 3072 0 0.241707000
D/UDP-TIMING(17390): 3073 0 0.264351000
D/UDP-TIMING(17390): 3074 0 0.256738000
D/UDP-TIMING(17390): 3075 0 0.249092000
D/UDP-TIMING(17390): 3076 0 0.241433000
D/UDP-TIMING(17390): 3077 0 0.233830000
D/UDP-TIMING(17390): 3078 0 0.255846000
D/UDP-TIMING(17390): 3079 0 0.248192000
D/UDP-TIMING(17390): 3080 0 0.240511000
D/UDP-TIMING(17390): 3081 0 0.263099000
D/UDP-TIMING(17390): 3082 0 0.255424000
D/UDP-TIMING(17390): 3083 0 0.247775000
D/UDP-TIMING(17390): 3084 0 0.240096000
D/UDP-TIMING(17390): 3085 0 0.262167000
D/UDP-TIMING(17390): 3086 0 0.254563000
D/UDP-TIMING(17390): 3087 0 0.246904000
D/UDP-TIMING(17390): 3088 0 0.239232000
D/UDP-TIMING(17390): 3089 0 0.261800000
D/UDP-TIMING(17390): 3090 0 0.254198000
D/UDP-TIMING(17390): 3091 0 0.246521000
D/UDP-TIMING(17390): 3092 0 0.238839000
D/UDP-TIMING(17390): 3093 0 0.260959000
D/UDP-TIMING(17390): 3094 0 0.253320000
D/UDP-TIMING(17390): 3095 0 0.245635000
D/UDP-TIMING(17390): 3096 0 0.237957000
D/UDP-TIMING(17390): 3097 0 0.260493000
D/UDP-TIMING(17390): 3098 0 0.252844000
D/UDP-TIMING(17390): 3099 0 0.245167000
D/UDP-TIMING(17390): 3100 0 0.237532000
D/UDP-TIMING(17390): 3101 0 0.259584000
D/UDP-TIMING(17390): 3102 0 0.251938000
D/UDP-TIMING(17390): 3103 0 0.244264000
D/UDP-TIMING(17390): 3104 0 0.236584000
D/UDP-TIMING(17390): 3105 0 0.259174000
D/UDP-TIMING(17390): 3106 0 0.251493000
D/UDP-TIMING(17390): 3107 0 0.243812000
D/UDP-TIMING(17390): 3108 0 0.236128000
D/UDP-TIMING(17390): 3109 0 0.258172000
D/UDP-TIMING(17390): 3110 0 0.250492000
D/UDP-TIMING(17390): 3111 0 0.242812000
D/UDP-TIMING(17390): 3112 0 0.235129000
D/UDP-TIMING(17390): 3113 0 0.257814000
D/UDP-TIMING(17390): 3114 0 0.250222000
D/UDP-TIMING(17390): 3115 0 0.242576000
D/UDP-TIMING(17390): 3116 0 0.234921000
D/UDP-TIMING(17390): 3117 0 0.256847000
D/UDP-TIMING(17390): 3118 0 0.249163000
D/UDP-TIMING(17390): 3119 0 0.241484000
D/UDP-TIMING(17390): 3120 0 0.233853000
D/UDP-TIMING(17390): 3121 0 0.256204000
D/UDP-TIMING(17390): 3122 0 0.248520000
D/UDP-TIMING(17390): 3123 0 0.240870000
D/UDP-TIMING(17390): 3124 0 0.263449000
D/UDP-TIMING(17390): 3125 0 0.255775000
D/UDP-TIMING(17390): 3126 0 0.248110000
D/UDP-TIMING(17390): 3127 0 0.240446000
D/UDP-TIMING(17390): 3128 0 0.262470000
D/UDP-TIMING(17390): 3129 0 0.254884000
D/UDP-TIMING(17390): 3130 0 0.247239000
D/UDP-TIMING(17390): 3131 0 0.239550000
D/UDP-TIMING(17390): 3132 0 0.249685000
D/UDP-TIMING(17390): 3133 0 0.242026000
D/UDP-TIMING(17390): 3134 0 0.234356000
D/UDP-TIMING(17390): 3135 0 0.256928000
D/UDP-TIMING(17390): 3136 0 0.249275000
D/UDP-TIMING(17390): 3137 0 0.241668000
D/UDP-TIMING(17390): 3138 0 0.234004000
D/UDP-TIMING(17390): 3139 0 0.256077000
D/UDP-TIMING(17390): 3140 0 0.248430000
D/UDP-TIMING(17390): 3141 0 0.240746000
E/TrafficStats( 1673): [QCTMM]tryAll index=0
E/TrafficStats( 1673): [QCTMM]tryAll index=1
E/TrafficStats( 1673): [QCTMM]tryAll index=2
E/TrafficStats( 1673): [QCTMM]tryAll index=0
E/TrafficStats( 1673): [QCTMM]tryAll index=1
E/TrafficStats( 1673): [QCTMM]tryAll index=2
D/DATA    ( 1860): sentSinceLastRecv=0,watchdogTrigger=10,maxindex=0
D/UDP-TIMING(17390): 3142 0 0.263128000
D/UDP-TIMING(17390): 3143 0 0.255518000
D/UDP-TIMING(17390): 3144 0 0.247838000
D/UDP-TIMING(17390): 3145 0 0.240173000
D/UDP-TIMING(17390): 3146 0 0.262341000
D/UDP-TIMING(17390): 3147 0 0.254731000
D/UDP-TIMING(17390): 3148 0 0.247162000
D/UDP-TIMING(17390): 3149 0 0.239515000
D/UDP-TIMING(17390): 3150 0 0.261572000
D/UDP-TIMING(17390): 3151 0 0.253937000
D/UDP-TIMING(17390): 3152 0 0.246255000
D/UDP-TIMING(17390): 3153 0 0.238568000
D/UDP-TIMING(17390): 3154 0 0.261190000
D/UDP-TIMING(17390): 3155 0 0.253540000
D/UDP-TIMING(17390): 3156 0 0.245843000
D/UDP-TIMING(17390): 3157 0 0.238157000
D/UDP-TIMING(17390): 3158 0 0.260322000
D/UDP-TIMING(17390): 3159 0 0.252642000
D/UDP-TIMING(17390): 3160 0 0.244987000
D/UDP-TIMING(17390): 3161 0 0.237325000
D/UDP-TIMING(17390): 3162 0 0.259789000
D/UDP-TIMING(17390): 3163 0 0.252148000
D/UDP-TIMING(17390): 3164 0 0.244463000
D/UDP-TIMING(17390): 3165 0 0.236782000
D/UDP-TIMING(17390): 3166 0 0.259038000
D/UDP-TIMING(17390): 3167 0 0.251384000
D/UDP-TIMING(17390): 3168 0 0.243704000
D/UDP-TIMING(17390): 3169 0 0.236030000
D/UDP-TIMING(17390): 3170 0 0.258376000
D/UDP-TIMING(17390): 3171 0 0.250697000
D/UDP-TIMING(17390): 3172 0 0.243013000
D/UDP-TIMING(17390): 3173 0 0.235383000
D/UDP-TIMING(17390): 3174 0 0.257458000
D/UDP-TIMING(17390): 3175 0 0.249815000
D/UDP-TIMING(17390): 3176 0 0.242258000
D/UDP-TIMING(17390): 3177 0 0.264941000
D/UDP-TIMING(17390): 3178 0 0.257298000
D/UDP-TIMING(17390): 3179 0 0.249617000
D/UDP-TIMING(17390): 3180 0 0.241944000
D/UDP-TIMING(17390): 3181 0 0.263944000
D/UDP-TIMING(17390): 3182 0 0.256291000
D/UDP-TIMING(17390): 3183 0 0.248608000
D/UDP-TIMING(17390): 3184 0 0.240920000
D/UDP-TIMING(17390): 3185 0 0.263184000
D/UDP-TIMING(17390): 3186 0 0.255558000
D/UDP-TIMING(17390): 3187 0 0.247905000
D/UDP-TIMING(17390): 3188 0 0.240279000
D/UDP-TIMING(17390): 3189 0 0.262918000
D/UDP-TIMING(17390): 3190 0 0.255259000
D/UDP-TIMING(17390): 3191 0 0.247582000
D/UDP-TIMING(17390): 3192 0 0.239905000
D/UDP-TIMING(17390): 3193 0 0.261979000
D/UDP-TIMING(17390): 3194 0 0.254347000
D/UDP-TIMING(17390): 3195 0 0.246667000
D/UDP-TIMING(17390): 3196 0 0.238983000
D/UDP-TIMING(17390): 3197 0 0.261568000
D/UDP-TIMING(17390): 3198 0 0.253890000
D/UDP-TIMING(17390): 3199 0 0.246241000
D/UDP-TIMING(17390): 3200 0 0.238588000
D/UDP-TIMING(17390): 3201 0 0.260629000
D/UDP-TIMING(17390): 3202 0 0.253041000
D/UDP-TIMING(17390): 3203 0 0.245372000
D/UDP-TIMING(17390): 3204 0 0.237687000
D/UDP-TIMING(17390): 3205 0 0.260336000
D/UDP-TIMING(17390): 3206 0 0.252687000
D/UDP-TIMING(17390): 3207 0 0.245011000
D/UDP-TIMING(17390): 3208 0 0.237328000
D/UDP-TIMING(17390): 3209 0 0.259280000
D/UDP-TIMING(17390): 3210 0 0.251599000
D/UDP-TIMING(17390): 3211 0 0.243912000
D/UDP-TIMING(17390): 3212 0 0.236230000
D/UDP-TIMING(17390): 3213 0 0.258880000
D/UDP-TIMING(17390): 3214 0 0.251257000
D/UDP-TIMING(17390): 3215 0 0.243581000
D/UDP-TIMING(17390): 3216 0 0.235899000
D/UDP-TIMING(17390): 3217 0 0.257938000
D/UDP-TIMING(17390): 3218 0 0.250285000
D/UDP-TIMING(17390): 3219 0 0.242606000
D/UDP-TIMING(17390): 3220 0 0.265218000
D/UDP-TIMING(17390): 3221 0 0.257538000
D/UDP-TIMING(17390): 3222 0 0.249860000
D/UDP-TIMING(17390): 3223 0 0.242180000
D/UDP-TIMING(17390): 3224 0 0.234526000
D/UDP-TIMING(17390): 3225 0 0.256563000
D/UDP-TIMING(17390): 3226 0 0.248907000
D/UDP-TIMING(17390): 3227 0 0.241278000
D/UDP-TIMING(17390): 3228 0 0.235010000
D/UDP-TIMING(17390): 3229 0 0.256154000
D/UDP-TIMING(17390): 3230 0 0.248501000
D/UDP-TIMING(17390): 3231 0 0.240816000
D/UDP-TIMING(17390): 3232 0 0.237167000
D/UDP-TIMING(17390): 3233 0 0.252650000
D/UDP-TIMING(17390): 3234 0 0.244980000
D/UDP-TIMING(17390): 3235 0 0.237236000
D/UDP-TIMING(17390): 3236 0 0.259855000
D/UDP-TIMING(17390): 3237 0 0.252230000
D/UDP-TIMING(17390): 3238 0 0.244619000
D/UDP-TIMING(17390): 3239 0 0.236951000
D/UDP-TIMING(17390): 3240 0 0.259330000
D/UDP-TIMING(17390): 3241 0 0.251691000
D/UDP-TIMING(17390): 3242 0 0.244008000
D/UDP-TIMING(17390): 3243 0 0.236342000
E/TrafficStats( 1673): [QCTMM]tryAll index=0
E/TrafficStats( 1673): [QCTMM]tryAll index=1
E/TrafficStats( 1673): [QCTMM]tryAll index=2
E/TrafficStats( 1673): [QCTMM]tryAll index=0
E/TrafficStats( 1673): [QCTMM]tryAll index=1
E/TrafficStats( 1673): [QCTMM]tryAll index=2
D/DATA    ( 1860): sentSinceLastRecv=0,watchdogTrigger=10,maxindex=0
D/UDP-TIMING(17390): 3244 0 0.258510000
D/UDP-TIMING(17390): 3245 0 0.250861000
D/UDP-TIMING(17390): 3246 0 0.243177000
D/UDP-TIMING(17390): 3247 0 0.235490000
D/UDP-TIMING(17390): 3248 0 0.257989000
D/UDP-TIMING(17390): 3249 0 0.250414000
D/UDP-TIMING(17390): 3250 0 0.242781000
D/UDP-TIMING(17390): 3251 0 0.235144000
D/UDP-TIMING(17390): 3252 0 0.257098000
D/UDP-TIMING(17390): 3253 0 0.249419000
D/UDP-TIMING(17390): 3254 0 0.241764000
D/UDP-TIMING(17390): 3255 0 0.234082000
D/UDP-TIMING(17390): 3256 0 0.256672000
D/UDP-TIMING(17390): 3257 0 0.249006000
D/UDP-TIMING(17390): 3258 0 0.241326000
D/UDP-TIMING(17390): 3259 0 0.233648000
D/UDP-TIMING(17390): 3260 0 0.255590000
D/UDP-TIMING(17390): 3261 0 0.247939000
D/UDP-TIMING(17390): 3262 0 0.240304000
D/UDP-TIMING(17390): 3263 0 0.235074000
D/UDP-TIMING(17390): 3264 0 0.255376000
D/UDP-TIMING(17390): 3265 0 0.247760000
D/UDP-TIMING(17390): 3266 0 0.240173000
D/UDP-TIMING(17390): 3267 0 0.262221000
D/UDP-TIMING(17390): 3268 0 0.254662000
D/UDP-TIMING(17390): 3269 0 0.247039000
D/UDP-TIMING(17390): 3270 0 0.239421000
D/UDP-TIMING(17390): 3271 0 0.262081000
D/UDP-TIMING(17390): 3272 0 0.254494000
D/UDP-TIMING(17390): 3273 0 0.246883000
D/UDP-TIMING(17390): 3274 0 0.239287000
D/UDP-TIMING(17390): 3275 0 0.261370000
D/UDP-TIMING(17390): 3276 0 0.253790000
D/UDP-TIMING(17390): 3277 0 0.246172000
D/UDP-TIMING(17390): 3278 0 0.238538000
D/UDP-TIMING(17390): 3279 0 0.261121000
D/UDP-TIMING(17390): 3280 0 0.253534000
D/UDP-TIMING(17390): 3281 0 0.245907000
D/UDP-TIMING(17390): 3282 0 0.268062000
D/UDP-TIMING(17390): 3283 0 0.260434000
D/UDP-TIMING(17390): 3284 0 0.252839000
D/UDP-TIMING(17390): 3285 0 0.245211000
D/UDP-TIMING(17390): 3286 0 0.237607000
D/UDP-TIMING(17390): 3287 0 0.260250000
D/UDP-TIMING(17390): 3288 0 0.252652000
D/UDP-TIMING(17390): 3289 0 0.245012000
D/UDP-TIMING(17390): 3290 0 0.237393000
D/UDP-TIMING(17390): 3291 0 0.259528000
D/UDP-TIMING(17390): 3292 0 0.251929000
D/UDP-TIMING(17390): 3293 0 0.244299000
D/UDP-TIMING(17390): 3294 0 0.236671000
D/UDP-TIMING(17390): 3295 0 0.258963000
D/UDP-TIMING(17390): 3296 0 0.251341000
D/UDP-TIMING(17390): 3297 0 0.243728000
D/UDP-TIMING(17390): 3298 0 0.236108000
D/UDP-TIMING(17390): 3299 0 0.258766000
D/UDP-TIMING(17390): 3300 0 0.251158000
D/UDP-TIMING(17390): 3301 0 0.243541000
D/UDP-TIMING(17390): 3302 0 0.235876000
D/UDP-TIMING(17390): 3303 0 0.257921000
D/UDP-TIMING(17390): 3304 0 0.250244000
D/UDP-TIMING(17390): 3305 0 0.242564000
D/UDP-TIMING(17390): 3306 0 0.234880000
D/UDP-TIMING(17390): 3307 0 0.257469000
D/UDP-TIMING(17390): 3308 0 0.249791000
D/UDP-TIMING(17390): 3309 0 0.242115000
D/UDP-TIMING(17390): 3310 0 0.234557000
D/UDP-TIMING(17390): 3311 0 0.256635000
D/UDP-TIMING(17390): 3312 0 0.248963000
D/UDP-TIMING(17390): 3313 0 0.241347000
D/UDP-TIMING(17390): 3314 0 0.233724000
D/UDP-TIMING(17390): 3315 0 0.256299000
D/UDP-TIMING(17390): 3316 0 0.248620000
D/UDP-TIMING(17390): 3317 0 0.240941000
D/UDP-TIMING(17390): 3318 0 0.233308000
D/UDP-TIMING(17390): 3319 0 0.255292000
D/UDP-TIMING(17390): 3320 0 0.247632000
D/UDP-TIMING(17390): 3321 0 0.239955000
D/UDP-TIMING(17390): 3322 0 0.262575000
D/UDP-TIMING(17390): 3323 0 0.255018000
D/UDP-TIMING(17390): 3324 0 0.247341000
D/UDP-TIMING(17390): 3325 0 0.239603000
D/UDP-TIMING(17390): 3326 0 0.261670000
D/UDP-TIMING(17390): 3327 0 0.254009000
D/UDP-TIMING(17390): 3328 0 0.246380000
D/UDP-TIMING(17390): 3329 0 0.238709000
D/UDP-TIMING(17390): 3330 0 0.261360000
D/UDP-TIMING(17390): 3331 0 0.253681000
D/UDP-TIMING(17390): 3332 0 0.246005000
D/UDP-TIMING(17390): 3333 0 0.238555000
D/UDP-TIMING(17390): 3334 0 0.257917000
D/UDP-TIMING(17390): 3335 0 0.250273000
D/UDP-TIMING(17390): 3336 0 0.242600000
D/UDP-TIMING(17390): 3337 0 0.234925000
D/UDP-TIMING(17390): 3338 0 0.257438000
D/UDP-TIMING(17390): 3339 0 0.249766000
D/UDP-TIMING(17390): 3340 0 0.242083000
D/UDP-TIMING(17390): 3341 0 0.234461000
D/UDP-TIMING(17390): 3342 0 0.256422000
D/UDP-TIMING(17390): 3343 0 0.248836000
D/UDP-TIMING(17390): 3344 0 0.241158000
E/TrafficStats( 1673): [QCTMM]tryAll index=0
E/TrafficStats( 1673): [QCTMM]tryAll index=1
E/TrafficStats( 1673): [QCTMM]tryAll index=2
E/TrafficStats( 1673): [QCTMM]tryAll index=0
E/TrafficStats( 1673): [QCTMM]tryAll index=1
E/TrafficStats( 1673): [QCTMM]tryAll index=2
D/DATA    ( 1860): sentSinceLastRecv=0,watchdogTrigger=10,maxindex=0
D/UDP-TIMING(17390): 3345 0 0.264268000
D/UDP-TIMING(17390): 3346 0 0.256591000
D/UDP-TIMING(17390): 3347 0 0.248924000
D/UDP-TIMING(17390): 3348 0 0.241295000
D/UDP-TIMING(17390): 3349 0 0.233669000
D/UDP-TIMING(17390): 3350 0 0.255248000
D/UDP-TIMING(17390): 3351 0 0.247562000
D/UDP-TIMING(17390): 3352 0 0.240003000
D/UDP-TIMING(17390): 3353 0 0.262551000
D/UDP-TIMING(17390): 3354 0 0.254955000
D/UDP-TIMING(17390): 3355 0 0.247276000
D/UDP-TIMING(17390): 3356 0 0.239600000
D/UDP-TIMING(17390): 3357 0 0.261648000
D/UDP-TIMING(17390): 3358 0 0.254026000
D/UDP-TIMING(17390): 3359 0 0.246393000
D/UDP-TIMING(17390): 3360 0 0.238722000
D/UDP-TIMING(17390): 3361 0 0.261010000
D/UDP-TIMING(17390): 3362 0 0.253428000
D/UDP-TIMING(17390): 3363 0 0.245829000
D/UDP-TIMING(17390): 3364 0 0.238149000
D/UDP-TIMING(17390): 3365 0 0.260830000
D/UDP-TIMING(17390): 3366 0 0.253145000
D/UDP-TIMING(17390): 3367 0 0.245466000
D/UDP-TIMING(17390): 3368 0 0.237779000
D/UDP-TIMING(17390): 3369 0 0.260093000
D/UDP-TIMING(17390): 3370 0 0.252501000
D/UDP-TIMING(17390): 3371 0 0.244822000
D/UDP-TIMING(17390): 3372 0 0.237143000
D/UDP-TIMING(17390): 3373 0 0.259414000
D/UDP-TIMING(17390): 3374 0 0.251827000
D/UDP-TIMING(17390): 3375 0 0.244220000
D/UDP-TIMING(17390): 3376 0 0.236552000
D/UDP-TIMING(17390): 3377 0 0.258829000
D/UDP-TIMING(17390): 3378 0 0.251232000
D/UDP-TIMING(17390): 3379 0 0.243599000
D/UDP-TIMING(17390): 3380 0 0.235975000
D/UDP-TIMING(17390): 3381 0 0.258352000
D/UDP-TIMING(17390): 3382 0 0.250741000
D/UDP-TIMING(17390): 3383 0 0.243121000
D/UDP-TIMING(17390): 3384 0 0.235493000
D/UDP-TIMING(17390): 3385 0 0.257552000
D/UDP-TIMING(17390): 3386 0 0.249988000
D/UDP-TIMING(17390): 3387 0 0.242369000
D/UDP-TIMING(17390): 3388 0 0.234774000
D/UDP-TIMING(17390): 3389 0 0.257573000
D/UDP-TIMING(17390): 3390 0 0.249986000
D/UDP-TIMING(17390): 3391 0 0.242317000
D/UDP-TIMING(17390): 3392 0 0.234596000
D/UDP-TIMING(17390): 3393 0 0.256514000
D/UDP-TIMING(17390): 3394 0 0.248861000
D/UDP-TIMING(17390): 3395 0 0.241173000
D/UDP-TIMING(17390): 3396 0 0.233550000
D/UDP-TIMING(17390): 3397 0 0.256115000
D/UDP-TIMING(17390): 3398 0 0.248438000
D/UDP-TIMING(17390): 3399 0 0.240755000
D/UDP-TIMING(17390): 3400 0 0.233168000
D/UDP-TIMING(17390): 3401 0 0.255071000
D/UDP-TIMING(17390): 3402 0 0.247407000
D/UDP-TIMING(17390): 3403 0 0.239763000
D/UDP-TIMING(17390): 3404 0 0.262389000
D/UDP-TIMING(17390): 3405 0 0.254793000
D/UDP-TIMING(17390): 3406 0 0.247147000
D/UDP-TIMING(17390): 3407 0 0.239469000
D/UDP-TIMING(17390): 3408 0 0.261518000
D/UDP-TIMING(17390): 3409 0 0.253842000
D/UDP-TIMING(17390): 3410 0 0.246164000
D/UDP-TIMING(17390): 3411 0 0.268451000
D/UDP-TIMING(17390): 3412 0 0.260792000
D/UDP-TIMING(17390): 3413 0 0.253210000
D/UDP-TIMING(17390): 3414 0 0.245550000
D/UDP-TIMING(17390): 3415 0 0.268215000
D/UDP-TIMING(17390): 3416 0 0.260571000
D/UDP-TIMING(17390): 3417 0 0.252890000
D/UDP-TIMING(17390): 3418 0 0.245214000
D/UDP-TIMING(17390): 3419 0 0.267163000
D/UDP-TIMING(17390): 3420 0 0.259486000
D/UDP-TIMING(17390): 3421 0 0.251806000
D/UDP-TIMING(17390): 3422 0 0.244131000
D/UDP-TIMING(17390): 3423 0 0.236480000
D/UDP-TIMING(17390): 3424 0 0.259042000
D/UDP-TIMING(17390): 3425 0 0.251363000
D/UDP-TIMING(17390): 3426 0 0.243760000
D/UDP-TIMING(17390): 3427 0 0.236184000
D/UDP-TIMING(17390): 3428 0 0.258174000
D/UDP-TIMING(17390): 3429 0 0.250549000
D/UDP-TIMING(17390): 3430 0 0.242870000
D/UDP-TIMING(17390): 3431 0 0.235191000
D/UDP-TIMING(17390): 3432 0 0.257749000
D/UDP-TIMING(17390): 3433 0 0.250070000
D/UDP-TIMING(17390): 3434 0 0.237286000
D/UDP-TIMING(17390): 3435 0 0.251995000
D/UDP-TIMING(17390): 3436 0 0.244345000
D/UDP-TIMING(17390): 3437 0 0.236692000
D/UDP-TIMING(17390): 3438 0 0.259353000
D/UDP-TIMING(17390): 3439 0 0.251712000
D/UDP-TIMING(17390): 3440 0 0.244035000
D/UDP-TIMING(17390): 3441 0 0.236352000
D/UDP-TIMING(17390): 3442 0 0.258312000
D/UDP-TIMING(17390): 3443 0 0.250675000
D/UDP-TIMING(17390): 3444 0 0.243042000
D/UDP-TIMING(17390): 3445 0 0.235353000
E/TrafficStats( 1673): [QCTMM]tryAll index=0
E/TrafficStats( 1673): [QCTMM]tryAll index=1
E/TrafficStats( 1673): [QCTMM]tryAll index=2
E/TrafficStats( 1673): [QCTMM]tryAll index=0
E/TrafficStats( 1673): [QCTMM]tryAll index=1
E/TrafficStats( 1673): [QCTMM]tryAll index=2
D/UDP-TIMING(17390): 3446 0 0.258359000
D/UDP-TIMING(17390): 3447 0 0.250684000
D/UDP-TIMING(17390): 3448 0 0.243021000
D/UDP-TIMING(17390): 3449 0 0.235388000
D/DATA    ( 1860): sentSinceLastRecv=0,watchdogTrigger=10,maxindex=0
D/UDP-TIMING(17390): 3450 0 0.256909000
D/UDP-TIMING(17390): 3451 0 0.249288000
D/UDP-TIMING(17390): 3452 0 0.241657000
D/UDP-TIMING(17390): 3453 0 0.234012000
D/UDP-TIMING(17390): 3454 0 0.256578000
D/UDP-TIMING(17390): 3455 0 0.248928000
D/UDP-TIMING(17390): 3456 0 0.241247000
D/UDP-TIMING(17390): 3457 0 0.233562000
D/UDP-TIMING(17390): 3458 0 0.255602000
D/UDP-TIMING(17390): 3459 0 0.247952000
D/UDP-TIMING(17390): 3460 0 0.240292000
D/UDP-TIMING(17390): 3461 0 0.262853000
D/UDP-TIMING(17390): 3462 0 0.255180000
D/UDP-TIMING(17390): 3463 0 0.247567000
D/UDP-TIMING(17390): 3464 0 0.239934000
D/UDP-TIMING(17390): 3465 0 0.262052000
D/UDP-TIMING(17390): 3466 0 0.254415000
D/UDP-TIMING(17390): 3467 0 0.246798000
D/UDP-TIMING(17390): 3468 0 0.239164000
D/UDP-TIMING(17390): 3469 0 0.261480000
D/UDP-TIMING(17390): 3470 0 0.253837000
D/UDP-TIMING(17390): 3471 0 0.246158000
D/UDP-TIMING(17390): 3472 0 0.238474000
D/UDP-TIMING(17390): 3473 0 0.261077000
D/UDP-TIMING(17390): 3474 0 0.253445000
D/UDP-TIMING(17390): 3475 0 0.245761000
D/UDP-TIMING(17390): 3476 0 0.238094000
D/UDP-TIMING(17390): 3477 0 0.260172000
D/UDP-TIMING(17390): 3478 0 0.252482000
D/UDP-TIMING(17390): 3479 0 0.244883000
D/UDP-TIMING(17390): 3480 0 0.237199000
D/UDP-TIMING(17390): 3481 0 0.259732000
D/UDP-TIMING(17390): 3482 0 0.252081000
D/UDP-TIMING(17390): 3483 0 0.244391000
D/UDP-TIMING(17390): 3484 0 0.236652000
D/UDP-TIMING(17390): 3485 0 0.258653000
D/UDP-TIMING(17390): 3486 0 0.250954000
D/UDP-TIMING(17390): 3487 0 0.243282000
D/UDP-TIMING(17390): 3488 0 0.235653000
D/UDP-TIMING(17390): 3489 0 0.258278000
D/UDP-TIMING(17390): 3490 0 0.250599000
D/UDP-TIMING(17390): 3491 0 0.242928000
D/UDP-TIMING(17390): 3492 0 0.235212000
D/UDP-TIMING(17390): 3493 0 0.257225000
D/UDP-TIMING(17390): 3494 0 0.249547000
D/UDP-TIMING(17390): 3495 0 0.241871000
D/UDP-TIMING(17390): 3496 0 0.234108000
D/UDP-TIMING(17390): 3497 0 0.256767000
D/UDP-TIMING(17390): 3498 0 0.249146000
D/UDP-TIMING(17390): 3499 0 0.241588000
D/UDP-TIMING(17390): 3500 0 0.233990000
D/UDP-TIMING(17390): 3501 0 0.255944000
D/UDP-TIMING(17390): 3502 0 0.248280000
D/UDP-TIMING(17390): 3503 0 0.240681000
D/UDP-TIMING(17390): 3504 0 0.234828000
D/UDP-TIMING(17390): 3505 0 0.255539000
D/UDP-TIMING(17390): 3506 0 0.247863000
D/UDP-TIMING(17390): 3507 0 0.240211000
D/UDP-TIMING(17390): 3508 0 0.262248000
D/UDP-TIMING(17390): 3509 0 0.254601000
D/UDP-TIMING(17390): 3510 0 0.246922000
D/UDP-TIMING(17390): 3511 0 0.239239000
D/UDP-TIMING(17390): 3512 0 0.261922000
D/UDP-TIMING(17390): 3513 0 0.254344000
D/UDP-TIMING(17390): 3514 0 0.246732000
D/UDP-TIMING(17390): 3515 0 0.239053000
D/UDP-TIMING(17390): 3516 0 0.261083000
D/UDP-TIMING(17390): 3517 0 0.253448000
D/UDP-TIMING(17390): 3518 0 0.245761000
D/UDP-TIMING(17390): 3519 0 0.238069000
D/UDP-TIMING(17390): 3520 0 0.260298000
D/UDP-TIMING(17390): 3521 0 0.252608000
D/UDP-TIMING(17390): 3522 0 0.244912000
D/UDP-TIMING(17390): 3523 0 0.267642000
D/UDP-TIMING(17390): 3524 0 0.259984000
D/UDP-TIMING(17390): 3525 0 0.252294000
D/UDP-TIMING(17390): 3526 0 0.244675000
D/UDP-TIMING(17390): 3527 0 0.237071000
D/UDP-TIMING(17390): 3528 0 0.259049000
D/UDP-TIMING(17390): 3529 0 0.251370000
D/UDP-TIMING(17390): 3530 0 0.243735000
D/UDP-TIMING(17390): 3531 0 0.236082000
D/UDP-TIMING(17390): 3532 0 0.258789000
D/UDP-TIMING(17390): 3533 0 0.251175000
D/UDP-TIMING(17390): 3534 0 0.243582000
E/TrafficStats(16531): [QCTMM]tryAll index=0
E/TrafficStats(16531): [QCTMM]tryAll index=1
E/TrafficStats(16531): [QCTMM]tryAll index=2
E/TrafficStats(16531): [QCTMM]tryAll index=0
E/TrafficStats(16531): [QCTMM]tryAll index=1
E/TrafficStats(16531): [QCTMM]tryAll index=2
E/TrafficStats(16531): [QCTMM]tryAll index=0
E/TrafficStats(16531): [QCTMM]tryAll index=1
E/TrafficStats(16531): [QCTMM]tryAll index=2
E/TrafficStats(16531): [QCTMM]tryAll index=0
E/TrafficStats(16531): [QCTMM]tryAll index=1
E/TrafficStats(16531): [QCTMM]tryAll index=2
D/UDP-TIMING(17390): 3535 0 0.237762000
D/UDP-TIMING(17390): 3536 0 0.255647000
D/UDP-TIMING(17390): 3537 0 0.248022000
D/UDP-TIMING(17390): 3538 0 0.240373000
D/UDP-TIMING(17390): 3539 0 0.262843000
D/UDP-TIMING(17390): 3540 0 0.255272000
D/UDP-TIMING(17390): 3541 0 0.247473000
D/UDP-TIMING(17390): 3542 0 0.239767000
D/UDP-TIMING(17390): 3543 0 0.261655000
D/UDP-TIMING(17390): 3544 0 0.253906000
D/UDP-TIMING(17390): 3545 0 0.246154000
D/UDP-TIMING(17390): 3546 0 0.238514000
E/TrafficStats( 1673): [QCTMM]tryAll index=0
E/TrafficStats( 1673): [QCTMM]tryAll index=1
E/TrafficStats( 1673): [QCTMM]tryAll index=2
D/UDP-TIMING(17390): 3547 0 0.261514000
D/UDP-TIMING(17390): 3548 0 0.253813000
D/UDP-TIMING(17390): 3549 0 0.246022000
D/UDP-TIMING(17390): 3550 0 0.238277000
E/TrafficStats( 1673): [QCTMM]tryAll index=0
E/TrafficStats( 1673): [QCTMM]tryAll index=1
E/TrafficStats( 1673): [QCTMM]tryAll index=2
D/DATA    ( 1860): sentSinceLastRecv=0,watchdogTrigger=10,maxindex=0
D/UDP-TIMING(17390): 3551 0 0.259796000
D/UDP-TIMING(17390): 3552 0 0.252080000
D/UDP-TIMING(17390): 3553 0 0.244281000
D/UDP-TIMING(17390): 3554 0 0.236535000
D/UDP-TIMING(17390): 3555 0 0.259229000
D/UDP-TIMING(17390): 3556 0 0.251515000
D/UDP-TIMING(17390): 3557 0 0.243768000
D/UDP-TIMING(17390): 3558 0 0.236023000
D/StatusBarPolicy( 1816): iconIndex=1
V/StatusBarPolicy( 1816): cdmaLevel:3;max:4
D/StatusBarPolicy( 1816): iconLevel:3
D/UDP-TIMING(17390): 3559 0 0.258153000
D/UDP-TIMING(17390): 3560 0 0.250490000
D/UDP-TIMING(17390): 3561 0 0.242772000
D/UDP-TIMING(17390): 3562 0 0.235073000
I/PhoneInfo( 2188): getCdmaLevel - cdmaDbm: -71 cdmaEcio:-100
D/UDP-TIMING(17390): 3563 0 0.257363000
D/UDP-TIMING(17390): 3564 0 0.249628000
D/UDP-TIMING(17390): 3565 0 0.241893000
D/UDP-TIMING(17390): 3566 0 0.234184000
I/PhoneInfo( 2188): getEvdoLevel - evdoDbm: -120 evdoSnr:-1 evdoEcio:-1
I/PhoneInfo( 2188): getLteLevel - lteRsrp: -1 lteCqi:-1
D/UDP-TIMING(17390): 3567 0 0.256076000
D/UDP-TIMING(17390): 3568 0 0.248339000
D/UDP-TIMING(17390): 3569 0 0.240605000
D/UDP-TIMING(17390): 3570 0 0.233384000
D/UDP-TIMING(17390): 3571 0 0.254667000
D/UDP-TIMING(17390): 3572 0 0.246973000
D/UDP-TIMING(17390): 3573 0 0.239316000
D/UDP-TIMING(17390): 3574 0 0.261662000
D/UDP-TIMING(17390): 3575 0 0.254005000
D/UDP-TIMING(17390): 3576 0 0.246258000
D/UDP-TIMING(17390): 3577 0 0.238511000
D/UDP-TIMING(17390): 3578 0 0.261190000
D/UDP-TIMING(17390): 3579 0 0.253472000
D/UDP-TIMING(17390): 3580 0 0.245726000
D/UDP-TIMING(17390): 3581 0 0.237980000
D/UDP-TIMING(17390): 3582 0 0.260327000
D/UDP-TIMING(17390): 3583 0 0.252575000
D/UDP-TIMING(17390): 3584 0 0.244828000
D/UDP-TIMING(17390): 3585 0 0.237111000
D/UDP-TIMING(17390): 3586 0 0.259454000
D/UDP-TIMING(17390): 3587 0 0.251729000
D/UDP-TIMING(17390): 3588 0 0.243998000
D/UDP-TIMING(17390): 3589 0 0.236295000
D/UDP-TIMING(17390): 3590 0 0.258830000
D/UDP-TIMING(17390): 3591 0 0.251123000
D/UDP-TIMING(17390): 3592 0 0.243384000
D/UDP-TIMING(17390): 3593 0 0.235646000
D/UDP-TIMING(17390): 3594 0 0.256988000
D/UDP-TIMING(17390): 3595 0 0.249250000
D/UDP-TIMING(17390): 3596 0 0.271632000
D/UDP-TIMING(17390): 3597 0 0.263894000
D/UDP-TIMING(17390): 3598 0 0.256156000
D/UDP-TIMING(17390): 3599 0 0.248493000
D/UDP-TIMING(17390): 3600 0 0.240866000
D/UDP-TIMING(17390): 3601 0 0.233194000
D/dalvikvm(16531): GC_CONCURRENT freed 433K, 51% free 3377K/6855K, external 0K/0K, paused 7ms+3ms
D/UDP-TIMING(17390): 3602 0 0.255491000
D/UDP-TIMING(17390): 3603 0 0.247752000
D/UDP-TIMING(17390): 3604 0 0.240014000
D/UDP-TIMING(17390): 3605 0 0.262548000
D/UDP-TIMING(17390): 3606 0 0.254833000
D/UDP-TIMING(17390): 3607 0 0.247125000
D/UDP-TIMING(17390): 3608 0 0.239389000
D/UDP-TIMING(17390): 3609 0 0.261514000
D/UDP-TIMING(17390): 3610 0 0.253778000
D/UDP-TIMING(17390): 3611 0 0.246071000
D/UDP-TIMING(17390): 3612 0 0.269019000
D/UDP-TIMING(17390): 3613 0 0.261292000
D/UDP-TIMING(17390): 3614 0 0.253639000
D/UDP-TIMING(17390): 3615 0 0.245900000
D/UDP-TIMING(17390): 3616 0 0.238161000
D/UDP-TIMING(17390): 3617 0 0.260116000
D/UDP-TIMING(17390): 3618 0 0.252379000
D/UDP-TIMING(17390): 3619 0 0.244644000
D/UDP-TIMING(17390): 3620 0 0.236905000
D/UDP-TIMING(17390): 3621 0 0.259684000
D/UDP-TIMING(17390): 3622 0 0.251946000
D/UDP-TIMING(17390): 3623 0 0.244210000
D/UDP-TIMING(17390): 3624 0 0.236472000
D/UDP-TIMING(17390): 3625 0 0.258213000
D/UDP-TIMING(17390): 3626 0 0.250553000
D/UDP-TIMING(17390): 3627 0 0.242809000
D/UDP-TIMING(17390): 3628 0 0.235073000
D/UDP-TIMING(17390): 3629 0 0.257609000
D/UDP-TIMING(17390): 3630 0 0.249874000
D/UDP-TIMING(17390): 3631 0 0.242168000
D/UDP-TIMING(17390): 3632 0 0.234429000
D/UDP-TIMING(17390): 3633 0 0.256383000
D/UDP-TIMING(17390): 3634 0 0.248645000
D/UDP-TIMING(17390): 3635 0 0.240906000
D/UDP-TIMING(17390): 3636 0 0.237302000
D/UDP-TIMING(17390): 3637 0 0.253187000
D/UDP-TIMING(17390): 3638 0 0.245493000
D/UDP-TIMING(17390): 3639 0 0.267539000
D/UDP-TIMING(17390): 3640 0 0.259833000
D/UDP-TIMING(17390): 3641 0 0.252147000
D/UDP-TIMING(17390): 3642 0 0.244416000
D/UDP-TIMING(17390): 3643 0 0.236674000
D/UDP-TIMING(17390): 3644 0 0.258839000
D/UDP-TIMING(17390): 3645 0 0.251092000
D/UDP-TIMING(17390): 3646 0 0.243317000
D/UDP-TIMING(17390): 3647 0 0.235660000
E/TrafficStats( 1673): [QCTMM]tryAll index=0
E/TrafficStats( 1673): [QCTMM]tryAll index=1
E/TrafficStats( 1673): [QCTMM]tryAll index=2
E/TrafficStats( 1673): [QCTMM]tryAll index=0
E/TrafficStats( 1673): [QCTMM]tryAll index=1
E/TrafficStats( 1673): [QCTMM]tryAll index=2
D/UDP-TIMING(17390): 3648 0 0.258351000
D/UDP-TIMING(17390): 3649 0 0.250655000
D/UDP-TIMING(17390): 3650 0 0.242975000
D/UDP-TIMING(17390): 3651 0 0.235258000
D/DATA    ( 1860): sentSinceLastRecv=0,watchdogTrigger=10,maxindex=0
D/UDP-TIMING(17390): 3652 0 0.257310000
D/UDP-TIMING(17390): 3653 0 0.249572000
D/UDP-TIMING(17390): 3654 0 0.241834000
D/UDP-TIMING(17390): 3655 0 0.234215000
D/UDP-TIMING(17390): 3656 0 0.256695000
D/UDP-TIMING(17390): 3657 0 0.249030000
D/UDP-TIMING(17390): 3658 0 0.241295000
D/UDP-TIMING(17390): 3659 0 0.233565000
D/UDP-TIMING(17390): 3660 0 0.255520000
D/UDP-TIMING(17390): 3661 0 0.247839000
D/UDP-TIMING(17390): 3662 0 0.240179000
D/UDP-TIMING(17390): 3663 0 0.262753000
D/UDP-TIMING(17390): 3664 0 0.255052000
D/UDP-TIMING(17390): 3665 0 0.247346000
D/UDP-TIMING(17390): 3666 0 0.239640000
D/UDP-TIMING(17390): 3667 0 0.261570000
D/UDP-TIMING(17390): 3668 0 0.253867000
D/UDP-TIMING(17390): 3669 0 0.246164000
D/UDP-TIMING(17390): 3670 0 0.238458000
D/UDP-TIMING(17390): 3671 0 0.261061000
D/UDP-TIMING(17390): 3672 0 0.253393000
D/UDP-TIMING(17390): 3673 0 0.245720000
D/UDP-TIMING(17390): 3674 0 0.238105000
D/UDP-TIMING(17390): 3675 0 0.260064000
D/UDP-TIMING(17390): 3676 0 0.252400000
D/UDP-TIMING(17390): 3677 0 0.244701000
D/UDP-TIMING(17390): 3678 0 0.236998000
D/UDP-TIMING(17390): 3679 0 0.259661000
D/UDP-TIMING(17390): 3680 0 0.251957000
D/UDP-TIMING(17390): 3681 0 0.244254000
D/UDP-TIMING(17390): 3682 0 0.236551000
D/UDP-TIMING(17390): 3683 0 0.258454000
D/UDP-TIMING(17390): 3684 0 0.250784000
D/UDP-TIMING(17390): 3685 0 0.243119000
D/UDP-TIMING(17390): 3686 0 0.235439000
D/UDP-TIMING(17390): 3687 0 0.258198000
D/UDP-TIMING(17390): 3688 0 0.250506000
D/UDP-TIMING(17390): 3689 0 0.242810000
D/UDP-TIMING(17390): 3690 0 0.235107000
D/UDP-TIMING(17390): 3691 0 0.256975000
D/UDP-TIMING(17390): 3692 0 0.249270000
D/UDP-TIMING(17390): 3693 0 0.241566000
D/UDP-TIMING(17390): 3694 0 0.233863000
D/UDP-TIMING(17390): 3695 0 0.256559000
D/UDP-TIMING(17390): 3696 0 0.248890000
D/UDP-TIMING(17390): 3697 0 0.241188000
D/UDP-TIMING(17390): 3698 0 0.233446000
D/UDP-TIMING(17390): 3699 0 0.255548000
D/UDP-TIMING(17390): 3700 0 0.247882000
D/UDP-TIMING(17390): 3701 0 0.240139000
D/UDP-TIMING(17390): 3702 0 0.262089000
D/UDP-TIMING(17390): 3703 0 0.254356000
D/UDP-TIMING(17390): 3704 0 0.246612000
D/UDP-TIMING(17390): 3705 0 0.238867000
D/UDP-TIMING(17390): 3706 0 0.261364000
D/UDP-TIMING(17390): 3707 0 0.253618000
D/UDP-TIMING(17390): 3708 0 0.245874000
D/UDP-TIMING(17390): 3709 0 0.238128000
D/UDP-TIMING(17390): 3710 0 0.260137000
D/UDP-TIMING(17390): 3711 0 0.252467000
D/UDP-TIMING(17390): 3712 0 0.244868000
D/UDP-TIMING(17390): 3713 0 0.237135000
D/UDP-TIMING(17390): 3714 0 0.259611000
D/UDP-TIMING(17390): 3715 0 0.251873000
D/UDP-TIMING(17390): 3716 0 0.244134000
D/UDP-TIMING(17390): 3717 0 0.266150000
D/UDP-TIMING(17390): 3718 0 0.258446000
D/UDP-TIMING(17390): 3719 0 0.250708000
D/UDP-TIMING(17390): 3720 0 0.242968000
D/UDP-TIMING(17390): 3721 0 0.235230000
D/UDP-TIMING(17390): 3722 0 0.257704000
D/UDP-TIMING(17390): 3723 0 0.249970000
D/UDP-TIMING(17390): 3724 0 0.242315000
D/UDP-TIMING(17390): 3725 0 0.234661000
D/UDP-TIMING(17390): 3726 0 0.256650000
D/UDP-TIMING(17390): 3727 0 0.248874000
D/UDP-TIMING(17390): 3728 0 0.241172000
D/UDP-TIMING(17390): 3729 0 0.233293000
D/UDP-TIMING(17390): 3730 0 0.255730000
D/UDP-TIMING(17390): 3731 0 0.247994000
D/UDP-TIMING(17390): 3732 0 0.240285000
D/UDP-TIMING(17390): 3733 0 0.262341000
D/UDP-TIMING(17390): 3734 0 0.254678000
D/UDP-TIMING(17390): 3735 0 0.246942000
D/UDP-TIMING(17390): 3736 0 0.239199000
D/UDP-TIMING(17390): 3737 0 0.237436000
D/UDP-TIMING(17390): 3738 0 0.251300000
D/UDP-TIMING(17390): 3739 0 0.243643000
D/UDP-TIMING(17390): 3740 0 0.235938000
D/UDP-TIMING(17390): 3741 0 0.257930000
D/UDP-TIMING(17390): 3742 0 0.250305000
D/UDP-TIMING(17390): 3743 0 0.242651000
D/UDP-TIMING(17390): 3744 0 0.234980000
D/UDP-TIMING(17390): 3745 0 0.257628000
D/UDP-TIMING(17390): 3746 0 0.250031000
D/UDP-TIMING(17390): 3747 0 0.242370000
D/UDP-TIMING(17390): 3748 0 0.234631000
E/TrafficStats( 1673): [QCTMM]tryAll index=0
E/TrafficStats( 1673): [QCTMM]tryAll index=1
E/TrafficStats( 1673): [QCTMM]tryAll index=2
E/TrafficStats( 1673): [QCTMM]tryAll index=0
E/TrafficStats( 1673): [QCTMM]tryAll index=1
E/TrafficStats( 1673): [QCTMM]tryAll index=2
D/UDP-TIMING(17390): 3749 0 0.256585000
D/UDP-TIMING(17390): 3750 0 0.248846000
D/UDP-TIMING(17390): 3751 0 0.241111000
D/UDP-TIMING(17390): 3752 0 0.233403000
D/DATA    ( 1860): sentSinceLastRecv=0,watchdogTrigger=10,maxindex=0
D/UDP-TIMING(17390): 3753 0 0.255850000
D/UDP-TIMING(17390): 3754 0 0.248112000
D/UDP-TIMING(17390): 3755 0 0.240404000
D/UDP-TIMING(17390): 3756 0 0.262365000
D/UDP-TIMING(17390): 3757 0 0.254622000
D/UDP-TIMING(17390): 3758 0 0.246956000
D/UDP-TIMING(17390): 3759 0 0.239301000
D/UDP-TIMING(17390): 3760 0 0.261559000
D/UDP-TIMING(17390): 3761 0 0.253834000
D/UDP-TIMING(17390): 3762 0 0.246096000
D/UDP-TIMING(17390): 3763 0 0.238361000
D/UDP-TIMING(17390): 3764 0 0.261020000
D/UDP-TIMING(17390): 3765 0 0.253285000
D/UDP-TIMING(17390): 3766 0 0.245577000
D/UDP-TIMING(17390): 3767 0 0.237839000
D/UDP-TIMING(17390): 3768 0 0.259705000
D/UDP-TIMING(17390): 3769 0 0.252032000
D/UDP-TIMING(17390): 3770 0 0.244295000
D/UDP-TIMING(17390): 3771 0 0.236638000
D/UDP-TIMING(17390): 3772 0 0.259258000
D/UDP-TIMING(17390): 3773 0 0.251534000
D/UDP-TIMING(17390): 3774 0 0.243794000
D/UDP-TIMING(17390): 3775 0 0.236056000
D/UDP-TIMING(17390): 3776 0 0.258011000
D/UDP-TIMING(17390): 3777 0 0.250303000
D/UDP-TIMING(17390): 3778 0 0.242568000
D/UDP-TIMING(17390): 3779 0 0.234830000
D/UDP-TIMING(17390): 3780 0 0.257333000
D/UDP-TIMING(17390): 3781 0 0.249626000
D/UDP-TIMING(17390): 3782 0 0.241891000
D/UDP-TIMING(17390): 3783 0 0.234155000
D/UDP-TIMING(17390): 3784 0 0.256272000
D/UDP-TIMING(17390): 3785 0 0.248552000
D/UDP-TIMING(17390): 3786 0 0.240815000
D/UDP-TIMING(17390): 3787 0 0.233070000
D/UDP-TIMING(17390): 3788 0 0.255395000
D/UDP-TIMING(17390): 3789 0 0.247676000
D/UDP-TIMING(17390): 3790 0 0.239924000
D/UDP-TIMING(17390): 3791 0 0.261930000
D/UDP-TIMING(17390): 3792 0 0.254211000
D/UDP-TIMING(17390): 3793 0 0.246459000
D/UDP-TIMING(17390): 3794 0 0.238707000
D/UDP-TIMING(17390): 3795 0 0.261173000
D/UDP-TIMING(17390): 3796 0 0.253446000
D/UDP-TIMING(17390): 3797 0 0.245780000
D/UDP-TIMING(17390): 3798 0 0.238116000
D/UDP-TIMING(17390): 3799 0 0.260076000
D/UDP-TIMING(17390): 3800 0 0.252366000
D/UDP-TIMING(17390): 3801 0 0.244623000
D/UDP-TIMING(17390): 3802 0 0.236876000
D/UDP-TIMING(17390): 3803 0 0.259403000
D/UDP-TIMING(17390): 3804 0 0.251656000
D/UDP-TIMING(17390): 3805 0 0.243913000
D/UDP-TIMING(17390): 3806 0 0.236167000
D/UDP-TIMING(17390): 3807 0 0.258145000
D/UDP-TIMING(17390): 3808 0 0.250423000
D/UDP-TIMING(17390): 3809 0 0.242679000
D/UDP-TIMING(17390): 3810 0 0.265008000
D/UDP-TIMING(17390): 3811 0 0.257414000
D/UDP-TIMING(17390): 3812 0 0.249683000
D/UDP-TIMING(17390): 3813 0 0.241937000
D/UDP-TIMING(17390): 3814 0 0.234191000
D/UDP-TIMING(17390): 3815 0 0.256658000
D/UDP-TIMING(17390): 3816 0 0.248915000
D/UDP-TIMING(17390): 3817 0 0.241162000
D/UDP-TIMING(17390): 3818 0 0.263171000
D/UDP-TIMING(17390): 3819 0 0.255419000
D/UDP-TIMING(17390): 3820 0 0.247666000
D/UDP-TIMING(17390): 3821 0 0.270163000
D/UDP-TIMING(17390): 3822 0 0.262497000
D/UDP-TIMING(17390): 3823 0 0.254787000
D/UDP-TIMING(17390): 3824 0 0.247075000
D/UDP-TIMING(17390): 3825 0 0.239347000
D/UDP-TIMING(17390): 3826 0 0.261306000
D/UDP-TIMING(17390): 3827 0 0.253571000
D/UDP-TIMING(17390): 3828 0 0.245832000
D/UDP-TIMING(17390): 3829 0 0.238094000
D/UDP-TIMING(17390): 3830 0 0.260690000
D/UDP-TIMING(17390): 3831 0 0.252952000
D/UDP-TIMING(17390): 3832 0 0.245214000
D/UDP-TIMING(17390): 3833 0 0.237476000
D/UDP-TIMING(17390): 3834 0 0.259401000
D/UDP-TIMING(17390): 3835 0 0.251662000
D/UDP-TIMING(17390): 3836 0 0.244004000
D/UDP-TIMING(17390): 3837 0 0.236384000
D/UDP-TIMING(17390): 3838 0 0.238900000
D/UDP-TIMING(17390): 3839 0 0.258585000
D/UDP-TIMING(17390): 3840 0 0.250848000
D/UDP-TIMING(17390): 3841 0 0.243131000
D/UDP-TIMING(17390): 3842 0 0.235386000
D/UDP-TIMING(17390): 3843 0 0.257487000
D/UDP-TIMING(17390): 3844 0 0.249895000
D/UDP-TIMING(17390): 3845 0 0.242274000
D/UDP-TIMING(17390): 3846 0 0.234549000
D/UDP-TIMING(17390): 3847 0 0.257092000
D/UDP-TIMING(17390): 3848 0 0.249335000
D/UDP-TIMING(17390): 3849 0 0.241619000
E/TrafficStats( 1673): [QCTMM]tryAll index=0
E/TrafficStats( 1673): [QCTMM]tryAll index=1
E/TrafficStats( 1673): [QCTMM]tryAll index=2
E/TrafficStats( 1673): [QCTMM]tryAll index=0
E/TrafficStats( 1673): [QCTMM]tryAll index=1
E/TrafficStats( 1673): [QCTMM]tryAll index=2
D/UDP-TIMING(17390): 3850 0 0.264148000
D/UDP-TIMING(17390): 3851 0 0.256406000
D/UDP-TIMING(17390): 3852 0 0.248659000
D/UDP-TIMING(17390): 3853 0 0.240913000
D/UDP-TIMING(17390): 3854 0 0.233201000
D/DATA    ( 1860): sentSinceLastRecv=0,watchdogTrigger=10,maxindex=0
D/UDP-TIMING(17390): 3855 0 0.255136000
D/UDP-TIMING(17390): 3856 0 0.247456000
D/UDP-TIMING(17390): 3857 0 0.239851000
D/UDP-TIMING(17390): 3858 0 0.261824000
D/UDP-TIMING(17390): 3859 0 0.254123000
D/UDP-TIMING(17390): 3860 0 0.246383000
D/UDP-TIMING(17390): 3861 0 0.238637000
D/UDP-TIMING(17390): 3862 0 0.261198000
D/UDP-TIMING(17390): 3863 0 0.253452000
D/UDP-TIMING(17390): 3864 0 0.245590000
D/UDP-TIMING(17390): 3865 0 0.237851000
D/UDP-TIMING(17390): 3866 0 0.259819000
D/UDP-TIMING(17390): 3867 0 0.252150000
D/UDP-TIMING(17390): 3868 0 0.244451000
D/UDP-TIMING(17390): 3869 0 0.236704000
D/UDP-TIMING(17390): 3870 0 0.259006000
D/UDP-TIMING(17390): 3871 0 0.251418000
D/UDP-TIMING(17390): 3872 0 0.243667000
D/UDP-TIMING(17390): 3873 0 0.235928000
D/UDP-TIMING(17390): 3874 0 0.258548000
D/UDP-TIMING(17390): 3875 0 0.250802000
D/UDP-TIMING(17390): 3876 0 0.243059000
D/UDP-TIMING(17390): 3877 0 0.235196000
D/UDP-TIMING(17390): 3878 0 0.257056000
D/UDP-TIMING(17390): 3879 0 0.249312000
D/UDP-TIMING(17390): 3880 0 0.241598000
D/UDP-TIMING(17390): 3881 0 0.264216000
D/UDP-TIMING(17390): 3882 0 0.256501000
D/UDP-TIMING(17390): 3883 0 0.248834000
D/UDP-TIMING(17390): 3884 0 0.241208000
D/UDP-TIMING(17390): 3885 0 0.263198000
D/UDP-TIMING(17390): 3886 0 0.255502000
D/UDP-TIMING(17390): 3887 0 0.247764000
D/UDP-TIMING(17390): 3888 0 0.240021000
D/UDP-TIMING(17390): 3889 0 0.262522000
D/UDP-TIMING(17390): 3890 0 0.254779000
D/UDP-TIMING(17390): 3891 0 0.247033000
D/UDP-TIMING(17390): 3892 0 0.239287000
D/UDP-TIMING(17390): 3893 0 0.261264000
D/UDP-TIMING(17390): 3894 0 0.253520000
D/UDP-TIMING(17390): 3895 0 0.245768000
D/UDP-TIMING(17390): 3896 0 0.238099000
D/UDP-TIMING(17390): 3897 0 0.260698000
D/UDP-TIMING(17390): 3898 0 0.252949000
D/UDP-TIMING(17390): 3899 0 0.245202000
D/UDP-TIMING(17390): 3900 0 0.237455000
D/UDP-TIMING(17390): 3901 0 0.259497000
D/UDP-TIMING(17390): 3902 0 0.251751000
D/UDP-TIMING(17390): 3903 0 0.244005000
D/UDP-TIMING(17390): 3904 0 0.236263000
D/UDP-TIMING(17390): 3905 0 0.258729000
D/UDP-TIMING(17390): 3906 0 0.251064000
D/UDP-TIMING(17390): 3907 0 0.243368000
D/UDP-TIMING(17390): 3908 0 0.235621000
D/UDP-TIMING(17390): 3909 0 0.257709000
D/UDP-TIMING(17390): 3910 0 0.250073000
D/UDP-TIMING(17390): 3911 0 0.242315000
D/UDP-TIMING(17390): 3912 0 0.234579000
D/UDP-TIMING(17390): 3913 0 0.257066000
D/UDP-TIMING(17390): 3914 0 0.249317000
D/UDP-TIMING(17390): 3915 0 0.241571000
D/UDP-TIMING(17390): 3916 0 0.233821000
D/UDP-TIMING(17390): 3917 0 0.255732000
D/UDP-TIMING(17390): 3918 0 0.247979000
D/UDP-TIMING(17390): 3919 0 0.240263000
D/UDP-TIMING(17390): 3920 0 0.262562000
D/UDP-TIMING(17390): 3921 0 0.254905000
D/UDP-TIMING(17390): 3922 0 0.247244000
D/UDP-TIMING(17390): 3923 0 0.239510000
D/UDP-TIMING(17390): 3924 0 0.262058000
D/UDP-TIMING(17390): 3925 0 0.254314000
D/UDP-TIMING(17390): 3926 0 0.246568000
D/UDP-TIMING(17390): 3927 0 0.238822000
D/UDP-TIMING(17390): 3928 0 0.260891000
D/UDP-TIMING(17390): 3929 0 0.253148000
D/UDP-TIMING(17390): 3930 0 0.245404000
D/UDP-TIMING(17390): 3931 0 0.237658000
D/UDP-TIMING(17390): 3932 0 0.260093000
D/UDP-TIMING(17390): 3933 0 0.252376000
D/UDP-TIMING(17390): 3934 0 0.244630000
D/UDP-TIMING(17390): 3935 0 0.236963000
D/UDP-TIMING(17390): 3936 0 0.259004000
D/UDP-TIMING(17390): 3937 0 0.251346000
D/UDP-TIMING(17390): 3938 0 0.243647000
D/UDP-TIMING(17390): 3939 0 0.237723000
D/UDP-TIMING(17390): 3940 0 0.255855000
D/UDP-TIMING(17390): 3941 0 0.248143000
D/UDP-TIMING(17390): 3942 0 0.240519000
D/UDP-TIMING(17390): 3943 0 0.262617000
D/UDP-TIMING(17390): 3944 0 0.254992000
D/UDP-TIMING(17390): 3945 0 0.247348000
D/UDP-TIMING(17390): 3946 0 0.239572000
D/UDP-TIMING(17390): 3947 0 0.262011000
D/UDP-TIMING(17390): 3948 0 0.254302000
D/UDP-TIMING(17390): 3949 0 0.246576000
D/UDP-TIMING(17390): 3950 0 0.238841000
E/TrafficStats( 1673): [QCTMM]tryAll index=0
E/TrafficStats( 1673): [QCTMM]tryAll index=1
E/TrafficStats( 1673): [QCTMM]tryAll index=2
E/TrafficStats( 1673): [QCTMM]tryAll index=0
E/TrafficStats( 1673): [QCTMM]tryAll index=1
E/TrafficStats( 1673): [QCTMM]tryAll index=2
D/DATA    ( 1860): sentSinceLastRecv=0,watchdogTrigger=10,maxindex=0
D/UDP-TIMING(17390): 3951 0 0.261279000
D/UDP-TIMING(17390): 3952 0 0.253572000
D/UDP-TIMING(17390): 3953 0 0.245826000
D/UDP-TIMING(17390): 3954 0 0.238076000
D/UDP-TIMING(17390): 3955 0 0.260279000
D/UDP-TIMING(17390): 3956 0 0.252656000
D/UDP-TIMING(17390): 3957 0 0.244871000
D/UDP-TIMING(17390): 3958 0 0.237172000
D/UDP-TIMING(17390): 3959 0 0.259167000
D/UDP-TIMING(17390): 3960 0 0.251468000
D/UDP-TIMING(17390): 3961 0 0.243771000
D/UDP-TIMING(17390): 3962 0 0.236073000
D/UDP-TIMING(17390): 3963 0 0.258707000
D/UDP-TIMING(17390): 3964 0 0.251035000
D/UDP-TIMING(17390): 3965 0 0.243336000
D/UDP-TIMING(17390): 3966 0 0.235604000
D/UDP-TIMING(17390): 3967 0 0.257509000
D/UDP-TIMING(17390): 3968 0 0.249847000
D/UDP-TIMING(17390): 3969 0 0.242179000
D/UDP-TIMING(17390): 3970 0 0.234553000
D/UDP-TIMING(17390): 3971 0 0.257256000
D/UDP-TIMING(17390): 3972 0 0.249588000
D/UDP-TIMING(17390): 3973 0 0.241845000
D/UDP-TIMING(17390): 3974 0 0.234113000
D/UDP-TIMING(17390): 3975 0 0.255939000
D/UDP-TIMING(17390): 3976 0 0.248222000
D/UDP-TIMING(17390): 3977 0 0.240476000
D/UDP-TIMING(17390): 3978 0 0.262974000
D/UDP-TIMING(17390): 3979 0 0.255259000
D/UDP-TIMING(17390): 3980 0 0.247512000
D/UDP-TIMING(17390): 3981 0 0.239767000
D/UDP-TIMING(17390): 3982 0 0.261791000
D/UDP-TIMING(17390): 3983 0 0.254185000
D/UDP-TIMING(17390): 3984 0 0.246488000
D/UDP-TIMING(17390): 3985 0 0.238789000
D/UDP-TIMING(17390): 3986 0 0.261147000
D/UDP-TIMING(17390): 3987 0 0.253453000
D/UDP-TIMING(17390): 3988 0 0.245754000
D/UDP-TIMING(17390): 3989 0 0.238054000
D/UDP-TIMING(17390): 3990 0 0.260720000
D/UDP-TIMING(17390): 3991 0 0.253019000
D/UDP-TIMING(17390): 3992 0 0.245319000
D/UDP-TIMING(17390): 3993 0 0.237573000
D/UDP-TIMING(17390): 3994 0 0.259458000
D/UDP-TIMING(17390): 3995 0 0.251836000
D/UDP-TIMING(17390): 3996 0 0.244207000
D/UDP-TIMING(17390): 3997 0 0.236474000
D/UDP-TIMING(17390): 3998 0 0.258969000
D/UDP-TIMING(17390): 3999 0 0.251206000
D/UDP-TIMING(17390): 4000 0 0.243460000
D/UDP-TIMING(17390): 4001 0 0.265468000
D/UDP-TIMING(17390): 4002 0 0.257722000
D/UDP-TIMING(17390): 4003 0 0.249979000
D/UDP-TIMING(17390): 4004 0 0.242232000
D/UDP-TIMING(17390): 4005 0 0.234504000
D/UDP-TIMING(17390): 4006 0 0.256967000
D/UDP-TIMING(17390): 4007 0 0.249215000
D/UDP-TIMING(17390): 4008 0 0.271387000
D/UDP-TIMING(17390): 4009 0 0.263799000
D/UDP-TIMING(17390): 4010 0 0.256137000
D/UDP-TIMING(17390): 4011 0 0.248438000
D/UDP-TIMING(17390): 4012 0 0.240768000
D/UDP-TIMING(17390): 4013 0 0.233068000
D/UDP-TIMING(17390): 4014 0 0.255584000
D/UDP-TIMING(17390): 4015 0 0.247887000
D/UDP-TIMING(17390): 4016 0 0.240216000
D/UDP-TIMING(17390): 4017 0 0.262241000
D/UDP-TIMING(17390): 4018 0 0.254531000
D/UDP-TIMING(17390): 4019 0 0.246788000
D/UDP-TIMING(17390): 4020 0 0.239042000
D/UDP-TIMING(17390): 4021 0 0.261616000
D/UDP-TIMING(17390): 4022 0 0.254017000
D/UDP-TIMING(17390): 4023 0 0.246325000
D/UDP-TIMING(17390): 4024 0 0.238613000
D/UDP-TIMING(17390): 4025 0 0.260561000
D/UDP-TIMING(17390): 4026 0 0.252804000
D/UDP-TIMING(17390): 4027 0 0.245058000
D/UDP-TIMING(17390): 4028 0 0.237324000
D/UDP-TIMING(17390): 4029 0 0.259826000
D/UDP-TIMING(17390): 4030 0 0.252110000
D/UDP-TIMING(17390): 4031 0 0.244363000
D/UDP-TIMING(17390): 4032 0 0.236615000
D/UDP-TIMING(17390): 4033 0 0.258593000
D/UDP-TIMING(17390): 4034 0 0.250783000
D/UDP-TIMING(17390): 4035 0 0.242980000
D/UDP-TIMING(17390): 4036 0 0.235391000
D/UDP-TIMING(17390): 4037 0 0.257756000
D/UDP-TIMING(17390): 4038 0 0.250053000
D/UDP-TIMING(17390): 4039 0 0.242353000
D/UDP-TIMING(17390): 4040 0 0.245527000
D/UDP-TIMING(17390): 4041 0 0.264357000
D/UDP-TIMING(17390): 4042 0 0.256688000
D/UDP-TIMING(17390): 4043 0 0.248989000
D/UDP-TIMING(17390): 4044 0 0.241288000
D/UDP-TIMING(17390): 4045 0 0.233509000
D/UDP-TIMING(17390): 4046 0 0.255758000
D/UDP-TIMING(17390): 4047 0 0.248014000
D/UDP-TIMING(17390): 4048 0 0.240346000
D/UDP-TIMING(17390): 4049 0 0.262667000
D/UDP-TIMING(17390): 4050 0 0.254983000
D/UDP-TIMING(17390): 4051 0 0.247242000
D/UDP-TIMING(17390): 4052 0 0.239498000
E/TrafficStats( 1673): [QCTMM]tryAll index=0
E/TrafficStats( 1673): [QCTMM]tryAll index=1
E/TrafficStats( 1673): [QCTMM]tryAll index=2
E/TrafficStats( 1673): [QCTMM]tryAll index=0
E/TrafficStats( 1673): [QCTMM]tryAll index=1
E/TrafficStats( 1673): [QCTMM]tryAll index=2
D/DATA    ( 1860): sentSinceLastRecv=0,watchdogTrigger=10,maxindex=0
D/UDP-TIMING(17390): 4053 0 0.261687000
D/UDP-TIMING(17390): 4054 0 0.253974000
D/UDP-TIMING(17390): 4055 0 0.246304000
D/UDP-TIMING(17390): 4056 0 0.268833000
D/UDP-TIMING(17390): 4057 0 0.261140000
D/UDP-TIMING(17390): 4058 0 0.253392000
D/UDP-TIMING(17390): 4059 0 0.245645000
D/UDP-TIMING(17390): 4060 0 0.267592000
D/UDP-TIMING(17390): 4061 0 0.259896000
D/UDP-TIMING(17390): 4062 0 0.252193000
D/UDP-TIMING(17390): 4063 0 0.244490000
D/UDP-TIMING(17390): 4064 0 0.236779000
D/UDP-TIMING(17390): 4065 0 0.259373000
D/UDP-TIMING(17390): 4066 0 0.251669000
D/UDP-TIMING(17390): 4067 0 0.243969000
D/UDP-TIMING(17390): 4068 0 0.265965000
D/UDP-TIMING(17390): 4069 0 0.258326000
D/UDP-TIMING(17390): 4070 0 0.250579000
D/UDP-TIMING(17390): 4071 0 0.242834000
D/UDP-TIMING(17390): 4072 0 0.235095000
D/UDP-TIMING(17390): 4073 0 0.257603000
D/UDP-TIMING(17390): 4074 0 0.249865000
D/UDP-TIMING(17390): 4075 0 0.242140000
D/UDP-TIMING(17390): 4076 0 0.234401000
D/UDP-TIMING(17390): 4077 0 0.256378000
D/UDP-TIMING(17390): 4078 0 0.248635000
D/UDP-TIMING(17390): 4079 0 0.240886000
D/UDP-TIMING(17390): 4080 0 0.233141000
D/UDP-TIMING(17390): 4081 0 0.255685000
D/UDP-TIMING(17390): 4082 0 0.248076000
D/UDP-TIMING(17390): 4083 0 0.270130000
D/UDP-TIMING(17390): 4084 0 0.262391000
D/UDP-TIMING(17390): 4085 0 0.254649000
D/UDP-TIMING(17390): 4086 0 0.246903000
D/UDP-TIMING(17390): 4087 0 0.269401000
D/UDP-TIMING(17390): 4088 0 0.261685000
D/UDP-TIMING(17390): 4089 0 0.253943000
D/UDP-TIMING(17390): 4090 0 0.246190000
D/UDP-TIMING(17390): 4091 0 0.238438000
D/UDP-TIMING(17390): 4092 0 0.260719000
D/UDP-TIMING(17390): 4093 0 0.253000000
D/UDP-TIMING(17390): 4094 0 0.245374000
D/UDP-TIMING(17390): 4095 0 0.237759000
D/UDP-TIMING(17390): 4096 0 0.259669000
D/UDP-TIMING(17390): 4097 0 0.251932000
D/UDP-TIMING(17390): 4098 0 0.244195000
D/UDP-TIMING(17390): 4099 0 0.236456000
D/UDP-TIMING(17390): 4100 0 0.258988000
D/UDP-TIMING(17390): 4101 0 0.251250000
D/UDP-TIMING(17390): 4102 0 0.243512000
D/UDP-TIMING(17390): 4103 0 0.235804000
E/TrafficStats(16531): [QCTMM]tryAll index=0
E/TrafficStats(16531): [QCTMM]tryAll index=1
E/TrafficStats(16531): [QCTMM]tryAll index=2
E/TrafficStats(16531): [QCTMM]tryAll index=0
E/TrafficStats(16531): [QCTMM]tryAll index=1
E/TrafficStats(16531): [QCTMM]tryAll index=2
D/UDP-TIMING(17390): 4104 0 0.258217000
D/UDP-TIMING(17390): 4105 0 0.250478000
