D/MMDCT   ( 1860): onDCLChanged dcs=DataCallState: { cid: 9, active: 0, type: null, apn: null, address: null }
D/MMDCT   ( 1860): onDCLChanged dcs=DataCallState: { cid: 10, active: 0, type: null, apn: null, address: null }
D/MMDCT   ( 1860): onDCLChanged dcs=DataCallState: { cid: 11, active: 0, type: null, apn: null, address: null }
D/MMDCT   ( 1860): onDCLChanged dcs=DataCallState: { cid: 12, active: 0, type: null, apn: null, address: null }
D/MMDCT   ( 1860): onDCLChanged dcs=DataCallState: { cid: 13, active: 0, type: null, apn: null, address: null }
D/MMDCT   ( 1860): onDCLChanged dcs=DataCallState: { cid: 14, active: 0, type: null, apn: null, address: null }
D/MMDCT   ( 1860): onDCLChanged dcs=DataCallState: { cid: 15, active: 0, type: null, apn: null, address: null }
D/MMDCT   ( 1860): onDCLChanged dcs=DataCallState: { cid: 16, active: 0, type: null, apn: null, address: null }
D/MMDCT   ( 1860): onDCLChanged dcs=DataCallState: { cid: 17, active: 0, type: null, apn: null, address: null }
D/MMDCT   ( 1860): onDCLChanged dcs=DataCallState: { cid: 18, active: 0, type: null, apn: null, address: null }
D/MMDCT   ( 1860): onDCLChanged dcs=DataCallState: { cid: 19, active: 0, type: null, apn: null, address: null }
D/MMDCT   ( 1860): onDCLChanged() DC is active : activeDC.active=1
D/MMDCT   ( 1860): onDCLChanged() DC is active : activeDC.active=2
D/MMDCT   ( 1860):  ======= check all DC disconnected ======= 
D/MMDCT   ( 1860): DC-0: state=DcActiveState if=rmnet_sdio0 ip=10.174.234.255 ipv=IPV4
D/MMDCT   ( 1860): DC-1: state=DcActiveState if=rmnet_sdio1 ip=2600:1000:b022:700a:f3ca:40ba:6903:3d04 ipv=IPV6
D/MMDCT   ( 1860): DC-2: state=DcInactiveState if=null ip=null ipv=null
D/MMDCT   ( 1860): DC-3: state=DcInactiveState if=null ip=null ipv=null
D/MMDCT   ( 1860): DC-4: state=DcInactiveState if=null ip=null ipv=null
D/MMDCT   ( 1860): DC-5: state=DcInactiveState if=null ip=null ipv=null
D/MMDCT   ( 1860): DC-6: state=DcInactiveState if=null ip=null ipv=null
D/MMDCT   ( 1860): DC-7: state=DcInactiveState if=null ip=null ipv=null
D/MMDCT   ( 1860): ifAllDataDisconnected ret=false
D/DATA    ( 1860): [QCTMM]isEnablePoll   enablePoll=true
D/MMDCT   ( 1860): onDCLChanged() DA=NONE
D/MMDCT   ( 1860): onDCLChanged() notifyDA() now
D/DATA    ( 1860): [PhoneNotifier] notifyDataActivityLTE
D/StatusBarPolicy( 1816): hasService()=true ,mDataState=2 ,mPhone.htcModemLinkOn()=false ,mDataActivity=0
D/StatusBarPolicy( 1816): slotType[0]=RUIM
E/TrafficStats( 1673): [QCTMM]tryAll index=0
E/TrafficStats( 1673): [QCTMM]tryAll index=1
E/TrafficStats( 1673): [QCTMM]tryAll index=2
E/TrafficStats( 1673): [QCTMM]tryAll index=0
E/TrafficStats( 1673): [QCTMM]tryAll index=1
E/TrafficStats( 1673): [QCTMM]tryAll index=2
D/DATA    ( 1860): [QCTMM] DataNetStatistics sent == 0 && received == 0 newActivity=NONE
D/DATA    ( 1860): sentSinceLastRecv=0,watchdogTrigger=10,maxindex=0
E/TrafficStats( 1673): [QCTMM]tryAll index=0
E/TrafficStats( 1673): [QCTMM]tryAll index=1
E/TrafficStats( 1673): [QCTMM]tryAll index=2
E/TrafficStats( 1673): [QCTMM]tryAll index=0
E/TrafficStats( 1673): [QCTMM]tryAll index=1
E/TrafficStats( 1673): [QCTMM]tryAll index=2
D/DATA    ( 1860): [QCTMM] DataNetStatistics sent == 0 && received == 0 newActivity=NONE
D/DATA    ( 1860): sentSinceLastRecv=0,watchdogTrigger=10,maxindex=0
E/TrafficStats(16531): [QCTMM]tryAll index=0
E/TrafficStats(16531): [QCTMM]tryAll index=1
E/TrafficStats(16531): [QCTMM]tryAll index=2
E/TrafficStats(16531): [QCTMM]tryAll index=0
E/TrafficStats(16531): [QCTMM]tryAll index=1
E/TrafficStats(16531): [QCTMM]tryAll index=2
E/TrafficStats(16531): [QCTMM]tryAll index=0
E/TrafficStats(16531): [QCTMM]tryAll index=1
E/TrafficStats(16531): [QCTMM]tryAll index=2
E/TrafficStats(16531): [QCTMM]tryAll index=0
E/TrafficStats(16531): [QCTMM]tryAll index=1
E/TrafficStats(16531): [QCTMM]tryAll index=2
D/Database(16531): dbopen(): path = /data/data/com.onavo.android.onavoid/databases/ui_events, flag = 6, file size = 14060544
D/Database(16531): dbopen(): path = /data/data/com.onavo.android.onavoid/databases/ui_events, mode: wal, disk free size: 2000 M, handle: 0x37d3a8
D/Database(16531): dbclose(): path = /data/data/com.onavo.android.onavoid/databases/ui_events, handle = 0x37d3a8
E/TrafficStats( 1673): [QCTMM]tryAll index=0
E/TrafficStats( 1673): [QCTMM]tryAll index=1
E/TrafficStats( 1673): [QCTMM]tryAll index=2
E/TrafficStats( 1673): [QCTMM]tryAll index=0
E/TrafficStats( 1673): [QCTMM]tryAll index=1
E/TrafficStats( 1673): [QCTMM]tryAll index=2
D/DATA    ( 1860): [QCTMM] DataNetStatistics sent == 0 && received == 0 newActivity=NONE
D/DATA    ( 1860): sentSinceLastRecv=0,watchdogTrigger=10,maxindex=0
E/TrafficStats( 1673): [QCTMM]tryAll index=0
E/TrafficStats( 1673): [QCTMM]tryAll index=1
E/TrafficStats( 1673): [QCTMM]tryAll index=2
E/TrafficStats( 1673): [QCTMM]tryAll index=0
E/TrafficStats( 1673): [QCTMM]tryAll index=1
E/TrafficStats( 1673): [QCTMM]tryAll index=2
D/DATA    ( 1860): [QCTMM] DataNetStatistics sent == 0 && received == 0 newActivity=NONE
D/DATA    ( 1860): sentSinceLastRecv=0,watchdogTrigger=10,maxindex=0
D/StatusBarPolicy( 1816): iconIndex=1
V/StatusBarPolicy( 1816): cdmaLevel:3;max:4
D/StatusBarPolicy( 1816): iconLevel:3
I/PhoneInfo( 2188): getCdmaLevel - cdmaDbm: -71 cdmaEcio:-90
I/PhoneInfo( 2188): getEvdoLevel - evdoDbm: -120 evdoSnr:-1 evdoEcio:-1
I/PhoneInfo( 2188): getLteLevel - lteRsrp: -1 lteCqi:-1
E/TrafficStats( 1673): [QCTMM]tryAll index=0
E/TrafficStats( 1673): [QCTMM]tryAll index=1
E/TrafficStats( 1673): [QCTMM]tryAll index=2
E/TrafficStats( 1673): [QCTMM]tryAll index=0
E/TrafficStats( 1673): [QCTMM]tryAll index=1
E/TrafficStats( 1673): [QCTMM]tryAll index=2
D/DATA    ( 1860): [QCTMM] DataNetStatistics sent == 0 && received == 0 newActivity=NONE
D/DATA    ( 1860): sentSinceLastRecv=0,watchdogTrigger=10,maxindex=0
E/TrafficStats( 1673): [QCTMM]tryAll index=0
E/TrafficStats( 1673): [QCTMM]tryAll index=1
E/TrafficStats( 1673): [QCTMM]tryAll index=2
E/TrafficStats( 1673): [QCTMM]tryAll index=0
E/TrafficStats( 1673): [QCTMM]tryAll index=1
E/TrafficStats( 1673): [QCTMM]tryAll index=2
D/DATA    ( 1860): [QCTMM] DataNetStatistics sent == 0 && received == 0 newActivity=NONE
D/DATA    ( 1860): sentSinceLastRecv=0,watchdogTrigger=10,maxindex=0
E/TrafficStats( 1673): [QCTMM]tryAll index=0
E/TrafficStats( 1673): [QCTMM]tryAll index=1
E/TrafficStats( 1673): [QCTMM]tryAll index=2
E/TrafficStats( 1673): [QCTMM]tryAll index=0
E/TrafficStats( 1673): [QCTMM]tryAll index=1
E/TrafficStats( 1673): [QCTMM]tryAll index=2
D/DATA    ( 1860): [QCTMM] DataNetStatistics sent == 0 && received == 0 newActivity=NONE
D/DATA    ( 1860): sentSinceLastRecv=0,watchdogTrigger=10,maxindex=0
E/TrafficStats( 1673): [QCTMM]tryAll index=0
E/TrafficStats( 1673): [QCTMM]tryAll index=1
E/TrafficStats( 1673): [QCTMM]tryAll index=2
E/TrafficStats( 1673): [QCTMM]tryAll index=0
E/TrafficStats( 1673): [QCTMM]tryAll index=1
E/TrafficStats( 1673): [QCTMM]tryAll index=2
D/DATA    ( 1860): [QCTMM] DataNetStatistics sent == 0 && received == 0 newActivity=NONE
D/DATA    ( 1860): sentSinceLastRecv=0,watchdogTrigger=10,maxindex=0
E/TrafficStats(16531): [QCTMM]tryAll index=0
E/TrafficStats(16531): [QCTMM]tryAll index=1
E/TrafficStats(16531): [QCTMM]tryAll index=2
E/TrafficStats(16531): [QCTMM]tryAll index=0
E/TrafficStats(16531): [QCTMM]tryAll index=1
E/TrafficStats(16531): [QCTMM]tryAll index=2
E/TrafficStats(16531): [QCTMM]tryAll index=0
E/TrafficStats(16531): [QCTMM]tryAll index=1
E/TrafficStats(16531): [QCTMM]tryAll index=2
E/TrafficStats(16531): [QCTMM]tryAll index=0
E/TrafficStats(16531): [QCTMM]tryAll index=1
E/TrafficStats(16531): [QCTMM]tryAll index=2
D/Database(16531): dbopen(): path = /data/data/com.onavo.android.onavoid/databases/ui_events, flag = 6, file size = 14060544
D/Database(16531): dbopen(): path = /data/data/com.onavo.android.onavoid/databases/ui_events, mode: wal, disk free size: 2000 M, handle: 0x37d3a8
D/Database(16531): dbclose(): path = /data/data/com.onavo.android.onavoid/databases/ui_events, handle = 0x37d3a8
E/TrafficStats( 1673): [QCTMM]tryAll index=0
E/TrafficStats( 1673): [QCTMM]tryAll index=1
E/TrafficStats( 1673): [QCTMM]tryAll index=2
E/TrafficStats( 1673): [QCTMM]tryAll index=0
E/TrafficStats( 1673): [QCTMM]tryAll index=1
E/TrafficStats( 1673): [QCTMM]tryAll index=2
D/DATA    ( 1860): [QCTMM] DataNetStatistics sent == 0 && received == 0 newActivity=NONE
D/DATA    ( 1860): sentSinceLastRecv=0,watchdogTrigger=10,maxindex=0
D/StatusBarPolicy( 1816): iconIndex=1
V/StatusBarPolicy( 1816): cdmaLevel:2;max:4
D/StatusBarPolicy( 1816): iconLevel:2
I/PhoneInfo( 2188): getCdmaLevel - cdmaDbm: -70 cdmaEcio:-120
I/PhoneInfo( 2188): getEvdoLevel - evdoDbm: -120 evdoSnr:-1 evdoEcio:-1
I/PhoneInfo( 2188): getLteLevel - lteRsrp: -1 lteCqi:-1
E/TrafficStats( 1673): [QCTMM]tryAll index=0
E/TrafficStats( 1673): [QCTMM]tryAll index=1
E/TrafficStats( 1673): [QCTMM]tryAll index=2
E/TrafficStats( 1673): [QCTMM]tryAll index=0
E/TrafficStats( 1673): [QCTMM]tryAll index=1
E/TrafficStats( 1673): [QCTMM]tryAll index=2
D/DATA    ( 1860): [QCTMM] DataNetStatistics sent == 0 && received == 0 newActivity=NONE
D/DATA    ( 1860): sentSinceLastRecv=0,watchdogTrigger=10,maxindex=0
E/TrafficStats( 1673): [QCTMM]tryAll index=0
E/TrafficStats( 1673): [QCTMM]tryAll index=1
E/TrafficStats( 1673): [QCTMM]tryAll index=2
E/TrafficStats( 1673): [QCTMM]tryAll index=0
E/TrafficStats( 1673): [QCTMM]tryAll index=1
E/TrafficStats( 1673): [QCTMM]tryAll index=2
D/DATA    ( 1860): [QCTMM] DataNetStatistics sent == 0 && received == 0 newActivity=NONE
D/DATA    ( 1860): sentSinceLastRecv=0,watchdogTrigger=10,maxindex=0
E/TrafficStats( 1673): [QCTMM]tryAll index=0
E/TrafficStats( 1673): [QCTMM]tryAll index=1
E/TrafficStats( 1673): [QCTMM]tryAll index=2
E/TrafficStats( 1673): [QCTMM]tryAll index=0
E/TrafficStats( 1673): [QCTMM]tryAll index=1
E/TrafficStats( 1673): [QCTMM]tryAll index=2
D/DATA    ( 1860): [QCTMM] DataNetStatistics sent == 0 && received == 0 newActivity=NONE
D/DATA    ( 1860): sentSinceLastRecv=0,watchdogTrigger=10,maxindex=0
E/TrafficStats( 1673): [QCTMM]tryAll index=0
E/TrafficStats( 1673): [QCTMM]tryAll index=1
E/TrafficStats( 1673): [QCTMM]tryAll index=2
E/TrafficStats( 1673): [QCTMM]tryAll index=0
E/TrafficStats( 1673): [QCTMM]tryAll index=1
E/TrafficStats( 1673): [QCTMM]tryAll index=2
D/DATA    ( 1860): [QCTMM] DataNetStatistics sent == 0 && received == 0 newActivity=NONE
D/DATA    ( 1860): sentSinceLastRecv=0,watchdogTrigger=10,maxindex=0
E/TrafficStats( 1673): [QCTMM]tryAll index=0
E/TrafficStats( 1673): [QCTMM]tryAll index=1
E/TrafficStats( 1673): [QCTMM]tryAll index=2
E/TrafficStats( 1673): [QCTMM]tryAll index=0
E/TrafficStats( 1673): [QCTMM]tryAll index=1
E/TrafficStats( 1673): [QCTMM]tryAll index=2
D/DATA    ( 1860): [QCTMM] DataNetStatistics sent == 0 && received == 0 newActivity=NONE
D/DATA    ( 1860): sentSinceLastRecv=0,watchdogTrigger=10,maxindex=0
E/TrafficStats(16531): [QCTMM]tryAll index=0
E/TrafficStats(16531): [QCTMM]tryAll index=1
E/TrafficStats(16531): [QCTMM]tryAll index=2
E/TrafficStats(16531): [QCTMM]tryAll index=0
E/TrafficStats(16531): [QCTMM]tryAll index=1
E/TrafficStats(16531): [QCTMM]tryAll index=2
E/TrafficStats(16531): [QCTMM]tryAll index=0
E/TrafficStats(16531): [QCTMM]tryAll index=1
E/TrafficStats(16531): [QCTMM]tryAll index=2
E/TrafficStats(16531): [QCTMM]tryAll index=0
E/TrafficStats(16531): [QCTMM]tryAll index=1
E/TrafficStats(16531): [QCTMM]tryAll index=2
D/Database(16531): dbopen(): path = /data/data/com.onavo.android.onavoid/databases/ui_events, flag = 6, file size = 14060544
D/Database(16531): dbopen(): path = /data/data/com.onavo.android.onavoid/databases/ui_events, mode: wal, disk free size: 2000 M, handle: 0x37d3a8
D/Database(16531): dbclose(): path = /data/data/com.onavo.android.onavoid/databases/ui_events, handle = 0x37d3a8
E/TrafficStats( 1673): [QCTMM]tryAll index=0
E/TrafficStats( 1673): [QCTMM]tryAll index=1
E/TrafficStats( 1673): [QCTMM]tryAll index=2
E/TrafficStats( 1673): [QCTMM]tryAll index=0
E/TrafficStats( 1673): [QCTMM]tryAll index=1
E/TrafficStats( 1673): [QCTMM]tryAll index=2
D/DATA    ( 1860): [QCTMM] DataNetStatistics sent == 0 && received == 0 newActivity=NONE
D/DATA    ( 1860): sentSinceLastRecv=0,watchdogTrigger=10,maxindex=0
D/MMDCT   ( 1860): onDCLChanged dcs=DataCallState: { cid: 0, active: 2, type: IP, apn: vzwinternet, address: 10.174.234.255 }
D/MMDCT   ( 1860): onDCLChanged dcs=DataCallState: { cid: 1, active: 2, type: IPV6, apn: vzwinternet, address: 2600:1000:b022:700a:f3ca:40ba:6903:3d04 }
D/MMDCT   ( 1860): onDCLChanged dcs=DataCallState: { cid: 2, active: 0, type: null, apn: null, address: null }
D/MMDCT   ( 1860): onDCLChanged dcs=DataCallState: { cid: 3, active: 0, type: null, apn: null, address: null }
D/MMDCT   ( 1860): onDCLChanged dcs=DataCallState: { cid: 4, active: 0, type: null, apn: null, address: null }
D/MMDCT   ( 1860): onDCLChanged dcs=DataCallState: { cid: 5, active: 0, type: null, apn: null, address: null }
D/MMDCT   ( 1860): onDCLChanged dcs=DataCallState: { cid: 6, active: 0, type: null, apn: null, address: null }
D/MMDCT   ( 1860): onDCLChanged dcs=DataCallState: { cid: 7, active: 0, type: null, apn: null, address: null }
D/MMDCT   ( 1860): onDCLChanged dcs=DataCallState: { cid: 8, active: 0, type: null, apn: null, address: null }
D/MMDCT   ( 1860): onDCLChanged dcs=DataCallState: { cid: 9, active: 0, type: null, apn: null, address: null }
D/MMDCT   ( 1860): onDCLChanged dcs=DataCallState: { cid: 10, active: 0, type: null, apn: null, address: null }
D/MMDCT   ( 1860): onDCLChanged dcs=DataCallState: { cid: 11, active: 0, type: null, apn: null, address: null }
D/MMDCT   ( 1860): onDCLChanged dcs=DataCallState: { cid: 12, active: 0, type: null, apn: null, address: null }
D/MMDCT   ( 1860): onDCLChanged dcs=DataCallState: { cid: 13, active: 0, type: null, apn: null, address: null }
D/MMDCT   ( 1860): onDCLChanged dcs=DataCallState: { cid: 14, active: 0, type: null, apn: null, address: null }
D/MMDCT   ( 1860): onDCLChanged dcs=DataCallState: { cid: 15, active: 0, type: null, apn: null, address: null }
D/MMDCT   ( 1860): onDCLChanged dcs=DataCallState: { cid: 16, active: 0, type: null, apn: null, address: null }
D/MMDCT   ( 1860): onDCLChanged dcs=DataCallState: { cid: 17, active: 0, type: null, apn: null, address: null }
D/MMDCT   ( 1860): onDCLChanged dcs=DataCallState: { cid: 18, active: 0, type: null, apn: null, address: null }
D/MMDCT   ( 1860): onDCLChanged dcs=DataCallState: { cid: 19, active: 0, type: null, apn: null, address: null }
D/MMDCT   ( 1860): onDCLChanged() DC is active : activeDC.active=2
D/MMDCT   ( 1860): onDCLChanged() DC is active : activeDC.active=2
D/MMDCT   ( 1860):  ======= check all DC disconnected ======= 
D/MMDCT   ( 1860): DC-0: state=DcActiveState if=rmnet_sdio0 ip=10.174.234.255 ipv=IPV4
D/MMDCT   ( 1860): DC-1: state=DcActiveState if=rmnet_sdio1 ip=2600:1000:b022:700a:f3ca:40ba:6903:3d04 ipv=IPV6
D/MMDCT   ( 1860): DC-2: state=DcInactiveState if=null ip=null ipv=null
D/MMDCT   ( 1860): DC-3: state=DcInactiveState if=null ip=null ipv=null
D/MMDCT   ( 1860): DC-4: state=DcInactiveState if=null ip=null ipv=null
D/MMDCT   ( 1860): DC-5: state=DcInactiveState if=null ip=null ipv=null
D/MMDCT   ( 1860): DC-6: state=DcInactiveState if=null ip=null ipv=null
D/MMDCT   ( 1860): DC-7: state=DcInactiveState if=null ip=null ipv=null
D/MMDCT   ( 1860): ifAllDataDisconnected ret=false
D/DATA    ( 1860): [QCTMM]isEnablePoll   enablePoll=true
D/MMDCT   ( 1860): onDCLChanged() DA=NONE
D/MMDCT   ( 1860): onDCLChanged() notifyDA() now
D/DATA    ( 1860): [PhoneNotifier] notifyDataActivityLTE
D/StatusBarPolicy( 1816): hasService()=true ,mDataState=2 ,mPhone.htcModemLinkOn()=false ,mDataActivity=0
D/StatusBarPolicy( 1816): slotType[0]=RUIM
E/TrafficStats( 1673): [QCTMM]tryAll index=0
E/TrafficStats( 1673): [QCTMM]tryAll index=1
E/TrafficStats( 1673): [QCTMM]tryAll index=2
E/TrafficStats( 1673): [QCTMM]tryAll index=0
E/TrafficStats( 1673): [QCTMM]tryAll index=1
E/TrafficStats( 1673): [QCTMM]tryAll index=2
D/DATA    ( 1860): [PhoneNotifier] notifyDataActivityLTE
D/UDP-TIMING(17390): 0 0 0.285579000
D/UDP-TIMING(17390): 1 0 0.277958000
D/UDP-TIMING(17390): 2 0 0.270349000
D/UDP-TIMING(17390): 3 0 0.262758000
D/DATA    ( 1860): [QCTMM] DataNetStatistics mIsScreenOn newActivity=DATAOUT
D/DATA    ( 1860): sentSinceLastRecv=0,watchdogTrigger=10,maxindex=0
D/StatusBarPolicy( 1816): hasService()=true ,mDataState=2 ,mPhone.htcModemLinkOn()=false ,mDataActivity=2
D/StatusBarPolicy( 1816): slotType[0]=RUIM
D/UDP-TIMING(17390): 4 0 0.315336000
D/UDP-TIMING(17390): 5 0 0.307666000
D/UDP-TIMING(17390): 6 0 0.300013000
D/UDP-TIMING(17390): 7 0 0.292424000
D/UDP-TIMING(17390): 8 0 0.284765000
D/UDP-TIMING(17390): 9 0 0.277087000
D/UDP-TIMING(17390): 10 0 0.269471000
D/UDP-TIMING(17390): 11 0 0.261857000
D/UDP-TIMING(17390): 12 0 0.254254000
D/UDP-TIMING(17390): 13 0 0.246573000
D/UDP-TIMING(17390): 14 0 0.238892000
D/UDP-TIMING(17390): 15 0 0.261479000
D/UDP-TIMING(17390): 16 0 0.253829000
D/UDP-TIMING(17390): 17 0 0.246159000
D/UDP-TIMING(17390): 18 0 0.238475000
D/UDP-TIMING(17390): 19 0 0.260448000
D/UDP-TIMING(17390): 20 0 0.252846000
D/UDP-TIMING(17390): 21 0 0.245245000
D/UDP-TIMING(17390): 22 0 0.237666000
D/UDP-TIMING(17390): 23 0 0.260312000
D/UDP-TIMING(17390): 24 0 0.252639000
D/UDP-TIMING(17390): 25 0 0.245014000
D/UDP-TIMING(17390): 26 0 0.237349000
D/UDP-TIMING(17390): 27 0 0.259322000
D/UDP-TIMING(17390): 28 0 0.251671000
D/UDP-TIMING(17390): 29 0 0.243989000
D/UDP-TIMING(17390): 30 0 0.236307000
D/UDP-TIMING(17390): 31 0 0.258994000
D/UDP-TIMING(17390): 32 0 0.251336000
D/UDP-TIMING(17390): 33 0 0.243662000
D/UDP-TIMING(17390): 34 0 0.236058000
D/UDP-TIMING(17390): 35 0 0.258023000
D/UDP-TIMING(17390): 36 0 0.250346000
D/UDP-TIMING(17390): 37 0 0.242702000
D/UDP-TIMING(17390): 38 0 0.235044000
D/UDP-TIMING(17390): 39 0 0.257705000
D/UDP-TIMING(17390): 40 0 0.250028000
D/UDP-TIMING(17390): 41 0 0.242375000
D/UDP-TIMING(17390): 42 0 0.234758000
D/UDP-TIMING(17390): 43 0 0.256717000
D/UDP-TIMING(17390): 44 0 0.249035000
D/UDP-TIMING(17390): 45 0 0.241353000
D/UDP-TIMING(17390): 46 0 0.233687000
D/UDP-TIMING(17390): 47 0 0.256376000
D/UDP-TIMING(17390): 48 0 0.248746000
D/UDP-TIMING(17390): 49 0 0.241089000
D/UDP-TIMING(17390): 50 0 0.263033000
D/UDP-TIMING(17390): 51 0 0.255334000
D/UDP-TIMING(17390): 52 0 0.247656000
D/UDP-TIMING(17390): 53 0 0.239975000
D/UDP-TIMING(17390): 54 0 0.262441000
D/UDP-TIMING(17390): 55 0 0.254766000
D/UDP-TIMING(17390): 56 0 0.247121000
D/UDP-TIMING(17390): 57 0 0.239442000
D/UDP-TIMING(17390): 58 0 0.261974000
D/UDP-TIMING(17390): 59 0 0.254361000
D/UDP-TIMING(17390): 60 0 0.246752000
D/UDP-TIMING(17390): 61 0 0.268895000
D/UDP-TIMING(17390): 62 0 0.261256000
D/UDP-TIMING(17390): 63 0 0.253577000
D/UDP-TIMING(17390): 64 0 0.245906000
D/UDP-TIMING(17390): 65 0 0.238240000
D/UDP-TIMING(17390): 66 0 0.260874000
D/UDP-TIMING(17390): 67 0 0.253241000
D/UDP-TIMING(17390): 68 0 0.245558000
D/UDP-TIMING(17390): 69 0 0.237875000
D/UDP-TIMING(17390): 70 0 0.260015000
D/UDP-TIMING(17390): 71 0 0.252376000
D/UDP-TIMING(17390): 72 0 0.244766000
D/UDP-TIMING(17390): 73 0 0.237094000
D/UDP-TIMING(17390): 74 0 0.259557000
D/UDP-TIMING(17390): 75 0 0.251988000
D/UDP-TIMING(17390): 76 0 0.274050000
D/UDP-TIMING(17390): 77 0 0.266369000
D/UDP-TIMING(17390): 78 0 0.258736000
D/UDP-TIMING(17390): 79 0 0.251104000
D/UDP-TIMING(17390): 80 0 0.273741000
D/UDP-TIMING(17390): 81 0 0.266050000
D/UDP-TIMING(17390): 82 0 0.258371000
D/UDP-TIMING(17390): 83 0 0.250703000
D/UDP-TIMING(17390): 84 0 0.243112000
D/UDP-TIMING(17390): 85 0 0.235423000
D/UDP-TIMING(17390): 86 0 0.257677000
D/UDP-TIMING(17390): 87 0 0.250081000
D/UDP-TIMING(17390): 88 0 0.242465000
D/UDP-TIMING(17390): 89 0 0.234781000
D/UDP-TIMING(17390): 90 0 0.257188000
D/UDP-TIMING(17390): 91 0 0.249552000
D/UDP-TIMING(17390): 92 0 0.241882000
D/UDP-TIMING(17390): 93 0 0.234251000
D/UDP-TIMING(17390): 94 0 0.256336000
D/UDP-TIMING(17390): 95 0 0.248670000
D/UDP-TIMING(17390): 96 0 0.241003000
D/UDP-TIMING(17390): 97 0 0.233324000
D/UDP-TIMING(17390): 98 0 0.255847000
D/UDP-TIMING(17390): 99 0 0.248266000
D/UDP-TIMING(17390): 100 0 0.270404000
D/UDP-TIMING(17390): 101 0 0.237511000
D/UDP-TIMING(17390): 102 0 0.252750000
D/UDP-TIMING(17390): 103 0 0.245129000
D/UDP-TIMING(17390): 104 0 0.237448000
E/TrafficStats( 1673): [QCTMM]tryAll index=0
E/TrafficStats( 1673): [QCTMM]tryAll index=1
E/TrafficStats( 1673): [QCTMM]tryAll index=2
E/TrafficStats( 1673): [QCTMM]tryAll index=0
E/TrafficStats( 1673): [QCTMM]tryAll index=1
E/TrafficStats( 1673): [QCTMM]tryAll index=2
D/DATA    ( 1860): [PhoneNotifier] notifyDataActivityLTE
D/UDP-TIMING(17390): 105 0 0.260707000
D/UDP-TIMING(17390): 106 0 0.253129000
D/UDP-TIMING(17390): 107 0 0.245510000
D/UDP-TIMING(17390): 108 0 0.237845000
D/DATA    ( 1860): [QCTMM] DataNetStatistics mIsScreenOn newActivity=DATAIN
D/DATA    ( 1860): sentSinceLastRecv=0,watchdogTrigger=10,maxindex=0
D/StatusBarPolicy( 1816): hasService()=true ,mDataState=2 ,mPhone.htcModemLinkOn()=false ,mDataActivity=1
D/StatusBarPolicy( 1816): slotType[0]=RUIM
D/UDP-TIMING(17390): 109 0 0.259811000
D/UDP-TIMING(17390): 110 0 0.252193000
D/UDP-TIMING(17390): 111 0 0.244576000
D/UDP-TIMING(17390): 112 0 0.236940000
D/UDP-TIMING(17390): 113 0 0.257796000
D/UDP-TIMING(17390): 114 0 0.250114000
D/UDP-TIMING(17390): 115 0 0.242478000
D/UDP-TIMING(17390): 116 0 0.234749000
D/UDP-TIMING(17390): 117 0 0.257374000
D/UDP-TIMING(17390): 118 0 0.249694000
D/UDP-TIMING(17390): 119 0 0.242011000
D/UDP-TIMING(17390): 120 0 0.234393000
D/UDP-TIMING(17390): 121 0 0.257439000
D/UDP-TIMING(17390): 122 0 0.249820000
D/UDP-TIMING(17390): 123 0 0.242196000
D/UDP-TIMING(17390): 124 0 0.264358000
D/UDP-TIMING(17390): 125 0 0.256677000
D/UDP-TIMING(17390): 126 0 0.248992000
D/UDP-TIMING(17390): 127 0 0.241309000
D/UDP-TIMING(17390): 128 0 0.233687000
D/UDP-TIMING(17390): 129 0 0.256191000
D/UDP-TIMING(17390): 130 0 0.248513000
D/UDP-TIMING(17390): 131 0 0.240869000
D/UDP-TIMING(17390): 132 0 0.262942000
D/UDP-TIMING(17390): 133 0 0.255270000
D/UDP-TIMING(17390): 134 0 0.247600000
D/UDP-TIMING(17390): 135 0 0.239998000
D/UDP-TIMING(17390): 136 0 0.262678000
D/UDP-TIMING(17390): 137 0 0.255056000
D/UDP-TIMING(17390): 138 0 0.247379000
D/UDP-TIMING(17390): 139 0 0.239704000
D/UDP-TIMING(17390): 140 0 0.261721000
D/UDP-TIMING(17390): 141 0 0.254135000
D/UDP-TIMING(17390): 142 0 0.246460000
D/UDP-TIMING(17390): 143 0 0.238802000
D/UDP-TIMING(17390): 144 0 0.261514000
D/UDP-TIMING(17390): 145 0 0.253890000
D/UDP-TIMING(17390): 146 0 0.246252000
D/UDP-TIMING(17390): 147 0 0.238578000
D/UDP-TIMING(17390): 148 0 0.260525000
D/UDP-TIMING(17390): 149 0 0.252861000
D/UDP-TIMING(17390): 150 0 0.245177000
D/UDP-TIMING(17390): 151 0 0.237492000
D/UDP-TIMING(17390): 152 0 0.260096000
D/UDP-TIMING(17390): 153 0 0.252418000
D/UDP-TIMING(17390): 154 0 0.244767000
D/UDP-TIMING(17390): 155 0 0.237106000
D/UDP-TIMING(17390): 156 0 0.259151000
D/UDP-TIMING(17390): 157 0 0.251472000
D/UDP-TIMING(17390): 158 0 0.243824000
D/UDP-TIMING(17390): 159 0 0.236152000
D/UDP-TIMING(17390): 160 0 0.258758000
D/UDP-TIMING(17390): 161 0 0.251136000
D/UDP-TIMING(17390): 162 0 0.243471000
D/UDP-TIMING(17390): 163 0 0.235793000
D/UDP-TIMING(17390): 164 0 0.257533000
D/UDP-TIMING(17390): 165 0 0.249887000
D/UDP-TIMING(17390): 166 0 0.242264000
D/UDP-TIMING(17390): 167 0 0.234586000
D/UDP-TIMING(17390): 168 0 0.257178000
D/UDP-TIMING(17390): 169 0 0.249529000
D/UDP-TIMING(17390): 170 0 0.241890000
D/UDP-TIMING(17390): 171 0 0.264553000
D/UDP-TIMING(17390): 172 0 0.256983000
D/UDP-TIMING(17390): 173 0 0.249391000
D/UDP-TIMING(17390): 174 0 0.241724000
D/UDP-TIMING(17390): 175 0 0.234062000
D/UDP-TIMING(17390): 176 0 0.256348000
D/UDP-TIMING(17390): 177 0 0.248665000
D/UDP-TIMING(17390): 178 0 0.240983000
D/UDP-TIMING(17390): 179 0 0.233384000
D/UDP-TIMING(17390): 180 0 0.255613000
D/UDP-TIMING(17390): 181 0 0.247934000
D/UDP-TIMING(17390): 182 0 0.240254000
D/UDP-TIMING(17390): 183 0 0.262302000
D/UDP-TIMING(17390): 184 0 0.254675000
D/UDP-TIMING(17390): 185 0 0.247018000
D/UDP-TIMING(17390): 186 0 0.239358000
D/UDP-TIMING(17390): 187 0 0.262006000
D/UDP-TIMING(17390): 188 0 0.254437000
D/UDP-TIMING(17390): 189 0 0.246758000
D/UDP-TIMING(17390): 190 0 0.239094000
D/UDP-TIMING(17390): 191 0 0.261169000
D/UDP-TIMING(17390): 192 0 0.253533000
D/UDP-TIMING(17390): 193 0 0.245853000
D/UDP-TIMING(17390): 194 0 0.238173000
D/UDP-TIMING(17390): 195 0 0.260709000
D/UDP-TIMING(17390): 196 0 0.253029000
D/UDP-TIMING(17390): 197 0 0.245378000
D/UDP-TIMING(17390): 198 0 0.237692000
D/UDP-TIMING(17390): 199 0 0.259706000
D/UDP-TIMING(17390): 200 0 0.252078000
D/UDP-TIMING(17390): 201 0 0.244409000
D/UDP-TIMING(17390): 202 0 0.238762000
D/UDP-TIMING(17390): 203 0 0.256782000
D/UDP-TIMING(17390): 204 0 0.249161000
D/UDP-TIMING(17390): 205 0 0.271340000
D/UDP-TIMING(17390): 206 0 0.263629000
D/UDP-TIMING(17390): 207 0 0.255968000
D/UDP-TIMING(17390): 208 0 0.248354000
E/TrafficStats( 1673): [QCTMM]tryAll index=0
D/UDP-TIMING(17390): 209 0 0.240711000
E/TrafficStats( 1673): [QCTMM]tryAll index=1
D/UDP-TIMING(17390): 210 0 0.233120000
E/TrafficStats( 1673): [QCTMM]tryAll index=2
E/TrafficStats( 1673): [QCTMM]tryAll index=0
E/TrafficStats( 1673): [QCTMM]tryAll index=1
E/TrafficStats( 1673): [QCTMM]tryAll index=2
D/DATA    ( 1860): sentSinceLastRecv=0,watchdogTrigger=10,maxindex=0
D/UDP-TIMING(17390): 211 0 0.256544000
D/UDP-TIMING(17390): 212 0 0.248867000
D/UDP-TIMING(17390): 213 0 0.241215000
D/UDP-TIMING(17390): 214 0 0.262409000
D/UDP-TIMING(17390): 215 0 0.254785000
D/UDP-TIMING(17390): 216 0 0.247139000
D/UDP-TIMING(17390): 217 0 0.239465000
D/UDP-TIMING(17390): 218 0 0.261971000
D/UDP-TIMING(17390): 219 0 0.254325000
D/UDP-TIMING(17390): 220 0 0.246652000
D/UDP-TIMING(17390): 221 0 0.238997000
D/UDP-TIMING(17390): 222 0 0.261040000
D/UDP-TIMING(17390): 223 0 0.253403000
D/UDP-TIMING(17390): 224 0 0.245730000
D/UDP-TIMING(17390): 225 0 0.238050000
D/UDP-TIMING(17390): 226 0 0.260310000
D/UDP-TIMING(17390): 227 0 0.252664000
D/UDP-TIMING(17390): 228 0 0.244991000
D/UDP-TIMING(17390): 229 0 0.237304000
D/UDP-TIMING(17390): 230 0 0.259933000
D/UDP-TIMING(17390): 231 0 0.252289000
D/UDP-TIMING(17390): 232 0 0.244612000
D/UDP-TIMING(17390): 233 0 0.236938000
D/UDP-TIMING(17390): 234 0 0.259040000
D/UDP-TIMING(17390): 235 0 0.251380000
D/UDP-TIMING(17390): 236 0 0.243701000
D/UDP-TIMING(17390): 237 0 0.236023000
D/UDP-TIMING(17390): 238 0 0.258554000
D/UDP-TIMING(17390): 239 0 0.250880000
D/UDP-TIMING(17390): 240 0 0.243226000
D/UDP-TIMING(17390): 241 0 0.235502000
D/UDP-TIMING(17390): 242 0 0.257516000
D/UDP-TIMING(17390): 243 0 0.249814000
D/UDP-TIMING(17390): 244 0 0.242141000
D/UDP-TIMING(17390): 245 0 0.264763000
D/UDP-TIMING(17390): 246 0 0.257091000
D/UDP-TIMING(17390): 247 0 0.249423000
D/UDP-TIMING(17390): 248 0 0.241744000
D/UDP-TIMING(17390): 249 0 0.234072000
D/UDP-TIMING(17390): 250 0 0.256084000
D/UDP-TIMING(17390): 251 0 0.248439000
D/UDP-TIMING(17390): 252 0 0.240761000
D/UDP-TIMING(17390): 253 0 0.233138000
D/UDP-TIMING(17390): 254 0 0.255716000
D/UDP-TIMING(17390): 255 0 0.248041000
D/UDP-TIMING(17390): 256 0 0.240446000
D/UDP-TIMING(17390): 257 0 0.262428000
D/UDP-TIMING(17390): 258 0 0.254740000
D/UDP-TIMING(17390): 259 0 0.247073000
D/UDP-TIMING(17390): 260 0 0.239440000
D/UDP-TIMING(17390): 261 0 0.262749000
D/UDP-TIMING(17390): 262 0 0.255110000
D/UDP-TIMING(17390): 263 0 0.247426000
D/UDP-TIMING(17390): 264 0 0.239742000
D/UDP-TIMING(17390): 265 0 0.261078000
D/UDP-TIMING(17390): 266 0 0.253399000
D/UDP-TIMING(17390): 267 0 0.245718000
D/UDP-TIMING(17390): 268 0 0.238037000
D/UDP-TIMING(17390): 269 0 0.260604000
D/UDP-TIMING(17390): 270 0 0.252930000
D/UDP-TIMING(17390): 271 0 0.245252000
D/UDP-TIMING(17390): 272 0 0.237582000
D/UDP-TIMING(17390): 273 0 0.259701000
D/UDP-TIMING(17390): 274 0 0.252116000
D/UDP-TIMING(17390): 275 0 0.244448000
D/UDP-TIMING(17390): 276 0 0.236762000
D/UDP-TIMING(17390): 277 0 0.259033000
D/UDP-TIMING(17390): 278 0 0.251412000
D/UDP-TIMING(17390): 279 0 0.243760000
D/UDP-TIMING(17390): 280 0 0.236081000
D/UDP-TIMING(17390): 281 0 0.258767000
D/UDP-TIMING(17390): 282 0 0.251092000
D/UDP-TIMING(17390): 283 0 0.243411000
D/UDP-TIMING(17390): 284 0 0.235742000
D/UDP-TIMING(17390): 285 0 0.257744000
D/UDP-TIMING(17390): 286 0 0.250079000
D/UDP-TIMING(17390): 287 0 0.242453000
D/UDP-TIMING(17390): 288 0 0.234790000
D/UDP-TIMING(17390): 289 0 0.257428000
D/UDP-TIMING(17390): 290 0 0.249755000
D/UDP-TIMING(17390): 291 0 0.242085000
D/UDP-TIMING(17390): 292 0 0.234403000
D/UDP-TIMING(17390): 293 0 0.256450000
D/UDP-TIMING(17390): 294 0 0.248773000
D/UDP-TIMING(17390): 295 0 0.241097000
D/UDP-TIMING(17390): 296 0 0.233415000
D/UDP-TIMING(17390): 297 0 0.255981000
D/UDP-TIMING(17390): 298 0 0.248412000
D/UDP-TIMING(17390): 299 0 0.240797000
D/UDP-TIMING(17390): 300 0 0.262897000
D/UDP-TIMING(17390): 301 0 0.255251000
D/UDP-TIMING(17390): 302 0 0.247567000
D/UDP-TIMING(17390): 303 0 0.238965000
D/UDP-TIMING(17390): 304 0 0.250270000
D/UDP-TIMING(17390): 305 0 0.242680000
D/UDP-TIMING(17390): 306 0 0.235063000
D/UDP-TIMING(17390): 307 0 0.256821000
D/UDP-TIMING(17390): 308 0 0.249193000
D/UDP-TIMING(17390): 309 0 0.241532000
D/UDP-TIMING(17390): 310 0 0.233919000
E/TrafficStats( 1673): [QCTMM]tryAll index=0
E/TrafficStats( 1673): [QCTMM]tryAll index=1
E/TrafficStats( 1673): [QCTMM]tryAll index=2
E/TrafficStats( 1673): [QCTMM]tryAll index=0
E/TrafficStats( 1673): [QCTMM]tryAll index=1
E/TrafficStats( 1673): [QCTMM]tryAll index=2
D/DATA    ( 1860): sentSinceLastRecv=0,watchdogTrigger=10,maxindex=0
D/UDP-TIMING(17390): 311 0 0.256972000
D/UDP-TIMING(17390): 312 0 0.249331000
D/UDP-TIMING(17390): 313 0 0.241649000
D/UDP-TIMING(17390): 314 0 0.234024000
D/UDP-TIMING(17390): 315 0 0.255855000
D/UDP-TIMING(17390): 316 0 0.248178000
D/UDP-TIMING(17390): 317 0 0.240414000
D/UDP-TIMING(17390): 318 0 0.262706000
D/UDP-TIMING(17390): 319 0 0.255108000
D/UDP-TIMING(17390): 320 0 0.247504000
D/UDP-TIMING(17390): 321 0 0.239914000
D/UDP-TIMING(17390): 322 0 0.262053000
D/UDP-TIMING(17390): 323 0 0.254439000
D/UDP-TIMING(17390): 324 0 0.246772000
D/UDP-TIMING(17390): 325 0 0.239092000
D/UDP-TIMING(17390): 326 0 0.261765000
D/UDP-TIMING(17390): 327 0 0.254112000
D/UDP-TIMING(17390): 328 0 0.246428000
D/UDP-TIMING(17390): 329 0 0.238737000
D/UDP-TIMING(17390): 330 0 0.260663000
D/UDP-TIMING(17390): 331 0 0.253078000
D/UDP-TIMING(17390): 332 0 0.245471000
D/UDP-TIMING(17390): 333 0 0.237867000
D/UDP-TIMING(17390): 334 0 0.260648000
D/UDP-TIMING(17390): 335 0 0.252990000
D/UDP-TIMING(17390): 336 0 0.245344000
D/UDP-TIMING(17390): 337 0 0.237665000
D/UDP-TIMING(17390): 338 0 0.259620000
D/UDP-TIMING(17390): 339 0 0.251996000
D/UDP-TIMING(17390): 340 0 0.244315000
D/UDP-TIMING(17390): 341 0 0.236635000
D/UDP-TIMING(17390): 342 0 0.258988000
D/UDP-TIMING(17390): 343 0 0.251306000
D/UDP-TIMING(17390): 344 0 0.243622000
D/UDP-TIMING(17390): 345 0 0.235934000
D/UDP-TIMING(17390): 346 0 0.258611000
D/UDP-TIMING(17390): 347 0 0.251015000
D/UDP-TIMING(17390): 348 0 0.243388000
D/UDP-TIMING(17390): 349 0 0.235674000
D/UDP-TIMING(17390): 350 0 0.257685000
D/UDP-TIMING(17390): 351 0 0.249999000
D/UDP-TIMING(17390): 352 0 0.242341000
D/UDP-TIMING(17390): 353 0 0.265055000
D/UDP-TIMING(17390): 354 0 0.257380000
D/UDP-TIMING(17390): 355 0 0.249700000
D/UDP-TIMING(17390): 356 0 0.242020000
D/UDP-TIMING(17390): 357 0 0.263999000
D/UDP-TIMING(17390): 358 0 0.256346000
D/UDP-TIMING(17390): 359 0 0.248678000
D/UDP-TIMING(17390): 360 0 0.241018000
D/UDP-TIMING(17390): 361 0 0.233420000
D/UDP-TIMING(17390): 362 0 0.255391000
D/UDP-TIMING(17390): 363 0 0.247723000
D/UDP-TIMING(17390): 364 0 0.240071000
D/UDP-TIMING(17390): 365 0 0.262711000
D/UDP-TIMING(17390): 366 0 0.255122000
D/UDP-TIMING(17390): 367 0 0.247450000
D/UDP-TIMING(17390): 368 0 0.239765000
D/UDP-TIMING(17390): 369 0 0.262414000
D/UDP-TIMING(17390): 370 0 0.254799000
D/UDP-TIMING(17390): 371 0 0.247123000
D/UDP-TIMING(17390): 372 0 0.239387000
D/UDP-TIMING(17390): 373 0 0.261456000
D/UDP-TIMING(17390): 374 0 0.253823000
D/UDP-TIMING(17390): 375 0 0.246141000
D/UDP-TIMING(17390): 376 0 0.238462000
D/UDP-TIMING(17390): 377 0 0.261032000
D/UDP-TIMING(17390): 378 0 0.253412000
D/UDP-TIMING(17390): 379 0 0.245686000
D/UDP-TIMING(17390): 380 0 0.267702000
D/UDP-TIMING(17390): 381 0 0.260021000
D/UDP-TIMING(17390): 382 0 0.252340000
D/UDP-TIMING(17390): 383 0 0.244696000
D/UDP-TIMING(17390): 384 0 0.237040000
D/UDP-TIMING(17390): 385 0 0.259634000
D/UDP-TIMING(17390): 386 0 0.251966000
D/UDP-TIMING(17390): 387 0 0.244360000
D/UDP-TIMING(17390): 388 0 0.236692000
D/UDP-TIMING(17390): 389 0 0.258679000
D/UDP-TIMING(17390): 390 0 0.251043000
D/UDP-TIMING(17390): 391 0 0.243371000
D/UDP-TIMING(17390): 392 0 0.235691000
D/UDP-TIMING(17390): 393 0 0.258036000
D/UDP-TIMING(17390): 394 0 0.250447000
D/UDP-TIMING(17390): 395 0 0.242772000
D/UDP-TIMING(17390): 396 0 0.235094000
D/UDP-TIMING(17390): 397 0 0.257658000
D/UDP-TIMING(17390): 398 0 0.250034000
D/UDP-TIMING(17390): 399 0 0.242414000
D/UDP-TIMING(17390): 400 0 0.234754000
D/UDP-TIMING(17390): 401 0 0.256750000
D/UDP-TIMING(17390): 402 0 0.249163000
D/UDP-TIMING(17390): 403 0 0.241513000
D/UDP-TIMING(17390): 404 0 0.244808000
D/UDP-TIMING(17390): 405 0 0.237130000
D/UDP-TIMING(17390): 406 0 0.256049000
D/UDP-TIMING(17390): 407 0 0.248374000
D/UDP-TIMING(17390): 408 0 0.240698000
E/TrafficStats( 1673): [QCTMM]tryAll index=0
E/TrafficStats( 1673): [QCTMM]tryAll index=1
E/TrafficStats( 1673): [QCTMM]tryAll index=2
E/TrafficStats( 1673): [QCTMM]tryAll index=0
E/TrafficStats( 1673): [QCTMM]tryAll index=1
E/TrafficStats( 1673): [QCTMM]tryAll index=2
D/UDP-TIMING(17390): 409 0 0.263004000
D/UDP-TIMING(17390): 410 0 0.255395000
D/UDP-TIMING(17390): 411 0 0.247720000
D/UDP-TIMING(17390): 412 0 0.240044000
D/DATA    ( 1860): sentSinceLastRecv=0,watchdogTrigger=10,maxindex=0
D/UDP-TIMING(17390): 413 0 0.262974000
D/UDP-TIMING(17390): 414 0 0.255373000
D/UDP-TIMING(17390): 415 0 0.247697000
D/UDP-TIMING(17390): 416 0 0.240013000
D/UDP-TIMING(17390): 417 0 0.261625000
D/UDP-TIMING(17390): 418 0 0.254033000
D/UDP-TIMING(17390): 419 0 0.246325000
D/UDP-TIMING(17390): 420 0 0.238654000
D/UDP-TIMING(17390): 421 0 0.261346000
D/UDP-TIMING(17390): 422 0 0.253763000
D/UDP-TIMING(17390): 423 0 0.246130000
D/UDP-TIMING(17390): 424 0 0.238451000
D/UDP-TIMING(17390): 425 0 0.260530000
D/UDP-TIMING(17390): 426 0 0.252852000
D/UDP-TIMING(17390): 427 0 0.245169000
D/UDP-TIMING(17390): 428 0 0.237535000
D/UDP-TIMING(17390): 429 0 0.260191000
D/UDP-TIMING(17390): 430 0 0.252512000
D/UDP-TIMING(17390): 431 0 0.244835000
D/UDP-TIMING(17390): 432 0 0.237153000
D/UDP-TIMING(17390): 433 0 0.259127000
D/UDP-TIMING(17390): 434 0 0.251539000
D/UDP-TIMING(17390): 435 0 0.243868000
D/UDP-TIMING(17390): 436 0 0.236193000
D/UDP-TIMING(17390): 437 0 0.258785000
D/UDP-TIMING(17390): 438 0 0.251140000
D/UDP-TIMING(17390): 439 0 0.243459000
D/UDP-TIMING(17390): 440 0 0.235776000
E/TrafficStats(16531): [QCTMM]tryAll index=0
E/TrafficStats(16531): [QCTMM]tryAll index=1
E/TrafficStats(16531): [QCTMM]tryAll index=2
D/UDP-TIMING(17390): 441 0 0.258288000
D/UDP-TIMING(17390): 442 0 0.250612000
D/UDP-TIMING(17390): 443 0 0.242935000
D/UDP-TIMING(17390): 444 0 0.235317000
E/TrafficStats(16531): [QCTMM]tryAll index=0
E/TrafficStats(16531): [QCTMM]tryAll index=1
E/TrafficStats(16531): [QCTMM]tryAll index=2
E/TrafficStats(16531): [QCTMM]tryAll index=0
E/TrafficStats(16531): [QCTMM]tryAll index=1
E/TrafficStats(16531): [QCTMM]tryAll index=2
D/UDP-TIMING(17390): 445 0 0.257961000
D/UDP-TIMING(17390): 446 0 0.250329000
D/UDP-TIMING(17390): 447 0 0.242771000
D/UDP-TIMING(17390): 448 0 0.235159000
E/TrafficStats(16531): [QCTMM]tryAll index=0
E/TrafficStats(16531): [QCTMM]tryAll index=1
E/TrafficStats(16531): [QCTMM]tryAll index=2
D/UDP-TIMING(17390): 449 0 0.256823000
D/UDP-TIMING(17390): 450 0 0.249178000
D/UDP-TIMING(17390): 451 0 0.241544000
D/UDP-TIMING(17390): 452 0 0.233912000
D/UDP-TIMING(17390): 453 0 0.255558000
D/UDP-TIMING(17390): 454 0 0.247876000
D/UDP-TIMING(17390): 455 0 0.240190000
D/UDP-TIMING(17390): 456 0 0.263406000
D/UDP-TIMING(17390): 457 0 0.255722000
D/UDP-TIMING(17390): 458 0 0.248044000
D/UDP-TIMING(17390): 459 0 0.270056000
D/UDP-TIMING(17390): 460 0 0.262458000
D/UDP-TIMING(17390): 461 0 0.254802000
D/UDP-TIMING(17390): 462 0 0.247121000
D/UDP-TIMING(17390): 463 0 0.239453000
D/UDP-TIMING(17390): 464 0 0.262090000
D/UDP-TIMING(17390): 465 0 0.254460000
D/UDP-TIMING(17390): 466 0 0.246795000
D/UDP-TIMING(17390): 467 0 0.239138000
D/UDP-TIMING(17390): 468 0 0.261197000
D/UDP-TIMING(17390): 469 0 0.253507000
D/UDP-TIMING(17390): 470 0 0.245827000
D/UDP-TIMING(17390): 471 0 0.238161000
D/UDP-TIMING(17390): 472 0 0.260914000
D/UDP-TIMING(17390): 473 0 0.253293000
D/UDP-TIMING(17390): 474 0 0.245631000
D/UDP-TIMING(17390): 475 0 0.237979000
D/UDP-TIMING(17390): 476 0 0.259837000
D/UDP-TIMING(17390): 477 0 0.252188000
D/UDP-TIMING(17390): 478 0 0.244510000
D/UDP-TIMING(17390): 479 0 0.236824000
D/UDP-TIMING(17390): 480 0 0.259362000
D/UDP-TIMING(17390): 481 0 0.251714000
D/UDP-TIMING(17390): 482 0 0.244036000
D/UDP-TIMING(17390): 483 0 0.266100000
D/UDP-TIMING(17390): 484 0 0.258425000
D/UDP-TIMING(17390): 485 0 0.250757000
D/UDP-TIMING(17390): 486 0 0.243079000
D/UDP-TIMING(17390): 487 0 0.235357000
D/UDP-TIMING(17390): 488 0 0.257973000
D/UDP-TIMING(17390): 489 0 0.250334000
D/UDP-TIMING(17390): 490 0 0.242660000
D/UDP-TIMING(17390): 491 0 0.235071000
D/UDP-TIMING(17390): 492 0 0.257036000
D/UDP-TIMING(17390): 493 0 0.249386000
D/UDP-TIMING(17390): 494 0 0.241706000
D/UDP-TIMING(17390): 495 0 0.234070000
D/UDP-TIMING(17390): 496 0 0.256634000
D/UDP-TIMING(17390): 497 0 0.248959000
D/UDP-TIMING(17390): 498 0 0.241291000
D/UDP-TIMING(17390): 499 0 0.263446000
D/UDP-TIMING(17390): 500 0 0.255733000
D/UDP-TIMING(17390): 501 0 0.248064000
D/UDP-TIMING(17390): 502 0 0.240381000
D/UDP-TIMING(17390): 503 0 0.262703000
D/UDP-TIMING(17390): 504 0 0.255045000
E/TrafficStats(16531): [QCTMM]tryAll index=0
E/TrafficStats(16531): [QCTMM]tryAll index=1
E/TrafficStats(16531): [QCTMM]tryAll index=2
E/TrafficStats(16531): [QCTMM]tryAll index=0
E/TrafficStats(16531): [QCTMM]tryAll index=1
E/TrafficStats(16531): [QCTMM]tryAll index=2
E/TrafficStats(16531): [QCTMM]tryAll index=0
E/TrafficStats(16531): [QCTMM]tryAll index=1
E/TrafficStats(16531): [QCTMM]tryAll index=2
E/TrafficStats(16531): [QCTMM]tryAll index=0
E/TrafficStats(16531): [QCTMM]tryAll index=1
E/TrafficStats(16531): [QCTMM]tryAll index=2
D/dalvikvm(16531): GC_CONCURRENT freed 431K, 51% free 3385K/6855K, external 0K/0K, paused 3ms+2ms
D/Database(16531): dbopen(): path = /data/data/com.onavo.android.onavoid/databases/ui_events, flag = 6, file size = 14060544
D/Database(16531): dbopen(): path = /data/data/com.onavo.android.onavoid/databases/ui_events, mode: wal, disk free size: 2000 M, handle: 0x3b3d80
D/UDP-TIMING(17390): 505 0 0.236984000
D/Database(16531): dbclose(): path = /data/data/com.onavo.android.onavoid/databases/ui_events, handle = 0x3b3d80
D/UDP-TIMING(17390): 506 0 0.256712000
D/UDP-TIMING(17390): 507 0 0.249124000
D/UDP-TIMING(17390): 508 0 0.241500000
D/UDP-TIMING(17390): 509 0 0.233835000
D/UDP-TIMING(17390): 510 0 0.256476000
E/TrafficStats( 1673): [QCTMM]tryAll index=0
D/UDP-TIMING(17390): 511 0 0.248825000
D/UDP-TIMING(17390): 512 0 0.241150000
D/UDP-TIMING(17390): 513 0 0.233517000
E/TrafficStats( 1673): [QCTMM]tryAll index=1
E/TrafficStats( 1673): [QCTMM]tryAll index=2
E/TrafficStats( 1673): [QCTMM]tryAll index=0
E/TrafficStats( 1673): [QCTMM]tryAll index=1
E/TrafficStats( 1673): [QCTMM]tryAll index=2
D/DATA    ( 1860): sentSinceLastRecv=0,watchdogTrigger=10,maxindex=0
D/UDP-TIMING(17390): 514 0 0.256171000
D/UDP-TIMING(17390): 515 0 0.248484000
D/UDP-TIMING(17390): 516 0 0.240799000
D/UDP-TIMING(17390): 517 0 0.233211000
D/UDP-TIMING(17390): 518 0 0.255419000
D/UDP-TIMING(17390): 519 0 0.247780000
D/UDP-TIMING(17390): 520 0 0.240164000
D/UDP-TIMING(17390): 521 0 0.262810000
D/UDP-TIMING(17390): 522 0 0.255133000
D/UDP-TIMING(17390): 523 0 0.247505000
D/UDP-TIMING(17390): 524 0 0.239850000
D/UDP-TIMING(17390): 525 0 0.261848000
D/UDP-TIMING(17390): 526 0 0.254254000
D/UDP-TIMING(17390): 527 0 0.246563000
D/UDP-TIMING(17390): 528 0 0.238892000
D/UDP-TIMING(17390): 529 0 0.261528000
D/UDP-TIMING(17390): 530 0 0.253894000
D/UDP-TIMING(17390): 531 0 0.246249000
D/UDP-TIMING(17390): 532 0 0.238589000
D/UDP-TIMING(17390): 533 0 0.260690000
D/UDP-TIMING(17390): 534 0 0.253070000
D/UDP-TIMING(17390): 535 0 0.245395000
D/UDP-TIMING(17390): 536 0 0.237718000
D/UDP-TIMING(17390): 537 0 0.260390000
D/UDP-TIMING(17390): 538 0 0.252751000
D/UDP-TIMING(17390): 539 0 0.245084000
D/UDP-TIMING(17390): 540 0 0.237405000
D/UDP-TIMING(17390): 541 0 0.259323000
D/UDP-TIMING(17390): 542 0 0.251655000
D/UDP-TIMING(17390): 543 0 0.243986000
D/UDP-TIMING(17390): 544 0 0.236318000
D/UDP-TIMING(17390): 545 0 0.259260000
D/UDP-TIMING(17390): 546 0 0.251668000
D/UDP-TIMING(17390): 547 0 0.243999000
D/UDP-TIMING(17390): 548 0 0.236323000
D/UDP-TIMING(17390): 549 0 0.258004000
D/UDP-TIMING(17390): 550 0 0.250331000
D/UDP-TIMING(17390): 551 0 0.242653000
D/UDP-TIMING(17390): 552 0 0.234969000
D/UDP-TIMING(17390): 553 0 0.257543000
D/UDP-TIMING(17390): 554 0 0.249892000
D/UDP-TIMING(17390): 555 0 0.242205000
D/UDP-TIMING(17390): 556 0 0.234520000
D/UDP-TIMING(17390): 557 0 0.256534000
D/UDP-TIMING(17390): 558 0 0.248949000
D/UDP-TIMING(17390): 559 0 0.241284000
D/UDP-TIMING(17390): 560 0 0.233653000
D/UDP-TIMING(17390): 561 0 0.256300000
D/UDP-TIMING(17390): 562 0 0.248632000
D/UDP-TIMING(17390): 563 0 0.240958000
D/UDP-TIMING(17390): 564 0 0.273167000
D/UDP-TIMING(17390): 565 0 0.265501000
D/UDP-TIMING(17390): 566 0 0.257847000
D/UDP-TIMING(17390): 567 0 0.250177000
D/UDP-TIMING(17390): 568 0 0.242497000
D/UDP-TIMING(17390): 569 0 0.236636000
D/UDP-TIMING(17390): 570 0 0.246874000
D/UDP-TIMING(17390): 571 0 0.239177000
D/UDP-TIMING(17390): 572 0 0.261902000
D/UDP-TIMING(17390): 573 0 0.254259000
D/UDP-TIMING(17390): 574 0 0.246626000
D/UDP-TIMING(17390): 575 0 0.268579000
D/UDP-TIMING(17390): 576 0 0.260898000
D/UDP-TIMING(17390): 577 0 0.253222000
D/UDP-TIMING(17390): 578 0 0.245544000
D/UDP-TIMING(17390): 579 0 0.237920000
D/UDP-TIMING(17390): 580 0 0.260512000
D/UDP-TIMING(17390): 581 0 0.252834000
D/UDP-TIMING(17390): 582 0 0.245168000
D/UDP-TIMING(17390): 583 0 0.267239000
D/UDP-TIMING(17390): 584 0 0.259551000
D/UDP-TIMING(17390): 585 0 0.251907000
D/UDP-TIMING(17390): 586 0 0.244242000
D/UDP-TIMING(17390): 587 0 0.236617000
D/UDP-TIMING(17390): 588 0 0.259279000
D/UDP-TIMING(17390): 589 0 0.251683000
D/UDP-TIMING(17390): 590 0 0.244006000
D/UDP-TIMING(17390): 591 0 0.236324000
D/UDP-TIMING(17390): 592 0 0.258370000
D/UDP-TIMING(17390): 593 0 0.250712000
D/UDP-TIMING(17390): 594 0 0.243029000
D/UDP-TIMING(17390): 595 0 0.235350000
D/UDP-TIMING(17390): 596 0 0.257913000
D/UDP-TIMING(17390): 597 0 0.250227000
D/UDP-TIMING(17390): 598 0 0.242558000
D/UDP-TIMING(17390): 599 0 0.234960000
D/UDP-TIMING(17390): 600 0 0.257003000
D/UDP-TIMING(17390): 601 0 0.249374000
D/UDP-TIMING(17390): 602 0 0.241780000
D/UDP-TIMING(17390): 603 0 0.234116000
D/UDP-TIMING(17390): 604 0 0.256706000
D/UDP-TIMING(17390): 605 0 0.249027000
D/UDP-TIMING(17390): 606 0 0.239410000
D/UDP-TIMING(17390): 607 0 0.251534000
D/UDP-TIMING(17390): 608 0 0.243866000
D/UDP-TIMING(17390): 609 0 0.236188000
D/UDP-TIMING(17390): 610 0 0.258361000
D/UDP-TIMING(17390): 611 0 0.250743000
E/TrafficStats( 1673): [QCTMM]tryAll index=0
D/UDP-TIMING(17390): 612 0 0.243073000
D/UDP-TIMING(17390): 613 0 0.235430000
E/TrafficStats( 1673): [QCTMM]tryAll index=1
E/TrafficStats( 1673): [QCTMM]tryAll index=2
E/TrafficStats( 1673): [QCTMM]tryAll index=0
E/TrafficStats( 1673): [QCTMM]tryAll index=1
E/TrafficStats( 1673): [QCTMM]tryAll index=2
D/DATA    ( 1860): sentSinceLastRecv=0,watchdogTrigger=10,maxindex=0
D/UDP-TIMING(17390): 614 0 0.257885000
D/UDP-TIMING(17390): 615 0 0.250216000
D/UDP-TIMING(17390): 616 0 0.242538000
D/UDP-TIMING(17390): 617 0 0.234886000
D/UDP-TIMING(17390): 618 0 0.257052000
D/UDP-TIMING(17390): 619 0 0.249451000
D/UDP-TIMING(17390): 620 0 0.241853000
D/UDP-TIMING(17390): 621 0 0.263856000
D/UDP-TIMING(17390): 622 0 0.256246000
D/UDP-TIMING(17390): 623 0 0.248624000
D/UDP-TIMING(17390): 624 0 0.240946000
D/UDP-TIMING(17390): 625 0 0.233303000
D/UDP-TIMING(17390): 626 0 0.255688000
D/UDP-TIMING(17390): 627 0 0.248011000
D/UDP-TIMING(17390): 628 0 0.240362000
D/UDP-TIMING(17390): 629 0 0.262592000
D/UDP-TIMING(17390): 630 0 0.254915000
D/UDP-TIMING(17390): 631 0 0.247233000
D/UDP-TIMING(17390): 632 0 0.239639000
D/UDP-TIMING(17390): 633 0 0.261884000
D/UDP-TIMING(17390): 634 0 0.254244000
D/UDP-TIMING(17390): 635 0 0.246570000
D/UDP-TIMING(17390): 636 0 0.238890000
D/UDP-TIMING(17390): 637 0 0.261456000
D/UDP-TIMING(17390): 638 0 0.253836000
D/UDP-TIMING(17390): 639 0 0.246188000
D/UDP-TIMING(17390): 640 0 0.238510000
D/UDP-TIMING(17390): 641 0 0.260531000
D/UDP-TIMING(17390): 642 0 0.252885000
D/UDP-TIMING(17390): 643 0 0.245208000
D/UDP-TIMING(17390): 644 0 0.237523000
D/UDP-TIMING(17390): 645 0 0.260227000
D/UDP-TIMING(17390): 646 0 0.252601000
D/UDP-TIMING(17390): 647 0 0.244975000
D/UDP-TIMING(17390): 648 0 0.237291000
D/UDP-TIMING(17390): 649 0 0.259131000
D/UDP-TIMING(17390): 650 0 0.251458000
D/UDP-TIMING(17390): 651 0 0.243823000
D/UDP-TIMING(17390): 652 0 0.266387000
D/UDP-TIMING(17390): 653 0 0.258740000
D/UDP-TIMING(17390): 654 0 0.251064000
D/UDP-TIMING(17390): 655 0 0.243379000
D/UDP-TIMING(17390): 656 0 0.265483000
D/UDP-TIMING(17390): 657 0 0.257810000
D/UDP-TIMING(17390): 658 0 0.250136000
D/UDP-TIMING(17390): 659 0 0.242470000
D/UDP-TIMING(17390): 660 0 0.234879000
D/UDP-TIMING(17390): 661 0 0.257401000
D/UDP-TIMING(17390): 662 0 0.249727000
D/UDP-TIMING(17390): 663 0 0.242038000
D/UDP-TIMING(17390): 664 0 0.234420000
D/UDP-TIMING(17390): 665 0 0.256508000
D/UDP-TIMING(17390): 666 0 0.248837000
D/UDP-TIMING(17390): 667 0 0.241168000
D/UDP-TIMING(17390): 668 0 0.263780000
D/UDP-TIMING(17390): 669 0 0.256139000
D/UDP-TIMING(17390): 670 0 0.248460000
D/UDP-TIMING(17390): 671 0 0.240803000
D/UDP-TIMING(17390): 672 0 0.233176000
D/UDP-TIMING(17390): 673 0 0.255139000
D/UDP-TIMING(17390): 674 0 0.247469000
D/UDP-TIMING(17390): 675 0 0.239812000
D/UDP-TIMING(17390): 676 0 0.262126000
D/UDP-TIMING(17390): 677 0 0.254538000
D/UDP-TIMING(17390): 678 0 0.246890000
D/UDP-TIMING(17390): 679 0 0.239214000
D/UDP-TIMING(17390): 680 0 0.261774000
D/UDP-TIMING(17390): 681 0 0.254142000
D/UDP-TIMING(17390): 682 0 0.246507000
D/UDP-TIMING(17390): 683 0 0.238835000
D/UDP-TIMING(17390): 684 0 0.260987000
D/UDP-TIMING(17390): 685 0 0.253346000
D/UDP-TIMING(17390): 686 0 0.245682000
D/UDP-TIMING(17390): 687 0 0.238007000
D/UDP-TIMING(17390): 688 0 0.260520000
D/UDP-TIMING(17390): 689 0 0.252886000
D/UDP-TIMING(17390): 690 0 0.245238000
D/UDP-TIMING(17390): 691 0 0.237554000
D/UDP-TIMING(17390): 692 0 0.259595000
D/UDP-TIMING(17390): 693 0 0.251973000
D/UDP-TIMING(17390): 694 0 0.244295000
D/UDP-TIMING(17390): 695 0 0.236627000
D/UDP-TIMING(17390): 696 0 0.259234000
D/UDP-TIMING(17390): 697 0 0.251551000
D/UDP-TIMING(17390): 698 0 0.243909000
D/UDP-TIMING(17390): 699 0 0.236279000
D/UDP-TIMING(17390): 700 0 0.258283000
D/UDP-TIMING(17390): 701 0 0.250615000
D/UDP-TIMING(17390): 702 0 0.242944000
D/UDP-TIMING(17390): 703 0 0.235289000
D/UDP-TIMING(17390): 704 0 0.258088000
D/UDP-TIMING(17390): 705 0 0.250420000
D/UDP-TIMING(17390): 706 0 0.242770000
D/UDP-TIMING(17390): 707 0 0.237491000
D/UDP-TIMING(17390): 708 0 0.254451000
D/UDP-TIMING(17390): 709 0 0.246765000
D/UDP-TIMING(17390): 710 0 0.239083000
D/UDP-TIMING(17390): 711 0 0.261750000
E/TrafficStats( 1673): [QCTMM]tryAll index=0
D/UDP-TIMING(17390): 712 0 0.254114000
D/UDP-TIMING(17390): 713 0 0.246436000
D/UDP-TIMING(17390): 714 0 0.238752000
E/TrafficStats( 1673): [QCTMM]tryAll index=1
E/TrafficStats( 1673): [QCTMM]tryAll index=2
E/TrafficStats( 1673): [QCTMM]tryAll index=0
E/TrafficStats( 1673): [QCTMM]tryAll index=1
E/TrafficStats( 1673): [QCTMM]tryAll index=2
D/DATA    ( 1860): sentSinceLastRecv=0,watchdogTrigger=10,maxindex=0
D/UDP-TIMING(17390): 715 0 0.261170000
D/UDP-TIMING(17390): 716 0 0.253515000
D/UDP-TIMING(17390): 717 0 0.245854000
D/UDP-TIMING(17390): 718 0 0.238222000
D/UDP-TIMING(17390): 719 0 0.260438000
D/UDP-TIMING(17390): 720 0 0.252772000
D/UDP-TIMING(17390): 721 0 0.245177000
D/UDP-TIMING(17390): 722 0 0.237517000
D/UDP-TIMING(17390): 723 0 0.259480000
D/UDP-TIMING(17390): 724 0 0.251798000
D/UDP-TIMING(17390): 725 0 0.244109000
D/UDP-TIMING(17390): 726 0 0.236426000
D/UDP-TIMING(17390): 727 0 0.258991000
D/UDP-TIMING(17390): 728 0 0.251312000
D/UDP-TIMING(17390): 729 0 0.243631000
D/UDP-TIMING(17390): 730 0 0.235957000
D/UDP-TIMING(17390): 731 0 0.258002000
D/UDP-TIMING(17390): 732 0 0.250335000
D/UDP-TIMING(17390): 733 0 0.242707000
D/UDP-TIMING(17390): 734 0 0.234992000
D/UDP-TIMING(17390): 735 0 0.257576000
D/UDP-TIMING(17390): 736 0 0.249933000
D/UDP-TIMING(17390): 737 0 0.242261000
D/UDP-TIMING(17390): 738 0 0.234549000
D/UDP-TIMING(17390): 739 0 0.256595000
D/UDP-TIMING(17390): 740 0 0.248907000
V/DeviceStorageMonitorService( 1673): freeMemory=2097799168
D/DeviceStorageMonitorService( 1673): OoO SMS Memory available. SMS_AVAILABLE_THRESHOLD == 524288
I/DeviceStorageMonitorService( 1673): Posting Message again
D/UDP-TIMING(17390): 741 0 0.271265000
D/UDP-TIMING(17390): 742 0 0.263586000
D/UDP-TIMING(17390): 743 0 0.255934000
D/UDP-TIMING(17390): 744 0 0.248260000
D/UDP-TIMING(17390): 745 0 0.270807000
D/UDP-TIMING(17390): 746 0 0.263236000
D/UDP-TIMING(17390): 747 0 0.255606000
D/UDP-TIMING(17390): 748 0 0.247926000
D/UDP-TIMING(17390): 749 0 0.240248000
