I/PackageManager( 1673): Adding preferred activity ComponentInfo{com.android.browser/com.android.browser.BrowserActivity}:
D/StatusBarPolicy( 1816): hasService()=true ,mDataState=2 ,mPhone.htcModemLinkOn()=false ,mDataActivity=0
D/StatusBarPolicy( 1816): slotType[0]=RUIM
V/NotificationService( 1673): Charging...
I/ActivityManager( 1673): Starting activity: Intent { act=android.intent.action.MAIN cat=[android.intent.category.LAUNCHER] flg=0x10100000 cmp=com.example.hellojni/.HelloJni } from pid 1816
I/ActivityManager( 1673): Start proc com.example.hellojni for activity com.example.hellojni/.HelloJni: pid=17390 uid=10167 gids={1015, 3003}
V/NotificationService( 1673): Charging...
W/InputManagerService( 1673): [unbindCurrentClientLocked] Disable input method client.
W/InputManagerService( 1673): [startInputLocked] Enable input method client.
D/StatusBarPolicy( 1816): hasService()=true ,mDataState=2 ,mPhone.htcModemLinkOn()=false ,mDataActivity=3
D/StatusBarPolicy( 1816): slotType[0]=RUIM
D/StatusBarPolicy( 1816): hasService()=true ,mDataState=2 ,mPhone.htcModemLinkOn()=false ,mDataActivity=1
D/StatusBarPolicy( 1816): slotType[0]=RUIM
D/StatusBarPolicy( 1816): iconIndex=1
V/StatusBarPolicy( 1816): cdmaLevel:4;max:4
D/StatusBarPolicy( 1816): iconLevel:4
D/StatusBarPolicy( 1816): iconIndex=1
V/StatusBarPolicy( 1816): cdmaLevel:2;max:4
D/StatusBarPolicy( 1816): iconLevel:2
D/StatusBarPolicy( 1816): iconIndex=1
V/StatusBarPolicy( 1816): cdmaLevel:2;max:4
D/StatusBarPolicy( 1816): iconLevel:2
D/Socket_Alarm(17239): registerHTCSocketMonitorCallBack
D/Socket_Alarm(17239): set mSocketMonitor
D/Socket_Alarm(17239): HTCSocketMonitorImpl::HTCSocketMonitorImpl
I/ActivityManager( 1673): Start proc com.htc.android.worldclock for broadcast com.htc.android.worldclock/.AlarmInitReceiver: pid=17401 uid=1000 gids={3002, 3001, 3003, 2001, 1015, 1007}
D/Socket_Alarm(17401): registerHTCSocketMonitorCallBack
D/Socket_Alarm(17401): set mSocketMonitor
D/Socket_Alarm(17401): HTCSocketMonitorImpl::HTCSocketMonitorImpl
D/StatusBarPolicy( 1816): iconIndex=1
V/StatusBarPolicy( 1816): cdmaLevel:3;max:4
D/StatusBarPolicy( 1816): iconLevel:3
D/StatusBarPolicy( 1816): iconIndex=1
V/StatusBarPolicy( 1816): cdmaLevel:3;max:4
D/StatusBarPolicy( 1816): iconLevel:3
V/DeviceStorageMonitorService( 1673): freeMemory=2097799168
D/DeviceStorageMonitorService( 1673): OoO SMS Memory available. SMS_AVAILABLE_THRESHOLD == 524288
I/DeviceStorageMonitorService( 1673): Posting Message again
D/StatusBarPolicy( 1816): iconIndex=1
V/StatusBarPolicy( 1816): cdmaLevel:2;max:4
D/StatusBarPolicy( 1816): iconLevel:2
D/StatusBarPolicy( 1816): iconIndex=1
V/StatusBarPolicy( 1816): cdmaLevel:2;max:4
D/StatusBarPolicy( 1816): iconLevel:2
D/StatusBarPolicy( 1816): iconIndex=1
V/StatusBarPolicy( 1816): cdmaLevel:3;max:4
D/StatusBarPolicy( 1816): iconLevel:3
D/StatusBarPolicy( 1816): iconIndex=1
V/StatusBarPolicy( 1816): cdmaLevel:4;max:4
D/StatusBarPolicy( 1816): iconLevel:4
D/StatusBarPolicy( 1816): iconIndex=1
V/StatusBarPolicy( 1816): cdmaLevel:3;max:4
D/StatusBarPolicy( 1816): iconLevel:3
D/StatusBarPolicy( 1816): iconIndex=1
V/StatusBarPolicy( 1816): cdmaLevel:4;max:4
D/StatusBarPolicy( 1816): iconLevel:4
D/StatusBarPolicy( 1816): hasService()=true ,mDataState=2 ,mPhone.htcModemLinkOn()=false ,mDataActivity=3
D/StatusBarPolicy( 1816): slotType[0]=RUIM
D/StatusBarPolicy( 1816): hasService()=true ,mDataState=2 ,mPhone.htcModemLinkOn()=false ,mDataActivity=1
D/StatusBarPolicy( 1816): slotType[0]=RUIM
D/StatusBarPolicy( 1816): iconIndex=1
V/StatusBarPolicy( 1816): cdmaLevel:2;max:4
D/StatusBarPolicy( 1816): iconLevel:2
D/StatusBarPolicy( 1816): iconIndex=1
V/StatusBarPolicy( 1816): cdmaLevel:4;max:4
D/StatusBarPolicy( 1816): iconLevel:4
D/StatusBarPolicy( 1816): iconIndex=1
V/StatusBarPolicy( 1816): cdmaLevel:2;max:4
D/StatusBarPolicy( 1816): iconLevel:2
D/StatusBarPolicy( 1816): iconIndex=1
V/StatusBarPolicy( 1816): cdmaLevel:4;max:4
D/StatusBarPolicy( 1816): iconLevel:4
V/DeviceStorageMonitorService( 1673): freeMemory=2097799168
D/DeviceStorageMonitorService( 1673): OoO SMS Memory available. SMS_AVAILABLE_THRESHOLD == 524288
I/DeviceStorageMonitorService( 1673): Posting Message again
D/StatusBarPolicy( 1816): iconIndex=1
V/StatusBarPolicy( 1816): cdmaLevel:3;max:4
D/StatusBarPolicy( 1816): iconLevel:3
D/StatusBarPolicy( 1816): hasService()=true ,mDataState=2 ,mPhone.htcModemLinkOn()=false ,mDataActivity=0
D/StatusBarPolicy( 1816): slotType[0]=RUIM
D/StatusBarPolicy( 1816): iconIndex=1
V/StatusBarPolicy( 1816): cdmaLevel:2;max:4
D/StatusBarPolicy( 1816): iconLevel:2
D/StatusBarPolicy( 1816): iconIndex=1
V/StatusBarPolicy( 1816): cdmaLevel:1;max:4
D/StatusBarPolicy( 1816): iconLevel:1
D/StatusBarPolicy( 1816): hasService()=true ,mDataState=2 ,mPhone.htcModemLinkOn()=false ,mDataActivity=0
D/StatusBarPolicy( 1816): slotType[0]=RUIM
D/StatusBarPolicy( 1816): iconIndex=1
V/StatusBarPolicy( 1816): cdmaLevel:2;max:4
D/StatusBarPolicy( 1816): iconLevel:2
D/StatusBarPolicy( 1816): iconIndex=1
V/StatusBarPolicy( 1816): cdmaLevel:3;max:4
D/StatusBarPolicy( 1816): iconLevel:3
D/StatusBarPolicy( 1816): iconIndex=1
V/StatusBarPolicy( 1816): cdmaLevel:4;max:4
D/StatusBarPolicy( 1816): iconLevel:4
V/DeviceStorageMonitorService( 1673): freeMemory=2097799168
D/DeviceStorageMonitorService( 1673): OoO SMS Memory available. SMS_AVAILABLE_THRESHOLD == 524288
I/DeviceStorageMonitorService( 1673): Posting Message again
D/StatusBarPolicy( 1816): iconIndex=1
V/StatusBarPolicy( 1816): cdmaLevel:3;max:4
D/StatusBarPolicy( 1816): iconLevel:3
D/StatusBarPolicy( 1816): hasService()=true ,mDataState=2 ,mPhone.htcModemLinkOn()=false ,mDataActivity=0
D/StatusBarPolicy( 1816): slotType[0]=RUIM
D/StatusBarPolicy( 1816): hasService()=true ,mDataState=2 ,mPhone.htcModemLinkOn()=false ,mDataActivity=3
D/StatusBarPolicy( 1816): slotType[0]=RUIM
D/StatusBarPolicy( 1816): hasService()=true ,mDataState=2 ,mPhone.htcModemLinkOn()=false ,mDataActivity=1
D/StatusBarPolicy( 1816): slotType[0]=RUIM
D/StatusBarPolicy( 1816): iconIndex=1
V/StatusBarPolicy( 1816): cdmaLevel:4;max:4
D/StatusBarPolicy( 1816): iconLevel:4
D/StatusBarPolicy( 1816): iconIndex=1
V/StatusBarPolicy( 1816): cdmaLevel:3;max:4
D/StatusBarPolicy( 1816): iconLevel:3
D/StatusBarPolicy( 1816): iconIndex=1
V/StatusBarPolicy( 1816): cdmaLevel:4;max:4
D/StatusBarPolicy( 1816): iconLevel:4
D/StatusBarPolicy( 1816): iconIndex=1
V/StatusBarPolicy( 1816): cdmaLevel:2;max:4
D/StatusBarPolicy( 1816): iconLevel:2
V/DeviceStorageMonitorService( 1673): freeMemory=2097799168
D/DeviceStorageMonitorService( 1673): OoO SMS Memory available. SMS_AVAILABLE_THRESHOLD == 524288
I/DeviceStorageMonitorService( 1673): Posting Message again
D/StatusBarPolicy( 1816): iconIndex=1
V/StatusBarPolicy( 1816): cdmaLevel:3;max:4
D/StatusBarPolicy( 1816): iconLevel:3
--------- beginning of /dev/log/main
D/UDP-TIMING(17390): 9302 0 0.242168000
D/UDP-TIMING(17390): 9303 0 0.239519000
D/UDP-TIMING(17390): 9304 0 0.236967000
E/TrafficStats( 1673): [QCTMM]tryAll index=0
E/TrafficStats( 1673): [QCTMM]tryAll index=1
E/TrafficStats( 1673): [QCTMM]tryAll index=2
D/UDP-TIMING(17390): 9305 0 0.264566000
D/UDP-TIMING(17390): 9306 0 0.261953000
D/UDP-TIMING(17390): 9307 0 0.259323000
D/UDP-TIMING(17390): 9308 0 0.256713000
D/UDP-TIMING(17390): 9309 0 0.254103000
D/UDP-TIMING(17390): 9310 0 0.251460000
D/UDP-TIMING(17390): 9311 0 0.248776000
D/UDP-TIMING(17390): 9312 0 0.246031000
D/UDP-TIMING(17390): 9313 0 0.243282000
D/UDP-TIMING(17390): 9314 0 0.240547000
D/UDP-TIMING(17390): 9315 0 0.237811000
E/TrafficStats( 1673): [QCTMM]tryAll index=0
E/TrafficStats( 1673): [QCTMM]tryAll index=1
E/TrafficStats( 1673): [QCTMM]tryAll index=2
D/DATA    ( 1860): sentSinceLastRecv=0,watchdogTrigger=10,maxindex=0
D/UDP-TIMING(17390): 9316 0 0.265386000
D/UDP-TIMING(17390): 9317 0 0.262781000
D/UDP-TIMING(17390): 9318 0 0.260158000
D/UDP-TIMING(17390): 9319 0 0.257455000
D/UDP-TIMING(17390): 9320 0 0.254752000
D/UDP-TIMING(17390): 9321 0 0.252078000
D/UDP-TIMING(17390): 9322 0 0.249378000
D/UDP-TIMING(17390): 9323 0 0.246714000
D/UDP-TIMING(17390): 9324 0 0.244011000
D/UDP-TIMING(17390): 9325 0 0.241307000
D/UDP-TIMING(17390): 9326 0 0.238648000
D/UDP-TIMING(17390): 9327 0 0.264547000
D/UDP-TIMING(17390): 9328 0 0.261848000
D/UDP-TIMING(17390): 9329 0 0.259148000
D/UDP-TIMING(17390): 9330 0 0.256449000
D/UDP-TIMING(17390): 9331 0 0.253750000
D/UDP-TIMING(17390): 9332 0 0.251050000
D/UDP-TIMING(17390): 9333 0 0.248409000
D/UDP-TIMING(17390): 9334 0 0.245753000
D/UDP-TIMING(17390): 9335 0 0.243112000
D/UDP-TIMING(17390): 9336 0 0.240470000
D/UDP-TIMING(17390): 9337 0 0.237827000
D/UDP-TIMING(17390): 9338 0 0.265210000
D/UDP-TIMING(17390): 9339 0 0.262563000
D/UDP-TIMING(17390): 9340 0 0.259907000
D/UDP-TIMING(17390): 9341 0 0.257206000
D/UDP-TIMING(17390): 9342 0 0.254553000
D/UDP-TIMING(17390): 9343 0 0.251899000
D/UDP-TIMING(17390): 9344 0 0.249257000
D/UDP-TIMING(17390): 9345 0 0.246534000
D/UDP-TIMING(17390): 9346 0 0.243875000
D/UDP-TIMING(17390): 9347 0 0.241216000
D/UDP-TIMING(17390): 9348 0 0.238564000
D/UDP-TIMING(17390): 9349 0 0.265846000
D/UDP-TIMING(17390): 9350 0 0.263158000
D/UDP-TIMING(17390): 9351 0 0.260418000
D/UDP-TIMING(17390): 9352 0 0.257672000
D/UDP-TIMING(17390): 9353 0 0.254960000
D/UDP-TIMING(17390): 9354 0 0.252207000
D/UDP-TIMING(17390): 9355 0 0.249462000
D/UDP-TIMING(17390): 9356 0 0.246710000
D/UDP-TIMING(17390): 9357 0 0.243960000
D/UDP-TIMING(17390): 9358 0 0.241207000
D/UDP-TIMING(17390): 9359 0 0.238461000
D/UDP-TIMING(17390): 9360 0 0.266072000
D/UDP-TIMING(17390): 9361 0 0.263410000
D/UDP-TIMING(17390): 9362 0 0.260725000
D/UDP-TIMING(17390): 9363 0 0.257985000
D/UDP-TIMING(17390): 9364 0 0.255242000
D/UDP-TIMING(17390): 9365 0 0.252496000
D/UDP-TIMING(17390): 9366 0 0.249781000
D/UDP-TIMING(17390): 9367 0 0.247081000
D/UDP-TIMING(17390): 9368 0 0.244383000
D/UDP-TIMING(17390): 9369 0 0.241638000
D/UDP-TIMING(17390): 9370 0 0.238893000
D/UDP-TIMING(17390): 9371 0 0.266449000
D/UDP-TIMING(17390): 9372 0 0.263819000
D/UDP-TIMING(17390): 9373 0 0.261210000
D/UDP-TIMING(17390): 9374 0 0.258509000
D/UDP-TIMING(17390): 9375 0 0.255804000
D/UDP-TIMING(17390): 9376 0 0.253086000
D/UDP-TIMING(17390): 9377 0 0.250435000
D/UDP-TIMING(17390): 9378 0 0.247774000
D/UDP-TIMING(17390): 9379 0 0.245108000
D/UDP-TIMING(17390): 9380 0 0.242398000
D/UDP-TIMING(17390): 9381 0 0.239701000
D/UDP-TIMING(17390): 9382 0 0.236965000
D/UDP-TIMING(17390): 9383 0 0.264147000
D/UDP-TIMING(17390): 9384 0 0.261496000
D/UDP-TIMING(17390): 9385 0 0.258844000
D/UDP-TIMING(17390): 9386 0 0.256180000
D/UDP-TIMING(17390): 9387 0 0.253481000
D/UDP-TIMING(17390): 9388 0 0.250781000
D/UDP-TIMING(17390): 9389 0 0.248082000
D/UDP-TIMING(17390): 9390 0 0.245378000
D/UDP-TIMING(17390): 9391 0 0.242674000
D/UDP-TIMING(17390): 9392 0 0.240002000
D/UDP-TIMING(17390): 9393 0 0.241946000
D/UDP-TIMING(17390): 9394 0 0.239245000
D/UDP-TIMING(17390): 9395 0 0.240888000
D/UDP-TIMING(17390): 9396 0 0.251920000
D/UDP-TIMING(17390): 9397 0 0.249287000
D/UDP-TIMING(17390): 9398 0 0.246648000
D/UDP-TIMING(17390): 9399 0 0.243957000
D/UDP-TIMING(17390): 9400 0 0.241289000
D/UDP-TIMING(17390): 9401 0 0.238646000
D/UDP-TIMING(17390): 9402 0 0.265484000
D/UDP-TIMING(17390): 9403 0 0.262766000
D/UDP-TIMING(17390): 9404 0 0.260027000
D/UDP-TIMING(17390): 9405 0 0.257319000
D/UDP-TIMING(17390): 9406 0 0.254644000
D/UDP-TIMING(17390): 9407 0 0.251952000
D/UDP-TIMING(17390): 9408 0 0.249237000
D/UDP-TIMING(17390): 9409 0 0.246551000
D/UDP-TIMING(17390): 9410 0 0.243856000
D/UDP-TIMING(17390): 9411 0 0.241176000
E/TrafficStats( 1673): [QCTMM]tryAll index=0
E/TrafficStats( 1673): [QCTMM]tryAll index=1
E/TrafficStats( 1673): [QCTMM]tryAll index=2
D/UDP-TIMING(17390): 9412 0 0.238490000
E/TrafficStats( 1673): [QCTMM]tryAll index=0
E/TrafficStats( 1673): [QCTMM]tryAll index=1
E/TrafficStats( 1673): [QCTMM]tryAll index=2
D/DATA    ( 1860): sentSinceLastRecv=0,watchdogTrigger=10,maxindex=0
D/UDP-TIMING(17390): 9413 0 0.266082000
D/UDP-TIMING(17390): 9414 0 0.263393000
D/UDP-TIMING(17390): 9415 0 0.260710000
D/UDP-TIMING(17390): 9416 0 0.258027000
D/UDP-TIMING(17390): 9417 0 0.255377000
D/UDP-TIMING(17390): 9418 0 0.252642000
D/UDP-TIMING(17390): 9419 0 0.249893000
D/UDP-TIMING(17390): 9420 0 0.247150000
D/UDP-TIMING(17390): 9421 0 0.244402000
D/UDP-TIMING(17390): 9422 0 0.241657000
D/UDP-TIMING(17390): 9423 0 0.238944000
D/UDP-TIMING(17390): 9424 0 0.265787000
D/UDP-TIMING(17390): 9425 0 0.263095000
D/UDP-TIMING(17390): 9426 0 0.260408000
D/UDP-TIMING(17390): 9427 0 0.257719000
D/UDP-TIMING(17390): 9428 0 0.255056000
D/UDP-TIMING(17390): 9429 0 0.252404000
D/UDP-TIMING(17390): 9430 0 0.249753000
D/UDP-TIMING(17390): 9431 0 0.247127000
D/UDP-TIMING(17390): 9432 0 0.244487000
D/UDP-TIMING(17390): 9433 0 0.241824000
D/UDP-TIMING(17390): 9434 0 0.239224000
D/UDP-TIMING(17390): 9435 0 0.236523000
D/UDP-TIMING(17390): 9436 0 0.264323000
D/UDP-TIMING(17390): 9437 0 0.261694000
D/UDP-TIMING(17390): 9438 0 0.258995000
D/UDP-TIMING(17390): 9439 0 0.256370000
D/UDP-TIMING(17390): 9440 0 0.253756000
D/UDP-TIMING(17390): 9441 0 0.251107000
D/UDP-TIMING(17390): 9442 0 0.248413000
D/UDP-TIMING(17390): 9443 0 0.245713000
D/UDP-TIMING(17390): 9444 0 0.243007000
D/UDP-TIMING(17390): 9445 0 0.240342000
D/UDP-TIMING(17390): 9446 0 0.237646000
D/UDP-TIMING(17390): 9447 0 0.263786000
D/UDP-TIMING(17390): 9448 0 0.261116000
D/UDP-TIMING(17390): 9449 0 0.258417000
D/UDP-TIMING(17390): 9450 0 0.255753000
D/UDP-TIMING(17390): 9451 0 0.253096000
D/UDP-TIMING(17390): 9452 0 0.250444000
D/UDP-TIMING(17390): 9453 0 0.247744000
D/UDP-TIMING(17390): 9454 0 0.245045000
D/UDP-TIMING(17390): 9455 0 0.242296000
D/UDP-TIMING(17390): 9456 0 0.239592000
D/UDP-TIMING(17390): 9457 0 0.236889000
D/UDP-TIMING(17390): 9458 0 0.264372000
D/UDP-TIMING(17390): 9459 0 0.261673000
D/UDP-TIMING(17390): 9460 0 0.258969000
D/UDP-TIMING(17390): 9461 0 0.256309000
D/UDP-TIMING(17390): 9462 0 0.253684000
D/UDP-TIMING(17390): 9463 0 0.251033000
D/UDP-TIMING(17390): 9464 0 0.248336000
D/UDP-TIMING(17390): 9465 0 0.245636000
D/UDP-TIMING(17390): 9466 0 0.242937000
D/UDP-TIMING(17390): 9467 0 0.240234000
D/UDP-TIMING(17390): 9468 0 0.237537000
D/UDP-TIMING(17390): 9469 0 0.264726000
D/UDP-TIMING(17390): 9470 0 0.262081000
D/UDP-TIMING(17390): 9471 0 0.259458000
D/UDP-TIMING(17390): 9472 0 0.256824000
D/UDP-TIMING(17390): 9473 0 0.254195000
D/UDP-TIMING(17390): 9474 0 0.251566000
D/UDP-TIMING(17390): 9475 0 0.248872000
D/UDP-TIMING(17390): 9476 0 0.246222000
D/UDP-TIMING(17390): 9477 0 0.243551000
D/UDP-TIMING(17390): 9478 0 0.240926000
D/UDP-TIMING(17390): 9479 0 0.238331000
D/UDP-TIMING(17390): 9480 0 0.266009000
D/UDP-TIMING(17390): 9481 0 0.263356000
D/UDP-TIMING(17390): 9482 0 0.260697000
D/UDP-TIMING(17390): 9483 0 0.258050000
D/UDP-TIMING(17390): 9484 0 0.255392000
D/UDP-TIMING(17390): 9485 0 0.252772000
D/UDP-TIMING(17390): 9486 0 0.250122000
D/UDP-TIMING(17390): 9487 0 0.247474000
D/UDP-TIMING(17390): 9488 0 0.244824000
D/UDP-TIMING(17390): 9489 0 0.242174000
D/UDP-TIMING(17390): 9490 0 0.239524000
D/UDP-TIMING(17390): 9491 0 0.236828000
D/UDP-TIMING(17390): 9492 0 0.263916000
D/UDP-TIMING(17390): 9493 0 0.261219000
D/UDP-TIMING(17390): 9494 0 0.242529000
D/UDP-TIMING(17390): 9495 0 0.239793000
D/UDP-TIMING(17390): 9496 0 0.242625000
D/UDP-TIMING(17390): 9497 0 0.240965000
D/UDP-TIMING(17390): 9498 0 0.238262000
D/UDP-TIMING(17390): 9499 0 0.248513000
D/UDP-TIMING(17390): 9500 0 0.245824000
D/UDP-TIMING(17390): 9501 0 0.243137000
D/UDP-TIMING(17390): 9502 0 0.240431000
D/UDP-TIMING(17390): 9503 0 0.237685000
D/UDP-TIMING(17390): 9504 0 0.264269000
D/UDP-TIMING(17390): 9505 0 0.261523000
D/UDP-TIMING(17390): 9506 0 0.258778000
D/UDP-TIMING(17390): 9507 0 0.256151000
D/UDP-TIMING(17390): 9508 0 0.253485000
D/UDP-TIMING(17390): 9509 0 0.250798000
D/UDP-TIMING(17390): 9510 0 0.248113000
D/UDP-TIMING(17390): 9511 0 0.245426000
D/UDP-TIMING(17390): 9512 0 0.242735000
D/UDP-TIMING(17390): 9513 0 0.240051000
D/UDP-TIMING(17390): 9514 0 0.237386000
E/TrafficStats( 1673): [QCTMM]tryAll index=0
E/TrafficStats( 1673): [QCTMM]tryAll index=1
E/TrafficStats( 1673): [QCTMM]tryAll index=2
E/TrafficStats( 1673): [QCTMM]tryAll index=0
E/TrafficStats( 1673): [QCTMM]tryAll index=1
E/TrafficStats( 1673): [QCTMM]tryAll index=2
D/UDP-TIMING(17390): 9515 0 0.265249000
D/UDP-TIMING(17390): 9516 0 0.262533000
D/UDP-TIMING(17390): 9517 0 0.259784000
D/UDP-TIMING(17390): 9518 0 0.257041000
D/UDP-TIMING(17390): 9519 0 0.254305000
D/UDP-TIMING(17390): 9520 0 0.251566000
D/UDP-TIMING(17390): 9521 0 0.248828000
D/UDP-TIMING(17390): 9522 0 0.246121000
D/UDP-TIMING(17390): 9523 0 0.243382000
D/UDP-TIMING(17390): 9524 0 0.240647000
D/UDP-TIMING(17390): 9525 0 0.237954000
D/DATA    ( 1860): sentSinceLastRecv=0,watchdogTrigger=10,maxindex=0
D/UDP-TIMING(17390): 9526 0 0.263919000
D/UDP-TIMING(17390): 9527 0 0.261186000
D/UDP-TIMING(17390): 9528 0 0.258448000
D/UDP-TIMING(17390): 9529 0 0.255714000
D/UDP-TIMING(17390): 9530 0 0.253055000
D/UDP-TIMING(17390): 9531 0 0.250326000
D/UDP-TIMING(17390): 9532 0 0.247624000
D/UDP-TIMING(17390): 9533 0 0.244955000
D/UDP-TIMING(17390): 9534 0 0.242269000
D/UDP-TIMING(17390): 9535 0 0.239584000
D/UDP-TIMING(17390): 9536 0 0.236904000
D/UDP-TIMING(17390): 9537 0 0.264193000
D/UDP-TIMING(17390): 9538 0 0.261446000
D/UDP-TIMING(17390): 9539 0 0.258638000
D/UDP-TIMING(17390): 9540 0 0.255945000
D/UDP-TIMING(17390): 9541 0 0.253260000
D/UDP-TIMING(17390): 9542 0 0.250612000
D/UDP-TIMING(17390): 9543 0 0.247964000
D/UDP-TIMING(17390): 9544 0 0.245274000
D/UDP-TIMING(17390): 9545 0 0.242574000
D/UDP-TIMING(17390): 9546 0 0.239875000
D/UDP-TIMING(17390): 9547 0 0.237172000
D/UDP-TIMING(17390): 9548 0 0.264488000
D/UDP-TIMING(17390): 9549 0 0.261870000
D/UDP-TIMING(17390): 9550 0 0.259222000
D/UDP-TIMING(17390): 9551 0 0.256577000
D/UDP-TIMING(17390): 9552 0 0.253887000
D/UDP-TIMING(17390): 9553 0 0.251188000
D/UDP-TIMING(17390): 9554 0 0.248488000
D/UDP-TIMING(17390): 9555 0 0.245787000
D/UDP-TIMING(17390): 9556 0 0.243089000
D/UDP-TIMING(17390): 9557 0 0.240388000
D/UDP-TIMING(17390): 9558 0 0.237727000
D/UDP-TIMING(17390): 9559 0 0.265496000
D/UDP-TIMING(17390): 9560 0 0.262842000
D/UDP-TIMING(17390): 9561 0 0.260193000
D/UDP-TIMING(17390): 9562 0 0.257530000
D/UDP-TIMING(17390): 9563 0 0.254819000
D/UDP-TIMING(17390): 9564 0 0.252115000
D/UDP-TIMING(17390): 9565 0 0.249413000
D/UDP-TIMING(17390): 9566 0 0.246782000
D/UDP-TIMING(17390): 9567 0 0.244134000
D/UDP-TIMING(17390): 9568 0 0.241513000
D/UDP-TIMING(17390): 9569 0 0.238879000
D/UDP-TIMING(17390): 9570 0 0.266262000
D/UDP-TIMING(17390): 9571 0 0.263669000
D/UDP-TIMING(17390): 9572 0 0.261043000
D/UDP-TIMING(17390): 9573 0 0.258378000
D/UDP-TIMING(17390): 9574 0 0.255722000
D/UDP-TIMING(17390): 9575 0 0.253065000
D/UDP-TIMING(17390): 9576 0 0.250442000
D/UDP-TIMING(17390): 9577 0 0.247789000
D/UDP-TIMING(17390): 9578 0 0.245136000
D/UDP-TIMING(17390): 9579 0 0.242484000
D/UDP-TIMING(17390): 9580 0 0.239832000
D/UDP-TIMING(17390): 9581 0 0.238146000
D/UDP-TIMING(17390): 9582 0 0.235483000
D/UDP-TIMING(17390): 9583 0 0.261724000
D/UDP-TIMING(17390): 9584 0 0.259101000
D/UDP-TIMING(17390): 9585 0 0.256408000
D/UDP-TIMING(17390): 9586 0 0.253704000
D/UDP-TIMING(17390): 9587 0 0.251000000
D/UDP-TIMING(17390): 9588 0 0.248297000
D/UDP-TIMING(17390): 9589 0 0.245629000
D/UDP-TIMING(17390): 9590 0 0.242925000
D/UDP-TIMING(17390): 9591 0 0.240222000
D/UDP-TIMING(17390): 9592 0 0.237524000
D/UDP-TIMING(17390): 9593 0 0.265013000
D/UDP-TIMING(17390): 9594 0 0.262356000
D/UDP-TIMING(17390): 9595 0 0.243236000
D/UDP-TIMING(17390): 9596 0 0.240491000
D/UDP-TIMING(17390): 9597 0 0.240830000
D/UDP-TIMING(17390): 9598 0 0.242127000
D/UDP-TIMING(17390): 9599 0 0.240970000
D/UDP-TIMING(17390): 9600 0 0.248628000
D/UDP-TIMING(17390): 9601 0 0.245942000
D/UDP-TIMING(17390): 9602 0 0.243255000
D/UDP-TIMING(17390): 9603 0 0.240572000
D/UDP-TIMING(17390): 9604 0 0.237886000
D/UDP-TIMING(17390): 9605 0 0.264980000
D/UDP-TIMING(17390): 9606 0 0.262297000
D/UDP-TIMING(17390): 9607 0 0.259617000
D/UDP-TIMING(17390): 9608 0 0.256880000
D/UDP-TIMING(17390): 9609 0 0.254182000
D/UDP-TIMING(17390): 9610 0 0.251520000
D/UDP-TIMING(17390): 9611 0 0.248833000
D/UDP-TIMING(17390): 9612 0 0.246145000
D/UDP-TIMING(17390): 9613 0 0.243462000
E/TrafficStats( 1673): [QCTMM]tryAll index=0
E/TrafficStats( 1673): [QCTMM]tryAll index=1
E/TrafficStats( 1673): [QCTMM]tryAll index=2
E/TrafficStats( 1673): [QCTMM]tryAll index=0
E/TrafficStats( 1673): [QCTMM]tryAll index=1
E/TrafficStats( 1673): [QCTMM]tryAll index=2
D/UDP-TIMING(17390): 9614 0 0.271076000
D/UDP-TIMING(17390): 9615 0 0.268403000
D/UDP-TIMING(17390): 9616 0 0.265660000
D/UDP-TIMING(17390): 9617 0 0.262917000
D/UDP-TIMING(17390): 9618 0 0.260174000
D/UDP-TIMING(17390): 9619 0 0.257419000
D/UDP-TIMING(17390): 9620 0 0.254703000
D/UDP-TIMING(17390): 9621 0 0.251953000
D/UDP-TIMING(17390): 9622 0 0.249208000
D/UDP-TIMING(17390): 9623 0 0.246455000
D/UDP-TIMING(17390): 9624 0 0.243721000
D/UDP-TIMING(17390): 9625 0 0.240977000
D/UDP-TIMING(17390): 9626 0 0.238374000
D/DATA    ( 1860): sentSinceLastRecv=0,watchdogTrigger=10,maxindex=0
D/UDP-TIMING(17390): 9627 0 0.264704000
D/UDP-TIMING(17390): 9628 0 0.262041000
D/UDP-TIMING(17390): 9629 0 0.259346000
D/UDP-TIMING(17390): 9630 0 0.256605000
D/UDP-TIMING(17390): 9631 0 0.253870000
D/UDP-TIMING(17390): 9632 0 0.251132000
D/UDP-TIMING(17390): 9633 0 0.248387000
D/UDP-TIMING(17390): 9634 0 0.245685000
D/UDP-TIMING(17390): 9635 0 0.242994000
D/UDP-TIMING(17390): 9636 0 0.240304000
D/UDP-TIMING(17390): 9637 0 0.237640000
D/UDP-TIMING(17390): 9638 0 0.264786000
D/UDP-TIMING(17390): 9639 0 0.262048000
D/UDP-TIMING(17390): 9640 0 0.259309000
D/UDP-TIMING(17390): 9641 0 0.256572000
D/UDP-TIMING(17390): 9642 0 0.253875000
D/UDP-TIMING(17390): 9643 0 0.251189000
D/UDP-TIMING(17390): 9644 0 0.248505000
D/UDP-TIMING(17390): 9645 0 0.245824000
D/UDP-TIMING(17390): 9646 0 0.243134000
D/UDP-TIMING(17390): 9647 0 0.240449000
D/UDP-TIMING(17390): 9648 0 0.237768000
D/UDP-TIMING(17390): 9649 0 0.265274000
D/UDP-TIMING(17390): 9650 0 0.262509000
D/UDP-TIMING(17390): 9651 0 0.259770000
D/UDP-TIMING(17390): 9652 0 0.257026000
D/UDP-TIMING(17390): 9653 0 0.254291000
D/UDP-TIMING(17390): 9654 0 0.251553000
D/UDP-TIMING(17390): 9655 0 0.248815000
D/UDP-TIMING(17390): 9656 0 0.246077000
D/UDP-TIMING(17390): 9657 0 0.273519000
D/UDP-TIMING(17390): 9658 0 0.270781000
D/UDP-TIMING(17390): 9659 0 0.268061000
D/UDP-TIMING(17390): 9660 0 0.265319000
D/UDP-TIMING(17390): 9661 0 0.262612000
D/UDP-TIMING(17390): 9662 0 0.259940000
D/UDP-TIMING(17390): 9663 0 0.257236000
D/UDP-TIMING(17390): 9664 0 0.254496000
D/UDP-TIMING(17390): 9665 0 0.251794000
D/UDP-TIMING(17390): 9666 0 0.249183000
D/UDP-TIMING(17390): 9667 0 0.246493000
D/UDP-TIMING(17390): 9668 0 0.274151000
D/UDP-TIMING(17390): 9669 0 0.271452000
D/UDP-TIMING(17390): 9670 0 0.268790000
D/UDP-TIMING(17390): 9671 0 0.266099000
D/UDP-TIMING(17390): 9672 0 0.263411000
D/UDP-TIMING(17390): 9673 0 0.260725000
D/UDP-TIMING(17390): 9674 0 0.258039000
D/UDP-TIMING(17390): 9675 0 0.255353000
D/UDP-TIMING(17390): 9676 0 0.252700000
D/UDP-TIMING(17390): 9677 0 0.250014000
D/UDP-TIMING(17390): 9678 0 0.247329000
D/UDP-TIMING(17390): 9679 0 0.244643000
D/UDP-TIMING(17390): 9680 0 0.241957000
D/UDP-TIMING(17390): 9681 0 0.239271000
D/UDP-TIMING(17390): 9682 0 0.237600000
D/UDP-TIMING(17390): 9683 0 0.263449000
D/UDP-TIMING(17390): 9684 0 0.260736000
D/UDP-TIMING(17390): 9685 0 0.257987000
D/UDP-TIMING(17390): 9686 0 0.255205000
D/UDP-TIMING(17390): 9687 0 0.252462000
D/UDP-TIMING(17390): 9688 0 0.249716000
D/UDP-TIMING(17390): 9689 0 0.246970000
D/UDP-TIMING(17390): 9690 0 0.244255000
D/UDP-TIMING(17390): 9691 0 0.241512000
D/UDP-TIMING(17390): 9692 0 0.238766000
D/UDP-TIMING(17390): 9693 0 0.236984000
D/UDP-TIMING(17390): 9694 0 0.263424000
D/UDP-TIMING(17390): 9695 0 0.260685000
E/TrafficStats(16531): [QCTMM]tryAll index=0
E/TrafficStats(16531): [QCTMM]tryAll index=1
E/TrafficStats(16531): [QCTMM]tryAll index=2
E/TrafficStats(16531): [QCTMM]tryAll index=0
E/TrafficStats(16531): [QCTMM]tryAll index=1
E/TrafficStats(16531): [QCTMM]tryAll index=2
E/TrafficStats(16531): [QCTMM]tryAll index=0
E/TrafficStats(16531): [QCTMM]tryAll index=1
E/TrafficStats(16531): [QCTMM]tryAll index=2
E/TrafficStats(16531): [QCTMM]tryAll index=0
E/TrafficStats(16531): [QCTMM]tryAll index=1
E/TrafficStats(16531): [QCTMM]tryAll index=2
D/UDP-TIMING(17390): 9696 0 0.241861000
D/UDP-TIMING(17390): 9697 0 0.239143000
D/UDP-TIMING(17390): 9698 0 0.241127000
D/UDP-TIMING(17390): 9699 0 0.239358000
D/UDP-TIMING(17390): 9700 0 0.249559000
D/UDP-TIMING(17390): 9701 0 0.246813000
D/UDP-TIMING(17390): 9702 0 0.244067000
D/UDP-TIMING(17390): 9703 0 0.241345000
D/UDP-TIMING(17390): 9704 0 0.238599000
D/UDP-TIMING(17390): 9705 0 0.265703000
D/UDP-TIMING(17390): 9706 0 0.262958000
D/UDP-TIMING(17390): 9707 0 0.260211000
D/UDP-TIMING(17390): 9708 0 0.257483000
D/UDP-TIMING(17390): 9709 0 0.254737000
D/UDP-TIMING(17390): 9710 0 0.252025000
D/UDP-TIMING(17390): 9711 0 0.249280000
D/UDP-TIMING(17390): 9712 0 0.246542000
D/UDP-TIMING(17390): 9713 0 0.243804000
D/UDP-TIMING(17390): 9714 0 0.241065000
D/UDP-TIMING(17390): 9715 0 0.238295000
E/TrafficStats( 1673): [QCTMM]tryAll index=0
E/TrafficStats( 1673): [QCTMM]tryAll index=1
E/TrafficStats( 1673): [QCTMM]tryAll index=2
E/TrafficStats( 1673): [QCTMM]tryAll index=0
E/TrafficStats( 1673): [QCTMM]tryAll index=1
E/TrafficStats( 1673): [QCTMM]tryAll index=2
D/UDP-TIMING(17390): 9716 0 0.265649000
D/UDP-TIMING(17390): 9717 0 0.262913000
D/UDP-TIMING(17390): 9718 0 0.260207000
D/UDP-TIMING(17390): 9719 0 0.257425000
D/UDP-TIMING(17390): 9720 0 0.254693000
D/UDP-TIMING(17390): 9721 0 0.251939000
D/UDP-TIMING(17390): 9722 0 0.249206000
D/UDP-TIMING(17390): 9723 0 0.246438000
D/UDP-TIMING(17390): 9724 0 0.244596000
D/UDP-TIMING(17390): 9725 0 0.241828000
D/UDP-TIMING(17390): 9726 0 0.239173000
D/DATA    ( 1860): sentSinceLastRecv=0,watchdogTrigger=10,maxindex=0
D/UDP-TIMING(17390): 9727 0 0.265479000
D/UDP-TIMING(17390): 9728 0 0.262741000
D/UDP-TIMING(17390): 9729 0 0.260003000
D/UDP-TIMING(17390): 9730 0 0.257301000
D/UDP-TIMING(17390): 9731 0 0.254596000
D/UDP-TIMING(17390): 9732 0 0.251923000
D/UDP-TIMING(17390): 9733 0 0.249217000
D/UDP-TIMING(17390): 9734 0 0.246512000
D/UDP-TIMING(17390): 9735 0 0.243806000
D/UDP-TIMING(17390): 9736 0 0.241085000
D/UDP-TIMING(17390): 9737 0 0.238463000
D/UDP-TIMING(17390): 9738 0 0.264810000
D/UDP-TIMING(17390): 9739 0 0.262104000
D/UDP-TIMING(17390): 9740 0 0.259398000
D/UDP-TIMING(17390): 9741 0 0.256694000
D/UDP-TIMING(17390): 9742 0 0.253992000
D/UDP-TIMING(17390): 9743 0 0.251286000
D/UDP-TIMING(17390): 9744 0 0.248580000
D/UDP-TIMING(17390): 9745 0 0.245874000
D/UDP-TIMING(17390): 9746 0 0.243168000
D/UDP-TIMING(17390): 9747 0 0.240461000
D/UDP-TIMING(17390): 9748 0 0.237775000
D/UDP-TIMING(17390): 9749 0 0.265130000
D/UDP-TIMING(17390): 9750 0 0.262424000
D/UDP-TIMING(17390): 9751 0 0.259719000
D/UDP-TIMING(17390): 9752 0 0.257012000
D/UDP-TIMING(17390): 9753 0 0.254306000
D/UDP-TIMING(17390): 9754 0 0.251589000
D/UDP-TIMING(17390): 9755 0 0.248968000
D/UDP-TIMING(17390): 9756 0 0.246308000
D/UDP-TIMING(17390): 9757 0 0.243659000
D/UDP-TIMING(17390): 9758 0 0.241007000
D/UDP-TIMING(17390): 9759 0 0.238315000
D/UDP-TIMING(17390): 9760 0 0.265620000
D/UDP-TIMING(17390): 9761 0 0.262961000
D/UDP-TIMING(17390): 9762 0 0.260302000
D/UDP-TIMING(17390): 9763 0 0.257650000
D/UDP-TIMING(17390): 9764 0 0.254957000
D/UDP-TIMING(17390): 9765 0 0.252259000
D/UDP-TIMING(17390): 9766 0 0.249560000
D/UDP-TIMING(17390): 9767 0 0.246857000
D/UDP-TIMING(17390): 9768 0 0.244153000
D/UDP-TIMING(17390): 9769 0 0.241454000
D/UDP-TIMING(17390): 9770 0 0.238754000
D/UDP-TIMING(17390): 9771 0 0.236051000
D/UDP-TIMING(17390): 9772 0 0.263407000
D/UDP-TIMING(17390): 9773 0 0.260704000
D/UDP-TIMING(17390): 9774 0 0.258005000
D/UDP-TIMING(17390): 9775 0 0.255301000
D/UDP-TIMING(17390): 9776 0 0.252598000
D/UDP-TIMING(17390): 9777 0 0.249896000
D/UDP-TIMING(17390): 9778 0 0.247192000
D/UDP-TIMING(17390): 9779 0 0.244488000
D/UDP-TIMING(17390): 9780 0 0.241784000
D/UDP-TIMING(17390): 9781 0 0.239082000
D/UDP-TIMING(17390): 9782 0 0.236384000
D/UDP-TIMING(17390): 9783 0 0.264032000
D/UDP-TIMING(17390): 9784 0 0.261381000
D/UDP-TIMING(17390): 9785 0 0.258731000
D/UDP-TIMING(17390): 9786 0 0.256080000
D/UDP-TIMING(17390): 9787 0 0.253457000
D/UDP-TIMING(17390): 9788 0 0.250804000
D/UDP-TIMING(17390): 9789 0 0.248151000
D/UDP-TIMING(17390): 9790 0 0.245498000
D/UDP-TIMING(17390): 9791 0 0.242845000
D/UDP-TIMING(17390): 9792 0 0.240191000
D/UDP-TIMING(17390): 9793 0 0.237487000
D/UDP-TIMING(17390): 9794 0 0.264671000
D/UDP-TIMING(17390): 9795 0 0.262001000
D/UDP-TIMING(17390): 9796 0 0.259309000
D/StatusBarPolicy( 1816): iconIndex=1
V/StatusBarPolicy( 1816): cdmaLevel:2;max:4
D/StatusBarPolicy( 1816): iconLevel:2
I/PhoneInfo( 2188): getCdmaLevel - cdmaDbm: -72 cdmaEcio:-110
I/PhoneInfo( 2188): getEvdoLevel - evdoDbm: -120 evdoSnr:-1 evdoEcio:-1
I/PhoneInfo( 2188): getLteLevel - lteRsrp: -1 lteCqi:-1
D/UDP-TIMING(17390): 9797 0 0.242804000
D/UDP-TIMING(17390): 9798 0 0.240062000
D/UDP-TIMING(17390): 9799 0 0.238850000
D/UDP-TIMING(17390): 9800 0 0.237149000
D/UDP-TIMING(17390): 9801 0 0.258437000
D/UDP-TIMING(17390): 9802 0 0.255691000
D/UDP-TIMING(17390): 9803 0 0.252951000
D/UDP-TIMING(17390): 9804 0 0.250214000
D/UDP-TIMING(17390): 9805 0 0.247479000
D/UDP-TIMING(17390): 9806 0 0.244817000
D/UDP-TIMING(17390): 9807 0 0.242079000
D/UDP-TIMING(17390): 9808 0 0.239342000
D/UDP-TIMING(17390): 9809 0 0.237620000
D/UDP-TIMING(17390): 9810 0 0.263783000
D/UDP-TIMING(17390): 9811 0 0.261081000
D/UDP-TIMING(17390): 9812 0 0.258384000
D/UDP-TIMING(17390): 9813 0 0.255681000
D/UDP-TIMING(17390): 9814 0 0.252978000
D/UDP-TIMING(17390): 9815 0 0.250316000
D/UDP-TIMING(17390): 9816 0 0.247607000
D/UDP-TIMING(17390): 9817 0 0.244937000
D/UDP-TIMING(17390): 9818 0 0.242272000
D/UDP-TIMING(17390): 9819 0 0.239622000
D/UDP-TIMING(17390): 9820 0 0.236988000
E/TrafficStats( 1673): [QCTMM]tryAll index=0
E/TrafficStats( 1673): [QCTMM]tryAll index=1
E/TrafficStats( 1673): [QCTMM]tryAll index=2
E/TrafficStats( 1673): [QCTMM]tryAll index=0
E/TrafficStats( 1673): [QCTMM]tryAll index=1
E/TrafficStats( 1673): [QCTMM]tryAll index=2
D/DATA    ( 1860): sentSinceLastRecv=0,watchdogTrigger=10,maxindex=0
D/UDP-TIMING(17390): 9821 0 0.265061000
D/UDP-TIMING(17390): 9822 0 0.262392000
D/UDP-TIMING(17390): 9823 0 0.259699000
D/UDP-TIMING(17390): 9824 0 0.257043000
D/UDP-TIMING(17390): 9825 0 0.254389000
D/UDP-TIMING(17390): 9826 0 0.251731000
D/UDP-TIMING(17390): 9827 0 0.249113000
D/UDP-TIMING(17390): 9828 0 0.246415000
D/UDP-TIMING(17390): 9829 0 0.243684000
D/UDP-TIMING(17390): 9830 0 0.240981000
D/UDP-TIMING(17390): 9831 0 0.238348000
D/UDP-TIMING(17390): 9832 0 0.264897000
D/UDP-TIMING(17390): 9833 0 0.262245000
D/UDP-TIMING(17390): 9834 0 0.259593000
D/UDP-TIMING(17390): 9835 0 0.256939000
D/UDP-TIMING(17390): 9836 0 0.254281000
D/UDP-TIMING(17390): 9837 0 0.251660000
D/UDP-TIMING(17390): 9838 0 0.248980000
D/UDP-TIMING(17390): 9839 0 0.246328000
D/UDP-TIMING(17390): 9840 0 0.243632000
D/UDP-TIMING(17390): 9841 0 0.240928000
D/UDP-TIMING(17390): 9842 0 0.238237000
D/UDP-TIMING(17390): 9843 0 0.265821000
D/UDP-TIMING(17390): 9844 0 0.263163000
D/UDP-TIMING(17390): 9845 0 0.260512000
D/UDP-TIMING(17390): 9846 0 0.257892000
D/UDP-TIMING(17390): 9847 0 0.255191000
D/UDP-TIMING(17390): 9848 0 0.252488000
D/UDP-TIMING(17390): 9849 0 0.249752000
D/UDP-TIMING(17390): 9850 0 0.247053000
D/UDP-TIMING(17390): 9851 0 0.244383000
D/UDP-TIMING(17390): 9852 0 0.241676000
D/UDP-TIMING(17390): 9853 0 0.268678000
D/UDP-TIMING(17390): 9854 0 0.266038000
D/UDP-TIMING(17390): 9855 0 0.263386000
D/UDP-TIMING(17390): 9856 0 0.260777000
D/UDP-TIMING(17390): 9857 0 0.258114000
D/UDP-TIMING(17390): 9858 0 0.255500000
D/UDP-TIMING(17390): 9859 0 0.252906000
D/UDP-TIMING(17390): 9860 0 0.250329000
D/UDP-TIMING(17390): 9861 0 0.247699000
D/UDP-TIMING(17390): 9862 0 0.245024000
D/UDP-TIMING(17390): 9863 0 0.242393000
D/UDP-TIMING(17390): 9864 0 0.239789000
D/UDP-TIMING(17390): 9865 0 0.237169000
D/UDP-TIMING(17390): 9866 0 0.265036000
D/UDP-TIMING(17390): 9867 0 0.262414000
D/UDP-TIMING(17390): 9868 0 0.259793000
D/UDP-TIMING(17390): 9869 0 0.257204000
D/UDP-TIMING(17390): 9870 0 0.254577000
D/UDP-TIMING(17390): 9871 0 0.251953000
D/UDP-TIMING(17390): 9872 0 0.249323000
D/UDP-TIMING(17390): 9873 0 0.246698000
D/UDP-TIMING(17390): 9874 0 0.244103000
D/UDP-TIMING(17390): 9875 0 0.241476000
D/UDP-TIMING(17390): 9876 0 0.238851000
D/UDP-TIMING(17390): 9877 0 0.265522000
D/UDP-TIMING(17390): 9878 0 0.262892000
D/UDP-TIMING(17390): 9879 0 0.260298000
D/UDP-TIMING(17390): 9880 0 0.257707000
D/UDP-TIMING(17390): 9881 0 0.255085000
D/UDP-TIMING(17390): 9882 0 0.252460000
D/UDP-TIMING(17390): 9883 0 0.249842000
D/UDP-TIMING(17390): 9884 0 0.247249000
D/UDP-TIMING(17390): 9885 0 0.244657000
D/UDP-TIMING(17390): 9886 0 0.242045000
D/UDP-TIMING(17390): 9887 0 0.239372000
D/UDP-TIMING(17390): 9888 0 0.236755000
D/UDP-TIMING(17390): 9889 0 0.264808000
D/UDP-TIMING(17390): 9890 0 0.262114000
D/UDP-TIMING(17390): 9891 0 0.259397000
D/UDP-TIMING(17390): 9892 0 0.256771000
D/UDP-TIMING(17390): 9893 0 0.254169000
D/UDP-TIMING(17390): 9894 0 0.251497000
D/UDP-TIMING(17390): 9895 0 0.248883000
D/UDP-TIMING(17390): 9896 0 0.246260000
D/UDP-TIMING(17390): 9897 0 0.243531000
D/UDP-TIMING(17390): 9898 0 0.240542000
D/UDP-TIMING(17390): 9899 0 0.259877000
D/UDP-TIMING(17390): 9900 0 0.257261000
D/UDP-TIMING(17390): 9901 0 0.254641000
D/UDP-TIMING(17390): 9902 0 0.252009000
D/UDP-TIMING(17390): 9903 0 0.249375000
D/UDP-TIMING(17390): 9904 0 0.246708000
D/UDP-TIMING(17390): 9905 0 0.244038000
D/UDP-TIMING(17390): 9906 0 0.241369000
D/UDP-TIMING(17390): 9907 0 0.238704000
D/UDP-TIMING(17390): 9908 0 0.237106000
D/UDP-TIMING(17390): 9909 0 0.263675000
D/UDP-TIMING(17390): 9910 0 0.261002000
D/UDP-TIMING(17390): 9911 0 0.258408000
D/UDP-TIMING(17390): 9912 0 0.255748000
D/UDP-TIMING(17390): 9913 0 0.253084000
D/UDP-TIMING(17390): 9914 0 0.250374000
D/UDP-TIMING(17390): 9915 0 0.247764000
D/UDP-TIMING(17390): 9916 0 0.245144000
D/UDP-TIMING(17390): 9917 0 0.242490000
D/UDP-TIMING(17390): 9918 0 0.239868000
D/UDP-TIMING(17390): 9919 0 0.237270000
E/TrafficStats( 1673): [QCTMM]tryAll index=0
E/TrafficStats( 1673): [QCTMM]tryAll index=1
E/TrafficStats( 1673): [QCTMM]tryAll index=2
E/TrafficStats( 1673): [QCTMM]tryAll index=0
E/TrafficStats( 1673): [QCTMM]tryAll index=1
E/TrafficStats( 1673): [QCTMM]tryAll index=2
D/DATA    ( 1860): sentSinceLastRecv=0,watchdogTrigger=10,maxindex=0
D/UDP-TIMING(17390): 9920 0 0.264695000
D/UDP-TIMING(17390): 9921 0 0.262103000
D/UDP-TIMING(17390): 9922 0 0.259490000
D/UDP-TIMING(17390): 9923 0 0.256870000
D/UDP-TIMING(17390): 9924 0 0.254192000
D/UDP-TIMING(17390): 9925 0 0.251513000
D/UDP-TIMING(17390): 9926 0 0.248874000
D/UDP-TIMING(17390): 9927 0 0.246200000
D/UDP-TIMING(17390): 9928 0 0.243513000
D/UDP-TIMING(17390): 9929 0 0.240831000
D/UDP-TIMING(17390): 9930 0 0.238139000
D/UDP-TIMING(17390): 9931 0 0.265311000
D/UDP-TIMING(17390): 9932 0 0.262722000
D/UDP-TIMING(17390): 9933 0 0.260016000
D/UDP-TIMING(17390): 9934 0 0.257366000
D/UDP-TIMING(17390): 9935 0 0.254741000
D/UDP-TIMING(17390): 9936 0 0.252143000
D/UDP-TIMING(17390): 9937 0 0.249528000
D/UDP-TIMING(17390): 9938 0 0.246897000
D/UDP-TIMING(17390): 9939 0 0.244282000
D/UDP-TIMING(17390): 9940 0 0.241646000
D/UDP-TIMING(17390): 9941 0 0.239017000
D/UDP-TIMING(17390): 9942 0 0.266448000
D/UDP-TIMING(17390): 9943 0 0.263816000
D/UDP-TIMING(17390): 9944 0 0.261217000
D/UDP-TIMING(17390): 9945 0 0.258636000
D/UDP-TIMING(17390): 9946 0 0.256010000
D/UDP-TIMING(17390): 9947 0 0.253334000
D/UDP-TIMING(17390): 9948 0 0.250708000
D/UDP-TIMING(17390): 9949 0 0.248037000
D/UDP-TIMING(17390): 9950 0 0.245383000
D/UDP-TIMING(17390): 9951 0 0.242759000
D/UDP-TIMING(17390): 9952 0 0.240101000
D/UDP-TIMING(17390): 9953 0 0.237496000
D/UDP-TIMING(17390): 9954 0 0.264682000
D/UDP-TIMING(17390): 9955 0 0.262059000
D/UDP-TIMING(17390): 9956 0 0.259438000
D/UDP-TIMING(17390): 9957 0 0.256810000
D/UDP-TIMING(17390): 9958 0 0.254140000
D/UDP-TIMING(17390): 9959 0 0.251515000
D/UDP-TIMING(17390): 9960 0 0.248855000
D/UDP-TIMING(17390): 9961 0 0.246174000
D/UDP-TIMING(17390): 9962 0 0.243496000
D/UDP-TIMING(17390): 9963 0 0.240811000
D/UDP-TIMING(17390): 9964 0 0.238130000
D/UDP-TIMING(17390): 9965 0 0.265144000
D/UDP-TIMING(17390): 9966 0 0.262489000
D/UDP-TIMING(17390): 9967 0 0.259811000
D/UDP-TIMING(17390): 9968 0 0.257128000
D/UDP-TIMING(17390): 9969 0 0.254447000
D/UDP-TIMING(17390): 9970 0 0.251768000
D/UDP-TIMING(17390): 9971 0 0.249119000
D/UDP-TIMING(17390): 9972 0 0.246438000
D/UDP-TIMING(17390): 9973 0 0.243758000
D/UDP-TIMING(17390): 9974 0 0.241078000
D/UDP-TIMING(17390): 9975 0 0.238386000
D/UDP-TIMING(17390): 9976 0 0.265763000
D/UDP-TIMING(17390): 9977 0 0.263079000
D/UDP-TIMING(17390): 9978 0 0.260397000
D/UDP-TIMING(17390): 9979 0 0.257763000
D/UDP-TIMING(17390): 9980 0 0.255079000
D/UDP-TIMING(17390): 9981 0 0.252430000
D/UDP-TIMING(17390): 9982 0 0.249738000
D/UDP-TIMING(17390): 9983 0 0.247093000
D/UDP-TIMING(17390): 9984 0 0.244460000
D/UDP-TIMING(17390): 9985 0 0.241781000
D/UDP-TIMING(17390): 9986 0 0.239133000
D/UDP-TIMING(17390): 9987 0 0.236478000
D/UDP-TIMING(17390): 9988 0 0.263934000
D/UDP-TIMING(17390): 9989 0 0.261339000
D/UDP-TIMING(17390): 9990 0 0.258738000
D/UDP-TIMING(17390): 9991 0 0.256137000
D/UDP-TIMING(17390): 9992 0 0.253558000
D/UDP-TIMING(17390): 9993 0 0.250935000
D/UDP-TIMING(17390): 9994 0 0.248307000
D/UDP-TIMING(17390): 9995 0 0.245698000
D/UDP-TIMING(17390): 9996 0 0.243080000
D/UDP-TIMING(17390): 9997 0 0.240476000
D/UDP-TIMING(17390): 9998 0 0.237881000
D/UDP-TIMING(17390): 9999 0 0.250851000
E/TrafficStats( 1673): [QCTMM]tryAll index=0
E/TrafficStats( 1673): [QCTMM]tryAll index=1
E/TrafficStats( 1673): [QCTMM]tryAll index=2
E/TrafficStats( 1673): [QCTMM]tryAll index=0
E/TrafficStats( 1673): [QCTMM]tryAll index=1
E/TrafficStats( 1673): [QCTMM]tryAll index=2
D/DATA    ( 1860): sentSinceLastRecv=0,watchdogTrigger=10,maxindex=0
E/TrafficStats( 1673): [QCTMM]tryAll index=0
E/TrafficStats( 1673): [QCTMM]tryAll index=1
E/TrafficStats( 1673): [QCTMM]tryAll index=2
E/TrafficStats( 1673): [QCTMM]tryAll index=0
E/TrafficStats( 1673): [QCTMM]tryAll index=1
E/TrafficStats( 1673): [QCTMM]tryAll index=2
D/DATA    ( 1860): sentSinceLastRecv=0,watchdogTrigger=10,maxindex=0
E/TrafficStats( 1673): [QCTMM]tryAll index=0
E/TrafficStats( 1673): [QCTMM]tryAll index=1
E/TrafficStats( 1673): [QCTMM]tryAll index=2
E/TrafficStats( 1673): [QCTMM]tryAll index=0
E/TrafficStats( 1673): [QCTMM]tryAll index=1
E/TrafficStats( 1673): [QCTMM]tryAll index=2
D/DATA    ( 1860): sentSinceLastRecv=0,watchdogTrigger=10,maxindex=0
D/StatusBarPolicy( 1816): iconIndex=1
V/StatusBarPolicy( 1816): cdmaLevel:3;max:4
D/StatusBarPolicy( 1816): iconLevel:3
I/PhoneInfo( 2188): getCdmaLevel - cdmaDbm: -71 cdmaEcio:-90
I/PhoneInfo( 2188): getEvdoLevel - evdoDbm: -120 evdoSnr:-1 evdoEcio:-1
I/PhoneInfo( 2188): getLteLevel - lteRsrp: -1 lteCqi:-1
E/TrafficStats(16531): [QCTMM]tryAll index=0
E/TrafficStats(16531): [QCTMM]tryAll index=1
E/TrafficStats(16531): [QCTMM]tryAll index=2
E/TrafficStats(16531): [QCTMM]tryAll index=0
E/TrafficStats(16531): [QCTMM]tryAll index=1
E/TrafficStats(16531): [QCTMM]tryAll index=2
E/TrafficStats(16531): [QCTMM]tryAll index=0
E/TrafficStats(16531): [QCTMM]tryAll index=1
E/TrafficStats(16531): [QCTMM]tryAll index=2
E/TrafficStats(16531): [QCTMM]tryAll index=0
E/TrafficStats(16531): [QCTMM]tryAll index=1
E/TrafficStats(16531): [QCTMM]tryAll index=2
D/Database(16531): dbopen(): path = /data/data/com.onavo.android.onavoid/databases/ui_events, flag = 6, file size = 14059520
D/Database(16531): dbopen(): path = /data/data/com.onavo.android.onavoid/databases/ui_events, mode: wal, disk free size: 2000 M, handle: 0x37d3a8
E/TrafficStats( 1673): [QCTMM]tryAll index=0
E/TrafficStats( 1673): [QCTMM]tryAll index=1
E/TrafficStats( 1673): [QCTMM]tryAll index=2
E/TrafficStats( 1673): [QCTMM]tryAll index=0
E/TrafficStats( 1673): [QCTMM]tryAll index=1
E/TrafficStats( 1673): [QCTMM]tryAll index=2
D/DATA    ( 1860): sentSinceLastRecv=0,watchdogTrigger=10,maxindex=0
D/Database(16531): dbclose(): path = /data/data/com.onavo.android.onavoid/databases/ui_events, handle = 0x37d3a8
E/TrafficStats( 1673): [QCTMM]tryAll index=0
E/TrafficStats( 1673): [QCTMM]tryAll index=1
E/TrafficStats( 1673): [QCTMM]tryAll index=2
E/TrafficStats( 1673): [QCTMM]tryAll index=0
E/TrafficStats( 1673): [QCTMM]tryAll index=1
E/TrafficStats( 1673): [QCTMM]tryAll index=2
D/DATA    ( 1860): sentSinceLastRecv=0,watchdogTrigger=10,maxindex=0
V/DeviceStorageMonitorService( 1673): freeMemory=2097799168
D/DeviceStorageMonitorService( 1673): OoO SMS Memory available. SMS_AVAILABLE_THRESHOLD == 524288
I/DeviceStorageMonitorService( 1673): Posting Message again
E/TrafficStats( 1673): [QCTMM]tryAll index=0
E/TrafficStats( 1673): [QCTMM]tryAll index=1
E/TrafficStats( 1673): [QCTMM]tryAll index=2
E/TrafficStats( 1673): [QCTMM]tryAll index=0
E/TrafficStats( 1673): [QCTMM]tryAll index=1
E/TrafficStats( 1673): [QCTMM]tryAll index=2
D/DATA    ( 1860): sentSinceLastRecv=0,watchdogTrigger=10,maxindex=0
E/TrafficStats( 1673): [QCTMM]tryAll index=0
E/TrafficStats( 1673): [QCTMM]tryAll index=1
E/TrafficStats( 1673): [QCTMM]tryAll index=2
E/TrafficStats( 1673): [QCTMM]tryAll index=0
E/TrafficStats( 1673): [QCTMM]tryAll index=1
E/TrafficStats( 1673): [QCTMM]tryAll index=2
D/DATA    ( 1860): sentSinceLastRecv=0,watchdogTrigger=10,maxindex=0
E/TrafficStats( 1673): [QCTMM]tryAll index=0
E/TrafficStats( 1673): [QCTMM]tryAll index=1
E/TrafficStats( 1673): [QCTMM]tryAll index=2
E/TrafficStats( 1673): [QCTMM]tryAll index=0
E/TrafficStats( 1673): [QCTMM]tryAll index=1
E/TrafficStats( 1673): [QCTMM]tryAll index=2
D/DATA    ( 1860): sentSinceLastRecv=0,watchdogTrigger=10,maxindex=0
E/TrafficStats( 1673): [QCTMM]tryAll index=0
E/TrafficStats( 1673): [QCTMM]tryAll index=1
E/TrafficStats( 1673): [QCTMM]tryAll index=2
E/TrafficStats( 1673): [QCTMM]tryAll index=0
E/TrafficStats( 1673): [QCTMM]tryAll index=1
E/TrafficStats( 1673): [QCTMM]tryAll index=2
D/DATA    ( 1860): sentSinceLastRecv=0,watchdogTrigger=10,maxindex=0
E/TrafficStats(16531): [QCTMM]tryAll index=0
E/TrafficStats(16531): [QCTMM]tryAll index=1
E/TrafficStats(16531): [QCTMM]tryAll index=2
E/TrafficStats(16531): [QCTMM]tryAll index=0
E/TrafficStats(16531): [QCTMM]tryAll index=1
E/TrafficStats(16531): [QCTMM]tryAll index=2
E/TrafficStats(16531): [QCTMM]tryAll index=0
E/TrafficStats(16531): [QCTMM]tryAll index=1
E/TrafficStats(16531): [QCTMM]tryAll index=2
E/TrafficStats(16531): [QCTMM]tryAll index=0
E/TrafficStats(16531): [QCTMM]tryAll index=1
E/TrafficStats(16531): [QCTMM]tryAll index=2
D/dalvikvm(16531): GC_CONCURRENT freed 447K, 52% free 3355K/6855K, external 0K/0K, paused 8ms+2ms
E/TrafficStats( 1673): [QCTMM]tryAll index=0
E/TrafficStats( 1673): [QCTMM]tryAll index=1
E/TrafficStats( 1673): [QCTMM]tryAll index=2
E/TrafficStats( 1673): [QCTMM]tryAll index=0
E/TrafficStats( 1673): [QCTMM]tryAll index=1
E/TrafficStats( 1673): [QCTMM]tryAll index=2
D/DATA    ( 1860): sentSinceLastRecv=0,watchdogTrigger=10,maxindex=0
E/TrafficStats( 1673): [QCTMM]tryAll index=0
E/TrafficStats( 1673): [QCTMM]tryAll index=1
E/TrafficStats( 1673): [QCTMM]tryAll index=2
E/TrafficStats( 1673): [QCTMM]tryAll index=0
E/TrafficStats( 1673): [QCTMM]tryAll index=1
E/TrafficStats( 1673): [QCTMM]tryAll index=2
D/DATA    ( 1860): sentSinceLastRecv=0,watchdogTrigger=10,maxindex=0
D/StatusBarPolicy( 1816): iconIndex=1
V/StatusBarPolicy( 1816): cdmaLevel:4;max:4
D/StatusBarPolicy( 1816): iconLevel:4
I/PhoneInfo( 2188): getCdmaLevel - cdmaDbm: -72 cdmaEcio:-70
I/PhoneInfo( 2188): getEvdoLevel - evdoDbm: -120 evdoSnr:-1 evdoEcio:-1
I/PhoneInfo( 2188): getLteLevel - lteRsrp: -1 lteCqi:-1
E/TrafficStats( 1673): [QCTMM]tryAll index=0
E/TrafficStats( 1673): [QCTMM]tryAll index=1
E/TrafficStats( 1673): [QCTMM]tryAll index=2
E/TrafficStats( 1673): [QCTMM]tryAll index=0
E/TrafficStats( 1673): [QCTMM]tryAll index=1
E/TrafficStats( 1673): [QCTMM]tryAll index=2
D/DATA    ( 1860): sentSinceLastRecv=0,watchdogTrigger=10,maxindex=0
E/TrafficStats( 1673): [QCTMM]tryAll index=0
E/TrafficStats( 1673): [QCTMM]tryAll index=1
E/TrafficStats( 1673): [QCTMM]tryAll index=2
E/TrafficStats( 1673): [QCTMM]tryAll index=0
E/TrafficStats( 1673): [QCTMM]tryAll index=1
E/TrafficStats( 1673): [QCTMM]tryAll index=2
D/DATA    ( 1860): sentSinceLastRecv=0,watchdogTrigger=10,maxindex=0
E/TrafficStats( 1673): [QCTMM]tryAll index=0
E/TrafficStats( 1673): [QCTMM]tryAll index=1
E/TrafficStats( 1673): [QCTMM]tryAll index=2
E/TrafficStats( 1673): [QCTMM]tryAll index=0
E/TrafficStats( 1673): [QCTMM]tryAll index=1
E/TrafficStats( 1673): [QCTMM]tryAll index=2
D/DATA    ( 1860): sentSinceLastRecv=0,watchdogTrigger=10,maxindex=0
E/TrafficStats(16531): [QCTMM]tryAll index=0
E/TrafficStats(16531): [QCTMM]tryAll index=1
E/TrafficStats(16531): [QCTMM]tryAll index=2
E/TrafficStats(16531): [QCTMM]tryAll index=0
E/TrafficStats(16531): [QCTMM]tryAll index=1
E/TrafficStats(16531): [QCTMM]tryAll index=2
E/TrafficStats(16531): [QCTMM]tryAll index=0
E/TrafficStats(16531): [QCTMM]tryAll index=1
E/TrafficStats(16531): [QCTMM]tryAll index=2
E/TrafficStats(16531): [QCTMM]tryAll index=0
E/TrafficStats(16531): [QCTMM]tryAll index=1
E/TrafficStats(16531): [QCTMM]tryAll index=2
E/TrafficStats( 1673): [QCTMM]tryAll index=0
E/TrafficStats( 1673): [QCTMM]tryAll index=1
E/TrafficStats( 1673): [QCTMM]tryAll index=2
E/TrafficStats( 1673): [QCTMM]tryAll index=0
E/TrafficStats( 1673): [QCTMM]tryAll index=1
E/TrafficStats( 1673): [QCTMM]tryAll index=2
D/DATA    ( 1860): [QCTMM] DataNetStatistics sent == 0 && received == 0 newActivity=NONE
D/DATA    ( 1860): [PhoneNotifier] notifyDataActivityLTE
D/DATA    ( 1860): [QCTMM] DataNetStatistics mIsScreenOn newActivity=NONE
D/DATA    ( 1860): sentSinceLastRecv=0,watchdogTrigger=10,maxindex=0
D/StatusBarPolicy( 1816): hasService()=true ,mDataState=2 ,mPhone.htcModemLinkOn()=false ,mDataActivity=0
D/StatusBarPolicy( 1816): slotType[0]=RUIM
D/Database(16531): dbopen(): path = /data/data/com.onavo.android.onavoid/databases/ui_events, flag = 6, file size = 14059520
D/Database(16531): dbopen(): path = /data/data/com.onavo.android.onavoid/databases/ui_events, mode: wal, disk free size: 2000 M, handle: 0x37d3a8
D/Database(16531): dbclose(): path = /data/data/com.onavo.android.onavoid/databases/ui_events, handle = 0x37d3a8
E/TrafficStats( 1673): [QCTMM]tryAll index=0
E/TrafficStats( 1673): [QCTMM]tryAll index=1
E/TrafficStats( 1673): [QCTMM]tryAll index=2
E/TrafficStats( 1673): [QCTMM]tryAll index=0
E/TrafficStats( 1673): [QCTMM]tryAll index=1
E/TrafficStats( 1673): [QCTMM]tryAll index=2
D/DATA    ( 1860): [QCTMM] DataNetStatistics sent == 0 && received == 0 newActivity=NONE
D/DATA    ( 1860): sentSinceLastRecv=0,watchdogTrigger=10,maxindex=0
E/TrafficStats( 1673): [QCTMM]tryAll index=0
E/TrafficStats( 1673): [QCTMM]tryAll index=1
E/TrafficStats( 1673): [QCTMM]tryAll index=2
E/TrafficStats( 1673): [QCTMM]tryAll index=0
E/TrafficStats( 1673): [QCTMM]tryAll index=1
E/TrafficStats( 1673): [QCTMM]tryAll index=2
D/DATA    ( 1860): [QCTMM] DataNetStatistics sent == 0 && received == 0 newActivity=NONE
D/DATA    ( 1860): sentSinceLastRecv=0,watchdogTrigger=10,maxindex=0
E/TrafficStats( 1673): [QCTMM]tryAll index=0
E/TrafficStats( 1673): [QCTMM]tryAll index=1
E/TrafficStats( 1673): [QCTMM]tryAll index=2
E/TrafficStats( 1673): [QCTMM]tryAll index=0
E/TrafficStats( 1673): [QCTMM]tryAll index=1
E/TrafficStats( 1673): [QCTMM]tryAll index=2
D/DATA    ( 1860): [QCTMM] DataNetStatistics sent == 0 && received == 0 newActivity=NONE
D/DATA    ( 1860): sentSinceLastRecv=0,watchdogTrigger=10,maxindex=0
D/StatusBarPolicy( 1816): iconIndex=1
V/StatusBarPolicy( 1816): cdmaLevel:3;max:4
D/StatusBarPolicy( 1816): iconLevel:3
I/PhoneInfo( 2188): getCdmaLevel - cdmaDbm: -72 cdmaEcio:-100
I/PhoneInfo( 2188): getEvdoLevel - evdoDbm: -120 evdoSnr:-1 evdoEcio:-1
I/PhoneInfo( 2188): getLteLevel - lteRsrp: -1 lteCqi:-1
E/TrafficStats( 1673): [QCTMM]tryAll index=0
E/TrafficStats( 1673): [QCTMM]tryAll index=1
E/TrafficStats( 1673): [QCTMM]tryAll index=2
E/TrafficStats( 1673): [QCTMM]tryAll index=0
E/TrafficStats( 1673): [QCTMM]tryAll index=1
E/TrafficStats( 1673): [QCTMM]tryAll index=2
D/DATA    ( 1860): [QCTMM] DataNetStatistics sent == 0 && received == 0 newActivity=NONE
D/DATA    ( 1860): sentSinceLastRecv=0,watchdogTrigger=10,maxindex=0
E/TrafficStats( 1673): [QCTMM]tryAll index=0
E/TrafficStats( 1673): [QCTMM]tryAll index=1
E/TrafficStats( 1673): [QCTMM]tryAll index=2
E/TrafficStats( 1673): [QCTMM]tryAll index=0
E/TrafficStats( 1673): [QCTMM]tryAll index=1
E/TrafficStats( 1673): [QCTMM]tryAll index=2
D/DATA    ( 1860): [QCTMM] DataNetStatistics sent == 0 && received == 0 newActivity=NONE
D/DATA    ( 1860): sentSinceLastRecv=0,watchdogTrigger=10,maxindex=0
E/TrafficStats(16531): [QCTMM]tryAll index=0
E/TrafficStats(16531): [QCTMM]tryAll index=1
E/TrafficStats(16531): [QCTMM]tryAll index=2
E/TrafficStats(16531): [QCTMM]tryAll index=0
E/TrafficStats(16531): [QCTMM]tryAll index=1
E/TrafficStats(16531): [QCTMM]tryAll index=2
E/TrafficStats(16531): [QCTMM]tryAll index=0
E/TrafficStats(16531): [QCTMM]tryAll index=1
E/TrafficStats(16531): [QCTMM]tryAll index=2
E/TrafficStats(16531): [QCTMM]tryAll index=0
E/TrafficStats(16531): [QCTMM]tryAll index=1
E/TrafficStats(16531): [QCTMM]tryAll index=2
E/TrafficStats( 1673): [QCTMM]tryAll index=0
E/TrafficStats( 1673): [QCTMM]tryAll index=1
E/TrafficStats( 1673): [QCTMM]tryAll index=2
E/TrafficStats( 1673): [QCTMM]tryAll index=0
E/TrafficStats( 1673): [QCTMM]tryAll index=1
