D/Database(16531): dbopen(): path = /data/data/com.onavo.android.onavoid/databases/ui_events, mode: wal, disk free size: 2000 M, handle: 0x37d3a8
D/UDP-TIMING(17390): 720 0 0.260264000
D/UDP-TIMING(17390): 721 0 0.255131000
D/UDP-TIMING(17390): 722 0 0.249954000
D/UDP-TIMING(17390): 723 0 0.244773000
D/UDP-TIMING(17390): 724 0 0.239596000
D/Database(16531): dbclose(): path = /data/data/com.onavo.android.onavoid/databases/ui_events, handle = 0x37d3a8
D/UDP-TIMING(17390): 725 0 0.264599000
D/UDP-TIMING(17390): 726 0 0.259416000
D/UDP-TIMING(17390): 727 0 0.254291000
D/UDP-TIMING(17390): 728 0 0.249130000
D/UDP-TIMING(17390): 729 0 0.243990000
D/UDP-TIMING(17390): 730 0 0.238871000
D/UDP-TIMING(17390): 731 0 0.263559000
D/UDP-TIMING(17390): 732 0 0.258377000
D/UDP-TIMING(17390): 733 0 0.253238000
D/UDP-TIMING(17390): 734 0 0.248051000
D/UDP-TIMING(17390): 735 0 0.242873000
D/UDP-TIMING(17390): 736 0 0.268122000
D/UDP-TIMING(17390): 737 0 0.262938000
D/UDP-TIMING(17390): 738 0 0.257793000
D/UDP-TIMING(17390): 739 0 0.252618000
D/UDP-TIMING(17390): 740 0 0.247354000
D/UDP-TIMING(17390): 741 0 0.242178000
D/UDP-TIMING(17390): 742 0 0.237062000
D/UDP-TIMING(17390): 743 0 0.261881000
D/UDP-TIMING(17390): 744 0 0.256735000
D/UDP-TIMING(17390): 745 0 0.251560000
D/UDP-TIMING(17390): 746 0 0.246381000
D/UDP-TIMING(17390): 747 0 0.241214000
D/UDP-TIMING(17390): 748 0 0.266501000
D/UDP-TIMING(17390): 749 0 0.261388000
D/UDP-TIMING(17390): 750 0 0.256322000
D/UDP-TIMING(17390): 751 0 0.251143000
D/UDP-TIMING(17390): 752 0 0.245962000
D/UDP-TIMING(17390): 753 0 0.240742000
D/UDP-TIMING(17390): 754 0 0.235622000
D/UDP-TIMING(17390): 755 0 0.260322000
D/UDP-TIMING(17390): 756 0 0.255199000
D/UDP-TIMING(17390): 757 0 0.250020000
D/UDP-TIMING(17390): 758 0 0.244846000
D/UDP-TIMING(17390): 759 0 0.239672000
D/UDP-TIMING(17390): 760 0 0.264305000
D/UDP-TIMING(17390): 761 0 0.259117000
D/UDP-TIMING(17390): 762 0 0.253961000
D/UDP-TIMING(17390): 763 0 0.248782000
D/UDP-TIMING(17390): 764 0 0.243603000
D/UDP-TIMING(17390): 765 0 0.238460000
D/UDP-TIMING(17390): 766 0 0.263448000
D/UDP-TIMING(17390): 767 0 0.258276000
D/UDP-TIMING(17390): 768 0 0.253106000
D/UDP-TIMING(17390): 769 0 0.247939000
D/UDP-TIMING(17390): 770 0 0.242805000
D/UDP-TIMING(17390): 771 0 0.237611000
D/UDP-TIMING(17390): 772 0 0.262088000
D/UDP-TIMING(17390): 773 0 0.256959000
D/UDP-TIMING(17390): 774 0 0.251808000
D/UDP-TIMING(17390): 775 0 0.246624000
D/UDP-TIMING(17390): 776 0 0.241489000
D/UDP-TIMING(17390): 777 0 0.236307000
D/UDP-TIMING(17390): 778 0 0.261403000
D/UDP-TIMING(17390): 779 0 0.256285000
D/UDP-TIMING(17390): 780 0 0.251109000
D/UDP-TIMING(17390): 781 0 0.245933000
D/UDP-TIMING(17390): 782 0 0.240758000
D/UDP-TIMING(17390): 783 0 0.235609000
D/UDP-TIMING(17390): 784 0 0.260169000
D/UDP-TIMING(17390): 785 0 0.254995000
D/UDP-TIMING(17390): 786 0 0.249828000
D/UDP-TIMING(17390): 787 0 0.244691000
D/UDP-TIMING(17390): 788 0 0.239521000
D/UDP-TIMING(17390): 789 0 0.264691000
D/UDP-TIMING(17390): 790 0 0.259577000
D/UDP-TIMING(17390): 791 0 0.254417000
D/UDP-TIMING(17390): 792 0 0.249238000
D/UDP-TIMING(17390): 793 0 0.244057000
D/UDP-TIMING(17390): 794 0 0.238879000
D/UDP-TIMING(17390): 795 0 0.263355000
D/UDP-TIMING(17390): 796 0 0.258194000
D/UDP-TIMING(17390): 797 0 0.253012000
D/UDP-TIMING(17390): 798 0 0.247834000
D/UDP-TIMING(17390): 799 0 0.242682000
D/UDP-TIMING(17390): 800 0 0.237488000
D/UDP-TIMING(17390): 801 0 0.262523000
D/UDP-TIMING(17390): 802 0 0.257345000
D/UDP-TIMING(17390): 803 0 0.252193000
D/UDP-TIMING(17390): 804 0 0.247025000
D/UDP-TIMING(17390): 805 0 0.241828000
D/UDP-TIMING(17390): 806 0 0.236646000
D/UDP-TIMING(17390): 807 0 0.261047000
D/UDP-TIMING(17390): 808 0 0.242282000
D/UDP-TIMING(17390): 809 0 0.238178000
D/UDP-TIMING(17390): 810 0 0.250987000
D/UDP-TIMING(17390): 811 0 0.245875000
D/UDP-TIMING(17390): 812 0 0.240728000
D/UDP-TIMING(17390): 813 0 0.235548000
D/UDP-TIMING(17390): 814 0 0.260153000
D/UDP-TIMING(17390): 815 0 0.254975000
D/UDP-TIMING(17390): 816 0 0.249877000
D/UDP-TIMING(17390): 817 0 0.244702000
D/UDP-TIMING(17390): 818 0 0.239521000
E/TrafficStats( 1673): [QCTMM]tryAll index=0
E/TrafficStats( 1673): [QCTMM]tryAll index=1
E/TrafficStats( 1673): [QCTMM]tryAll index=2
E/TrafficStats( 1673): [QCTMM]tryAll index=0
E/TrafficStats( 1673): [QCTMM]tryAll index=1
E/TrafficStats( 1673): [QCTMM]tryAll index=2
D/DATA    ( 1860): sentSinceLastRecv=0,watchdogTrigger=10,maxindex=0
D/UDP-TIMING(17390): 819 0 0.264961000
D/UDP-TIMING(17390): 820 0 0.259787000
D/UDP-TIMING(17390): 821 0 0.254610000
D/UDP-TIMING(17390): 822 0 0.249430000
D/UDP-TIMING(17390): 823 0 0.244256000
D/UDP-TIMING(17390): 824 0 0.239119000
D/UDP-TIMING(17390): 825 0 0.263251000
D/UDP-TIMING(17390): 826 0 0.258066000
D/UDP-TIMING(17390): 827 0 0.252936000
D/UDP-TIMING(17390): 828 0 0.247851000
D/UDP-TIMING(17390): 829 0 0.242754000
D/UDP-TIMING(17390): 830 0 0.237598000
D/UDP-TIMING(17390): 831 0 0.262720000
D/UDP-TIMING(17390): 832 0 0.257513000
D/UDP-TIMING(17390): 833 0 0.252335000
D/UDP-TIMING(17390): 834 0 0.247154000
D/UDP-TIMING(17390): 835 0 0.242005000
D/UDP-TIMING(17390): 836 0 0.236824000
D/UDP-TIMING(17390): 837 0 0.261306000
D/UDP-TIMING(17390): 838 0 0.256202000
D/UDP-TIMING(17390): 839 0 0.251019000
D/UDP-TIMING(17390): 840 0 0.245836000
D/UDP-TIMING(17390): 841 0 0.240655000
D/UDP-TIMING(17390): 842 0 0.265778000
D/UDP-TIMING(17390): 843 0 0.260599000
D/UDP-TIMING(17390): 844 0 0.255419000
D/UDP-TIMING(17390): 845 0 0.250252000
D/UDP-TIMING(17390): 846 0 0.245171000
D/UDP-TIMING(17390): 847 0 0.269738000
D/UDP-TIMING(17390): 848 0 0.264608000
D/UDP-TIMING(17390): 849 0 0.259447000
D/UDP-TIMING(17390): 850 0 0.254260000
D/UDP-TIMING(17390): 851 0 0.249092000
D/UDP-TIMING(17390): 852 0 0.243945000
D/UDP-TIMING(17390): 853 0 0.268701000
D/UDP-TIMING(17390): 854 0 0.263524000
D/UDP-TIMING(17390): 855 0 0.258376000
D/UDP-TIMING(17390): 856 0 0.253200000
D/UDP-TIMING(17390): 857 0 0.248023000
D/UDP-TIMING(17390): 858 0 0.242846000
D/UDP-TIMING(17390): 859 0 0.237662000
D/UDP-TIMING(17390): 860 0 0.262754000
D/UDP-TIMING(17390): 861 0 0.257480000
D/UDP-TIMING(17390): 862 0 0.252304000
D/UDP-TIMING(17390): 863 0 0.247173000
D/UDP-TIMING(17390): 864 0 0.242027000
D/UDP-TIMING(17390): 865 0 0.236852000
D/UDP-TIMING(17390): 866 0 0.261349000
D/UDP-TIMING(17390): 867 0 0.256241000
D/UDP-TIMING(17390): 868 0 0.251119000
D/UDP-TIMING(17390): 869 0 0.245948000
D/UDP-TIMING(17390): 870 0 0.240814000
D/UDP-TIMING(17390): 871 0 0.266001000
D/UDP-TIMING(17390): 872 0 0.260855000
D/UDP-TIMING(17390): 873 0 0.255765000
D/UDP-TIMING(17390): 874 0 0.250624000
D/UDP-TIMING(17390): 875 0 0.245444000
D/UDP-TIMING(17390): 876 0 0.240268000
D/UDP-TIMING(17390): 877 0 0.264723000
D/UDP-TIMING(17390): 878 0 0.259547000
D/UDP-TIMING(17390): 879 0 0.254369000
D/UDP-TIMING(17390): 880 0 0.249275000
D/UDP-TIMING(17390): 881 0 0.244099000
D/UDP-TIMING(17390): 882 0 0.238903000
D/UDP-TIMING(17390): 883 0 0.263996000
D/UDP-TIMING(17390): 884 0 0.258818000
D/UDP-TIMING(17390): 885 0 0.253643000
D/UDP-TIMING(17390): 886 0 0.248471000
D/UDP-TIMING(17390): 887 0 0.243374000
D/UDP-TIMING(17390): 888 0 0.238205000
D/UDP-TIMING(17390): 889 0 0.262996000
D/UDP-TIMING(17390): 890 0 0.257917000
D/UDP-TIMING(17390): 891 0 0.252740000
D/UDP-TIMING(17390): 892 0 0.247557000
D/UDP-TIMING(17390): 893 0 0.242370000
D/UDP-TIMING(17390): 894 0 0.267127000
D/UDP-TIMING(17390): 895 0 0.261949000
D/UDP-TIMING(17390): 896 0 0.256863000
D/UDP-TIMING(17390): 897 0 0.251687000
D/UDP-TIMING(17390): 898 0 0.276372000
D/UDP-TIMING(17390): 899 0 0.271240000
D/UDP-TIMING(17390): 900 0 0.266055000
D/UDP-TIMING(17390): 901 0 0.260871000
D/UDP-TIMING(17390): 902 0 0.255691000
D/UDP-TIMING(17390): 903 0 0.250514000
D/UDP-TIMING(17390): 904 0 0.245454000
D/UDP-TIMING(17390): 905 0 0.240192000
D/UDP-TIMING(17390): 906 0 0.265176000
D/UDP-TIMING(17390): 907 0 0.260005000
D/UDP-TIMING(17390): 908 0 0.254934000
D/UDP-TIMING(17390): 909 0 0.241239000
D/UDP-TIMING(17390): 910 0 0.237255000
D/UDP-TIMING(17390): 911 0 0.254120000
D/UDP-TIMING(17390): 912 0 0.248941000
D/UDP-TIMING(17390): 913 0 0.243761000
D/UDP-TIMING(17390): 914 0 0.238587000
D/UDP-TIMING(17390): 915 0 0.264164000
E/TrafficStats( 1673): [QCTMM]tryAll index=0
D/UDP-TIMING(17390): 916 0 0.259033000
D/UDP-TIMING(17390): 917 0 0.253887000
D/UDP-TIMING(17390): 918 0 0.248709000
D/UDP-TIMING(17390): 919 0 0.243528000
D/UDP-TIMING(17390): 920 0 0.238284000
E/TrafficStats( 1673): [QCTMM]tryAll index=1
E/TrafficStats( 1673): [QCTMM]tryAll index=2
E/TrafficStats( 1673): [QCTMM]tryAll index=0
E/TrafficStats( 1673): [QCTMM]tryAll index=1
E/TrafficStats( 1673): [QCTMM]tryAll index=2
D/DATA    ( 1860): sentSinceLastRecv=0,watchdogTrigger=10,maxindex=0
D/UDP-TIMING(17390): 921 0 0.262464000
D/UDP-TIMING(17390): 922 0 0.257286000
D/UDP-TIMING(17390): 923 0 0.252112000
D/UDP-TIMING(17390): 924 0 0.246964000
D/UDP-TIMING(17390): 925 0 0.241789000
D/UDP-TIMING(17390): 926 0 0.236622000
D/UDP-TIMING(17390): 927 0 0.261771000
D/UDP-TIMING(17390): 928 0 0.256566000
D/UDP-TIMING(17390): 929 0 0.251477000
D/UDP-TIMING(17390): 930 0 0.246262000
D/UDP-TIMING(17390): 931 0 0.241118000
D/UDP-TIMING(17390): 932 0 0.235874000
D/UDP-TIMING(17390): 933 0 0.260237000
D/UDP-TIMING(17390): 934 0 0.255091000
D/UDP-TIMING(17390): 935 0 0.249914000
D/UDP-TIMING(17390): 936 0 0.244729000
D/UDP-TIMING(17390): 937 0 0.239547000
D/UDP-TIMING(17390): 938 0 0.264367000
D/UDP-TIMING(17390): 939 0 0.259187000
D/UDP-TIMING(17390): 940 0 0.254006000
D/UDP-TIMING(17390): 941 0 0.248819000
D/UDP-TIMING(17390): 942 0 0.243675000
D/UDP-TIMING(17390): 943 0 0.238495000
D/UDP-TIMING(17390): 944 0 0.263562000
D/UDP-TIMING(17390): 945 0 0.258437000
D/UDP-TIMING(17390): 946 0 0.253294000
D/UDP-TIMING(17390): 947 0 0.248177000
D/UDP-TIMING(17390): 948 0 0.243084000
D/UDP-TIMING(17390): 949 0 0.237843000
D/UDP-TIMING(17390): 950 0 0.262688000
D/UDP-TIMING(17390): 951 0 0.257575000
D/UDP-TIMING(17390): 952 0 0.252456000
D/UDP-TIMING(17390): 953 0 0.247330000
D/UDP-TIMING(17390): 954 0 0.242185000
D/UDP-TIMING(17390): 955 0 0.237004000
D/UDP-TIMING(17390): 956 0 0.261823000
D/UDP-TIMING(17390): 957 0 0.256680000
D/UDP-TIMING(17390): 958 0 0.251574000
D/UDP-TIMING(17390): 959 0 0.246403000
D/UDP-TIMING(17390): 960 0 0.241233000
D/UDP-TIMING(17390): 961 0 0.236059000
D/UDP-TIMING(17390): 962 0 0.260604000
D/UDP-TIMING(17390): 963 0 0.255429000
D/UDP-TIMING(17390): 964 0 0.250319000
D/UDP-TIMING(17390): 965 0 0.245186000
D/UDP-TIMING(17390): 966 0 0.240060000
D/StatusBarPolicy( 1816): iconIndex=1
V/StatusBarPolicy( 1816): cdmaLevel:3;max:4
D/StatusBarPolicy( 1816): iconLevel:3
D/UDP-TIMING(17390): 967 0 0.265287000
D/UDP-TIMING(17390): 968 0 0.260224000
D/UDP-TIMING(17390): 969 0 0.255121000
D/UDP-TIMING(17390): 970 0 0.249950000
D/UDP-TIMING(17390): 971 0 0.244767000
D/UDP-TIMING(17390): 972 0 0.239604000
I/PhoneInfo( 2188): getCdmaLevel - cdmaDbm: -70 cdmaEcio:-90
I/PhoneInfo( 2188): getEvdoLevel - evdoDbm: -120 evdoSnr:-1 evdoEcio:-1
D/UDP-TIMING(17390): 973 0 0.264526000
D/UDP-TIMING(17390): 974 0 0.259399000
D/UDP-TIMING(17390): 975 0 0.254220000
D/UDP-TIMING(17390): 976 0 0.249043000
D/UDP-TIMING(17390): 977 0 0.243859000
D/UDP-TIMING(17390): 978 0 0.238675000
I/PhoneInfo( 2188): getLteLevel - lteRsrp: -1 lteCqi:-1
D/UDP-TIMING(17390): 979 0 0.262739000
D/UDP-TIMING(17390): 980 0 0.257561000
D/UDP-TIMING(17390): 981 0 0.252378000
D/UDP-TIMING(17390): 982 0 0.247203000
D/UDP-TIMING(17390): 983 0 0.242026000
D/UDP-TIMING(17390): 984 0 0.236832000
D/UDP-TIMING(17390): 985 0 0.261759000
D/UDP-TIMING(17390): 986 0 0.256632000
D/UDP-TIMING(17390): 987 0 0.251505000
D/UDP-TIMING(17390): 988 0 0.246438000
D/UDP-TIMING(17390): 989 0 0.241312000
D/UDP-TIMING(17390): 990 0 0.236137000
D/UDP-TIMING(17390): 991 0 0.261413000
D/UDP-TIMING(17390): 992 0 0.256232000
D/UDP-TIMING(17390): 993 0 0.251046000
D/UDP-TIMING(17390): 994 0 0.245893000
D/UDP-TIMING(17390): 995 0 0.240716000
D/UDP-TIMING(17390): 996 0 0.235542000
D/UDP-TIMING(17390): 997 0 0.260061000
D/UDP-TIMING(17390): 998 0 0.254987000
D/UDP-TIMING(17390): 999 0 0.249892000
D/UDP-TIMING(17390): 1000 0 0.244802000
D/UDP-TIMING(17390): 1001 0 0.239722000
D/UDP-TIMING(17390): 1002 0 0.264835000
D/UDP-TIMING(17390): 1003 0 0.259730000
D/UDP-TIMING(17390): 1004 0 0.254613000
D/UDP-TIMING(17390): 1005 0 0.249563000
D/UDP-TIMING(17390): 1006 0 0.244472000
D/UDP-TIMING(17390): 1007 0 0.239386000
D/UDP-TIMING(17390): 1008 0 0.263931000
D/UDP-TIMING(17390): 1009 0 0.258817000
D/UDP-TIMING(17390): 1010 0 0.242339000
D/UDP-TIMING(17390): 1011 0 0.238509000
D/UDP-TIMING(17390): 1012 0 0.258648000
D/UDP-TIMING(17390): 1013 0 0.253483000
D/UDP-TIMING(17390): 1014 0 0.248344000
D/UDP-TIMING(17390): 1015 0 0.243173000
D/UDP-TIMING(17390): 1016 0 0.237996000
E/TrafficStats( 1673): [QCTMM]tryAll index=0
E/TrafficStats( 1673): [QCTMM]tryAll index=1
E/TrafficStats( 1673): [QCTMM]tryAll index=2
D/UDP-TIMING(17390): 1017 0 0.262259000
D/UDP-TIMING(17390): 1018 0 0.257176000
D/UDP-TIMING(17390): 1019 0 0.251959000
D/UDP-TIMING(17390): 1020 0 0.246880000
D/UDP-TIMING(17390): 1021 0 0.241722000
E/TrafficStats( 1673): [QCTMM]tryAll index=0
E/TrafficStats( 1673): [QCTMM]tryAll index=1
E/TrafficStats( 1673): [QCTMM]tryAll index=2
D/DATA    ( 1860): sentSinceLastRecv=0,watchdogTrigger=10,maxindex=0
D/UDP-TIMING(17390): 1022 0 0.266458000
D/UDP-TIMING(17390): 1023 0 0.261280000
D/UDP-TIMING(17390): 1024 0 0.256160000
D/UDP-TIMING(17390): 1025 0 0.250991000
D/UDP-TIMING(17390): 1026 0 0.245908000
D/UDP-TIMING(17390): 1027 0 0.240825000
D/UDP-TIMING(17390): 1028 0 0.235741000
D/UDP-TIMING(17390): 1029 0 0.261067000
D/UDP-TIMING(17390): 1030 0 0.255919000
D/UDP-TIMING(17390): 1031 0 0.250736000
D/UDP-TIMING(17390): 1032 0 0.245597000
D/UDP-TIMING(17390): 1033 0 0.240473000
D/UDP-TIMING(17390): 1034 0 0.265357000
D/UDP-TIMING(17390): 1035 0 0.260264000
D/UDP-TIMING(17390): 1036 0 0.255135000
D/UDP-TIMING(17390): 1037 0 0.250008000
D/UDP-TIMING(17390): 1038 0 0.244879000
D/UDP-TIMING(17390): 1039 0 0.239767000
D/UDP-TIMING(17390): 1040 0 0.264950000
D/UDP-TIMING(17390): 1041 0 0.259868000
D/UDP-TIMING(17390): 1042 0 0.254737000
D/UDP-TIMING(17390): 1043 0 0.249619000
D/UDP-TIMING(17390): 1044 0 0.244529000
D/UDP-TIMING(17390): 1045 0 0.239417000
D/UDP-TIMING(17390): 1046 0 0.263861000
D/UDP-TIMING(17390): 1047 0 0.258741000
D/UDP-TIMING(17390): 1048 0 0.253599000
D/UDP-TIMING(17390): 1049 0 0.248464000
D/UDP-TIMING(17390): 1050 0 0.243337000
D/UDP-TIMING(17390): 1051 0 0.238243000
D/UDP-TIMING(17390): 1052 0 0.263359000
D/UDP-TIMING(17390): 1053 0 0.258138000
D/UDP-TIMING(17390): 1054 0 0.253016000
D/UDP-TIMING(17390): 1055 0 0.247882000
D/UDP-TIMING(17390): 1056 0 0.242753000
D/UDP-TIMING(17390): 1057 0 0.237664000
D/UDP-TIMING(17390): 1058 0 0.262145000
D/UDP-TIMING(17390): 1059 0 0.257061000
D/UDP-TIMING(17390): 1060 0 0.251835000
D/UDP-TIMING(17390): 1061 0 0.246752000
D/UDP-TIMING(17390): 1062 0 0.241629000
D/UDP-TIMING(17390): 1063 0 0.236513000
D/UDP-TIMING(17390): 1064 0 0.261706000
D/UDP-TIMING(17390): 1065 0 0.256638000
D/UDP-TIMING(17390): 1066 0 0.251508000
D/UDP-TIMING(17390): 1067 0 0.246416000
D/UDP-TIMING(17390): 1068 0 0.241267000
D/UDP-TIMING(17390): 1069 0 0.236122000
D/UDP-TIMING(17390): 1070 0 0.260678000
D/UDP-TIMING(17390): 1071 0 0.255523000
D/UDP-TIMING(17390): 1072 0 0.250259000
D/UDP-TIMING(17390): 1073 0 0.245048000
D/UDP-TIMING(17390): 1074 0 0.239981000
D/UDP-TIMING(17390): 1075 0 0.265136000
D/UDP-TIMING(17390): 1076 0 0.259974000
D/UDP-TIMING(17390): 1077 0 0.254811000
D/UDP-TIMING(17390): 1078 0 0.249645000
D/UDP-TIMING(17390): 1079 0 0.244510000
D/UDP-TIMING(17390): 1080 0 0.239363000
D/UDP-TIMING(17390): 1081 0 0.263960000
D/UDP-TIMING(17390): 1082 0 0.258743000
D/UDP-TIMING(17390): 1083 0 0.253584000
D/UDP-TIMING(17390): 1084 0 0.248470000
D/UDP-TIMING(17390): 1085 0 0.243206000
D/UDP-TIMING(17390): 1086 0 0.268281000
D/UDP-TIMING(17390): 1087 0 0.263152000
D/UDP-TIMING(17390): 1088 0 0.258004000
D/UDP-TIMING(17390): 1089 0 0.252877000
D/UDP-TIMING(17390): 1090 0 0.247671000
D/UDP-TIMING(17390): 1091 0 0.242560000
D/UDP-TIMING(17390): 1092 0 0.267415000
D/UDP-TIMING(17390): 1093 0 0.262139000
D/UDP-TIMING(17390): 1094 0 0.257038000
D/UDP-TIMING(17390): 1095 0 0.251923000
D/UDP-TIMING(17390): 1096 0 0.246784000
D/UDP-TIMING(17390): 1097 0 0.241659000
D/UDP-TIMING(17390): 1098 0 0.236544000
D/UDP-TIMING(17390): 1099 0 0.261468000
D/UDP-TIMING(17390): 1100 0 0.256377000
D/UDP-TIMING(17390): 1101 0 0.251269000
D/UDP-TIMING(17390): 1102 0 0.246156000
D/UDP-TIMING(17390): 1103 0 0.270686000
D/UDP-TIMING(17390): 1104 0 0.265567000
D/UDP-TIMING(17390): 1105 0 0.260489000
D/UDP-TIMING(17390): 1106 0 0.255381000
D/UDP-TIMING(17390): 1107 0 0.250155000
D/UDP-TIMING(17390): 1108 0 0.245027000
D/UDP-TIMING(17390): 1109 0 0.239872000
D/UDP-TIMING(17390): 1110 0 0.235279000
D/UDP-TIMING(17390): 1111 0 0.240317000
D/UDP-TIMING(17390): 1112 0 0.259756000
D/UDP-TIMING(17390): 1113 0 0.254567000
D/UDP-TIMING(17390): 1114 0 0.249396000
D/UDP-TIMING(17390): 1115 0 0.244225000
D/UDP-TIMING(17390): 1116 0 0.239051000
E/TrafficStats( 1673): [QCTMM]tryAll index=0
E/TrafficStats( 1673): [QCTMM]tryAll index=1
E/TrafficStats( 1673): [QCTMM]tryAll index=2
D/UDP-TIMING(17390): 1117 0 0.263871000
D/UDP-TIMING(17390): 1118 0 0.258749000
D/UDP-TIMING(17390): 1119 0 0.253627000
D/UDP-TIMING(17390): 1120 0 0.248490000
D/UDP-TIMING(17390): 1121 0 0.243319000
D/UDP-TIMING(17390): 1122 0 0.238153000
E/TrafficStats( 1673): [QCTMM]tryAll index=0
E/TrafficStats( 1673): [QCTMM]tryAll index=1
E/TrafficStats( 1673): [QCTMM]tryAll index=2
D/DATA    ( 1860): sentSinceLastRecv=0,watchdogTrigger=10,maxindex=0
D/UDP-TIMING(17390): 1123 0 0.263076000
D/UDP-TIMING(17390): 1124 0 0.257902000
D/UDP-TIMING(17390): 1125 0 0.252739000
D/UDP-TIMING(17390): 1126 0 0.247607000
D/UDP-TIMING(17390): 1127 0 0.242442000
D/UDP-TIMING(17390): 1128 0 0.237344000
D/UDP-TIMING(17390): 1129 0 0.261907000
D/UDP-TIMING(17390): 1130 0 0.256824000
D/UDP-TIMING(17390): 1131 0 0.251648000
D/UDP-TIMING(17390): 1132 0 0.246529000
D/UDP-TIMING(17390): 1133 0 0.271379000
D/UDP-TIMING(17390): 1134 0 0.266198000
D/UDP-TIMING(17390): 1135 0 0.261058000
D/UDP-TIMING(17390): 1136 0 0.255884000
D/UDP-TIMING(17390): 1137 0 0.250759000
D/UDP-TIMING(17390): 1138 0 0.245582000
D/UDP-TIMING(17390): 1139 0 0.240406000
D/UDP-TIMING(17390): 1140 0 0.265415000
D/UDP-TIMING(17390): 1141 0 0.260276000
D/UDP-TIMING(17390): 1142 0 0.255097000
D/UDP-TIMING(17390): 1143 0 0.249921000
D/UDP-TIMING(17390): 1144 0 0.244798000
D/UDP-TIMING(17390): 1145 0 0.239677000
D/UDP-TIMING(17390): 1146 0 0.264265000
D/UDP-TIMING(17390): 1147 0 0.259167000
D/UDP-TIMING(17390): 1148 0 0.254083000
D/UDP-TIMING(17390): 1149 0 0.249011000
D/UDP-TIMING(17390): 1150 0 0.243875000
D/UDP-TIMING(17390): 1151 0 0.238696000
D/UDP-TIMING(17390): 1152 0 0.263995000
D/UDP-TIMING(17390): 1153 0 0.258855000
D/UDP-TIMING(17390): 1154 0 0.253696000
D/UDP-TIMING(17390): 1155 0 0.248519000
D/UDP-TIMING(17390): 1156 0 0.243362000
D/UDP-TIMING(17390): 1157 0 0.238093000
D/UDP-TIMING(17390): 1158 0 0.262384000
D/UDP-TIMING(17390): 1159 0 0.257217000
D/UDP-TIMING(17390): 1160 0 0.252023000
D/UDP-TIMING(17390): 1161 0 0.246840000
D/UDP-TIMING(17390): 1162 0 0.241691000
D/UDP-TIMING(17390): 1163 0 0.236510000
D/UDP-TIMING(17390): 1164 0 0.261572000
D/UDP-TIMING(17390): 1165 0 0.256428000
D/UDP-TIMING(17390): 1166 0 0.251305000
D/UDP-TIMING(17390): 1167 0 0.246208000
D/UDP-TIMING(17390): 1168 0 0.241112000
D/UDP-TIMING(17390): 1169 0 0.265725000
D/UDP-TIMING(17390): 1170 0 0.260648000
D/UDP-TIMING(17390): 1171 0 0.255381000
D/UDP-TIMING(17390): 1172 0 0.250198000
D/UDP-TIMING(17390): 1173 0 0.245040000
D/UDP-TIMING(17390): 1174 0 0.239919000
D/UDP-TIMING(17390): 1175 0 0.265135000
D/UDP-TIMING(17390): 1176 0 0.259956000
D/UDP-TIMING(17390): 1177 0 0.254768000
D/UDP-TIMING(17390): 1178 0 0.249584000
D/UDP-TIMING(17390): 1179 0 0.244433000
D/UDP-TIMING(17390): 1180 0 0.239249000
D/UDP-TIMING(17390): 1181 0 0.263693000
D/UDP-TIMING(17390): 1182 0 0.258573000
D/UDP-TIMING(17390): 1183 0 0.253455000
D/UDP-TIMING(17390): 1184 0 0.248367000
D/UDP-TIMING(17390): 1185 0 0.243200000
D/UDP-TIMING(17390): 1186 0 0.238113000
D/UDP-TIMING(17390): 1187 0 0.263269000
D/UDP-TIMING(17390): 1188 0 0.258188000
D/UDP-TIMING(17390): 1189 0 0.253031000
D/UDP-TIMING(17390): 1190 0 0.247863000
D/UDP-TIMING(17390): 1191 0 0.242720000
D/UDP-TIMING(17390): 1192 0 0.237543000
D/UDP-TIMING(17390): 1193 0 0.262138000
D/UDP-TIMING(17390): 1194 0 0.257009000
D/UDP-TIMING(17390): 1195 0 0.251886000
D/UDP-TIMING(17390): 1196 0 0.246771000
D/UDP-TIMING(17390): 1197 0 0.241649000
D/UDP-TIMING(17390): 1198 0 0.236503000
D/UDP-TIMING(17390): 1199 0 0.261228000
D/UDP-TIMING(17390): 1200 0 0.256103000
D/UDP-TIMING(17390): 1201 0 0.250978000
D/UDP-TIMING(17390): 1202 0 0.245861000
D/UDP-TIMING(17390): 1203 0 0.240744000
D/UDP-TIMING(17390): 1204 0 0.236632000
D/UDP-TIMING(17390): 1205 0 0.260546000
D/UDP-TIMING(17390): 1206 0 0.255408000
D/UDP-TIMING(17390): 1207 0 0.250310000
D/UDP-TIMING(17390): 1208 0 0.245209000
D/UDP-TIMING(17390): 1209 0 0.240127000
D/UDP-TIMING(17390): 1210 0 0.264901000
D/UDP-TIMING(17390): 1211 0 0.259765000
D/UDP-TIMING(17390): 1212 0 0.243907000
D/UDP-TIMING(17390): 1213 0 0.238786000
D/UDP-TIMING(17390): 1214 0 0.259447000
D/UDP-TIMING(17390): 1215 0 0.254349000
D/UDP-TIMING(17390): 1216 0 0.249238000
D/UDP-TIMING(17390): 1217 0 0.244135000
D/UDP-TIMING(17390): 1218 0 0.239081000
E/TrafficStats(16531): [QCTMM]tryAll index=0
E/TrafficStats(16531): [QCTMM]tryAll index=1
E/TrafficStats(16531): [QCTMM]tryAll index=2
E/TrafficStats(16531): [QCTMM]tryAll index=0
E/TrafficStats(16531): [QCTMM]tryAll index=1
E/TrafficStats(16531): [QCTMM]tryAll index=2
E/TrafficStats( 1673): [QCTMM]tryAll index=0
E/TrafficStats( 1673): [QCTMM]tryAll index=1
E/TrafficStats( 1673): [QCTMM]tryAll index=2
D/UDP-TIMING(17390): 1219 0 0.264448000
D/UDP-TIMING(17390): 1220 0 0.259399000
D/UDP-TIMING(17390): 1221 0 0.254321000
D/UDP-TIMING(17390): 1222 0 0.249245000
D/UDP-TIMING(17390): 1223 0 0.244073000
D/UDP-TIMING(17390): 1224 0 0.238946000
E/TrafficStats(16531): [QCTMM]tryAll index=0
E/TrafficStats( 1673): [QCTMM]tryAll index=0
E/TrafficStats( 1673): [QCTMM]tryAll index=1
E/TrafficStats( 1673): [QCTMM]tryAll index=2
D/DATA    ( 1860): sentSinceLastRecv=0,watchdogTrigger=10,maxindex=0
E/TrafficStats(16531): [QCTMM]tryAll index=1
E/TrafficStats(16531): [QCTMM]tryAll index=2
D/UDP-TIMING(17390): 1225 0 0.264137000
D/UDP-TIMING(17390): 1226 0 0.259072000
D/UDP-TIMING(17390): 1227 0 0.253990000
D/UDP-TIMING(17390): 1228 0 0.248899000
D/UDP-TIMING(17390): 1229 0 0.243813000
D/UDP-TIMING(17390): 1230 0 0.238736000
E/TrafficStats(16531): [QCTMM]tryAll index=0
E/TrafficStats(16531): [QCTMM]tryAll index=1
E/TrafficStats(16531): [QCTMM]tryAll index=2
D/UDP-TIMING(17390): 1231 0 0.262319000
D/UDP-TIMING(17390): 1232 0 0.257190000
D/UDP-TIMING(17390): 1233 0 0.252082000
D/UDP-TIMING(17390): 1234 0 0.246899000
D/UDP-TIMING(17390): 1235 0 0.241778000
D/UDP-TIMING(17390): 1236 0 0.236697000
D/UDP-TIMING(17390): 1237 0 0.262006000
D/UDP-TIMING(17390): 1238 0 0.256908000
D/UDP-TIMING(17390): 1239 0 0.251724000
D/UDP-TIMING(17390): 1240 0 0.246634000
D/UDP-TIMING(17390): 1241 0 0.241452000
D/UDP-TIMING(17390): 1242 0 0.236269000
D/UDP-TIMING(17390): 1243 0 0.261277000
D/UDP-TIMING(17390): 1244 0 0.256212000
D/UDP-TIMING(17390): 1245 0 0.251032000
D/UDP-TIMING(17390): 1246 0 0.245852000
D/UDP-TIMING(17390): 1247 0 0.240756000
D/UDP-TIMING(17390): 1248 0 0.265934000
D/UDP-TIMING(17390): 1249 0 0.260834000
D/UDP-TIMING(17390): 1250 0 0.255784000
D/UDP-TIMING(17390): 1251 0 0.250687000
D/UDP-TIMING(17390): 1252 0 0.245573000
D/UDP-TIMING(17390): 1253 0 0.240453000
D/UDP-TIMING(17390): 1254 0 0.235364000
D/UDP-TIMING(17390): 1255 0 0.259886000
D/UDP-TIMING(17390): 1256 0 0.254715000
D/UDP-TIMING(17390): 1257 0 0.249566000
D/UDP-TIMING(17390): 1258 0 0.244397000
D/UDP-TIMING(17390): 1259 0 0.239222000
D/UDP-TIMING(17390): 1260 0 0.264349000
D/UDP-TIMING(17390): 1261 0 0.259180000
D/UDP-TIMING(17390): 1262 0 0.253992000
D/UDP-TIMING(17390): 1263 0 0.248868000
D/UDP-TIMING(17390): 1264 0 0.243711000
D/UDP-TIMING(17390): 1265 0 0.238525000
D/UDP-TIMING(17390): 1266 0 0.263135000
D/UDP-TIMING(17390): 1267 0 0.258047000
D/UDP-TIMING(17390): 1268 0 0.252941000
D/UDP-TIMING(17390): 1269 0 0.247859000
D/UDP-TIMING(17390): 1270 0 0.242695000
D/UDP-TIMING(17390): 1271 0 0.267767000
D/UDP-TIMING(17390): 1272 0 0.262582000
D/UDP-TIMING(17390): 1273 0 0.257401000
D/UDP-TIMING(17390): 1274 0 0.252220000
D/UDP-TIMING(17390): 1275 0 0.247043000
D/UDP-TIMING(17390): 1276 0 0.241951000
D/UDP-TIMING(17390): 1277 0 0.236838000
D/UDP-TIMING(17390): 1278 0 0.261324000
D/UDP-TIMING(17390): 1279 0 0.256209000
D/UDP-TIMING(17390): 1280 0 0.251092000
D/UDP-TIMING(17390): 1281 0 0.245972000
D/UDP-TIMING(17390): 1282 0 0.240888000
D/UDP-TIMING(17390): 1283 0 0.266074000
D/UDP-TIMING(17390): 1284 0 0.260975000
D/UDP-TIMING(17390): 1285 0 0.255728000
D/UDP-TIMING(17390): 1286 0 0.250623000
D/UDP-TIMING(17390): 1287 0 0.245520000
D/UDP-TIMING(17390): 1288 0 0.240436000
D/UDP-TIMING(17390): 1289 0 0.264949000
D/UDP-TIMING(17390): 1290 0 0.259772000
D/UDP-TIMING(17390): 1291 0 0.254595000
D/UDP-TIMING(17390): 1292 0 0.249426000
D/UDP-TIMING(17390): 1293 0 0.244245000
D/UDP-TIMING(17390): 1294 0 0.239091000
D/UDP-TIMING(17390): 1295 0 0.263934000
D/UDP-TIMING(17390): 1296 0 0.258810000
D/UDP-TIMING(17390): 1297 0 0.253723000
D/UDP-TIMING(17390): 1298 0 0.248607000
D/UDP-TIMING(17390): 1299 0 0.243481000
D/UDP-TIMING(17390): 1300 0 0.238356000
D/UDP-TIMING(17390): 1301 0 0.263466000
D/UDP-TIMING(17390): 1302 0 0.258309000
D/UDP-TIMING(17390): 1303 0 0.253190000
D/UDP-TIMING(17390): 1304 0 0.248099000
D/UDP-TIMING(17390): 1305 0 0.242917000
D/UDP-TIMING(17390): 1306 0 0.237717000
D/UDP-TIMING(17390): 1307 0 0.262222000
D/UDP-TIMING(17390): 1308 0 0.257147000
D/UDP-TIMING(17390): 1309 0 0.252074000
D/UDP-TIMING(17390): 1310 0 0.246964000
D/UDP-TIMING(17390): 1311 0 0.241772000
D/UDP-TIMING(17390): 1312 0 0.236538000
E/TrafficStats(16531): [QCTMM]tryAll index=0
E/TrafficStats(16531): [QCTMM]tryAll index=1
E/TrafficStats(16531): [QCTMM]tryAll index=2
E/TrafficStats(16531): [QCTMM]tryAll index=0
E/TrafficStats(16531): [QCTMM]tryAll index=1
E/TrafficStats(16531): [QCTMM]tryAll index=2
E/TrafficStats(16531): [QCTMM]tryAll index=0
E/TrafficStats(16531): [QCTMM]tryAll index=1
E/TrafficStats(16531): [QCTMM]tryAll index=2
E/TrafficStats(16531): [QCTMM]tryAll index=0
E/TrafficStats(16531): [QCTMM]tryAll index=1
E/TrafficStats(16531): [QCTMM]tryAll index=2
D/Database(16531): dbopen(): path = /data/data/com.onavo.android.onavoid/databases/ui_events, flag = 6, file size = 14059520
D/Database(16531): dbopen(): path = /data/data/com.onavo.android.onavoid/databases/ui_events, mode: wal, disk free size: 2000 M, handle: 0x37d3a8
D/Database(16531): dbclose(): path = /data/data/com.onavo.android.onavoid/databases/ui_events, handle = 0x37d3a8
D/UDP-TIMING(17390): 1313 0 0.241302000
D/UDP-TIMING(17390): 1314 0 0.237273000
D/UDP-TIMING(17390): 1315 0 0.255854000
D/UDP-TIMING(17390): 1316 0 0.250666000
D/UDP-TIMING(17390): 1317 0 0.245492000
D/UDP-TIMING(17390): 1318 0 0.240321000
D/UDP-TIMING(17390): 1319 0 0.265208000
D/UDP-TIMING(17390): 1320 0 0.260059000
D/UDP-TIMING(17390): 1321 0 0.254873000
D/UDP-TIMING(17390): 1322 0 0.249701000
D/UDP-TIMING(17390): 1323 0 0.244507000
D/UDP-TIMING(17390): 1324 0 0.239335000
E/TrafficStats( 1673): [QCTMM]tryAll index=0
E/TrafficStats( 1673): [QCTMM]tryAll index=1
E/TrafficStats( 1673): [QCTMM]tryAll index=2
E/TrafficStats( 1673): [QCTMM]tryAll index=0
E/TrafficStats( 1673): [QCTMM]tryAll index=1
E/TrafficStats( 1673): [QCTMM]tryAll index=2
D/DATA    ( 1860): sentSinceLastRecv=0,watchdogTrigger=10,maxindex=0
D/UDP-TIMING(17390): 1325 0 0.264466000
D/UDP-TIMING(17390): 1326 0 0.259294000
D/UDP-TIMING(17390): 1327 0 0.254206000
D/UDP-TIMING(17390): 1328 0 0.249119000
D/UDP-TIMING(17390): 1329 0 0.244032000
D/UDP-TIMING(17390): 1330 0 0.238871000
D/UDP-TIMING(17390): 1331 0 0.263349000
D/UDP-TIMING(17390): 1332 0 0.258205000
D/UDP-TIMING(17390): 1333 0 0.253064000
D/UDP-TIMING(17390): 1334 0 0.247939000
D/UDP-TIMING(17390): 1335 0 0.242767000
D/UDP-TIMING(17390): 1336 0 0.237571000
D/UDP-TIMING(17390): 1337 0 0.262562000
D/UDP-TIMING(17390): 1338 0 0.257410000
D/UDP-TIMING(17390): 1339 0 0.252244000
D/UDP-TIMING(17390): 1340 0 0.247102000
D/UDP-TIMING(17390): 1341 0 0.241919000
D/UDP-TIMING(17390): 1342 0 0.236735000
D/UDP-TIMING(17390): 1343 0 0.261307000
D/UDP-TIMING(17390): 1344 0 0.256186000
D/UDP-TIMING(17390): 1345 0 0.251021000
D/UDP-TIMING(17390): 1346 0 0.245933000
D/UDP-TIMING(17390): 1347 0 0.240875000
D/UDP-TIMING(17390): 1348 0 0.236245000
D/UDP-TIMING(17390): 1349 0 0.261017000
D/UDP-TIMING(17390): 1350 0 0.255847000
D/UDP-TIMING(17390): 1351 0 0.250669000
D/UDP-TIMING(17390): 1352 0 0.245471000
D/UDP-TIMING(17390): 1353 0 0.240329000
D/UDP-TIMING(17390): 1354 0 0.264783000
D/UDP-TIMING(17390): 1355 0 0.259614000
D/UDP-TIMING(17390): 1356 0 0.254438000
D/UDP-TIMING(17390): 1357 0 0.249268000
D/UDP-TIMING(17390): 1358 0 0.244081000
D/UDP-TIMING(17390): 1359 0 0.238921000
D/UDP-TIMING(17390): 1360 0 0.264048000
D/UDP-TIMING(17390): 1361 0 0.258877000
D/UDP-TIMING(17390): 1362 0 0.253703000
D/UDP-TIMING(17390): 1363 0 0.248527000
D/UDP-TIMING(17390): 1364 0 0.243381000
D/UDP-TIMING(17390): 1365 0 0.238193000
D/UDP-TIMING(17390): 1366 0 0.262692000
D/UDP-TIMING(17390): 1367 0 0.257595000
D/UDP-TIMING(17390): 1368 0 0.252499000
D/UDP-TIMING(17390): 1369 0 0.247443000
D/UDP-TIMING(17390): 1370 0 0.242263000
D/UDP-TIMING(17390): 1371 0 0.267384000
D/UDP-TIMING(17390): 1372 0 0.262259000
D/UDP-TIMING(17390): 1373 0 0.257078000
D/UDP-TIMING(17390): 1374 0 0.251928000
D/UDP-TIMING(17390): 1375 0 0.246741000
D/UDP-TIMING(17390): 1376 0 0.241560000
D/UDP-TIMING(17390): 1377 0 0.236376000
D/UDP-TIMING(17390): 1378 0 0.260868000
D/UDP-TIMING(17390): 1379 0 0.255714000
D/UDP-TIMING(17390): 1380 0 0.250534000
D/UDP-TIMING(17390): 1381 0 0.245411000
D/UDP-TIMING(17390): 1382 0 0.240294000
D/UDP-TIMING(17390): 1383 0 0.265443000
D/UDP-TIMING(17390): 1384 0 0.260322000
D/UDP-TIMING(17390): 1385 0 0.255199000
D/UDP-TIMING(17390): 1386 0 0.250099000
D/UDP-TIMING(17390): 1387 0 0.245042000
D/UDP-TIMING(17390): 1388 0 0.239966000
D/UDP-TIMING(17390): 1389 0 0.264549000
D/UDP-TIMING(17390): 1390 0 0.259376000
D/UDP-TIMING(17390): 1391 0 0.254181000
D/UDP-TIMING(17390): 1392 0 0.248996000
D/UDP-TIMING(17390): 1393 0 0.243839000
D/UDP-TIMING(17390): 1394 0 0.238656000
D/UDP-TIMING(17390): 1395 0 0.263412000
D/UDP-TIMING(17390): 1396 0 0.258226000
D/UDP-TIMING(17390): 1397 0 0.253044000
D/UDP-TIMING(17390): 1398 0 0.247862000
D/UDP-TIMING(17390): 1399 0 0.242671000
D/UDP-TIMING(17390): 1400 0 0.237580000
D/UDP-TIMING(17390): 1401 0 0.262853000
D/UDP-TIMING(17390): 1402 0 0.257736000
D/UDP-TIMING(17390): 1403 0 0.252615000
D/UDP-TIMING(17390): 1404 0 0.247437000
D/UDP-TIMING(17390): 1405 0 0.242266000
D/UDP-TIMING(17390): 1406 0 0.237183000
D/UDP-TIMING(17390): 1407 0 0.261620000
D/UDP-TIMING(17390): 1408 0 0.256546000
D/UDP-TIMING(17390): 1409 0 0.251427000
D/UDP-TIMING(17390): 1410 0 0.246244000
D/UDP-TIMING(17390): 1411 0 0.241100000
D/UDP-TIMING(17390): 1412 0 0.235940000
D/UDP-TIMING(17390): 1413 0 0.260941000
D/UDP-TIMING(17390): 1414 0 0.241682000
D/UDP-TIMING(17390): 1415 0 0.237747000
D/UDP-TIMING(17390): 1416 0 0.250450000
D/UDP-TIMING(17390): 1417 0 0.245258000
D/UDP-TIMING(17390): 1418 0 0.240070000
D/UDP-TIMING(17390): 1419 0 0.264917000
D/UDP-TIMING(17390): 1420 0 0.259727000
D/UDP-TIMING(17390): 1421 0 0.254548000
D/UDP-TIMING(17390): 1422 0 0.249366000
D/UDP-TIMING(17390): 1423 0 0.244213000
D/UDP-TIMING(17390): 1424 0 0.239110000
E/TrafficStats( 1673): [QCTMM]tryAll index=0
E/TrafficStats( 1673): [QCTMM]tryAll index=1
E/TrafficStats( 1673): [QCTMM]tryAll index=2
E/TrafficStats( 1673): [QCTMM]tryAll index=0
E/TrafficStats( 1673): [QCTMM]tryAll index=1
E/TrafficStats( 1673): [QCTMM]tryAll index=2
D/DATA    ( 1860): sentSinceLastRecv=0,watchdogTrigger=10,maxindex=0
D/UDP-TIMING(17390): 1425 0 0.263975000
D/UDP-TIMING(17390): 1426 0 0.258921000
D/UDP-TIMING(17390): 1427 0 0.253829000
D/UDP-TIMING(17390): 1428 0 0.248729000
D/UDP-TIMING(17390): 1429 0 0.243648000
D/UDP-TIMING(17390): 1430 0 0.238477000
D/UDP-TIMING(17390): 1431 0 0.263169000
D/UDP-TIMING(17390): 1432 0 0.257984000
D/UDP-TIMING(17390): 1433 0 0.252803000
D/UDP-TIMING(17390): 1434 0 0.247562000
D/UDP-TIMING(17390): 1435 0 0.242378000
D/UDP-TIMING(17390): 1436 0 0.237299000
D/UDP-TIMING(17390): 1437 0 0.261639000
D/UDP-TIMING(17390): 1438 0 0.256490000
D/UDP-TIMING(17390): 1439 0 0.251307000
D/UDP-TIMING(17390): 1440 0 0.246116000
D/UDP-TIMING(17390): 1441 0 0.271208000
D/UDP-TIMING(17390): 1442 0 0.266052000
D/UDP-TIMING(17390): 1443 0 0.260870000
D/UDP-TIMING(17390): 1444 0 0.255684000
D/UDP-TIMING(17390): 1445 0 0.250501000
D/UDP-TIMING(17390): 1446 0 0.245404000
D/UDP-TIMING(17390): 1447 0 0.240321000
D/UDP-TIMING(17390): 1448 0 0.264883000
D/UDP-TIMING(17390): 1449 0 0.259793000
D/UDP-TIMING(17390): 1450 0 0.254646000
D/UDP-TIMING(17390): 1451 0 0.249477000
D/UDP-TIMING(17390): 1452 0 0.244290000
D/UDP-TIMING(17390): 1453 0 0.239124000
D/UDP-TIMING(17390): 1454 0 0.264272000
D/UDP-TIMING(17390): 1455 0 0.259150000
D/UDP-TIMING(17390): 1456 0 0.254033000
D/UDP-TIMING(17390): 1457 0 0.248944000
D/UDP-TIMING(17390): 1458 0 0.243823000
D/UDP-TIMING(17390): 1459 0 0.238701000
D/UDP-TIMING(17390): 1460 0 0.263339000
D/UDP-TIMING(17390): 1461 0 0.258214000
D/UDP-TIMING(17390): 1462 0 0.253092000
D/UDP-TIMING(17390): 1463 0 0.247972000
D/UDP-TIMING(17390): 1464 0 0.242864000
D/UDP-TIMING(17390): 1465 0 0.237719000
D/UDP-TIMING(17390): 1466 0 0.262828000
D/UDP-TIMING(17390): 1467 0 0.257682000
D/UDP-TIMING(17390): 1468 0 0.252599000
D/UDP-TIMING(17390): 1469 0 0.247511000
D/UDP-TIMING(17390): 1470 0 0.242341000
D/UDP-TIMING(17390): 1471 0 0.237220000
D/UDP-TIMING(17390): 1472 0 0.261730000
D/UDP-TIMING(17390): 1473 0 0.256581000
D/UDP-TIMING(17390): 1474 0 0.251398000
D/UDP-TIMING(17390): 1475 0 0.246211000
D/UDP-TIMING(17390): 1476 0 0.241028000
D/UDP-TIMING(17390): 1477 0 0.266148000
D/UDP-TIMING(17390): 1478 0 0.260966000
D/UDP-TIMING(17390): 1479 0 0.255806000
D/UDP-TIMING(17390): 1480 0 0.250684000
D/UDP-TIMING(17390): 1481 0 0.245575000
D/UDP-TIMING(17390): 1482 0 0.240458000
D/UDP-TIMING(17390): 1483 0 0.265306000
D/UDP-TIMING(17390): 1484 0 0.260162000
D/UDP-TIMING(17390): 1485 0 0.255055000
D/UDP-TIMING(17390): 1486 0 0.249954000
D/UDP-TIMING(17390): 1487 0 0.244851000
D/UDP-TIMING(17390): 1488 0 0.239768000
D/UDP-TIMING(17390): 1489 0 0.264328000
D/UDP-TIMING(17390): 1490 0 0.259190000
D/UDP-TIMING(17390): 1491 0 0.254016000
D/UDP-TIMING(17390): 1492 0 0.248844000
D/UDP-TIMING(17390): 1493 0 0.243661000
D/UDP-TIMING(17390): 1494 0 0.238489000
D/UDP-TIMING(17390): 1495 0 0.263466000
D/UDP-TIMING(17390): 1496 0 0.258325000
D/UDP-TIMING(17390): 1497 0 0.253157000
D/UDP-TIMING(17390): 1498 0 0.247987000
D/UDP-TIMING(17390): 1499 0 0.272538000
D/UDP-TIMING(17390): 1500 0 0.267367000
D/UDP-TIMING(17390): 1501 0 0.262212000
D/UDP-TIMING(17390): 1502 0 0.257039000
D/UDP-TIMING(17390): 1503 0 0.251900000
D/UDP-TIMING(17390): 1504 0 0.246736000
D/UDP-TIMING(17390): 1505 0 0.241543000
D/UDP-TIMING(17390): 1506 0 0.266628000
D/UDP-TIMING(17390): 1507 0 0.261551000
D/UDP-TIMING(17390): 1508 0 0.256508000
D/UDP-TIMING(17390): 1509 0 0.251341000
D/UDP-TIMING(17390): 1510 0 0.246171000
D/UDP-TIMING(17390): 1511 0 0.240984000
D/UDP-TIMING(17390): 1512 0 0.235805000
D/UDP-TIMING(17390): 1513 0 0.260253000
D/UDP-TIMING(17390): 1514 0 0.255106000
D/UDP-TIMING(17390): 1515 0 0.239383000
D/UDP-TIMING(17390): 1516 0 0.260006000
D/UDP-TIMING(17390): 1517 0 0.254766000
D/UDP-TIMING(17390): 1518 0 0.249579000
D/UDP-TIMING(17390): 1519 0 0.244442000
D/UDP-TIMING(17390): 1520 0 0.239255000
E/TrafficStats( 1673): [QCTMM]tryAll index=0
D/UDP-TIMING(17390): 1521 0 0.263803000
D/UDP-TIMING(17390): 1522 0 0.258620000
D/UDP-TIMING(17390): 1523 0 0.253447000
D/UDP-TIMING(17390): 1524 0 0.248289000
D/UDP-TIMING(17390): 1525 0 0.243104000
D/UDP-TIMING(17390): 1526 0 0.238020000
E/TrafficStats( 1673): [QCTMM]tryAll index=1
E/TrafficStats( 1673): [QCTMM]tryAll index=2
E/TrafficStats( 1673): [QCTMM]tryAll index=0
E/TrafficStats( 1673): [QCTMM]tryAll index=1
E/TrafficStats( 1673): [QCTMM]tryAll index=2
D/DATA    ( 1860): sentSinceLastRecv=0,watchdogTrigger=10,maxindex=0
D/UDP-TIMING(17390): 1527 0 0.263693000
D/UDP-TIMING(17390): 1528 0 0.258553000
D/UDP-TIMING(17390): 1529 0 0.253416000
D/UDP-TIMING(17390): 1530 0 0.248235000
D/UDP-TIMING(17390): 1531 0 0.243045000
D/UDP-TIMING(17390): 1532 0 0.237905000
D/UDP-TIMING(17390): 1533 0 0.261902000
D/UDP-TIMING(17390): 1534 0 0.256717000
D/UDP-TIMING(17390): 1535 0 0.251533000
D/UDP-TIMING(17390): 1536 0 0.246337000
D/UDP-TIMING(17390): 1537 0 0.241092000
D/UDP-TIMING(17390): 1538 0 0.235928000
D/UDP-TIMING(17390): 1539 0 0.260959000
D/UDP-TIMING(17390): 1540 0 0.255772000
D/UDP-TIMING(17390): 1541 0 0.250590000
D/UDP-TIMING(17390): 1542 0 0.245398000
D/UDP-TIMING(17390): 1543 0 0.240243000
D/UDP-TIMING(17390): 1544 0 0.264754000
D/UDP-TIMING(17390): 1545 0 0.259672000
D/UDP-TIMING(17390): 1546 0 0.254613000
D/UDP-TIMING(17390): 1547 0 0.249422000
D/UDP-TIMING(17390): 1548 0 0.244234000
D/UDP-TIMING(17390): 1549 0 0.239061000
D/UDP-TIMING(17390): 1550 0 0.264179000
D/UDP-TIMING(17390): 1551 0 0.259009000
D/UDP-TIMING(17390): 1552 0 0.253829000
D/UDP-TIMING(17390): 1553 0 0.248656000
D/UDP-TIMING(17390): 1554 0 0.243517000
D/UDP-TIMING(17390): 1555 0 0.238347000
D/UDP-TIMING(17390): 1556 0 0.262809000
D/UDP-TIMING(17390): 1557 0 0.257714000
D/UDP-TIMING(17390): 1558 0 0.252594000
D/UDP-TIMING(17390): 1559 0 0.247466000
D/UDP-TIMING(17390): 1560 0 0.242343000
D/UDP-TIMING(17390): 1561 0 0.237217000
D/UDP-TIMING(17390): 1562 0 0.262430000
D/UDP-TIMING(17390): 1563 0 0.257335000
D/UDP-TIMING(17390): 1564 0 0.252162000
D/UDP-TIMING(17390): 1565 0 0.247057000
D/UDP-TIMING(17390): 1566 0 0.241958000
D/UDP-TIMING(17390): 1567 0 0.236861000
D/UDP-TIMING(17390): 1568 0 0.261504000
D/UDP-TIMING(17390): 1569 0 0.256385000
D/UDP-TIMING(17390): 1570 0 0.251243000
D/UDP-TIMING(17390): 1571 0 0.246101000
D/UDP-TIMING(17390): 1572 0 0.240915000
D/UDP-TIMING(17390): 1573 0 0.235732000
D/UDP-TIMING(17390): 1574 0 0.260458000
D/UDP-TIMING(17390): 1575 0 0.255304000
D/UDP-TIMING(17390): 1576 0 0.250139000
D/UDP-TIMING(17390): 1577 0 0.244952000
D/UDP-TIMING(17390): 1578 0 0.239767000
D/UDP-TIMING(17390): 1579 0 0.264858000
D/UDP-TIMING(17390): 1580 0 0.259669000
D/UDP-TIMING(17390): 1581 0 0.254542000
D/UDP-TIMING(17390): 1582 0 0.249453000
D/UDP-TIMING(17390): 1583 0 0.244331000
D/UDP-TIMING(17390): 1584 0 0.239154000
D/UDP-TIMING(17390): 1585 0 0.263774000
D/UDP-TIMING(17390): 1586 0 0.258683000
D/UDP-TIMING(17390): 1587 0 0.253612000
D/UDP-TIMING(17390): 1588 0 0.248458000
D/UDP-TIMING(17390): 1589 0 0.243276000
D/UDP-TIMING(17390): 1590 0 0.238102000
D/UDP-TIMING(17390): 1591 0 0.263236000
D/UDP-TIMING(17390): 1592 0 0.258047000
D/UDP-TIMING(17390): 1593 0 0.252865000
D/UDP-TIMING(17390): 1594 0 0.247684000
D/UDP-TIMING(17390): 1595 0 0.242528000
D/UDP-TIMING(17390): 1596 0 0.237329000
D/UDP-TIMING(17390): 1597 0 0.261794000
D/UDP-TIMING(17390): 1598 0 0.256609000
D/UDP-TIMING(17390): 1599 0 0.251426000
D/UDP-TIMING(17390): 1600 0 0.246270000
D/UDP-TIMING(17390): 1601 0 0.241088000
D/UDP-TIMING(17390): 1602 0 0.235906000
D/UDP-TIMING(17390): 1603 0 0.260967000
D/UDP-TIMING(17390): 1604 0 0.255792000
D/UDP-TIMING(17390): 1605 0 0.250586000
D/UDP-TIMING(17390): 1606 0 0.245396000
D/UDP-TIMING(17390): 1607 0 0.240230000
D/UDP-TIMING(17390): 1608 0 0.264666000
D/UDP-TIMING(17390): 1609 0 0.259474000
D/UDP-TIMING(17390): 1610 0 0.254374000
D/UDP-TIMING(17390): 1611 0 0.249203000
D/UDP-TIMING(17390): 1612 0 0.244032000
D/UDP-TIMING(17390): 1613 0 0.238840000
D/UDP-TIMING(17390): 1614 0 0.264633000
D/UDP-TIMING(17390): 1615 0 0.259451000
D/UDP-TIMING(17390): 1616 0 0.241023000
D/UDP-TIMING(17390): 1617 0 0.237178000
D/UDP-TIMING(17390): 1618 0 0.257782000
D/UDP-TIMING(17390): 1619 0 0.252598000
D/UDP-TIMING(17390): 1620 0 0.247414000
D/UDP-TIMING(17390): 1621 0 0.242231000
D/UDP-TIMING(17390): 1622 0 0.237088000
D/UDP-TIMING(17390): 1623 0 0.262189000
D/UDP-TIMING(17390): 1624 0 0.257006000
D/UDP-TIMING(17390): 1625 0 0.251854000
D/UDP-TIMING(17390): 1626 0 0.246673000
D/UDP-TIMING(17390): 1627 0 0.241539000
D/UDP-TIMING(17390): 1628 0 0.236412000
E/TrafficStats( 1673): [QCTMM]tryAll index=0
E/TrafficStats( 1673): [QCTMM]tryAll index=1
E/TrafficStats( 1673): [QCTMM]tryAll index=2
E/TrafficStats( 1673): [QCTMM]tryAll index=0
E/TrafficStats( 1673): [QCTMM]tryAll index=1
E/TrafficStats( 1673): [QCTMM]tryAll index=2
D/DATA    ( 1860): sentSinceLastRecv=0,watchdogTrigger=10,maxindex=0
D/UDP-TIMING(17390): 1629 0 0.261451000
D/UDP-TIMING(17390): 1630 0 0.256285000
D/UDP-TIMING(17390): 1631 0 0.251113000
D/UDP-TIMING(17390): 1632 0 0.245919000
D/UDP-TIMING(17390): 1633 0 0.240732000
D/UDP-TIMING(17390): 1634 0 0.235578000
D/UDP-TIMING(17390): 1635 0 0.260060000
D/UDP-TIMING(17390): 1636 0 0.254878000
D/UDP-TIMING(17390): 1637 0 0.249697000
D/UDP-TIMING(17390): 1638 0 0.244546000
D/UDP-TIMING(17390): 1639 0 0.239389000
D/UDP-TIMING(17390): 1640 0 0.263969000
D/UDP-TIMING(17390): 1641 0 0.258785000
D/UDP-TIMING(17390): 1642 0 0.253610000
D/UDP-TIMING(17390): 1643 0 0.248492000
D/UDP-TIMING(17390): 1644 0 0.243312000
D/UDP-TIMING(17390): 1645 0 0.238159000
D/UDP-TIMING(17390): 1646 0 0.263235000
D/UDP-TIMING(17390): 1647 0 0.258049000
D/UDP-TIMING(17390): 1648 0 0.252935000
D/UDP-TIMING(17390): 1649 0 0.247820000
D/UDP-TIMING(17390): 1650 0 0.242717000
D/UDP-TIMING(17390): 1651 0 0.237531000
D/UDP-TIMING(17390): 1652 0 0.262004000
D/UDP-TIMING(17390): 1653 0 0.256819000
D/UDP-TIMING(17390): 1654 0 0.251666000
D/UDP-TIMING(17390): 1655 0 0.246483000
D/UDP-TIMING(17390): 1656 0 0.241297000
D/UDP-TIMING(17390): 1657 0 0.236125000
D/UDP-TIMING(17390): 1658 0 0.261092000
D/UDP-TIMING(17390): 1659 0 0.255906000
D/UDP-TIMING(17390): 1660 0 0.250757000
D/UDP-TIMING(17390): 1661 0 0.245542000
D/UDP-TIMING(17390): 1662 0 0.240354000
D/UDP-TIMING(17390): 1663 0 0.264955000
D/UDP-TIMING(17390): 1664 0 0.259800000
D/UDP-TIMING(17390): 1665 0 0.254613000
D/UDP-TIMING(17390): 1666 0 0.249435000
D/UDP-TIMING(17390): 1667 0 0.244279000
D/UDP-TIMING(17390): 1668 0 0.239111000
D/UDP-TIMING(17390): 1669 0 0.263924000
D/UDP-TIMING(17390): 1670 0 0.258732000
D/UDP-TIMING(17390): 1671 0 0.253512000
D/UDP-TIMING(17390): 1672 0 0.248387000
D/UDP-TIMING(17390): 1673 0 0.243201000
D/UDP-TIMING(17390): 1674 0 0.238018000
D/UDP-TIMING(17390): 1675 0 0.263195000
D/UDP-TIMING(17390): 1676 0 0.258034000
D/UDP-TIMING(17390): 1677 0 0.252853000
D/UDP-TIMING(17390): 1678 0 0.247677000
D/UDP-TIMING(17390): 1679 0 0.242494000
D/UDP-TIMING(17390): 1680 0 0.237299000
D/UDP-TIMING(17390): 1681 0 0.261871000
D/UDP-TIMING(17390): 1682 0 0.256682000
D/UDP-TIMING(17390): 1683 0 0.251560000
D/UDP-TIMING(17390): 1684 0 0.246383000
D/UDP-TIMING(17390): 1685 0 0.241312000
D/UDP-TIMING(17390): 1686 0 0.236187000
D/UDP-TIMING(17390): 1687 0 0.261276000
D/UDP-TIMING(17390): 1688 0 0.256102000
D/UDP-TIMING(17390): 1689 0 0.250975000
D/UDP-TIMING(17390): 1690 0 0.245805000
D/UDP-TIMING(17390): 1691 0 0.240635000
D/UDP-TIMING(17390): 1692 0 0.235539000
D/UDP-TIMING(17390): 1693 0 0.260048000
D/UDP-TIMING(17390): 1694 0 0.254862000
D/UDP-TIMING(17390): 1695 0 0.249680000
D/UDP-TIMING(17390): 1696 0 0.244500000
D/UDP-TIMING(17390): 1697 0 0.239319000
D/UDP-TIMING(17390): 1698 0 0.264545000
D/UDP-TIMING(17390): 1699 0 0.259346000
D/UDP-TIMING(17390): 1700 0 0.254214000
D/UDP-TIMING(17390): 1701 0 0.249033000
D/UDP-TIMING(17390): 1702 0 0.243845000
D/UDP-TIMING(17390): 1703 0 0.238668000
D/UDP-TIMING(17390): 1704 0 0.263053000
D/UDP-TIMING(17390): 1705 0 0.257868000
D/UDP-TIMING(17390): 1706 0 0.252706000
D/UDP-TIMING(17390): 1707 0 0.247636000
D/UDP-TIMING(17390): 1708 0 0.242513000
D/UDP-TIMING(17390): 1709 0 0.237385000
D/UDP-TIMING(17390): 1710 0 0.262539000
D/UDP-TIMING(17390): 1711 0 0.257272000
D/UDP-TIMING(17390): 1712 0 0.252174000
D/UDP-TIMING(17390): 1713 0 0.246991000
D/UDP-TIMING(17390): 1714 0 0.241804000
D/UDP-TIMING(17390): 1715 0 0.266248000
D/UDP-TIMING(17390): 1716 0 0.261083000
D/UDP-TIMING(17390): 1717 0 0.239389000
D/UDP-TIMING(17390): 1718 0 0.256024000
D/UDP-TIMING(17390): 1719 0 0.250838000
D/UDP-TIMING(17390): 1720 0 0.245684000
D/UDP-TIMING(17390): 1721 0 0.240513000
D/UDP-TIMING(17390): 1722 0 0.264992000
D/UDP-TIMING(17390): 1723 0 0.259813000
D/UDP-TIMING(17390): 1724 0 0.254680000
D/UDP-TIMING(17390): 1725 0 0.249503000
D/UDP-TIMING(17390): 1726 0 0.244402000
E/TrafficStats( 1673): [QCTMM]tryAll index=0
E/TrafficStats( 1673): [QCTMM]tryAll index=1
E/TrafficStats( 1673): [QCTMM]tryAll index=2
E/TrafficStats( 1673): [QCTMM]tryAll index=0
E/TrafficStats( 1673): [QCTMM]tryAll index=1
E/TrafficStats( 1673): [QCTMM]tryAll index=2
D/DATA    ( 1860): sentSinceLastRecv=0,watchdogTrigger=10,maxindex=0
D/UDP-TIMING(17390): 1727 0 0.270075000
D/UDP-TIMING(17390): 1728 0 0.264987000
D/UDP-TIMING(17390): 1729 0 0.259858000
D/UDP-TIMING(17390): 1730 0 0.254767000
D/UDP-TIMING(17390): 1731 0 0.249646000
D/UDP-TIMING(17390): 1732 0 0.244526000
D/UDP-TIMING(17390): 1733 0 0.239411000
D/UDP-TIMING(17390): 1734 0 0.263525000
D/UDP-TIMING(17390): 1735 0 0.258410000
D/UDP-TIMING(17390): 1736 0 0.253289000
D/UDP-TIMING(17390): 1737 0 0.248111000
D/UDP-TIMING(17390): 1738 0 0.242977000
D/UDP-TIMING(17390): 1739 0 0.237825000
D/UDP-TIMING(17390): 1740 0 0.262850000
D/UDP-TIMING(17390): 1741 0 0.257688000
D/UDP-TIMING(17390): 1742 0 0.252540000
D/UDP-TIMING(17390): 1743 0 0.247359000
D/UDP-TIMING(17390): 1744 0 0.242183000
D/UDP-TIMING(17390): 1745 0 0.237095000
D/UDP-TIMING(17390): 1746 0 0.261712000
D/UDP-TIMING(17390): 1747 0 0.256621000
D/UDP-TIMING(17390): 1748 0 0.251489000
D/UDP-TIMING(17390): 1749 0 0.246366000
D/UDP-TIMING(17390): 1750 0 0.241230000
D/UDP-TIMING(17390): 1751 0 0.236972000
D/UDP-TIMING(17390): 1752 0 0.260781000
D/UDP-TIMING(17390): 1753 0 0.255619000
D/UDP-TIMING(17390): 1754 0 0.250438000
D/UDP-TIMING(17390): 1755 0 0.245236000
D/UDP-TIMING(17390): 1756 0 0.240046000
D/UDP-TIMING(17390): 1757 0 0.265100000
D/UDP-TIMING(17390): 1758 0 0.259915000
D/UDP-TIMING(17390): 1759 0 0.254731000
D/UDP-TIMING(17390): 1760 0 0.249549000
D/UDP-TIMING(17390): 1761 0 0.244382000
D/UDP-TIMING(17390): 1762 0 0.239196000
D/UDP-TIMING(17390): 1763 0 0.264137000
D/UDP-TIMING(17390): 1764 0 0.258952000
D/UDP-TIMING(17390): 1765 0 0.253835000
D/UDP-TIMING(17390): 1766 0 0.248737000
D/UDP-TIMING(17390): 1767 0 0.243653000
D/UDP-TIMING(17390): 1768 0 0.238483000
D/UDP-TIMING(17390): 1769 0 0.263191000
D/UDP-TIMING(17390): 1770 0 0.257999000
D/UDP-TIMING(17390): 1771 0 0.252811000
D/UDP-TIMING(17390): 1772 0 0.247629000
D/UDP-TIMING(17390): 1773 0 0.242473000
D/UDP-TIMING(17390): 1774 0 0.237287000
D/UDP-TIMING(17390): 1775 0 0.261769000
D/UDP-TIMING(17390): 1776 0 0.256582000
D/UDP-TIMING(17390): 1777 0 0.251399000
D/UDP-TIMING(17390): 1778 0 0.246246000
D/UDP-TIMING(17390): 1779 0 0.241079000
D/UDP-TIMING(17390): 1780 0 0.235946000
D/UDP-TIMING(17390): 1781 0 0.261031000
D/UDP-TIMING(17390): 1782 0 0.255858000
D/UDP-TIMING(17390): 1783 0 0.250741000
D/UDP-TIMING(17390): 1784 0 0.245554000
D/UDP-TIMING(17390): 1785 0 0.240419000
D/UDP-TIMING(17390): 1786 0 0.264935000
D/UDP-TIMING(17390): 1787 0 0.259833000
D/UDP-TIMING(17390): 1788 0 0.254655000
D/UDP-TIMING(17390): 1789 0 0.249485000
D/UDP-TIMING(17390): 1790 0 0.244336000
D/UDP-TIMING(17390): 1791 0 0.239163000
D/UDP-TIMING(17390): 1792 0 0.264312000
D/UDP-TIMING(17390): 1793 0 0.259131000
D/UDP-TIMING(17390): 1794 0 0.253946000
D/UDP-TIMING(17390): 1795 0 0.248764000
D/UDP-TIMING(17390): 1796 0 0.243580000
D/UDP-TIMING(17390): 1797 0 0.238426000
D/UDP-TIMING(17390): 1798 0 0.262876000
D/UDP-TIMING(17390): 1799 0 0.257710000
D/UDP-TIMING(17390): 1800 0 0.252527000
D/UDP-TIMING(17390): 1801 0 0.247345000
D/UDP-TIMING(17390): 1802 0 0.242188000
D/UDP-TIMING(17390): 1803 0 0.237025000
D/UDP-TIMING(17390): 1804 0 0.262107000
D/UDP-TIMING(17390): 1805 0 0.256988000
D/UDP-TIMING(17390): 1806 0 0.251833000
D/UDP-TIMING(17390): 1807 0 0.246687000
D/UDP-TIMING(17390): 1808 0 0.241505000
D/UDP-TIMING(17390): 1809 0 0.236326000
D/UDP-TIMING(17390): 1810 0 0.261064000
D/UDP-TIMING(17390): 1811 0 0.255863000
D/UDP-TIMING(17390): 1812 0 0.250677000
D/UDP-TIMING(17390): 1813 0 0.245506000
D/UDP-TIMING(17390): 1814 0 0.240373000
D/UDP-TIMING(17390): 1815 0 0.235217000
D/UDP-TIMING(17390): 1816 0 0.259940000
D/UDP-TIMING(17390): 1817 0 0.254752000
E/TrafficStats(16531): [QCTMM]tryAll index=0
E/TrafficStats(16531): [QCTMM]tryAll index=1
E/TrafficStats(16531): [QCTMM]tryAll index=2
E/TrafficStats(16531): [QCTMM]tryAll index=0
E/TrafficStats(16531): [QCTMM]tryAll index=1
E/TrafficStats(16531): [QCTMM]tryAll index=2
E/TrafficStats(16531): [QCTMM]tryAll index=0
E/TrafficStats(16531): [QCTMM]tryAll index=1
E/TrafficStats(16531): [QCTMM]tryAll index=2
D/UDP-TIMING(17390): 1818 0 0.241668000
D/UDP-TIMING(17390): 1819 0 0.240710000
D/UDP-TIMING(17390): 1820 0 0.237209000
E/TrafficStats(16531): [QCTMM]tryAll index=0
E/TrafficStats(16531): [QCTMM]tryAll index=1
E/TrafficStats(16531): [QCTMM]tryAll index=2
D/UDP-TIMING(17390): 1821 0 0.249060000
D/UDP-TIMING(17390): 1822 0 0.243883000
D/UDP-TIMING(17390): 1823 0 0.238701000
D/UDP-TIMING(17390): 1824 0 0.262844000
D/UDP-TIMING(17390): 1825 0 0.257710000
D/UDP-TIMING(17390): 1826 0 0.252591000
