E/TrafficStats( 1673): [QCTMM]tryAll index=2
E/TrafficStats( 1673): [QCTMM]tryAll index=0
E/TrafficStats( 1673): [QCTMM]tryAll index=1
E/TrafficStats( 1673): [QCTMM]tryAll index=2
D/DATA    ( 1860): sentSinceLastRecv=0,watchdogTrigger=10,maxindex=0
D/UDP-TIMING(17390): 5181 0 0.261095000
D/UDP-TIMING(17390): 5182 0 0.255923000
D/UDP-TIMING(17390): 5183 0 0.250787000
D/UDP-TIMING(17390): 5184 0 0.245631000
D/UDP-TIMING(17390): 5185 0 0.240511000
D/UDP-TIMING(17390): 5186 0 0.264891000
D/UDP-TIMING(17390): 5187 0 0.259734000
D/UDP-TIMING(17390): 5188 0 0.254611000
D/UDP-TIMING(17390): 5189 0 0.249384000
D/UDP-TIMING(17390): 5190 0 0.244206000
D/UDP-TIMING(17390): 5191 0 0.239057000
D/StatusBarPolicy( 1816): iconIndex=1
V/StatusBarPolicy( 1816): cdmaLevel:4;max:4
D/StatusBarPolicy( 1816): iconLevel:4
D/UDP-TIMING(17390): 5192 0 0.264239000
D/UDP-TIMING(17390): 5193 0 0.259094000
D/UDP-TIMING(17390): 5194 0 0.253914000
D/UDP-TIMING(17390): 5195 0 0.248732000
D/UDP-TIMING(17390): 5196 0 0.243556000
D/UDP-TIMING(17390): 5197 0 0.268119000
D/UDP-TIMING(17390): 5198 0 0.262944000
D/UDP-TIMING(17390): 5199 0 0.257764000
D/UDP-TIMING(17390): 5200 0 0.252634000
D/UDP-TIMING(17390): 5201 0 0.247468000
D/UDP-TIMING(17390): 5202 0 0.242304000
D/UDP-TIMING(17390): 5203 0 0.237122000
D/UDP-TIMING(17390): 5204 0 0.262020000
D/UDP-TIMING(17390): 5205 0 0.256863000
D/UDP-TIMING(17390): 5206 0 0.251701000
D/UDP-TIMING(17390): 5207 0 0.246514000
D/UDP-TIMING(17390): 5208 0 0.241326000
D/UDP-TIMING(17390): 5209 0 0.236226000
I/PhoneInfo( 2188): getCdmaLevel - cdmaDbm: -72 cdmaEcio:-80
I/PhoneInfo( 2188): getEvdoLevel - evdoDbm: -120 evdoSnr:-1 evdoEcio:-1
I/PhoneInfo( 2188): getLteLevel - lteRsrp: -1 lteCqi:-1
D/UDP-TIMING(17390): 5210 0 0.260130000
D/UDP-TIMING(17390): 5211 0 0.254947000
D/UDP-TIMING(17390): 5212 0 0.249765000
D/UDP-TIMING(17390): 5213 0 0.244586000
D/UDP-TIMING(17390): 5214 0 0.239434000
D/UDP-TIMING(17390): 5215 0 0.264346000
D/UDP-TIMING(17390): 5216 0 0.259169000
D/UDP-TIMING(17390): 5217 0 0.253989000
D/UDP-TIMING(17390): 5218 0 0.248805000
D/UDP-TIMING(17390): 5219 0 0.243621000
D/UDP-TIMING(17390): 5220 0 0.238549000
D/UDP-TIMING(17390): 5221 0 0.263336000
D/UDP-TIMING(17390): 5222 0 0.258241000
D/UDP-TIMING(17390): 5223 0 0.253094000
D/UDP-TIMING(17390): 5224 0 0.247930000
D/UDP-TIMING(17390): 5225 0 0.242794000
D/UDP-TIMING(17390): 5226 0 0.237623000
D/UDP-TIMING(17390): 5227 0 0.262811000
D/UDP-TIMING(17390): 5228 0 0.257632000
D/UDP-TIMING(17390): 5229 0 0.252452000
D/UDP-TIMING(17390): 5230 0 0.247304000
D/UDP-TIMING(17390): 5231 0 0.242119000
D/UDP-TIMING(17390): 5232 0 0.236902000
D/UDP-TIMING(17390): 5233 0 0.261815000
D/UDP-TIMING(17390): 5234 0 0.256637000
D/UDP-TIMING(17390): 5235 0 0.251497000
D/UDP-TIMING(17390): 5236 0 0.246319000
D/UDP-TIMING(17390): 5237 0 0.241224000
D/UDP-TIMING(17390): 5238 0 0.236048000
D/UDP-TIMING(17390): 5239 0 0.261110000
D/UDP-TIMING(17390): 5240 0 0.256001000
D/UDP-TIMING(17390): 5241 0 0.250868000
D/UDP-TIMING(17390): 5242 0 0.245727000
D/UDP-TIMING(17390): 5243 0 0.240534000
D/UDP-TIMING(17390): 5244 0 0.265019000
D/UDP-TIMING(17390): 5245 0 0.259846000
D/UDP-TIMING(17390): 5246 0 0.254703000
D/UDP-TIMING(17390): 5247 0 0.249524000
D/UDP-TIMING(17390): 5248 0 0.244338000
D/UDP-TIMING(17390): 5249 0 0.239198000
D/UDP-TIMING(17390): 5250 0 0.264242000
D/UDP-TIMING(17390): 5251 0 0.259107000
D/UDP-TIMING(17390): 5252 0 0.242734000
D/UDP-TIMING(17390): 5253 0 0.238549000
D/UDP-TIMING(17390): 5254 0 0.249318000
D/UDP-TIMING(17390): 5255 0 0.245070000
D/UDP-TIMING(17390): 5256 0 0.239934000
D/UDP-TIMING(17390): 5257 0 0.263143000
D/UDP-TIMING(17390): 5258 0 0.257974000
D/UDP-TIMING(17390): 5259 0 0.252806000
D/UDP-TIMING(17390): 5260 0 0.247622000
D/UDP-TIMING(17390): 5261 0 0.242477000
D/UDP-TIMING(17390): 5262 0 0.237313000
D/UDP-TIMING(17390): 5263 0 0.261822000
D/UDP-TIMING(17390): 5264 0 0.256697000
D/UDP-TIMING(17390): 5265 0 0.251537000
D/UDP-TIMING(17390): 5266 0 0.246367000
D/UDP-TIMING(17390): 5267 0 0.241188000
D/UDP-TIMING(17390): 5268 0 0.235996000
D/UDP-TIMING(17390): 5269 0 0.261142000
D/UDP-TIMING(17390): 5270 0 0.256027000
D/UDP-TIMING(17390): 5271 0 0.250862000
D/UDP-TIMING(17390): 5272 0 0.245682000
D/UDP-TIMING(17390): 5273 0 0.240540000
D/UDP-TIMING(17390): 5274 0 0.235421000
E/TrafficStats( 1673): [QCTMM]tryAll index=0
E/TrafficStats( 1673): [QCTMM]tryAll index=1
E/TrafficStats( 1673): [QCTMM]tryAll index=2
E/TrafficStats( 1673): [QCTMM]tryAll index=0
E/TrafficStats( 1673): [QCTMM]tryAll index=1
E/TrafficStats( 1673): [QCTMM]tryAll index=2
D/DATA    ( 1860): sentSinceLastRecv=0,watchdogTrigger=10,maxindex=0
D/UDP-TIMING(17390): 5275 0 0.259899000
D/UDP-TIMING(17390): 5276 0 0.254755000
D/UDP-TIMING(17390): 5277 0 0.249574000
D/UDP-TIMING(17390): 5278 0 0.244419000
D/UDP-TIMING(17390): 5279 0 0.239294000
D/UDP-TIMING(17390): 5280 0 0.264580000
D/UDP-TIMING(17390): 5281 0 0.259527000
D/UDP-TIMING(17390): 5282 0 0.254453000
D/UDP-TIMING(17390): 5283 0 0.249360000
D/UDP-TIMING(17390): 5284 0 0.244233000
D/UDP-TIMING(17390): 5285 0 0.239105000
D/UDP-TIMING(17390): 5286 0 0.263721000
D/UDP-TIMING(17390): 5287 0 0.258534000
D/UDP-TIMING(17390): 5288 0 0.253352000
D/UDP-TIMING(17390): 5289 0 0.248178000
D/UDP-TIMING(17390): 5290 0 0.243030000
D/UDP-TIMING(17390): 5291 0 0.237811000
D/UDP-TIMING(17390): 5292 0 0.262350000
D/UDP-TIMING(17390): 5293 0 0.257227000
D/UDP-TIMING(17390): 5294 0 0.252070000
D/UDP-TIMING(17390): 5295 0 0.246895000
D/UDP-TIMING(17390): 5296 0 0.241716000
D/UDP-TIMING(17390): 5297 0 0.236568000
D/UDP-TIMING(17390): 5298 0 0.261789000
D/UDP-TIMING(17390): 5299 0 0.256712000
D/UDP-TIMING(17390): 5300 0 0.251584000
D/UDP-TIMING(17390): 5301 0 0.246485000
D/UDP-TIMING(17390): 5302 0 0.241363000
D/UDP-TIMING(17390): 5303 0 0.236265000
D/UDP-TIMING(17390): 5304 0 0.260762000
D/UDP-TIMING(17390): 5305 0 0.255657000
D/UDP-TIMING(17390): 5306 0 0.250540000
D/UDP-TIMING(17390): 5307 0 0.245422000
D/UDP-TIMING(17390): 5308 0 0.240306000
D/UDP-TIMING(17390): 5309 0 0.235196000
D/UDP-TIMING(17390): 5310 0 0.260472000
D/UDP-TIMING(17390): 5311 0 0.255373000
D/UDP-TIMING(17390): 5312 0 0.250256000
D/UDP-TIMING(17390): 5313 0 0.245143000
D/UDP-TIMING(17390): 5314 0 0.240024000
D/UDP-TIMING(17390): 5315 0 0.264477000
D/UDP-TIMING(17390): 5316 0 0.259301000
D/UDP-TIMING(17390): 5317 0 0.254121000
D/UDP-TIMING(17390): 5318 0 0.248937000
D/UDP-TIMING(17390): 5319 0 0.243801000
D/UDP-TIMING(17390): 5320 0 0.238678000
D/UDP-TIMING(17390): 5321 0 0.263922000
D/UDP-TIMING(17390): 5322 0 0.258772000
D/UDP-TIMING(17390): 5323 0 0.253610000
D/UDP-TIMING(17390): 5324 0 0.248484000
D/UDP-TIMING(17390): 5325 0 0.243299000
D/UDP-TIMING(17390): 5326 0 0.238117000
D/UDP-TIMING(17390): 5327 0 0.262434000
D/UDP-TIMING(17390): 5328 0 0.257252000
D/UDP-TIMING(17390): 5329 0 0.252073000
D/UDP-TIMING(17390): 5330 0 0.246896000
D/UDP-TIMING(17390): 5331 0 0.241713000
D/UDP-TIMING(17390): 5332 0 0.236561000
D/UDP-TIMING(17390): 5333 0 0.261673000
D/UDP-TIMING(17390): 5334 0 0.256535000
D/UDP-TIMING(17390): 5335 0 0.251353000
D/UDP-TIMING(17390): 5336 0 0.246205000
D/UDP-TIMING(17390): 5337 0 0.241018000
D/UDP-TIMING(17390): 5338 0 0.235919000
D/UDP-TIMING(17390): 5339 0 0.260523000
D/UDP-TIMING(17390): 5340 0 0.255361000
D/UDP-TIMING(17390): 5341 0 0.250221000
D/UDP-TIMING(17390): 5342 0 0.245059000
D/UDP-TIMING(17390): 5343 0 0.239930000
D/UDP-TIMING(17390): 5344 0 0.265001000
D/UDP-TIMING(17390): 5345 0 0.259821000
D/UDP-TIMING(17390): 5346 0 0.254697000
D/UDP-TIMING(17390): 5347 0 0.249516000
D/UDP-TIMING(17390): 5348 0 0.244334000
D/UDP-TIMING(17390): 5349 0 0.239141000
D/UDP-TIMING(17390): 5350 0 0.263596000
D/UDP-TIMING(17390): 5351 0 0.258450000
D/UDP-TIMING(17390): 5352 0 0.253270000
D/UDP-TIMING(17390): 5353 0 0.239596000
D/UDP-TIMING(17390): 5354 0 0.258133000
D/UDP-TIMING(17390): 5355 0 0.252938000
D/UDP-TIMING(17390): 5356 0 0.247762000
D/UDP-TIMING(17390): 5357 0 0.242583000
D/UDP-TIMING(17390): 5358 0 0.237405000
D/UDP-TIMING(17390): 5359 0 0.262019000
D/UDP-TIMING(17390): 5360 0 0.256890000
D/UDP-TIMING(17390): 5361 0 0.251717000
D/UDP-TIMING(17390): 5362 0 0.246550000
D/UDP-TIMING(17390): 5363 0 0.241395000
D/UDP-TIMING(17390): 5364 0 0.236301000
D/UDP-TIMING(17390): 5365 0 0.261058000
D/UDP-TIMING(17390): 5366 0 0.255944000
D/UDP-TIMING(17390): 5367 0 0.250771000
D/UDP-TIMING(17390): 5368 0 0.245591000
D/UDP-TIMING(17390): 5369 0 0.240437000
D/UDP-TIMING(17390): 5370 0 0.237026000
E/TrafficStats(16531): [QCTMM]tryAll index=0
E/TrafficStats(16531): [QCTMM]tryAll index=1
E/TrafficStats(16531): [QCTMM]tryAll index=2
E/TrafficStats(16531): [QCTMM]tryAll index=0
E/TrafficStats(16531): [QCTMM]tryAll index=1
E/TrafficStats(16531): [QCTMM]tryAll index=2
D/UDP-TIMING(17390): 5371 0 0.260811000
D/UDP-TIMING(17390): 5372 0 0.255633000
D/UDP-TIMING(17390): 5373 0 0.250488000
D/UDP-TIMING(17390): 5374 0 0.245317000
D/UDP-TIMING(17390): 5375 0 0.240131000
E/TrafficStats(16531): [QCTMM]tryAll index=0
E/TrafficStats(16531): [QCTMM]tryAll index=1
E/TrafficStats(16531): [QCTMM]tryAll index=2
E/TrafficStats(16531): [QCTMM]tryAll index=0
E/TrafficStats(16531): [QCTMM]tryAll index=1
E/TrafficStats(16531): [QCTMM]tryAll index=2
D/UDP-TIMING(17390): 5376 0 0.265008000
D/UDP-TIMING(17390): 5377 0 0.259882000
D/UDP-TIMING(17390): 5378 0 0.254753000
D/UDP-TIMING(17390): 5379 0 0.249570000
D/UDP-TIMING(17390): 5380 0 0.244477000
D/UDP-TIMING(17390): 5381 0 0.239387000
E/TrafficStats( 1673): [QCTMM]tryAll index=0
E/TrafficStats( 1673): [QCTMM]tryAll index=1
E/TrafficStats( 1673): [QCTMM]tryAll index=2
E/TrafficStats( 1673): [QCTMM]tryAll index=0
E/TrafficStats( 1673): [QCTMM]tryAll index=1
E/TrafficStats( 1673): [QCTMM]tryAll index=2
D/DATA    ( 1860): sentSinceLastRecv=0,watchdogTrigger=10,maxindex=0
D/UDP-TIMING(17390): 5382 0 0.262979000
D/UDP-TIMING(17390): 5383 0 0.257883000
D/UDP-TIMING(17390): 5384 0 0.252782000
D/UDP-TIMING(17390): 5385 0 0.247686000
D/UDP-TIMING(17390): 5386 0 0.242561000
D/UDP-TIMING(17390): 5387 0 0.237429000
D/UDP-TIMING(17390): 5388 0 0.262629000
D/UDP-TIMING(17390): 5389 0 0.257483000
D/UDP-TIMING(17390): 5390 0 0.252373000
D/UDP-TIMING(17390): 5391 0 0.247240000
D/UDP-TIMING(17390): 5392 0 0.242111000
D/UDP-TIMING(17390): 5393 0 0.267083000
D/UDP-TIMING(17390): 5394 0 0.261934000
D/UDP-TIMING(17390): 5395 0 0.256756000
D/UDP-TIMING(17390): 5396 0 0.251579000
D/UDP-TIMING(17390): 5397 0 0.246402000
D/UDP-TIMING(17390): 5398 0 0.241250000
D/UDP-TIMING(17390): 5399 0 0.236151000
D/UDP-TIMING(17390): 5400 0 0.261009000
D/UDP-TIMING(17390): 5401 0 0.255878000
D/UDP-TIMING(17390): 5402 0 0.250700000
D/UDP-TIMING(17390): 5403 0 0.245516000
D/UDP-TIMING(17390): 5404 0 0.240355000
D/UDP-TIMING(17390): 5405 0 0.265510000
D/UDP-TIMING(17390): 5406 0 0.260331000
D/UDP-TIMING(17390): 5407 0 0.255157000
D/UDP-TIMING(17390): 5408 0 0.250008000
D/UDP-TIMING(17390): 5409 0 0.244823000
D/UDP-TIMING(17390): 5410 0 0.239639000
D/UDP-TIMING(17390): 5411 0 0.234450000
D/UDP-TIMING(17390): 5412 0 0.259206000
D/UDP-TIMING(17390): 5413 0 0.254080000
D/UDP-TIMING(17390): 5414 0 0.248995000
D/UDP-TIMING(17390): 5415 0 0.243871000
D/UDP-TIMING(17390): 5416 0 0.238740000
D/UDP-TIMING(17390): 5417 0 0.263668000
D/UDP-TIMING(17390): 5418 0 0.258539000
D/UDP-TIMING(17390): 5419 0 0.253438000
D/UDP-TIMING(17390): 5420 0 0.248315000
D/UDP-TIMING(17390): 5421 0 0.243200000
D/UDP-TIMING(17390): 5422 0 0.238097000
D/UDP-TIMING(17390): 5423 0 0.262627000
D/UDP-TIMING(17390): 5424 0 0.257484000
D/UDP-TIMING(17390): 5425 0 0.252350000
D/UDP-TIMING(17390): 5426 0 0.247221000
D/UDP-TIMING(17390): 5427 0 0.242094000
D/UDP-TIMING(17390): 5428 0 0.236965000
D/UDP-TIMING(17390): 5429 0 0.262143000
D/UDP-TIMING(17390): 5430 0 0.257045000
D/UDP-TIMING(17390): 5431 0 0.251897000
D/UDP-TIMING(17390): 5432 0 0.246763000
D/UDP-TIMING(17390): 5433 0 0.241631000
D/UDP-TIMING(17390): 5434 0 0.236506000
D/UDP-TIMING(17390): 5435 0 0.261163000
D/UDP-TIMING(17390): 5436 0 0.256027000
D/UDP-TIMING(17390): 5437 0 0.250874000
D/UDP-TIMING(17390): 5438 0 0.245769000
D/UDP-TIMING(17390): 5439 0 0.240601000
D/UDP-TIMING(17390): 5440 0 0.235538000
D/UDP-TIMING(17390): 5441 0 0.260279000
D/UDP-TIMING(17390): 5442 0 0.255173000
D/UDP-TIMING(17390): 5443 0 0.250083000
D/UDP-TIMING(17390): 5444 0 0.244873000
D/UDP-TIMING(17390): 5445 0 0.239747000
D/UDP-TIMING(17390): 5446 0 0.264983000
D/UDP-TIMING(17390): 5447 0 0.259856000
D/UDP-TIMING(17390): 5448 0 0.254727000
D/UDP-TIMING(17390): 5449 0 0.249595000
D/UDP-TIMING(17390): 5450 0 0.244467000
D/UDP-TIMING(17390): 5451 0 0.239369000
D/UDP-TIMING(17390): 5452 0 0.263720000
D/UDP-TIMING(17390): 5453 0 0.258623000
D/Database(16531): dbopen(): path = /data/data/com.onavo.android.onavoid/databases/ui_events, flag = 6, file size = 14059520
D/Database(16531): dbopen(): path = /data/data/com.onavo.android.onavoid/databases/ui_events, mode: wal, disk free size: 2000 M, handle: 0x37d3a8
D/Database(16531): dbclose(): path = /data/data/com.onavo.android.onavoid/databases/ui_events, handle = 0x37d3a8
D/UDP-TIMING(17390): 5454 0 0.240563000
D/UDP-TIMING(17390): 5455 0 0.236540000
D/UDP-TIMING(17390): 5456 0 0.248453000
D/UDP-TIMING(17390): 5457 0 0.243348000
D/UDP-TIMING(17390): 5458 0 0.238257000
D/UDP-TIMING(17390): 5459 0 0.263008000
D/UDP-TIMING(17390): 5460 0 0.257855000
D/UDP-TIMING(17390): 5461 0 0.252719000
D/UDP-TIMING(17390): 5462 0 0.247600000
D/UDP-TIMING(17390): 5463 0 0.242458000
D/UDP-TIMING(17390): 5464 0 0.237373000
D/UDP-TIMING(17390): 5465 0 0.262407000
D/UDP-TIMING(17390): 5466 0 0.257279000
D/UDP-TIMING(17390): 5467 0 0.252159000
D/UDP-TIMING(17390): 5468 0 0.247042000
D/UDP-TIMING(17390): 5469 0 0.241919000
D/UDP-TIMING(17390): 5470 0 0.236860000
D/UDP-TIMING(17390): 5471 0 0.261387000
D/UDP-TIMING(17390): 5472 0 0.256264000
D/UDP-TIMING(17390): 5473 0 0.251159000
D/UDP-TIMING(17390): 5474 0 0.246054000
D/UDP-TIMING(17390): 5475 0 0.240939000
D/UDP-TIMING(17390): 5476 0 0.235852000
E/TrafficStats( 1673): [QCTMM]tryAll index=0
E/TrafficStats( 1673): [QCTMM]tryAll index=1
E/TrafficStats( 1673): [QCTMM]tryAll index=2
D/UDP-TIMING(17390): 5477 0 0.261006000
D/UDP-TIMING(17390): 5478 0 0.255875000
D/UDP-TIMING(17390): 5479 0 0.250794000
D/UDP-TIMING(17390): 5480 0 0.245696000
E/TrafficStats( 1673): [QCTMM]tryAll index=0
E/TrafficStats( 1673): [QCTMM]tryAll index=1
E/TrafficStats( 1673): [QCTMM]tryAll index=2
D/DATA    ( 1860): sentSinceLastRecv=0,watchdogTrigger=10,maxindex=0
D/UDP-TIMING(17390): 5481 0 0.270687000
D/UDP-TIMING(17390): 5482 0 0.265565000
D/UDP-TIMING(17390): 5483 0 0.260448000
D/UDP-TIMING(17390): 5484 0 0.255258000
D/UDP-TIMING(17390): 5485 0 0.250169000
D/UDP-TIMING(17390): 5486 0 0.245056000
D/UDP-TIMING(17390): 5487 0 0.239938000
D/UDP-TIMING(17390): 5488 0 0.234818000
D/UDP-TIMING(17390): 5489 0 0.259582000
D/UDP-TIMING(17390): 5490 0 0.254497000
D/UDP-TIMING(17390): 5491 0 0.249383000
D/UDP-TIMING(17390): 5492 0 0.244269000
D/UDP-TIMING(17390): 5493 0 0.239155000
D/UDP-TIMING(17390): 5494 0 0.263762000
D/UDP-TIMING(17390): 5495 0 0.258637000
D/UDP-TIMING(17390): 5496 0 0.253516000
D/UDP-TIMING(17390): 5497 0 0.248433000
D/UDP-TIMING(17390): 5498 0 0.243321000
D/UDP-TIMING(17390): 5499 0 0.238192000
D/UDP-TIMING(17390): 5500 0 0.263429000
D/UDP-TIMING(17390): 5501 0 0.258335000
D/UDP-TIMING(17390): 5502 0 0.253235000
D/UDP-TIMING(17390): 5503 0 0.248127000
D/UDP-TIMING(17390): 5504 0 0.243037000
D/UDP-TIMING(17390): 5505 0 0.237942000
D/UDP-TIMING(17390): 5506 0 0.262369000
D/UDP-TIMING(17390): 5507 0 0.257277000
D/UDP-TIMING(17390): 5508 0 0.252202000
D/UDP-TIMING(17390): 5509 0 0.247087000
D/UDP-TIMING(17390): 5510 0 0.241973000
D/UDP-TIMING(17390): 5511 0 0.236856000
D/UDP-TIMING(17390): 5512 0 0.261985000
D/UDP-TIMING(17390): 5513 0 0.256864000
D/UDP-TIMING(17390): 5514 0 0.251741000
D/UDP-TIMING(17390): 5515 0 0.246622000
D/UDP-TIMING(17390): 5516 0 0.241531000
D/UDP-TIMING(17390): 5517 0 0.236414000
D/UDP-TIMING(17390): 5518 0 0.261107000
D/UDP-TIMING(17390): 5519 0 0.256003000
D/UDP-TIMING(17390): 5520 0 0.250942000
D/UDP-TIMING(17390): 5521 0 0.245840000
D/UDP-TIMING(17390): 5522 0 0.240728000
D/UDP-TIMING(17390): 5523 0 0.265767000
D/UDP-TIMING(17390): 5524 0 0.260639000
D/UDP-TIMING(17390): 5525 0 0.255517000
D/UDP-TIMING(17390): 5526 0 0.250423000
D/UDP-TIMING(17390): 5527 0 0.245296000
D/UDP-TIMING(17390): 5528 0 0.240179000
D/UDP-TIMING(17390): 5529 0 0.235063000
D/UDP-TIMING(17390): 5530 0 0.259638000
D/UDP-TIMING(17390): 5531 0 0.254540000
D/UDP-TIMING(17390): 5532 0 0.249405000
D/UDP-TIMING(17390): 5533 0 0.244274000
D/UDP-TIMING(17390): 5534 0 0.239145000
D/UDP-TIMING(17390): 5535 0 0.263999000
D/UDP-TIMING(17390): 5536 0 0.258886000
D/UDP-TIMING(17390): 5537 0 0.253770000
D/UDP-TIMING(17390): 5538 0 0.248689000
D/UDP-TIMING(17390): 5539 0 0.243522000
D/UDP-TIMING(17390): 5540 0 0.238412000
D/UDP-TIMING(17390): 5541 0 0.263643000
D/UDP-TIMING(17390): 5542 0 0.258542000
D/UDP-TIMING(17390): 5543 0 0.253481000
D/UDP-TIMING(17390): 5544 0 0.248362000
D/UDP-TIMING(17390): 5545 0 0.243225000
D/UDP-TIMING(17390): 5546 0 0.238099000
D/UDP-TIMING(17390): 5547 0 0.262573000
D/UDP-TIMING(17390): 5548 0 0.257446000
D/UDP-TIMING(17390): 5549 0 0.252342000
D/UDP-TIMING(17390): 5550 0 0.247213000
D/UDP-TIMING(17390): 5551 0 0.242115000
D/UDP-TIMING(17390): 5552 0 0.237015000
D/UDP-TIMING(17390): 5553 0 0.262067000
D/UDP-TIMING(17390): 5554 0 0.256906000
D/UDP-TIMING(17390): 5555 0 0.240156000
D/UDP-TIMING(17390): 5556 0 0.261313000
D/UDP-TIMING(17390): 5557 0 0.256127000
D/UDP-TIMING(17390): 5558 0 0.251020000
D/UDP-TIMING(17390): 5559 0 0.245842000
D/UDP-TIMING(17390): 5560 0 0.240747000
E/TrafficStats( 1673): [QCTMM]tryAll index=0
E/TrafficStats( 1673): [QCTMM]tryAll index=1
E/TrafficStats( 1673): [QCTMM]tryAll index=2
D/UDP-TIMING(17390): 5561 0 0.358477000
D/UDP-TIMING(17390): 5562 0 0.353349000
D/UDP-TIMING(17390): 5563 0 0.348260000
D/UDP-TIMING(17390): 5564 0 0.343176000
D/UDP-TIMING(17390): 5565 0 0.338085000
D/UDP-TIMING(17390): 5566 0 0.332999000
D/UDP-TIMING(17390): 5567 0 0.327880000
D/UDP-TIMING(17390): 5568 0 0.322793000
D/UDP-TIMING(17390): 5569 0 0.317626000
D/UDP-TIMING(17390): 5570 0 0.312458000
D/UDP-TIMING(17390): 5571 0 0.307281000
D/UDP-TIMING(17390): 5572 0 0.302110000
D/UDP-TIMING(17390): 5573 0 0.296958000
D/UDP-TIMING(17390): 5574 0 0.291802000
D/UDP-TIMING(17390): 5575 0 0.286638000
D/UDP-TIMING(17390): 5576 0 0.281510000
D/UDP-TIMING(17390): 5577 0 0.276423000
D/UDP-TIMING(17390): 5578 0 0.271273000
D/UDP-TIMING(17390): 5579 0 0.266072000
D/UDP-TIMING(17390): 5580 0 0.260962000
D/UDP-TIMING(17390): 5581 0 0.255844000
D/UDP-TIMING(17390): 5582 0 0.250621000
D/UDP-TIMING(17390): 5583 0 0.245529000
D/UDP-TIMING(17390): 5584 0 0.240401000
D/UDP-TIMING(17390): 5585 0 0.235281000
E/TrafficStats( 1673): [QCTMM]tryAll index=0
E/TrafficStats( 1673): [QCTMM]tryAll index=1
E/TrafficStats( 1673): [QCTMM]tryAll index=2
D/DATA    ( 1860): sentSinceLastRecv=0,watchdogTrigger=10,maxindex=0
D/UDP-TIMING(17390): 5586 0 0.258045000
D/UDP-TIMING(17390): 5587 0 0.252875000
D/UDP-TIMING(17390): 5588 0 0.247694000
D/UDP-TIMING(17390): 5589 0 0.242558000
D/UDP-TIMING(17390): 5590 0 0.237438000
D/UDP-TIMING(17390): 5591 0 0.261358000
D/UDP-TIMING(17390): 5592 0 0.256256000
D/UDP-TIMING(17390): 5593 0 0.251096000
D/UDP-TIMING(17390): 5594 0 0.245996000
D/UDP-TIMING(17390): 5595 0 0.240823000
D/UDP-TIMING(17390): 5596 0 0.235679000
D/UDP-TIMING(17390): 5597 0 0.260788000
D/UDP-TIMING(17390): 5598 0 0.255630000
D/UDP-TIMING(17390): 5599 0 0.250485000
D/UDP-TIMING(17390): 5600 0 0.245326000
D/UDP-TIMING(17390): 5601 0 0.240224000
D/UDP-TIMING(17390): 5602 0 0.235107000
D/UDP-TIMING(17390): 5603 0 0.259682000
D/UDP-TIMING(17390): 5604 0 0.254571000
D/UDP-TIMING(17390): 5605 0 0.249442000
D/UDP-TIMING(17390): 5606 0 0.244310000
D/UDP-TIMING(17390): 5607 0 0.239173000
D/UDP-TIMING(17390): 5608 0 0.264266000
D/UDP-TIMING(17390): 5609 0 0.259191000
D/UDP-TIMING(17390): 5610 0 0.254072000
D/UDP-TIMING(17390): 5611 0 0.248959000
D/UDP-TIMING(17390): 5612 0 0.243842000
D/UDP-TIMING(17390): 5613 0 0.238726000
D/UDP-TIMING(17390): 5614 0 0.263299000
D/UDP-TIMING(17390): 5615 0 0.258191000
D/UDP-TIMING(17390): 5616 0 0.253104000
D/UDP-TIMING(17390): 5617 0 0.247987000
D/UDP-TIMING(17390): 5618 0 0.242861000
D/UDP-TIMING(17390): 5619 0 0.237743000
D/UDP-TIMING(17390): 5620 0 0.262610000
D/UDP-TIMING(17390): 5621 0 0.257517000
D/UDP-TIMING(17390): 5622 0 0.252421000
D/UDP-TIMING(17390): 5623 0 0.247363000
D/UDP-TIMING(17390): 5624 0 0.242248000
D/UDP-TIMING(17390): 5625 0 0.237134000
D/UDP-TIMING(17390): 5626 0 0.262013000
D/UDP-TIMING(17390): 5627 0 0.256896000
D/UDP-TIMING(17390): 5628 0 0.251780000
D/UDP-TIMING(17390): 5629 0 0.246669000
D/UDP-TIMING(17390): 5630 0 0.241549000
D/UDP-TIMING(17390): 5631 0 0.266459000
D/UDP-TIMING(17390): 5632 0 0.261348000
D/UDP-TIMING(17390): 5633 0 0.256240000
D/UDP-TIMING(17390): 5634 0 0.251127000
D/UDP-TIMING(17390): 5635 0 0.246016000
D/UDP-TIMING(17390): 5636 0 0.271115000
D/UDP-TIMING(17390): 5637 0 0.266021000
D/UDP-TIMING(17390): 5638 0 0.260922000
D/UDP-TIMING(17390): 5639 0 0.255828000
D/UDP-TIMING(17390): 5640 0 0.250706000
D/UDP-TIMING(17390): 5641 0 0.245598000
D/UDP-TIMING(17390): 5642 0 0.270186000
D/UDP-TIMING(17390): 5643 0 0.265066000
D/UDP-TIMING(17390): 5644 0 0.259932000
D/UDP-TIMING(17390): 5645 0 0.254806000
D/UDP-TIMING(17390): 5646 0 0.249692000
D/UDP-TIMING(17390): 5647 0 0.244568000
D/UDP-TIMING(17390): 5648 0 0.269693000
D/UDP-TIMING(17390): 5649 0 0.264581000
D/UDP-TIMING(17390): 5650 0 0.259468000
D/UDP-TIMING(17390): 5651 0 0.254375000
D/UDP-TIMING(17390): 5652 0 0.249259000
D/UDP-TIMING(17390): 5653 0 0.244142000
D/UDP-TIMING(17390): 5654 0 0.268718000
D/UDP-TIMING(17390): 5655 0 0.263606000
D/UDP-TIMING(17390): 5656 0 0.239110000
D/UDP-TIMING(17390): 5657 0 0.258527000
D/UDP-TIMING(17390): 5658 0 0.253315000
D/UDP-TIMING(17390): 5659 0 0.248142000
D/UDP-TIMING(17390): 5660 0 0.242964000
D/UDP-TIMING(17390): 5661 0 0.237866000
D/UDP-TIMING(17390): 5662 0 0.262438000
D/UDP-TIMING(17390): 5663 0 0.257147000
D/UDP-TIMING(17390): 5664 0 0.251963000
D/UDP-TIMING(17390): 5665 0 0.246717000
D/UDP-TIMING(17390): 5666 0 0.241416000
D/UDP-TIMING(17390): 5667 0 0.236146000
D/UDP-TIMING(17390): 5668 0 0.261109000
D/UDP-TIMING(17390): 5669 0 0.255951000
D/UDP-TIMING(17390): 5670 0 0.250788000
D/UDP-TIMING(17390): 5671 0 0.245592000
D/UDP-TIMING(17390): 5672 0 0.240433000
D/UDP-TIMING(17390): 5673 0 0.235264000
D/UDP-TIMING(17390): 5674 0 0.259763000
D/UDP-TIMING(17390): 5675 0 0.254648000
D/UDP-TIMING(17390): 5676 0 0.249538000
D/UDP-TIMING(17390): 5677 0 0.244305000
D/UDP-TIMING(17390): 5678 0 0.239182000
D/UDP-TIMING(17390): 5679 0 0.264315000
D/UDP-TIMING(17390): 5680 0 0.259098000
D/UDP-TIMING(17390): 5681 0 0.253978000
D/UDP-TIMING(17390): 5682 0 0.248865000
D/UDP-TIMING(17390): 5683 0 0.243632000
D/UDP-TIMING(17390): 5684 0 0.238424000
E/TrafficStats( 1673): [QCTMM]tryAll index=0
E/TrafficStats( 1673): [QCTMM]tryAll index=1
E/TrafficStats( 1673): [QCTMM]tryAll index=2
E/TrafficStats( 1673): [QCTMM]tryAll index=0
E/TrafficStats( 1673): [QCTMM]tryAll index=1
E/TrafficStats( 1673): [QCTMM]tryAll index=2
D/DATA    ( 1860): sentSinceLastRecv=0,watchdogTrigger=10,maxindex=0
D/UDP-TIMING(17390): 5685 0 0.263367000
D/UDP-TIMING(17390): 5686 0 0.258122000
D/UDP-TIMING(17390): 5687 0 0.252906000
D/UDP-TIMING(17390): 5688 0 0.247663000
D/UDP-TIMING(17390): 5689 0 0.242417000
D/UDP-TIMING(17390): 5690 0 0.237175000
D/UDP-TIMING(17390): 5691 0 0.261776000
D/UDP-TIMING(17390): 5692 0 0.256596000
D/UDP-TIMING(17390): 5693 0 0.251298000
D/UDP-TIMING(17390): 5694 0 0.246084000
D/UDP-TIMING(17390): 5695 0 0.240830000
D/UDP-TIMING(17390): 5696 0 0.235618000
D/UDP-TIMING(17390): 5697 0 0.259905000
D/UDP-TIMING(17390): 5698 0 0.254734000
D/UDP-TIMING(17390): 5699 0 0.249528000
D/UDP-TIMING(17390): 5700 0 0.244293000
D/UDP-TIMING(17390): 5701 0 0.239062000
D/UDP-TIMING(17390): 5702 0 0.264168000
D/UDP-TIMING(17390): 5703 0 0.258928000
D/UDP-TIMING(17390): 5704 0 0.253676000
D/UDP-TIMING(17390): 5705 0 0.248424000
D/UDP-TIMING(17390): 5706 0 0.243171000
D/UDP-TIMING(17390): 5707 0 0.237921000
D/UDP-TIMING(17390): 5708 0 0.262307000
D/UDP-TIMING(17390): 5709 0 0.257057000
D/UDP-TIMING(17390): 5710 0 0.251823000
D/UDP-TIMING(17390): 5711 0 0.246619000
D/UDP-TIMING(17390): 5712 0 0.241381000
D/UDP-TIMING(17390): 5713 0 0.266180000
D/UDP-TIMING(17390): 5714 0 0.260981000
D/UDP-TIMING(17390): 5715 0 0.255746000
D/UDP-TIMING(17390): 5716 0 0.250508000
D/UDP-TIMING(17390): 5717 0 0.245369000
D/UDP-TIMING(17390): 5718 0 0.270482000
D/UDP-TIMING(17390): 5719 0 0.265342000
D/UDP-TIMING(17390): 5720 0 0.260149000
D/UDP-TIMING(17390): 5721 0 0.254954000
D/UDP-TIMING(17390): 5722 0 0.249725000
D/UDP-TIMING(17390): 5723 0 0.244497000
D/UDP-TIMING(17390): 5724 0 0.268922000
D/UDP-TIMING(17390): 5725 0 0.263679000
D/UDP-TIMING(17390): 5726 0 0.258476000
D/UDP-TIMING(17390): 5727 0 0.253240000
D/UDP-TIMING(17390): 5728 0 0.248005000
D/UDP-TIMING(17390): 5729 0 0.242767000
D/UDP-TIMING(17390): 5730 0 0.237527000
D/UDP-TIMING(17390): 5731 0 0.262626000
D/UDP-TIMING(17390): 5732 0 0.257388000
D/UDP-TIMING(17390): 5733 0 0.252185000
D/UDP-TIMING(17390): 5734 0 0.246986000
D/UDP-TIMING(17390): 5735 0 0.241751000
D/UDP-TIMING(17390): 5736 0 0.236705000
D/UDP-TIMING(17390): 5737 0 0.261205000
D/UDP-TIMING(17390): 5738 0 0.256085000
D/UDP-TIMING(17390): 5739 0 0.250853000
D/UDP-TIMING(17390): 5740 0 0.245606000
D/UDP-TIMING(17390): 5741 0 0.240361000
D/UDP-TIMING(17390): 5742 0 0.235152000
D/UDP-TIMING(17390): 5743 0 0.260246000
D/UDP-TIMING(17390): 5744 0 0.255035000
D/UDP-TIMING(17390): 5745 0 0.249796000
D/UDP-TIMING(17390): 5746 0 0.244560000
D/UDP-TIMING(17390): 5747 0 0.239320000
D/UDP-TIMING(17390): 5748 0 0.263714000
D/UDP-TIMING(17390): 5749 0 0.258480000
D/UDP-TIMING(17390): 5750 0 0.253245000
D/UDP-TIMING(17390): 5751 0 0.278253000
D/UDP-TIMING(17390): 5752 0 0.273018000
D/UDP-TIMING(17390): 5753 0 0.267782000
D/UDP-TIMING(17390): 5754 0 0.262575000
D/UDP-TIMING(17390): 5755 0 0.257451000
D/UDP-TIMING(17390): 5756 0 0.252305000
D/UDP-TIMING(17390): 5757 0 0.238921000
D/UDP-TIMING(17390): 5758 0 0.256788000
D/UDP-TIMING(17390): 5759 0 0.251617000
D/UDP-TIMING(17390): 5760 0 0.246441000
D/UDP-TIMING(17390): 5761 0 0.241196000
D/UDP-TIMING(17390): 5762 0 0.235989000
D/UDP-TIMING(17390): 5763 0 0.260804000
D/UDP-TIMING(17390): 5764 0 0.255570000
D/UDP-TIMING(17390): 5765 0 0.250304000
D/UDP-TIMING(17390): 5766 0 0.245142000
D/UDP-TIMING(17390): 5767 0 0.239882000
D/UDP-TIMING(17390): 5768 0 0.234834000
D/UDP-TIMING(17390): 5769 0 0.259368000
D/UDP-TIMING(17390): 5770 0 0.254200000
D/UDP-TIMING(17390): 5771 0 0.248986000
D/UDP-TIMING(17390): 5772 0 0.274024000
D/UDP-TIMING(17390): 5773 0 0.268846000
D/UDP-TIMING(17390): 5774 0 0.263749000
D/UDP-TIMING(17390): 5775 0 0.258586000
D/UDP-TIMING(17390): 5776 0 0.253514000
D/UDP-TIMING(17390): 5777 0 0.248359000
D/UDP-TIMING(17390): 5778 0 0.243232000
D/UDP-TIMING(17390): 5779 0 0.238033000
D/UDP-TIMING(17390): 5780 0 0.262487000
D/UDP-TIMING(17390): 5781 0 0.257279000
D/UDP-TIMING(17390): 5782 0 0.252044000
D/UDP-TIMING(17390): 5783 0 0.246825000
D/UDP-TIMING(17390): 5784 0 0.241605000
D/UDP-TIMING(17390): 5785 0 0.236400000
E/TrafficStats( 1673): [QCTMM]tryAll index=0
E/TrafficStats( 1673): [QCTMM]tryAll index=1
E/TrafficStats( 1673): [QCTMM]tryAll index=2
E/TrafficStats( 1673): [QCTMM]tryAll index=0
E/TrafficStats( 1673): [QCTMM]tryAll index=1
E/TrafficStats( 1673): [QCTMM]tryAll index=2
D/DATA    ( 1860): sentSinceLastRecv=0,watchdogTrigger=10,maxindex=0
D/UDP-TIMING(17390): 5786 0 0.262244000
D/UDP-TIMING(17390): 5787 0 0.257010000
D/UDP-TIMING(17390): 5788 0 0.251774000
D/UDP-TIMING(17390): 5789 0 0.246539000
D/UDP-TIMING(17390): 5790 0 0.241338000
D/UDP-TIMING(17390): 5791 0 0.265367000
D/UDP-TIMING(17390): 5792 0 0.260132000
D/UDP-TIMING(17390): 5793 0 0.254894000
D/UDP-TIMING(17390): 5794 0 0.249688000
D/UDP-TIMING(17390): 5795 0 0.244513000
D/UDP-TIMING(17390): 5796 0 0.239360000
D/UDP-TIMING(17390): 5797 0 0.264129000
D/UDP-TIMING(17390): 5798 0 0.259002000
D/UDP-TIMING(17390): 5799 0 0.253791000
D/UDP-TIMING(17390): 5800 0 0.248655000
D/UDP-TIMING(17390): 5801 0 0.243417000
D/UDP-TIMING(17390): 5802 0 0.238159000
D/UDP-TIMING(17390): 5803 0 0.262552000
D/UDP-TIMING(17390): 5804 0 0.257297000
D/UDP-TIMING(17390): 5805 0 0.252059000
D/UDP-TIMING(17390): 5806 0 0.246828000
D/UDP-TIMING(17390): 5807 0 0.241591000
D/UDP-TIMING(17390): 5808 0 0.236384000
D/UDP-TIMING(17390): 5809 0 0.261087000
D/UDP-TIMING(17390): 5810 0 0.255851000
D/UDP-TIMING(17390): 5811 0 0.250615000
D/UDP-TIMING(17390): 5812 0 0.245378000
D/UDP-TIMING(17390): 5813 0 0.240173000
D/UDP-TIMING(17390): 5814 0 0.234938000
D/UDP-TIMING(17390): 5815 0 0.260043000
D/UDP-TIMING(17390): 5816 0 0.254873000
D/UDP-TIMING(17390): 5817 0 0.249738000
D/UDP-TIMING(17390): 5818 0 0.244497000
D/UDP-TIMING(17390): 5819 0 0.239213000
D/UDP-TIMING(17390): 5820 0 0.263648000
D/UDP-TIMING(17390): 5821 0 0.258407000
D/UDP-TIMING(17390): 5822 0 0.253199000
D/UDP-TIMING(17390): 5823 0 0.247964000
D/UDP-TIMING(17390): 5824 0 0.242722000
D/UDP-TIMING(17390): 5825 0 0.237486000
D/UDP-TIMING(17390): 5826 0 0.262615000
D/UDP-TIMING(17390): 5827 0 0.257376000
D/UDP-TIMING(17390): 5828 0 0.252130000
D/UDP-TIMING(17390): 5829 0 0.246892000
D/UDP-TIMING(17390): 5830 0 0.241657000
D/UDP-TIMING(17390): 5831 0 0.236484000
D/UDP-TIMING(17390): 5832 0 0.260917000
D/UDP-TIMING(17390): 5833 0 0.255717000
D/UDP-TIMING(17390): 5834 0 0.250603000
D/UDP-TIMING(17390): 5835 0 0.245500000
D/UDP-TIMING(17390): 5836 0 0.240416000
D/UDP-TIMING(17390): 5837 0 0.235214000
D/UDP-TIMING(17390): 5838 0 0.260184000
D/UDP-TIMING(17390): 5839 0 0.254964000
D/UDP-TIMING(17390): 5840 0 0.249719000
D/UDP-TIMING(17390): 5841 0 0.244484000
D/UDP-TIMING(17390): 5842 0 0.239248000
D/UDP-TIMING(17390): 5843 0 0.263675000
D/UDP-TIMING(17390): 5844 0 0.258471000
D/UDP-TIMING(17390): 5845 0 0.253236000
D/UDP-TIMING(17390): 5846 0 0.248032000
D/UDP-TIMING(17390): 5847 0 0.273161000
D/UDP-TIMING(17390): 5848 0 0.267961000
D/UDP-TIMING(17390): 5849 0 0.262761000
D/UDP-TIMING(17390): 5850 0 0.257564000
D/UDP-TIMING(17390): 5851 0 0.252364000
D/UDP-TIMING(17390): 5852 0 0.247121000
D/UDP-TIMING(17390): 5853 0 0.242027000
D/UDP-TIMING(17390): 5854 0 0.236869000
D/UDP-TIMING(17390): 5855 0 0.261416000
D/UDP-TIMING(17390): 5856 0 0.256227000
D/UDP-TIMING(17390): 5857 0 0.250998000
D/UDP-TIMING(17390): 5858 0 0.241745000
D/UDP-TIMING(17390): 5859 0 0.256095000
D/UDP-TIMING(17390): 5860 0 0.250919000
D/UDP-TIMING(17390): 5861 0 0.245677000
D/UDP-TIMING(17390): 5862 0 0.240434000
D/UDP-TIMING(17390): 5863 0 0.235306000
D/UDP-TIMING(17390): 5864 0 0.259460000
D/UDP-TIMING(17390): 5865 0 0.254295000
D/UDP-TIMING(17390): 5866 0 0.249066000
D/UDP-TIMING(17390): 5867 0 0.243860000
D/UDP-TIMING(17390): 5868 0 0.268941000
D/UDP-TIMING(17390): 5869 0 0.263732000
D/UDP-TIMING(17390): 5870 0 0.258498000
D/UDP-TIMING(17390): 5871 0 0.253284000
D/UDP-TIMING(17390): 5872 0 0.248045000
D/UDP-TIMING(17390): 5873 0 0.242805000
D/UDP-TIMING(17390): 5874 0 0.237726000
D/UDP-TIMING(17390): 5875 0 0.262198000
D/UDP-TIMING(17390): 5876 0 0.256971000
D/UDP-TIMING(17390): 5877 0 0.251811000
D/UDP-TIMING(17390): 5878 0 0.246589000
D/UDP-TIMING(17390): 5879 0 0.241415000
D/UDP-TIMING(17390): 5880 0 0.236317000
D/UDP-TIMING(17390): 5881 0 0.261470000
D/UDP-TIMING(17390): 5882 0 0.256247000
D/UDP-TIMING(17390): 5883 0 0.251005000
D/UDP-TIMING(17390): 5884 0 0.245706000
D/UDP-TIMING(17390): 5885 0 0.240465000
D/UDP-TIMING(17390): 5886 0 0.235272000
E/TrafficStats( 1673): [QCTMM]tryAll index=0
E/TrafficStats( 1673): [QCTMM]tryAll index=1
E/TrafficStats( 1673): [QCTMM]tryAll index=2
E/TrafficStats( 1673): [QCTMM]tryAll index=0
E/TrafficStats( 1673): [QCTMM]tryAll index=1
E/TrafficStats( 1673): [QCTMM]tryAll index=2
D/DATA    ( 1860): sentSinceLastRecv=0,watchdogTrigger=10,maxindex=0
D/UDP-TIMING(17390): 5887 0 0.260295000
D/UDP-TIMING(17390): 5888 0 0.255112000
D/UDP-TIMING(17390): 5889 0 0.249929000
D/UDP-TIMING(17390): 5890 0 0.274317000
D/UDP-TIMING(17390): 5891 0 0.269131000
D/UDP-TIMING(17390): 5892 0 0.263891000
D/UDP-TIMING(17390): 5893 0 0.258648000
D/UDP-TIMING(17390): 5894 0 0.253418000
D/UDP-TIMING(17390): 5895 0 0.248242000
D/UDP-TIMING(17390): 5896 0 0.243052000
D/UDP-TIMING(17390): 5897 0 0.237861000
D/UDP-TIMING(17390): 5898 0 0.262794000
D/UDP-TIMING(17390): 5899 0 0.257582000
D/UDP-TIMING(17390): 5900 0 0.252386000
D/UDP-TIMING(17390): 5901 0 0.247171000
D/UDP-TIMING(17390): 5902 0 0.271738000
D/UDP-TIMING(17390): 5903 0 0.266366000
D/UDP-TIMING(17390): 5904 0 0.261175000
D/UDP-TIMING(17390): 5905 0 0.255945000
D/UDP-TIMING(17390): 5906 0 0.250710000
D/UDP-TIMING(17390): 5907 0 0.245469000
D/UDP-TIMING(17390): 5908 0 0.240217000
D/UDP-TIMING(17390): 5909 0 0.265120000
D/UDP-TIMING(17390): 5910 0 0.259871000
D/UDP-TIMING(17390): 5911 0 0.254618000
D/UDP-TIMING(17390): 5912 0 0.249412000
D/UDP-TIMING(17390): 5913 0 0.244162000
D/UDP-TIMING(17390): 5914 0 0.238920000
D/UDP-TIMING(17390): 5915 0 0.263383000
D/UDP-TIMING(17390): 5916 0 0.258105000
D/UDP-TIMING(17390): 5917 0 0.252870000
D/UDP-TIMING(17390): 5918 0 0.247576000
D/UDP-TIMING(17390): 5919 0 0.242438000
D/UDP-TIMING(17390): 5920 0 0.237207000
D/UDP-TIMING(17390): 5921 0 0.262246000
D/UDP-TIMING(17390): 5922 0 0.257002000
D/UDP-TIMING(17390): 5923 0 0.251800000
D/UDP-TIMING(17390): 5924 0 0.246562000
D/UDP-TIMING(17390): 5925 0 0.241322000
D/UDP-TIMING(17390): 5926 0 0.236085000
D/UDP-TIMING(17390): 5927 0 0.260577000
D/UDP-TIMING(17390): 5928 0 0.255340000
D/UDP-TIMING(17390): 5929 0 0.250094000
D/UDP-TIMING(17390): 5930 0 0.244862000
D/UDP-TIMING(17390): 5931 0 0.239722000
D/UDP-TIMING(17390): 5932 0 0.234630000
D/UDP-TIMING(17390): 5933 0 0.259728000
D/UDP-TIMING(17390): 5934 0 0.254600000
D/UDP-TIMING(17390): 5935 0 0.249427000
D/UDP-TIMING(17390): 5936 0 0.244220000
D/UDP-TIMING(17390): 5937 0 0.239014000
D/UDP-TIMING(17390): 5938 0 0.263531000
D/UDP-TIMING(17390): 5939 0 0.258331000
D/UDP-TIMING(17390): 5940 0 0.253171000
D/UDP-TIMING(17390): 5941 0 0.248015000
D/UDP-TIMING(17390): 5942 0 0.242829000
D/UDP-TIMING(17390): 5943 0 0.237609000
D/UDP-TIMING(17390): 5944 0 0.262545000
D/UDP-TIMING(17390): 5945 0 0.257316000
D/UDP-TIMING(17390): 5946 0 0.252070000
D/UDP-TIMING(17390): 5947 0 0.246826000
D/UDP-TIMING(17390): 5948 0 0.241613000
D/UDP-TIMING(17390): 5949 0 0.236367000
D/UDP-TIMING(17390): 5950 0 0.260815000
D/UDP-TIMING(17390): 5951 0 0.255615000
D/UDP-TIMING(17390): 5952 0 0.250445000
D/UDP-TIMING(17390): 5953 0 0.245234000
D/UDP-TIMING(17390): 5954 0 0.240050000
D/UDP-TIMING(17390): 5955 0 0.265141000
D/UDP-TIMING(17390): 5956 0 0.259945000
D/UDP-TIMING(17390): 5957 0 0.254790000
D/UDP-TIMING(17390): 5958 0 0.249631000
D/UDP-TIMING(17390): 5959 0 0.241095000
D/UDP-TIMING(17390): 5960 0 0.237252000
D/UDP-TIMING(17390): 5961 0 0.248912000
D/UDP-TIMING(17390): 5962 0 0.243705000
D/UDP-TIMING(17390): 5963 0 0.238463000
D/UDP-TIMING(17390): 5964 0 0.263178000
D/UDP-TIMING(17390): 5965 0 0.258001000
D/UDP-TIMING(17390): 5966 0 0.252824000
D/UDP-TIMING(17390): 5967 0 0.247634000
D/UDP-TIMING(17390): 5968 0 0.242474000
D/UDP-TIMING(17390): 5969 0 0.266837000
D/UDP-TIMING(17390): 5970 0 0.261746000
D/UDP-TIMING(17390): 5971 0 0.256502000
D/UDP-TIMING(17390): 5972 0 0.251226000
D/UDP-TIMING(17390): 5973 0 0.245972000
D/UDP-TIMING(17390): 5974 0 0.271288000
D/UDP-TIMING(17390): 5975 0 0.266208000
D/UDP-TIMING(17390): 5976 0 0.261160000
D/UDP-TIMING(17390): 5977 0 0.256048000
D/UDP-TIMING(17390): 5978 0 0.250812000
D/UDP-TIMING(17390): 5979 0 0.245573000
D/UDP-TIMING(17390): 5980 0 0.240333000
D/UDP-TIMING(17390): 5981 0 0.264657000
D/UDP-TIMING(17390): 5982 0 0.259414000
D/UDP-TIMING(17390): 5983 0 0.254168000
D/UDP-TIMING(17390): 5984 0 0.248927000
D/UDP-TIMING(17390): 5985 0 0.243715000
D/UDP-TIMING(17390): 5986 0 0.238472000
E/TrafficStats( 1673): [QCTMM]tryAll index=0
E/TrafficStats( 1673): [QCTMM]tryAll index=1
E/TrafficStats( 1673): [QCTMM]tryAll index=2
E/TrafficStats( 1673): [QCTMM]tryAll index=0
E/TrafficStats( 1673): [QCTMM]tryAll index=1
E/TrafficStats( 1673): [QCTMM]tryAll index=2
D/DATA    ( 1860): sentSinceLastRecv=0,watchdogTrigger=10,maxindex=0
D/UDP-TIMING(17390): 5987 0 0.263712000
D/UDP-TIMING(17390): 5988 0 0.258469000
D/UDP-TIMING(17390): 5989 0 0.253224000
D/UDP-TIMING(17390): 5990 0 0.247980000
D/UDP-TIMING(17390): 5991 0 0.242759000
D/UDP-TIMING(17390): 5992 0 0.237586000
D/UDP-TIMING(17390): 5993 0 0.262141000
D/UDP-TIMING(17390): 5994 0 0.257033000
D/UDP-TIMING(17390): 5995 0 0.251902000
D/UDP-TIMING(17390): 5996 0 0.246696000
D/UDP-TIMING(17390): 5997 0 0.241579000
D/UDP-TIMING(17390): 5998 0 0.236380000
D/UDP-TIMING(17390): 5999 0 0.260873000
D/UDP-TIMING(17390): 6000 0 0.255638000
D/UDP-TIMING(17390): 6001 0 0.250396000
D/UDP-TIMING(17390): 6002 0 0.245180000
D/UDP-TIMING(17390): 6003 0 0.239937000
D/UDP-TIMING(17390): 6004 0 0.234694000
E/TrafficStats(16531): [QCTMM]tryAll index=0
E/TrafficStats(16531): [QCTMM]tryAll index=1
E/TrafficStats(16531): [QCTMM]tryAll index=2
D/UDP-TIMING(17390): 6005 0 0.260332000
D/UDP-TIMING(17390): 6006 0 0.255116000
D/UDP-TIMING(17390): 6007 0 0.249862000
D/UDP-TIMING(17390): 6008 0 0.244616000
D/UDP-TIMING(17390): 6009 0 0.239373000
E/TrafficStats(16531): [QCTMM]tryAll index=0
E/TrafficStats(16531): [QCTMM]tryAll index=1
E/TrafficStats(16531): [QCTMM]tryAll index=2
E/TrafficStats(16531): [QCTMM]tryAll index=0
E/TrafficStats(16531): [QCTMM]tryAll index=1
E/TrafficStats(16531): [QCTMM]tryAll index=2
D/UDP-TIMING(17390): 6010 0 0.263751000
D/UDP-TIMING(17390): 6011 0 0.258635000
D/UDP-TIMING(17390): 6012 0 0.253543000
D/UDP-TIMING(17390): 6013 0 0.248465000
D/UDP-TIMING(17390): 6014 0 0.243337000
E/TrafficStats(16531): [QCTMM]tryAll index=0
E/TrafficStats(16531): [QCTMM]tryAll index=1
E/TrafficStats(16531): [QCTMM]tryAll index=2
D/UDP-TIMING(17390): 6015 0 0.267474000
D/UDP-TIMING(17390): 6016 0 0.262383000
D/UDP-TIMING(17390): 6017 0 0.257193000
D/UDP-TIMING(17390): 6018 0 0.251955000
D/UDP-TIMING(17390): 6019 0 0.246718000
D/UDP-TIMING(17390): 6020 0 0.241484000
D/UDP-TIMING(17390): 6021 0 0.236250000
D/UDP-TIMING(17390): 6022 0 0.260709000
D/UDP-TIMING(17390): 6023 0 0.255469000
D/UDP-TIMING(17390): 6024 0 0.250224000
D/UDP-TIMING(17390): 6025 0 0.244988000
D/UDP-TIMING(17390): 6026 0 0.270276000
D/UDP-TIMING(17390): 6027 0 0.265106000
D/UDP-TIMING(17390): 6028 0 0.259903000
D/UDP-TIMING(17390): 6029 0 0.254700000
D/UDP-TIMING(17390): 6030 0 0.249595000
D/UDP-TIMING(17390): 6031 0 0.244471000
D/UDP-TIMING(17390): 6032 0 0.239357000
D/UDP-TIMING(17390): 6033 0 0.234222000
D/UDP-TIMING(17390): 6034 0 0.259037000
D/UDP-TIMING(17390): 6035 0 0.253835000
D/UDP-TIMING(17390): 6036 0 0.248604000
D/UDP-TIMING(17390): 6037 0 0.243365000
D/UDP-TIMING(17390): 6038 0 0.268427000
D/UDP-TIMING(17390): 6039 0 0.263188000
D/UDP-TIMING(17390): 6040 0 0.257954000
D/UDP-TIMING(17390): 6041 0 0.252750000
D/UDP-TIMING(17390): 6042 0 0.247515000
D/UDP-TIMING(17390): 6043 0 0.242277000
D/UDP-TIMING(17390): 6044 0 0.266694000
D/UDP-TIMING(17390): 6045 0 0.261459000
D/UDP-TIMING(17390): 6046 0 0.256254000
D/UDP-TIMING(17390): 6047 0 0.251018000
D/UDP-TIMING(17390): 6048 0 0.245783000
D/UDP-TIMING(17390): 6049 0 0.240548000
D/UDP-TIMING(17390): 6050 0 0.235449000
D/UDP-TIMING(17390): 6051 0 0.260597000
D/UDP-TIMING(17390): 6052 0 0.255419000
D/UDP-TIMING(17390): 6053 0 0.250227000
D/UDP-TIMING(17390): 6054 0 0.245029000
D/UDP-TIMING(17390): 6055 0 0.269522000
D/UDP-TIMING(17390): 6056 0 0.264353000
D/UDP-TIMING(17390): 6057 0 0.259151000
D/UDP-TIMING(17390): 6058 0 0.253948000
D/UDP-TIMING(17390): 6059 0 0.248748000
D/UDP-TIMING(17390): 6060 0 0.241128000
D/UDP-TIMING(17390): 6061 0 0.238669000
D/StatusBarPolicy( 1816): iconIndex=1
V/StatusBarPolicy( 1816): cdmaLevel:2;max:4
D/StatusBarPolicy( 1816): iconLevel:2
D/UDP-TIMING(17390): 6062 0 0.272372000
D/UDP-TIMING(17390): 6063 0 0.267232000
D/UDP-TIMING(17390): 6064 0 0.261954000
D/UDP-TIMING(17390): 6065 0 0.256721000
D/UDP-TIMING(17390): 6066 0 0.253061000
D/UDP-TIMING(17390): 6067 0 0.247901000
D/UDP-TIMING(17390): 6068 0 0.242797000
D/UDP-TIMING(17390): 6069 0 0.237664000
D/UDP-TIMING(17390): 6070 0 0.246651000
D/UDP-TIMING(17390): 6071 0 0.241304000
D/UDP-TIMING(17390): 6072 0 0.265325000
D/UDP-TIMING(17390): 6073 0 0.260152000
D/UDP-TIMING(17390): 6074 0 0.255070000
D/UDP-TIMING(17390): 6075 0 0.249848000
D/UDP-TIMING(17390): 6076 0 0.244596000
D/UDP-TIMING(17390): 6077 0 0.239320000
D/UDP-TIMING(17390): 6078 0 0.236137000
I/PhoneInfo( 2188): getCdmaLevel - cdmaDbm: -73 cdmaEcio:-120
I/PhoneInfo( 2188): getEvdoLevel - evdoDbm: -120 evdoSnr:-1 evdoEcio:-1
I/PhoneInfo( 2188): getLteLevel - lteRsrp: -1 lteCqi:-1
D/UDP-TIMING(17390): 6079 0 0.258841000
D/UDP-TIMING(17390): 6080 0 0.253681000
D/UDP-TIMING(17390): 6081 0 0.248513000
D/UDP-TIMING(17390): 6082 0 0.243347000
D/UDP-TIMING(17390): 6083 0 0.238225000
E/TrafficStats( 1673): [QCTMM]tryAll index=0
E/TrafficStats( 1673): [QCTMM]tryAll index=1
E/TrafficStats( 1673): [QCTMM]tryAll index=2
E/TrafficStats( 1673): [QCTMM]tryAll index=0
E/TrafficStats( 1673): [QCTMM]tryAll index=1
E/TrafficStats( 1673): [QCTMM]tryAll index=2
D/DATA    ( 1860): sentSinceLastRecv=0,watchdogTrigger=10,maxindex=0
D/UDP-TIMING(17390): 6084 0 0.263366000
D/UDP-TIMING(17390): 6085 0 0.258123000
D/UDP-TIMING(17390): 6086 0 0.252950000
D/UDP-TIMING(17390): 6087 0 0.247824000
D/UDP-TIMING(17390): 6088 0 0.242669000
D/UDP-TIMING(17390): 6089 0 0.237442000
D/UDP-TIMING(17390): 6090 0 0.262028000
D/UDP-TIMING(17390): 6091 0 0.256939000
D/UDP-TIMING(17390): 6092 0 0.251810000
D/UDP-TIMING(17390): 6093 0 0.246695000
D/UDP-TIMING(17390): 6094 0 0.241584000
D/UDP-TIMING(17390): 6095 0 0.236495000
D/UDP-TIMING(17390): 6096 0 0.261647000
D/UDP-TIMING(17390): 6097 0 0.256534000
D/UDP-TIMING(17390): 6098 0 0.251381000
D/UDP-TIMING(17390): 6099 0 0.246230000
D/UDP-TIMING(17390): 6100 0 0.271503000
D/UDP-TIMING(17390): 6101 0 0.266310000
D/UDP-TIMING(17390): 6102 0 0.261101000
D/UDP-TIMING(17390): 6103 0 0.255898000
D/UDP-TIMING(17390): 6104 0 0.250699000
D/UDP-TIMING(17390): 6105 0 0.245530000
D/UDP-TIMING(17390): 6106 0 0.240331000
D/UDP-TIMING(17390): 6107 0 0.235167000
D/UDP-TIMING(17390): 6108 0 0.259705000
D/UDP-TIMING(17390): 6109 0 0.254554000
D/UDP-TIMING(17390): 6110 0 0.249489000
D/UDP-TIMING(17390): 6111 0 0.244382000
D/UDP-TIMING(17390): 6112 0 0.239237000
D/UDP-TIMING(17390): 6113 0 0.264291000
D/UDP-TIMING(17390): 6114 0 0.259107000
D/UDP-TIMING(17390): 6115 0 0.253916000
D/UDP-TIMING(17390): 6116 0 0.248719000
D/UDP-TIMING(17390): 6117 0 0.243516000
D/UDP-TIMING(17390): 6118 0 0.238239000
D/UDP-TIMING(17390): 6119 0 0.262788000
D/UDP-TIMING(17390): 6120 0 0.257556000
D/UDP-TIMING(17390): 6121 0 0.252352000
D/UDP-TIMING(17390): 6122 0 0.247114000
D/UDP-TIMING(17390): 6123 0 0.272239000
D/UDP-TIMING(17390): 6124 0 0.267004000
D/UDP-TIMING(17390): 6125 0 0.261800000
D/UDP-TIMING(17390): 6126 0 0.256597000
D/UDP-TIMING(17390): 6127 0 0.251441000
D/UDP-TIMING(17390): 6128 0 0.246253000
D/UDP-TIMING(17390): 6129 0 0.241099000
D/UDP-TIMING(17390): 6130 0 0.235941000
D/UDP-TIMING(17390): 6131 0 0.260468000
D/UDP-TIMING(17390): 6132 0 0.255365000
D/UDP-TIMING(17390): 6133 0 0.250222000
D/UDP-TIMING(17390): 6134 0 0.245025000
D/UDP-TIMING(17390): 6135 0 0.239829000
D/UDP-TIMING(17390): 6136 0 0.264865000
D/UDP-TIMING(17390): 6137 0 0.259667000
D/UDP-TIMING(17390): 6138 0 0.254462000
D/UDP-TIMING(17390): 6139 0 0.249267000
D/UDP-TIMING(17390): 6140 0 0.244100000
D/UDP-TIMING(17390): 6141 0 0.238894000
D/UDP-TIMING(17390): 6142 0 0.263347000
D/UDP-TIMING(17390): 6143 0 0.258110000
D/UDP-TIMING(17390): 6144 0 0.252870000
D/UDP-TIMING(17390): 6145 0 0.247635000
D/UDP-TIMING(17390): 6146 0 0.242399000
D/UDP-TIMING(17390): 6147 0 0.237195000
D/UDP-TIMING(17390): 6148 0 0.261928000
D/UDP-TIMING(17390): 6149 0 0.256827000
D/UDP-TIMING(17390): 6150 0 0.251727000
D/UDP-TIMING(17390): 6151 0 0.246654000
D/UDP-TIMING(17390): 6152 0 0.241502000
D/UDP-TIMING(17390): 6153 0 0.236299000
D/UDP-TIMING(17390): 6154 0 0.261409000
D/UDP-TIMING(17390): 6155 0 0.256204000
D/UDP-TIMING(17390): 6156 0 0.251007000
D/UDP-TIMING(17390): 6157 0 0.245807000
D/UDP-TIMING(17390): 6158 0 0.270240000
D/UDP-TIMING(17390): 6159 0 0.264998000
D/UDP-TIMING(17390): 6160 0 0.259790000
D/UDP-TIMING(17390): 6161 0 0.247250000
D/UDP-TIMING(17390): 6162 0 0.264253000
D/UDP-TIMING(17390): 6163 0 0.259085000
D/UDP-TIMING(17390): 6164 0 0.253918000
D/UDP-TIMING(17390): 6165 0 0.248716000
D/UDP-TIMING(17390): 6166 0 0.243517000
D/UDP-TIMING(17390): 6167 0 0.268382000
D/UDP-TIMING(17390): 6168 0 0.263155000
D/UDP-TIMING(17390): 6169 0 0.257920000
D/UDP-TIMING(17390): 6170 0 0.252755000
D/UDP-TIMING(17390): 6171 0 0.247595000
D/UDP-TIMING(17390): 6172 0 0.242361000
D/UDP-TIMING(17390): 6173 0 0.237232000
D/UDP-TIMING(17390): 6174 0 0.262260000
D/UDP-TIMING(17390): 6175 0 0.257169000
D/UDP-TIMING(17390): 6176 0 0.251965000
D/UDP-TIMING(17390): 6177 0 0.246816000
D/UDP-TIMING(17390): 6178 0 0.271321000
D/UDP-TIMING(17390): 6179 0 0.266085000
D/UDP-TIMING(17390): 6180 0 0.260838000
D/UDP-TIMING(17390): 6181 0 0.255604000
D/UDP-TIMING(17390): 6182 0 0.250393000
E/TrafficStats( 1673): [QCTMM]tryAll index=0
E/TrafficStats( 1673): [QCTMM]tryAll index=1
E/TrafficStats( 1673): [QCTMM]tryAll index=2
E/TrafficStats( 1673): [QCTMM]tryAll index=0
E/TrafficStats( 1673): [QCTMM]tryAll index=1
E/TrafficStats( 1673): [QCTMM]tryAll index=2
D/UDP-TIMING(17390): 6183 0 0.245145000
D/DATA    ( 1860): sentSinceLastRecv=0,watchdogTrigger=10,maxindex=0
D/UDP-TIMING(17390): 6184 0 0.270240000
D/UDP-TIMING(17390): 6185 0 0.265034000
D/UDP-TIMING(17390): 6186 0 0.259791000
D/UDP-TIMING(17390): 6187 0 0.254547000
D/UDP-TIMING(17390): 6188 0 0.249304000
D/UDP-TIMING(17390): 6189 0 0.244126000
D/UDP-TIMING(17390): 6190 0 0.268956000
D/UDP-TIMING(17390): 6191 0 0.263833000
D/UDP-TIMING(17390): 6192 0 0.258630000
D/UDP-TIMING(17390): 6193 0 0.253529000
D/UDP-TIMING(17390): 6194 0 0.248443000
D/UDP-TIMING(17390): 6195 0 0.243153000
D/UDP-TIMING(17390): 6196 0 0.237954000
D/UDP-TIMING(17390): 6197 0 0.262664000
D/UDP-TIMING(17390): 6198 0 0.257396000
D/UDP-TIMING(17390): 6199 0 0.252229000
D/UDP-TIMING(17390): 6200 0 0.247032000
D/UDP-TIMING(17390): 6201 0 0.241789000
D/UDP-TIMING(17390): 6202 0 0.236552000
D/UDP-TIMING(17390): 6203 0 0.260990000
D/UDP-TIMING(17390): 6204 0 0.255754000
D/UDP-TIMING(17390): 6205 0 0.250508000
D/UDP-TIMING(17390): 6206 0 0.245294000
D/UDP-TIMING(17390): 6207 0 0.240047000
D/UDP-TIMING(17390): 6208 0 0.234782000
D/UDP-TIMING(17390): 6209 0 0.259986000
D/UDP-TIMING(17390): 6210 0 0.254877000
D/UDP-TIMING(17390): 6211 0 0.249691000
D/UDP-TIMING(17390): 6212 0 0.244496000
D/UDP-TIMING(17390): 6213 0 0.268893000
D/UDP-TIMING(17390): 6214 0 0.263679000
D/UDP-TIMING(17390): 6215 0 0.258476000
D/UDP-TIMING(17390): 6216 0 0.253302000
D/UDP-TIMING(17390): 6217 0 0.248099000
D/UDP-TIMING(17390): 6218 0 0.242895000
D/UDP-TIMING(17390): 6219 0 0.237696000
D/UDP-TIMING(17390): 6220 0 0.262769000
D/UDP-TIMING(17390): 6221 0 0.257566000
D/UDP-TIMING(17390): 6222 0 0.252407000
D/UDP-TIMING(17390): 6223 0 0.247280000
D/UDP-TIMING(17390): 6224 0 0.242128000
D/UDP-TIMING(17390): 6225 0 0.236943000
D/UDP-TIMING(17390): 6226 0 0.261410000
D/UDP-TIMING(17390): 6227 0 0.256247000
D/UDP-TIMING(17390): 6228 0 0.251127000
D/UDP-TIMING(17390): 6229 0 0.245995000
D/UDP-TIMING(17390): 6230 0 0.240912000
D/UDP-TIMING(17390): 6231 0 0.235784000
D/UDP-TIMING(17390): 6232 0 0.260839000
D/UDP-TIMING(17390): 6233 0 0.255672000
D/UDP-TIMING(17390): 6234 0 0.250479000
D/UDP-TIMING(17390): 6235 0 0.245273000
D/UDP-TIMING(17390): 6236 0 0.240072000
D/UDP-TIMING(17390): 6237 0 0.264593000
D/UDP-TIMING(17390): 6238 0 0.259425000
D/UDP-TIMING(17390): 6239 0 0.254222000
D/UDP-TIMING(17390): 6240 0 0.249022000
D/UDP-TIMING(17390): 6241 0 0.243822000
D/UDP-TIMING(17390): 6242 0 0.238622000
D/UDP-TIMING(17390): 6243 0 0.263482000
D/UDP-TIMING(17390): 6244 0 0.258277000
D/UDP-TIMING(17390): 6245 0 0.253141000
D/UDP-TIMING(17390): 6246 0 0.247984000
D/UDP-TIMING(17390): 6247 0 0.242887000
D/UDP-TIMING(17390): 6248 0 0.237777000
D/UDP-TIMING(17390): 6249 0 0.262794000
D/UDP-TIMING(17390): 6250 0 0.257581000
D/UDP-TIMING(17390): 6251 0 0.252383000
D/UDP-TIMING(17390): 6252 0 0.247188000
D/UDP-TIMING(17390): 6253 0 0.241954000
D/UDP-TIMING(17390): 6254 0 0.236746000
D/UDP-TIMING(17390): 6255 0 0.261204000
D/UDP-TIMING(17390): 6256 0 0.255969000
D/UDP-TIMING(17390): 6257 0 0.250734000
D/UDP-TIMING(17390): 6258 0 0.245497000
D/UDP-TIMING(17390): 6259 0 0.240289000
D/UDP-TIMING(17390): 6260 0 0.235050000
D/UDP-TIMING(17390): 6261 0 0.259996000
D/UDP-TIMING(17390): 6262 0 0.240460000
D/UDP-TIMING(17390): 6263 0 0.254725000
D/UDP-TIMING(17390): 6264 0 0.249571000
D/UDP-TIMING(17390): 6265 0 0.244409000
D/UDP-TIMING(17390): 6266 0 0.239186000
D/UDP-TIMING(17390): 6267 0 0.263919000
D/UDP-TIMING(17390): 6268 0 0.258773000
D/UDP-TIMING(17390): 6269 0 0.253616000
D/UDP-TIMING(17390): 6270 0 0.248461000
D/UDP-TIMING(17390): 6271 0 0.243229000
D/UDP-TIMING(17390): 6272 0 0.267603000
D/UDP-TIMING(17390): 6273 0 0.262446000
D/UDP-TIMING(17390): 6274 0 0.257285000
D/UDP-TIMING(17390): 6275 0 0.252138000
D/UDP-TIMING(17390): 6276 0 0.246902000
D/UDP-TIMING(17390): 6277 0 0.241657000
D/UDP-TIMING(17390): 6278 0 0.236416000
D/UDP-TIMING(17390): 6279 0 0.261471000
D/UDP-TIMING(17390): 6280 0 0.256230000
D/UDP-TIMING(17390): 6281 0 0.251068000
D/UDP-TIMING(17390): 6282 0 0.245775000
D/UDP-TIMING(17390): 6283 0 0.240546000
E/TrafficStats( 1673): [QCTMM]tryAll index=0
E/TrafficStats( 1673): [QCTMM]tryAll index=1
E/TrafficStats( 1673): [QCTMM]tryAll index=2
