E/TrafficStats( 1673): [QCTMM]tryAll index=2
D/DATA    ( 1860): [QCTMM] DataNetStatistics sent == 0 && received == 0 newActivity=NONE
D/DATA    ( 1860): sentSinceLastRecv=0,watchdogTrigger=10,maxindex=0
D/Database(16531): dbopen(): path = /data/data/com.onavo.android.onavoid/databases/ui_events, flag = 6, file size = 14059520
D/Database(16531): dbopen(): path = /data/data/com.onavo.android.onavoid/databases/ui_events, mode: wal, disk free size: 2000 M, handle: 0x37d3a8
D/Database(16531): dbclose(): path = /data/data/com.onavo.android.onavoid/databases/ui_events, handle = 0x37d3a8
E/TrafficStats( 1673): [QCTMM]tryAll index=0
E/TrafficStats( 1673): [QCTMM]tryAll index=1
E/TrafficStats( 1673): [QCTMM]tryAll index=2
E/TrafficStats( 1673): [QCTMM]tryAll index=0
E/TrafficStats( 1673): [QCTMM]tryAll index=1
E/TrafficStats( 1673): [QCTMM]tryAll index=2
D/DATA    ( 1860): [QCTMM] DataNetStatistics sent == 0 && received == 0 newActivity=NONE
D/DATA    ( 1860): sentSinceLastRecv=0,watchdogTrigger=10,maxindex=0
E/TrafficStats( 1673): [QCTMM]tryAll index=0
E/TrafficStats( 1673): [QCTMM]tryAll index=1
E/TrafficStats( 1673): [QCTMM]tryAll index=2
E/TrafficStats( 1673): [QCTMM]tryAll index=0
E/TrafficStats( 1673): [QCTMM]tryAll index=1
E/TrafficStats( 1673): [QCTMM]tryAll index=2
D/DATA    ( 1860): [QCTMM] DataNetStatistics sent == 0 && received == 0 newActivity=NONE
D/DATA    ( 1860): sentSinceLastRecv=0,watchdogTrigger=10,maxindex=0
D/MMDCT   ( 1860): onDCLChanged dcs=DataCallState: { cid: 0, active: 1, type: IP, apn: vzwinternet, address: 10.174.234.255 }
D/MMDCT   ( 1860): onDCLChanged dcs=DataCallState: { cid: 1, active: 2, type: IPV6, apn: vzwinternet, address: 2600:1000:b022:700a:f3ca:40ba:6903:3d04 }
D/MMDCT   ( 1860): onDCLChanged dcs=DataCallState: { cid: 2, active: 0, type: null, apn: null, address: null }
D/MMDCT   ( 1860): onDCLChanged dcs=DataCallState: { cid: 3, active: 0, type: null, apn: null, address: null }
D/MMDCT   ( 1860): onDCLChanged dcs=DataCallState: { cid: 4, active: 0, type: null, apn: null, address: null }
D/MMDCT   ( 1860): onDCLChanged dcs=DataCallState: { cid: 5, active: 0, type: null, apn: null, address: null }
D/MMDCT   ( 1860): onDCLChanged dcs=DataCallState: { cid: 6, active: 0, type: null, apn: null, address: null }
D/MMDCT   ( 1860): onDCLChanged dcs=DataCallState: { cid: 7, active: 0, type: null, apn: null, address: null }
D/MMDCT   ( 1860): onDCLChanged dcs=DataCallState: { cid: 8, active: 0, type: null, apn: null, address: null }
D/MMDCT   ( 1860): onDCLChanged dcs=DataCallState: { cid: 9, active: 0, type: null, apn: null, address: null }
D/MMDCT   ( 1860): onDCLChanged dcs=DataCallState: { cid: 10, active: 0, type: null, apn: null, address: null }
D/MMDCT   ( 1860): onDCLChanged dcs=DataCallState: { cid: 11, active: 0, type: null, apn: null, address: null }
D/MMDCT   ( 1860): onDCLChanged dcs=DataCallState: { cid: 12, active: 0, type: null, apn: null, address: null }
D/MMDCT   ( 1860): onDCLChanged dcs=DataCallState: { cid: 13, active: 0, type: null, apn: null, address: null }
D/MMDCT   ( 1860): onDCLChanged dcs=DataCallState: { cid: 14, active: 0, type: null, apn: null, address: null }
D/MMDCT   ( 1860): onDCLChanged dcs=DataCallState: { cid: 15, active: 0, type: null, apn: null, address: null }
D/MMDCT   ( 1860): onDCLChanged dcs=DataCallState: { cid: 16, active: 0, type: null, apn: null, address: null }
D/MMDCT   ( 1860): onDCLChanged dcs=DataCallState: { cid: 17, active: 0, type: null, apn: null, address: null }
D/MMDCT   ( 1860): onDCLChanged dcs=DataCallState: { cid: 18, active: 0, type: null, apn: null, address: null }
D/MMDCT   ( 1860): onDCLChanged dcs=DataCallState: { cid: 19, active: 0, type: null, apn: null, address: null }
D/MMDCT   ( 1860): onDCLChanged() DC is active : activeDC.active=1
D/MMDCT   ( 1860): onDCLChanged() DC is active : activeDC.active=2
D/MMDCT   ( 1860):  ======= check all DC disconnected ======= 
D/MMDCT   ( 1860): DC-0: state=DcActiveState if=rmnet_sdio0 ip=10.174.234.255 ipv=IPV4
D/MMDCT   ( 1860): DC-1: state=DcActiveState if=rmnet_sdio1 ip=2600:1000:b022:700a:f3ca:40ba:6903:3d04 ipv=IPV6
D/MMDCT   ( 1860): DC-2: state=DcInactiveState if=null ip=null ipv=null
D/MMDCT   ( 1860): DC-3: state=DcInactiveState if=null ip=null ipv=null
D/MMDCT   ( 1860): DC-4: state=DcInactiveState if=null ip=null ipv=null
D/MMDCT   ( 1860): DC-5: state=DcInactiveState if=null ip=null ipv=null
D/MMDCT   ( 1860): DC-6: state=DcInactiveState if=null ip=null ipv=null
D/MMDCT   ( 1860): DC-7: state=DcInactiveState if=null ip=null ipv=null
D/MMDCT   ( 1860): ifAllDataDisconnected ret=false
D/DATA    ( 1860): [QCTMM]isEnablePoll   enablePoll=true
D/MMDCT   ( 1860): onDCLChanged() DA=NONE
D/MMDCT   ( 1860): onDCLChanged() notifyDA() now
D/DATA    ( 1860): [PhoneNotifier] notifyDataActivityLTE
D/StatusBarPolicy( 1816): hasService()=true ,mDataState=2 ,mPhone.htcModemLinkOn()=false ,mDataActivity=0
D/StatusBarPolicy( 1816): slotType[0]=RUIM
E/TrafficStats( 1673): [QCTMM]tryAll index=0
E/TrafficStats( 1673): [QCTMM]tryAll index=1
E/TrafficStats( 1673): [QCTMM]tryAll index=2
E/TrafficStats( 1673): [QCTMM]tryAll index=0
E/TrafficStats( 1673): [QCTMM]tryAll index=1
E/TrafficStats( 1673): [QCTMM]tryAll index=2
D/DATA    ( 1860): [QCTMM] DataNetStatistics sent == 0 && received == 0 newActivity=NONE
D/DATA    ( 1860): sentSinceLastRecv=0,watchdogTrigger=10,maxindex=0
E/TrafficStats( 1673): [QCTMM]tryAll index=0
E/TrafficStats( 1673): [QCTMM]tryAll index=1
E/TrafficStats( 1673): [QCTMM]tryAll index=2
E/TrafficStats( 1673): [QCTMM]tryAll index=0
E/TrafficStats( 1673): [QCTMM]tryAll index=1
E/TrafficStats( 1673): [QCTMM]tryAll index=2
D/DATA    ( 1860): [QCTMM] DataNetStatistics sent == 0 && received == 0 newActivity=NONE
D/DATA    ( 1860): sentSinceLastRecv=0,watchdogTrigger=10,maxindex=0
E/TrafficStats( 1673): [QCTMM]tryAll index=0
E/TrafficStats( 1673): [QCTMM]tryAll index=1
E/TrafficStats( 1673): [QCTMM]tryAll index=2
E/TrafficStats( 1673): [QCTMM]tryAll index=0
E/TrafficStats( 1673): [QCTMM]tryAll index=1
E/TrafficStats( 1673): [QCTMM]tryAll index=2
D/DATA    ( 1860): [QCTMM] DataNetStatistics sent == 0 && received == 0 newActivity=NONE
D/DATA    ( 1860): sentSinceLastRecv=0,watchdogTrigger=10,maxindex=0
E/TrafficStats( 1673): [QCTMM]tryAll index=0
E/TrafficStats( 1673): [QCTMM]tryAll index=1
E/TrafficStats( 1673): [QCTMM]tryAll index=2
E/TrafficStats( 1673): [QCTMM]tryAll index=0
E/TrafficStats( 1673): [QCTMM]tryAll index=1
E/TrafficStats( 1673): [QCTMM]tryAll index=2
D/DATA    ( 1860): [QCTMM] DataNetStatistics sent == 0 && received == 0 newActivity=NONE
D/DATA    ( 1860): sentSinceLastRecv=0,watchdogTrigger=10,maxindex=0
E/TrafficStats(16531): [QCTMM]tryAll index=0
E/TrafficStats(16531): [QCTMM]tryAll index=1
E/TrafficStats(16531): [QCTMM]tryAll index=2
E/TrafficStats(16531): [QCTMM]tryAll index=0
E/TrafficStats(16531): [QCTMM]tryAll index=1
E/TrafficStats(16531): [QCTMM]tryAll index=2
E/TrafficStats(16531): [QCTMM]tryAll index=0
E/TrafficStats(16531): [QCTMM]tryAll index=1
E/TrafficStats(16531): [QCTMM]tryAll index=2
E/TrafficStats(16531): [QCTMM]tryAll index=0
E/TrafficStats(16531): [QCTMM]tryAll index=1
E/TrafficStats(16531): [QCTMM]tryAll index=2
D/StatusBarPolicy( 1816): iconIndex=1
V/StatusBarPolicy( 1816): cdmaLevel:4;max:4
D/StatusBarPolicy( 1816): iconLevel:4
I/PhoneInfo( 2188): getCdmaLevel - cdmaDbm: -71 cdmaEcio:-80
I/PhoneInfo( 2188): getEvdoLevel - evdoDbm: -120 evdoSnr:-1 evdoEcio:-1
I/PhoneInfo( 2188): getLteLevel - lteRsrp: -1 lteCqi:-1
D/Database(16531): dbopen(): path = /data/data/com.onavo.android.onavoid/databases/ui_events, flag = 6, file size = 14059520
D/Database(16531): dbopen(): path = /data/data/com.onavo.android.onavoid/databases/ui_events, mode: wal, disk free size: 2000 M, handle: 0x37d3a8
D/Database(16531): dbclose(): path = /data/data/com.onavo.android.onavoid/databases/ui_events, handle = 0x37d3a8
E/TrafficStats( 1673): [QCTMM]tryAll index=0
E/TrafficStats( 1673): [QCTMM]tryAll index=1
E/TrafficStats( 1673): [QCTMM]tryAll index=2
E/TrafficStats( 1673): [QCTMM]tryAll index=0
E/TrafficStats( 1673): [QCTMM]tryAll index=1
E/TrafficStats( 1673): [QCTMM]tryAll index=2
D/DATA    ( 1860): [QCTMM] DataNetStatistics sent == 0 && received == 0 newActivity=NONE
D/DATA    ( 1860): sentSinceLastRecv=0,watchdogTrigger=10,maxindex=0
E/TrafficStats( 1673): [QCTMM]tryAll index=0
E/TrafficStats( 1673): [QCTMM]tryAll index=1
E/TrafficStats( 1673): [QCTMM]tryAll index=2
E/TrafficStats( 1673): [QCTMM]tryAll index=0
E/TrafficStats( 1673): [QCTMM]tryAll index=1
E/TrafficStats( 1673): [QCTMM]tryAll index=2
D/DATA    ( 1860): [QCTMM] DataNetStatistics sent == 0 && received == 0 newActivity=NONE
D/DATA    ( 1860): sentSinceLastRecv=0,watchdogTrigger=10,maxindex=0
E/TrafficStats( 1673): [QCTMM]tryAll index=0
E/TrafficStats( 1673): [QCTMM]tryAll index=1
E/TrafficStats( 1673): [QCTMM]tryAll index=2
E/TrafficStats( 1673): [QCTMM]tryAll index=0
E/TrafficStats( 1673): [QCTMM]tryAll index=1
E/TrafficStats( 1673): [QCTMM]tryAll index=2
D/DATA    ( 1860): [QCTMM] DataNetStatistics sent == 0 && received == 0 newActivity=NONE
D/DATA    ( 1860): sentSinceLastRecv=0,watchdogTrigger=10,maxindex=0
E/TrafficStats( 1673): [QCTMM]tryAll index=0
E/TrafficStats( 1673): [QCTMM]tryAll index=1
E/TrafficStats( 1673): [QCTMM]tryAll index=2
E/TrafficStats( 1673): [QCTMM]tryAll index=0
E/TrafficStats( 1673): [QCTMM]tryAll index=1
E/TrafficStats( 1673): [QCTMM]tryAll index=2
D/DATA    ( 1860): [QCTMM] DataNetStatistics sent == 0 && received == 0 newActivity=NONE
D/DATA    ( 1860): sentSinceLastRecv=0,watchdogTrigger=10,maxindex=0
E/TrafficStats( 1673): [QCTMM]tryAll index=0
E/TrafficStats( 1673): [QCTMM]tryAll index=1
E/TrafficStats( 1673): [QCTMM]tryAll index=2
E/TrafficStats( 1673): [QCTMM]tryAll index=0
E/TrafficStats( 1673): [QCTMM]tryAll index=1
E/TrafficStats( 1673): [QCTMM]tryAll index=2
D/DATA    ( 1860): [QCTMM] DataNetStatistics sent == 0 && received == 0 newActivity=NONE
D/DATA    ( 1860): sentSinceLastRecv=0,watchdogTrigger=10,maxindex=0
E/TrafficStats(16531): [QCTMM]tryAll index=0
E/TrafficStats(16531): [QCTMM]tryAll index=1
E/TrafficStats(16531): [QCTMM]tryAll index=2
E/TrafficStats(16531): [QCTMM]tryAll index=0
E/TrafficStats(16531): [QCTMM]tryAll index=1
E/TrafficStats(16531): [QCTMM]tryAll index=2
E/TrafficStats(16531): [QCTMM]tryAll index=0
E/TrafficStats(16531): [QCTMM]tryAll index=1
E/TrafficStats(16531): [QCTMM]tryAll index=2
E/TrafficStats(16531): [QCTMM]tryAll index=0
E/TrafficStats(16531): [QCTMM]tryAll index=1
E/TrafficStats(16531): [QCTMM]tryAll index=2
E/TrafficStats( 1673): [QCTMM]tryAll index=0
E/TrafficStats( 1673): [QCTMM]tryAll index=1
E/TrafficStats( 1673): [QCTMM]tryAll index=2
E/TrafficStats( 1673): [QCTMM]tryAll index=0
E/TrafficStats( 1673): [QCTMM]tryAll index=1
E/TrafficStats( 1673): [QCTMM]tryAll index=2
D/DATA    ( 1860): [QCTMM] DataNetStatistics sent == 0 && received == 0 newActivity=NONE
D/DATA    ( 1860): sentSinceLastRecv=0,watchdogTrigger=10,maxindex=0
D/Database(16531): dbopen(): path = /data/data/com.onavo.android.onavoid/databases/ui_events, flag = 6, file size = 14059520
D/Database(16531): dbopen(): path = /data/data/com.onavo.android.onavoid/databases/ui_events, mode: wal, disk free size: 2000 M, handle: 0x37d3a8
D/Database(16531): dbclose(): path = /data/data/com.onavo.android.onavoid/databases/ui_events, handle = 0x37d3a8
E/TrafficStats( 1673): [QCTMM]tryAll index=0
E/TrafficStats( 1673): [QCTMM]tryAll index=1
E/TrafficStats( 1673): [QCTMM]tryAll index=2
E/TrafficStats( 1673): [QCTMM]tryAll index=0
E/TrafficStats( 1673): [QCTMM]tryAll index=1
E/TrafficStats( 1673): [QCTMM]tryAll index=2
D/DATA    ( 1860): [QCTMM] DataNetStatistics sent == 0 && received == 0 newActivity=NONE
D/DATA    ( 1860): sentSinceLastRecv=0,watchdogTrigger=10,maxindex=0
E/TrafficStats( 1673): [QCTMM]tryAll index=0
E/TrafficStats( 1673): [QCTMM]tryAll index=1
E/TrafficStats( 1673): [QCTMM]tryAll index=2
E/TrafficStats( 1673): [QCTMM]tryAll index=0
E/TrafficStats( 1673): [QCTMM]tryAll index=1
E/TrafficStats( 1673): [QCTMM]tryAll index=2
D/DATA    ( 1860): [QCTMM] DataNetStatistics sent == 0 && received == 0 newActivity=NONE
D/DATA    ( 1860): sentSinceLastRecv=0,watchdogTrigger=10,maxindex=0
E/TrafficStats( 1673): [QCTMM]tryAll index=0
E/TrafficStats( 1673): [QCTMM]tryAll index=1
E/TrafficStats( 1673): [QCTMM]tryAll index=2
E/TrafficStats( 1673): [QCTMM]tryAll index=0
E/TrafficStats( 1673): [QCTMM]tryAll index=1
E/TrafficStats( 1673): [QCTMM]tryAll index=2
D/DATA    ( 1860): [QCTMM] DataNetStatistics sent == 0 && received == 0 newActivity=NONE
D/DATA    ( 1860): sentSinceLastRecv=0,watchdogTrigger=10,maxindex=0
E/TrafficStats( 1673): [QCTMM]tryAll index=0
E/TrafficStats( 1673): [QCTMM]tryAll index=1
E/TrafficStats( 1673): [QCTMM]tryAll index=2
E/TrafficStats( 1673): [QCTMM]tryAll index=0
E/TrafficStats( 1673): [QCTMM]tryAll index=1
E/TrafficStats( 1673): [QCTMM]tryAll index=2
D/DATA    ( 1860): [QCTMM] DataNetStatistics sent == 0 && received == 0 newActivity=NONE
D/DATA    ( 1860): sentSinceLastRecv=0,watchdogTrigger=10,maxindex=0
D/MMDCT   ( 1860): onDCLChanged dcs=DataCallState: { cid: 0, active: 2, type: IP, apn: vzwinternet, address: 10.174.234.255 }
D/MMDCT   ( 1860): onDCLChanged dcs=DataCallState: { cid: 1, active: 2, type: IPV6, apn: vzwinternet, address: 2600:1000:b022:700a:f3ca:40ba:6903:3d04 }
D/MMDCT   ( 1860): onDCLChanged dcs=DataCallState: { cid: 2, active: 0, type: null, apn: null, address: null }
D/MMDCT   ( 1860): onDCLChanged dcs=DataCallState: { cid: 3, active: 0, type: null, apn: null, address: null }
D/MMDCT   ( 1860): onDCLChanged dcs=DataCallState: { cid: 4, active: 0, type: null, apn: null, address: null }
D/MMDCT   ( 1860): onDCLChanged dcs=DataCallState: { cid: 5, active: 0, type: null, apn: null, address: null }
D/MMDCT   ( 1860): onDCLChanged dcs=DataCallState: { cid: 6, active: 0, type: null, apn: null, address: null }
D/MMDCT   ( 1860): onDCLChanged dcs=DataCallState: { cid: 7, active: 0, type: null, apn: null, address: null }
D/MMDCT   ( 1860): onDCLChanged dcs=DataCallState: { cid: 8, active: 0, type: null, apn: null, address: null }
D/MMDCT   ( 1860): onDCLChanged dcs=DataCallState: { cid: 9, active: 0, type: null, apn: null, address: null }
D/MMDCT   ( 1860): onDCLChanged dcs=DataCallState: { cid: 10, active: 0, type: null, apn: null, address: null }
D/MMDCT   ( 1860): onDCLChanged dcs=DataCallState: { cid: 11, active: 0, type: null, apn: null, address: null }
D/MMDCT   ( 1860): onDCLChanged dcs=DataCallState: { cid: 12, active: 0, type: null, apn: null, address: null }
D/MMDCT   ( 1860): onDCLChanged dcs=DataCallState: { cid: 13, active: 0, type: null, apn: null, address: null }
D/MMDCT   ( 1860): onDCLChanged dcs=DataCallState: { cid: 14, active: 0, type: null, apn: null, address: null }
D/MMDCT   ( 1860): onDCLChanged dcs=DataCallState: { cid: 15, active: 0, type: null, apn: null, address: null }
D/MMDCT   ( 1860): onDCLChanged dcs=DataCallState: { cid: 16, active: 0, type: null, apn: null, address: null }
D/MMDCT   ( 1860): onDCLChanged dcs=DataCallState: { cid: 17, active: 0, type: null, apn: null, address: null }
D/MMDCT   ( 1860): onDCLChanged dcs=DataCallState: { cid: 18, active: 0, type: null, apn: null, address: null }
D/MMDCT   ( 1860): onDCLChanged dcs=DataCallState: { cid: 19, active: 0, type: null, apn: null, address: null }
D/MMDCT   ( 1860): onDCLChanged() DC is active : activeDC.active=2
D/MMDCT   ( 1860): onDCLChanged() DC is active : activeDC.active=2
D/MMDCT   ( 1860):  ======= check all DC disconnected ======= 
D/MMDCT   ( 1860): DC-0: state=DcActiveState if=rmnet_sdio0 ip=10.174.234.255 ipv=IPV4
D/MMDCT   ( 1860): DC-1: state=DcActiveState if=rmnet_sdio1 ip=2600:1000:b022:700a:f3ca:40ba:6903:3d04 ipv=IPV6
D/MMDCT   ( 1860): DC-2: state=DcInactiveState if=null ip=null ipv=null
D/MMDCT   ( 1860): DC-3: state=DcInactiveState if=null ip=null ipv=null
D/MMDCT   ( 1860): DC-4: state=DcInactiveState if=null ip=null ipv=null
D/MMDCT   ( 1860): DC-5: state=DcInactiveState if=null ip=null ipv=null
D/MMDCT   ( 1860): DC-6: state=DcInactiveState if=null ip=null ipv=null
D/MMDCT   ( 1860): DC-7: state=DcInactiveState if=null ip=null ipv=null
D/MMDCT   ( 1860): ifAllDataDisconnected ret=false
D/DATA    ( 1860): [QCTMM]isEnablePoll   enablePoll=true
D/MMDCT   ( 1860): onDCLChanged() DA=NONE
D/MMDCT   ( 1860): onDCLChanged() notifyDA() now
D/DATA    ( 1860): [PhoneNotifier] notifyDataActivityLTE
D/StatusBarPolicy( 1816): hasService()=true ,mDataState=2 ,mPhone.htcModemLinkOn()=false ,mDataActivity=0
D/StatusBarPolicy( 1816): slotType[0]=RUIM
E/TrafficStats( 1673): [QCTMM]tryAll index=0
E/TrafficStats( 1673): [QCTMM]tryAll index=1
E/TrafficStats( 1673): [QCTMM]tryAll index=2
E/TrafficStats( 1673): [QCTMM]tryAll index=0
E/TrafficStats( 1673): [QCTMM]tryAll index=1
E/TrafficStats( 1673): [QCTMM]tryAll index=2
D/DATA    ( 1860): [PhoneNotifier] notifyDataActivityLTE
D/UDP-TIMING(17390): 0 0 0.287075000
D/UDP-TIMING(17390): 1 0 0.281948000
D/UDP-TIMING(17390): 2 0 0.276859000
D/DATA    ( 1860): [QCTMM] DataNetStatistics mIsScreenOn newActivity=DATAOUT
D/DATA    ( 1860): sentSinceLastRecv=0,watchdogTrigger=10,maxindex=0
D/StatusBarPolicy( 1816): hasService()=true ,mDataState=2 ,mPhone.htcModemLinkOn()=false ,mDataActivity=2
D/StatusBarPolicy( 1816): slotType[0]=RUIM
D/UDP-TIMING(17390): 11 0 0.260460000
D/UDP-TIMING(17390): 3 0 0.301467000
D/UDP-TIMING(17390): 4 0 0.296412000
D/UDP-TIMING(17390): 5 0 0.291288000
D/UDP-TIMING(17390): 6 0 0.286165000
D/UDP-TIMING(17390): 7 0 0.281035000
D/UDP-TIMING(17390): 8 0 0.275914000
D/UDP-TIMING(17390): 9 0 0.270781000
D/UDP-TIMING(17390): 10 0 0.265665000
D/UDP-TIMING(17390): 12 0 0.255366000
D/UDP-TIMING(17390): 13 0 0.250105000
D/UDP-TIMING(17390): 14 0 0.244998000
D/UDP-TIMING(17390): 15 0 0.270399000
D/UDP-TIMING(17390): 16 0 0.265292000
D/UDP-TIMING(17390): 17 0 0.260164000
D/UDP-TIMING(17390): 18 0 0.255016000
D/UDP-TIMING(17390): 19 0 0.249839000
D/UDP-TIMING(17390): 20 0 0.244741000
D/UDP-TIMING(17390): 21 0 0.269527000
D/UDP-TIMING(17390): 22 0 0.264350000
D/UDP-TIMING(17390): 23 0 0.259200000
D/UDP-TIMING(17390): 24 0 0.254077000
D/UDP-TIMING(17390): 25 0 0.248915000
D/UDP-TIMING(17390): 26 0 0.243735000
D/UDP-TIMING(17390): 27 0 0.238541000
D/UDP-TIMING(17390): 28 0 0.263701000
D/UDP-TIMING(17390): 29 0 0.258561000
D/UDP-TIMING(17390): 30 0 0.253371000
D/UDP-TIMING(17390): 31 0 0.248196000
D/UDP-TIMING(17390): 32 0 0.243073000
D/UDP-TIMING(17390): 33 0 0.237988000
D/UDP-TIMING(17390): 34 0 0.262452000
D/UDP-TIMING(17390): 35 0 0.257328000
D/UDP-TIMING(17390): 36 0 0.252166000
D/UDP-TIMING(17390): 37 0 0.246990000
D/UDP-TIMING(17390): 38 0 0.241817000
D/UDP-TIMING(17390): 39 0 0.236726000
D/UDP-TIMING(17390): 40 0 0.261730000
D/UDP-TIMING(17390): 41 0 0.256581000
D/UDP-TIMING(17390): 42 0 0.251417000
D/UDP-TIMING(17390): 43 0 0.246235000
D/UDP-TIMING(17390): 44 0 0.270809000
D/UDP-TIMING(17390): 45 0 0.265641000
D/UDP-TIMING(17390): 46 0 0.260462000
D/UDP-TIMING(17390): 47 0 0.255282000
D/UDP-TIMING(17390): 48 0 0.250140000
D/UDP-TIMING(17390): 49 0 0.244964000
D/UDP-TIMING(17390): 50 0 0.239785000
D/UDP-TIMING(17390): 51 0 0.264515000
D/UDP-TIMING(17390): 52 0 0.259375000
D/UDP-TIMING(17390): 53 0 0.254198000
D/UDP-TIMING(17390): 54 0 0.249075000
D/UDP-TIMING(17390): 55 0 0.274336000
D/UDP-TIMING(17390): 56 0 0.269224000
D/UDP-TIMING(17390): 57 0 0.264106000
D/UDP-TIMING(17390): 58 0 0.259024000
D/UDP-TIMING(17390): 59 0 0.253908000
D/UDP-TIMING(17390): 60 0 0.248789000
D/UDP-TIMING(17390): 61 0 0.243671000
D/UDP-TIMING(17390): 62 0 0.238547000
D/UDP-TIMING(17390): 63 0 0.263065000
D/UDP-TIMING(17390): 64 0 0.257956000
D/UDP-TIMING(17390): 65 0 0.252836000
D/UDP-TIMING(17390): 66 0 0.247722000
D/UDP-TIMING(17390): 67 0 0.242635000
D/UDP-TIMING(17390): 68 0 0.237492000
D/UDP-TIMING(17390): 69 0 0.262834000
D/UDP-TIMING(17390): 70 0 0.257724000
D/UDP-TIMING(17390): 71 0 0.252619000
D/UDP-TIMING(17390): 72 0 0.247524000
D/UDP-TIMING(17390): 73 0 0.242401000
D/UDP-TIMING(17390): 74 0 0.237315000
D/UDP-TIMING(17390): 75 0 0.261630000
D/UDP-TIMING(17390): 76 0 0.256514000
D/UDP-TIMING(17390): 77 0 0.251397000
D/UDP-TIMING(17390): 78 0 0.246286000
D/UDP-TIMING(17390): 79 0 0.241207000
D/UDP-TIMING(17390): 80 0 0.236093000
D/UDP-TIMING(17390): 81 0 0.261244000
D/UDP-TIMING(17390): 82 0 0.256130000
D/UDP-TIMING(17390): 83 0 0.251006000
D/UDP-TIMING(17390): 84 0 0.245873000
D/UDP-TIMING(17390): 85 0 0.240750000
D/UDP-TIMING(17390): 86 0 0.236788000
D/UDP-TIMING(17390): 87 0 0.260325000
D/UDP-TIMING(17390): 88 0 0.255212000
D/UDP-TIMING(17390): 89 0 0.250132000
D/UDP-TIMING(17390): 90 0 0.245012000
D/UDP-TIMING(17390): 91 0 0.239882000
D/UDP-TIMING(17390): 92 0 0.264959000
D/UDP-TIMING(17390): 93 0 0.259790000
D/UDP-TIMING(17390): 94 0 0.254620000
D/UDP-TIMING(17390): 95 0 0.249451000
D/UDP-TIMING(17390): 96 0 0.244301000
D/UDP-TIMING(17390): 97 0 0.239120000
D/UDP-TIMING(17390): 98 0 0.263575000
D/UDP-TIMING(17390): 99 0 0.258398000
D/UDP-TIMING(17390): 100 0 0.253245000
E/TrafficStats(16531): [QCTMM]tryAll index=0
E/TrafficStats(16531): [QCTMM]tryAll index=1
E/TrafficStats(16531): [QCTMM]tryAll index=2
E/TrafficStats(16531): [QCTMM]tryAll index=0
E/TrafficStats(16531): [QCTMM]tryAll index=1
E/TrafficStats(16531): [QCTMM]tryAll index=2
E/TrafficStats(16531): [QCTMM]tryAll index=0
E/TrafficStats(16531): [QCTMM]tryAll index=1
E/TrafficStats(16531): [QCTMM]tryAll index=2
E/TrafficStats(16531): [QCTMM]tryAll index=0
E/TrafficStats(16531): [QCTMM]tryAll index=1
E/TrafficStats(16531): [QCTMM]tryAll index=2
D/UDP-TIMING(17390): 101 0 0.240041000
D/UDP-TIMING(17390): 102 0 0.258212000
D/UDP-TIMING(17390): 103 0 0.253034000
D/UDP-TIMING(17390): 104 0 0.247940000
D/UDP-TIMING(17390): 105 0 0.242810000
D/UDP-TIMING(17390): 106 0 0.237676000
E/TrafficStats( 1673): [QCTMM]tryAll index=0
E/TrafficStats( 1673): [QCTMM]tryAll index=1
E/TrafficStats( 1673): [QCTMM]tryAll index=2
E/TrafficStats( 1673): [QCTMM]tryAll index=0
E/TrafficStats( 1673): [QCTMM]tryAll index=1
E/TrafficStats( 1673): [QCTMM]tryAll index=2
D/DATA    ( 1860): [PhoneNotifier] notifyDataActivityLTE
D/UDP-TIMING(17390): 107 0 0.263162000
D/UDP-TIMING(17390): 108 0 0.258013000
D/UDP-TIMING(17390): 109 0 0.252891000
D/UDP-TIMING(17390): 110 0 0.247830000
D/UDP-TIMING(17390): 111 0 0.242594000
D/UDP-TIMING(17390): 112 0 0.237487000
D/DATA    ( 1860): [QCTMM] DataNetStatistics mIsScreenOn newActivity=DATAIN
D/DATA    ( 1860): sentSinceLastRecv=0,watchdogTrigger=10,maxindex=0
D/StatusBarPolicy( 1816): hasService()=true ,mDataState=2 ,mPhone.htcModemLinkOn()=false ,mDataActivity=1
D/StatusBarPolicy( 1816): slotType[0]=RUIM
D/UDP-TIMING(17390): 113 0 0.262257000
D/UDP-TIMING(17390): 114 0 0.257165000
D/UDP-TIMING(17390): 115 0 0.251997000
D/UDP-TIMING(17390): 116 0 0.246849000
D/UDP-TIMING(17390): 117 0 0.241694000
D/UDP-TIMING(17390): 118 0 0.265110000
D/UDP-TIMING(17390): 119 0 0.259980000
D/UDP-TIMING(17390): 120 0 0.254811000
D/UDP-TIMING(17390): 121 0 0.249653000
D/UDP-TIMING(17390): 122 0 0.244500000
D/UDP-TIMING(17390): 123 0 0.269450000
D/UDP-TIMING(17390): 124 0 0.264254000
D/UDP-TIMING(17390): 125 0 0.259048000
D/UDP-TIMING(17390): 126 0 0.253889000
D/UDP-TIMING(17390): 127 0 0.248671000
D/UDP-TIMING(17390): 128 0 0.243521000
D/UDP-TIMING(17390): 129 0 0.238412000
D/UDP-TIMING(17390): 130 0 0.263460000
D/UDP-TIMING(17390): 131 0 0.258303000
D/UDP-TIMING(17390): 132 0 0.253187000
D/UDP-TIMING(17390): 133 0 0.248096000
D/UDP-TIMING(17390): 134 0 0.242897000
D/UDP-TIMING(17390): 135 0 0.237728000
D/Database(16531): dbopen(): path = /data/data/com.onavo.android.onavoid/databases/ui_events, flag = 6, file size = 14059520
D/UDP-TIMING(17390): 136 0 0.263164000
D/UDP-TIMING(17390): 137 0 0.258041000
D/UDP-TIMING(17390): 138 0 0.252925000
D/UDP-TIMING(17390): 139 0 0.247802000
D/UDP-TIMING(17390): 140 0 0.242712000
D/UDP-TIMING(17390): 141 0 0.237601000
D/Database(16531): dbopen(): path = /data/data/com.onavo.android.onavoid/databases/ui_events, mode: wal, disk free size: 2000 M, handle: 0x37d3a8
D/UDP-TIMING(17390): 142 0 0.261871000
D/UDP-TIMING(17390): 143 0 0.256793000
D/UDP-TIMING(17390): 144 0 0.251682000
D/UDP-TIMING(17390): 145 0 0.246572000
D/UDP-TIMING(17390): 146 0 0.241457000
D/UDP-TIMING(17390): 147 0 0.236343000
D/Database(16531): dbclose(): path = /data/data/com.onavo.android.onavoid/databases/ui_events, handle = 0x37d3a8
D/UDP-TIMING(17390): 148 0 0.261105000
D/UDP-TIMING(17390): 149 0 0.255996000
D/UDP-TIMING(17390): 150 0 0.250875000
D/UDP-TIMING(17390): 151 0 0.245763000
D/UDP-TIMING(17390): 152 0 0.240660000
D/dalvikvm(16531): GC_CONCURRENT freed 400K, 51% free 3378K/6855K, external 0K/0K, paused 5ms+5ms
D/UDP-TIMING(17390): 153 0 0.265398000
D/UDP-TIMING(17390): 154 0 0.260292000
D/UDP-TIMING(17390): 155 0 0.255191000
D/UDP-TIMING(17390): 156 0 0.250117000
D/UDP-TIMING(17390): 157 0 0.245048000
D/UDP-TIMING(17390): 158 0 0.239940000
D/UDP-TIMING(17390): 159 0 0.264757000
D/UDP-TIMING(17390): 160 0 0.259658000
D/UDP-TIMING(17390): 161 0 0.254537000
D/UDP-TIMING(17390): 162 0 0.249408000
D/UDP-TIMING(17390): 163 0 0.244290000
D/UDP-TIMING(17390): 164 0 0.239171000
D/UDP-TIMING(17390): 165 0 0.264483000
D/UDP-TIMING(17390): 166 0 0.259368000
D/UDP-TIMING(17390): 167 0 0.254247000
D/UDP-TIMING(17390): 168 0 0.249125000
D/UDP-TIMING(17390): 169 0 0.244013000
D/UDP-TIMING(17390): 170 0 0.238916000
D/UDP-TIMING(17390): 171 0 0.263842000
D/UDP-TIMING(17390): 172 0 0.258746000
D/UDP-TIMING(17390): 173 0 0.253656000
D/UDP-TIMING(17390): 174 0 0.248541000
D/UDP-TIMING(17390): 175 0 0.243358000
D/UDP-TIMING(17390): 176 0 0.238271000
D/UDP-TIMING(17390): 177 0 0.263398000
D/UDP-TIMING(17390): 178 0 0.258279000
D/UDP-TIMING(17390): 179 0 0.253169000
D/UDP-TIMING(17390): 180 0 0.248051000
D/UDP-TIMING(17390): 181 0 0.242961000
D/UDP-TIMING(17390): 182 0 0.267534000
D/UDP-TIMING(17390): 183 0 0.262413000
D/UDP-TIMING(17390): 184 0 0.257310000
D/UDP-TIMING(17390): 185 0 0.252196000
D/UDP-TIMING(17390): 186 0 0.247067000
D/UDP-TIMING(17390): 187 0 0.241939000
D/UDP-TIMING(17390): 188 0 0.236820000
D/UDP-TIMING(17390): 189 0 0.261947000
D/UDP-TIMING(17390): 190 0 0.256821000
D/UDP-TIMING(17390): 191 0 0.251702000
D/UDP-TIMING(17390): 192 0 0.246602000
D/UDP-TIMING(17390): 193 0 0.241512000
D/UDP-TIMING(17390): 194 0 0.236451000
D/UDP-TIMING(17390): 195 0 0.261076000
D/UDP-TIMING(17390): 196 0 0.255960000
D/UDP-TIMING(17390): 197 0 0.250842000
D/UDP-TIMING(17390): 198 0 0.245726000
D/UDP-TIMING(17390): 199 0 0.240606000
D/UDP-TIMING(17390): 200 0 0.265642000
D/UDP-TIMING(17390): 201 0 0.260551000
D/UDP-TIMING(17390): 202 0 0.241636000
D/UDP-TIMING(17390): 203 0 0.255293000
D/UDP-TIMING(17390): 204 0 0.250110000
D/UDP-TIMING(17390): 205 0 0.244936000
D/UDP-TIMING(17390): 206 0 0.239785000
D/UDP-TIMING(17390): 207 0 0.264636000
D/UDP-TIMING(17390): 208 0 0.259456000
D/UDP-TIMING(17390): 209 0 0.254287000
D/UDP-TIMING(17390): 210 0 0.249107000
D/UDP-TIMING(17390): 211 0 0.244028000
D/UDP-TIMING(17390): 212 0 0.238868000
E/TrafficStats( 1673): [QCTMM]tryAll index=0
E/TrafficStats( 1673): [QCTMM]tryAll index=1
E/TrafficStats( 1673): [QCTMM]tryAll index=2
E/TrafficStats( 1673): [QCTMM]tryAll index=0
E/TrafficStats( 1673): [QCTMM]tryAll index=1
E/TrafficStats( 1673): [QCTMM]tryAll index=2
D/DATA    ( 1860): sentSinceLastRecv=0,watchdogTrigger=10,maxindex=0
D/UDP-TIMING(17390): 213 0 0.263751000
D/UDP-TIMING(17390): 214 0 0.258651000
D/UDP-TIMING(17390): 215 0 0.253566000
D/UDP-TIMING(17390): 216 0 0.248399000
D/UDP-TIMING(17390): 217 0 0.243218000
D/UDP-TIMING(17390): 218 0 0.237989000
D/UDP-TIMING(17390): 219 0 0.262684000
D/UDP-TIMING(17390): 220 0 0.257506000
D/UDP-TIMING(17390): 221 0 0.252324000
D/UDP-TIMING(17390): 222 0 0.247037000
D/UDP-TIMING(17390): 223 0 0.241881000
D/UDP-TIMING(17390): 224 0 0.236755000
D/UDP-TIMING(17390): 225 0 0.261178000
D/UDP-TIMING(17390): 226 0 0.256085000
D/UDP-TIMING(17390): 227 0 0.250910000
D/UDP-TIMING(17390): 228 0 0.245729000
D/UDP-TIMING(17390): 229 0 0.240555000
D/UDP-TIMING(17390): 230 0 0.236504000
D/UDP-TIMING(17390): 231 0 0.260318000
D/UDP-TIMING(17390): 232 0 0.255179000
D/UDP-TIMING(17390): 233 0 0.250084000
D/UDP-TIMING(17390): 234 0 0.244921000
D/UDP-TIMING(17390): 235 0 0.239772000
D/UDP-TIMING(17390): 236 0 0.264860000
D/UDP-TIMING(17390): 237 0 0.259704000
D/UDP-TIMING(17390): 238 0 0.254528000
D/UDP-TIMING(17390): 239 0 0.249404000
D/UDP-TIMING(17390): 240 0 0.244227000
D/UDP-TIMING(17390): 241 0 0.239084000
D/UDP-TIMING(17390): 242 0 0.263720000
D/UDP-TIMING(17390): 243 0 0.258535000
D/UDP-TIMING(17390): 244 0 0.253292000
D/UDP-TIMING(17390): 245 0 0.248116000
D/UDP-TIMING(17390): 246 0 0.242937000
D/UDP-TIMING(17390): 247 0 0.237773000
D/UDP-TIMING(17390): 248 0 0.262689000
D/UDP-TIMING(17390): 249 0 0.257519000
D/UDP-TIMING(17390): 250 0 0.252341000
D/UDP-TIMING(17390): 251 0 0.247222000
D/UDP-TIMING(17390): 252 0 0.242048000
D/UDP-TIMING(17390): 253 0 0.236985000
D/UDP-TIMING(17390): 254 0 0.261537000
D/UDP-TIMING(17390): 255 0 0.256352000
D/UDP-TIMING(17390): 256 0 0.251267000
D/UDP-TIMING(17390): 257 0 0.246128000
D/UDP-TIMING(17390): 258 0 0.241006000
D/UDP-TIMING(17390): 259 0 0.236339000
D/UDP-TIMING(17390): 260 0 0.261065000
D/UDP-TIMING(17390): 261 0 0.255929000
D/UDP-TIMING(17390): 262 0 0.250800000
D/UDP-TIMING(17390): 263 0 0.245630000
D/UDP-TIMING(17390): 264 0 0.240512000
D/UDP-TIMING(17390): 265 0 0.265121000
D/UDP-TIMING(17390): 266 0 0.260004000
D/UDP-TIMING(17390): 267 0 0.254886000
D/UDP-TIMING(17390): 268 0 0.249753000
D/UDP-TIMING(17390): 269 0 0.244661000
D/UDP-TIMING(17390): 270 0 0.239531000
D/UDP-TIMING(17390): 271 0 0.264741000
D/UDP-TIMING(17390): 272 0 0.259642000
D/UDP-TIMING(17390): 273 0 0.254554000
D/UDP-TIMING(17390): 274 0 0.249440000
D/UDP-TIMING(17390): 275 0 0.244323000
D/UDP-TIMING(17390): 276 0 0.239235000
D/UDP-TIMING(17390): 277 0 0.263691000
D/UDP-TIMING(17390): 278 0 0.258577000
D/UDP-TIMING(17390): 279 0 0.253455000
D/UDP-TIMING(17390): 280 0 0.248343000
D/UDP-TIMING(17390): 281 0 0.243219000
D/UDP-TIMING(17390): 282 0 0.238129000
D/UDP-TIMING(17390): 283 0 0.263182000
D/UDP-TIMING(17390): 284 0 0.258050000
D/UDP-TIMING(17390): 285 0 0.252887000
D/UDP-TIMING(17390): 286 0 0.247719000
D/UDP-TIMING(17390): 287 0 0.242558000
D/UDP-TIMING(17390): 288 0 0.237440000
D/UDP-TIMING(17390): 289 0 0.262045000
D/UDP-TIMING(17390): 290 0 0.256944000
D/UDP-TIMING(17390): 291 0 0.251836000
D/UDP-TIMING(17390): 292 0 0.246674000
D/UDP-TIMING(17390): 293 0 0.241503000
D/UDP-TIMING(17390): 294 0 0.236373000
D/UDP-TIMING(17390): 295 0 0.261834000
D/UDP-TIMING(17390): 296 0 0.256694000
D/UDP-TIMING(17390): 297 0 0.251515000
D/UDP-TIMING(17390): 298 0 0.246337000
D/UDP-TIMING(17390): 299 0 0.241165000
D/UDP-TIMING(17390): 300 0 0.235999000
D/UDP-TIMING(17390): 301 0 0.260173000
D/UDP-TIMING(17390): 302 0 0.255006000
D/UDP-TIMING(17390): 303 0 0.246292000
D/UDP-TIMING(17390): 304 0 0.241111000
D/UDP-TIMING(17390): 305 0 0.237490000
D/UDP-TIMING(17390): 306 0 0.249794000
D/UDP-TIMING(17390): 307 0 0.244643000
D/UDP-TIMING(17390): 308 0 0.239469000
D/UDP-TIMING(17390): 309 0 0.263736000
D/UDP-TIMING(17390): 310 0 0.258604000
D/UDP-TIMING(17390): 311 0 0.253483000
D/UDP-TIMING(17390): 312 0 0.248328000
E/TrafficStats( 1673): [QCTMM]tryAll index=0
E/TrafficStats( 1673): [QCTMM]tryAll index=1
E/TrafficStats( 1673): [QCTMM]tryAll index=2
E/TrafficStats( 1673): [QCTMM]tryAll index=0
E/TrafficStats( 1673): [QCTMM]tryAll index=1
E/TrafficStats( 1673): [QCTMM]tryAll index=2
D/UDP-TIMING(17390): 313 0 0.243124000
D/UDP-TIMING(17390): 314 0 0.238000000
D/DATA    ( 1860): sentSinceLastRecv=0,watchdogTrigger=10,maxindex=0
D/UDP-TIMING(17390): 315 0 0.263554000
D/UDP-TIMING(17390): 316 0 0.258388000
D/UDP-TIMING(17390): 317 0 0.253225000
D/UDP-TIMING(17390): 318 0 0.248051000
D/UDP-TIMING(17390): 319 0 0.242883000
D/UDP-TIMING(17390): 320 0 0.237731000
D/UDP-TIMING(17390): 321 0 0.261850000
D/UDP-TIMING(17390): 322 0 0.256676000
D/UDP-TIMING(17390): 323 0 0.251501000
D/UDP-TIMING(17390): 324 0 0.246412000
D/UDP-TIMING(17390): 325 0 0.241277000
D/UDP-TIMING(17390): 326 0 0.236158000
D/UDP-TIMING(17390): 327 0 0.260843000
D/UDP-TIMING(17390): 328 0 0.255699000
D/UDP-TIMING(17390): 329 0 0.250523000
D/UDP-TIMING(17390): 330 0 0.245343000
D/UDP-TIMING(17390): 331 0 0.240163000
D/UDP-TIMING(17390): 332 0 0.265277000
D/UDP-TIMING(17390): 333 0 0.260164000
D/UDP-TIMING(17390): 334 0 0.255084000
D/UDP-TIMING(17390): 335 0 0.249923000
D/UDP-TIMING(17390): 336 0 0.244740000
D/UDP-TIMING(17390): 337 0 0.239559000
D/UDP-TIMING(17390): 338 0 0.264114000
D/UDP-TIMING(17390): 339 0 0.258932000
D/UDP-TIMING(17390): 340 0 0.253751000
D/UDP-TIMING(17390): 341 0 0.248577000
D/UDP-TIMING(17390): 342 0 0.243397000
D/UDP-TIMING(17390): 343 0 0.238245000
D/UDP-TIMING(17390): 344 0 0.263711000
D/UDP-TIMING(17390): 345 0 0.258475000
D/UDP-TIMING(17390): 346 0 0.253299000
D/UDP-TIMING(17390): 347 0 0.248072000
D/UDP-TIMING(17390): 348 0 0.242895000
D/UDP-TIMING(17390): 349 0 0.237655000
D/UDP-TIMING(17390): 350 0 0.261880000
D/UDP-TIMING(17390): 351 0 0.256717000
D/UDP-TIMING(17390): 352 0 0.251602000
D/UDP-TIMING(17390): 353 0 0.246472000
D/UDP-TIMING(17390): 354 0 0.241346000
D/UDP-TIMING(17390): 355 0 0.266448000
D/UDP-TIMING(17390): 356 0 0.261282000
D/UDP-TIMING(17390): 357 0 0.256155000
D/UDP-TIMING(17390): 358 0 0.251025000
D/UDP-TIMING(17390): 359 0 0.245855000
D/UDP-TIMING(17390): 360 0 0.240676000
D/UDP-TIMING(17390): 361 0 0.265192000
D/UDP-TIMING(17390): 362 0 0.260019000
D/UDP-TIMING(17390): 363 0 0.254843000
D/UDP-TIMING(17390): 364 0 0.249669000
D/UDP-TIMING(17390): 365 0 0.244522000
D/UDP-TIMING(17390): 366 0 0.239348000
D/UDP-TIMING(17390): 367 0 0.264429000
D/UDP-TIMING(17390): 368 0 0.259251000
D/UDP-TIMING(17390): 369 0 0.254074000
D/UDP-TIMING(17390): 370 0 0.248907000
D/UDP-TIMING(17390): 371 0 0.243761000
D/UDP-TIMING(17390): 372 0 0.238592000
D/UDP-TIMING(17390): 373 0 0.263114000
D/UDP-TIMING(17390): 374 0 0.257944000
D/UDP-TIMING(17390): 375 0 0.252786000
D/UDP-TIMING(17390): 376 0 0.247608000
D/UDP-TIMING(17390): 377 0 0.242469000
D/UDP-TIMING(17390): 378 0 0.237358000
D/UDP-TIMING(17390): 379 0 0.262538000
D/UDP-TIMING(17390): 380 0 0.257417000
D/UDP-TIMING(17390): 381 0 0.252244000
D/UDP-TIMING(17390): 382 0 0.247066000
D/UDP-TIMING(17390): 383 0 0.241885000
D/UDP-TIMING(17390): 384 0 0.236796000
D/UDP-TIMING(17390): 385 0 0.261161000
D/UDP-TIMING(17390): 386 0 0.255985000
D/UDP-TIMING(17390): 387 0 0.250837000
D/UDP-TIMING(17390): 388 0 0.245663000
D/UDP-TIMING(17390): 389 0 0.240483000
D/UDP-TIMING(17390): 390 0 0.265641000
D/UDP-TIMING(17390): 391 0 0.260530000
D/UDP-TIMING(17390): 392 0 0.255362000
D/UDP-TIMING(17390): 393 0 0.250233000
D/UDP-TIMING(17390): 394 0 0.245114000
D/UDP-TIMING(17390): 395 0 0.239986000
D/UDP-TIMING(17390): 396 0 0.264503000
D/UDP-TIMING(17390): 397 0 0.259324000
D/UDP-TIMING(17390): 398 0 0.254142000
D/UDP-TIMING(17390): 399 0 0.248962000
D/UDP-TIMING(17390): 400 0 0.243815000
D/UDP-TIMING(17390): 401 0 0.238635000
D/UDP-TIMING(17390): 402 0 0.263336000
D/UDP-TIMING(17390): 403 0 0.258191000
D/UDP-TIMING(17390): 404 0 0.241193000
D/UDP-TIMING(17390): 405 0 0.237134000
D/UDP-TIMING(17390): 406 0 0.257606000
D/UDP-TIMING(17390): 407 0 0.252465000
D/UDP-TIMING(17390): 408 0 0.247287000
D/UDP-TIMING(17390): 409 0 0.242111000
D/UDP-TIMING(17390): 410 0 0.237022000
E/TrafficStats( 1673): [QCTMM]tryAll index=0
D/UDP-TIMING(17390): 411 0 0.261978000
D/UDP-TIMING(17390): 412 0 0.256862000
D/UDP-TIMING(17390): 413 0 0.251703000
D/UDP-TIMING(17390): 414 0 0.246542000
D/UDP-TIMING(17390): 415 0 0.241399000
D/UDP-TIMING(17390): 416 0 0.236280000
E/TrafficStats( 1673): [QCTMM]tryAll index=1
E/TrafficStats( 1673): [QCTMM]tryAll index=2
E/TrafficStats( 1673): [QCTMM]tryAll index=0
E/TrafficStats( 1673): [QCTMM]tryAll index=1
E/TrafficStats( 1673): [QCTMM]tryAll index=2
D/DATA    ( 1860): sentSinceLastRecv=0,watchdogTrigger=10,maxindex=0
D/UDP-TIMING(17390): 417 0 0.261378000
D/UDP-TIMING(17390): 418 0 0.256209000
D/UDP-TIMING(17390): 419 0 0.251032000
D/UDP-TIMING(17390): 420 0 0.245810000
D/UDP-TIMING(17390): 421 0 0.240640000
D/UDP-TIMING(17390): 422 0 0.265035000
D/UDP-TIMING(17390): 423 0 0.259861000
D/UDP-TIMING(17390): 424 0 0.254714000
D/UDP-TIMING(17390): 425 0 0.249540000
D/UDP-TIMING(17390): 426 0 0.244365000
D/UDP-TIMING(17390): 427 0 0.239244000
D/UDP-TIMING(17390): 428 0 0.264373000
D/UDP-TIMING(17390): 429 0 0.259193000
D/UDP-TIMING(17390): 430 0 0.254021000
D/UDP-TIMING(17390): 431 0 0.248852000
D/UDP-TIMING(17390): 432 0 0.243679000
D/UDP-TIMING(17390): 433 0 0.238512000
D/UDP-TIMING(17390): 434 0 0.263044000
D/UDP-TIMING(17390): 435 0 0.257882000
D/UDP-TIMING(17390): 436 0 0.252698000
D/UDP-TIMING(17390): 437 0 0.247513000
D/UDP-TIMING(17390): 438 0 0.242366000
D/UDP-TIMING(17390): 439 0 0.237199000
D/UDP-TIMING(17390): 440 0 0.262259000
D/UDP-TIMING(17390): 441 0 0.257177000
D/UDP-TIMING(17390): 442 0 0.252002000
D/UDP-TIMING(17390): 443 0 0.246826000
D/UDP-TIMING(17390): 444 0 0.241646000
D/UDP-TIMING(17390): 445 0 0.266140000
D/UDP-TIMING(17390): 446 0 0.260953000
D/UDP-TIMING(17390): 447 0 0.255833000
D/UDP-TIMING(17390): 448 0 0.250658000
D/UDP-TIMING(17390): 449 0 0.245480000
D/UDP-TIMING(17390): 450 0 0.240387000
D/UDP-TIMING(17390): 451 0 0.265485000
D/UDP-TIMING(17390): 452 0 0.260387000
D/UDP-TIMING(17390): 453 0 0.255316000
D/UDP-TIMING(17390): 454 0 0.250239000
D/UDP-TIMING(17390): 455 0 0.245067000
D/UDP-TIMING(17390): 456 0 0.239942000
D/UDP-TIMING(17390): 457 0 0.234758000
D/UDP-TIMING(17390): 458 0 0.259277000
D/UDP-TIMING(17390): 459 0 0.254128000
D/UDP-TIMING(17390): 460 0 0.248950000
D/UDP-TIMING(17390): 461 0 0.243777000
D/UDP-TIMING(17390): 462 0 0.238602000
D/UDP-TIMING(17390): 463 0 0.263695000
D/UDP-TIMING(17390): 464 0 0.258517000
D/UDP-TIMING(17390): 465 0 0.253366000
D/UDP-TIMING(17390): 466 0 0.248183000
D/UDP-TIMING(17390): 467 0 0.243009000
D/UDP-TIMING(17390): 468 0 0.237834000
D/UDP-TIMING(17390): 469 0 0.262355000
D/UDP-TIMING(17390): 470 0 0.257297000
D/UDP-TIMING(17390): 471 0 0.252141000
D/UDP-TIMING(17390): 472 0 0.246917000
D/UDP-TIMING(17390): 473 0 0.241737000
D/UDP-TIMING(17390): 474 0 0.236610000
D/UDP-TIMING(17390): 475 0 0.261710000
D/UDP-TIMING(17390): 476 0 0.256577000
D/UDP-TIMING(17390): 477 0 0.251444000
D/UDP-TIMING(17390): 478 0 0.246279000
D/UDP-TIMING(17390): 479 0 0.241104000
D/UDP-TIMING(17390): 480 0 0.235985000
D/UDP-TIMING(17390): 481 0 0.260501000
D/UDP-TIMING(17390): 482 0 0.255331000
D/UDP-TIMING(17390): 483 0 0.250154000
D/UDP-TIMING(17390): 484 0 0.245003000
D/UDP-TIMING(17390): 485 0 0.239828000
D/UDP-TIMING(17390): 486 0 0.264622000
D/UDP-TIMING(17390): 487 0 0.259443000
D/UDP-TIMING(17390): 488 0 0.254261000
D/UDP-TIMING(17390): 489 0 0.249151000
D/UDP-TIMING(17390): 490 0 0.244005000
D/UDP-TIMING(17390): 491 0 0.238830000
D/UDP-TIMING(17390): 492 0 0.263950000
D/UDP-TIMING(17390): 493 0 0.258791000
D/UDP-TIMING(17390): 494 0 0.253614000
D/UDP-TIMING(17390): 495 0 0.248467000
D/UDP-TIMING(17390): 496 0 0.243282000
D/UDP-TIMING(17390): 497 0 0.238100000
D/UDP-TIMING(17390): 498 0 0.263104000
D/UDP-TIMING(17390): 499 0 0.257954000
D/UDP-TIMING(17390): 500 0 0.252778000
D/UDP-TIMING(17390): 501 0 0.247630000
D/UDP-TIMING(17390): 502 0 0.242450000
D/UDP-TIMING(17390): 503 0 0.237270000
D/UDP-TIMING(17390): 504 0 0.261783000
D/StatusBarPolicy( 1816): iconIndex=1
V/StatusBarPolicy( 1816): cdmaLevel:3;max:4
D/StatusBarPolicy( 1816): iconLevel:3
I/PhoneInfo( 2188): getCdmaLevel - cdmaDbm: -72 cdmaEcio:-100
I/PhoneInfo( 2188): getEvdoLevel - evdoDbm: -120 evdoSnr:-1 evdoEcio:-1
I/PhoneInfo( 2188): getLteLevel - lteRsrp: -1 lteCqi:-1
D/UDP-TIMING(17390): 505 0 0.236971000
D/UDP-TIMING(17390): 506 0 0.255620000
D/UDP-TIMING(17390): 507 0 0.250373000
D/UDP-TIMING(17390): 508 0 0.245195000
D/UDP-TIMING(17390): 509 0 0.239971000
D/UDP-TIMING(17390): 510 0 0.265302000
D/UDP-TIMING(17390): 511 0 0.260189000
E/TrafficStats( 1673): [QCTMM]tryAll index=0
D/UDP-TIMING(17390): 512 0 0.255044000
E/TrafficStats( 1673): [QCTMM]tryAll index=1
D/UDP-TIMING(17390): 513 0 0.249936000
D/UDP-TIMING(17390): 514 0 0.244766000
D/UDP-TIMING(17390): 515 0 0.239585000
E/TrafficStats( 1673): [QCTMM]tryAll index=2
E/TrafficStats( 1673): [QCTMM]tryAll index=0
E/TrafficStats( 1673): [QCTMM]tryAll index=1
E/TrafficStats( 1673): [QCTMM]tryAll index=2
D/DATA    ( 1860): sentSinceLastRecv=0,watchdogTrigger=10,maxindex=0
D/UDP-TIMING(17390): 516 0 0.265085000
D/UDP-TIMING(17390): 517 0 0.259906000
D/UDP-TIMING(17390): 518 0 0.254740000
D/UDP-TIMING(17390): 519 0 0.249564000
D/UDP-TIMING(17390): 520 0 0.244388000
D/UDP-TIMING(17390): 521 0 0.239243000
D/UDP-TIMING(17390): 522 0 0.263394000
D/UDP-TIMING(17390): 523 0 0.258162000
D/UDP-TIMING(17390): 524 0 0.252985000
D/UDP-TIMING(17390): 525 0 0.247810000
D/UDP-TIMING(17390): 526 0 0.242633000
D/UDP-TIMING(17390): 527 0 0.237461000
D/UDP-TIMING(17390): 528 0 0.261930000
D/UDP-TIMING(17390): 529 0 0.256770000
D/UDP-TIMING(17390): 530 0 0.251633000
D/UDP-TIMING(17390): 531 0 0.246535000
D/UDP-TIMING(17390): 532 0 0.241455000
D/UDP-TIMING(17390): 533 0 0.236289000
D/UDP-TIMING(17390): 534 0 0.261448000
D/UDP-TIMING(17390): 535 0 0.256327000
D/UDP-TIMING(17390): 536 0 0.251211000
D/UDP-TIMING(17390): 537 0 0.246042000
D/UDP-TIMING(17390): 538 0 0.240857000
D/UDP-TIMING(17390): 539 0 0.265454000
D/UDP-TIMING(17390): 540 0 0.260271000
D/UDP-TIMING(17390): 541 0 0.255092000
D/UDP-TIMING(17390): 542 0 0.249958000
D/UDP-TIMING(17390): 543 0 0.244774000
D/UDP-TIMING(17390): 544 0 0.239600000
D/UDP-TIMING(17390): 545 0 0.264761000
D/UDP-TIMING(17390): 546 0 0.259587000
D/UDP-TIMING(17390): 547 0 0.254409000
D/UDP-TIMING(17390): 548 0 0.249288000
D/UDP-TIMING(17390): 549 0 0.244149000
D/UDP-TIMING(17390): 550 0 0.238977000
D/UDP-TIMING(17390): 551 0 0.263462000
D/UDP-TIMING(17390): 552 0 0.258332000
D/UDP-TIMING(17390): 553 0 0.253171000
D/UDP-TIMING(17390): 554 0 0.248027000
D/UDP-TIMING(17390): 555 0 0.242885000
D/UDP-TIMING(17390): 556 0 0.237701000
D/UDP-TIMING(17390): 557 0 0.262791000
D/UDP-TIMING(17390): 558 0 0.257603000
D/UDP-TIMING(17390): 559 0 0.252427000
D/UDP-TIMING(17390): 560 0 0.247279000
D/UDP-TIMING(17390): 561 0 0.242101000
D/UDP-TIMING(17390): 562 0 0.236979000
D/UDP-TIMING(17390): 563 0 0.261436000
D/UDP-TIMING(17390): 564 0 0.256261000
D/UDP-TIMING(17390): 565 0 0.251080000
D/UDP-TIMING(17390): 566 0 0.245893000
D/UDP-TIMING(17390): 567 0 0.240712000
D/UDP-TIMING(17390): 568 0 0.235631000
D/UDP-TIMING(17390): 569 0 0.260766000
D/UDP-TIMING(17390): 570 0 0.255550000
D/UDP-TIMING(17390): 571 0 0.250391000
D/UDP-TIMING(17390): 572 0 0.245296000
D/UDP-TIMING(17390): 573 0 0.240128000
D/UDP-TIMING(17390): 574 0 0.264612000
D/UDP-TIMING(17390): 575 0 0.259448000
D/UDP-TIMING(17390): 576 0 0.254267000
D/UDP-TIMING(17390): 577 0 0.249103000
D/UDP-TIMING(17390): 578 0 0.243955000
D/UDP-TIMING(17390): 579 0 0.238791000
D/UDP-TIMING(17390): 580 0 0.263620000
D/UDP-TIMING(17390): 581 0 0.258481000
D/UDP-TIMING(17390): 582 0 0.253287000
D/UDP-TIMING(17390): 583 0 0.248112000
D/UDP-TIMING(17390): 584 0 0.242946000
D/UDP-TIMING(17390): 585 0 0.237732000
D/UDP-TIMING(17390): 586 0 0.262814000
D/UDP-TIMING(17390): 587 0 0.257693000
D/UDP-TIMING(17390): 588 0 0.252037000
D/UDP-TIMING(17390): 589 0 0.246862000
D/UDP-TIMING(17390): 590 0 0.241688000
D/UDP-TIMING(17390): 591 0 0.236595000
D/UDP-TIMING(17390): 592 0 0.261156000
D/UDP-TIMING(17390): 593 0 0.256022000
D/UDP-TIMING(17390): 594 0 0.250875000
D/UDP-TIMING(17390): 595 0 0.245693000
D/UDP-TIMING(17390): 596 0 0.240511000
D/UDP-TIMING(17390): 597 0 0.265982000
D/UDP-TIMING(17390): 598 0 0.260804000
D/UDP-TIMING(17390): 599 0 0.255652000
D/UDP-TIMING(17390): 600 0 0.250464000
D/UDP-TIMING(17390): 601 0 0.245278000
D/UDP-TIMING(17390): 602 0 0.240090000
D/UDP-TIMING(17390): 603 0 0.264169000
D/UDP-TIMING(17390): 604 0 0.258980000
D/UDP-TIMING(17390): 605 0 0.253831000
D/UDP-TIMING(17390): 606 0 0.240468000
D/UDP-TIMING(17390): 607 0 0.258234000
D/UDP-TIMING(17390): 608 0 0.253068000
D/UDP-TIMING(17390): 609 0 0.247905000
D/UDP-TIMING(17390): 610 0 0.242736000
D/UDP-TIMING(17390): 611 0 0.237608000
D/UDP-TIMING(17390): 612 0 0.262241000
D/UDP-TIMING(17390): 613 0 0.257036000
D/UDP-TIMING(17390): 614 0 0.251864000
D/UDP-TIMING(17390): 615 0 0.246690000
D/UDP-TIMING(17390): 616 0 0.241515000
D/UDP-TIMING(17390): 617 0 0.236357000
E/TrafficStats( 1673): [QCTMM]tryAll index=0
E/TrafficStats( 1673): [QCTMM]tryAll index=1
E/TrafficStats( 1673): [QCTMM]tryAll index=2
E/TrafficStats( 1673): [QCTMM]tryAll index=0
E/TrafficStats( 1673): [QCTMM]tryAll index=1
E/TrafficStats( 1673): [QCTMM]tryAll index=2
D/DATA    ( 1860): sentSinceLastRecv=0,watchdogTrigger=10,maxindex=0
D/UDP-TIMING(17390): 618 0 0.261903000
D/UDP-TIMING(17390): 619 0 0.256796000
D/UDP-TIMING(17390): 620 0 0.251617000
D/UDP-TIMING(17390): 621 0 0.246441000
D/UDP-TIMING(17390): 622 0 0.241298000
D/UDP-TIMING(17390): 623 0 0.265471000
D/UDP-TIMING(17390): 624 0 0.260293000
D/UDP-TIMING(17390): 625 0 0.255173000
D/UDP-TIMING(17390): 626 0 0.249993000
D/UDP-TIMING(17390): 627 0 0.244884000
D/UDP-TIMING(17390): 628 0 0.239732000
D/UDP-TIMING(17390): 629 0 0.264853000
D/UDP-TIMING(17390): 630 0 0.259732000
D/UDP-TIMING(17390): 631 0 0.254650000
D/UDP-TIMING(17390): 632 0 0.249482000
D/UDP-TIMING(17390): 633 0 0.244298000
D/UDP-TIMING(17390): 634 0 0.239152000
D/UDP-TIMING(17390): 635 0 0.263638000
D/UDP-TIMING(17390): 636 0 0.258453000
D/UDP-TIMING(17390): 637 0 0.253270000
D/UDP-TIMING(17390): 638 0 0.248123000
D/UDP-TIMING(17390): 639 0 0.242942000
D/UDP-TIMING(17390): 640 0 0.237766000
D/UDP-TIMING(17390): 641 0 0.262834000
D/UDP-TIMING(17390): 642 0 0.257663000
D/UDP-TIMING(17390): 643 0 0.252506000
D/UDP-TIMING(17390): 644 0 0.247322000
D/UDP-TIMING(17390): 645 0 0.242142000
D/UDP-TIMING(17390): 646 0 0.236998000
D/UDP-TIMING(17390): 647 0 0.261511000
D/UDP-TIMING(17390): 648 0 0.256370000
D/UDP-TIMING(17390): 649 0 0.251258000
D/UDP-TIMING(17390): 650 0 0.246147000
D/UDP-TIMING(17390): 651 0 0.241008000
D/UDP-TIMING(17390): 652 0 0.236272000
D/UDP-TIMING(17390): 653 0 0.260905000
D/UDP-TIMING(17390): 654 0 0.255780000
D/UDP-TIMING(17390): 655 0 0.250604000
D/UDP-TIMING(17390): 656 0 0.245421000
D/UDP-TIMING(17390): 657 0 0.240233000
D/UDP-TIMING(17390): 658 0 0.235084000
D/UDP-TIMING(17390): 659 0 0.259541000
D/UDP-TIMING(17390): 660 0 0.254390000
D/UDP-TIMING(17390): 661 0 0.249194000
D/UDP-TIMING(17390): 662 0 0.244008000
D/UDP-TIMING(17390): 663 0 0.238818000
D/UDP-TIMING(17390): 664 0 0.263966000
D/UDP-TIMING(17390): 665 0 0.258848000
D/UDP-TIMING(17390): 666 0 0.253669000
D/UDP-TIMING(17390): 667 0 0.248549000
D/UDP-TIMING(17390): 668 0 0.243390000
D/UDP-TIMING(17390): 669 0 0.238299000
D/UDP-TIMING(17390): 670 0 0.262847000
D/UDP-TIMING(17390): 671 0 0.257757000
D/UDP-TIMING(17390): 672 0 0.252635000
D/UDP-TIMING(17390): 673 0 0.247508000
D/UDP-TIMING(17390): 674 0 0.242411000
D/UDP-TIMING(17390): 675 0 0.237192000
D/UDP-TIMING(17390): 676 0 0.261985000
D/UDP-TIMING(17390): 677 0 0.256851000
D/UDP-TIMING(17390): 678 0 0.251682000
D/UDP-TIMING(17390): 679 0 0.246531000
D/UDP-TIMING(17390): 680 0 0.241353000
D/UDP-TIMING(17390): 681 0 0.266378000
D/UDP-TIMING(17390): 682 0 0.261197000
D/UDP-TIMING(17390): 683 0 0.256048000
D/UDP-TIMING(17390): 684 0 0.250870000
D/UDP-TIMING(17390): 685 0 0.245732000
D/UDP-TIMING(17390): 686 0 0.240606000
D/UDP-TIMING(17390): 687 0 0.235500000
D/UDP-TIMING(17390): 688 0 0.260085000
D/UDP-TIMING(17390): 689 0 0.255024000
D/UDP-TIMING(17390): 690 0 0.249923000
D/UDP-TIMING(17390): 691 0 0.244784000
D/UDP-TIMING(17390): 692 0 0.239659000
D/UDP-TIMING(17390): 693 0 0.265054000
D/UDP-TIMING(17390): 694 0 0.259924000
D/UDP-TIMING(17390): 695 0 0.254797000
D/UDP-TIMING(17390): 696 0 0.249653000
D/UDP-TIMING(17390): 697 0 0.244522000
D/UDP-TIMING(17390): 698 0 0.239433000
D/UDP-TIMING(17390): 699 0 0.263773000
D/UDP-TIMING(17390): 700 0 0.258662000
D/UDP-TIMING(17390): 701 0 0.253535000
D/UDP-TIMING(17390): 702 0 0.248346000
D/UDP-TIMING(17390): 703 0 0.243199000
D/UDP-TIMING(17390): 704 0 0.238103000
D/UDP-TIMING(17390): 705 0 0.263222000
D/UDP-TIMING(17390): 706 0 0.258087000
E/TrafficStats(16531): [QCTMM]tryAll index=0
E/TrafficStats(16531): [QCTMM]tryAll index=1
E/TrafficStats(16531): [QCTMM]tryAll index=2
E/TrafficStats(16531): [QCTMM]tryAll index=0
E/TrafficStats(16531): [QCTMM]tryAll index=1
E/TrafficStats(16531): [QCTMM]tryAll index=2
E/TrafficStats(16531): [QCTMM]tryAll index=0
E/TrafficStats(16531): [QCTMM]tryAll index=1
E/TrafficStats(16531): [QCTMM]tryAll index=2
E/TrafficStats(16531): [QCTMM]tryAll index=0
E/TrafficStats(16531): [QCTMM]tryAll index=1
E/TrafficStats(16531): [QCTMM]tryAll index=2
D/UDP-TIMING(17390): 707 0 0.242783000
D/UDP-TIMING(17390): 708 0 0.238664000
D/UDP-TIMING(17390): 709 0 0.257433000
D/UDP-TIMING(17390): 710 0 0.252308000
D/UDP-TIMING(17390): 711 0 0.247206000
D/UDP-TIMING(17390): 712 0 0.242073000
D/UDP-TIMING(17390): 713 0 0.236799000
D/Database(16531): dbopen(): path = /data/data/com.onavo.android.onavoid/databases/ui_events, flag = 6, file size = 14059520
D/UDP-TIMING(17390): 714 0 0.261933000
D/UDP-TIMING(17390): 715 0 0.256825000
D/UDP-TIMING(17390): 716 0 0.251646000
D/UDP-TIMING(17390): 717 0 0.246475000
D/UDP-TIMING(17390): 718 0 0.241299000
D/UDP-TIMING(17390): 719 0 0.236241000
E/TrafficStats( 1673): [QCTMM]tryAll index=0
E/TrafficStats( 1673): [QCTMM]tryAll index=1
E/TrafficStats( 1673): [QCTMM]tryAll index=2
E/TrafficStats( 1673): [QCTMM]tryAll index=0
E/TrafficStats( 1673): [QCTMM]tryAll index=1
E/TrafficStats( 1673): [QCTMM]tryAll index=2
D/DATA    ( 1860): sentSinceLastRecv=0,watchdogTrigger=10,maxindex=0
