E/TrafficStats( 1673): [QCTMM]tryAll index=1
E/TrafficStats( 1673): [QCTMM]tryAll index=2
D/DATA    ( 1860): [QCTMM] DataNetStatistics sent == 0 && received == 0 newActivity=NONE
D/DATA    ( 1860): sentSinceLastRecv=0,watchdogTrigger=10,maxindex=0
D/dalvikvm( 1845): GC_EXPLICIT freed 42K, 50% free 4064K/8007K, external 18441K/20489K, paused 81ms
E/TrafficStats( 1673): [QCTMM]tryAll index=0
E/TrafficStats( 1673): [QCTMM]tryAll index=1
E/TrafficStats( 1673): [QCTMM]tryAll index=2
E/TrafficStats( 1673): [QCTMM]tryAll index=0
E/TrafficStats( 1673): [QCTMM]tryAll index=1
E/TrafficStats( 1673): [QCTMM]tryAll index=2
D/DATA    ( 1860): [QCTMM] DataNetStatistics sent == 0 && received == 0 newActivity=NONE
D/DATA    ( 1860): sentSinceLastRecv=0,watchdogTrigger=10,maxindex=0
E/TrafficStats(16531): [QCTMM]tryAll index=0
E/TrafficStats(16531): [QCTMM]tryAll index=1
E/TrafficStats(16531): [QCTMM]tryAll index=2
E/TrafficStats(16531): [QCTMM]tryAll index=0
E/TrafficStats(16531): [QCTMM]tryAll index=1
E/TrafficStats(16531): [QCTMM]tryAll index=2
E/TrafficStats(16531): [QCTMM]tryAll index=0
E/TrafficStats(16531): [QCTMM]tryAll index=1
E/TrafficStats(16531): [QCTMM]tryAll index=2
E/TrafficStats(16531): [QCTMM]tryAll index=0
E/TrafficStats(16531): [QCTMM]tryAll index=1
E/TrafficStats(16531): [QCTMM]tryAll index=2
E/TrafficStats( 1673): [QCTMM]tryAll index=0
E/TrafficStats( 1673): [QCTMM]tryAll index=1
E/TrafficStats( 1673): [QCTMM]tryAll index=2
E/TrafficStats( 1673): [QCTMM]tryAll index=0
E/TrafficStats( 1673): [QCTMM]tryAll index=1
E/TrafficStats( 1673): [QCTMM]tryAll index=2
D/DATA    ( 1860): [QCTMM] DataNetStatistics sent == 0 && received == 0 newActivity=NONE
D/DATA    ( 1860): sentSinceLastRecv=0,watchdogTrigger=10,maxindex=0
E/TrafficStats( 1673): [QCTMM]tryAll index=0
E/TrafficStats( 1673): [QCTMM]tryAll index=1
E/TrafficStats( 1673): [QCTMM]tryAll index=2
E/TrafficStats( 1673): [QCTMM]tryAll index=0
E/TrafficStats( 1673): [QCTMM]tryAll index=1
E/TrafficStats( 1673): [QCTMM]tryAll index=2
D/DATA    ( 1860): [QCTMM] DataNetStatistics sent == 0 && received == 0 newActivity=NONE
D/DATA    ( 1860): sentSinceLastRecv=0,watchdogTrigger=10,maxindex=0
E/TrafficStats( 1673): [QCTMM]tryAll index=0
E/TrafficStats( 1673): [QCTMM]tryAll index=1
E/TrafficStats( 1673): [QCTMM]tryAll index=2
E/TrafficStats( 1673): [QCTMM]tryAll index=0
E/TrafficStats( 1673): [QCTMM]tryAll index=1
E/TrafficStats( 1673): [QCTMM]tryAll index=2
D/DATA    ( 1860): [QCTMM] DataNetStatistics sent == 0 && received == 0 newActivity=NONE
D/DATA    ( 1860): sentSinceLastRecv=0,watchdogTrigger=10,maxindex=0
D/dalvikvm(16944): GC_EXPLICIT freed 13K, 47% free 2922K/5447K, external 0K/0K, paused 66ms
E/TrafficStats( 1673): [QCTMM]tryAll index=0
E/TrafficStats( 1673): [QCTMM]tryAll index=1
E/TrafficStats( 1673): [QCTMM]tryAll index=2
E/TrafficStats( 1673): [QCTMM]tryAll index=0
E/TrafficStats( 1673): [QCTMM]tryAll index=1
E/TrafficStats( 1673): [QCTMM]tryAll index=2
D/DATA    ( 1860): [QCTMM] DataNetStatistics sent == 0 && received == 0 newActivity=NONE
D/DATA    ( 1860): sentSinceLastRecv=0,watchdogTrigger=10,maxindex=0
E/TrafficStats( 1673): [QCTMM]tryAll index=0
E/TrafficStats( 1673): [QCTMM]tryAll index=1
E/TrafficStats( 1673): [QCTMM]tryAll index=2
E/TrafficStats( 1673): [QCTMM]tryAll index=0
E/TrafficStats( 1673): [QCTMM]tryAll index=1
E/TrafficStats( 1673): [QCTMM]tryAll index=2
D/DATA    ( 1860): [QCTMM] DataNetStatistics sent == 0 && received == 0 newActivity=NONE
D/DATA    ( 1860): sentSinceLastRecv=0,watchdogTrigger=10,maxindex=0
E/TrafficStats( 1673): [QCTMM]tryAll index=0
E/TrafficStats( 1673): [QCTMM]tryAll index=1
E/TrafficStats( 1673): [QCTMM]tryAll index=2
E/TrafficStats( 1673): [QCTMM]tryAll index=0
E/TrafficStats( 1673): [QCTMM]tryAll index=1
E/TrafficStats( 1673): [QCTMM]tryAll index=2
D/DATA    ( 1860): [QCTMM] DataNetStatistics sent == 0 && received == 0 newActivity=NONE
D/DATA    ( 1860): sentSinceLastRecv=0,watchdogTrigger=10,maxindex=0
E/TrafficStats(16531): [QCTMM]tryAll index=0
E/TrafficStats(16531): [QCTMM]tryAll index=1
E/TrafficStats(16531): [QCTMM]tryAll index=2
E/TrafficStats(16531): [QCTMM]tryAll index=0
E/TrafficStats(16531): [QCTMM]tryAll index=1
E/TrafficStats(16531): [QCTMM]tryAll index=2
E/TrafficStats(16531): [QCTMM]tryAll index=0
E/TrafficStats(16531): [QCTMM]tryAll index=1
E/TrafficStats(16531): [QCTMM]tryAll index=2
E/TrafficStats(16531): [QCTMM]tryAll index=0
E/TrafficStats(16531): [QCTMM]tryAll index=1
E/TrafficStats(16531): [QCTMM]tryAll index=2
E/TrafficStats( 1673): [QCTMM]tryAll index=0
E/TrafficStats( 1673): [QCTMM]tryAll index=1
E/TrafficStats( 1673): [QCTMM]tryAll index=2
E/TrafficStats( 1673): [QCTMM]tryAll index=0
E/TrafficStats( 1673): [QCTMM]tryAll index=1
E/TrafficStats( 1673): [QCTMM]tryAll index=2
D/DATA    ( 1860): [QCTMM] DataNetStatistics sent == 0 && received == 0 newActivity=NONE
D/DATA    ( 1860): sentSinceLastRecv=0,watchdogTrigger=10,maxindex=0
E/TrafficStats( 1673): [QCTMM]tryAll index=0
E/TrafficStats( 1673): [QCTMM]tryAll index=1
E/TrafficStats( 1673): [QCTMM]tryAll index=2
E/TrafficStats( 1673): [QCTMM]tryAll index=0
E/TrafficStats( 1673): [QCTMM]tryAll index=1
E/TrafficStats( 1673): [QCTMM]tryAll index=2
D/DATA    ( 1860): [QCTMM] DataNetStatistics sent == 0 && received == 0 newActivity=NONE
D/DATA    ( 1860): sentSinceLastRecv=0,watchdogTrigger=10,maxindex=0
D/dalvikvm(15489): GC_EXPLICIT freed 763K, 52% free 3242K/6727K, external 0K/0K, paused 77ms
E/TrafficStats( 1673): [QCTMM]tryAll index=0
E/TrafficStats( 1673): [QCTMM]tryAll index=1
E/TrafficStats( 1673): [QCTMM]tryAll index=2
E/TrafficStats( 1673): [QCTMM]tryAll index=0
E/TrafficStats( 1673): [QCTMM]tryAll index=1
E/TrafficStats( 1673): [QCTMM]tryAll index=2
D/DATA    ( 1860): [QCTMM] DataNetStatistics sent == 0 && received == 0 newActivity=NONE
D/DATA    ( 1860): sentSinceLastRecv=0,watchdogTrigger=10,maxindex=0
E/TrafficStats( 1673): [QCTMM]tryAll index=0
E/TrafficStats( 1673): [QCTMM]tryAll index=1
E/TrafficStats( 1673): [QCTMM]tryAll index=2
E/TrafficStats( 1673): [QCTMM]tryAll index=0
E/TrafficStats( 1673): [QCTMM]tryAll index=1
E/TrafficStats( 1673): [QCTMM]tryAll index=2
D/DATA    ( 1860): [QCTMM] DataNetStatistics sent == 0 && received == 0 newActivity=NONE
D/DATA    ( 1860): sentSinceLastRecv=0,watchdogTrigger=10,maxindex=0
V/DeviceStorageMonitorService( 1673): freeMemory=2097799168
D/DeviceStorageMonitorService( 1673): OoO SMS Memory available. SMS_AVAILABLE_THRESHOLD == 524288
I/DeviceStorageMonitorService( 1673): Posting Message again
E/TrafficStats( 1673): [QCTMM]tryAll index=0
E/TrafficStats( 1673): [QCTMM]tryAll index=1
E/TrafficStats( 1673): [QCTMM]tryAll index=2
E/TrafficStats( 1673): [QCTMM]tryAll index=0
E/TrafficStats( 1673): [QCTMM]tryAll index=1
E/TrafficStats( 1673): [QCTMM]tryAll index=2
D/DATA    ( 1860): [QCTMM] DataNetStatistics sent == 0 && received == 0 newActivity=NONE
D/DATA    ( 1860): sentSinceLastRecv=0,watchdogTrigger=10,maxindex=0
E/TrafficStats( 1673): [QCTMM]tryAll index=0
E/TrafficStats( 1673): [QCTMM]tryAll index=1
E/TrafficStats( 1673): [QCTMM]tryAll index=2
E/TrafficStats( 1673): [QCTMM]tryAll index=0
E/TrafficStats( 1673): [QCTMM]tryAll index=1
E/TrafficStats( 1673): [QCTMM]tryAll index=2
D/DATA    ( 1860): [QCTMM] DataNetStatistics sent == 0 && received == 0 newActivity=NONE
D/DATA    ( 1860): sentSinceLastRecv=0,watchdogTrigger=10,maxindex=0
E/TrafficStats(16531): [QCTMM]tryAll index=0
E/TrafficStats(16531): [QCTMM]tryAll index=1
E/TrafficStats(16531): [QCTMM]tryAll index=2
E/TrafficStats(16531): [QCTMM]tryAll index=0
E/TrafficStats(16531): [QCTMM]tryAll index=1
E/TrafficStats(16531): [QCTMM]tryAll index=2
E/TrafficStats(16531): [QCTMM]tryAll index=0
E/TrafficStats(16531): [QCTMM]tryAll index=1
E/TrafficStats(16531): [QCTMM]tryAll index=2
E/TrafficStats(16531): [QCTMM]tryAll index=0
E/TrafficStats(16531): [QCTMM]tryAll index=1
E/TrafficStats(16531): [QCTMM]tryAll index=2
E/TrafficStats( 1673): [QCTMM]tryAll index=0
E/TrafficStats( 1673): [QCTMM]tryAll index=1
E/TrafficStats( 1673): [QCTMM]tryAll index=2
E/TrafficStats( 1673): [QCTMM]tryAll index=0
E/TrafficStats( 1673): [QCTMM]tryAll index=1
E/TrafficStats( 1673): [QCTMM]tryAll index=2
D/DATA    ( 1860): [QCTMM] DataNetStatistics sent == 0 && received == 0 newActivity=NONE
D/DATA    ( 1860): sentSinceLastRecv=0,watchdogTrigger=10,maxindex=0
D/dalvikvm(16055): GC_EXPLICIT freed 111K, 48% free 2881K/5511K, external 0K/0K, paused 67ms
E/TrafficStats( 1673): [QCTMM]tryAll index=0
E/TrafficStats( 1673): [QCTMM]tryAll index=1
E/TrafficStats( 1673): [QCTMM]tryAll index=2
E/TrafficStats( 1673): [QCTMM]tryAll index=0
E/TrafficStats( 1673): [QCTMM]tryAll index=1
E/TrafficStats( 1673): [QCTMM]tryAll index=2
D/DATA    ( 1860): [QCTMM] DataNetStatistics sent == 0 && received == 0 newActivity=NONE
D/DATA    ( 1860): sentSinceLastRecv=0,watchdogTrigger=10,maxindex=0
E/TrafficStats( 1673): [QCTMM]tryAll index=0
E/TrafficStats( 1673): [QCTMM]tryAll index=1
E/TrafficStats( 1673): [QCTMM]tryAll index=2
E/TrafficStats( 1673): [QCTMM]tryAll index=0
E/TrafficStats( 1673): [QCTMM]tryAll index=1
E/TrafficStats( 1673): [QCTMM]tryAll index=2
D/DATA    ( 1860): [QCTMM] DataNetStatistics sent == 0 && received == 0 newActivity=NONE
D/DATA    ( 1860): sentSinceLastRecv=0,watchdogTrigger=10,maxindex=0
E/TrafficStats( 1673): [QCTMM]tryAll index=0
E/TrafficStats( 1673): [QCTMM]tryAll index=1
E/TrafficStats( 1673): [QCTMM]tryAll index=2
E/TrafficStats( 1673): [QCTMM]tryAll index=0
E/TrafficStats( 1673): [QCTMM]tryAll index=1
E/TrafficStats( 1673): [QCTMM]tryAll index=2
D/DATA    ( 1860): [QCTMM] DataNetStatistics sent == 0 && received == 0 newActivity=NONE
D/DATA    ( 1860): sentSinceLastRecv=0,watchdogTrigger=10,maxindex=0
D/StatusBarPolicy( 1816): iconIndex=1
V/StatusBarPolicy( 1816): cdmaLevel:3;max:4
D/StatusBarPolicy( 1816): iconLevel:3
I/PhoneInfo( 2188): getCdmaLevel - cdmaDbm: -72 cdmaEcio:-100
I/PhoneInfo( 2188): getEvdoLevel - evdoDbm: -120 evdoSnr:-1 evdoEcio:-1
I/PhoneInfo( 2188): getLteLevel - lteRsrp: -1 lteCqi:-1
E/TrafficStats( 1673): [QCTMM]tryAll index=0
E/TrafficStats( 1673): [QCTMM]tryAll index=1
E/TrafficStats( 1673): [QCTMM]tryAll index=2
E/TrafficStats( 1673): [QCTMM]tryAll index=0
E/TrafficStats( 1673): [QCTMM]tryAll index=1
E/TrafficStats( 1673): [QCTMM]tryAll index=2
D/DATA    ( 1860): [QCTMM] DataNetStatistics sent == 0 && received == 0 newActivity=NONE
D/DATA    ( 1860): sentSinceLastRecv=0,watchdogTrigger=10,maxindex=0
E/TrafficStats( 1673): [QCTMM]tryAll index=0
E/TrafficStats( 1673): [QCTMM]tryAll index=1
E/TrafficStats( 1673): [QCTMM]tryAll index=2
E/TrafficStats( 1673): [QCTMM]tryAll index=0
E/TrafficStats( 1673): [QCTMM]tryAll index=1
E/TrafficStats( 1673): [QCTMM]tryAll index=2
D/DATA    ( 1860): [QCTMM] DataNetStatistics sent == 0 && received == 0 newActivity=NONE
D/DATA    ( 1860): sentSinceLastRecv=0,watchdogTrigger=10,maxindex=0
E/TrafficStats(16531): [QCTMM]tryAll index=0
E/TrafficStats(16531): [QCTMM]tryAll index=1
E/TrafficStats(16531): [QCTMM]tryAll index=2
E/TrafficStats(16531): [QCTMM]tryAll index=0
E/TrafficStats(16531): [QCTMM]tryAll index=1
E/TrafficStats(16531): [QCTMM]tryAll index=2
E/TrafficStats(16531): [QCTMM]tryAll index=0
E/TrafficStats(16531): [QCTMM]tryAll index=1
E/TrafficStats(16531): [QCTMM]tryAll index=2
E/TrafficStats(16531): [QCTMM]tryAll index=0
E/TrafficStats(16531): [QCTMM]tryAll index=1
E/TrafficStats(16531): [QCTMM]tryAll index=2
D/Database(16531): dbopen(): path = /data/data/com.onavo.android.onavoid/databases/ui_events, flag = 6, file size = 14059520
D/Database(16531): dbopen(): path = /data/data/com.onavo.android.onavoid/databases/ui_events, mode: wal, disk free size: 2000 M, handle: 0x37d3a8
D/Database(16531): dbclose(): path = /data/data/com.onavo.android.onavoid/databases/ui_events, handle = 0x37d3a8
E/TrafficStats( 1673): [QCTMM]tryAll index=0
E/TrafficStats( 1673): [QCTMM]tryAll index=1
E/TrafficStats( 1673): [QCTMM]tryAll index=2
E/TrafficStats( 1673): [QCTMM]tryAll index=0
E/TrafficStats( 1673): [QCTMM]tryAll index=1
E/TrafficStats( 1673): [QCTMM]tryAll index=2
D/DATA    ( 1860): [QCTMM] DataNetStatistics sent == 0 && received == 0 newActivity=NONE
D/DATA    ( 1860): sentSinceLastRecv=0,watchdogTrigger=10,maxindex=0
E/TrafficStats( 1673): [QCTMM]tryAll index=0
E/TrafficStats( 1673): [QCTMM]tryAll index=1
E/TrafficStats( 1673): [QCTMM]tryAll index=2
E/TrafficStats( 1673): [QCTMM]tryAll index=0
E/TrafficStats( 1673): [QCTMM]tryAll index=1
E/TrafficStats( 1673): [QCTMM]tryAll index=2
D/DATA    ( 1860): [QCTMM] DataNetStatistics sent == 0 && received == 0 newActivity=NONE
D/DATA    ( 1860): sentSinceLastRecv=0,watchdogTrigger=10,maxindex=0
E/TrafficStats( 1673): [QCTMM]tryAll index=0
E/TrafficStats( 1673): [QCTMM]tryAll index=1
E/TrafficStats( 1673): [QCTMM]tryAll index=2
E/TrafficStats( 1673): [QCTMM]tryAll index=0
E/TrafficStats( 1673): [QCTMM]tryAll index=1
E/TrafficStats( 1673): [QCTMM]tryAll index=2
D/DATA    ( 1860): [QCTMM] DataNetStatistics sent == 0 && received == 0 newActivity=NONE
D/DATA    ( 1860): sentSinceLastRecv=0,watchdogTrigger=10,maxindex=0
D/dalvikvm(16308): GC_EXPLICIT freed 262K, 51% free 2872K/5831K, external 0K/0K, paused 60ms
E/TrafficStats( 1673): [QCTMM]tryAll index=0
E/TrafficStats( 1673): [QCTMM]tryAll index=1
E/TrafficStats( 1673): [QCTMM]tryAll index=2
E/TrafficStats( 1673): [QCTMM]tryAll index=0
E/TrafficStats( 1673): [QCTMM]tryAll index=1
E/TrafficStats( 1673): [QCTMM]tryAll index=2
D/DATA    ( 1860): [QCTMM] DataNetStatistics sent == 0 && received == 0 newActivity=NONE
D/DATA    ( 1860): sentSinceLastRecv=0,watchdogTrigger=10,maxindex=0
E/TrafficStats( 1673): [QCTMM]tryAll index=0
E/TrafficStats( 1673): [QCTMM]tryAll index=1
E/TrafficStats( 1673): [QCTMM]tryAll index=2
E/TrafficStats( 1673): [QCTMM]tryAll index=0
E/TrafficStats( 1673): [QCTMM]tryAll index=1
E/TrafficStats( 1673): [QCTMM]tryAll index=2
D/DATA    ( 1860): [QCTMM] DataNetStatistics sent == 0 && received == 0 newActivity=NONE
D/DATA    ( 1860): sentSinceLastRecv=0,watchdogTrigger=10,maxindex=0
E/TrafficStats( 1673): [QCTMM]tryAll index=0
E/TrafficStats( 1673): [QCTMM]tryAll index=1
E/TrafficStats( 1673): [QCTMM]tryAll index=2
E/TrafficStats( 1673): [QCTMM]tryAll index=0
E/TrafficStats( 1673): [QCTMM]tryAll index=1
E/TrafficStats( 1673): [QCTMM]tryAll index=2
D/DATA    ( 1860): [QCTMM] DataNetStatistics sent == 0 && received == 0 newActivity=NONE
D/DATA    ( 1860): sentSinceLastRecv=0,watchdogTrigger=10,maxindex=0
E/TrafficStats(16531): [QCTMM]tryAll index=0
E/TrafficStats(16531): [QCTMM]tryAll index=1
E/TrafficStats(16531): [QCTMM]tryAll index=2
E/TrafficStats(16531): [QCTMM]tryAll index=0
E/TrafficStats(16531): [QCTMM]tryAll index=1
E/TrafficStats(16531): [QCTMM]tryAll index=2
E/TrafficStats(16531): [QCTMM]tryAll index=0
E/TrafficStats(16531): [QCTMM]tryAll index=1
E/TrafficStats(16531): [QCTMM]tryAll index=2
E/TrafficStats(16531): [QCTMM]tryAll index=0
E/TrafficStats(16531): [QCTMM]tryAll index=1
E/TrafficStats(16531): [QCTMM]tryAll index=2
D/dalvikvm(16531): GC_CONCURRENT freed 398K, 51% free 3371K/6855K, external 0K/0K, paused 7ms+3ms
E/TrafficStats( 1673): [QCTMM]tryAll index=0
E/TrafficStats( 1673): [QCTMM]tryAll index=1
E/TrafficStats( 1673): [QCTMM]tryAll index=2
E/TrafficStats( 1673): [QCTMM]tryAll index=0
E/TrafficStats( 1673): [QCTMM]tryAll index=1
E/TrafficStats( 1673): [QCTMM]tryAll index=2
D/DATA    ( 1860): [QCTMM] DataNetStatistics sent == 0 && received == 0 newActivity=NONE
D/DATA    ( 1860): sentSinceLastRecv=0,watchdogTrigger=10,maxindex=0
D/MMDCT   ( 1860): onDCLChanged dcs=DataCallState: { cid: 0, active: 2, type: IP, apn: vzwinternet, address: 10.174.234.255 }
D/MMDCT   ( 1860): onDCLChanged dcs=DataCallState: { cid: 1, active: 2, type: IPV6, apn: vzwinternet, address: 2600:1000:b022:700a:f3ca:40ba:6903:3d04 }
D/MMDCT   ( 1860): onDCLChanged dcs=DataCallState: { cid: 2, active: 0, type: null, apn: null, address: null }
D/MMDCT   ( 1860): onDCLChanged dcs=DataCallState: { cid: 3, active: 0, type: null, apn: null, address: null }
D/MMDCT   ( 1860): onDCLChanged dcs=DataCallState: { cid: 4, active: 0, type: null, apn: null, address: null }
D/MMDCT   ( 1860): onDCLChanged dcs=DataCallState: { cid: 5, active: 0, type: null, apn: null, address: null }
D/MMDCT   ( 1860): onDCLChanged dcs=DataCallState: { cid: 6, active: 0, type: null, apn: null, address: null }
D/MMDCT   ( 1860): onDCLChanged dcs=DataCallState: { cid: 7, active: 0, type: null, apn: null, address: null }
D/MMDCT   ( 1860): onDCLChanged dcs=DataCallState: { cid: 8, active: 0, type: null, apn: null, address: null }
D/MMDCT   ( 1860): onDCLChanged dcs=DataCallState: { cid: 9, active: 0, type: null, apn: null, address: null }
D/MMDCT   ( 1860): onDCLChanged dcs=DataCallState: { cid: 10, active: 0, type: null, apn: null, address: null }
D/MMDCT   ( 1860): onDCLChanged dcs=DataCallState: { cid: 11, active: 0, type: null, apn: null, address: null }
D/MMDCT   ( 1860): onDCLChanged dcs=DataCallState: { cid: 12, active: 0, type: null, apn: null, address: null }
D/MMDCT   ( 1860): onDCLChanged dcs=DataCallState: { cid: 13, active: 0, type: null, apn: null, address: null }
D/MMDCT   ( 1860): onDCLChanged dcs=DataCallState: { cid: 14, active: 0, type: null, apn: null, address: null }
D/MMDCT   ( 1860): onDCLChanged dcs=DataCallState: { cid: 15, active: 0, type: null, apn: null, address: null }
D/MMDCT   ( 1860): onDCLChanged dcs=DataCallState: { cid: 16, active: 0, type: null, apn: null, address: null }
D/MMDCT   ( 1860): onDCLChanged dcs=DataCallState: { cid: 17, active: 0, type: null, apn: null, address: null }
D/MMDCT   ( 1860): onDCLChanged dcs=DataCallState: { cid: 18, active: 0, type: null, apn: null, address: null }
D/MMDCT   ( 1860): onDCLChanged dcs=DataCallState: { cid: 19, active: 0, type: null, apn: null, address: null }
D/MMDCT   ( 1860): onDCLChanged() DC is active : activeDC.active=2
D/MMDCT   ( 1860): onDCLChanged() DC is active : activeDC.active=2
D/MMDCT   ( 1860):  ======= check all DC disconnected ======= 
D/MMDCT   ( 1860): DC-0: state=DcActiveState if=rmnet_sdio0 ip=10.174.234.255 ipv=IPV4
D/MMDCT   ( 1860): DC-1: state=DcActiveState if=rmnet_sdio1 ip=2600:1000:b022:700a:f3ca:40ba:6903:3d04 ipv=IPV6
D/MMDCT   ( 1860): DC-2: state=DcInactiveState if=null ip=null ipv=null
D/MMDCT   ( 1860): DC-3: state=DcInactiveState if=null ip=null ipv=null
D/MMDCT   ( 1860): DC-4: state=DcInactiveState if=null ip=null ipv=null
D/MMDCT   ( 1860): DC-5: state=DcInactiveState if=null ip=null ipv=null
D/MMDCT   ( 1860): DC-6: state=DcInactiveState if=null ip=null ipv=null
D/MMDCT   ( 1860): DC-7: state=DcInactiveState if=null ip=null ipv=null
D/MMDCT   ( 1860): ifAllDataDisconnected ret=false
D/DATA    ( 1860): [QCTMM]isEnablePoll   enablePoll=true
D/MMDCT   ( 1860): onDCLChanged() DA=NONE
D/MMDCT   ( 1860): onDCLChanged() notifyDA() now
D/DATA    ( 1860): [PhoneNotifier] notifyDataActivityLTE
D/StatusBarPolicy( 1816): hasService()=true ,mDataState=2 ,mPhone.htcModemLinkOn()=false ,mDataActivity=0
D/StatusBarPolicy( 1816): slotType[0]=RUIM
D/UDP-TIMING(17390): 0 0 0.301954000
D/UDP-TIMING(17390): 1 0 0.299341000
D/UDP-TIMING(17390): 2 0 0.296636000
D/UDP-TIMING(17390): 3 0 0.293966000
D/UDP-TIMING(17390): 4 0 0.291290000
D/UDP-TIMING(17390): 5 0 0.288726000
D/UDP-TIMING(17390): 6 0 0.286126000
D/UDP-TIMING(17390): 7 0 0.283436000
D/UDP-TIMING(17390): 8 0 0.280791000
D/UDP-TIMING(17390): 9 0 0.278134000
D/UDP-TIMING(17390): 10 0 0.275518000
D/UDP-TIMING(17390): 11 0 0.272862000
D/UDP-TIMING(17390): 12 0 0.270148000
D/UDP-TIMING(17390): 13 0 0.267472000
D/UDP-TIMING(17390): 14 0 0.264810000
D/UDP-TIMING(17390): 15 0 0.262145000
D/UDP-TIMING(17390): 16 0 0.259463000
D/UDP-TIMING(17390): 17 0 0.256799000
D/UDP-TIMING(17390): 18 0 0.254153000
D/UDP-TIMING(17390): 19 0 0.251470000
D/UDP-TIMING(17390): 20 0 0.248801000
D/UDP-TIMING(17390): 21 0 0.246119000
D/UDP-TIMING(17390): 22 0 0.243432000
D/UDP-TIMING(17390): 23 0 0.240749000
D/UDP-TIMING(17390): 24 0 0.238066000
D/UDP-TIMING(17390): 25 0 0.265325000
D/UDP-TIMING(17390): 26 0 0.262676000
D/UDP-TIMING(17390): 27 0 0.259997000
D/UDP-TIMING(17390): 28 0 0.257315000
D/UDP-TIMING(17390): 29 0 0.254637000
D/UDP-TIMING(17390): 30 0 0.251959000
D/UDP-TIMING(17390): 31 0 0.249305000
D/UDP-TIMING(17390): 32 0 0.246620000
D/UDP-TIMING(17390): 33 0 0.243934000
D/UDP-TIMING(17390): 34 0 0.241251000
D/UDP-TIMING(17390): 35 0 0.238636000
D/UDP-TIMING(17390): 36 0 0.265955000
D/UDP-TIMING(17390): 37 0 0.263312000
D/UDP-TIMING(17390): 38 0 0.260641000
D/UDP-TIMING(17390): 39 0 0.257967000
D/UDP-TIMING(17390): 40 0 0.255323000
D/UDP-TIMING(17390): 41 0 0.252702000
D/UDP-TIMING(17390): 42 0 0.250079000
D/UDP-TIMING(17390): 43 0 0.247459000
D/UDP-TIMING(17390): 44 0 0.244867000
D/UDP-TIMING(17390): 45 0 0.242178000
D/UDP-TIMING(17390): 46 0 0.239562000
D/UDP-TIMING(17390): 47 0 0.267177000
D/UDP-TIMING(17390): 48 0 0.264509000
D/UDP-TIMING(17390): 49 0 0.261868000
D/UDP-TIMING(17390): 50 0 0.259254000
D/UDP-TIMING(17390): 51 0 0.256593000
D/UDP-TIMING(17390): 52 0 0.253919000
D/UDP-TIMING(17390): 53 0 0.251258000
D/UDP-TIMING(17390): 54 0 0.248591000
D/UDP-TIMING(17390): 55 0 0.245950000
D/UDP-TIMING(17390): 56 0 0.243284000
D/UDP-TIMING(17390): 57 0 0.240619000
D/UDP-TIMING(17390): 58 0 0.238022000
D/UDP-TIMING(17390): 59 0 0.264960000
D/UDP-TIMING(17390): 60 0 0.262296000
D/UDP-TIMING(17390): 61 0 0.259618000
D/UDP-TIMING(17390): 62 0 0.256952000
D/UDP-TIMING(17390): 63 0 0.254321000
D/UDP-TIMING(17390): 64 0 0.251652000
D/UDP-TIMING(17390): 65 0 0.248969000
D/UDP-TIMING(17390): 66 0 0.246291000
D/UDP-TIMING(17390): 67 0 0.243626000
D/UDP-TIMING(17390): 68 0 0.240955000
D/UDP-TIMING(17390): 69 0 0.238356000
D/UDP-TIMING(17390): 70 0 0.265999000
D/UDP-TIMING(17390): 71 0 0.263332000
D/UDP-TIMING(17390): 72 0 0.260606000
D/UDP-TIMING(17390): 73 0 0.257976000
D/UDP-TIMING(17390): 74 0 0.255316000
D/UDP-TIMING(17390): 75 0 0.252327000
D/UDP-TIMING(17390): 76 0 0.248400000
D/UDP-TIMING(17390): 77 0 0.245780000
D/UDP-TIMING(17390): 78 0 0.243162000
D/UDP-TIMING(17390): 79 0 0.242307000
D/UDP-TIMING(17390): 80 0 0.239721000
D/UDP-TIMING(17390): 81 0 0.264931000
D/UDP-TIMING(17390): 82 0 0.262338000
D/UDP-TIMING(17390): 83 0 0.259735000
D/UDP-TIMING(17390): 84 0 0.257112000
D/UDP-TIMING(17390): 85 0 0.254437000
D/UDP-TIMING(17390): 86 0 0.251855000
D/UDP-TIMING(17390): 87 0 0.249174000
D/UDP-TIMING(17390): 88 0 0.246491000
D/UDP-TIMING(17390): 89 0 0.243810000
D/UDP-TIMING(17390): 90 0 0.241133000
D/UDP-TIMING(17390): 91 0 0.238514000
D/UDP-TIMING(17390): 92 0 0.266205000
D/UDP-TIMING(17390): 93 0 0.263529000
D/UDP-TIMING(17390): 94 0 0.260847000
D/UDP-TIMING(17390): 95 0 0.258156000
D/UDP-TIMING(17390): 96 0 0.255468000
D/UDP-TIMING(17390): 97 0 0.252817000
D/UDP-TIMING(17390): 98 0 0.250131000
D/UDP-TIMING(17390): 99 0 0.247463000
D/UDP-TIMING(17390): 100 0 0.244783000
E/TrafficStats( 1673): [QCTMM]tryAll index=0
E/TrafficStats( 1673): [QCTMM]tryAll index=1
E/TrafficStats( 1673): [QCTMM]tryAll index=2
E/TrafficStats( 1673): [QCTMM]tryAll index=0
E/TrafficStats( 1673): [QCTMM]tryAll index=1
E/TrafficStats( 1673): [QCTMM]tryAll index=2
D/DATA    ( 1860): [PhoneNotifier] notifyDataActivityLTE
D/DATA    ( 1860): [QCTMM] DataNetStatistics mIsScreenOn newActivity=DATAINANDOUT
D/DATA    ( 1860): sentSinceLastRecv=0,watchdogTrigger=10,maxindex=0
D/StatusBarPolicy( 1816): hasService()=true ,mDataState=2 ,mPhone.htcModemLinkOn()=false ,mDataActivity=3
D/StatusBarPolicy( 1816): slotType[0]=RUIM
D/UDP-TIMING(17390): 101 0 0.247785000
D/UDP-TIMING(17390): 102 0 0.245132000
D/UDP-TIMING(17390): 103 0 0.242526000
D/UDP-TIMING(17390): 104 0 0.242016000
D/UDP-TIMING(17390): 105 0 0.239395000
D/UDP-TIMING(17390): 106 0 0.261122000
D/UDP-TIMING(17390): 107 0 0.258559000
D/UDP-TIMING(17390): 108 0 0.255918000
D/UDP-TIMING(17390): 109 0 0.253248000
D/UDP-TIMING(17390): 110 0 0.250621000
D/UDP-TIMING(17390): 111 0 0.247942000
D/UDP-TIMING(17390): 112 0 0.245270000
D/UDP-TIMING(17390): 113 0 0.242659000
D/UDP-TIMING(17390): 114 0 0.240063000
D/UDP-TIMING(17390): 115 0 0.267709000
D/UDP-TIMING(17390): 116 0 0.265081000
D/UDP-TIMING(17390): 117 0 0.262409000
D/UDP-TIMING(17390): 118 0 0.259791000
D/UDP-TIMING(17390): 119 0 0.257205000
D/UDP-TIMING(17390): 120 0 0.254516000
D/UDP-TIMING(17390): 121 0 0.251838000
D/UDP-TIMING(17390): 122 0 0.249221000
D/UDP-TIMING(17390): 123 0 0.246532000
D/UDP-TIMING(17390): 124 0 0.243839000
D/UDP-TIMING(17390): 125 0 0.241188000
D/UDP-TIMING(17390): 126 0 0.238495000
D/UDP-TIMING(17390): 127 0 0.265348000
D/UDP-TIMING(17390): 128 0 0.262655000
D/UDP-TIMING(17390): 129 0 0.260058000
D/UDP-TIMING(17390): 130 0 0.257383000
D/UDP-TIMING(17390): 131 0 0.254724000
D/UDP-TIMING(17390): 132 0 0.252042000
D/UDP-TIMING(17390): 133 0 0.249353000
D/UDP-TIMING(17390): 134 0 0.246669000
D/UDP-TIMING(17390): 135 0 0.243994000
D/UDP-TIMING(17390): 136 0 0.241328000
D/UDP-TIMING(17390): 137 0 0.238698000
D/UDP-TIMING(17390): 138 0 0.266355000
D/UDP-TIMING(17390): 139 0 0.263734000
D/UDP-TIMING(17390): 140 0 0.261086000
D/UDP-TIMING(17390): 141 0 0.258488000
D/UDP-TIMING(17390): 142 0 0.255790000
D/UDP-TIMING(17390): 143 0 0.253203000
D/UDP-TIMING(17390): 144 0 0.250615000
D/UDP-TIMING(17390): 145 0 0.247997000
D/UDP-TIMING(17390): 146 0 0.245369000
D/UDP-TIMING(17390): 147 0 0.242743000
D/UDP-TIMING(17390): 148 0 0.240046000
D/UDP-TIMING(17390): 149 0 0.266981000
D/UDP-TIMING(17390): 150 0 0.264385000
D/UDP-TIMING(17390): 151 0 0.261770000
D/UDP-TIMING(17390): 152 0 0.259139000
D/UDP-TIMING(17390): 153 0 0.256510000
D/UDP-TIMING(17390): 154 0 0.253837000
D/UDP-TIMING(17390): 155 0 0.251157000
D/UDP-TIMING(17390): 156 0 0.248505000
D/UDP-TIMING(17390): 157 0 0.245826000
D/UDP-TIMING(17390): 158 0 0.243143000
D/UDP-TIMING(17390): 159 0 0.240459000
D/UDP-TIMING(17390): 160 0 0.267993000
D/UDP-TIMING(17390): 161 0 0.265314000
D/UDP-TIMING(17390): 162 0 0.262659000
D/UDP-TIMING(17390): 163 0 0.259926000
D/UDP-TIMING(17390): 164 0 0.257283000
D/UDP-TIMING(17390): 165 0 0.254626000
D/UDP-TIMING(17390): 166 0 0.251951000
D/UDP-TIMING(17390): 167 0 0.249262000
D/UDP-TIMING(17390): 168 0 0.246613000
D/UDP-TIMING(17390): 169 0 0.243933000
D/UDP-TIMING(17390): 170 0 0.241250000
D/UDP-TIMING(17390): 171 0 0.238618000
D/UDP-TIMING(17390): 172 0 0.265723000
D/UDP-TIMING(17390): 173 0 0.263122000
D/UDP-TIMING(17390): 174 0 0.260535000
D/UDP-TIMING(17390): 175 0 0.257934000
D/UDP-TIMING(17390): 176 0 0.255331000
D/UDP-TIMING(17390): 177 0 0.252756000
D/UDP-TIMING(17390): 178 0 0.250184000
D/UDP-TIMING(17390): 179 0 0.247588000
D/UDP-TIMING(17390): 180 0 0.244937000
D/UDP-TIMING(17390): 181 0 0.242319000
D/UDP-TIMING(17390): 182 0 0.239690000
D/UDP-TIMING(17390): 183 0 0.267284000
D/UDP-TIMING(17390): 184 0 0.264702000
D/UDP-TIMING(17390): 185 0 0.262063000
D/UDP-TIMING(17390): 186 0 0.259434000
D/UDP-TIMING(17390): 187 0 0.256806000
D/UDP-TIMING(17390): 188 0 0.254175000
D/UDP-TIMING(17390): 189 0 0.251583000
D/UDP-TIMING(17390): 190 0 0.248958000
D/UDP-TIMING(17390): 191 0 0.246329000
D/UDP-TIMING(17390): 192 0 0.243696000
D/UDP-TIMING(17390): 193 0 0.241063000
D/UDP-TIMING(17390): 194 0 0.238361000
D/UDP-TIMING(17390): 195 0 0.265443000
D/UDP-TIMING(17390): 196 0 0.262810000
D/UDP-TIMING(17390): 197 0 0.260212000
D/UDP-TIMING(17390): 198 0 0.257586000
D/UDP-TIMING(17390): 199 0 0.254912000
D/UDP-TIMING(17390): 200 0 0.252230000
D/UDP-TIMING(17390): 201 0 0.249538000
E/TrafficStats( 1673): [QCTMM]tryAll index=0
E/TrafficStats( 1673): [QCTMM]tryAll index=1
E/TrafficStats( 1673): [QCTMM]tryAll index=2
E/TrafficStats( 1673): [QCTMM]tryAll index=0
E/TrafficStats( 1673): [QCTMM]tryAll index=1
E/TrafficStats( 1673): [QCTMM]tryAll index=2
D/DATA    ( 1860): [PhoneNotifier] notifyDataActivityLTE
D/DATA    ( 1860): [QCTMM] DataNetStatistics mIsScreenOn newActivity=DATAIN
D/DATA    ( 1860): sentSinceLastRecv=0,watchdogTrigger=10,maxindex=0
D/StatusBarPolicy( 1816): hasService()=true ,mDataState=2 ,mPhone.htcModemLinkOn()=false ,mDataActivity=1
D/StatusBarPolicy( 1816): slotType[0]=RUIM
D/UDP-TIMING(17390): 202 0 0.243841000
D/UDP-TIMING(17390): 203 0 0.241223000
D/UDP-TIMING(17390): 204 0 0.264459000
D/UDP-TIMING(17390): 205 0 0.261798000
D/UDP-TIMING(17390): 206 0 0.259119000
D/UDP-TIMING(17390): 207 0 0.256446000
D/UDP-TIMING(17390): 208 0 0.253796000
D/UDP-TIMING(17390): 209 0 0.251108000
D/UDP-TIMING(17390): 210 0 0.248431000
D/UDP-TIMING(17390): 211 0 0.245737000
D/UDP-TIMING(17390): 212 0 0.243044000
D/UDP-TIMING(17390): 213 0 0.270043000
D/UDP-TIMING(17390): 214 0 0.267452000
D/UDP-TIMING(17390): 215 0 0.264838000
D/UDP-TIMING(17390): 216 0 0.262255000
D/UDP-TIMING(17390): 217 0 0.259672000
D/UDP-TIMING(17390): 218 0 0.257047000
D/UDP-TIMING(17390): 219 0 0.254419000
D/UDP-TIMING(17390): 220 0 0.251817000
D/UDP-TIMING(17390): 221 0 0.249191000
D/UDP-TIMING(17390): 222 0 0.246599000
D/UDP-TIMING(17390): 223 0 0.243914000
D/UDP-TIMING(17390): 224 0 0.241222000
D/UDP-TIMING(17390): 225 0 0.238529000
D/UDP-TIMING(17390): 226 0 0.265986000
D/UDP-TIMING(17390): 227 0 0.263360000
D/UDP-TIMING(17390): 228 0 0.260713000
D/UDP-TIMING(17390): 229 0 0.258023000
D/UDP-TIMING(17390): 230 0 0.255329000
D/UDP-TIMING(17390): 231 0 0.252648000
D/UDP-TIMING(17390): 232 0 0.250002000
D/UDP-TIMING(17390): 233 0 0.247366000
D/UDP-TIMING(17390): 234 0 0.244696000
D/UDP-TIMING(17390): 235 0 0.242021000
D/UDP-TIMING(17390): 236 0 0.269030000
D/UDP-TIMING(17390): 237 0 0.266391000
D/UDP-TIMING(17390): 238 0 0.263812000
D/UDP-TIMING(17390): 239 0 0.261154000
D/UDP-TIMING(17390): 240 0 0.258515000
D/UDP-TIMING(17390): 241 0 0.255898000
D/UDP-TIMING(17390): 242 0 0.253234000
D/UDP-TIMING(17390): 243 0 0.250572000
D/UDP-TIMING(17390): 244 0 0.247932000
D/UDP-TIMING(17390): 245 0 0.245199000
D/UDP-TIMING(17390): 246 0 0.242521000
D/UDP-TIMING(17390): 247 0 0.239846000
D/UDP-TIMING(17390): 248 0 0.267169000
D/UDP-TIMING(17390): 249 0 0.264517000
D/UDP-TIMING(17390): 250 0 0.261833000
D/UDP-TIMING(17390): 251 0 0.259241000
D/UDP-TIMING(17390): 252 0 0.256580000
D/UDP-TIMING(17390): 253 0 0.253916000
D/UDP-TIMING(17390): 254 0 0.251252000
D/UDP-TIMING(17390): 255 0 0.248611000
D/UDP-TIMING(17390): 256 0 0.245947000
D/UDP-TIMING(17390): 257 0 0.243282000
D/UDP-TIMING(17390): 258 0 0.240611000
D/UDP-TIMING(17390): 259 0 0.237987000
D/UDP-TIMING(17390): 260 0 0.265575000
D/UDP-TIMING(17390): 261 0 0.262933000
D/UDP-TIMING(17390): 262 0 0.260258000
D/UDP-TIMING(17390): 263 0 0.257582000
D/UDP-TIMING(17390): 264 0 0.254918000
D/UDP-TIMING(17390): 265 0 0.252253000
D/UDP-TIMING(17390): 266 0 0.249602000
D/UDP-TIMING(17390): 267 0 0.246922000
D/UDP-TIMING(17390): 268 0 0.244254000
D/UDP-TIMING(17390): 269 0 0.241571000
D/UDP-TIMING(17390): 270 0 0.238953000
D/UDP-TIMING(17390): 271 0 0.266025000
D/UDP-TIMING(17390): 272 0 0.263423000
D/UDP-TIMING(17390): 273 0 0.260799000
D/UDP-TIMING(17390): 274 0 0.258196000
D/UDP-TIMING(17390): 275 0 0.255578000
D/UDP-TIMING(17390): 276 0 0.252984000
D/UDP-TIMING(17390): 277 0 0.250425000
D/UDP-TIMING(17390): 278 0 0.247789000
D/UDP-TIMING(17390): 279 0 0.245119000
D/UDP-TIMING(17390): 280 0 0.242447000
D/UDP-TIMING(17390): 281 0 0.239792000
D/UDP-TIMING(17390): 282 0 0.267320000
D/UDP-TIMING(17390): 283 0 0.264639000
D/UDP-TIMING(17390): 284 0 0.261987000
D/UDP-TIMING(17390): 285 0 0.259371000
D/UDP-TIMING(17390): 286 0 0.256745000
D/UDP-TIMING(17390): 287 0 0.254058000
D/UDP-TIMING(17390): 288 0 0.251370000
D/UDP-TIMING(17390): 289 0 0.248732000
D/UDP-TIMING(17390): 290 0 0.246043000
D/UDP-TIMING(17390): 291 0 0.243363000
D/UDP-TIMING(17390): 292 0 0.240684000
D/UDP-TIMING(17390): 293 0 0.237967000
D/UDP-TIMING(17390): 294 0 0.265010000
D/UDP-TIMING(17390): 295 0 0.262339000
D/UDP-TIMING(17390): 296 0 0.259720000
D/UDP-TIMING(17390): 297 0 0.257046000
D/UDP-TIMING(17390): 298 0 0.254400000
D/UDP-TIMING(17390): 299 0 0.251722000
D/UDP-TIMING(17390): 300 0 0.249043000
D/UDP-TIMING(17390): 301 0 0.246362000
D/UDP-TIMING(17390): 302 0 0.243680000
E/TrafficStats( 1673): [QCTMM]tryAll index=0
E/TrafficStats( 1673): [QCTMM]tryAll index=1
E/TrafficStats( 1673): [QCTMM]tryAll index=2
E/TrafficStats( 1673): [QCTMM]tryAll index=0
E/TrafficStats( 1673): [QCTMM]tryAll index=1
E/TrafficStats( 1673): [QCTMM]tryAll index=2
D/DATA    ( 1860): sentSinceLastRecv=0,watchdogTrigger=10,maxindex=0
D/UDP-TIMING(17390): 303 0 0.244268000
D/UDP-TIMING(17390): 304 0 0.241610000
D/UDP-TIMING(17390): 305 0 0.240427000
D/UDP-TIMING(17390): 306 0 0.256182000
D/UDP-TIMING(17390): 307 0 0.253516000
D/UDP-TIMING(17390): 308 0 0.250841000
D/UDP-TIMING(17390): 309 0 0.248206000
D/UDP-TIMING(17390): 310 0 0.245525000
D/UDP-TIMING(17390): 311 0 0.242843000
D/UDP-TIMING(17390): 312 0 0.240167000
D/UDP-TIMING(17390): 313 0 0.266875000
D/UDP-TIMING(17390): 314 0 0.264129000
D/UDP-TIMING(17390): 315 0 0.261493000
D/UDP-TIMING(17390): 316 0 0.258885000
D/UDP-TIMING(17390): 317 0 0.256213000
D/UDP-TIMING(17390): 318 0 0.253541000
D/UDP-TIMING(17390): 319 0 0.250868000
D/UDP-TIMING(17390): 320 0 0.248243000
D/UDP-TIMING(17390): 321 0 0.245599000
D/UDP-TIMING(17390): 322 0 0.242927000
D/UDP-TIMING(17390): 323 0 0.240204000
D/UDP-TIMING(17390): 324 0 0.237588000
D/UDP-TIMING(17390): 325 0 0.264973000
D/UDP-TIMING(17390): 326 0 0.262294000
D/UDP-TIMING(17390): 327 0 0.259617000
D/UDP-TIMING(17390): 328 0 0.256965000
D/UDP-TIMING(17390): 329 0 0.254275000
D/UDP-TIMING(17390): 330 0 0.251600000
D/UDP-TIMING(17390): 331 0 0.248924000
D/UDP-TIMING(17390): 332 0 0.246250000
D/UDP-TIMING(17390): 333 0 0.243626000
D/UDP-TIMING(17390): 334 0 0.270631000
D/UDP-TIMING(17390): 335 0 0.268006000
D/UDP-TIMING(17390): 336 0 0.265387000
D/UDP-TIMING(17390): 337 0 0.262687000
D/UDP-TIMING(17390): 338 0 0.259967000
D/UDP-TIMING(17390): 339 0 0.257389000
D/UDP-TIMING(17390): 340 0 0.254776000
D/UDP-TIMING(17390): 341 0 0.252154000
D/UDP-TIMING(17390): 342 0 0.249480000
D/UDP-TIMING(17390): 343 0 0.246859000
D/UDP-TIMING(17390): 344 0 0.244237000
D/UDP-TIMING(17390): 345 0 0.241651000
D/UDP-TIMING(17390): 346 0 0.238990000
D/UDP-TIMING(17390): 347 0 0.266596000
D/UDP-TIMING(17390): 348 0 0.264016000
D/UDP-TIMING(17390): 349 0 0.261405000
D/UDP-TIMING(17390): 350 0 0.258782000
D/UDP-TIMING(17390): 351 0 0.256157000
D/UDP-TIMING(17390): 352 0 0.253535000
D/UDP-TIMING(17390): 353 0 0.250909000
D/UDP-TIMING(17390): 354 0 0.248313000
D/UDP-TIMING(17390): 355 0 0.245695000
D/UDP-TIMING(17390): 356 0 0.243081000
D/UDP-TIMING(17390): 357 0 0.240455000
D/UDP-TIMING(17390): 358 0 0.237841000
D/UDP-TIMING(17390): 359 0 0.264863000
D/UDP-TIMING(17390): 360 0 0.262281000
D/UDP-TIMING(17390): 361 0 0.259699000
D/UDP-TIMING(17390): 362 0 0.257087000
D/UDP-TIMING(17390): 363 0 0.254476000
D/UDP-TIMING(17390): 364 0 0.251857000
D/UDP-TIMING(17390): 365 0 0.249280000
D/UDP-TIMING(17390): 366 0 0.246660000
D/UDP-TIMING(17390): 367 0 0.244029000
D/UDP-TIMING(17390): 368 0 0.241406000
D/UDP-TIMING(17390): 369 0 0.238779000
D/UDP-TIMING(17390): 370 0 0.266371000
D/UDP-TIMING(17390): 371 0 0.263779000
D/UDP-TIMING(17390): 372 0 0.290919000
D/UDP-TIMING(17390): 373 0 0.288318000
D/UDP-TIMING(17390): 374 0 0.285698000
D/UDP-TIMING(17390): 375 0 0.283028000
D/UDP-TIMING(17390): 376 0 0.280377000
D/UDP-TIMING(17390): 377 0 0.277708000
D/UDP-TIMING(17390): 378 0 0.275024000
D/UDP-TIMING(17390): 379 0 0.272339000
D/UDP-TIMING(17390): 380 0 0.269605000
D/UDP-TIMING(17390): 381 0 0.267013000
D/UDP-TIMING(17390): 382 0 0.264427000
D/UDP-TIMING(17390): 383 0 0.261801000
D/UDP-TIMING(17390): 384 0 0.259176000
D/UDP-TIMING(17390): 385 0 0.256498000
D/UDP-TIMING(17390): 386 0 0.253830000
D/UDP-TIMING(17390): 387 0 0.251239000
D/UDP-TIMING(17390): 388 0 0.248573000
D/UDP-TIMING(17390): 389 0 0.245897000
D/UDP-TIMING(17390): 390 0 0.243213000
D/UDP-TIMING(17390): 391 0 0.240529000
D/UDP-TIMING(17390): 392 0 0.268009000
D/UDP-TIMING(17390): 393 0 0.265359000
D/UDP-TIMING(17390): 394 0 0.262686000
D/UDP-TIMING(17390): 395 0 0.259996000
D/UDP-TIMING(17390): 396 0 0.257363000
D/UDP-TIMING(17390): 397 0 0.254684000
D/UDP-TIMING(17390): 398 0 0.252035000
D/UDP-TIMING(17390): 399 0 0.249355000
D/UDP-TIMING(17390): 400 0 0.246698000
D/UDP-TIMING(17390): 401 0 0.244027000
D/UDP-TIMING(17390): 402 0 0.241362000
D/UDP-TIMING(17390): 403 0 0.238745000
E/TrafficStats( 1673): [QCTMM]tryAll index=0
E/TrafficStats( 1673): [QCTMM]tryAll index=1
E/TrafficStats( 1673): [QCTMM]tryAll index=2
E/TrafficStats( 1673): [QCTMM]tryAll index=0
E/TrafficStats( 1673): [QCTMM]tryAll index=1
E/TrafficStats( 1673): [QCTMM]tryAll index=2
D/DATA    ( 1860): sentSinceLastRecv=0,watchdogTrigger=10,maxindex=0
D/dalvikvm(13055): GC_EXPLICIT freed 41K, 45% free 3050K/5511K, external 0K/0K, paused 67ms
D/UDP-TIMING(17390): 404 0 0.241023000
D/UDP-TIMING(17390): 405 0 0.238309000
D/UDP-TIMING(17390): 406 0 0.263062000
D/UDP-TIMING(17390): 407 0 0.260453000
D/UDP-TIMING(17390): 408 0 0.257855000
D/UDP-TIMING(17390): 409 0 0.255230000
D/UDP-TIMING(17390): 410 0 0.252610000
D/UDP-TIMING(17390): 411 0 0.250048000
D/UDP-TIMING(17390): 412 0 0.247456000
D/UDP-TIMING(17390): 413 0 0.244829000
D/UDP-TIMING(17390): 414 0 0.242205000
D/UDP-TIMING(17390): 415 0 0.239593000
D/UDP-TIMING(17390): 416 0 0.267367000
D/UDP-TIMING(17390): 417 0 0.264735000
D/UDP-TIMING(17390): 418 0 0.262138000
D/UDP-TIMING(17390): 419 0 0.259531000
D/UDP-TIMING(17390): 420 0 0.256915000
D/UDP-TIMING(17390): 421 0 0.254289000
D/UDP-TIMING(17390): 422 0 0.251666000
D/UDP-TIMING(17390): 423 0 0.249043000
D/UDP-TIMING(17390): 424 0 0.246446000
D/UDP-TIMING(17390): 425 0 0.243829000
D/UDP-TIMING(17390): 426 0 0.241224000
D/UDP-TIMING(17390): 427 0 0.238613000
D/UDP-TIMING(17390): 428 0 0.264935000
D/UDP-TIMING(17390): 429 0 0.262337000
D/UDP-TIMING(17390): 430 0 0.259737000
D/UDP-TIMING(17390): 431 0 0.257140000
D/UDP-TIMING(17390): 432 0 0.254555000
D/UDP-TIMING(17390): 433 0 0.252003000
D/UDP-TIMING(17390): 434 0 0.249410000
D/UDP-TIMING(17390): 435 0 0.246815000
D/UDP-TIMING(17390): 436 0 0.244228000
D/UDP-TIMING(17390): 437 0 0.241615000
D/UDP-TIMING(17390): 438 0 0.238992000
D/StatusBarPolicy( 1816): iconIndex=1
V/StatusBarPolicy( 1816): cdmaLevel:4;max:4
D/StatusBarPolicy( 1816): iconLevel:4
D/UDP-TIMING(17390): 439 0 0.266500000
D/UDP-TIMING(17390): 440 0 0.263904000
D/UDP-TIMING(17390): 441 0 0.261281000
D/UDP-TIMING(17390): 442 0 0.258675000
D/UDP-TIMING(17390): 443 0 0.256085000
D/UDP-TIMING(17390): 444 0 0.253492000
D/UDP-TIMING(17390): 445 0 0.250885000
D/UDP-TIMING(17390): 446 0 0.248292000
D/UDP-TIMING(17390): 447 0 0.245686000
D/UDP-TIMING(17390): 448 0 0.243089000
D/UDP-TIMING(17390): 449 0 0.240495000
D/UDP-TIMING(17390): 450 0 0.268448000
D/UDP-TIMING(17390): 451 0 0.265857000
D/UDP-TIMING(17390): 452 0 0.263205000
D/UDP-TIMING(17390): 453 0 0.260601000
D/UDP-TIMING(17390): 454 0 0.257999000
D/UDP-TIMING(17390): 455 0 0.255416000
D/UDP-TIMING(17390): 456 0 0.252804000
D/UDP-TIMING(17390): 457 0 0.250210000
D/UDP-TIMING(17390): 458 0 0.247613000
D/UDP-TIMING(17390): 459 0 0.245003000
D/UDP-TIMING(17390): 460 0 0.242399000
D/UDP-TIMING(17390): 461 0 0.239849000
I/PhoneInfo( 2188): getCdmaLevel - cdmaDbm: -71 cdmaEcio:-80
I/PhoneInfo( 2188): getEvdoLevel - evdoDbm: -120 evdoSnr:-1 evdoEcio:-1
I/PhoneInfo( 2188): getLteLevel - lteRsrp: -1 lteCqi:-1
D/UDP-TIMING(17390): 462 0 0.267208000
D/UDP-TIMING(17390): 463 0 0.264663000
D/UDP-TIMING(17390): 464 0 0.262075000
D/UDP-TIMING(17390): 465 0 0.259488000
D/UDP-TIMING(17390): 466 0 0.256894000
D/UDP-TIMING(17390): 467 0 0.254304000
D/UDP-TIMING(17390): 468 0 0.251713000
D/UDP-TIMING(17390): 469 0 0.249121000
D/UDP-TIMING(17390): 470 0 0.246504000
D/UDP-TIMING(17390): 471 0 0.243914000
D/UDP-TIMING(17390): 472 0 0.241328000
D/UDP-TIMING(17390): 473 0 0.239495000
D/UDP-TIMING(17390): 474 0 0.238123000
D/UDP-TIMING(17390): 475 0 0.262993000
D/UDP-TIMING(17390): 476 0 0.260411000
D/UDP-TIMING(17390): 477 0 0.257815000
D/UDP-TIMING(17390): 478 0 0.255221000
D/UDP-TIMING(17390): 479 0 0.252619000
D/UDP-TIMING(17390): 480 0 0.250022000
D/UDP-TIMING(17390): 481 0 0.247403000
D/UDP-TIMING(17390): 482 0 0.244850000
D/UDP-TIMING(17390): 483 0 0.242244000
D/UDP-TIMING(17390): 484 0 0.239652000
D/UDP-TIMING(17390): 485 0 0.266897000
D/UDP-TIMING(17390): 486 0 0.264352000
D/UDP-TIMING(17390): 487 0 0.261765000
D/UDP-TIMING(17390): 488 0 0.259141000
D/UDP-TIMING(17390): 489 0 0.256545000
D/UDP-TIMING(17390): 490 0 0.253912000
D/UDP-TIMING(17390): 491 0 0.251323000
D/UDP-TIMING(17390): 492 0 0.248752000
D/UDP-TIMING(17390): 493 0 0.246155000
D/UDP-TIMING(17390): 494 0 0.243525000
D/UDP-TIMING(17390): 495 0 0.240916000
D/UDP-TIMING(17390): 496 0 0.238312000
D/UDP-TIMING(17390): 497 0 0.265838000
D/UDP-TIMING(17390): 498 0 0.263239000
D/UDP-TIMING(17390): 499 0 0.260641000
D/UDP-TIMING(17390): 500 0 0.258008000
D/UDP-TIMING(17390): 501 0 0.255375000
D/UDP-TIMING(17390): 502 0 0.252750000
D/UDP-TIMING(17390): 503 0 0.250111000
D/UDP-TIMING(17390): 504 0 0.247541000
E/TrafficStats(16531): [QCTMM]tryAll index=0
E/TrafficStats(16531): [QCTMM]tryAll index=1
E/TrafficStats(16531): [QCTMM]tryAll index=2
E/TrafficStats(16531): [QCTMM]tryAll index=0
E/TrafficStats(16531): [QCTMM]tryAll index=1
E/TrafficStats(16531): [QCTMM]tryAll index=2
E/TrafficStats(16531): [QCTMM]tryAll index=0
E/TrafficStats(16531): [QCTMM]tryAll index=1
E/TrafficStats(16531): [QCTMM]tryAll index=2
E/TrafficStats(16531): [QCTMM]tryAll index=0
E/TrafficStats(16531): [QCTMM]tryAll index=1
E/TrafficStats(16531): [QCTMM]tryAll index=2
E/TrafficStats( 1673): [QCTMM]tryAll index=0
E/TrafficStats( 1673): [QCTMM]tryAll index=1
E/TrafficStats( 1673): [QCTMM]tryAll index=2
E/TrafficStats( 1673): [QCTMM]tryAll index=0
E/TrafficStats( 1673): [QCTMM]tryAll index=1
E/TrafficStats( 1673): [QCTMM]tryAll index=2
D/DATA    ( 1860): sentSinceLastRecv=0,watchdogTrigger=10,maxindex=0
D/UDP-TIMING(17390): 505 0 0.242151000
D/UDP-TIMING(17390): 506 0 0.239522000
D/UDP-TIMING(17390): 507 0 0.261676000
D/UDP-TIMING(17390): 508 0 0.259083000
D/UDP-TIMING(17390): 509 0 0.256424000
D/UDP-TIMING(17390): 510 0 0.253810000
D/UDP-TIMING(17390): 511 0 0.251186000
D/UDP-TIMING(17390): 512 0 0.248562000
D/UDP-TIMING(17390): 513 0 0.245968000
D/UDP-TIMING(17390): 514 0 0.243343000
D/UDP-TIMING(17390): 515 0 0.240718000
D/UDP-TIMING(17390): 516 0 0.238104000
D/UDP-TIMING(17390): 517 0 0.265751000
D/UDP-TIMING(17390): 518 0 0.263122000
D/UDP-TIMING(17390): 519 0 0.260303000
D/UDP-TIMING(17390): 520 0 0.257630000
D/UDP-TIMING(17390): 521 0 0.254964000
D/UDP-TIMING(17390): 522 0 0.252288000
D/UDP-TIMING(17390): 523 0 0.249612000
D/UDP-TIMING(17390): 524 0 0.246964000
D/UDP-TIMING(17390): 525 0 0.244283000
D/UDP-TIMING(17390): 526 0 0.241607000
D/UDP-TIMING(17390): 527 0 0.239004000
D/UDP-TIMING(17390): 528 0 0.266026000
D/UDP-TIMING(17390): 529 0 0.263368000
D/UDP-TIMING(17390): 530 0 0.260704000
D/UDP-TIMING(17390): 531 0 0.258069000
D/UDP-TIMING(17390): 532 0 0.255409000
D/UDP-TIMING(17390): 533 0 0.252797000
D/UDP-TIMING(17390): 534 0 0.250120000
D/UDP-TIMING(17390): 535 0 0.247450000
D/UDP-TIMING(17390): 536 0 0.244829000
D/UDP-TIMING(17390): 537 0 0.242246000
D/UDP-TIMING(17390): 538 0 0.239633000
D/UDP-TIMING(17390): 539 0 0.267206000
D/UDP-TIMING(17390): 540 0 0.264580000
D/UDP-TIMING(17390): 541 0 0.261998000
D/UDP-TIMING(17390): 542 0 0.259385000
D/UDP-TIMING(17390): 543 0 0.256773000
D/UDP-TIMING(17390): 544 0 0.254160000
D/UDP-TIMING(17390): 545 0 0.251551000
D/UDP-TIMING(17390): 546 0 0.248931000
D/UDP-TIMING(17390): 547 0 0.246350000
D/UDP-TIMING(17390): 548 0 0.243735000
D/UDP-TIMING(17390): 549 0 0.241114000
D/UDP-TIMING(17390): 550 0 0.238501000
D/UDP-TIMING(17390): 551 0 0.265581000
D/UDP-TIMING(17390): 552 0 0.262965000
D/UDP-TIMING(17390): 553 0 0.260354000
D/UDP-TIMING(17390): 554 0 0.257744000
D/UDP-TIMING(17390): 555 0 0.255161000
D/UDP-TIMING(17390): 556 0 0.252548000
D/UDP-TIMING(17390): 557 0 0.249959000
D/UDP-TIMING(17390): 558 0 0.247339000
D/UDP-TIMING(17390): 559 0 0.244714000
D/UDP-TIMING(17390): 560 0 0.242087000
D/UDP-TIMING(17390): 561 0 0.239497000
D/UDP-TIMING(17390): 562 0 0.267114000
D/UDP-TIMING(17390): 563 0 0.264494000
D/UDP-TIMING(17390): 564 0 0.261913000
D/UDP-TIMING(17390): 565 0 0.259303000
D/UDP-TIMING(17390): 566 0 0.256682000
D/UDP-TIMING(17390): 567 0 0.253995000
D/UDP-TIMING(17390): 568 0 0.251383000
D/UDP-TIMING(17390): 569 0 0.248757000
D/UDP-TIMING(17390): 570 0 0.246083000
D/UDP-TIMING(17390): 571 0 0.243413000
D/UDP-TIMING(17390): 572 0 0.240739000
D/Database(16531): dbopen(): path = /data/data/com.onavo.android.onavoid/databases/ui_events, flag = 6, file size = 14059520
D/UDP-TIMING(17390): 573 0 0.267758000
D/UDP-TIMING(17390): 574 0 0.265198000
D/UDP-TIMING(17390): 575 0 0.262609000
D/UDP-TIMING(17390): 576 0 0.259987000
D/UDP-TIMING(17390): 577 0 0.257373000
D/UDP-TIMING(17390): 578 0 0.254751000
D/UDP-TIMING(17390): 579 0 0.252153000
D/UDP-TIMING(17390): 580 0 0.249520000
D/UDP-TIMING(17390): 581 0 0.246884000
D/UDP-TIMING(17390): 582 0 0.244256000
D/UDP-TIMING(17390): 583 0 0.241628000
D/UDP-TIMING(17390): 584 0 0.238992000
D/Database(16531): dbopen(): path = /data/data/com.onavo.android.onavoid/databases/ui_events, mode: wal, disk free size: 2000 M, handle: 0x37d3a8
D/UDP-TIMING(17390): 585 0 0.266851000
D/UDP-TIMING(17390): 586 0 0.264224000
D/UDP-TIMING(17390): 587 0 0.261597000
D/UDP-TIMING(17390): 588 0 0.258930000
D/UDP-TIMING(17390): 589 0 0.256317000
D/UDP-TIMING(17390): 590 0 0.253687000
D/UDP-TIMING(17390): 591 0 0.251068000
D/UDP-TIMING(17390): 592 0 0.248485000
D/UDP-TIMING(17390): 593 0 0.245868000
D/UDP-TIMING(17390): 594 0 0.243240000
D/UDP-TIMING(17390): 595 0 0.240610000
D/Database(16531): dbclose(): path = /data/data/com.onavo.android.onavoid/databases/ui_events, handle = 0x37d3a8
D/UDP-TIMING(17390): 596 0 0.266800000
D/UDP-TIMING(17390): 597 0 0.264184000
D/UDP-TIMING(17390): 598 0 0.261553000
D/UDP-TIMING(17390): 599 0 0.258891000
D/UDP-TIMING(17390): 600 0 0.256271000
D/UDP-TIMING(17390): 601 0 0.253645000
D/UDP-TIMING(17390): 602 0 0.251032000
D/UDP-TIMING(17390): 603 0 0.248444000
D/UDP-TIMING(17390): 604 0 0.245850000
D/UDP-TIMING(17390): 605 0 0.243252000
E/TrafficStats( 1673): [QCTMM]tryAll index=0
E/TrafficStats( 1673): [QCTMM]tryAll index=1
E/TrafficStats( 1673): [QCTMM]tryAll index=2
E/TrafficStats( 1673): [QCTMM]tryAll index=0
E/TrafficStats( 1673): [QCTMM]tryAll index=1
E/TrafficStats( 1673): [QCTMM]tryAll index=2
D/DATA    ( 1860): sentSinceLastRecv=0,watchdogTrigger=10,maxindex=0
D/UDP-TIMING(17390): 606 0 0.241818000
D/UDP-TIMING(17390): 607 0 0.239193000
D/UDP-TIMING(17390): 608 0 0.258850000
D/UDP-TIMING(17390): 609 0 0.256230000
D/UDP-TIMING(17390): 610 0 0.253551000
D/UDP-TIMING(17390): 611 0 0.250958000
D/UDP-TIMING(17390): 612 0 0.248340000
D/UDP-TIMING(17390): 613 0 0.245719000
D/UDP-TIMING(17390): 614 0 0.243102000
D/UDP-TIMING(17390): 615 0 0.240483000
D/UDP-TIMING(17390): 616 0 0.237867000
D/UDP-TIMING(17390): 617 0 0.264829000
D/UDP-TIMING(17390): 618 0 0.262241000
D/UDP-TIMING(17390): 619 0 0.259682000
D/UDP-TIMING(17390): 620 0 0.257054000
D/UDP-TIMING(17390): 621 0 0.254425000
D/UDP-TIMING(17390): 622 0 0.251798000
D/UDP-TIMING(17390): 623 0 0.249167000
D/UDP-TIMING(17390): 624 0 0.246538000
D/UDP-TIMING(17390): 625 0 0.243952000
D/UDP-TIMING(17390): 626 0 0.241347000
D/UDP-TIMING(17390): 627 0 0.268882000
D/UDP-TIMING(17390): 628 0 0.266302000
D/UDP-TIMING(17390): 629 0 0.263627000
D/UDP-TIMING(17390): 630 0 0.260966000
D/UDP-TIMING(17390): 631 0 0.258319000
D/UDP-TIMING(17390): 632 0 0.255692000
D/UDP-TIMING(17390): 633 0 0.253109000
D/UDP-TIMING(17390): 634 0 0.250454000
D/UDP-TIMING(17390): 635 0 0.247785000
D/UDP-TIMING(17390): 636 0 0.245108000
D/UDP-TIMING(17390): 637 0 0.242434000
D/UDP-TIMING(17390): 638 0 0.239751000
D/UDP-TIMING(17390): 639 0 0.266750000
D/UDP-TIMING(17390): 640 0 0.264096000
D/UDP-TIMING(17390): 641 0 0.261417000
D/UDP-TIMING(17390): 642 0 0.258773000
D/UDP-TIMING(17390): 643 0 0.256096000
D/UDP-TIMING(17390): 644 0 0.253414000
D/UDP-TIMING(17390): 645 0 0.250764000
D/UDP-TIMING(17390): 646 0 0.248079000
D/UDP-TIMING(17390): 647 0 0.245398000
D/UDP-TIMING(17390): 648 0 0.242717000
D/UDP-TIMING(17390): 649 0 0.240031000
D/UDP-TIMING(17390): 650 0 0.267589000
D/UDP-TIMING(17390): 651 0 0.264902000
D/UDP-TIMING(17390): 652 0 0.262218000
D/UDP-TIMING(17390): 653 0 0.259619000
D/UDP-TIMING(17390): 654 0 0.256935000
D/UDP-TIMING(17390): 655 0 0.254257000
D/UDP-TIMING(17390): 656 0 0.251577000
D/UDP-TIMING(17390): 657 0 0.248902000
D/UDP-TIMING(17390): 658 0 0.246223000
D/UDP-TIMING(17390): 659 0 0.243569000
D/UDP-TIMING(17390): 660 0 0.240890000
D/UDP-TIMING(17390): 661 0 0.238210000
D/UDP-TIMING(17390): 662 0 0.265193000
D/UDP-TIMING(17390): 663 0 0.262520000
D/UDP-TIMING(17390): 664 0 0.259765000
D/UDP-TIMING(17390): 665 0 0.257137000
D/UDP-TIMING(17390): 666 0 0.254533000
D/UDP-TIMING(17390): 667 0 0.251939000
D/UDP-TIMING(17390): 668 0 0.249398000
D/UDP-TIMING(17390): 669 0 0.246804000
D/UDP-TIMING(17390): 670 0 0.244143000
D/UDP-TIMING(17390): 671 0 0.241490000
D/UDP-TIMING(17390): 672 0 0.238818000
D/UDP-TIMING(17390): 673 0 0.266190000
D/UDP-TIMING(17390): 674 0 0.263556000
D/UDP-TIMING(17390): 675 0 0.260875000
D/UDP-TIMING(17390): 676 0 0.258175000
D/UDP-TIMING(17390): 677 0 0.255527000
D/UDP-TIMING(17390): 678 0 0.252843000
D/UDP-TIMING(17390): 679 0 0.250204000
D/UDP-TIMING(17390): 680 0 0.247569000
D/UDP-TIMING(17390): 681 0 0.244939000
D/UDP-TIMING(17390): 682 0 0.242310000
D/UDP-TIMING(17390): 683 0 0.239714000
D/UDP-TIMING(17390): 684 0 0.267018000
D/UDP-TIMING(17390): 685 0 0.264419000
D/UDP-TIMING(17390): 686 0 0.261794000
D/UDP-TIMING(17390): 687 0 0.259170000
D/UDP-TIMING(17390): 688 0 0.256499000
D/UDP-TIMING(17390): 689 0 0.253871000
D/UDP-TIMING(17390): 690 0 0.251246000
D/UDP-TIMING(17390): 691 0 0.248651000
D/UDP-TIMING(17390): 692 0 0.246025000
D/UDP-TIMING(17390): 693 0 0.243399000
