D/UDP-TIMING(17390): 1809 0 0.256878000
D/UDP-TIMING(17390): 1810 0 0.254171000
D/UDP-TIMING(17390): 1811 0 0.251433000
D/UDP-TIMING(17390): 1812 0 0.248690000
D/UDP-TIMING(17390): 1813 0 0.245945000
D/UDP-TIMING(17390): 1814 0 0.243207000
D/UDP-TIMING(17390): 1815 0 0.240469000
D/UDP-TIMING(17390): 1816 0 0.239834000
D/UDP-TIMING(17390): 1817 0 0.264773000
D/dalvikvm( 1673): GC_CONCURRENT freed 1894K, 33% free 10202K/15047K, external 2541K/3173K, paused 10ms+7ms
E/TrafficStats( 1673): [QCTMM]tryAll index=0
E/TrafficStats( 1673): [QCTMM]tryAll index=1
E/TrafficStats( 1673): [QCTMM]tryAll index=2
E/TrafficStats( 1673): [QCTMM]tryAll index=0
E/TrafficStats( 1673): [QCTMM]tryAll index=1
E/TrafficStats( 1673): [QCTMM]tryAll index=2
D/DATA    ( 1860): sentSinceLastRecv=0,watchdogTrigger=10,maxindex=0
D/UDP-TIMING(17390): 1818 0 0.242407000
D/UDP-TIMING(17390): 1819 0 0.239653000
D/UDP-TIMING(17390): 1820 0 0.259084000
D/UDP-TIMING(17390): 1821 0 0.256401000
D/UDP-TIMING(17390): 1822 0 0.253653000
D/UDP-TIMING(17390): 1823 0 0.250910000
D/UDP-TIMING(17390): 1824 0 0.248165000
D/UDP-TIMING(17390): 1825 0 0.245419000
D/UDP-TIMING(17390): 1826 0 0.242673000
D/UDP-TIMING(17390): 1827 0 0.239958000
D/UDP-TIMING(17390): 1828 0 0.243223000
D/UDP-TIMING(17390): 1829 0 0.241471000
D/UDP-TIMING(17390): 1830 0 0.261637000
D/UDP-TIMING(17390): 1831 0 0.258974000
D/UDP-TIMING(17390): 1832 0 0.256237000
D/UDP-TIMING(17390): 1833 0 0.253492000
D/UDP-TIMING(17390): 1834 0 0.250777000
D/UDP-TIMING(17390): 1835 0 0.248031000
D/UDP-TIMING(17390): 1836 0 0.245250000
D/UDP-TIMING(17390): 1837 0 0.242507000
D/UDP-TIMING(17390): 1838 0 0.239766000
D/UDP-TIMING(17390): 1839 0 0.238716000
D/UDP-TIMING(17390): 1840 0 0.264689000
D/UDP-TIMING(17390): 1841 0 0.262041000
D/UDP-TIMING(17390): 1842 0 0.259389000
D/UDP-TIMING(17390): 1843 0 0.256753000
D/UDP-TIMING(17390): 1844 0 0.254159000
D/UDP-TIMING(17390): 1845 0 0.251457000
D/UDP-TIMING(17390): 1846 0 0.248757000
D/UDP-TIMING(17390): 1847 0 0.246058000
D/UDP-TIMING(17390): 1848 0 0.243359000
D/UDP-TIMING(17390): 1849 0 0.240659000
D/UDP-TIMING(17390): 1850 0 0.237993000
D/UDP-TIMING(17390): 1851 0 0.264927000
D/UDP-TIMING(17390): 1852 0 0.262228000
D/UDP-TIMING(17390): 1853 0 0.259529000
D/UDP-TIMING(17390): 1854 0 0.256860000
D/UDP-TIMING(17390): 1855 0 0.254161000
D/UDP-TIMING(17390): 1856 0 0.251461000
D/UDP-TIMING(17390): 1857 0 0.248762000
D/UDP-TIMING(17390): 1858 0 0.246016000
D/UDP-TIMING(17390): 1859 0 0.243301000
D/UDP-TIMING(17390): 1860 0 0.240605000
D/UDP-TIMING(17390): 1861 0 0.237859000
D/UDP-TIMING(17390): 1862 0 0.265326000
D/UDP-TIMING(17390): 1863 0 0.262612000
D/UDP-TIMING(17390): 1864 0 0.259890000
D/UDP-TIMING(17390): 1865 0 0.257190000
D/UDP-TIMING(17390): 1866 0 0.254491000
D/UDP-TIMING(17390): 1867 0 0.251793000
D/UDP-TIMING(17390): 1868 0 0.249127000
D/UDP-TIMING(17390): 1869 0 0.246384000
D/UDP-TIMING(17390): 1870 0 0.243638000
D/UDP-TIMING(17390): 1871 0 0.240895000
D/UDP-TIMING(17390): 1872 0 0.238153000
D/UDP-TIMING(17390): 1873 0 0.265074000
D/UDP-TIMING(17390): 1874 0 0.262371000
D/UDP-TIMING(17390): 1875 0 0.259637000
D/UDP-TIMING(17390): 1876 0 0.256900000
D/UDP-TIMING(17390): 1877 0 0.254156000
D/UDP-TIMING(17390): 1878 0 0.251414000
D/UDP-TIMING(17390): 1879 0 0.248642000
D/UDP-TIMING(17390): 1880 0 0.245904000
D/UDP-TIMING(17390): 1881 0 0.243122000
D/UDP-TIMING(17390): 1882 0 0.240454000
D/UDP-TIMING(17390): 1883 0 0.268099000
D/UDP-TIMING(17390): 1884 0 0.265401000
D/UDP-TIMING(17390): 1885 0 0.262664000
D/UDP-TIMING(17390): 1886 0 0.260042000
D/UDP-TIMING(17390): 1887 0 0.257338000
D/UDP-TIMING(17390): 1888 0 0.254635000
D/UDP-TIMING(17390): 1889 0 0.251966000
D/UDP-TIMING(17390): 1890 0 0.249267000
D/UDP-TIMING(17390): 1891 0 0.246564000
D/UDP-TIMING(17390): 1892 0 0.243828000
D/UDP-TIMING(17390): 1893 0 0.241086000
D/UDP-TIMING(17390): 1894 0 0.238342000
D/UDP-TIMING(17390): 1895 0 0.265178000
D/UDP-TIMING(17390): 1896 0 0.262437000
D/UDP-TIMING(17390): 1897 0 0.259701000
D/UDP-TIMING(17390): 1898 0 0.256965000
D/UDP-TIMING(17390): 1899 0 0.254261000
D/UDP-TIMING(17390): 1900 0 0.251525000
D/UDP-TIMING(17390): 1901 0 0.248788000
D/UDP-TIMING(17390): 1902 0 0.246046000
D/UDP-TIMING(17390): 1903 0 0.243243000
D/UDP-TIMING(17390): 1904 0 0.240528000
D/UDP-TIMING(17390): 1905 0 0.237794000
D/UDP-TIMING(17390): 1906 0 0.265392000
D/UDP-TIMING(17390): 1907 0 0.262689000
D/UDP-TIMING(17390): 1908 0 0.260029000
D/UDP-TIMING(17390): 1909 0 0.257363000
D/UDP-TIMING(17390): 1910 0 0.254764000
D/UDP-TIMING(17390): 1911 0 0.252116000
D/UDP-TIMING(17390): 1912 0 0.249473000
D/UDP-TIMING(17390): 1913 0 0.246825000
D/UDP-TIMING(17390): 1914 0 0.244176000
D/UDP-TIMING(17390): 1915 0 0.241532000
D/UDP-TIMING(17390): 1916 0 0.238927000
D/UDP-TIMING(17390): 1917 0 0.265711000
D/UDP-TIMING(17390): 1918 0 0.263045000
E/TrafficStats( 1673): [QCTMM]tryAll index=0
E/TrafficStats( 1673): [QCTMM]tryAll index=1
E/TrafficStats( 1673): [QCTMM]tryAll index=2
E/TrafficStats( 1673): [QCTMM]tryAll index=0
E/TrafficStats( 1673): [QCTMM]tryAll index=1
E/TrafficStats( 1673): [QCTMM]tryAll index=2
D/DATA    ( 1860): sentSinceLastRecv=0,watchdogTrigger=10,maxindex=0
D/UDP-TIMING(17390): 1919 0 0.241710000
D/UDP-TIMING(17390): 1920 0 0.238971000
D/UDP-TIMING(17390): 1921 0 0.257658000
D/UDP-TIMING(17390): 1922 0 0.254919000
D/UDP-TIMING(17390): 1923 0 0.252177000
D/UDP-TIMING(17390): 1924 0 0.249448000
D/UDP-TIMING(17390): 1925 0 0.246714000
D/UDP-TIMING(17390): 1926 0 0.244007000
D/UDP-TIMING(17390): 1927 0 0.241269000
D/UDP-TIMING(17390): 1928 0 0.238532000
D/UDP-TIMING(17390): 1929 0 0.265519000
D/UDP-TIMING(17390): 1930 0 0.262819000
D/UDP-TIMING(17390): 1931 0 0.260162000
D/UDP-TIMING(17390): 1932 0 0.257541000
D/UDP-TIMING(17390): 1933 0 0.254818000
D/UDP-TIMING(17390): 1934 0 0.252122000
D/UDP-TIMING(17390): 1935 0 0.249333000
D/UDP-TIMING(17390): 1936 0 0.246543000
D/UDP-TIMING(17390): 1937 0 0.243882000
D/UDP-TIMING(17390): 1938 0 0.241231000
D/UDP-TIMING(17390): 1939 0 0.238538000
D/UDP-TIMING(17390): 1940 0 0.266130000
D/UDP-TIMING(17390): 1941 0 0.263395000
D/UDP-TIMING(17390): 1942 0 0.260660000
D/UDP-TIMING(17390): 1943 0 0.257938000
D/UDP-TIMING(17390): 1944 0 0.255229000
D/UDP-TIMING(17390): 1945 0 0.252492000
D/UDP-TIMING(17390): 1946 0 0.249722000
D/UDP-TIMING(17390): 1947 0 0.246985000
D/UDP-TIMING(17390): 1948 0 0.244247000
D/UDP-TIMING(17390): 1949 0 0.241508000
D/UDP-TIMING(17390): 1950 0 0.238855000
D/UDP-TIMING(17390): 1951 0 0.265722000
D/UDP-TIMING(17390): 1952 0 0.262982000
D/UDP-TIMING(17390): 1953 0 0.260276000
D/UDP-TIMING(17390): 1954 0 0.257541000
D/UDP-TIMING(17390): 1955 0 0.254807000
D/UDP-TIMING(17390): 1956 0 0.252068000
D/UDP-TIMING(17390): 1957 0 0.249331000
D/UDP-TIMING(17390): 1958 0 0.246593000
D/UDP-TIMING(17390): 1959 0 0.243886000
D/UDP-TIMING(17390): 1960 0 0.241147000
D/UDP-TIMING(17390): 1961 0 0.268805000
D/UDP-TIMING(17390): 1962 0 0.266067000
D/UDP-TIMING(17390): 1963 0 0.263330000
D/UDP-TIMING(17390): 1964 0 0.260592000
D/UDP-TIMING(17390): 1965 0 0.257883000
D/UDP-TIMING(17390): 1966 0 0.255146000
D/UDP-TIMING(17390): 1967 0 0.252408000
D/UDP-TIMING(17390): 1968 0 0.249668000
D/UDP-TIMING(17390): 1969 0 0.246885000
D/UDP-TIMING(17390): 1970 0 0.244157000
D/UDP-TIMING(17390): 1971 0 0.241456000
D/UDP-TIMING(17390): 1972 0 0.238716000
D/UDP-TIMING(17390): 1973 0 0.265496000
D/UDP-TIMING(17390): 1974 0 0.262738000
D/UDP-TIMING(17390): 1975 0 0.260069000
D/UDP-TIMING(17390): 1976 0 0.257442000
D/UDP-TIMING(17390): 1977 0 0.254787000
D/UDP-TIMING(17390): 1978 0 0.252137000
D/UDP-TIMING(17390): 1979 0 0.249545000
D/UDP-TIMING(17390): 1980 0 0.246847000
D/UDP-TIMING(17390): 1981 0 0.244143000
D/UDP-TIMING(17390): 1982 0 0.241439000
D/UDP-TIMING(17390): 1983 0 0.269048000
D/UDP-TIMING(17390): 1984 0 0.266383000
D/UDP-TIMING(17390): 1985 0 0.263650000
D/UDP-TIMING(17390): 1986 0 0.260920000
D/UDP-TIMING(17390): 1987 0 0.258184000
D/UDP-TIMING(17390): 1988 0 0.255447000
D/UDP-TIMING(17390): 1989 0 0.252739000
D/UDP-TIMING(17390): 1990 0 0.250002000
D/UDP-TIMING(17390): 1991 0 0.247264000
D/UDP-TIMING(17390): 1992 0 0.244527000
D/UDP-TIMING(17390): 1993 0 0.241733000
D/UDP-TIMING(17390): 1994 0 0.238994000
D/UDP-TIMING(17390): 1995 0 0.265890000
D/UDP-TIMING(17390): 1996 0 0.263154000
D/UDP-TIMING(17390): 1997 0 0.260419000
D/UDP-TIMING(17390): 1998 0 0.257681000
D/UDP-TIMING(17390): 1999 0 0.254977000
D/UDP-TIMING(17390): 2000 0 0.252237000
D/UDP-TIMING(17390): 2001 0 0.249502000
D/UDP-TIMING(17390): 2002 0 0.246766000
D/UDP-TIMING(17390): 2003 0 0.244027000
D/UDP-TIMING(17390): 2004 0 0.241289000
D/UDP-TIMING(17390): 2005 0 0.238585000
D/UDP-TIMING(17390): 2006 0 0.265825000
D/UDP-TIMING(17390): 2007 0 0.263121000
D/UDP-TIMING(17390): 2008 0 0.260393000
D/UDP-TIMING(17390): 2009 0 0.257737000
D/UDP-TIMING(17390): 2010 0 0.255100000
D/UDP-TIMING(17390): 2011 0 0.252405000
D/UDP-TIMING(17390): 2012 0 0.249747000
D/UDP-TIMING(17390): 2013 0 0.247055000
D/UDP-TIMING(17390): 2014 0 0.244400000
D/UDP-TIMING(17390): 2015 0 0.241806000
D/UDP-TIMING(17390): 2016 0 0.239168000
D/UDP-TIMING(17390): 2017 0 0.266645000
D/UDP-TIMING(17390): 2018 0 0.264052000
D/UDP-TIMING(17390): 2019 0 0.261355000
E/TrafficStats( 1673): [QCTMM]tryAll index=0
E/TrafficStats( 1673): [QCTMM]tryAll index=1
E/TrafficStats( 1673): [QCTMM]tryAll index=2
E/TrafficStats( 1673): [QCTMM]tryAll index=0
E/TrafficStats( 1673): [QCTMM]tryAll index=1
E/TrafficStats( 1673): [QCTMM]tryAll index=2
D/DATA    ( 1860): sentSinceLastRecv=0,watchdogTrigger=10,maxindex=0
D/UDP-TIMING(17390): 2020 0 0.243645000
D/UDP-TIMING(17390): 2021 0 0.240941000
D/UDP-TIMING(17390): 2022 0 0.240958000
D/UDP-TIMING(17390): 2023 0 0.239967000
D/UDP-TIMING(17390): 2024 0 0.238173000
D/UDP-TIMING(17390): 2025 0 0.257693000
D/UDP-TIMING(17390): 2026 0 0.254991000
D/UDP-TIMING(17390): 2027 0 0.252292000
D/UDP-TIMING(17390): 2028 0 0.249656000
D/UDP-TIMING(17390): 2029 0 0.246956000
D/UDP-TIMING(17390): 2030 0 0.244353000
D/UDP-TIMING(17390): 2031 0 0.241753000
D/UDP-TIMING(17390): 2032 0 0.239112000
D/UDP-TIMING(17390): 2033 0 0.266033000
D/UDP-TIMING(17390): 2034 0 0.263385000
D/UDP-TIMING(17390): 2035 0 0.260738000
D/UDP-TIMING(17390): 2036 0 0.258088000
D/UDP-TIMING(17390): 2037 0 0.255464000
D/UDP-TIMING(17390): 2038 0 0.252765000
D/UDP-TIMING(17390): 2039 0 0.250115000
D/UDP-TIMING(17390): 2040 0 0.247465000
D/UDP-TIMING(17390): 2041 0 0.244815000
D/UDP-TIMING(17390): 2042 0 0.242203000
D/UDP-TIMING(17390): 2043 0 0.239494000
D/UDP-TIMING(17390): 2044 0 0.266773000
D/UDP-TIMING(17390): 2045 0 0.264028000
D/UDP-TIMING(17390): 2046 0 0.261282000
D/UDP-TIMING(17390): 2047 0 0.258591000
D/UDP-TIMING(17390): 2048 0 0.255891000
D/UDP-TIMING(17390): 2049 0 0.253176000
D/UDP-TIMING(17390): 2050 0 0.250431000
D/UDP-TIMING(17390): 2051 0 0.247635000
D/UDP-TIMING(17390): 2052 0 0.244944000
D/UDP-TIMING(17390): 2053 0 0.242258000
D/UDP-TIMING(17390): 2054 0 0.239574000
D/UDP-TIMING(17390): 2055 0 0.267375000
D/UDP-TIMING(17390): 2056 0 0.264684000
D/UDP-TIMING(17390): 2057 0 0.261999000
D/UDP-TIMING(17390): 2058 0 0.259315000
D/UDP-TIMING(17390): 2059 0 0.256612000
D/UDP-TIMING(17390): 2060 0 0.253920000
D/UDP-TIMING(17390): 2061 0 0.251232000
D/UDP-TIMING(17390): 2062 0 0.248546000
D/UDP-TIMING(17390): 2063 0 0.245863000
D/UDP-TIMING(17390): 2064 0 0.243151000
D/UDP-TIMING(17390): 2065 0 0.240441000
D/UDP-TIMING(17390): 2066 0 0.267035000
D/UDP-TIMING(17390): 2067 0 0.264290000
D/UDP-TIMING(17390): 2068 0 0.261543000
D/UDP-TIMING(17390): 2069 0 0.258843000
D/UDP-TIMING(17390): 2070 0 0.256226000
D/UDP-TIMING(17390): 2071 0 0.253585000
D/UDP-TIMING(17390): 2072 0 0.250868000
D/UDP-TIMING(17390): 2073 0 0.248183000
D/UDP-TIMING(17390): 2074 0 0.245559000
D/UDP-TIMING(17390): 2075 0 0.242895000
D/UDP-TIMING(17390): 2076 0 0.240181000
D/UDP-TIMING(17390): 2077 0 0.267677000
D/UDP-TIMING(17390): 2078 0 0.264931000
D/UDP-TIMING(17390): 2079 0 0.262216000
D/UDP-TIMING(17390): 2080 0 0.259409000
D/UDP-TIMING(17390): 2081 0 0.256708000
D/UDP-TIMING(17390): 2082 0 0.254019000
D/UDP-TIMING(17390): 2083 0 0.251335000
D/UDP-TIMING(17390): 2084 0 0.248633000
D/UDP-TIMING(17390): 2085 0 0.245894000
D/UDP-TIMING(17390): 2086 0 0.243157000
D/UDP-TIMING(17390): 2087 0 0.240419000
D/UDP-TIMING(17390): 2088 0 0.237725000
D/UDP-TIMING(17390): 2089 0 0.264635000
D/UDP-TIMING(17390): 2090 0 0.261982000
D/UDP-TIMING(17390): 2091 0 0.259254000
D/UDP-TIMING(17390): 2092 0 0.256558000
D/UDP-TIMING(17390): 2093 0 0.253874000
D/UDP-TIMING(17390): 2094 0 0.251186000
D/UDP-TIMING(17390): 2095 0 0.248533000
D/UDP-TIMING(17390): 2096 0 0.245804000
D/UDP-TIMING(17390): 2097 0 0.243066000
D/UDP-TIMING(17390): 2098 0 0.240327000
D/UDP-TIMING(17390): 2099 0 0.237634000
D/UDP-TIMING(17390): 2100 0 0.265317000
D/UDP-TIMING(17390): 2101 0 0.262626000
D/UDP-TIMING(17390): 2102 0 0.259958000
D/UDP-TIMING(17390): 2103 0 0.257221000
D/UDP-TIMING(17390): 2104 0 0.254525000
D/UDP-TIMING(17390): 2105 0 0.251784000
D/UDP-TIMING(17390): 2106 0 0.249005000
D/UDP-TIMING(17390): 2107 0 0.246335000
D/UDP-TIMING(17390): 2108 0 0.243634000
D/UDP-TIMING(17390): 2109 0 0.240958000
D/UDP-TIMING(17390): 2110 0 0.238253000
D/UDP-TIMING(17390): 2111 0 0.265089000
D/UDP-TIMING(17390): 2112 0 0.262429000
D/UDP-TIMING(17390): 2113 0 0.259591000
D/UDP-TIMING(17390): 2114 0 0.256903000
D/UDP-TIMING(17390): 2115 0 0.254210000
D/UDP-TIMING(17390): 2116 0 0.251525000
D/UDP-TIMING(17390): 2117 0 0.248843000
D/UDP-TIMING(17390): 2118 0 0.246110000
D/UDP-TIMING(17390): 2119 0 0.243373000
D/UDP-TIMING(17390): 2120 0 0.240641000
D/dalvikvm( 1930): GC_EXPLICIT freed 61K, 48% free 3199K/6087K, external 0K/0K, paused 75ms
E/TrafficStats( 1673): [QCTMM]tryAll index=0
E/TrafficStats( 1673): [QCTMM]tryAll index=1
E/TrafficStats( 1673): [QCTMM]tryAll index=2
E/TrafficStats( 1673): [QCTMM]tryAll index=0
E/TrafficStats( 1673): [QCTMM]tryAll index=1
E/TrafficStats( 1673): [QCTMM]tryAll index=2
D/DATA    ( 1860): sentSinceLastRecv=0,watchdogTrigger=10,maxindex=0
D/UDP-TIMING(17390): 2121 0 0.242391000
D/UDP-TIMING(17390): 2122 0 0.241234000
D/UDP-TIMING(17390): 2123 0 0.240200000
D/UDP-TIMING(17390): 2124 0 0.239197000
D/UDP-TIMING(17390): 2125 0 0.250308000
D/UDP-TIMING(17390): 2126 0 0.247615000
D/UDP-TIMING(17390): 2127 0 0.244951000
D/UDP-TIMING(17390): 2128 0 0.242265000
D/UDP-TIMING(17390): 2129 0 0.239610000
D/UDP-TIMING(17390): 2130 0 0.266139000
D/UDP-TIMING(17390): 2131 0 0.263432000
D/UDP-TIMING(17390): 2132 0 0.260746000
D/UDP-TIMING(17390): 2133 0 0.258030000
D/UDP-TIMING(17390): 2134 0 0.255330000
D/UDP-TIMING(17390): 2135 0 0.252630000
D/UDP-TIMING(17390): 2136 0 0.249927000
D/UDP-TIMING(17390): 2137 0 0.247196000
D/UDP-TIMING(17390): 2138 0 0.244535000
D/UDP-TIMING(17390): 2139 0 0.241836000
D/UDP-TIMING(17390): 2140 0 0.269347000
D/UDP-TIMING(17390): 2141 0 0.266648000
D/UDP-TIMING(17390): 2142 0 0.263944000
D/UDP-TIMING(17390): 2143 0 0.261205000
D/UDP-TIMING(17390): 2144 0 0.258469000
D/UDP-TIMING(17390): 2145 0 0.255734000
D/UDP-TIMING(17390): 2146 0 0.252993000
D/UDP-TIMING(17390): 2147 0 0.250257000
D/UDP-TIMING(17390): 2148 0 0.247552000
D/UDP-TIMING(17390): 2149 0 0.244810000
D/UDP-TIMING(17390): 2150 0 0.242072000
D/UDP-TIMING(17390): 2151 0 0.239338000
D/UDP-TIMING(17390): 2152 0 0.266320000
D/UDP-TIMING(17390): 2153 0 0.263585000
D/UDP-TIMING(17390): 2154 0 0.260849000
D/UDP-TIMING(17390): 2155 0 0.258105000
D/UDP-TIMING(17390): 2156 0 0.255398000
D/UDP-TIMING(17390): 2157 0 0.252660000
D/UDP-TIMING(17390): 2158 0 0.249923000
D/UDP-TIMING(17390): 2159 0 0.247188000
D/UDP-TIMING(17390): 2160 0 0.244453000
D/UDP-TIMING(17390): 2161 0 0.241728000
D/UDP-TIMING(17390): 2162 0 0.239031000
D/UDP-TIMING(17390): 2163 0 0.266551000
D/UDP-TIMING(17390): 2164 0 0.263862000
D/UDP-TIMING(17390): 2165 0 0.261151000
D/UDP-TIMING(17390): 2166 0 0.258491000
D/UDP-TIMING(17390): 2167 0 0.255847000
D/UDP-TIMING(17390): 2168 0 0.253217000
D/UDP-TIMING(17390): 2169 0 0.250562000
D/UDP-TIMING(17390): 2170 0 0.247943000
D/UDP-TIMING(17390): 2171 0 0.245355000
D/UDP-TIMING(17390): 2172 0 0.242699000
D/UDP-TIMING(17390): 2173 0 0.240048000
D/UDP-TIMING(17390): 2174 0 0.237394000
D/UDP-TIMING(17390): 2175 0 0.264343000
D/UDP-TIMING(17390): 2176 0 0.261721000
D/UDP-TIMING(17390): 2177 0 0.259065000
D/UDP-TIMING(17390): 2178 0 0.256365000
D/UDP-TIMING(17390): 2179 0 0.253659000
D/UDP-TIMING(17390): 2180 0 0.250952000
D/UDP-TIMING(17390): 2181 0 0.248277000
D/UDP-TIMING(17390): 2182 0 0.245573000
D/UDP-TIMING(17390): 2183 0 0.242867000
D/UDP-TIMING(17390): 2184 0 0.240161000
D/UDP-TIMING(17390): 2185 0 0.267698000
D/UDP-TIMING(17390): 2186 0 0.265036000
D/UDP-TIMING(17390): 2187 0 0.262377000
D/UDP-TIMING(17390): 2188 0 0.259755000
D/UDP-TIMING(17390): 2189 0 0.257105000
D/UDP-TIMING(17390): 2190 0 0.254456000
D/UDP-TIMING(17390): 2191 0 0.251801000
D/UDP-TIMING(17390): 2192 0 0.249108000
D/UDP-TIMING(17390): 2193 0 0.246429000
D/UDP-TIMING(17390): 2194 0 0.243726000
D/UDP-TIMING(17390): 2195 0 0.241023000
D/UDP-TIMING(17390): 2196 0 0.238321000
D/UDP-TIMING(17390): 2197 0 0.265251000
D/UDP-TIMING(17390): 2198 0 0.262552000
D/UDP-TIMING(17390): 2199 0 0.259855000
D/UDP-TIMING(17390): 2200 0 0.257262000
D/UDP-TIMING(17390): 2201 0 0.254609000
D/UDP-TIMING(17390): 2202 0 0.251953000
D/UDP-TIMING(17390): 2203 0 0.249327000
D/UDP-TIMING(17390): 2204 0 0.246702000
D/UDP-TIMING(17390): 2205 0 0.244074000
D/UDP-TIMING(17390): 2206 0 0.241516000
D/UDP-TIMING(17390): 2207 0 0.238811000
D/UDP-TIMING(17390): 2208 0 0.266042000
D/UDP-TIMING(17390): 2209 0 0.263338000
D/UDP-TIMING(17390): 2210 0 0.260634000
D/UDP-TIMING(17390): 2211 0 0.257932000
D/UDP-TIMING(17390): 2212 0 0.255226000
D/UDP-TIMING(17390): 2213 0 0.252550000
D/UDP-TIMING(17390): 2214 0 0.249844000
D/UDP-TIMING(17390): 2215 0 0.247139000
D/UDP-TIMING(17390): 2216 0 0.244432000
D/UDP-TIMING(17390): 2217 0 0.241727000
D/UDP-TIMING(17390): 2218 0 0.239020000
D/UDP-TIMING(17390): 2219 0 0.266527000
D/UDP-TIMING(17390): 2220 0 0.263851000
D/UDP-TIMING(17390): 2221 0 0.261145000
E/TrafficStats( 1673): [QCTMM]tryAll index=0
E/TrafficStats( 1673): [QCTMM]tryAll index=1
E/TrafficStats( 1673): [QCTMM]tryAll index=2
E/TrafficStats( 1673): [QCTMM]tryAll index=0
E/TrafficStats( 1673): [QCTMM]tryAll index=1
E/TrafficStats( 1673): [QCTMM]tryAll index=2
D/DATA    ( 1860): sentSinceLastRecv=0,watchdogTrigger=10,maxindex=0
D/UDP-TIMING(17390): 2222 0 0.243683000
D/UDP-TIMING(17390): 2223 0 0.241008000
D/UDP-TIMING(17390): 2224 0 0.265405000
D/UDP-TIMING(17390): 2225 0 0.262647000
D/UDP-TIMING(17390): 2226 0 0.260041000
D/UDP-TIMING(17390): 2227 0 0.257332000
D/UDP-TIMING(17390): 2228 0 0.254646000
D/UDP-TIMING(17390): 2229 0 0.251947000
D/UDP-TIMING(17390): 2230 0 0.249243000
D/UDP-TIMING(17390): 2231 0 0.246504000
D/UDP-TIMING(17390): 2232 0 0.243766000
D/UDP-TIMING(17390): 2233 0 0.241103000
D/UDP-TIMING(17390): 2234 0 0.238515000
D/UDP-TIMING(17390): 2235 0 0.265531000
D/UDP-TIMING(17390): 2236 0 0.262801000
D/UDP-TIMING(17390): 2237 0 0.260066000
D/UDP-TIMING(17390): 2238 0 0.257403000
D/UDP-TIMING(17390): 2239 0 0.254745000
D/UDP-TIMING(17390): 2240 0 0.252093000
D/UDP-TIMING(17390): 2241 0 0.249486000
D/UDP-TIMING(17390): 2242 0 0.246755000
D/UDP-TIMING(17390): 2243 0 0.244017000
D/UDP-TIMING(17390): 2244 0 0.241282000
D/UDP-TIMING(17390): 2245 0 0.238583000
D/UDP-TIMING(17390): 2246 0 0.265837000
D/UDP-TIMING(17390): 2247 0 0.263181000
D/UDP-TIMING(17390): 2248 0 0.260448000
D/UDP-TIMING(17390): 2249 0 0.257756000
D/UDP-TIMING(17390): 2250 0 0.255058000
D/UDP-TIMING(17390): 2251 0 0.252375000
D/UDP-TIMING(17390): 2252 0 0.249693000
D/UDP-TIMING(17390): 2253 0 0.247054000
D/UDP-TIMING(17390): 2254 0 0.244355000
D/UDP-TIMING(17390): 2255 0 0.241656000
D/UDP-TIMING(17390): 2256 0 0.238918000
D/UDP-TIMING(17390): 2257 0 0.266426000
D/UDP-TIMING(17390): 2258 0 0.263752000
D/UDP-TIMING(17390): 2259 0 0.261123000
D/UDP-TIMING(17390): 2260 0 0.258489000
D/UDP-TIMING(17390): 2261 0 0.255837000
D/UDP-TIMING(17390): 2262 0 0.253214000
D/UDP-TIMING(17390): 2263 0 0.250559000
D/UDP-TIMING(17390): 2264 0 0.247826000
D/UDP-TIMING(17390): 2265 0 0.245140000
D/UDP-TIMING(17390): 2266 0 0.242454000
D/UDP-TIMING(17390): 2267 0 0.269448000
D/UDP-TIMING(17390): 2268 0 0.266820000
D/UDP-TIMING(17390): 2269 0 0.264127000
D/UDP-TIMING(17390): 2270 0 0.261440000
D/UDP-TIMING(17390): 2271 0 0.258754000
D/UDP-TIMING(17390): 2272 0 0.256024000
D/UDP-TIMING(17390): 2273 0 0.253317000
D/UDP-TIMING(17390): 2274 0 0.250581000
D/UDP-TIMING(17390): 2275 0 0.247844000
D/UDP-TIMING(17390): 2276 0 0.245150000
D/UDP-TIMING(17390): 2277 0 0.242454000
D/UDP-TIMING(17390): 2278 0 0.239802000
D/UDP-TIMING(17390): 2279 0 0.267275000
D/UDP-TIMING(17390): 2280 0 0.264586000
D/UDP-TIMING(17390): 2281 0 0.261900000
D/UDP-TIMING(17390): 2282 0 0.259245000
D/UDP-TIMING(17390): 2283 0 0.256556000
D/UDP-TIMING(17390): 2284 0 0.253873000
D/UDP-TIMING(17390): 2285 0 0.251188000
D/UDP-TIMING(17390): 2286 0 0.248504000
D/UDP-TIMING(17390): 2287 0 0.245821000
D/UDP-TIMING(17390): 2288 0 0.243149000
D/UDP-TIMING(17390): 2289 0 0.240447000
D/UDP-TIMING(17390): 2290 0 0.237787000
D/UDP-TIMING(17390): 2291 0 0.264761000
D/UDP-TIMING(17390): 2292 0 0.262107000
D/UDP-TIMING(17390): 2293 0 0.259409000
D/UDP-TIMING(17390): 2294 0 0.256715000
D/UDP-TIMING(17390): 2295 0 0.254040000
D/UDP-TIMING(17390): 2296 0 0.251454000
D/UDP-TIMING(17390): 2297 0 0.248799000
D/UDP-TIMING(17390): 2298 0 0.246130000
D/UDP-TIMING(17390): 2299 0 0.243404000
D/UDP-TIMING(17390): 2300 0 0.270910000
D/UDP-TIMING(17390): 2301 0 0.268255000
D/UDP-TIMING(17390): 2302 0 0.265682000
D/UDP-TIMING(17390): 2303 0 0.263005000
D/UDP-TIMING(17390): 2304 0 0.260298000
D/UDP-TIMING(17390): 2305 0 0.257593000
D/UDP-TIMING(17390): 2306 0 0.254890000
D/UDP-TIMING(17390): 2307 0 0.252186000
D/UDP-TIMING(17390): 2308 0 0.249474000
D/UDP-TIMING(17390): 2309 0 0.246805000
D/UDP-TIMING(17390): 2310 0 0.244101000
D/UDP-TIMING(17390): 2311 0 0.241398000
D/UDP-TIMING(17390): 2312 0 0.238696000
D/UDP-TIMING(17390): 2313 0 0.265692000
D/UDP-TIMING(17390): 2314 0 0.262991000
D/UDP-TIMING(17390): 2315 0 0.260292000
D/UDP-TIMING(17390): 2316 0 0.257633000
D/UDP-TIMING(17390): 2317 0 0.254977000
D/UDP-TIMING(17390): 2318 0 0.252358000
D/UDP-TIMING(17390): 2319 0 0.249711000
D/UDP-TIMING(17390): 2320 0 0.247065000
D/UDP-TIMING(17390): 2321 0 0.244418000
D/UDP-TIMING(17390): 2322 0 0.241769000
E/TrafficStats( 1673): [QCTMM]tryAll index=0
E/TrafficStats( 1673): [QCTMM]tryAll index=1
E/TrafficStats( 1673): [QCTMM]tryAll index=2
E/TrafficStats( 1673): [QCTMM]tryAll index=0
E/TrafficStats( 1673): [QCTMM]tryAll index=1
E/TrafficStats( 1673): [QCTMM]tryAll index=2
D/DATA    ( 1860): sentSinceLastRecv=0,watchdogTrigger=10,maxindex=0
D/UDP-TIMING(17390): 2323 0 0.243400000
D/UDP-TIMING(17390): 2324 0 0.240750000
D/UDP-TIMING(17390): 2325 0 0.241152000
D/UDP-TIMING(17390): 2326 0 0.239353000
D/UDP-TIMING(17390): 2327 0 0.239023000
E/TrafficStats(16531): [QCTMM]tryAll index=0
E/TrafficStats(16531): [QCTMM]tryAll index=1
E/TrafficStats(16531): [QCTMM]tryAll index=2
D/UDP-TIMING(17390): 2328 0 0.248369000
D/UDP-TIMING(17390): 2329 0 0.245656000
E/TrafficStats(16531): [QCTMM]tryAll index=0
E/TrafficStats(16531): [QCTMM]tryAll index=1
E/TrafficStats(16531): [QCTMM]tryAll index=2
E/TrafficStats(16531): [QCTMM]tryAll index=0
E/TrafficStats(16531): [QCTMM]tryAll index=1
E/TrafficStats(16531): [QCTMM]tryAll index=2
D/UDP-TIMING(17390): 2330 0 0.272723000
D/UDP-TIMING(17390): 2331 0 0.269975000
D/UDP-TIMING(17390): 2332 0 0.267232000
D/UDP-TIMING(17390): 2333 0 0.264492000
D/UDP-TIMING(17390): 2334 0 0.261757000
D/UDP-TIMING(17390): 2335 0 0.259014000
D/UDP-TIMING(17390): 2336 0 0.256221000
D/UDP-TIMING(17390): 2337 0 0.253492000
D/UDP-TIMING(17390): 2338 0 0.250738000
D/UDP-TIMING(17390): 2339 0 0.247988000
E/TrafficStats(16531): [QCTMM]tryAll index=0
E/TrafficStats(16531): [QCTMM]tryAll index=1
E/TrafficStats(16531): [QCTMM]tryAll index=2
D/UDP-TIMING(17390): 2340 0 0.274265000
D/UDP-TIMING(17390): 2341 0 0.271513000
D/UDP-TIMING(17390): 2342 0 0.268759000
D/UDP-TIMING(17390): 2343 0 0.266024000
D/UDP-TIMING(17390): 2344 0 0.263289000
D/UDP-TIMING(17390): 2345 0 0.260553000
D/UDP-TIMING(17390): 2346 0 0.257858000
D/UDP-TIMING(17390): 2347 0 0.255161000
D/UDP-TIMING(17390): 2348 0 0.252462000
D/UDP-TIMING(17390): 2349 0 0.249763000
D/UDP-TIMING(17390): 2350 0 0.247020000
D/UDP-TIMING(17390): 2351 0 0.274243000
D/UDP-TIMING(17390): 2352 0 0.271569000
D/UDP-TIMING(17390): 2353 0 0.268939000
D/UDP-TIMING(17390): 2354 0 0.266278000
D/UDP-TIMING(17390): 2355 0 0.263621000
D/UDP-TIMING(17390): 2356 0 0.260987000
D/UDP-TIMING(17390): 2357 0 0.258375000
D/UDP-TIMING(17390): 2358 0 0.255668000
D/UDP-TIMING(17390): 2359 0 0.253010000
D/UDP-TIMING(17390): 2360 0 0.250322000
D/UDP-TIMING(17390): 2361 0 0.247664000
D/UDP-TIMING(17390): 2362 0 0.244975000
D/UDP-TIMING(17390): 2363 0 0.242283000
D/UDP-TIMING(17390): 2364 0 0.239598000
D/UDP-TIMING(17390): 2365 0 0.266925000
D/UDP-TIMING(17390): 2366 0 0.264187000
D/UDP-TIMING(17390): 2367 0 0.261450000
D/UDP-TIMING(17390): 2368 0 0.258713000
D/UDP-TIMING(17390): 2369 0 0.255981000
D/UDP-TIMING(17390): 2370 0 0.253244000
D/UDP-TIMING(17390): 2371 0 0.250507000
D/UDP-TIMING(17390): 2372 0 0.247769000
D/UDP-TIMING(17390): 2373 0 0.245061000
D/UDP-TIMING(17390): 2374 0 0.242322000
D/UDP-TIMING(17390): 2375 0 0.239585000
D/UDP-TIMING(17390): 2376 0 0.236884000
D/UDP-TIMING(17390): 2377 0 0.264317000
D/UDP-TIMING(17390): 2378 0 0.261632000
D/UDP-TIMING(17390): 2379 0 0.258970000
D/UDP-TIMING(17390): 2380 0 0.256288000
D/UDP-TIMING(17390): 2381 0 0.253603000
D/UDP-TIMING(17390): 2382 0 0.250864000
D/UDP-TIMING(17390): 2383 0 0.248119000
D/UDP-TIMING(17390): 2384 0 0.245404000
D/UDP-TIMING(17390): 2385 0 0.273084000
D/UDP-TIMING(17390): 2386 0 0.270332000
D/UDP-TIMING(17390): 2387 0 0.267635000
D/UDP-TIMING(17390): 2388 0 0.264943000
D/UDP-TIMING(17390): 2389 0 0.262243000
D/UDP-TIMING(17390): 2390 0 0.259652000
D/UDP-TIMING(17390): 2391 0 0.256994000
D/UDP-TIMING(17390): 2392 0 0.254324000
D/UDP-TIMING(17390): 2393 0 0.251654000
D/UDP-TIMING(17390): 2394 0 0.248991000
D/UDP-TIMING(17390): 2395 0 0.246317000
D/UDP-TIMING(17390): 2396 0 0.243645000
D/UDP-TIMING(17390): 2397 0 0.241048000
D/UDP-TIMING(17390): 2398 0 0.238440000
D/UDP-TIMING(17390): 2399 0 0.265606000
D/UDP-TIMING(17390): 2400 0 0.262921000
D/UDP-TIMING(17390): 2401 0 0.260244000
D/UDP-TIMING(17390): 2402 0 0.257541000
D/UDP-TIMING(17390): 2403 0 0.254838000
D/UDP-TIMING(17390): 2404 0 0.252134000
D/UDP-TIMING(17390): 2405 0 0.249440000
D/UDP-TIMING(17390): 2406 0 0.246735000
D/UDP-TIMING(17390): 2407 0 0.244062000
D/UDP-TIMING(17390): 2408 0 0.241358000
D/UDP-TIMING(17390): 2409 0 0.238686000
D/UDP-TIMING(17390): 2410 0 0.266596000
D/UDP-TIMING(17390): 2411 0 0.263897000
D/UDP-TIMING(17390): 2412 0 0.261197000
D/UDP-TIMING(17390): 2413 0 0.258501000
D/UDP-TIMING(17390): 2414 0 0.255803000
D/UDP-TIMING(17390): 2415 0 0.253130000
D/UDP-TIMING(17390): 2416 0 0.250428000
D/UDP-TIMING(17390): 2417 0 0.247721000
D/UDP-TIMING(17390): 2418 0 0.245017000
D/UDP-TIMING(17390): 2419 0 0.242313000
D/UDP-TIMING(17390): 2420 0 0.269028000
D/UDP-TIMING(17390): 2421 0 0.266393000
D/UDP-TIMING(17390): 2422 0 0.263740000
D/UDP-TIMING(17390): 2423 0 0.261089000
E/TrafficStats(16531): [QCTMM]tryAll index=0
E/TrafficStats(16531): [QCTMM]tryAll index=1
E/TrafficStats(16531): [QCTMM]tryAll index=2
E/TrafficStats(16531): [QCTMM]tryAll index=0
E/TrafficStats(16531): [QCTMM]tryAll index=1
E/TrafficStats(16531): [QCTMM]tryAll index=2
E/TrafficStats(16531): [QCTMM]tryAll index=0
E/TrafficStats(16531): [QCTMM]tryAll index=1
E/TrafficStats(16531): [QCTMM]tryAll index=2
E/TrafficStats(16531): [QCTMM]tryAll index=0
E/TrafficStats(16531): [QCTMM]tryAll index=1
E/TrafficStats(16531): [QCTMM]tryAll index=2
D/dalvikvm(16531): GC_CONCURRENT freed 485K, 51% free 3368K/6855K, external 0K/0K, paused 2ms+3ms
E/TrafficStats( 1673): [QCTMM]tryAll index=0
E/TrafficStats( 1673): [QCTMM]tryAll index=1
E/TrafficStats( 1673): [QCTMM]tryAll index=2
E/TrafficStats( 1673): [QCTMM]tryAll index=0
E/TrafficStats( 1673): [QCTMM]tryAll index=1
E/TrafficStats( 1673): [QCTMM]tryAll index=2
D/DATA    ( 1860): sentSinceLastRecv=0,watchdogTrigger=10,maxindex=0
D/UDP-TIMING(17390): 2424 0 0.244240000
D/UDP-TIMING(17390): 2425 0 0.268213000
D/UDP-TIMING(17390): 2426 0 0.265547000
D/UDP-TIMING(17390): 2427 0 0.262843000
D/UDP-TIMING(17390): 2428 0 0.260139000
D/UDP-TIMING(17390): 2429 0 0.257431000
D/UDP-TIMING(17390): 2430 0 0.254730000
D/UDP-TIMING(17390): 2431 0 0.252031000
D/UDP-TIMING(17390): 2432 0 0.249362000
D/UDP-TIMING(17390): 2433 0 0.246663000
D/UDP-TIMING(17390): 2434 0 0.243959000
D/UDP-TIMING(17390): 2435 0 0.241250000
D/UDP-TIMING(17390): 2436 0 0.238556000
D/UDP-TIMING(17390): 2437 0 0.264961000
D/UDP-TIMING(17390): 2438 0 0.262262000
D/UDP-TIMING(17390): 2439 0 0.259562000
D/UDP-TIMING(17390): 2440 0 0.256865000
D/UDP-TIMING(17390): 2441 0 0.254166000
D/UDP-TIMING(17390): 2442 0 0.251497000
D/UDP-TIMING(17390): 2443 0 0.248789000
D/UDP-TIMING(17390): 2444 0 0.246092000
D/UDP-TIMING(17390): 2445 0 0.243392000
D/UDP-TIMING(17390): 2446 0 0.240695000
D/UDP-TIMING(17390): 2447 0 0.237996000
D/UDP-TIMING(17390): 2448 0 0.265295000
D/UDP-TIMING(17390): 2449 0 0.262625000
D/UDP-TIMING(17390): 2450 0 0.259971000
D/UDP-TIMING(17390): 2451 0 0.257302000
D/UDP-TIMING(17390): 2452 0 0.254680000
D/UDP-TIMING(17390): 2453 0 0.252106000
D/UDP-TIMING(17390): 2454 0 0.249533000
D/UDP-TIMING(17390): 2455 0 0.246880000
D/UDP-TIMING(17390): 2456 0 0.244226000
D/UDP-TIMING(17390): 2457 0 0.241530000
D/UDP-TIMING(17390): 2458 0 0.238853000
D/UDP-TIMING(17390): 2459 0 0.266665000
D/UDP-TIMING(17390): 2460 0 0.263962000
D/UDP-TIMING(17390): 2461 0 0.261258000
D/UDP-TIMING(17390): 2462 0 0.258552000
D/UDP-TIMING(17390): 2463 0 0.255849000
D/UDP-TIMING(17390): 2464 0 0.253145000
D/UDP-TIMING(17390): 2465 0 0.250442000
D/UDP-TIMING(17390): 2466 0 0.247738000
D/UDP-TIMING(17390): 2467 0 0.245065000
D/UDP-TIMING(17390): 2468 0 0.242362000
D/UDP-TIMING(17390): 2469 0 0.239532000
D/UDP-TIMING(17390): 2470 0 0.237578000
D/UDP-TIMING(17390): 2471 0 0.264215000
D/UDP-TIMING(17390): 2472 0 0.261590000
D/UDP-TIMING(17390): 2473 0 0.258934000
D/UDP-TIMING(17390): 2474 0 0.256286000
D/UDP-TIMING(17390): 2475 0 0.253632000
D/UDP-TIMING(17390): 2476 0 0.250933000
D/UDP-TIMING(17390): 2477 0 0.248231000
D/UDP-TIMING(17390): 2478 0 0.245561000
D/UDP-TIMING(17390): 2479 0 0.273130000
D/UDP-TIMING(17390): 2480 0 0.270428000
D/UDP-TIMING(17390): 2481 0 0.267726000
D/UDP-TIMING(17390): 2482 0 0.265053000
D/UDP-TIMING(17390): 2483 0 0.262350000
D/UDP-TIMING(17390): 2484 0 0.259617000
D/UDP-TIMING(17390): 2485 0 0.256883000
D/UDP-TIMING(17390): 2486 0 0.254260000
D/UDP-TIMING(17390): 2487 0 0.251597000
D/UDP-TIMING(17390): 2488 0 0.249004000
D/UDP-TIMING(17390): 2489 0 0.246391000
D/UDP-TIMING(17390): 2490 0 0.243773000
D/UDP-TIMING(17390): 2491 0 0.241161000
D/UDP-TIMING(17390): 2492 0 0.268061000
D/UDP-TIMING(17390): 2493 0 0.265318000
D/UDP-TIMING(17390): 2494 0 0.262590000
D/UDP-TIMING(17390): 2495 0 0.259884000
D/UDP-TIMING(17390): 2496 0 0.257147000
D/UDP-TIMING(17390): 2497 0 0.254409000
D/UDP-TIMING(17390): 2498 0 0.251673000
D/UDP-TIMING(17390): 2499 0 0.248950000
D/UDP-TIMING(17390): 2500 0 0.246241000
D/UDP-TIMING(17390): 2501 0 0.243503000
D/UDP-TIMING(17390): 2502 0 0.240765000
D/UDP-TIMING(17390): 2503 0 0.238026000
D/UDP-TIMING(17390): 2504 0 0.265529000
D/UDP-TIMING(17390): 2505 0 0.262792000
D/UDP-TIMING(17390): 2506 0 0.260086000
D/UDP-TIMING(17390): 2507 0 0.257410000
D/UDP-TIMING(17390): 2508 0 0.254707000
D/UDP-TIMING(17390): 2509 0 0.251968000
D/UDP-TIMING(17390): 2510 0 0.249231000
D/UDP-TIMING(17390): 2511 0 0.246493000
D/UDP-TIMING(17390): 2512 0 0.243787000
D/UDP-TIMING(17390): 2513 0 0.241048000
D/UDP-TIMING(17390): 2514 0 0.238353000
D/UDP-TIMING(17390): 2515 0 0.265257000
D/UDP-TIMING(17390): 2516 0 0.262585000
D/UDP-TIMING(17390): 2517 0 0.259881000
D/UDP-TIMING(17390): 2518 0 0.257178000
D/UDP-TIMING(17390): 2519 0 0.254474000
D/UDP-TIMING(17390): 2520 0 0.251771000
D/UDP-TIMING(17390): 2521 0 0.249033000
D/UDP-TIMING(17390): 2522 0 0.246326000
D/UDP-TIMING(17390): 2523 0 0.243577000
D/UDP-TIMING(17390): 2524 0 0.271136000
E/TrafficStats( 1673): [QCTMM]tryAll index=0
E/TrafficStats( 1673): [QCTMM]tryAll index=1
E/TrafficStats( 1673): [QCTMM]tryAll index=2
E/TrafficStats( 1673): [QCTMM]tryAll index=0
E/TrafficStats( 1673): [QCTMM]tryAll index=1
E/TrafficStats( 1673): [QCTMM]tryAll index=2
D/DATA    ( 1860): sentSinceLastRecv=0,watchdogTrigger=10,maxindex=0
D/UDP-TIMING(17390): 2525 0 0.244608000
D/UDP-TIMING(17390): 2526 0 0.241868000
D/UDP-TIMING(17390): 2527 0 0.242518000
D/UDP-TIMING(17390): 2528 0 0.240751000
D/UDP-TIMING(17390): 2529 0 0.239855000
D/UDP-TIMING(17390): 2530 0 0.256929000
D/UDP-TIMING(17390): 2531 0 0.254191000
D/UDP-TIMING(17390): 2532 0 0.251484000
D/UDP-TIMING(17390): 2533 0 0.248747000
D/UDP-TIMING(17390): 2534 0 0.246009000
D/UDP-TIMING(17390): 2535 0 0.243268000
D/UDP-TIMING(17390): 2536 0 0.240537000
D/UDP-TIMING(17390): 2537 0 0.268023000
D/UDP-TIMING(17390): 2538 0 0.265289000
D/UDP-TIMING(17390): 2539 0 0.262551000
D/UDP-TIMING(17390): 2540 0 0.259871000
D/UDP-TIMING(17390): 2541 0 0.257159000
D/UDP-TIMING(17390): 2542 0 0.254424000
D/UDP-TIMING(17390): 2543 0 0.251694000
D/UDP-TIMING(17390): 2544 0 0.248960000
D/UDP-TIMING(17390): 2545 0 0.246308000
D/UDP-TIMING(17390): 2546 0 0.243660000
D/UDP-TIMING(17390): 2547 0 0.241031000
D/UDP-TIMING(17390): 2548 0 0.238378000
D/UDP-TIMING(17390): 2549 0 0.265375000
D/UDP-TIMING(17390): 2550 0 0.262758000
D/UDP-TIMING(17390): 2551 0 0.260039000
D/UDP-TIMING(17390): 2552 0 0.257326000
D/UDP-TIMING(17390): 2553 0 0.254589000
D/UDP-TIMING(17390): 2554 0 0.251856000
D/UDP-TIMING(17390): 2555 0 0.249113000
D/UDP-TIMING(17390): 2556 0 0.246374000
D/UDP-TIMING(17390): 2557 0 0.243637000
D/UDP-TIMING(17390): 2558 0 0.271113000
D/UDP-TIMING(17390): 2559 0 0.268414000
D/UDP-TIMING(17390): 2560 0 0.265669000
D/UDP-TIMING(17390): 2561 0 0.262933000
D/UDP-TIMING(17390): 2562 0 0.260197000
D/UDP-TIMING(17390): 2563 0 0.257457000
D/UDP-TIMING(17390): 2564 0 0.254725000
D/UDP-TIMING(17390): 2565 0 0.252018000
D/UDP-TIMING(17390): 2566 0 0.249280000
D/UDP-TIMING(17390): 2567 0 0.246546000
D/UDP-TIMING(17390): 2568 0 0.273475000
D/UDP-TIMING(17390): 2569 0 0.270771000
D/UDP-TIMING(17390): 2570 0 0.268033000
D/UDP-TIMING(17390): 2571 0 0.265296000
D/UDP-TIMING(17390): 2572 0 0.262560000
D/UDP-TIMING(17390): 2573 0 0.259823000
D/UDP-TIMING(17390): 2574 0 0.257086000
D/UDP-TIMING(17390): 2575 0 0.254378000
D/UDP-TIMING(17390): 2576 0 0.251641000
D/UDP-TIMING(17390): 2577 0 0.248903000
D/UDP-TIMING(17390): 2578 0 0.246201000
D/UDP-TIMING(17390): 2579 0 0.243462000
D/UDP-TIMING(17390): 2580 0 0.240724000
D/UDP-TIMING(17390): 2581 0 0.237901000
D/UDP-TIMING(17390): 2582 0 0.265449000
D/UDP-TIMING(17390): 2583 0 0.262797000
D/UDP-TIMING(17390): 2584 0 0.260162000
D/UDP-TIMING(17390): 2585 0 0.257542000
D/UDP-TIMING(17390): 2586 0 0.254953000
D/UDP-TIMING(17390): 2587 0 0.252229000
D/UDP-TIMING(17390): 2588 0 0.249501000
D/UDP-TIMING(17390): 2589 0 0.246756000
D/UDP-TIMING(17390): 2590 0 0.244022000
D/UDP-TIMING(17390): 2591 0 0.271005000
D/UDP-TIMING(17390): 2592 0 0.268255000
D/UDP-TIMING(17390): 2593 0 0.265521000
D/UDP-TIMING(17390): 2594 0 0.262783000
D/UDP-TIMING(17390): 2595 0 0.260047000
D/UDP-TIMING(17390): 2596 0 0.257333000
D/UDP-TIMING(17390): 2597 0 0.254628000
D/UDP-TIMING(17390): 2598 0 0.251922000
D/UDP-TIMING(17390): 2599 0 0.249215000
D/UDP-TIMING(17390): 2600 0 0.246510000
D/UDP-TIMING(17390): 2601 0 0.243805000
D/UDP-TIMING(17390): 2602 0 0.271312000
D/UDP-TIMING(17390): 2603 0 0.268609000
D/UDP-TIMING(17390): 2604 0 0.265903000
D/UDP-TIMING(17390): 2605 0 0.263212000
D/UDP-TIMING(17390): 2606 0 0.260587000
D/UDP-TIMING(17390): 2607 0 0.257936000
D/UDP-TIMING(17390): 2608 0 0.255260000
D/UDP-TIMING(17390): 2609 0 0.252560000
D/UDP-TIMING(17390): 2610 0 0.249856000
D/UDP-TIMING(17390): 2611 0 0.247149000
D/UDP-TIMING(17390): 2612 0 0.244474000
D/UDP-TIMING(17390): 2613 0 0.273049000
D/UDP-TIMING(17390): 2614 0 0.270342000
D/UDP-TIMING(17390): 2615 0 0.267677000
D/UDP-TIMING(17390): 2616 0 0.265047000
D/UDP-TIMING(17390): 2617 0 0.262393000
D/UDP-TIMING(17390): 2618 0 0.259739000
D/UDP-TIMING(17390): 2619 0 0.257088000
D/UDP-TIMING(17390): 2620 0 0.254491000
D/UDP-TIMING(17390): 2621 0 0.251871000
D/UDP-TIMING(17390): 2622 0 0.249280000
D/UDP-TIMING(17390): 2623 0 0.246674000
D/UDP-TIMING(17390): 2624 0 0.244081000
D/UDP-TIMING(17390): 2625 0 0.269640000
E/TrafficStats( 1673): [QCTMM]tryAll index=0
E/TrafficStats( 1673): [QCTMM]tryAll index=1
E/TrafficStats( 1673): [QCTMM]tryAll index=2
E/TrafficStats( 1673): [QCTMM]tryAll index=0
E/TrafficStats( 1673): [QCTMM]tryAll index=1
E/TrafficStats( 1673): [QCTMM]tryAll index=2
D/DATA    ( 1860): sentSinceLastRecv=0,watchdogTrigger=10,maxindex=0
D/UDP-TIMING(17390): 2626 0 0.251804000
D/UDP-TIMING(17390): 2627 0 0.249132000
D/UDP-TIMING(17390): 2628 0 0.264439000
D/UDP-TIMING(17390): 2629 0 0.261736000
D/UDP-TIMING(17390): 2630 0 0.259032000
D/UDP-TIMING(17390): 2631 0 0.256369000
D/UDP-TIMING(17390): 2632 0 0.253711000
D/UDP-TIMING(17390): 2633 0 0.251090000
D/UDP-TIMING(17390): 2634 0 0.248438000
D/UDP-TIMING(17390): 2635 0 0.275683000
D/UDP-TIMING(17390): 2636 0 0.272980000
D/UDP-TIMING(17390): 2637 0 0.270336000
D/UDP-TIMING(17390): 2638 0 0.267713000
D/UDP-TIMING(17390): 2639 0 0.265065000
D/UDP-TIMING(17390): 2640 0 0.262353000
D/UDP-TIMING(17390): 2641 0 0.259741000
D/UDP-TIMING(17390): 2642 0 0.257126000
D/UDP-TIMING(17390): 2643 0 0.254559000
D/UDP-TIMING(17390): 2644 0 0.251887000
D/UDP-TIMING(17390): 2645 0 0.249294000
D/UDP-TIMING(17390): 2646 0 0.246682000
D/UDP-TIMING(17390): 2647 0 0.244070000
D/UDP-TIMING(17390): 2648 0 0.241386000
D/UDP-TIMING(17390): 2649 0 0.238796000
D/UDP-TIMING(17390): 2650 0 0.236144000
D/UDP-TIMING(17390): 2651 0 0.263057000
D/UDP-TIMING(17390): 2652 0 0.260403000
D/UDP-TIMING(17390): 2653 0 0.257752000
D/UDP-TIMING(17390): 2654 0 0.255133000
D/UDP-TIMING(17390): 2655 0 0.252480000
D/UDP-TIMING(17390): 2656 0 0.249831000
D/UDP-TIMING(17390): 2657 0 0.247181000
D/UDP-TIMING(17390): 2658 0 0.244529000
D/UDP-TIMING(17390): 2659 0 0.271848000
D/UDP-TIMING(17390): 2660 0 0.269210000
D/UDP-TIMING(17390): 2661 0 0.266542000
D/UDP-TIMING(17390): 2662 0 0.263843000
D/UDP-TIMING(17390): 2663 0 0.261141000
D/UDP-TIMING(17390): 2664 0 0.258442000
D/UDP-TIMING(17390): 2665 0 0.255738000
D/UDP-TIMING(17390): 2666 0 0.253034000
D/UDP-TIMING(17390): 2667 0 0.250359000
D/UDP-TIMING(17390): 2668 0 0.247661000
D/StatusBarPolicy( 1816): iconIndex=1
V/StatusBarPolicy( 1816): cdmaLevel:4;max:4
D/StatusBarPolicy( 1816): iconLevel:4
D/UDP-TIMING(17390): 2669 0 0.275292000
D/UDP-TIMING(17390): 2670 0 0.272591000
D/UDP-TIMING(17390): 2671 0 0.269892000
D/UDP-TIMING(17390): 2672 0 0.267189000
D/UDP-TIMING(17390): 2673 0 0.264485000
D/UDP-TIMING(17390): 2674 0 0.261813000
D/UDP-TIMING(17390): 2675 0 0.259107000
D/UDP-TIMING(17390): 2676 0 0.256404000
D/UDP-TIMING(17390): 2677 0 0.253701000
D/UDP-TIMING(17390): 2678 0 0.251080000
D/UDP-TIMING(17390): 2679 0 0.248469000
D/UDP-TIMING(17390): 2680 0 0.245855000
D/UDP-TIMING(17390): 2681 0 0.243232000
D/UDP-TIMING(17390): 2682 0 0.240614000
D/UDP-TIMING(17390): 2683 0 0.237999000
D/UDP-TIMING(17390): 2684 0 0.265492000
D/UDP-TIMING(17390): 2685 0 0.262830000
D/UDP-TIMING(17390): 2686 0 0.260139000
D/UDP-TIMING(17390): 2687 0 0.257508000
D/UDP-TIMING(17390): 2688 0 0.254806000
D/UDP-TIMING(17390): 2689 0 0.252103000
D/UDP-TIMING(17390): 2690 0 0.249434000
D/UDP-TIMING(17390): 2691 0 0.246731000
D/UDP-TIMING(17390): 2692 0 0.244028000
D/UDP-TIMING(17390): 2693 0 0.241325000
I/PhoneInfo( 2188): getCdmaLevel - cdmaDbm: -72 cdmaEcio:-80
I/PhoneInfo( 2188): getEvdoLevel - evdoDbm: -120 evdoSnr:-1 evdoEcio:-1
D/UDP-TIMING(17390): 2694 0 0.268493000
D/UDP-TIMING(17390): 2695 0 0.265790000
D/UDP-TIMING(17390): 2696 0 0.263087000
D/UDP-TIMING(17390): 2697 0 0.260383000
D/UDP-TIMING(17390): 2698 0 0.257684000
D/UDP-TIMING(17390): 2699 0 0.254980000
D/UDP-TIMING(17390): 2700 0 0.252277000
D/UDP-TIMING(17390): 2701 0 0.249446000
D/UDP-TIMING(17390): 2702 0 0.246754000
D/UDP-TIMING(17390): 2703 0 0.244083000
D/UDP-TIMING(17390): 2704 0 0.241386000
D/UDP-TIMING(17390): 2705 0 0.238680000
I/PhoneInfo( 2188): getLteLevel - lteRsrp: -1 lteCqi:-1
D/UDP-TIMING(17390): 2706 0 0.264893000
D/UDP-TIMING(17390): 2707 0 0.262237000
D/UDP-TIMING(17390): 2708 0 0.259587000
D/UDP-TIMING(17390): 2709 0 0.256893000
D/UDP-TIMING(17390): 2710 0 0.254194000
D/UDP-TIMING(17390): 2711 0 0.251480000
D/UDP-TIMING(17390): 2712 0 0.248779000
D/UDP-TIMING(17390): 2713 0 0.246087000
D/UDP-TIMING(17390): 2714 0 0.243385000
D/UDP-TIMING(17390): 2715 0 0.240682000
D/UDP-TIMING(17390): 2716 0 0.238061000
D/UDP-TIMING(17390): 2717 0 0.265521000
D/UDP-TIMING(17390): 2718 0 0.262853000
D/UDP-TIMING(17390): 2719 0 0.260183000
D/UDP-TIMING(17390): 2720 0 0.257518000
D/UDP-TIMING(17390): 2721 0 0.254939000
D/UDP-TIMING(17390): 2722 0 0.252265000
D/UDP-TIMING(17390): 2723 0 0.249650000
D/UDP-TIMING(17390): 2724 0 0.246940000
D/UDP-TIMING(17390): 2725 0 0.244243000
D/UDP-TIMING(17390): 2726 0 0.241545000
E/TrafficStats( 1673): [QCTMM]tryAll index=0
E/TrafficStats( 1673): [QCTMM]tryAll index=1
E/TrafficStats( 1673): [QCTMM]tryAll index=2
E/TrafficStats( 1673): [QCTMM]tryAll index=0
E/TrafficStats( 1673): [QCTMM]tryAll index=1
E/TrafficStats( 1673): [QCTMM]tryAll index=2
D/DATA    ( 1860): sentSinceLastRecv=0,watchdogTrigger=10,maxindex=0
D/UDP-TIMING(17390): 2727 0 0.243597000
D/UDP-TIMING(17390): 2728 0 0.240849000
D/UDP-TIMING(17390): 2729 0 0.239751000
D/UDP-TIMING(17390): 2730 0 0.253912000
D/UDP-TIMING(17390): 2731 0 0.251170000
D/UDP-TIMING(17390): 2732 0 0.248427000
D/UDP-TIMING(17390): 2733 0 0.245712000
D/UDP-TIMING(17390): 2734 0 0.242966000
D/UDP-TIMING(17390): 2735 0 0.240220000
D/UDP-TIMING(17390): 2736 0 0.267270000
D/UDP-TIMING(17390): 2737 0 0.264681000
D/UDP-TIMING(17390): 2738 0 0.262030000
D/UDP-TIMING(17390): 2739 0 0.259445000
D/UDP-TIMING(17390): 2740 0 0.256774000
D/UDP-TIMING(17390): 2741 0 0.254107000
D/UDP-TIMING(17390): 2742 0 0.251427000
D/UDP-TIMING(17390): 2743 0 0.248725000
D/UDP-TIMING(17390): 2744 0 0.246106000
D/UDP-TIMING(17390): 2745 0 0.243326000
D/UDP-TIMING(17390): 2746 0 0.240601000
D/UDP-TIMING(17390): 2747 0 0.267411000
D/UDP-TIMING(17390): 2748 0 0.264705000
D/UDP-TIMING(17390): 2749 0 0.261969000
D/UDP-TIMING(17390): 2750 0 0.259221000
D/UDP-TIMING(17390): 2751 0 0.256479000
D/UDP-TIMING(17390): 2752 0 0.253735000
D/UDP-TIMING(17390): 2753 0 0.251012000
D/UDP-TIMING(17390): 2754 0 0.248266000
D/UDP-TIMING(17390): 2755 0 0.245515000
D/UDP-TIMING(17390): 2756 0 0.242763000
D/UDP-TIMING(17390): 2757 0 0.240013000
D/UDP-TIMING(17390): 2758 0 0.267520000
D/UDP-TIMING(17390): 2759 0 0.264782000
D/UDP-TIMING(17390): 2760 0 0.262044000
D/UDP-TIMING(17390): 2761 0 0.259367000
D/UDP-TIMING(17390): 2762 0 0.256631000
D/UDP-TIMING(17390): 2763 0 0.253886000
D/UDP-TIMING(17390): 2764 0 0.251139000
D/UDP-TIMING(17390): 2765 0 0.248394000
D/UDP-TIMING(17390): 2766 0 0.245651000
D/UDP-TIMING(17390): 2767 0 0.242935000
D/UDP-TIMING(17390): 2768 0 0.269822000
D/UDP-TIMING(17390): 2769 0 0.267107000
D/UDP-TIMING(17390): 2770 0 0.264382000
D/UDP-TIMING(17390): 2771 0 0.261644000
D/UDP-TIMING(17390): 2772 0 0.258892000
D/UDP-TIMING(17390): 2773 0 0.256146000
D/UDP-TIMING(17390): 2774 0 0.253525000
D/UDP-TIMING(17390): 2775 0 0.250901000
D/UDP-TIMING(17390): 2776 0 0.248237000
D/UDP-TIMING(17390): 2777 0 0.245565000
D/UDP-TIMING(17390): 2778 0 0.242945000
D/UDP-TIMING(17390): 2779 0 0.240336000
D/UDP-TIMING(17390): 2780 0 0.238773000
D/UDP-TIMING(17390): 2781 0 0.265147000
D/UDP-TIMING(17390): 2782 0 0.262408000
D/UDP-TIMING(17390): 2783 0 0.259753000
D/UDP-TIMING(17390): 2784 0 0.257013000
D/UDP-TIMING(17390): 2785 0 0.254275000
D/UDP-TIMING(17390): 2786 0 0.251567000
D/UDP-TIMING(17390): 2787 0 0.248832000
D/UDP-TIMING(17390): 2788 0 0.246095000
D/UDP-TIMING(17390): 2789 0 0.243357000
D/UDP-TIMING(17390): 2790 0 0.270343000
D/UDP-TIMING(17390): 2791 0 0.267599000
D/UDP-TIMING(17390): 2792 0 0.264926000
D/UDP-TIMING(17390): 2793 0 0.262223000
D/UDP-TIMING(17390): 2794 0 0.259490000
D/UDP-TIMING(17390): 2795 0 0.256788000
D/UDP-TIMING(17390): 2796 0 0.254085000
D/UDP-TIMING(17390): 2797 0 0.251410000
D/UDP-TIMING(17390): 2798 0 0.248711000
D/UDP-TIMING(17390): 2799 0 0.246009000
D/UDP-TIMING(17390): 2800 0 0.243310000
D/UDP-TIMING(17390): 2801 0 0.240613000
D/UDP-TIMING(17390): 2802 0 0.239070000
D/UDP-TIMING(17390): 2803 0 0.265388000
D/UDP-TIMING(17390): 2804 0 0.262650000
D/UDP-TIMING(17390): 2805 0 0.259910000
D/UDP-TIMING(17390): 2806 0 0.257206000
D/UDP-TIMING(17390): 2807 0 0.254507000
D/UDP-TIMING(17390): 2808 0 0.251796000
D/UDP-TIMING(17390): 2809 0 0.249059000
D/UDP-TIMING(17390): 2810 0 0.246314000
D/UDP-TIMING(17390): 2811 0 0.243630000
D/UDP-TIMING(17390): 2812 0 0.240962000
D/UDP-TIMING(17390): 2813 0 0.238344000
D/UDP-TIMING(17390): 2814 0 0.265422000
D/UDP-TIMING(17390): 2815 0 0.262722000
D/UDP-TIMING(17390): 2816 0 0.260101000
D/UDP-TIMING(17390): 2817 0 0.257330000
D/UDP-TIMING(17390): 2818 0 0.254607000
D/UDP-TIMING(17390): 2819 0 0.251903000
D/UDP-TIMING(17390): 2820 0 0.249168000
D/UDP-TIMING(17390): 2821 0 0.246433000
D/UDP-TIMING(17390): 2822 0 0.243696000
D/UDP-TIMING(17390): 2823 0 0.240956000
D/UDP-TIMING(17390): 2824 0 0.238228000
D/UDP-TIMING(17390): 2825 0 0.265494000
D/UDP-TIMING(17390): 2826 0 0.262887000
D/UDP-TIMING(17390): 2827 0 0.260173000
E/TrafficStats( 1673): [QCTMM]tryAll index=0
E/TrafficStats( 1673): [QCTMM]tryAll index=1
E/TrafficStats( 1673): [QCTMM]tryAll index=2
E/TrafficStats( 1673): [QCTMM]tryAll index=0
E/TrafficStats( 1673): [QCTMM]tryAll index=1
E/TrafficStats( 1673): [QCTMM]tryAll index=2
D/DATA    ( 1860): sentSinceLastRecv=0,watchdogTrigger=10,maxindex=0
D/UDP-TIMING(17390): 2828 0 0.243811000
D/UDP-TIMING(17390): 2829 0 0.241090000
D/UDP-TIMING(17390): 2830 0 0.240240000
D/UDP-TIMING(17390): 2831 0 0.238624000
D/UDP-TIMING(17390): 2832 0 0.258983000
D/UDP-TIMING(17390): 2833 0 0.256343000
D/UDP-TIMING(17390): 2834 0 0.253684000
D/UDP-TIMING(17390): 2835 0 0.251047000
D/UDP-TIMING(17390): 2836 0 0.248376000
D/UDP-TIMING(17390): 2837 0 0.245672000
D/UDP-TIMING(17390): 2838 0 0.243043000
D/UDP-TIMING(17390): 2839 0 0.240414000
D/UDP-TIMING(17390): 2840 0 0.237794000
D/UDP-TIMING(17390): 2841 0 0.265509000
D/UDP-TIMING(17390): 2842 0 0.262895000
D/UDP-TIMING(17390): 2843 0 0.260281000
D/UDP-TIMING(17390): 2844 0 0.257630000
D/UDP-TIMING(17390): 2845 0 0.255028000
D/UDP-TIMING(17390): 2846 0 0.252459000
D/UDP-TIMING(17390): 2847 0 0.249850000
D/UDP-TIMING(17390): 2848 0 0.247237000
D/UDP-TIMING(17390): 2849 0 0.244617000
D/UDP-TIMING(17390): 2850 0 0.242040000
D/UDP-TIMING(17390): 2851 0 0.268924000
D/UDP-TIMING(17390): 2852 0 0.266337000
D/UDP-TIMING(17390): 2853 0 0.263659000
D/UDP-TIMING(17390): 2854 0 0.260989000
D/UDP-TIMING(17390): 2855 0 0.258324000
D/UDP-TIMING(17390): 2856 0 0.255662000
D/UDP-TIMING(17390): 2857 0 0.253013000
D/UDP-TIMING(17390): 2858 0 0.250332000
D/UDP-TIMING(17390): 2859 0 0.247651000
D/UDP-TIMING(17390): 2860 0 0.244975000
D/UDP-TIMING(17390): 2861 0 0.242309000
D/UDP-TIMING(17390): 2862 0 0.239634000
D/UDP-TIMING(17390): 2863 0 0.238238000
D/UDP-TIMING(17390): 2864 0 0.264182000
D/UDP-TIMING(17390): 2865 0 0.261539000
D/UDP-TIMING(17390): 2866 0 0.258905000
D/UDP-TIMING(17390): 2867 0 0.256233000
D/UDP-TIMING(17390): 2868 0 0.253558000
D/UDP-TIMING(17390): 2869 0 0.250881000
D/UDP-TIMING(17390): 2870 0 0.248280000
D/UDP-TIMING(17390): 2871 0 0.245617000
D/UDP-TIMING(17390): 2872 0 0.242949000
D/UDP-TIMING(17390): 2873 0 0.240276000
D/UDP-TIMING(17390): 2874 0 0.267927000
D/UDP-TIMING(17390): 2875 0 0.265290000
D/UDP-TIMING(17390): 2876 0 0.262669000
D/UDP-TIMING(17390): 2877 0 0.260048000
D/UDP-TIMING(17390): 2878 0 0.257436000
D/UDP-TIMING(17390): 2879 0 0.254834000
D/UDP-TIMING(17390): 2880 0 0.252219000
D/UDP-TIMING(17390): 2881 0 0.249641000
D/UDP-TIMING(17390): 2882 0 0.247033000
D/UDP-TIMING(17390): 2883 0 0.244416000
D/UDP-TIMING(17390): 2884 0 0.241799000
D/UDP-TIMING(17390): 2885 0 0.239181000
D/UDP-TIMING(17390): 2886 0 0.266501000
D/UDP-TIMING(17390): 2887 0 0.263880000
D/UDP-TIMING(17390): 2888 0 0.261288000
D/UDP-TIMING(17390): 2889 0 0.258671000
D/UDP-TIMING(17390): 2890 0 0.256061000
D/UDP-TIMING(17390): 2891 0 0.253444000
D/UDP-TIMING(17390): 2892 0 0.250834000
D/UDP-TIMING(17390): 2893 0 0.248224000
D/UDP-TIMING(17390): 2894 0 0.245612000
D/UDP-TIMING(17390): 2895 0 0.243000000
D/UDP-TIMING(17390): 2896 0 0.240381000
D/UDP-TIMING(17390): 2897 0 0.237763000
D/UDP-TIMING(17390): 2898 0 0.265151000
D/UDP-TIMING(17390): 2899 0 0.262536000
D/UDP-TIMING(17390): 2900 0 0.259924000
D/UDP-TIMING(17390): 2901 0 0.257300000
D/UDP-TIMING(17390): 2902 0 0.254677000
D/UDP-TIMING(17390): 2903 0 0.252095000
D/UDP-TIMING(17390): 2904 0 0.249476000
D/UDP-TIMING(17390): 2905 0 0.246862000
D/UDP-TIMING(17390): 2906 0 0.244241000
D/UDP-TIMING(17390): 2907 0 0.241624000
D/UDP-TIMING(17390): 2908 0 0.239031000
D/UDP-TIMING(17390): 2909 0 0.265964000
D/UDP-TIMING(17390): 2910 0 0.263350000
D/UDP-TIMING(17390): 2911 0 0.260756000
D/UDP-TIMING(17390): 2912 0 0.258202000
D/UDP-TIMING(17390): 2913 0 0.255589000
D/UDP-TIMING(17390): 2914 0 0.252922000
D/UDP-TIMING(17390): 2915 0 0.250258000
D/UDP-TIMING(17390): 2916 0 0.247597000
D/UDP-TIMING(17390): 2917 0 0.244958000
D/UDP-TIMING(17390): 2918 0 0.242290000
D/UDP-TIMING(17390): 2919 0 0.239625000
D/UDP-TIMING(17390): 2920 0 0.238199000
D/UDP-TIMING(17390): 2921 0 0.264693000
D/UDP-TIMING(17390): 2922 0 0.262058000
