--------- beginning of /dev/log/system
V/StatusBarPolicy( 1816): cdmaLevel:4;max:4
D/StatusBarPolicy( 1816): iconLevel:4
D/StatusBarPolicy( 1816): iconIndex=1
V/StatusBarPolicy( 1816): cdmaLevel:3;max:4
D/StatusBarPolicy( 1816): iconLevel:3
D/StatusBarPolicy( 1816): iconIndex=1
V/StatusBarPolicy( 1816): cdmaLevel:4;max:4
D/StatusBarPolicy( 1816): iconLevel:4
V/DeviceStorageMonitorService( 1673): freeMemory=2097856512
D/DeviceStorageMonitorService( 1673): OoO SMS Memory available. SMS_AVAILABLE_THRESHOLD == 524288
I/DeviceStorageMonitorService( 1673): Posting Message again
W/ActivityManager( 1673): No content provider found for: 
W/ActivityManager( 1673): No content provider found for: 
I/ActivityManager( 1673): Force stopping package com.example.hellojni uid=10167
I/WindowManager( 1673): WIN DEATH: Window{40544a80 com.example.hellojni/com.example.hellojni.HelloJni paused=false}
I/PackageManager( 1673): Package com.example.hellojni codePath changed from /data/app/com.example.hellojni-2.apk to /data/app/com.example.hellojni-1.apk; Retaining data and using new
I/PackageManager( 1673): Unpacking native libraries for /data/app/com.example.hellojni-1.apk
D/InputManagerService( 1673): Got RemoteException sending setActive(false) notification to pid 17001 uid 10167
W/InputManagerService( 1673): [startInputLocked] Enable input method client.
I/ActivityManager( 1673): Force stopping package com.example.hellojni uid=10167
W/PackageManager( 1673): Code path for pkg : com.example.hellojni changing from /data/app/com.example.hellojni-2.apk to /data/app/com.example.hellojni-1.apk
W/PackageManager( 1673): Resource path for pkg : com.example.hellojni changing from /data/app/com.example.hellojni-2.apk to /data/app/com.example.hellojni-1.apk
I/ActivityManager( 1673): Force stopping package com.example.hellojni uid=10167
V/NotificationService( 1673): Charging...
I/ActivityManager( 1673): No longer want com.android.settings (pid 17084): hidden #16
I/ActivityManager( 1673): No longer want com.htc.android.worldclock (pid 17091): hidden #16
V/LocationManagerService( 1673): requestLocationUpdatesLocked: updateProvidersLocked
D/LocationManagerService( 1673): [updateProvidersLocked]
V/LocationManagerService( 1673): requestLocationUpdatesLocked: updateProvidersLocked
D/LocationManagerService( 1673): [updateProvidersLocked]
I/PackageManager( 1673):  setEnabledSetting(), pkgName=com.google.android.apps.maps, clsName=com.google.android.maps.driveabout.app.DestinationActivity, state=1, flag=1, pid=16937, uid=10013
W/BackupManagerService( 1673): dataChanged but no participant pkg='com.android.providers.settings' uid=10152
I/ActivityManager( 1673): No longer want com.google.android.apps.maps:BackgroundFriendService (pid 17117): hidden #16
I/ActivityManager( 1673): No longer want com.viber.voip (pid 12314): hidden #16
I/ActivityManager( 1673): No longer want com.android.defcontainer (pid 16980): hidden #16
I/ActivityManager( 1673): No longer want com.viber.voip:keepAliveReceiver (pid 17032): hidden #16
W/ActivityManager( 1673): Scheduling restart of crashed service com.viber.voip/com.viber.service.VoipConnectorService in 5000ms
D/WifiService( 1673): releaseWifiLockLocked: WifiLock{VoipServiceWifiLock type=1 binder=android.os.BinderProxy@40d32c10} Mode: 1
D/WifiService( 1673): disable wifi due to updateWifiState
I/ActivityManager( 1673): Starting activity: Intent { act=android.intent.action.MAIN cat=[android.intent.category.LAUNCHER] flg=0x10100000 cmp=com.example.hellojni/.HelloJni } from pid 1816
I/ActivityManager( 1673): Start proc com.example.hellojni for activity com.example.hellojni/.HelloJni: pid=17156 uid=10167 gids={1015, 3003}
D/StatusBarPolicy( 1816): hasService()=true ,mDataState=2 ,mPhone.htcModemLinkOn()=false ,mDataActivity=0
D/StatusBarPolicy( 1816): slotType[0]=RUIM
V/NotificationService( 1673): Charging...
W/InputManagerService( 1673): [unbindCurrentClientLocked] Disable input method client.
W/InputManagerService( 1673): [startInputLocked] Enable input method client.
I/PackageManager( 1673): Adding preferred activity ComponentInfo{com.htc.streamplayer/com.htc.streamplayer.VideoPlayerActivity}:
I/PackageManager( 1673): Adding preferred activity ComponentInfo{com.htc.streamplayer/com.htc.streamplayer.VideoPlayerActivity}:
I/PackageManager( 1673): Adding preferred activity ComponentInfo{com.htc.streamplayer/com.htc.streamplayer.VideoPlayerActivity}:
I/PackageManager( 1673): Adding preferred activity ComponentInfo{com.htc.streamplayer/com.htc.streamplayer.VideoPlayerActivity}:
I/PackageManager( 1673): Adding preferred activity ComponentInfo{com.htc.streamplayer/com.htc.streamplayer.VideoPlayerActivity}:
I/PackageManager( 1673): Adding preferred activity ComponentInfo{com.htc.streamplayer/com.htc.streamplayer.VideoPlayerActivity}:
D/StatusBarPolicy( 1816): hasService()=true ,mDataState=2 ,mPhone.htcModemLinkOn()=false ,mDataActivity=3
D/StatusBarPolicy( 1816): slotType[0]=RUIM
I/PackageManager( 1673): Adding preferred activity ComponentInfo{com.htc.streamplayer/com.htc.streamplayer.VideoPlayerActivity}:
I/PackageManager( 1673): Adding preferred activity ComponentInfo{com.htc.streamplayer/com.htc.streamplayer.VideoPlayerActivity}:
I/PackageManager( 1673): Adding preferred activity ComponentInfo{com.htc.streamplayer/com.htc.streamplayer.VideoPlayerActivity}:
I/PackageManager( 1673): Adding preferred activity ComponentInfo{com.htc.streamplayer/com.htc.streamplayer.VideoPlayerActivity}:
I/PackageManager( 1673): Adding preferred activity ComponentInfo{com.htc.streamplayer/com.htc.streamplayer.VideoPlayerActivity}:
I/PackageManager( 1673): Adding preferred activity ComponentInfo{com.htc.streamplayer/com.htc.streamplayer.VideoPlayerActivity}:
I/PackageManager( 1673): Adding preferred activity ComponentInfo{com.htc.streamplayer/com.htc.streamplayer.VideoPlayerActivity}:
I/PackageManager( 1673): Adding preferred activity ComponentInfo{com.htc.streamplayer/com.htc.streamplayer.VideoPlayerActivity}:
I/PackageManager( 1673): Adding preferred activity ComponentInfo{com.htc.streamplayer/com.htc.streamplayer.VideoPlayerActivity}:
I/PackageManager( 1673): Adding preferred activity ComponentInfo{com.htc.streamplayer/com.htc.streamplayer.VideoPlayerActivity}:
I/PackageManager( 1673): Adding preferred activity ComponentInfo{com.htc.streamplayer/com.htc.streamplayer.VideoPlayerActivity}:
I/PackageManager( 1673): Adding preferred activity ComponentInfo{com.htc.streamplayer/com.htc.streamplayer.VideoPlayerActivity}:
I/PackageManager( 1673): Adding preferred activity ComponentInfo{com.google.android.apps.maps/com.google.android.maps.MapsActivity}:
I/PackageManager( 1673): Adding preferred activity ComponentInfo{com.google.android.apps.maps/com.google.android.maps.MapsActivity}:
I/PackageManager( 1673): Adding preferred activity ComponentInfo{com.google.android.apps.maps/com.google.android.maps.MapsActivity}:
I/PackageManager( 1673): Adding preferred activity ComponentInfo{com.google.android.apps.maps/com.google.android.maps.MapsActivity}:
I/PackageManager( 1673): Adding preferred activity ComponentInfo{com.google.android.apps.maps/com.google.android.maps.MapsActivity}:
I/PackageManager( 1673): Adding preferred activity ComponentInfo{com.google.android.apps.maps/com.google.android.maps.MapsActivity}:
I/PackageManager( 1673): Adding preferred activity ComponentInfo{com.google.android.apps.maps/com.google.android.maps.MapsActivity}:
I/PackageManager( 1673): Adding preferred activity ComponentInfo{com.google.android.apps.maps/com.google.android.maps.MapsActivity}:
I/PackageManager( 1673): Adding preferred activity ComponentInfo{com.android.htcdialer/com.android.htcdialer.Dialer}:
I/PackageManager( 1673): Adding preferred activity ComponentInfo{com.android.htcdialer/com.android.htcdialer.Dialer}:
I/PackageManager( 1673): Adding preferred activity ComponentInfo{com.android.htcdialer/com.android.htcdialer.Dialer}:
I/PackageManager( 1673): Adding preferred activity ComponentInfo{com.android.htcdialer/com.android.htcdialer.Dialer}:
I/PackageManager( 1673): Adding preferred activity ComponentInfo{com.android.htcdialer/com.android.htcdialer.Dialer}:
I/PackageManager( 1673): Adding preferred activity ComponentInfo{com.android.htcdialer/com.android.htcdialer.Dialer}:
I/PackageManager( 1673): Adding preferred activity ComponentInfo{com.htc.android.mail/com.htc.android.mail.ComposeActivity}:
I/PackageManager( 1673): Adding preferred activity ComponentInfo{com.htc.android.mail/com.htc.android.mail.ComposeActivity}:
I/PackageManager( 1673): Adding preferred activity ComponentInfo{com.android.browser/com.android.browser.BrowserActivity}:
I/PackageManager( 1673): Adding preferred activity ComponentInfo{com.htc.streamplayer/com.htc.streamplayer.VideoPlayerActivity}:
I/PackageManager( 1673): Adding preferred activity ComponentInfo{com.htc.streamplayer/com.htc.streamplayer.VideoPlayerActivity}:
I/PackageManager( 1673): Adding preferred activity ComponentInfo{com.htc.streamplayer/com.htc.streamplayer.VideoPlayerActivity}:
I/PackageManager( 1673): Adding preferred activity ComponentInfo{com.htc.streamplayer/com.htc.streamplayer.VideoPlayerActivity}:
I/PackageManager( 1673): Adding preferred activity ComponentInfo{com.htc.streamplayer/com.htc.streamplayer.VideoPlayerActivity}:
I/PackageManager( 1673): Adding preferred activity ComponentInfo{com.htc.streamplayer/com.htc.streamplayer.VideoPlayerActivity}:
I/PackageManager( 1673): Adding preferred activity ComponentInfo{com.htc.streamplayer/com.htc.streamplayer.VideoPlayerActivity}:
I/PackageManager( 1673): Adding preferred activity ComponentInfo{com.htc.streamplayer/com.htc.streamplayer.VideoPlayerActivity}:
I/PackageManager( 1673): Adding preferred activity ComponentInfo{com.htc.streamplayer/com.htc.streamplayer.VideoPlayerActivity}:
I/PackageManager( 1673): Adding preferred activity ComponentInfo{com.htc.streamplayer/com.htc.streamplayer.VideoPlayerActivity}:
I/PackageManager( 1673): Adding preferred activity ComponentInfo{com.htc.streamplayer/com.htc.streamplayer.VideoPlayerActivity}:
I/PackageManager( 1673): Adding preferred activity ComponentInfo{com.htc.streamplayer/com.htc.streamplayer.VideoPlayerActivity}:
I/PackageManager( 1673): Adding preferred activity ComponentInfo{com.htc.streamplayer/com.htc.streamplayer.VideoPlayerActivity}:
I/PackageManager( 1673): Adding preferred activity ComponentInfo{com.htc.streamplayer/com.htc.streamplayer.VideoPlayerActivity}:
I/PackageManager( 1673): Adding preferred activity ComponentInfo{com.htc.streamplayer/com.htc.streamplayer.VideoPlayerActivity}:
I/PackageManager( 1673): Adding preferred activity ComponentInfo{com.htc.streamplayer/com.htc.streamplayer.VideoPlayerActivity}:
I/PackageManager( 1673): Adding preferred activity ComponentInfo{com.htc.streamplayer/com.htc.streamplayer.VideoPlayerActivity}:
I/PackageManager( 1673): Adding preferred activity ComponentInfo{com.htc.streamplayer/com.htc.streamplayer.VideoPlayerActivity}:
I/PackageManager( 1673): Adding preferred activity ComponentInfo{com.google.android.apps.maps/com.google.android.maps.MapsActivity}:
I/PackageManager( 1673): Adding preferred activity ComponentInfo{com.google.android.apps.maps/com.google.android.maps.MapsActivity}:
I/PackageManager( 1673): Adding preferred activity ComponentInfo{com.google.android.apps.maps/com.google.android.maps.MapsActivity}:
I/PackageManager( 1673): Adding preferred activity ComponentInfo{com.google.android.apps.maps/com.google.android.maps.MapsActivity}:
I/PackageManager( 1673): Adding preferred activity ComponentInfo{com.google.android.apps.maps/com.google.android.maps.MapsActivity}:
I/PackageManager( 1673): Adding preferred activity ComponentInfo{com.google.android.apps.maps/com.google.android.maps.MapsActivity}:
I/PackageManager( 1673): Adding preferred activity ComponentInfo{com.google.android.apps.maps/com.google.android.maps.MapsActivity}:
I/PackageManager( 1673): Adding preferred activity ComponentInfo{com.google.android.apps.maps/com.google.android.maps.MapsActivity}:
I/PackageManager( 1673): Adding preferred activity ComponentInfo{com.android.htcdialer/com.android.htcdialer.Dialer}:
I/PackageManager( 1673): Adding preferred activity ComponentInfo{com.android.htcdialer/com.android.htcdialer.Dialer}:
I/PackageManager( 1673): Adding preferred activity ComponentInfo{com.android.htcdialer/com.android.htcdialer.Dialer}:
I/PackageManager( 1673): Adding preferred activity ComponentInfo{com.android.htcdialer/com.android.htcdialer.Dialer}:
I/PackageManager( 1673): Adding preferred activity ComponentInfo{com.android.htcdialer/com.android.htcdialer.Dialer}:
I/PackageManager( 1673): Adding preferred activity ComponentInfo{com.android.htcdialer/com.android.htcdialer.Dialer}:
I/PackageManager( 1673): Adding preferred activity ComponentInfo{com.htc.android.mail/com.htc.android.mail.ComposeActivity}:
I/PackageManager( 1673): Adding preferred activity ComponentInfo{com.htc.android.mail/com.htc.android.mail.ComposeActivity}:
D/StatusBarPolicy( 1816): hasService()=true ,mDataState=2 ,mPhone.htcModemLinkOn()=false ,mDataActivity=0
D/StatusBarPolicy( 1816): slotType[0]=RUIM
I/PackageManager( 1673): Adding preferred activity ComponentInfo{com.android.browser/com.android.browser.BrowserActivity}:
I/ActivityManager( 1673): Start proc com.viber.voip for service com.viber.voip/com.viber.service.VoipConnectorService: pid=17164 uid=10159 gids={3003, 1015, 3002, 3001, 1007, 1006}
I/ActivityManager( 1673): Start proc com.viber.voip:keepAliveReceiver for broadcast com.viber.voip/com.viber.service.KeepAliveReceiver: pid=17199 uid=10159 gids={3003, 1015, 3002, 3001, 1007, 1006}
I/ActivityManager( 1673): No longer want com.gravitymobile.app.hornbill (pid 16920): hidden #16
D/WifiService( 1673): acquireWifiLockLocked: WifiLock{VoipServiceWifiLock type=1 binder=android.os.BinderProxy@4080b700} Mode: 1
D/WifiService( 1673): disable wifi due to updateWifiState
D/StatusBarPolicy( 1816): hasService()=true ,mDataState=2 ,mPhone.htcModemLinkOn()=false ,mDataActivity=3
D/StatusBarPolicy( 1816): slotType[0]=RUIM
D/Socket_Alarm(17199): registerHTCSocketMonitorCallBack
D/Socket_Alarm(17199): set mSocketMonitor
D/Socket_Alarm(17199): HTCSocketMonitorImpl::HTCSocketMonitorImpl
I/ActivityManager( 1673): No longer want com.google.android.partnersetup (pid 16724): hidden #16
D/StatusBarPolicy( 1816): iconIndex=1
V/StatusBarPolicy( 1816): cdmaLevel:3;max:4
D/StatusBarPolicy( 1816): iconLevel:3
D/StatusBarPolicy( 1816): hasService()=true ,mDataState=2 ,mPhone.htcModemLinkOn()=false ,mDataActivity=0
D/StatusBarPolicy( 1816): slotType[0]=RUIM
D/StatusBarPolicy( 1816): iconIndex=1
V/StatusBarPolicy( 1816): cdmaLevel:4;max:4
D/StatusBarPolicy( 1816): iconLevel:4
D/StatusBarPolicy( 1816): iconIndex=1
V/StatusBarPolicy( 1816): cdmaLevel:3;max:4
D/StatusBarPolicy( 1816): iconLevel:3
D/StatusBarPolicy( 1816): hasService()=true ,mDataState=2 ,mPhone.htcModemLinkOn()=false ,mDataActivity=3
D/StatusBarPolicy( 1816): slotType[0]=RUIM
D/StatusBarPolicy( 1816): hasService()=true ,mDataState=2 ,mPhone.htcModemLinkOn()=false ,mDataActivity=0
D/StatusBarPolicy( 1816): slotType[0]=RUIM
D/StatusBarPolicy( 1816): iconIndex=1
V/StatusBarPolicy( 1816): cdmaLevel:4;max:4
D/StatusBarPolicy( 1816): iconLevel:4
D/StatusBarPolicy( 1816): hasService()=true ,mDataState=2 ,mPhone.htcModemLinkOn()=false ,mDataActivity=0
D/StatusBarPolicy( 1816): slotType[0]=RUIM
D/StatusBarPolicy( 1816): iconIndex=1
V/StatusBarPolicy( 1816): cdmaLevel:2;max:4
D/StatusBarPolicy( 1816): iconLevel:2
D/StatusBarPolicy( 1816): iconIndex=1
V/StatusBarPolicy( 1816): cdmaLevel:2;max:4
D/StatusBarPolicy( 1816): iconLevel:2
D/StatusBarPolicy( 1816): iconIndex=1
V/StatusBarPolicy( 1816): cdmaLevel:4;max:4
D/StatusBarPolicy( 1816): iconLevel:4
V/DeviceStorageMonitorService( 1673): freeMemory=2097852416
D/DeviceStorageMonitorService( 1673): OoO SMS Memory available. SMS_AVAILABLE_THRESHOLD == 524288
I/DeviceStorageMonitorService( 1673): Posting Message again
V/NotificationService( 1673): Charging...
I/ActivityManager( 1673): Starting activity: Intent { act=android.settings.SETTINGS flg=0x10000000 cmp=com.android.settings/.framework.activity.HtcSettings } from pid 1816
I/ActivityManager( 1673): Start proc com.android.settings for activity com.android.settings/.framework.activity.HtcSettings: pid=17239 uid=1000 gids={3002, 3001, 3003, 2001, 1015, 1007}
V/NotificationService( 1673): Charging...
W/InputManagerService( 1673): [unbindCurrentClientLocked] Disable input method client.
W/InputManagerService( 1673): [startInputLocked] Enable input method client.
D/InputManagerService( 1673): Starting input on non-focused client com.android.internal.view.IInputMethodClient$Stub$Proxy@40a65f90 (uid=10167 pid=17156)
I/ActivityManager( 1673): Starting activity: Intent { act=android.intent.action.MAIN cmp=com.android.phone/.CallFeaturesSetting } from pid 17239
W/InputManagerService( 1673): [unbindCurrentClientLocked] Disable input method client.
W/InputManagerService( 1673): [startInputLocked] Enable input method client.
I/ActivityManager( 1673): Starting activity: Intent { act=android.intent.action.MAIN cmp=com.android.phone/.PhonePreference } from pid 1860
W/InputManagerService( 1673): [unbindCurrentClientLocked] Disable input method client.
W/InputManagerService( 1673): [startInputLocked] Enable input method client.
I/ActivityManager( 1673): Starting activity: Intent { act=android.intent.action.MAIN cat=[android.intent.category.HOME] flg=0x10200000 cmp=com.htc.launcher/.Launcher } from pid 1673
W/InputManagerService( 1673): [unbindCurrentClientLocked] Disable input method client.
W/InputManagerService( 1673): [startInputLocked] Enable input method client.
V/DeviceStorageMonitorService( 1673): freeMemory=2097852416
D/DeviceStorageMonitorService( 1673): OoO SMS Memory available. SMS_AVAILABLE_THRESHOLD == 524288
I/DeviceStorageMonitorService( 1673): Posting Message again
V/DeviceStorageMonitorService( 1673): freeMemory=2097852416
D/DeviceStorageMonitorService( 1673): OoO SMS Memory available. SMS_AVAILABLE_THRESHOLD == 524288
I/DeviceStorageMonitorService( 1673): Posting Message again
D/StatusBarPolicy( 1816): iconIndex=1
V/StatusBarPolicy( 1816): cdmaLevel:3;max:4
D/StatusBarPolicy( 1816): iconLevel:3
V/DeviceStorageMonitorService( 1673): freeMemory=2097852416
D/DeviceStorageMonitorService( 1673): OoO SMS Memory available. SMS_AVAILABLE_THRESHOLD == 524288
I/DeviceStorageMonitorService( 1673): Posting Message again
D/StatusBarPolicy( 1816): iconIndex=1
V/StatusBarPolicy( 1816): cdmaLevel:4;max:4
D/StatusBarPolicy( 1816): iconLevel:4
D/StatusBarPolicy( 1816): iconIndex=1
V/StatusBarPolicy( 1816): cdmaLevel:2;max:4
D/StatusBarPolicy( 1816): iconLevel:2
D/StatusBarPolicy( 1816): iconIndex=1
V/StatusBarPolicy( 1816): cdmaLevel:3;max:4
D/StatusBarPolicy( 1816): iconLevel:3
D/StatusBarPolicy( 1816): iconIndex=1
V/StatusBarPolicy( 1816): cdmaLevel:4;max:4
D/StatusBarPolicy( 1816): iconLevel:4
D/StatusBarPolicy( 1816): iconIndex=1
V/StatusBarPolicy( 1816): cdmaLevel:2;max:4
D/StatusBarPolicy( 1816): iconLevel:2
D/StatusBarPolicy( 1816): iconIndex=1
V/StatusBarPolicy( 1816): cdmaLevel:4;max:4
D/StatusBarPolicy( 1816): iconLevel:4
D/StatusBarPolicy( 1816): iconIndex=1
V/StatusBarPolicy( 1816): cdmaLevel:3;max:4
D/StatusBarPolicy( 1816): iconLevel:3
D/StatusBarPolicy( 1816): iconIndex=1
V/StatusBarPolicy( 1816): cdmaLevel:4;max:4
D/StatusBarPolicy( 1816): iconLevel:4
V/DeviceStorageMonitorService( 1673): freeMemory=2097852416
D/DeviceStorageMonitorService( 1673): OoO SMS Memory available. SMS_AVAILABLE_THRESHOLD == 524288
I/DeviceStorageMonitorService( 1673): Posting Message again
D/StatusBarPolicy( 1816): iconIndex=1
V/StatusBarPolicy( 1816): cdmaLevel:1;max:4
D/StatusBarPolicy( 1816): iconLevel:1
D/StatusBarPolicy( 1816): iconIndex=1
V/StatusBarPolicy( 1816): cdmaLevel:4;max:4
D/StatusBarPolicy( 1816): iconLevel:4
D/StatusBarPolicy( 1816): iconIndex=1
V/StatusBarPolicy( 1816): cdmaLevel:4;max:4
D/StatusBarPolicy( 1816): iconLevel:4
D/StatusBarPolicy( 1816): iconIndex=1
V/StatusBarPolicy( 1816): cdmaLevel:3;max:4
D/StatusBarPolicy( 1816): iconLevel:3
D/StatusBarPolicy( 1816): iconIndex=1
V/StatusBarPolicy( 1816): cdmaLevel:4;max:4
D/StatusBarPolicy( 1816): iconLevel:4
D/StatusBarPolicy( 1816): iconIndex=1
V/StatusBarPolicy( 1816): cdmaLevel:3;max:4
D/StatusBarPolicy( 1816): iconLevel:3
D/StatusBarPolicy( 1816): iconIndex=1
V/StatusBarPolicy( 1816): cdmaLevel:4;max:4
D/StatusBarPolicy( 1816): iconLevel:4
D/StatusBarPolicy( 1816): iconIndex=1
V/StatusBarPolicy( 1816): cdmaLevel:3;max:4
D/StatusBarPolicy( 1816): iconLevel:3
V/DeviceStorageMonitorService( 1673): freeMemory=2097852416
D/DeviceStorageMonitorService( 1673): OoO SMS Memory available. SMS_AVAILABLE_THRESHOLD == 524288
I/DeviceStorageMonitorService( 1673): Posting Message again
D/StatusBarPolicy( 1816): iconIndex=1
V/StatusBarPolicy( 1816): cdmaLevel:4;max:4
D/StatusBarPolicy( 1816): iconLevel:4
I/ActivityManager( 1673): Start proc trump.asphalt.adrenaline for broadcast trump.asphalt.adrenaline/com.airpush.android.MessageReceiver: pid=17268 uid=10161 gids={3003, 1015}
D/StatusBarPolicy( 1816): hasService()=true ,mDataState=2 ,mPhone.htcModemLinkOn()=false ,mDataActivity=0
D/StatusBarPolicy( 1816): slotType[0]=RUIM
D/StatusBarPolicy( 1816): hasService()=true ,mDataState=2 ,mPhone.htcModemLinkOn()=false ,mDataActivity=3
D/StatusBarPolicy( 1816): slotType[0]=RUIM
D/StatusBarPolicy( 1816): iconIndex=1
V/StatusBarPolicy( 1816): cdmaLevel:3;max:4
D/StatusBarPolicy( 1816): iconLevel:3
D/Socket_Alarm(14350): registerHTCSocketMonitorCallBack
D/Socket_Alarm(14350): set mSocketMonitor
D/Socket_Alarm(14350): HTCSocketMonitorImpl::HTCSocketMonitorImpl
D/StatusBarPolicy( 1816): hasService()=true ,mDataState=2 ,mPhone.htcModemLinkOn()=false ,mDataActivity=0
D/StatusBarPolicy( 1816): slotType[0]=RUIM
V/NotificationService( 1673): Charging...
I/ActivityManager( 1673): Starting activity: Intent { act=android.intent.action.MAIN cat=[android.intent.category.LAUNCHER] flg=0x10100000 cmp=com.example.hellojni/.HelloJni } from pid 1816
D/StatusBarPolicy( 1816): iconIndex=1
V/StatusBarPolicy( 1816): cdmaLevel:4;max:4
D/StatusBarPolicy( 1816): iconLevel:4
V/NotificationService( 1673): Charging...
W/InputManagerService( 1673): [unbindCurrentClientLocked] Disable input method client.
W/InputManagerService( 1673): [startInputLocked] Enable input method client.
D/Socket_Alarm(17268): registerHTCSocketMonitorCallBack
D/Socket_Alarm(17268): set mSocketMonitor
D/Socket_Alarm(17268): HTCSocketMonitorImpl::HTCSocketMonitorImpl
D/StatusBarPolicy( 1816): hasService()=true ,mDataState=2 ,mPhone.htcModemLinkOn()=false ,mDataActivity=3
D/StatusBarPolicy( 1816): slotType[0]=RUIM
D/StatusBarPolicy( 1816): iconIndex=1
V/StatusBarPolicy( 1816): cdmaLevel:2;max:4
D/StatusBarPolicy( 1816): iconLevel:2
D/StatusBarPolicy( 1816): hasService()=true ,mDataState=2 ,mPhone.htcModemLinkOn()=false ,mDataActivity=1
D/StatusBarPolicy( 1816): slotType[0]=RUIM
D/StatusBarPolicy( 1816): hasService()=true ,mDataState=2 ,mPhone.htcModemLinkOn()=false ,mDataActivity=3
D/StatusBarPolicy( 1816): slotType[0]=RUIM
D/StatusBarPolicy( 1816): hasService()=true ,mDataState=2 ,mPhone.htcModemLinkOn()=false ,mDataActivity=0
D/StatusBarPolicy( 1816): slotType[0]=RUIM
I/ActivityManager( 1673): Start proc com.android.defcontainer for service com.android.defcontainer/.DefaultContainerService: pid=17308 uid=10084 gids={1015, 2001}
W/ActivityManager( 1673): No content provider found for: 
W/ActivityManager( 1673): No content provider found for: 
I/ActivityManager( 1673): Force stopping package com.example.hellojni uid=10167
I/WindowManager( 1673): WIN DEATH: Window{40560dd8 com.example.hellojni/com.example.hellojni.HelloJni paused=false}
D/StatusBarPolicy( 1816): iconIndex=1
V/StatusBarPolicy( 1816): cdmaLevel:3;max:4
D/StatusBarPolicy( 1816): iconLevel:3
I/PackageManager( 1673): Package com.example.hellojni codePath changed from /data/app/com.example.hellojni-1.apk to /data/app/com.example.hellojni-2.apk; Retaining data and using new
I/PackageManager( 1673): Unpacking native libraries for /data/app/com.example.hellojni-2.apk
D/InputManagerService( 1673): Got RemoteException sending setActive(false) notification to pid 17156 uid 10167
W/InputManagerService( 1673): [startInputLocked] Enable input method client.
I/ActivityManager( 1673): Force stopping package com.example.hellojni uid=10167
W/PackageManager( 1673): Code path for pkg : com.example.hellojni changing from /data/app/com.example.hellojni-1.apk to /data/app/com.example.hellojni-2.apk
W/PackageManager( 1673): Resource path for pkg : com.example.hellojni changing from /data/app/com.example.hellojni-1.apk to /data/app/com.example.hellojni-2.apk
I/ActivityManager( 1673): Force stopping package com.example.hellojni uid=10167
V/NotificationService( 1673): Charging...
I/ActivityManager( 1673): Start proc com.gravitymobile.app.hornbill for broadcast com.gravitymobile.app.hornbill/com.gravitymobile.utils.hornbill.HornbillPackageInfoReceiver: pid=17320 uid=10047 gids={3003, 1015}
I/ActivityManager( 1673): Start proc com.google.android.partnersetup for broadcast com.google.android.partnersetup/.AppInstalledReceiver: pid=17332 uid=10081 gids={}
V/LocationManagerService( 1673): requestLocationUpdatesLocked: updateProvidersLocked
D/LocationManagerService( 1673): [updateProvidersLocked]
V/LocationManagerService( 1673): requestLocationUpdatesLocked: updateProvidersLocked
D/LocationManagerService( 1673): [updateProvidersLocked]
I/PackageManager( 1673):  setEnabledSetting(), pkgName=com.google.android.apps.maps, clsName=com.google.android.maps.driveabout.app.DestinationActivity, state=1, flag=1, pid=16937, uid=10013
I/PackageManager( 1673): Adding preferred activity ComponentInfo{com.htc.streamplayer/com.htc.streamplayer.VideoPlayerActivity}:
I/PackageManager( 1673): Adding preferred activity ComponentInfo{com.htc.streamplayer/com.htc.streamplayer.VideoPlayerActivity}:
I/PackageManager( 1673): Adding preferred activity ComponentInfo{com.htc.streamplayer/com.htc.streamplayer.VideoPlayerActivity}:
I/PackageManager( 1673): Adding preferred activity ComponentInfo{com.htc.streamplayer/com.htc.streamplayer.VideoPlayerActivity}:
I/PackageManager( 1673): Adding preferred activity ComponentInfo{com.htc.streamplayer/com.htc.streamplayer.VideoPlayerActivity}:
I/PackageManager( 1673): Adding preferred activity ComponentInfo{com.htc.streamplayer/com.htc.streamplayer.VideoPlayerActivity}:
I/PackageManager( 1673): Adding preferred activity ComponentInfo{com.htc.streamplayer/com.htc.streamplayer.VideoPlayerActivity}:
I/PackageManager( 1673): Adding preferred activity ComponentInfo{com.htc.streamplayer/com.htc.streamplayer.VideoPlayerActivity}:
I/PackageManager( 1673): Adding preferred activity ComponentInfo{com.htc.streamplayer/com.htc.streamplayer.VideoPlayerActivity}:
I/PackageManager( 1673): Adding preferred activity ComponentInfo{com.htc.streamplayer/com.htc.streamplayer.VideoPlayerActivity}:
I/PackageManager( 1673): Adding preferred activity ComponentInfo{com.htc.streamplayer/com.htc.streamplayer.VideoPlayerActivity}:
I/PackageManager( 1673): Adding preferred activity ComponentInfo{com.htc.streamplayer/com.htc.streamplayer.VideoPlayerActivity}:
I/PackageManager( 1673): Adding preferred activity ComponentInfo{com.htc.streamplayer/com.htc.streamplayer.VideoPlayerActivity}:
I/PackageManager( 1673): Adding preferred activity ComponentInfo{com.htc.streamplayer/com.htc.streamplayer.VideoPlayerActivity}:
I/PackageManager( 1673): Adding preferred activity ComponentInfo{com.htc.streamplayer/com.htc.streamplayer.VideoPlayerActivity}:
I/PackageManager( 1673): Adding preferred activity ComponentInfo{com.htc.streamplayer/com.htc.streamplayer.VideoPlayerActivity}:
I/PackageManager( 1673): Adding preferred activity ComponentInfo{com.htc.streamplayer/com.htc.streamplayer.VideoPlayerActivity}:
I/PackageManager( 1673): Adding preferred activity ComponentInfo{com.htc.streamplayer/com.htc.streamplayer.VideoPlayerActivity}:
D/StatusBarPolicy( 1816): hasService()=true ,mDataState=2 ,mPhone.htcModemLinkOn()=false ,mDataActivity=3
D/StatusBarPolicy( 1816): slotType[0]=RUIM
I/PackageManager( 1673): Adding preferred activity ComponentInfo{com.google.android.apps.maps/com.google.android.maps.MapsActivity}:
I/PackageManager( 1673): Adding preferred activity ComponentInfo{com.google.android.apps.maps/com.google.android.maps.MapsActivity}:
I/PackageManager( 1673): Adding preferred activity ComponentInfo{com.google.android.apps.maps/com.google.android.maps.MapsActivity}:
I/PackageManager( 1673): Adding preferred activity ComponentInfo{com.google.android.apps.maps/com.google.android.maps.MapsActivity}:
I/PackageManager( 1673): Adding preferred activity ComponentInfo{com.google.android.apps.maps/com.google.android.maps.MapsActivity}:
I/PackageManager( 1673): Adding preferred activity ComponentInfo{com.google.android.apps.maps/com.google.android.maps.MapsActivity}:
I/PackageManager( 1673): Adding preferred activity ComponentInfo{com.google.android.apps.maps/com.google.android.maps.MapsActivity}:
I/PackageManager( 1673): Adding preferred activity ComponentInfo{com.google.android.apps.maps/com.google.android.maps.MapsActivity}:
I/PackageManager( 1673): Adding preferred activity ComponentInfo{com.android.htcdialer/com.android.htcdialer.Dialer}:
I/PackageManager( 1673): Adding preferred activity ComponentInfo{com.android.htcdialer/com.android.htcdialer.Dialer}:
I/PackageManager( 1673): Adding preferred activity ComponentInfo{com.android.htcdialer/com.android.htcdialer.Dialer}:
I/PackageManager( 1673): Adding preferred activity ComponentInfo{com.android.htcdialer/com.android.htcdialer.Dialer}:
I/PackageManager( 1673): Adding preferred activity ComponentInfo{com.android.htcdialer/com.android.htcdialer.Dialer}:
I/PackageManager( 1673): Adding preferred activity ComponentInfo{com.android.htcdialer/com.android.htcdialer.Dialer}:
D/StatusBarPolicy( 1816): iconIndex=1
V/StatusBarPolicy( 1816): cdmaLevel:4;max:4
D/StatusBarPolicy( 1816): iconLevel:4
D/StatusBarPolicy( 1816): hasService()=true ,mDataState=2 ,mPhone.htcModemLinkOn()=false ,mDataActivity=0
D/StatusBarPolicy( 1816): slotType[0]=RUIM
I/PackageManager( 1673): Adding preferred activity ComponentInfo{com.htc.android.mail/com.htc.android.mail.ComposeActivity}:
I/PackageManager( 1673): Adding preferred activity ComponentInfo{com.htc.android.mail/com.htc.android.mail.ComposeActivity}:
I/PackageManager( 1673): Adding preferred activity ComponentInfo{com.android.browser/com.android.browser.BrowserActivity}:
I/PackageManager( 1673): Adding preferred activity ComponentInfo{com.htc.streamplayer/com.htc.streamplayer.VideoPlayerActivity}:
I/PackageManager( 1673): Adding preferred activity ComponentInfo{com.htc.streamplayer/com.htc.streamplayer.VideoPlayerActivity}:
I/PackageManager( 1673): Adding preferred activity ComponentInfo{com.htc.streamplayer/com.htc.streamplayer.VideoPlayerActivity}:
I/PackageManager( 1673): Adding preferred activity ComponentInfo{com.htc.streamplayer/com.htc.streamplayer.VideoPlayerActivity}:
I/PackageManager( 1673): Adding preferred activity ComponentInfo{com.htc.streamplayer/com.htc.streamplayer.VideoPlayerActivity}:
I/PackageManager( 1673): Adding preferred activity ComponentInfo{com.htc.streamplayer/com.htc.streamplayer.VideoPlayerActivity}:
I/PackageManager( 1673): Adding preferred activity ComponentInfo{com.htc.streamplayer/com.htc.streamplayer.VideoPlayerActivity}:
I/PackageManager( 1673): Adding preferred activity ComponentInfo{com.htc.streamplayer/com.htc.streamplayer.VideoPlayerActivity}:
I/PackageManager( 1673): Adding preferred activity ComponentInfo{com.htc.streamplayer/com.htc.streamplayer.VideoPlayerActivity}:
I/PackageManager( 1673): Adding preferred activity ComponentInfo{com.htc.streamplayer/com.htc.streamplayer.VideoPlayerActivity}:
I/PackageManager( 1673): Adding preferred activity ComponentInfo{com.htc.streamplayer/com.htc.streamplayer.VideoPlayerActivity}:
I/PackageManager( 1673): Adding preferred activity ComponentInfo{com.htc.streamplayer/com.htc.streamplayer.VideoPlayerActivity}:
I/PackageManager( 1673): Adding preferred activity ComponentInfo{com.htc.streamplayer/com.htc.streamplayer.VideoPlayerActivity}:
I/PackageManager( 1673): Adding preferred activity ComponentInfo{com.htc.streamplayer/com.htc.streamplayer.VideoPlayerActivity}:
I/PackageManager( 1673): Adding preferred activity ComponentInfo{com.htc.streamplayer/com.htc.streamplayer.VideoPlayerActivity}:
I/PackageManager( 1673): Adding preferred activity ComponentInfo{com.htc.streamplayer/com.htc.streamplayer.VideoPlayerActivity}:
I/PackageManager( 1673): Adding preferred activity ComponentInfo{com.htc.streamplayer/com.htc.streamplayer.VideoPlayerActivity}:
I/PackageManager( 1673): Adding preferred activity ComponentInfo{com.htc.streamplayer/com.htc.streamplayer.VideoPlayerActivity}:
I/PackageManager( 1673): Adding preferred activity ComponentInfo{com.google.android.apps.maps/com.google.android.maps.MapsActivity}:
I/PackageManager( 1673): Adding preferred activity ComponentInfo{com.google.android.apps.maps/com.google.android.maps.MapsActivity}:
I/ActivityManager( 1673): No longer want com.gravitymobile.app.hornbill (pid 17320): hidden #16
I/PackageManager( 1673): Adding preferred activity ComponentInfo{com.google.android.apps.maps/com.google.android.maps.MapsActivity}:
I/PackageManager( 1673): Adding preferred activity ComponentInfo{com.google.android.apps.maps/com.google.android.maps.MapsActivity}:
D/StatusBarPolicy( 1816): hasService()=true ,mDataState=2 ,mPhone.htcModemLinkOn()=false ,mDataActivity=3
D/StatusBarPolicy( 1816): slotType[0]=RUIM
I/PackageManager( 1673): Adding preferred activity ComponentInfo{com.google.android.apps.maps/com.google.android.maps.MapsActivity}:
I/PackageManager( 1673): Adding preferred activity ComponentInfo{com.google.android.apps.maps/com.google.android.maps.MapsActivity}:
I/PackageManager( 1673): Adding preferred activity ComponentInfo{com.google.android.apps.maps/com.google.android.maps.MapsActivity}:
I/PackageManager( 1673): Adding preferred activity ComponentInfo{com.google.android.apps.maps/com.google.android.maps.MapsActivity}:
I/ActivityManager( 1673): No longer want com.android.defcontainer (pid 17308): hidden #16
I/PackageManager( 1673): Adding preferred activity ComponentInfo{com.android.htcdialer/com.android.htcdialer.Dialer}:
I/PackageManager( 1673): Adding preferred activity ComponentInfo{com.android.htcdialer/com.android.htcdialer.Dialer}:
I/PackageManager( 1673): Adding preferred activity ComponentInfo{com.android.htcdialer/com.android.htcdialer.Dialer}:
I/PackageManager( 1673): Adding preferred activity ComponentInfo{com.android.htcdialer/com.android.htcdialer.Dialer}:
I/PackageManager( 1673): Adding preferred activity ComponentInfo{com.android.htcdialer/com.android.htcdialer.Dialer}:
I/PackageManager( 1673): Adding preferred activity ComponentInfo{com.android.htcdialer/com.android.htcdialer.Dialer}:
I/PackageManager( 1673): Adding preferred activity ComponentInfo{com.htc.android.mail/com.htc.android.mail.ComposeActivity}:
I/PackageManager( 1673): Adding preferred activity ComponentInfo{com.htc.android.mail/com.htc.android.mail.ComposeActivity}:
I/ActivityManager( 1673): No longer want edu.mit.mitmobile2 (pid 17018): hidden #16
I/PackageManager( 1673): Adding preferred activity ComponentInfo{com.android.browser/com.android.browser.BrowserActivity}:
D/StatusBarPolicy( 1816): hasService()=true ,mDataState=2 ,mPhone.htcModemLinkOn()=false ,mDataActivity=0
D/StatusBarPolicy( 1816): slotType[0]=RUIM
D/StatusBarPolicy( 1816): hasService()=true ,mDataState=2 ,mPhone.htcModemLinkOn()=false ,mDataActivity=0
D/StatusBarPolicy( 1816): slotType[0]=RUIM
D/StatusBarPolicy( 1816): iconIndex=1
V/StatusBarPolicy( 1816): cdmaLevel:3;max:4
D/StatusBarPolicy( 1816): iconLevel:3
I/ActivityManager( 1673): Starting activity: Intent { act=android.intent.action.MAIN cat=[android.intent.category.LAUNCHER] flg=0x10100000 cmp=com.example.hellojni/.HelloJni } from pid 1816
I/ActivityManager( 1673): Start proc com.example.hellojni for activity com.example.hellojni/.HelloJni: pid=17342 uid=10167 gids={1015, 3003}
V/NotificationService( 1673): Charging...
W/InputManagerService( 1673): [unbindCurrentClientLocked] Disable input method client.
W/InputManagerService( 1673): [startInputLocked] Enable input method client.
V/DeviceStorageMonitorService( 1673): freeMemory=2097827840
D/DeviceStorageMonitorService( 1673): OoO SMS Memory available. SMS_AVAILABLE_THRESHOLD == 524288
I/DeviceStorageMonitorService( 1673): Posting Message again
D/StatusBarPolicy( 1816): iconIndex=1
V/StatusBarPolicy( 1816): cdmaLevel:4;max:4
D/StatusBarPolicy( 1816): iconLevel:4
D/StatusBarPolicy( 1816): hasService()=true ,mDataState=2 ,mPhone.htcModemLinkOn()=false ,mDataActivity=0
D/StatusBarPolicy( 1816): slotType[0]=RUIM
D/StatusBarPolicy( 1816): hasService()=true ,mDataState=2 ,mPhone.htcModemLinkOn()=false ,mDataActivity=3
D/StatusBarPolicy( 1816): slotType[0]=RUIM
D/StatusBarPolicy( 1816): hasService()=true ,mDataState=2 ,mPhone.htcModemLinkOn()=false ,mDataActivity=1
D/StatusBarPolicy( 1816): slotType[0]=RUIM
D/StatusBarPolicy( 1816): iconIndex=1
V/StatusBarPolicy( 1816): cdmaLevel:3;max:4
D/StatusBarPolicy( 1816): iconLevel:3
D/StatusBarPolicy( 1816): iconIndex=1
V/StatusBarPolicy( 1816): cdmaLevel:4;max:4
D/StatusBarPolicy( 1816): iconLevel:4
D/StatusBarPolicy( 1816): iconIndex=1
V/StatusBarPolicy( 1816): cdmaLevel:3;max:4
D/StatusBarPolicy( 1816): iconLevel:3
D/StatusBarPolicy( 1816): hasService()=true ,mDataState=2 ,mPhone.htcModemLinkOn()=false ,mDataActivity=3
D/StatusBarPolicy( 1816): slotType[0]=RUIM
D/StatusBarPolicy( 1816): hasService()=true ,mDataState=2 ,mPhone.htcModemLinkOn()=false ,mDataActivity=1
D/StatusBarPolicy( 1816): slotType[0]=RUIM
D/StatusBarPolicy( 1816): iconIndex=1
V/StatusBarPolicy( 1816): cdmaLevel:4;max:4
D/StatusBarPolicy( 1816): iconLevel:4
D/StatusBarPolicy( 1816): hasService()=true ,mDataState=2 ,mPhone.htcModemLinkOn()=false ,mDataActivity=3
D/StatusBarPolicy( 1816): slotType[0]=RUIM
D/StatusBarPolicy( 1816): hasService()=true ,mDataState=2 ,mPhone.htcModemLinkOn()=false ,mDataActivity=1
D/StatusBarPolicy( 1816): slotType[0]=RUIM
D/StatusBarPolicy( 1816): iconIndex=1
V/StatusBarPolicy( 1816): cdmaLevel:3;max:4
D/StatusBarPolicy( 1816): iconLevel:3
D/StatusBarPolicy( 1816): iconIndex=1
V/StatusBarPolicy( 1816): cdmaLevel:4;max:4
D/StatusBarPolicy( 1816): iconLevel:4
D/StatusBarPolicy( 1816): iconIndex=1
V/StatusBarPolicy( 1816): cdmaLevel:3;max:4
D/StatusBarPolicy( 1816): iconLevel:3
V/DeviceStorageMonitorService( 1673): freeMemory=2097827840
D/DeviceStorageMonitorService( 1673): OoO SMS Memory available. SMS_AVAILABLE_THRESHOLD == 524288
I/DeviceStorageMonitorService( 1673): Posting Message again
D/StatusBarPolicy( 1816): iconIndex=1
V/StatusBarPolicy( 1816): cdmaLevel:3;max:4
D/StatusBarPolicy( 1816): iconLevel:3
D/StatusBarPolicy( 1816): iconIndex=1
V/StatusBarPolicy( 1816): cdmaLevel:4;max:4
D/StatusBarPolicy( 1816): iconLevel:4
D/StatusBarPolicy( 1816): iconIndex=1
V/StatusBarPolicy( 1816): cdmaLevel:4;max:4
D/StatusBarPolicy( 1816): iconLevel:4
D/StatusBarPolicy( 1816): hasService()=true ,mDataState=2 ,mPhone.htcModemLinkOn()=false ,mDataActivity=0
D/StatusBarPolicy( 1816): slotType[0]=RUIM
D/StatusBarPolicy( 1816): iconIndex=1
V/StatusBarPolicy( 1816): cdmaLevel:2;max:4
D/StatusBarPolicy( 1816): iconLevel:2
V/DeviceStorageMonitorService( 1673): freeMemory=2097827840
D/DeviceStorageMonitorService( 1673): OoO SMS Memory available. SMS_AVAILABLE_THRESHOLD == 524288
I/DeviceStorageMonitorService( 1673): Posting Message again
D/StatusBarPolicy( 1816): iconIndex=1
V/StatusBarPolicy( 1816): cdmaLevel:2;max:4
D/StatusBarPolicy( 1816): iconLevel:2
D/StatusBarPolicy( 1816): hasService()=true ,mDataState=2 ,mPhone.htcModemLinkOn()=false ,mDataActivity=0
D/StatusBarPolicy( 1816): slotType[0]=RUIM
D/StatusBarPolicy( 1816): hasService()=true ,mDataState=2 ,mPhone.htcModemLinkOn()=false ,mDataActivity=0
D/StatusBarPolicy( 1816): slotType[0]=RUIM
I/ActivityManager( 1673): Process com.example.hellojni (pid 17342) has died.
I/WindowManager( 1673): WIN DEATH: Window{4055a168 com.example.hellojni/com.example.hellojni.HelloJni paused=false}
D/InputManagerService( 1673): Got RemoteException sending setActive(false) notification to pid 17342 uid 10167
W/InputManagerService( 1673): [startInputLocked] Enable input method client.
D/StatusBarPolicy( 1816): hasService()=true ,mDataState=2 ,mPhone.htcModemLinkOn()=false ,mDataActivity=3
D/StatusBarPolicy( 1816): slotType[0]=RUIM
W/NotificationService( 1673): Object died trying to hide notification android.app.ITransientNotification$Stub$Proxy@40dd0b88 in package com.example.hellojni
W/ActivityManager( 1673): setProcessForeground called on unknown pid: 17342
D/StatusBarPolicy( 1816): hasService()=true ,mDataState=2 ,mPhone.htcModemLinkOn()=false ,mDataActivity=0
D/StatusBarPolicy( 1816): slotType[0]=RUIM
D/StatusBarPolicy( 1816): iconIndex=1
V/StatusBarPolicy( 1816): cdmaLevel:3;max:4
D/StatusBarPolicy( 1816): iconLevel:3
I/ActivityManager( 1673): Start proc com.android.defcontainer for service com.android.defcontainer/.DefaultContainerService: pid=17361 uid=10084 gids={1015, 2001}
W/ActivityManager( 1673): No content provider found for: 
W/ActivityManager( 1673): No content provider found for: 
I/ActivityManager( 1673): Force stopping package com.example.hellojni uid=10167
I/PackageManager( 1673): Package com.example.hellojni codePath changed from /data/app/com.example.hellojni-2.apk to /data/app/com.example.hellojni-1.apk; Retaining data and using new
I/PackageManager( 1673): Unpacking native libraries for /data/app/com.example.hellojni-1.apk
I/ActivityManager( 1673): Force stopping package com.example.hellojni uid=10167
W/PackageManager( 1673): Code path for pkg : com.example.hellojni changing from /data/app/com.example.hellojni-2.apk to /data/app/com.example.hellojni-1.apk
W/PackageManager( 1673): Resource path for pkg : com.example.hellojni changing from /data/app/com.example.hellojni-2.apk to /data/app/com.example.hellojni-1.apk
I/ActivityManager( 1673): Force stopping package com.example.hellojni uid=10167
I/ActivityManager( 1673): Start proc com.gravitymobile.app.hornbill for broadcast com.gravitymobile.app.hornbill/com.gravitymobile.utils.hornbill.HornbillPackageInfoReceiver: pid=17372 uid=10047 gids={3003, 1015}
V/LocationManagerService( 1673): requestLocationUpdatesLocked: updateProvidersLocked
D/LocationManagerService( 1673): [updateProvidersLocked]
V/LocationManagerService( 1673): requestLocationUpdatesLocked: updateProvidersLocked
D/LocationManagerService( 1673): [updateProvidersLocked]
I/PackageManager( 1673):  setEnabledSetting(), pkgName=com.google.android.apps.maps, clsName=com.google.android.maps.driveabout.app.DestinationActivity, state=1, flag=1, pid=16937, uid=10013
D/StatusBarPolicy( 1816): iconIndex=1
V/StatusBarPolicy( 1816): cdmaLevel:2;max:4
D/StatusBarPolicy( 1816): iconLevel:2
I/PackageManager( 1673): Adding preferred activity ComponentInfo{com.htc.streamplayer/com.htc.streamplayer.VideoPlayerActivity}:
I/PackageManager( 1673): Adding preferred activity ComponentInfo{com.htc.streamplayer/com.htc.streamplayer.VideoPlayerActivity}:
I/PackageManager( 1673): Adding preferred activity ComponentInfo{com.htc.streamplayer/com.htc.streamplayer.VideoPlayerActivity}:
I/PackageManager( 1673): Adding preferred activity ComponentInfo{com.htc.streamplayer/com.htc.streamplayer.VideoPlayerActivity}:
I/PackageManager( 1673): Adding preferred activity ComponentInfo{com.htc.streamplayer/com.htc.streamplayer.VideoPlayerActivity}:
I/PackageManager( 1673): Adding preferred activity ComponentInfo{com.htc.streamplayer/com.htc.streamplayer.VideoPlayerActivity}:
D/StatusBarPolicy( 1816): hasService()=true ,mDataState=2 ,mPhone.htcModemLinkOn()=false ,mDataActivity=3
D/StatusBarPolicy( 1816): slotType[0]=RUIM
I/ActivityManager( 1673): No longer want com.gravitymobile.app.hornbill (pid 17372): hidden #16
I/PackageManager( 1673): Adding preferred activity ComponentInfo{com.htc.streamplayer/com.htc.streamplayer.VideoPlayerActivity}:
I/PackageManager( 1673): Adding preferred activity ComponentInfo{com.htc.streamplayer/com.htc.streamplayer.VideoPlayerActivity}:
I/PackageManager( 1673): Adding preferred activity ComponentInfo{com.htc.streamplayer/com.htc.streamplayer.VideoPlayerActivity}:
I/PackageManager( 1673): Adding preferred activity ComponentInfo{com.htc.streamplayer/com.htc.streamplayer.VideoPlayerActivity}:
I/ActivityManager( 1673): No longer want com.android.voicedialer (pid 16677): hidden #16
I/PackageManager( 1673): Adding preferred activity ComponentInfo{com.htc.streamplayer/com.htc.streamplayer.VideoPlayerActivity}:
I/PackageManager( 1673): Adding preferred activity ComponentInfo{com.htc.streamplayer/com.htc.streamplayer.VideoPlayerActivity}:
I/PackageManager( 1673): Adding preferred activity ComponentInfo{com.htc.streamplayer/com.htc.streamplayer.VideoPlayerActivity}:
I/PackageManager( 1673): Adding preferred activity ComponentInfo{com.htc.streamplayer/com.htc.streamplayer.VideoPlayerActivity}:
I/PackageManager( 1673): Adding preferred activity ComponentInfo{com.htc.streamplayer/com.htc.streamplayer.VideoPlayerActivity}:
I/PackageManager( 1673): Adding preferred activity ComponentInfo{com.htc.streamplayer/com.htc.streamplayer.VideoPlayerActivity}:
I/PackageManager( 1673): Adding preferred activity ComponentInfo{com.htc.streamplayer/com.htc.streamplayer.VideoPlayerActivity}:
I/PackageManager( 1673): Adding preferred activity ComponentInfo{com.htc.streamplayer/com.htc.streamplayer.VideoPlayerActivity}:
I/ActivityManager( 1673): No longer want com.htc.android.Stock (pid 17009): hidden #16
I/ActivityManager( 1673): No longer want com.android.defcontainer (pid 17361): hidden #16
I/PackageManager( 1673): Adding preferred activity ComponentInfo{com.google.android.apps.maps/com.google.android.maps.MapsActivity}:
I/PackageManager( 1673): Adding preferred activity ComponentInfo{com.google.android.apps.maps/com.google.android.maps.MapsActivity}:
I/PackageManager( 1673): Adding preferred activity ComponentInfo{com.google.android.apps.maps/com.google.android.maps.MapsActivity}:
I/PackageManager( 1673): Adding preferred activity ComponentInfo{com.google.android.apps.maps/com.google.android.maps.MapsActivity}:
I/PackageManager( 1673): Adding preferred activity ComponentInfo{com.google.android.apps.maps/com.google.android.maps.MapsActivity}:
I/PackageManager( 1673): Adding preferred activity ComponentInfo{com.google.android.apps.maps/com.google.android.maps.MapsActivity}:
I/ActivityManager( 1673): No longer want com.snipergames.swatsniper (pid 14350): hidden #16
I/PackageManager( 1673): Adding preferred activity ComponentInfo{com.google.android.apps.maps/com.google.android.maps.MapsActivity}:
I/PackageManager( 1673): Adding preferred activity ComponentInfo{com.google.android.apps.maps/com.google.android.maps.MapsActivity}:
I/PackageManager( 1673): Adding preferred activity ComponentInfo{com.android.htcdialer/com.android.htcdialer.Dialer}:
I/PackageManager( 1673): Adding preferred activity ComponentInfo{com.android.htcdialer/com.android.htcdialer.Dialer}:
I/PackageManager( 1673): Adding preferred activity ComponentInfo{com.android.htcdialer/com.android.htcdialer.Dialer}:
I/PackageManager( 1673): Adding preferred activity ComponentInfo{com.android.htcdialer/com.android.htcdialer.Dialer}:
I/PackageManager( 1673): Adding preferred activity ComponentInfo{com.android.htcdialer/com.android.htcdialer.Dialer}:
I/PackageManager( 1673): Adding preferred activity ComponentInfo{com.android.htcdialer/com.android.htcdialer.Dialer}:
I/PackageManager( 1673): Adding preferred activity ComponentInfo{com.htc.android.mail/com.htc.android.mail.ComposeActivity}:
I/PackageManager( 1673): Adding preferred activity ComponentInfo{com.htc.android.mail/com.htc.android.mail.ComposeActivity}:
I/PackageManager( 1673): Adding preferred activity ComponentInfo{com.android.browser/com.android.browser.BrowserActivity}:
I/PackageManager( 1673): Adding preferred activity ComponentInfo{com.htc.streamplayer/com.htc.streamplayer.VideoPlayerActivity}:
I/PackageManager( 1673): Adding preferred activity ComponentInfo{com.htc.streamplayer/com.htc.streamplayer.VideoPlayerActivity}:
I/PackageManager( 1673): Adding preferred activity ComponentInfo{com.htc.streamplayer/com.htc.streamplayer.VideoPlayerActivity}:
I/PackageManager( 1673): Adding preferred activity ComponentInfo{com.htc.streamplayer/com.htc.streamplayer.VideoPlayerActivity}:
I/PackageManager( 1673): Adding preferred activity ComponentInfo{com.htc.streamplayer/com.htc.streamplayer.VideoPlayerActivity}:
I/PackageManager( 1673): Adding preferred activity ComponentInfo{com.htc.streamplayer/com.htc.streamplayer.VideoPlayerActivity}:
I/PackageManager( 1673): Adding preferred activity ComponentInfo{com.htc.streamplayer/com.htc.streamplayer.VideoPlayerActivity}:
I/PackageManager( 1673): Adding preferred activity ComponentInfo{com.htc.streamplayer/com.htc.streamplayer.VideoPlayerActivity}:
I/PackageManager( 1673): Adding preferred activity ComponentInfo{com.htc.streamplayer/com.htc.streamplayer.VideoPlayerActivity}:
I/PackageManager( 1673): Adding preferred activity ComponentInfo{com.htc.streamplayer/com.htc.streamplayer.VideoPlayerActivity}:
I/PackageManager( 1673): Adding preferred activity ComponentInfo{com.htc.streamplayer/com.htc.streamplayer.VideoPlayerActivity}:
I/PackageManager( 1673): Adding preferred activity ComponentInfo{com.htc.streamplayer/com.htc.streamplayer.VideoPlayerActivity}:
I/PackageManager( 1673): Adding preferred activity ComponentInfo{com.htc.streamplayer/com.htc.streamplayer.VideoPlayerActivity}:
I/PackageManager( 1673): Adding preferred activity ComponentInfo{com.htc.streamplayer/com.htc.streamplayer.VideoPlayerActivity}:
