D/UDP-TIMING(17390): 6265 0 0.262065000
D/UDP-TIMING(17390): 6266 0 0.259442000
D/UDP-TIMING(17390): 6267 0 0.256895000
D/UDP-TIMING(17390): 6268 0 0.254224000
D/UDP-TIMING(17390): 6269 0 0.251551000
D/UDP-TIMING(17390): 6270 0 0.248870000
D/UDP-TIMING(17390): 6271 0 0.246194000
D/UDP-TIMING(17390): 6272 0 0.243525000
D/UDP-TIMING(17390): 6273 0 0.240878000
D/UDP-TIMING(17390): 6274 0 0.238273000
D/UDP-TIMING(17390): 6275 0 0.265261000
D/UDP-TIMING(17390): 6276 0 0.262631000
D/UDP-TIMING(17390): 6277 0 0.259976000
D/UDP-TIMING(17390): 6278 0 0.257338000
D/UDP-TIMING(17390): 6279 0 0.254741000
D/UDP-TIMING(17390): 6280 0 0.252129000
D/UDP-TIMING(17390): 6281 0 0.249521000
D/UDP-TIMING(17390): 6282 0 0.246916000
D/UDP-TIMING(17390): 6283 0 0.244248000
D/UDP-TIMING(17390): 6284 0 0.241561000
D/UDP-TIMING(17390): 6285 0 0.238809000
D/UDP-TIMING(17390): 6286 0 0.266125000
D/UDP-TIMING(17390): 6287 0 0.263479000
D/UDP-TIMING(17390): 6288 0 0.260798000
D/UDP-TIMING(17390): 6289 0 0.258210000
D/UDP-TIMING(17390): 6290 0 0.255532000
D/UDP-TIMING(17390): 6291 0 0.252867000
D/UDP-TIMING(17390): 6292 0 0.250198000
D/UDP-TIMING(17390): 6293 0 0.247551000
D/UDP-TIMING(17390): 6294 0 0.244870000
D/UDP-TIMING(17390): 6295 0 0.242189000
D/UDP-TIMING(17390): 6296 0 0.239505000
D/UDP-TIMING(17390): 6297 0 0.237804000
D/UDP-TIMING(17390): 6298 0 0.264401000
D/UDP-TIMING(17390): 6299 0 0.261752000
D/UDP-TIMING(17390): 6300 0 0.259062000
D/UDP-TIMING(17390): 6301 0 0.256442000
D/UDP-TIMING(17390): 6302 0 0.253777000
D/UDP-TIMING(17390): 6303 0 0.251093000
D/UDP-TIMING(17390): 6304 0 0.248428000
D/UDP-TIMING(17390): 6305 0 0.245789000
D/UDP-TIMING(17390): 6306 0 0.243110000
D/UDP-TIMING(17390): 6307 0 0.240440000
D/UDP-TIMING(17390): 6308 0 0.237764000
D/UDP-TIMING(17390): 6309 0 0.264752000
D/UDP-TIMING(17390): 6310 0 0.262118000
D/UDP-TIMING(17390): 6311 0 0.259453000
D/UDP-TIMING(17390): 6312 0 0.256781000
D/UDP-TIMING(17390): 6313 0 0.254152000
D/UDP-TIMING(17390): 6314 0 0.251464000
D/UDP-TIMING(17390): 6315 0 0.248846000
D/UDP-TIMING(17390): 6316 0 0.246275000
D/UDP-TIMING(17390): 6317 0 0.273843000
D/UDP-TIMING(17390): 6318 0 0.271216000
D/UDP-TIMING(17390): 6319 0 0.268643000
D/UDP-TIMING(17390): 6320 0 0.266084000
D/UDP-TIMING(17390): 6321 0 0.263495000
D/UDP-TIMING(17390): 6322 0 0.260906000
D/UDP-TIMING(17390): 6323 0 0.258296000
D/UDP-TIMING(17390): 6324 0 0.255686000
D/UDP-TIMING(17390): 6325 0 0.253068000
D/UDP-TIMING(17390): 6326 0 0.250481000
D/UDP-TIMING(17390): 6327 0 0.247802000
D/UDP-TIMING(17390): 6328 0 0.245182000
D/UDP-TIMING(17390): 6329 0 0.242562000
D/UDP-TIMING(17390): 6330 0 0.239942000
D/UDP-TIMING(17390): 6331 0 0.237348000
D/UDP-TIMING(17390): 6332 0 0.264394000
D/UDP-TIMING(17390): 6333 0 0.261782000
D/UDP-TIMING(17390): 6334 0 0.259170000
D/UDP-TIMING(17390): 6335 0 0.256556000
D/UDP-TIMING(17390): 6336 0 0.253966000
D/UDP-TIMING(17390): 6337 0 0.251351000
D/UDP-TIMING(17390): 6338 0 0.248732000
D/UDP-TIMING(17390): 6339 0 0.246112000
D/UDP-TIMING(17390): 6340 0 0.243497000
D/UDP-TIMING(17390): 6341 0 0.240908000
D/UDP-TIMING(17390): 6342 0 0.238280000
D/UDP-TIMING(17390): 6343 0 0.265879000
D/UDP-TIMING(17390): 6344 0 0.263288000
D/UDP-TIMING(17390): 6345 0 0.260675000
D/UDP-TIMING(17390): 6346 0 0.258063000
D/UDP-TIMING(17390): 6347 0 0.255451000
D/UDP-TIMING(17390): 6348 0 0.252835000
D/UDP-TIMING(17390): 6349 0 0.250224000
D/UDP-TIMING(17390): 6350 0 0.247612000
D/UDP-TIMING(17390): 6351 0 0.245000000
D/UDP-TIMING(17390): 6352 0 0.242381000
D/UDP-TIMING(17390): 6353 0 0.239757000
D/UDP-TIMING(17390): 6354 0 0.237134000
D/UDP-TIMING(17390): 6355 0 0.264195000
D/UDP-TIMING(17390): 6356 0 0.261573000
D/UDP-TIMING(17390): 6357 0 0.258914000
D/UDP-TIMING(17390): 6358 0 0.256245000
D/UDP-TIMING(17390): 6359 0 0.253633000
D/UDP-TIMING(17390): 6360 0 0.251058000
D/UDP-TIMING(17390): 6361 0 0.250182000
D/UDP-TIMING(17390): 6362 0 0.247539000
E/TrafficStats( 1673): [QCTMM]tryAll index=0
E/TrafficStats( 1673): [QCTMM]tryAll index=1
E/TrafficStats( 1673): [QCTMM]tryAll index=2
E/TrafficStats( 1673): [QCTMM]tryAll index=0
E/TrafficStats( 1673): [QCTMM]tryAll index=1
E/TrafficStats( 1673): [QCTMM]tryAll index=2
D/DATA    ( 1860): sentSinceLastRecv=0,watchdogTrigger=10,maxindex=0
D/UDP-TIMING(17390): 6363 0 0.241265000
D/UDP-TIMING(17390): 6364 0 0.238626000
D/UDP-TIMING(17390): 6365 0 0.260573000
D/UDP-TIMING(17390): 6366 0 0.257894000
D/UDP-TIMING(17390): 6367 0 0.255265000
D/UDP-TIMING(17390): 6368 0 0.252615000
D/UDP-TIMING(17390): 6369 0 0.249914000
D/UDP-TIMING(17390): 6370 0 0.247272000
D/UDP-TIMING(17390): 6371 0 0.244596000
D/UDP-TIMING(17390): 6372 0 0.241910000
D/UDP-TIMING(17390): 6373 0 0.239230000
D/UDP-TIMING(17390): 6374 0 0.266260000
D/UDP-TIMING(17390): 6375 0 0.263624000
D/UDP-TIMING(17390): 6376 0 0.260996000
D/UDP-TIMING(17390): 6377 0 0.258426000
D/UDP-TIMING(17390): 6378 0 0.255728000
D/UDP-TIMING(17390): 6379 0 0.253109000
D/UDP-TIMING(17390): 6380 0 0.250506000
D/UDP-TIMING(17390): 6381 0 0.247850000
D/UDP-TIMING(17390): 6382 0 0.245167000
D/UDP-TIMING(17390): 6383 0 0.242509000
D/UDP-TIMING(17390): 6384 0 0.239863000
D/UDP-TIMING(17390): 6385 0 0.237241000
D/UDP-TIMING(17390): 6386 0 0.264868000
D/UDP-TIMING(17390): 6387 0 0.262253000
D/UDP-TIMING(17390): 6388 0 0.259579000
D/UDP-TIMING(17390): 6389 0 0.256912000
D/UDP-TIMING(17390): 6390 0 0.254229000
D/UDP-TIMING(17390): 6391 0 0.251572000
D/UDP-TIMING(17390): 6392 0 0.248892000
D/UDP-TIMING(17390): 6393 0 0.246217000
D/UDP-TIMING(17390): 6394 0 0.243541000
D/UDP-TIMING(17390): 6395 0 0.270711000
D/UDP-TIMING(17390): 6396 0 0.268035000
D/UDP-TIMING(17390): 6397 0 0.265349000
D/UDP-TIMING(17390): 6398 0 0.262666000
D/UDP-TIMING(17390): 6399 0 0.259978000
D/UDP-TIMING(17390): 6400 0 0.257381000
D/UDP-TIMING(17390): 6401 0 0.254757000
D/UDP-TIMING(17390): 6402 0 0.252126000
D/UDP-TIMING(17390): 6403 0 0.249455000
D/UDP-TIMING(17390): 6404 0 0.246788000
D/UDP-TIMING(17390): 6405 0 0.244104000
D/UDP-TIMING(17390): 6406 0 0.241456000
D/UDP-TIMING(17390): 6407 0 0.238766000
D/UDP-TIMING(17390): 6408 0 0.266175000
D/UDP-TIMING(17390): 6409 0 0.263550000
D/UDP-TIMING(17390): 6410 0 0.260879000
D/UDP-TIMING(17390): 6411 0 0.258198000
D/UDP-TIMING(17390): 6412 0 0.255523000
D/UDP-TIMING(17390): 6413 0 0.252808000
D/UDP-TIMING(17390): 6414 0 0.250160000
D/UDP-TIMING(17390): 6415 0 0.247479000
D/UDP-TIMING(17390): 6416 0 0.244810000
D/UDP-TIMING(17390): 6417 0 0.242140000
D/UDP-TIMING(17390): 6418 0 0.239475000
D/UDP-TIMING(17390): 6419 0 0.266484000
D/UDP-TIMING(17390): 6420 0 0.263899000
D/UDP-TIMING(17390): 6421 0 0.261317000
D/UDP-TIMING(17390): 6422 0 0.258717000
D/UDP-TIMING(17390): 6423 0 0.256061000
D/UDP-TIMING(17390): 6424 0 0.253451000
D/UDP-TIMING(17390): 6425 0 0.250854000
D/UDP-TIMING(17390): 6426 0 0.248221000
D/UDP-TIMING(17390): 6427 0 0.245576000
D/UDP-TIMING(17390): 6428 0 0.242941000
D/UDP-TIMING(17390): 6429 0 0.240304000
D/UDP-TIMING(17390): 6430 0 0.237686000
D/UDP-TIMING(17390): 6431 0 0.265399000
D/UDP-TIMING(17390): 6432 0 0.262778000
D/UDP-TIMING(17390): 6433 0 0.260188000
D/UDP-TIMING(17390): 6434 0 0.257561000
D/UDP-TIMING(17390): 6435 0 0.254937000
D/UDP-TIMING(17390): 6436 0 0.252310000
D/UDP-TIMING(17390): 6437 0 0.249688000
D/UDP-TIMING(17390): 6438 0 0.247100000
D/UDP-TIMING(17390): 6439 0 0.244476000
D/UDP-TIMING(17390): 6440 0 0.241852000
D/UDP-TIMING(17390): 6441 0 0.239225000
D/UDP-TIMING(17390): 6442 0 0.236601000
D/UDP-TIMING(17390): 6443 0 0.263551000
D/UDP-TIMING(17390): 6444 0 0.260885000
D/UDP-TIMING(17390): 6445 0 0.258293000
D/UDP-TIMING(17390): 6446 0 0.255618000
D/UDP-TIMING(17390): 6447 0 0.252940000
D/UDP-TIMING(17390): 6448 0 0.250256000
D/UDP-TIMING(17390): 6449 0 0.247585000
D/UDP-TIMING(17390): 6450 0 0.244952000
D/UDP-TIMING(17390): 6451 0 0.242281000
D/UDP-TIMING(17390): 6452 0 0.239656000
D/UDP-TIMING(17390): 6453 0 0.267051000
D/UDP-TIMING(17390): 6454 0 0.264461000
D/UDP-TIMING(17390): 6455 0 0.261875000
D/UDP-TIMING(17390): 6456 0 0.259300000
D/UDP-TIMING(17390): 6457 0 0.256689000
D/UDP-TIMING(17390): 6458 0 0.254063000
D/UDP-TIMING(17390): 6459 0 0.251443000
D/UDP-TIMING(17390): 6460 0 0.248824000
D/UDP-TIMING(17390): 6461 0 0.246225000
D/UDP-TIMING(17390): 6462 0 0.243605000
D/UDP-TIMING(17390): 6463 0 0.240985000
E/TrafficStats( 1673): [QCTMM]tryAll index=0
E/TrafficStats( 1673): [QCTMM]tryAll index=1
E/TrafficStats( 1673): [QCTMM]tryAll index=2
E/TrafficStats( 1673): [QCTMM]tryAll index=0
E/TrafficStats( 1673): [QCTMM]tryAll index=1
E/TrafficStats( 1673): [QCTMM]tryAll index=2
D/DATA    ( 1860): sentSinceLastRecv=0,watchdogTrigger=10,maxindex=0
D/UDP-TIMING(17390): 6464 0 0.243523000
D/UDP-TIMING(17390): 6465 0 0.240895000
D/UDP-TIMING(17390): 6466 0 0.243951000
D/UDP-TIMING(17390): 6467 0 0.243068000
D/UDP-TIMING(17390): 6468 0 0.240422000
D/UDP-TIMING(17390): 6469 0 0.240709000
D/UDP-TIMING(17390): 6470 0 0.239851000
D/UDP-TIMING(17390): 6471 0 0.239314000
D/UDP-TIMING(17390): 6472 0 0.237639000
D/UDP-TIMING(17390): 6473 0 0.267110000
D/UDP-TIMING(17390): 6474 0 0.264464000
D/UDP-TIMING(17390): 6475 0 0.261799000
D/UDP-TIMING(17390): 6476 0 0.259189000
D/UDP-TIMING(17390): 6477 0 0.256530000
D/UDP-TIMING(17390): 6478 0 0.253913000
D/UDP-TIMING(17390): 6479 0 0.251360000
D/UDP-TIMING(17390): 6480 0 0.248766000
D/UDP-TIMING(17390): 6481 0 0.246158000
D/UDP-TIMING(17390): 6482 0 0.243481000
D/UDP-TIMING(17390): 6483 0 0.240794000
D/UDP-TIMING(17390): 6484 0 0.238167000
D/UDP-TIMING(17390): 6485 0 0.235535000
D/UDP-TIMING(17390): 6486 0 0.262836000
D/UDP-TIMING(17390): 6487 0 0.260218000
D/UDP-TIMING(17390): 6488 0 0.257608000
D/UDP-TIMING(17390): 6489 0 0.254948000
D/UDP-TIMING(17390): 6490 0 0.252282000
D/UDP-TIMING(17390): 6491 0 0.249609000
D/UDP-TIMING(17390): 6492 0 0.246943000
D/UDP-TIMING(17390): 6493 0 0.244259000
D/UDP-TIMING(17390): 6494 0 0.241613000
D/UDP-TIMING(17390): 6495 0 0.238943000
D/UDP-TIMING(17390): 6496 0 0.265849000
D/UDP-TIMING(17390): 6497 0 0.263177000
D/UDP-TIMING(17390): 6498 0 0.260511000
D/UDP-TIMING(17390): 6499 0 0.257874000
D/UDP-TIMING(17390): 6500 0 0.255198000
D/UDP-TIMING(17390): 6501 0 0.252563000
D/UDP-TIMING(17390): 6502 0 0.249899000
D/UDP-TIMING(17390): 6503 0 0.247274000
D/UDP-TIMING(17390): 6504 0 0.244655000
D/UDP-TIMING(17390): 6505 0 0.242042000
D/UDP-TIMING(17390): 6506 0 0.239429000
D/UDP-TIMING(17390): 6507 0 0.267005000
D/UDP-TIMING(17390): 6508 0 0.264409000
D/UDP-TIMING(17390): 6509 0 0.261781000
D/UDP-TIMING(17390): 6510 0 0.259191000
D/UDP-TIMING(17390): 6511 0 0.256513000
D/UDP-TIMING(17390): 6512 0 0.253894000
D/UDP-TIMING(17390): 6513 0 0.251314000
D/UDP-TIMING(17390): 6514 0 0.248707000
D/UDP-TIMING(17390): 6515 0 0.275797000
D/UDP-TIMING(17390): 6516 0 0.273178000
D/UDP-TIMING(17390): 6517 0 0.270584000
D/UDP-TIMING(17390): 6518 0 0.267989000
D/UDP-TIMING(17390): 6519 0 0.265425000
D/UDP-TIMING(17390): 6520 0 0.262755000
D/UDP-TIMING(17390): 6521 0 0.260147000
D/UDP-TIMING(17390): 6522 0 0.257397000
D/UDP-TIMING(17390): 6523 0 0.254720000
D/UDP-TIMING(17390): 6524 0 0.252035000
D/UDP-TIMING(17390): 6525 0 0.249386000
D/UDP-TIMING(17390): 6526 0 0.246699000
D/UDP-TIMING(17390): 6527 0 0.244019000
D/UDP-TIMING(17390): 6528 0 0.241336000
D/UDP-TIMING(17390): 6529 0 0.238741000
D/UDP-TIMING(17390): 6530 0 0.266361000
D/UDP-TIMING(17390): 6531 0 0.263680000
D/UDP-TIMING(17390): 6532 0 0.261004000
D/UDP-TIMING(17390): 6533 0 0.258331000
D/UDP-TIMING(17390): 6534 0 0.255645000
D/UDP-TIMING(17390): 6535 0 0.252997000
D/UDP-TIMING(17390): 6536 0 0.250318000
D/UDP-TIMING(17390): 6537 0 0.247635000
D/UDP-TIMING(17390): 6538 0 0.244952000
D/UDP-TIMING(17390): 6539 0 0.242269000
D/UDP-TIMING(17390): 6540 0 0.239593000
D/UDP-TIMING(17390): 6541 0 0.236946000
D/UDP-TIMING(17390): 6542 0 0.263808000
D/UDP-TIMING(17390): 6543 0 0.261159000
D/UDP-TIMING(17390): 6544 0 0.258488000
D/UDP-TIMING(17390): 6545 0 0.255868000
D/UDP-TIMING(17390): 6546 0 0.253203000
D/UDP-TIMING(17390): 6547 0 0.250539000
D/UDP-TIMING(17390): 6548 0 0.247894000
D/UDP-TIMING(17390): 6549 0 0.245206000
D/UDP-TIMING(17390): 6550 0 0.242306000
D/UDP-TIMING(17390): 6551 0 0.239679000
D/UDP-TIMING(17390): 6552 0 0.237085000
D/UDP-TIMING(17390): 6553 0 0.264740000
D/UDP-TIMING(17390): 6554 0 0.262088000
D/UDP-TIMING(17390): 6555 0 0.259402000
D/UDP-TIMING(17390): 6556 0 0.256795000
D/UDP-TIMING(17390): 6557 0 0.254155000
D/UDP-TIMING(17390): 6558 0 0.251476000
D/UDP-TIMING(17390): 6559 0 0.248800000
D/UDP-TIMING(17390): 6560 0 0.246125000
D/UDP-TIMING(17390): 6561 0 0.243448000
D/UDP-TIMING(17390): 6562 0 0.240765000
D/UDP-TIMING(17390): 6563 0 0.238117000
D/UDP-TIMING(17390): 6564 0 0.264980000
E/TrafficStats( 1673): [QCTMM]tryAll index=0
E/TrafficStats( 1673): [QCTMM]tryAll index=1
E/TrafficStats( 1673): [QCTMM]tryAll index=2
E/TrafficStats( 1673): [QCTMM]tryAll index=0
E/TrafficStats( 1673): [QCTMM]tryAll index=1
E/TrafficStats( 1673): [QCTMM]tryAll index=2
D/DATA    ( 1860): sentSinceLastRecv=0,watchdogTrigger=10,maxindex=0
D/UDP-TIMING(17390): 6565 0 0.241756000
D/UDP-TIMING(17390): 6566 0 0.239078000
D/UDP-TIMING(17390): 6567 0 0.259857000
D/UDP-TIMING(17390): 6568 0 0.257167000
D/UDP-TIMING(17390): 6569 0 0.254543000
D/UDP-TIMING(17390): 6570 0 0.251880000
D/UDP-TIMING(17390): 6571 0 0.249207000
D/UDP-TIMING(17390): 6572 0 0.246602000
D/UDP-TIMING(17390): 6573 0 0.243984000
D/UDP-TIMING(17390): 6574 0 0.241378000
D/UDP-TIMING(17390): 6575 0 0.268638000
D/UDP-TIMING(17390): 6576 0 0.265976000
D/UDP-TIMING(17390): 6577 0 0.263313000
D/UDP-TIMING(17390): 6578 0 0.260681000
D/UDP-TIMING(17390): 6579 0 0.258072000
D/UDP-TIMING(17390): 6580 0 0.255461000
D/UDP-TIMING(17390): 6581 0 0.252793000
D/UDP-TIMING(17390): 6582 0 0.250137000
D/UDP-TIMING(17390): 6583 0 0.247475000
D/UDP-TIMING(17390): 6584 0 0.244819000
D/UDP-TIMING(17390): 6585 0 0.242154000
D/UDP-TIMING(17390): 6586 0 0.239475000
D/UDP-TIMING(17390): 6587 0 0.237837000
D/UDP-TIMING(17390): 6588 0 0.264195000
D/UDP-TIMING(17390): 6589 0 0.261529000
D/UDP-TIMING(17390): 6590 0 0.258865000
D/UDP-TIMING(17390): 6591 0 0.256215000
D/UDP-TIMING(17390): 6592 0 0.253544000
D/UDP-TIMING(17390): 6593 0 0.250875000
D/UDP-TIMING(17390): 6594 0 0.248191000
D/UDP-TIMING(17390): 6595 0 0.245528000
D/UDP-TIMING(17390): 6596 0 0.242877000
D/UDP-TIMING(17390): 6597 0 0.240200000
D/UDP-TIMING(17390): 6598 0 0.237583000
D/UDP-TIMING(17390): 6599 0 0.264582000
D/UDP-TIMING(17390): 6600 0 0.261939000
D/UDP-TIMING(17390): 6601 0 0.259265000
D/UDP-TIMING(17390): 6602 0 0.256589000
D/UDP-TIMING(17390): 6603 0 0.253909000
D/UDP-TIMING(17390): 6604 0 0.251232000
D/UDP-TIMING(17390): 6605 0 0.248556000
D/UDP-TIMING(17390): 6606 0 0.245914000
D/UDP-TIMING(17390): 6607 0 0.243238000
D/UDP-TIMING(17390): 6608 0 0.240610000
D/UDP-TIMING(17390): 6609 0 0.237939000
D/UDP-TIMING(17390): 6610 0 0.265477000
D/UDP-TIMING(17390): 6611 0 0.262847000
D/UDP-TIMING(17390): 6612 0 0.260178000
D/UDP-TIMING(17390): 6613 0 0.255589000
D/UDP-TIMING(17390): 6614 0 0.253001000
D/UDP-TIMING(17390): 6615 0 0.250346000
D/UDP-TIMING(17390): 6616 0 0.247742000
D/UDP-TIMING(17390): 6617 0 0.245132000
D/UDP-TIMING(17390): 6618 0 0.242469000
D/UDP-TIMING(17390): 6619 0 0.239885000
D/UDP-TIMING(17390): 6620 0 0.237254000
D/UDP-TIMING(17390): 6621 0 0.264293000
D/UDP-TIMING(17390): 6622 0 0.261670000
D/UDP-TIMING(17390): 6623 0 0.259062000
D/UDP-TIMING(17390): 6624 0 0.256437000
D/UDP-TIMING(17390): 6625 0 0.253837000
D/UDP-TIMING(17390): 6626 0 0.251211000
D/UDP-TIMING(17390): 6627 0 0.248587000
D/UDP-TIMING(17390): 6628 0 0.245960000
D/UDP-TIMING(17390): 6629 0 0.243325000
D/UDP-TIMING(17390): 6630 0 0.240706000
D/UDP-TIMING(17390): 6631 0 0.238139000
D/UDP-TIMING(17390): 6632 0 0.265783000
D/UDP-TIMING(17390): 6633 0 0.263156000
D/UDP-TIMING(17390): 6634 0 0.260530000
D/UDP-TIMING(17390): 6635 0 0.257950000
D/UDP-TIMING(17390): 6636 0 0.255299000
D/UDP-TIMING(17390): 6637 0 0.252673000
D/UDP-TIMING(17390): 6638 0 0.250080000
D/UDP-TIMING(17390): 6639 0 0.247406000
D/UDP-TIMING(17390): 6640 0 0.244728000
D/UDP-TIMING(17390): 6641 0 0.242051000
D/UDP-TIMING(17390): 6642 0 0.239368000
D/UDP-TIMING(17390): 6643 0 0.236735000
D/UDP-TIMING(17390): 6644 0 0.263738000
D/UDP-TIMING(17390): 6645 0 0.261113000
D/UDP-TIMING(17390): 6646 0 0.258447000
D/UDP-TIMING(17390): 6647 0 0.255791000
D/UDP-TIMING(17390): 6648 0 0.253162000
D/UDP-TIMING(17390): 6649 0 0.250533000
D/UDP-TIMING(17390): 6650 0 0.247917000
D/UDP-TIMING(17390): 6651 0 0.275522000
D/UDP-TIMING(17390): 6652 0 0.272930000
D/UDP-TIMING(17390): 6653 0 0.270316000
D/UDP-TIMING(17390): 6654 0 0.267713000
D/UDP-TIMING(17390): 6655 0 0.265099000
D/UDP-TIMING(17390): 6656 0 0.262472000
D/UDP-TIMING(17390): 6657 0 0.259876000
D/UDP-TIMING(17390): 6658 0 0.257252000
D/UDP-TIMING(17390): 6659 0 0.254630000
D/UDP-TIMING(17390): 6660 0 0.252005000
D/UDP-TIMING(17390): 6661 0 0.249387000
D/UDP-TIMING(17390): 6662 0 0.246765000
D/UDP-TIMING(17390): 6663 0 0.244171000
D/UDP-TIMING(17390): 6664 0 0.271087000
D/UDP-TIMING(17390): 6665 0 0.268463000
E/TrafficStats(16531): [QCTMM]tryAll index=0
E/TrafficStats(16531): [QCTMM]tryAll index=1
E/TrafficStats(16531): [QCTMM]tryAll index=2
E/TrafficStats(16531): [QCTMM]tryAll index=0
E/TrafficStats(16531): [QCTMM]tryAll index=1
E/TrafficStats(16531): [QCTMM]tryAll index=2
E/TrafficStats(16531): [QCTMM]tryAll index=0
E/TrafficStats(16531): [QCTMM]tryAll index=1
E/TrafficStats(16531): [QCTMM]tryAll index=2
E/TrafficStats(16531): [QCTMM]tryAll index=0
E/TrafficStats(16531): [QCTMM]tryAll index=1
E/TrafficStats(16531): [QCTMM]tryAll index=2
E/TrafficStats( 1673): [QCTMM]tryAll index=0
E/TrafficStats( 1673): [QCTMM]tryAll index=1
E/TrafficStats( 1673): [QCTMM]tryAll index=2
E/TrafficStats( 1673): [QCTMM]tryAll index=0
E/TrafficStats( 1673): [QCTMM]tryAll index=1
E/TrafficStats( 1673): [QCTMM]tryAll index=2
D/DATA    ( 1860): sentSinceLastRecv=0,watchdogTrigger=10,maxindex=0
D/UDP-TIMING(17390): 6666 0 0.242223000
D/UDP-TIMING(17390): 6667 0 0.239573000
D/UDP-TIMING(17390): 6668 0 0.241204000
D/UDP-TIMING(17390): 6669 0 0.241491000
D/UDP-TIMING(17390): 6670 0 0.240403000
D/UDP-TIMING(17390): 6671 0 0.238655000
D/UDP-TIMING(17390): 6672 0 0.253022000
D/UDP-TIMING(17390): 6673 0 0.250331000
D/UDP-TIMING(17390): 6674 0 0.247657000
D/UDP-TIMING(17390): 6675 0 0.245000000
D/UDP-TIMING(17390): 6676 0 0.242327000
D/UDP-TIMING(17390): 6677 0 0.239710000
D/UDP-TIMING(17390): 6678 0 0.236986000
D/UDP-TIMING(17390): 6679 0 0.263689000
D/UDP-TIMING(17390): 6680 0 0.261113000
D/UDP-TIMING(17390): 6681 0 0.258501000
D/UDP-TIMING(17390): 6682 0 0.255891000
D/UDP-TIMING(17390): 6683 0 0.253274000
D/UDP-TIMING(17390): 6684 0 0.250663000
D/UDP-TIMING(17390): 6685 0 0.248051000
D/UDP-TIMING(17390): 6686 0 0.245461000
D/UDP-TIMING(17390): 6687 0 0.272769000
D/UDP-TIMING(17390): 6688 0 0.270183000
D/UDP-TIMING(17390): 6689 0 0.267557000
D/UDP-TIMING(17390): 6690 0 0.264927000
D/UDP-TIMING(17390): 6691 0 0.262284000
D/UDP-TIMING(17390): 6692 0 0.259604000
D/UDP-TIMING(17390): 6693 0 0.256973000
D/UDP-TIMING(17390): 6694 0 0.254303000
D/UDP-TIMING(17390): 6695 0 0.251623000
D/UDP-TIMING(17390): 6696 0 0.249035000
D/UDP-TIMING(17390): 6697 0 0.246356000
D/UDP-TIMING(17390): 6698 0 0.243677000
D/UDP-TIMING(17390): 6699 0 0.240994000
D/UDP-TIMING(17390): 6700 0 0.238404000
D/UDP-TIMING(17390): 6701 0 0.265705000
D/UDP-TIMING(17390): 6702 0 0.263092000
D/UDP-TIMING(17390): 6703 0 0.260461000
D/UDP-TIMING(17390): 6704 0 0.257850000
D/UDP-TIMING(17390): 6705 0 0.255263000
D/UDP-TIMING(17390): 6706 0 0.252612000
D/UDP-TIMING(17390): 6707 0 0.249988000
D/UDP-TIMING(17390): 6708 0 0.247403000
D/UDP-TIMING(17390): 6709 0 0.244788000
D/UDP-TIMING(17390): 6710 0 0.242186000
D/UDP-TIMING(17390): 6711 0 0.239595000
D/UDP-TIMING(17390): 6712 0 0.266941000
D/UDP-TIMING(17390): 6713 0 0.264268000
D/UDP-TIMING(17390): 6714 0 0.261666000
D/UDP-TIMING(17390): 6715 0 0.259047000
D/UDP-TIMING(17390): 6716 0 0.256434000
D/UDP-TIMING(17390): 6717 0 0.253829000
D/UDP-TIMING(17390): 6718 0 0.251231000
D/UDP-TIMING(17390): 6719 0 0.248599000
D/UDP-TIMING(17390): 6720 0 0.245970000
D/UDP-TIMING(17390): 6721 0 0.243297000
D/UDP-TIMING(17390): 6722 0 0.242049000
D/UDP-TIMING(17390): 6723 0 0.239366000
D/UDP-TIMING(17390): 6724 0 0.265494000
D/UDP-TIMING(17390): 6725 0 0.262807000
D/UDP-TIMING(17390): 6726 0 0.260118000
D/UDP-TIMING(17390): 6727 0 0.257483000
D/UDP-TIMING(17390): 6728 0 0.254827000
D/UDP-TIMING(17390): 6729 0 0.252150000
D/UDP-TIMING(17390): 6730 0 0.249497000
D/UDP-TIMING(17390): 6731 0 0.246815000
D/UDP-TIMING(17390): 6732 0 0.244139000
D/UDP-TIMING(17390): 6733 0 0.241458000
D/UDP-TIMING(17390): 6734 0 0.238799000
D/UDP-TIMING(17390): 6735 0 0.265877000
D/UDP-TIMING(17390): 6736 0 0.263280000
D/UDP-TIMING(17390): 6737 0 0.260604000
D/UDP-TIMING(17390): 6738 0 0.257924000
D/UDP-TIMING(17390): 6739 0 0.255241000
D/UDP-TIMING(17390): 6740 0 0.252555000
D/UDP-TIMING(17390): 6741 0 0.249903000
D/UDP-TIMING(17390): 6742 0 0.247219000
D/UDP-TIMING(17390): 6743 0 0.244541000
D/UDP-TIMING(17390): 6744 0 0.272117000
D/UDP-TIMING(17390): 6745 0 0.269512000
D/UDP-TIMING(17390): 6746 0 0.266909000
D/UDP-TIMING(17390): 6747 0 0.264301000
D/UDP-TIMING(17390): 6748 0 0.261708000
D/UDP-TIMING(17390): 6749 0 0.259106000
D/UDP-TIMING(17390): 6750 0 0.256487000
D/UDP-TIMING(17390): 6751 0 0.253886000
D/UDP-TIMING(17390): 6752 0 0.251269000
D/UDP-TIMING(17390): 6753 0 0.248640000
D/UDP-TIMING(17390): 6754 0 0.246018000
D/UDP-TIMING(17390): 6755 0 0.243421000
D/UDP-TIMING(17390): 6756 0 0.240794000
D/UDP-TIMING(17390): 6757 0 0.238184000
D/UDP-TIMING(17390): 6758 0 0.265222000
D/UDP-TIMING(17390): 6759 0 0.262626000
D/UDP-TIMING(17390): 6760 0 0.260005000
D/UDP-TIMING(17390): 6761 0 0.257371000
D/UDP-TIMING(17390): 6762 0 0.254740000
D/UDP-TIMING(17390): 6763 0 0.252111000
D/UDP-TIMING(17390): 6764 0 0.249510000
D/UDP-TIMING(17390): 6765 0 0.246874000
D/UDP-TIMING(17390): 6766 0 0.244246000
E/TrafficStats( 1673): [QCTMM]tryAll index=0
E/TrafficStats( 1673): [QCTMM]tryAll index=1
E/TrafficStats( 1673): [QCTMM]tryAll index=2
E/TrafficStats( 1673): [QCTMM]tryAll index=0
E/TrafficStats( 1673): [QCTMM]tryAll index=1
E/TrafficStats( 1673): [QCTMM]tryAll index=2
D/DATA    ( 1860): sentSinceLastRecv=0,watchdogTrigger=10,maxindex=0
D/UDP-TIMING(17390): 6767 0 0.241730000
D/UDP-TIMING(17390): 6768 0 0.239142000
D/UDP-TIMING(17390): 6769 0 0.259019000
D/UDP-TIMING(17390): 6770 0 0.256392000
D/UDP-TIMING(17390): 6771 0 0.253793000
D/UDP-TIMING(17390): 6772 0 0.251166000
D/UDP-TIMING(17390): 6773 0 0.248539000
D/UDP-TIMING(17390): 6774 0 0.249492000
D/UDP-TIMING(17390): 6775 0 0.246876000
D/UDP-TIMING(17390): 6776 0 0.244256000
D/UDP-TIMING(17390): 6777 0 0.241622000
D/UDP-TIMING(17390): 6778 0 0.239445000
D/UDP-TIMING(17390): 6779 0 0.237561000
D/UDP-TIMING(17390): 6780 0 0.259861000
D/UDP-TIMING(17390): 6781 0 0.257242000
D/UDP-TIMING(17390): 6782 0 0.254620000
D/UDP-TIMING(17390): 6783 0 0.252007000
D/UDP-TIMING(17390): 6784 0 0.249127000
D/UDP-TIMING(17390): 6785 0 0.246546000
D/UDP-TIMING(17390): 6786 0 0.243941000
D/UDP-TIMING(17390): 6787 0 0.241321000
D/UDP-TIMING(17390): 6788 0 0.238642000
D/UDP-TIMING(17390): 6789 0 0.266220000
D/UDP-TIMING(17390): 6790 0 0.263606000
D/UDP-TIMING(17390): 6791 0 0.260995000
D/UDP-TIMING(17390): 6792 0 0.258398000
D/UDP-TIMING(17390): 6793 0 0.255769000
D/UDP-TIMING(17390): 6794 0 0.253143000
D/UDP-TIMING(17390): 6795 0 0.250516000
D/UDP-TIMING(17390): 6796 0 0.247873000
D/UDP-TIMING(17390): 6797 0 0.245260000
D/UDP-TIMING(17390): 6798 0 0.242674000
D/UDP-TIMING(17390): 6799 0 0.240058000
D/UDP-TIMING(17390): 6800 0 0.237449000
D/UDP-TIMING(17390): 6801 0 0.264489000
D/UDP-TIMING(17390): 6802 0 0.261866000
D/UDP-TIMING(17390): 6803 0 0.259189000
D/UDP-TIMING(17390): 6804 0 0.256529000
D/UDP-TIMING(17390): 6805 0 0.253911000
D/UDP-TIMING(17390): 6806 0 0.251349000
D/UDP-TIMING(17390): 6807 0 0.248759000
D/UDP-TIMING(17390): 6808 0 0.246168000
D/UDP-TIMING(17390): 6809 0 0.243598000
D/UDP-TIMING(17390): 6810 0 0.241008000
D/UDP-TIMING(17390): 6811 0 0.238372000
D/UDP-TIMING(17390): 6812 0 0.265977000
D/UDP-TIMING(17390): 6813 0 0.263351000
D/UDP-TIMING(17390): 6814 0 0.260684000
D/UDP-TIMING(17390): 6815 0 0.258060000
D/UDP-TIMING(17390): 6816 0 0.255445000
D/UDP-TIMING(17390): 6817 0 0.252805000
D/UDP-TIMING(17390): 6818 0 0.250126000
D/UDP-TIMING(17390): 6819 0 0.247500000
D/UDP-TIMING(17390): 6820 0 0.244826000
D/UDP-TIMING(17390): 6821 0 0.242149000
D/UDP-TIMING(17390): 6822 0 0.239466000
D/UDP-TIMING(17390): 6823 0 0.266787000
D/UDP-TIMING(17390): 6824 0 0.264093000
D/UDP-TIMING(17390): 6825 0 0.261439000
D/UDP-TIMING(17390): 6826 0 0.258850000
D/UDP-TIMING(17390): 6827 0 0.256177000
D/UDP-TIMING(17390): 6828 0 0.253518000
D/UDP-TIMING(17390): 6829 0 0.250848000
D/UDP-TIMING(17390): 6830 0 0.248170000
D/UDP-TIMING(17390): 6831 0 0.245520000
D/UDP-TIMING(17390): 6832 0 0.242840000
D/UDP-TIMING(17390): 6833 0 0.240182000
D/UDP-TIMING(17390): 6834 0 0.237503000
D/UDP-TIMING(17390): 6835 0 0.264762000
D/UDP-TIMING(17390): 6836 0 0.262116000
D/UDP-TIMING(17390): 6837 0 0.259441000
D/UDP-TIMING(17390): 6838 0 0.256824000
D/UDP-TIMING(17390): 6839 0 0.254144000
D/UDP-TIMING(17390): 6840 0 0.251524000
D/UDP-TIMING(17390): 6841 0 0.248918000
D/UDP-TIMING(17390): 6842 0 0.246298000
D/UDP-TIMING(17390): 6843 0 0.243627000
D/UDP-TIMING(17390): 6844 0 0.240956000
D/UDP-TIMING(17390): 6845 0 0.238368000
D/UDP-TIMING(17390): 6846 0 0.265270000
D/UDP-TIMING(17390): 6847 0 0.262651000
D/UDP-TIMING(17390): 6848 0 0.260004000
D/UDP-TIMING(17390): 6849 0 0.257341000
D/UDP-TIMING(17390): 6850 0 0.254717000
D/UDP-TIMING(17390): 6851 0 0.252057000
D/UDP-TIMING(17390): 6852 0 0.249395000
D/UDP-TIMING(17390): 6853 0 0.246716000
D/UDP-TIMING(17390): 6854 0 0.244032000
D/UDP-TIMING(17390): 6855 0 0.241349000
D/UDP-TIMING(17390): 6856 0 0.238700000
D/UDP-TIMING(17390): 6857 0 0.266323000
D/UDP-TIMING(17390): 6858 0 0.263647000
D/UDP-TIMING(17390): 6859 0 0.261002000
D/UDP-TIMING(17390): 6860 0 0.258325000
D/UDP-TIMING(17390): 6861 0 0.255648000
D/UDP-TIMING(17390): 6862 0 0.252968000
D/UDP-TIMING(17390): 6863 0 0.250287000
D/UDP-TIMING(17390): 6864 0 0.247610000
D/UDP-TIMING(17390): 6865 0 0.244961000
D/UDP-TIMING(17390): 6866 0 0.242285000
D/UDP-TIMING(17390): 6867 0 0.269118000
E/TrafficStats( 1673): [QCTMM]tryAll index=0
E/TrafficStats( 1673): [QCTMM]tryAll index=1
E/TrafficStats( 1673): [QCTMM]tryAll index=2
E/TrafficStats( 1673): [QCTMM]tryAll index=0
E/TrafficStats( 1673): [QCTMM]tryAll index=1
E/TrafficStats( 1673): [QCTMM]tryAll index=2
D/DATA    ( 1860): sentSinceLastRecv=0,watchdogTrigger=10,maxindex=0
D/UDP-TIMING(17390): 6868 0 0.243065000
D/UDP-TIMING(17390): 6869 0 0.240481000
D/UDP-TIMING(17390): 6870 0 0.240796000
D/UDP-TIMING(17390): 6871 0 0.241479000
D/UDP-TIMING(17390): 6872 0 0.240163000
D/UDP-TIMING(17390): 6873 0 0.257047000
D/UDP-TIMING(17390): 6874 0 0.254442000
D/UDP-TIMING(17390): 6875 0 0.251858000
D/UDP-TIMING(17390): 6876 0 0.249247000
D/UDP-TIMING(17390): 6877 0 0.246662000
D/UDP-TIMING(17390): 6878 0 0.244048000
D/UDP-TIMING(17390): 6879 0 0.241439000
D/UDP-TIMING(17390): 6880 0 0.238830000
D/UDP-TIMING(17390): 6881 0 0.265059000
D/UDP-TIMING(17390): 6882 0 0.262482000
D/UDP-TIMING(17390): 6883 0 0.259860000
D/UDP-TIMING(17390): 6884 0 0.257244000
D/UDP-TIMING(17390): 6885 0 0.254635000
D/UDP-TIMING(17390): 6886 0 0.252013000
D/UDP-TIMING(17390): 6887 0 0.249433000
D/UDP-TIMING(17390): 6888 0 0.246817000
D/UDP-TIMING(17390): 6889 0 0.244206000
D/UDP-TIMING(17390): 6890 0 0.241600000
D/UDP-TIMING(17390): 6891 0 0.238973000
D/UDP-TIMING(17390): 6892 0 0.266552000
D/UDP-TIMING(17390): 6893 0 0.263958000
D/UDP-TIMING(17390): 6894 0 0.261331000
D/UDP-TIMING(17390): 6895 0 0.258668000
D/UDP-TIMING(17390): 6896 0 0.256033000
D/UDP-TIMING(17390): 6897 0 0.253405000
D/UDP-TIMING(17390): 6898 0 0.250728000
D/UDP-TIMING(17390): 6899 0 0.248077000
D/UDP-TIMING(17390): 6900 0 0.245394000
D/UDP-TIMING(17390): 6901 0 0.242706000
D/UDP-TIMING(17390): 6902 0 0.240045000
D/UDP-TIMING(17390): 6903 0 0.237332000
D/UDP-TIMING(17390): 6904 0 0.264353000
D/UDP-TIMING(17390): 6905 0 0.261691000
D/UDP-TIMING(17390): 6906 0 0.259054000
D/UDP-TIMING(17390): 6907 0 0.256455000
D/UDP-TIMING(17390): 6908 0 0.253866000
D/UDP-TIMING(17390): 6909 0 0.251257000
D/UDP-TIMING(17390): 6910 0 0.248657000
D/UDP-TIMING(17390): 6911 0 0.276063000
D/UDP-TIMING(17390): 6912 0 0.273399000
D/UDP-TIMING(17390): 6913 0 0.270747000
D/UDP-TIMING(17390): 6914 0 0.268078000
D/UDP-TIMING(17390): 6915 0 0.265395000
D/UDP-TIMING(17390): 6916 0 0.262722000
D/UDP-TIMING(17390): 6917 0 0.260052000
D/UDP-TIMING(17390): 6918 0 0.257430000
D/UDP-TIMING(17390): 6919 0 0.254795000
D/UDP-TIMING(17390): 6920 0 0.252122000
D/UDP-TIMING(17390): 6921 0 0.249456000
D/UDP-TIMING(17390): 6922 0 0.246794000
D/UDP-TIMING(17390): 6923 0 0.244112000
D/UDP-TIMING(17390): 6924 0 0.241518000
D/UDP-TIMING(17390): 6925 0 0.238881000
D/UDP-TIMING(17390): 6926 0 0.236259000
D/UDP-TIMING(17390): 6927 0 0.263777000
D/UDP-TIMING(17390): 6928 0 0.261098000
D/UDP-TIMING(17390): 6929 0 0.258417000
D/UDP-TIMING(17390): 6930 0 0.255747000
D/UDP-TIMING(17390): 6931 0 0.253107000
D/UDP-TIMING(17390): 6932 0 0.250447000
D/UDP-TIMING(17390): 6933 0 0.247766000
D/UDP-TIMING(17390): 6934 0 0.245078000
D/UDP-TIMING(17390): 6935 0 0.242413000
D/UDP-TIMING(17390): 6936 0 0.239730000
D/UDP-TIMING(17390): 6937 0 0.237151000
D/UDP-TIMING(17390): 6938 0 0.263582000
D/UDP-TIMING(17390): 6939 0 0.260916000
D/UDP-TIMING(17390): 6940 0 0.258263000
D/UDP-TIMING(17390): 6941 0 0.255594000
D/UDP-TIMING(17390): 6942 0 0.252913000
D/UDP-TIMING(17390): 6943 0 0.250227000
D/UDP-TIMING(17390): 6944 0 0.247554000
D/UDP-TIMING(17390): 6945 0 0.244920000
D/UDP-TIMING(17390): 6946 0 0.242295000
D/UDP-TIMING(17390): 6947 0 0.239699000
D/UDP-TIMING(17390): 6948 0 0.237075000
D/UDP-TIMING(17390): 6949 0 0.264454000
D/UDP-TIMING(17390): 6950 0 0.261799000
D/UDP-TIMING(17390): 6951 0 0.259148000
D/UDP-TIMING(17390): 6952 0 0.256509000
D/UDP-TIMING(17390): 6953 0 0.253830000
D/UDP-TIMING(17390): 6954 0 0.251151000
D/UDP-TIMING(17390): 6955 0 0.248471000
D/UDP-TIMING(17390): 6956 0 0.245789000
D/UDP-TIMING(17390): 6957 0 0.243135000
D/UDP-TIMING(17390): 6958 0 0.240449000
D/UDP-TIMING(17390): 6959 0 0.237815000
D/UDP-TIMING(17390): 6960 0 0.265101000
D/UDP-TIMING(17390): 6961 0 0.262420000
D/UDP-TIMING(17390): 6962 0 0.259740000
D/UDP-TIMING(17390): 6963 0 0.257059000
D/UDP-TIMING(17390): 6964 0 0.254377000
D/UDP-TIMING(17390): 6965 0 0.251693000
D/UDP-TIMING(17390): 6966 0 0.249011000
D/UDP-TIMING(17390): 6967 0 0.246330000
D/UDP-TIMING(17390): 6968 0 0.243644000
E/TrafficStats( 1673): [QCTMM]tryAll index=0
E/TrafficStats( 1673): [QCTMM]tryAll index=1
E/TrafficStats( 1673): [QCTMM]tryAll index=2
E/TrafficStats( 1673): [QCTMM]tryAll index=0
E/TrafficStats( 1673): [QCTMM]tryAll index=1
E/TrafficStats( 1673): [QCTMM]tryAll index=2
D/DATA    ( 1860): sentSinceLastRecv=0,watchdogTrigger=10,maxindex=0
D/UDP-TIMING(17390): 6969 0 0.241599000
D/UDP-TIMING(17390): 6970 0 0.238968000
D/UDP-TIMING(17390): 6971 0 0.258913000
D/UDP-TIMING(17390): 6972 0 0.256266000
D/UDP-TIMING(17390): 6973 0 0.253593000
D/UDP-TIMING(17390): 6974 0 0.250910000
D/UDP-TIMING(17390): 6975 0 0.248316000
D/UDP-TIMING(17390): 6976 0 0.245658000
D/UDP-TIMING(17390): 6977 0 0.243017000
D/UDP-TIMING(17390): 6978 0 0.240358000
D/UDP-TIMING(17390): 6979 0 0.237687000
D/UDP-TIMING(17390): 6980 0 0.264738000
D/UDP-TIMING(17390): 6981 0 0.262101000
D/UDP-TIMING(17390): 6982 0 0.259408000
D/UDP-TIMING(17390): 6983 0 0.256782000
D/UDP-TIMING(17390): 6984 0 0.254179000
D/UDP-TIMING(17390): 6985 0 0.251548000
D/UDP-TIMING(17390): 6986 0 0.248963000
D/UDP-TIMING(17390): 6987 0 0.246346000
D/UDP-TIMING(17390): 6988 0 0.243671000
D/UDP-TIMING(17390): 6989 0 0.241003000
D/UDP-TIMING(17390): 6990 0 0.238331000
D/UDP-TIMING(17390): 6991 0 0.265918000
D/UDP-TIMING(17390): 6992 0 0.263278000
D/UDP-TIMING(17390): 6993 0 0.260665000
D/UDP-TIMING(17390): 6994 0 0.258028000
D/UDP-TIMING(17390): 6995 0 0.255342000
D/UDP-TIMING(17390): 6996 0 0.252659000
D/UDP-TIMING(17390): 6997 0 0.249979000
D/UDP-TIMING(17390): 6998 0 0.247303000
D/UDP-TIMING(17390): 6999 0 0.244666000
D/UDP-TIMING(17390): 7000 0 0.241997000
D/UDP-TIMING(17390): 7001 0 0.239312000
D/UDP-TIMING(17390): 7002 0 0.266329000
D/UDP-TIMING(17390): 7003 0 0.263669000
D/UDP-TIMING(17390): 7004 0 0.260981000
D/UDP-TIMING(17390): 7005 0 0.258338000
D/UDP-TIMING(17390): 7006 0 0.255744000
D/UDP-TIMING(17390): 7007 0 0.253107000
D/UDP-TIMING(17390): 7008 0 0.250435000
D/UDP-TIMING(17390): 7009 0 0.247782000
D/UDP-TIMING(17390): 7010 0 0.245112000
D/UDP-TIMING(17390): 7011 0 0.242441000
D/UDP-TIMING(17390): 7012 0 0.239776000
D/UDP-TIMING(17390): 7013 0 0.238079000
D/UDP-TIMING(17390): 7014 0 0.264861000
D/UDP-TIMING(17390): 7015 0 0.262193000
D/UDP-TIMING(17390): 7016 0 0.259463000
D/UDP-TIMING(17390): 7017 0 0.256786000
D/UDP-TIMING(17390): 7018 0 0.254147000
D/UDP-TIMING(17390): 7019 0 0.251504000
D/UDP-TIMING(17390): 7020 0 0.248874000
D/UDP-TIMING(17390): 7021 0 0.246259000
D/UDP-TIMING(17390): 7022 0 0.243634000
D/UDP-TIMING(17390): 7023 0 0.241040000
D/UDP-TIMING(17390): 7024 0 0.238366000
D/UDP-TIMING(17390): 7025 0 0.265138000
D/UDP-TIMING(17390): 7026 0 0.262461000
D/UDP-TIMING(17390): 7027 0 0.259814000
D/UDP-TIMING(17390): 7028 0 0.257136000
D/UDP-TIMING(17390): 7029 0 0.254458000
D/UDP-TIMING(17390): 7030 0 0.251779000
D/UDP-TIMING(17390): 7031 0 0.249097000
D/UDP-TIMING(17390): 7032 0 0.276765000
D/UDP-TIMING(17390): 7033 0 0.274083000
D/UDP-TIMING(17390): 7034 0 0.271414000
D/UDP-TIMING(17390): 7035 0 0.268736000
D/UDP-TIMING(17390): 7036 0 0.266056000
D/UDP-TIMING(17390): 7037 0 0.263466000
D/UDP-TIMING(17390): 7038 0 0.260839000
D/UDP-TIMING(17390): 7039 0 0.258222000
D/UDP-TIMING(17390): 7040 0 0.255601000
D/UDP-TIMING(17390): 7041 0 0.252869000
D/UDP-TIMING(17390): 7042 0 0.250265000
D/UDP-TIMING(17390): 7043 0 0.247696000
D/UDP-TIMING(17390): 7044 0 0.245075000
D/UDP-TIMING(17390): 7045 0 0.271995000
D/UDP-TIMING(17390): 7046 0 0.269362000
D/UDP-TIMING(17390): 7047 0 0.266793000
D/UDP-TIMING(17390): 7048 0 0.264155000
D/UDP-TIMING(17390): 7049 0 0.261516000
D/UDP-TIMING(17390): 7050 0 0.258897000
D/UDP-TIMING(17390): 7051 0 0.256226000
D/UDP-TIMING(17390): 7052 0 0.253550000
D/UDP-TIMING(17390): 7053 0 0.250956000
D/UDP-TIMING(17390): 7054 0 0.248274000
D/UDP-TIMING(17390): 7055 0 0.245588000
D/UDP-TIMING(17390): 7056 0 0.242897000
D/UDP-TIMING(17390): 7057 0 0.240230000
D/UDP-TIMING(17390): 7058 0 0.237620000
D/UDP-TIMING(17390): 7059 0 0.265292000
D/UDP-TIMING(17390): 7060 0 0.262612000
D/UDP-TIMING(17390): 7061 0 0.259932000
D/UDP-TIMING(17390): 7062 0 0.257300000
D/UDP-TIMING(17390): 7063 0 0.254621000
D/UDP-TIMING(17390): 7064 0 0.251941000
D/UDP-TIMING(17390): 7065 0 0.249290000
D/UDP-TIMING(17390): 7066 0 0.246609000
D/UDP-TIMING(17390): 7067 0 0.243941000
D/UDP-TIMING(17390): 7068 0 0.241262000
D/UDP-TIMING(17390): 7069 0 0.238579000
E/TrafficStats( 1673): [QCTMM]tryAll index=0
E/TrafficStats( 1673): [QCTMM]tryAll index=1
E/TrafficStats( 1673): [QCTMM]tryAll index=2
E/TrafficStats( 1673): [QCTMM]tryAll index=0
E/TrafficStats( 1673): [QCTMM]tryAll index=1
E/TrafficStats( 1673): [QCTMM]tryAll index=2
D/DATA    ( 1860): sentSinceLastRecv=0,watchdogTrigger=10,maxindex=0
D/UDP-TIMING(17390): 7070 0 0.242915000
D/UDP-TIMING(17390): 7071 0 0.240320000
D/UDP-TIMING(17390): 7072 0 0.262758000
D/UDP-TIMING(17390): 7073 0 0.260130000
D/UDP-TIMING(17390): 7074 0 0.257519000
D/UDP-TIMING(17390): 7075 0 0.254912000
D/UDP-TIMING(17390): 7076 0 0.252320000
D/UDP-TIMING(17390): 7077 0 0.249711000
D/UDP-TIMING(17390): 7078 0 0.247092000
D/UDP-TIMING(17390): 7079 0 0.244480000
D/UDP-TIMING(17390): 7080 0 0.241861000
D/UDP-TIMING(17390): 7081 0 0.239276000
D/UDP-TIMING(17390): 7082 0 0.266877000
D/UDP-TIMING(17390): 7083 0 0.264295000
D/UDP-TIMING(17390): 7084 0 0.261672000
D/UDP-TIMING(17390): 7085 0 0.259095000
D/UDP-TIMING(17390): 7086 0 0.256493000
D/UDP-TIMING(17390): 7087 0 0.253870000
D/UDP-TIMING(17390): 7088 0 0.251272000
D/UDP-TIMING(17390): 7089 0 0.248646000
D/UDP-TIMING(17390): 7090 0 0.246032000
D/UDP-TIMING(17390): 7091 0 0.243424000
D/UDP-TIMING(17390): 7092 0 0.240812000
D/UDP-TIMING(17390): 7093 0 0.238229000
D/UDP-TIMING(17390): 7094 0 0.265233000
D/UDP-TIMING(17390): 7095 0 0.262598000
D/UDP-TIMING(17390): 7096 0 0.259919000
D/UDP-TIMING(17390): 7097 0 0.257274000
D/UDP-TIMING(17390): 7098 0 0.254611000
D/UDP-TIMING(17390): 7099 0 0.251992000
D/UDP-TIMING(17390): 7100 0 0.249277000
D/UDP-TIMING(17390): 7101 0 0.246621000
D/UDP-TIMING(17390): 7102 0 0.243966000
D/UDP-TIMING(17390): 7103 0 0.241346000
D/UDP-TIMING(17390): 7104 0 0.238652000
D/UDP-TIMING(17390): 7105 0 0.236042000
D/UDP-TIMING(17390): 7106 0 0.263743000
D/UDP-TIMING(17390): 7107 0 0.261143000
D/UDP-TIMING(17390): 7108 0 0.258521000
D/UDP-TIMING(17390): 7109 0 0.255896000
D/UDP-TIMING(17390): 7110 0 0.253306000
D/UDP-TIMING(17390): 7111 0 0.250681000
D/UDP-TIMING(17390): 7112 0 0.248011000
D/UDP-TIMING(17390): 7113 0 0.245328000
D/UDP-TIMING(17390): 7114 0 0.242646000
D/UDP-TIMING(17390): 7115 0 0.240002000
D/UDP-TIMING(17390): 7116 0 0.237341000
D/UDP-TIMING(17390): 7117 0 0.264324000
D/UDP-TIMING(17390): 7118 0 0.261674000
D/UDP-TIMING(17390): 7119 0 0.258962000
D/UDP-TIMING(17390): 7120 0 0.256285000
D/UDP-TIMING(17390): 7121 0 0.253607000
D/UDP-TIMING(17390): 7122 0 0.250951000
D/UDP-TIMING(17390): 7123 0 0.248270000
D/UDP-TIMING(17390): 7124 0 0.245614000
D/UDP-TIMING(17390): 7125 0 0.242931000
D/UDP-TIMING(17390): 7126 0 0.240245000
D/UDP-TIMING(17390): 7127 0 0.267409000
D/UDP-TIMING(17390): 7128 0 0.264727000
D/UDP-TIMING(17390): 7129 0 0.262079000
D/UDP-TIMING(17390): 7130 0 0.259399000
D/UDP-TIMING(17390): 7131 0 0.256725000
D/UDP-TIMING(17390): 7132 0 0.254061000
D/UDP-TIMING(17390): 7133 0 0.251383000
D/UDP-TIMING(17390): 7134 0 0.248706000
D/UDP-TIMING(17390): 7135 0 0.246094000
D/UDP-TIMING(17390): 7136 0 0.243437000
D/UDP-TIMING(17390): 7137 0 0.240834000
D/UDP-TIMING(17390): 7138 0 0.238231000
D/UDP-TIMING(17390): 7139 0 0.265887000
D/UDP-TIMING(17390): 7140 0 0.263277000
D/UDP-TIMING(17390): 7141 0 0.260674000
D/UDP-TIMING(17390): 7142 0 0.258067000
D/UDP-TIMING(17390): 7143 0 0.255465000
D/UDP-TIMING(17390): 7144 0 0.252866000
D/UDP-TIMING(17390): 7145 0 0.250190000
D/UDP-TIMING(17390): 7146 0 0.247510000
D/UDP-TIMING(17390): 7147 0 0.244825000
D/UDP-TIMING(17390): 7148 0 0.242173000
D/UDP-TIMING(17390): 7149 0 0.239491000
D/UDP-TIMING(17390): 7150 0 0.266445000
D/UDP-TIMING(17390): 7151 0 0.263762000
D/UDP-TIMING(17390): 7152 0 0.261109000
D/UDP-TIMING(17390): 7153 0 0.258490000
D/UDP-TIMING(17390): 7154 0 0.255818000
D/UDP-TIMING(17390): 7155 0 0.253139000
D/UDP-TIMING(17390): 7156 0 0.250460000
D/UDP-TIMING(17390): 7157 0 0.247813000
D/UDP-TIMING(17390): 7158 0 0.245135000
D/UDP-TIMING(17390): 7159 0 0.242451000
D/UDP-TIMING(17390): 7160 0 0.239769000
D/UDP-TIMING(17390): 7161 0 0.237136000
D/StatusBarPolicy( 1816): iconIndex=1
D/UDP-TIMING(17390): 7162 0 0.263911000
D/UDP-TIMING(17390): 7163 0 0.261283000
D/UDP-TIMING(17390): 7164 0 0.258590000
D/UDP-TIMING(17390): 7165 0 0.255956000
D/UDP-TIMING(17390): 7166 0 0.253369000
D/UDP-TIMING(17390): 7167 0 0.250743000
D/UDP-TIMING(17390): 7168 0 0.248065000
D/UDP-TIMING(17390): 7169 0 0.245376000
D/UDP-TIMING(17390): 7170 0 0.242692000
V/StatusBarPolicy( 1816): cdmaLevel:3;max:4
D/StatusBarPolicy( 1816): iconLevel:3
I/PhoneInfo( 2188): getCdmaLevel - cdmaDbm: -71 cdmaEcio:-90
I/PhoneInfo( 2188): getEvdoLevel - evdoDbm: -120 evdoSnr:-1 evdoEcio:-1
I/PhoneInfo( 2188): getLteLevel - lteRsrp: -1 lteCqi:-1
E/TrafficStats( 1673): [QCTMM]tryAll index=0
E/TrafficStats( 1673): [QCTMM]tryAll index=1
E/TrafficStats( 1673): [QCTMM]tryAll index=2
E/TrafficStats( 1673): [QCTMM]tryAll index=0
E/TrafficStats( 1673): [QCTMM]tryAll index=1
E/TrafficStats( 1673): [QCTMM]tryAll index=2
D/DATA    ( 1860): sentSinceLastRecv=0,watchdogTrigger=10,maxindex=0
D/UDP-TIMING(17390): 7171 0 0.241527000
D/UDP-TIMING(17390): 7172 0 0.238842000
D/UDP-TIMING(17390): 7173 0 0.257526000
D/UDP-TIMING(17390): 7174 0 0.254875000
D/UDP-TIMING(17390): 7175 0 0.252242000
D/UDP-TIMING(17390): 7176 0 0.249565000
D/UDP-TIMING(17390): 7177 0 0.246912000
D/UDP-TIMING(17390): 7178 0 0.244227000
D/UDP-TIMING(17390): 7179 0 0.241591000
D/UDP-TIMING(17390): 7180 0 0.238909000
D/UDP-TIMING(17390): 7181 0 0.266566000
D/UDP-TIMING(17390): 7182 0 0.263897000
D/UDP-TIMING(17390): 7183 0 0.261219000
D/UDP-TIMING(17390): 7184 0 0.258589000
D/UDP-TIMING(17390): 7185 0 0.255974000
D/UDP-TIMING(17390): 7186 0 0.253320000
D/UDP-TIMING(17390): 7187 0 0.250644000
D/UDP-TIMING(17390): 7188 0 0.247980000
D/UDP-TIMING(17390): 7189 0 0.245341000
D/UDP-TIMING(17390): 7190 0 0.242676000
D/UDP-TIMING(17390): 7191 0 0.240007000
D/UDP-TIMING(17390): 7192 0 0.237387000
D/UDP-TIMING(17390): 7193 0 0.264342000
D/UDP-TIMING(17390): 7194 0 0.261698000
D/UDP-TIMING(17390): 7195 0 0.259004000
D/UDP-TIMING(17390): 7196 0 0.256313000
D/UDP-TIMING(17390): 7197 0 0.253680000
D/UDP-TIMING(17390): 7198 0 0.251069000
D/UDP-TIMING(17390): 7199 0 0.248398000
D/UDP-TIMING(17390): 7200 0 0.245763000
D/UDP-TIMING(17390): 7201 0 0.243145000
D/UDP-TIMING(17390): 7202 0 0.240485000
D/UDP-TIMING(17390): 7203 0 0.238408000
D/UDP-TIMING(17390): 7204 0 0.265480000
D/UDP-TIMING(17390): 7205 0 0.262862000
D/UDP-TIMING(17390): 7206 0 0.260188000
D/UDP-TIMING(17390): 7207 0 0.257567000
D/UDP-TIMING(17390): 7208 0 0.254894000
D/UDP-TIMING(17390): 7209 0 0.252248000
D/UDP-TIMING(17390): 7210 0 0.249524000
D/UDP-TIMING(17390): 7211 0 0.246904000
D/UDP-TIMING(17390): 7212 0 0.244278000
D/UDP-TIMING(17390): 7213 0 0.241598000
D/UDP-TIMING(17390): 7214 0 0.238861000
D/UDP-TIMING(17390): 7215 0 0.265907000
D/UDP-TIMING(17390): 7216 0 0.263229000
D/UDP-TIMING(17390): 7217 0 0.260555000
D/UDP-TIMING(17390): 7218 0 0.257935000
D/UDP-TIMING(17390): 7219 0 0.255261000
D/UDP-TIMING(17390): 7220 0 0.252615000
D/UDP-TIMING(17390): 7221 0 0.249938000
D/UDP-TIMING(17390): 7222 0 0.247231000
D/UDP-TIMING(17390): 7223 0 0.244558000
D/UDP-TIMING(17390): 7224 0 0.241875000
D/UDP-TIMING(17390): 7225 0 0.239193000
D/UDP-TIMING(17390): 7226 0 0.236603000
D/UDP-TIMING(17390): 7227 0 0.264143000
D/UDP-TIMING(17390): 7228 0 0.261465000
D/UDP-TIMING(17390): 7229 0 0.258814000
D/UDP-TIMING(17390): 7230 0 0.256140000
D/UDP-TIMING(17390): 7231 0 0.253494000
D/UDP-TIMING(17390): 7232 0 0.250864000
D/UDP-TIMING(17390): 7233 0 0.248142000
D/UDP-TIMING(17390): 7234 0 0.245481000
D/UDP-TIMING(17390): 7235 0 0.242808000
D/UDP-TIMING(17390): 7236 0 0.240139000
D/UDP-TIMING(17390): 7237 0 0.237545000
D/UDP-TIMING(17390): 7238 0 0.264691000
D/UDP-TIMING(17390): 7239 0 0.262067000
D/UDP-TIMING(17390): 7240 0 0.259488000
D/UDP-TIMING(17390): 7241 0 0.256870000
D/UDP-TIMING(17390): 7242 0 0.254196000
D/UDP-TIMING(17390): 7243 0 0.251550000
D/UDP-TIMING(17390): 7244 0 0.248872000
D/UDP-TIMING(17390): 7245 0 0.246191000
D/UDP-TIMING(17390): 7246 0 0.243515000
D/UDP-TIMING(17390): 7247 0 0.240837000
D/UDP-TIMING(17390): 7248 0 0.238152000
D/UDP-TIMING(17390): 7249 0 0.265589000
D/UDP-TIMING(17390): 7250 0 0.262938000
D/UDP-TIMING(17390): 7251 0 0.260260000
D/UDP-TIMING(17390): 7252 0 0.257582000
D/UDP-TIMING(17390): 7253 0 0.254906000
D/UDP-TIMING(17390): 7254 0 0.252229000
D/UDP-TIMING(17390): 7255 0 0.249569000
D/UDP-TIMING(17390): 7256 0 0.246896000
D/UDP-TIMING(17390): 7257 0 0.244226000
D/UDP-TIMING(17390): 7258 0 0.241596000
D/UDP-TIMING(17390): 7259 0 0.238926000
D/UDP-TIMING(17390): 7260 0 0.265848000
D/UDP-TIMING(17390): 7261 0 0.263198000
D/UDP-TIMING(17390): 7262 0 0.260522000
D/UDP-TIMING(17390): 7263 0 0.257889000
D/UDP-TIMING(17390): 7264 0 0.255209000
D/UDP-TIMING(17390): 7265 0 0.252533000
D/UDP-TIMING(17390): 7266 0 0.249879000
D/UDP-TIMING(17390): 7267 0 0.247204000
D/UDP-TIMING(17390): 7268 0 0.244530000
D/UDP-TIMING(17390): 7269 0 0.241847000
D/UDP-TIMING(17390): 7270 0 0.239163000
D/UDP-TIMING(17390): 7271 0 0.266742000
E/TrafficStats(16531): [QCTMM]tryAll index=0
E/TrafficStats(16531): [QCTMM]tryAll index=1
E/TrafficStats(16531): [QCTMM]tryAll index=2
E/TrafficStats(16531): [QCTMM]tryAll index=0
E/TrafficStats(16531): [QCTMM]tryAll index=1
E/TrafficStats(16531): [QCTMM]tryAll index=2
E/TrafficStats(16531): [QCTMM]tryAll index=0
E/TrafficStats(16531): [QCTMM]tryAll index=1
E/TrafficStats(16531): [QCTMM]tryAll index=2
E/TrafficStats(16531): [QCTMM]tryAll index=0
E/TrafficStats(16531): [QCTMM]tryAll index=1
E/TrafficStats(16531): [QCTMM]tryAll index=2
D/Database(16531): dbopen(): path = /data/data/com.onavo.android.onavoid/databases/ui_events, flag = 6, file size = 14059520
D/Database(16531): dbopen(): path = /data/data/com.onavo.android.onavoid/databases/ui_events, mode: wal, disk free size: 2000 M, handle: 0x37d3a8
D/Database(16531): dbclose(): path = /data/data/com.onavo.android.onavoid/databases/ui_events, handle = 0x37d3a8
E/TrafficStats( 1673): [QCTMM]tryAll index=0
E/TrafficStats( 1673): [QCTMM]tryAll index=1
E/TrafficStats( 1673): [QCTMM]tryAll index=2
E/TrafficStats( 1673): [QCTMM]tryAll index=0
E/TrafficStats( 1673): [QCTMM]tryAll index=1
E/TrafficStats( 1673): [QCTMM]tryAll index=2
D/DATA    ( 1860): sentSinceLastRecv=0,watchdogTrigger=10,maxindex=0
D/UDP-TIMING(17390): 7272 0 0.244130000
D/UDP-TIMING(17390): 7273 0 0.241447000
D/UDP-TIMING(17390): 7274 0 0.238771000
D/UDP-TIMING(17390): 7275 0 0.237158000
D/UDP-TIMING(17390): 7276 0 0.255712000
D/UDP-TIMING(17390): 7277 0 0.253067000
D/UDP-TIMING(17390): 7278 0 0.250480000
D/UDP-TIMING(17390): 7279 0 0.247869000
D/UDP-TIMING(17390): 7280 0 0.245199000
D/UDP-TIMING(17390): 7281 0 0.242574000
D/UDP-TIMING(17390): 7282 0 0.239981000
D/UDP-TIMING(17390): 7283 0 0.237387000
D/UDP-TIMING(17390): 7284 0 0.265069000
D/UDP-TIMING(17390): 7285 0 0.262452000
D/UDP-TIMING(17390): 7286 0 0.259828000
D/UDP-TIMING(17390): 7287 0 0.257194000
D/UDP-TIMING(17390): 7288 0 0.254588000
D/UDP-TIMING(17390): 7289 0 0.252017000
D/UDP-TIMING(17390): 7290 0 0.249396000
D/UDP-TIMING(17390): 7291 0 0.246715000
D/UDP-TIMING(17390): 7292 0 0.244038000
D/UDP-TIMING(17390): 7293 0 0.241324000
D/UDP-TIMING(17390): 7294 0 0.238608000
D/UDP-TIMING(17390): 7295 0 0.265493000
D/UDP-TIMING(17390): 7296 0 0.262867000
D/UDP-TIMING(17390): 7297 0 0.260184000
D/UDP-TIMING(17390): 7298 0 0.257560000
D/UDP-TIMING(17390): 7299 0 0.254944000
D/UDP-TIMING(17390): 7300 0 0.252310000
D/UDP-TIMING(17390): 7301 0 0.249719000
D/UDP-TIMING(17390): 7302 0 0.247072000
D/UDP-TIMING(17390): 7303 0 0.274762000
D/UDP-TIMING(17390): 7304 0 0.272137000
D/UDP-TIMING(17390): 7305 0 0.269542000
D/UDP-TIMING(17390): 7306 0 0.266926000
D/UDP-TIMING(17390): 7307 0 0.264339000
D/UDP-TIMING(17390): 7308 0 0.261724000
D/UDP-TIMING(17390): 7309 0 0.259023000
D/UDP-TIMING(17390): 7310 0 0.256405000
D/UDP-TIMING(17390): 7311 0 0.253810000
D/UDP-TIMING(17390): 7312 0 0.251198000
D/UDP-TIMING(17390): 7313 0 0.248578000
D/UDP-TIMING(17390): 7314 0 0.245963000
D/UDP-TIMING(17390): 7315 0 0.243333000
D/UDP-TIMING(17390): 7316 0 0.240668000
D/UDP-TIMING(17390): 7317 0 0.238074000
D/UDP-TIMING(17390): 7318 0 0.265056000
D/UDP-TIMING(17390): 7319 0 0.262439000
D/UDP-TIMING(17390): 7320 0 0.259822000
D/UDP-TIMING(17390): 7321 0 0.257205000
D/UDP-TIMING(17390): 7322 0 0.254621000
D/UDP-TIMING(17390): 7323 0 0.251991000
D/UDP-TIMING(17390): 7324 0 0.249377000
D/UDP-TIMING(17390): 7325 0 0.246760000
D/UDP-TIMING(17390): 7326 0 0.244149000
D/UDP-TIMING(17390): 7327 0 0.241486000
D/UDP-TIMING(17390): 7328 0 0.238845000
D/UDP-TIMING(17390): 7329 0 0.266162000
D/UDP-TIMING(17390): 7330 0 0.263531000
D/UDP-TIMING(17390): 7331 0 0.260929000
D/UDP-TIMING(17390): 7332 0 0.258326000
D/UDP-TIMING(17390): 7333 0 0.255732000
D/UDP-TIMING(17390): 7334 0 0.253145000
D/UDP-TIMING(17390): 7335 0 0.250588000
D/UDP-TIMING(17390): 7336 0 0.247929000
D/UDP-TIMING(17390): 7337 0 0.275617000
D/UDP-TIMING(17390): 7338 0 0.273004000
D/UDP-TIMING(17390): 7339 0 0.270390000
D/UDP-TIMING(17390): 7340 0 0.267762000
D/UDP-TIMING(17390): 7341 0 0.265136000
D/UDP-TIMING(17390): 7342 0 0.262510000
D/UDP-TIMING(17390): 7343 0 0.259891000
D/UDP-TIMING(17390): 7344 0 0.257274000
D/UDP-TIMING(17390): 7345 0 0.254663000
D/UDP-TIMING(17390): 7346 0 0.252052000
D/UDP-TIMING(17390): 7347 0 0.249434000
D/UDP-TIMING(17390): 7348 0 0.246854000
D/UDP-TIMING(17390): 7349 0 0.244234000
D/UDP-TIMING(17390): 7350 0 0.241614000
D/UDP-TIMING(17390): 7351 0 0.239001000
D/UDP-TIMING(17390): 7352 0 0.265974000
D/UDP-TIMING(17390): 7353 0 0.263359000
D/UDP-TIMING(17390): 7354 0 0.260747000
D/UDP-TIMING(17390): 7355 0 0.258121000
D/UDP-TIMING(17390): 7356 0 0.255505000
D/UDP-TIMING(17390): 7357 0 0.252883000
D/UDP-TIMING(17390): 7358 0 0.250292000
D/UDP-TIMING(17390): 7359 0 0.247674000
D/UDP-TIMING(17390): 7360 0 0.275307000
D/UDP-TIMING(17390): 7361 0 0.272626000
D/UDP-TIMING(17390): 7362 0 0.269955000
D/UDP-TIMING(17390): 7363 0 0.267330000
D/UDP-TIMING(17390): 7364 0 0.264727000
D/UDP-TIMING(17390): 7365 0 0.262102000
D/UDP-TIMING(17390): 7366 0 0.259412000
D/UDP-TIMING(17390): 7367 0 0.256802000
D/UDP-TIMING(17390): 7368 0 0.254180000
D/UDP-TIMING(17390): 7369 0 0.251566000
D/UDP-TIMING(17390): 7370 0 0.248943000
D/UDP-TIMING(17390): 7371 0 0.246320000
D/UDP-TIMING(17390): 7372 0 0.243726000
E/TrafficStats( 1673): [QCTMM]tryAll index=0
E/TrafficStats( 1673): [QCTMM]tryAll index=1
E/TrafficStats( 1673): [QCTMM]tryAll index=2
E/TrafficStats( 1673): [QCTMM]tryAll index=0
E/TrafficStats( 1673): [QCTMM]tryAll index=1
E/TrafficStats( 1673): [QCTMM]tryAll index=2
D/DATA    ( 1860): sentSinceLastRecv=0,watchdogTrigger=10,maxindex=0
D/UDP-TIMING(17390): 7373 0 0.240675000
D/UDP-TIMING(17390): 7374 0 0.238051000
D/UDP-TIMING(17390): 7375 0 0.257896000
D/UDP-TIMING(17390): 7376 0 0.255282000
